Starting pure-swift relicness script
Loaded SOAP mapping for 91142867 halos
Batch mode: processing 5 halos (slice 405:410)
Building SWIFTGalaxy for subhalo 1685 (soap_index=15472932)
Read masses: Nstars=105052, sum_current=1.338670e+11 Msun
DEBUG: sample z (first valid): [1.96060716 2.79259259 2.68842864 4.67263914 3.71923382 3.38074866
 5.36828297 5.20841228 2.04960447 3.06198091]
DEBUG: Planck15 ages (Gyr): [3.348002   2.3251054  2.42298721 1.2761572  1.67990278 1.87691811
 1.07323215 1.11489231 3.20610228 2.10006949]
DEBUG: cosmo_colibre ages (Gyr): [3.34922097 2.32690566 2.42474918 1.27812846 1.68186275 1.87884677
 1.07517801 1.11684533 3.20742614 2.10194393]
DEBUG: us.look_back_time -> ages (Gyr): [3.34922098 2.32690566 2.42474918 1.27812846 1.68186275 1.87884678
 1.07517801 1.11684534 3.20742614 2.10194393]
[1/5] subhalo 1685 done; total_formed=2.264e+01
Building SWIFTGalaxy for subhalo 17805 (soap_index=15472949)
Read masses: Nstars=77654, sum_current=9.675534e+10 Msun
DEBUG: sample z (first valid): [0.50935053 0.45390008 4.76901408 9.50172262 2.71730006 2.58081084
 2.00458463 3.01691695 1.1376476  2.89724072]
DEBUG: Planck15 ages (Gyr): [8.53599201 8.95089891 1.24439198 0.50658939 2.3951864  2.53144723
 3.27662963 2.13514974 5.34321523 2.23316174]
DEBUG: cosmo_colibre ages (Gyr): [8.52717337 8.94072332 1.24636078 0.50829407 2.39695962 2.53316253
 3.27790236 2.1370139  5.34206139 2.23499465]
DEBUG: us.look_back_time -> ages (Gyr): [8.52717337 8.94072332 1.24636078 0.50829407 2.39695962 2.53316253
 3.27790236 2.1370139  5.34206139 2.23499466]
[2/5] subhalo 17805 done; total_formed=1.633e+01
Building SWIFTGalaxy for subhalo 18403 (soap_index=15472963)
Read masses: Nstars=2285901, sum_current=2.816940e+12 Msun
DEBUG: sample z (first valid): [1.49889423 2.51474847 2.10538287 0.5340824  1.46487137 1.18511603
 1.36831454 1.95606676 1.98189098 1.89240004]
DEBUG: Planck15 ages (Gyr): [4.28047551 2.60204585 3.12210048 8.36014202 4.36550175 5.18082302
 4.62218485 3.355515   3.3131465  3.46382753]
DEBUG: cosmo_colibre ages (Gyr): [4.2808006  2.60372836 3.12348269 8.35187387 4.36572706 5.17992838
 4.62208969 3.3567282  3.31439198 3.46495494]
DEBUG: us.look_back_time -> ages (Gyr): [4.28080061 2.60372836 3.1234827  8.35187387 4.36572706 5.17992838
 4.62208969 3.35672821 3.31439199 3.46495494]
[3/5] subhalo 18403 done; total_formed=4.706e+02
Building SWIFTGalaxy for subhalo 91229 (soap_index=15472984)
Read masses: Nstars=81541, sum_current=1.096459e+11 Msun
DEBUG: sample z (first valid): [0.86076093 1.0765526  1.24392248 0.59501558 0.67628402 1.28587374
 1.01624415 0.63122262 1.08753265 1.16390411]
DEBUG: Planck15 ages (Gyr): [6.4732354  5.56438486 4.99026612 7.94941917 7.44744318 4.86105227
 5.79721201 7.71962465 5.5235816  5.25240916]
DEBUG: cosmo_colibre ages (Gyr): [6.46993287 5.56285823 4.98966013 7.94237902 7.44179308 4.86063256
 5.79526805 7.71323602 5.52212546 5.25140176]
DEBUG: us.look_back_time -> ages (Gyr): [6.46993287 5.56285823 4.98966013 7.94237902 7.44179308 4.86063257
 5.79526805 7.71323602 5.52212547 5.25140177]
[4/5] subhalo 91229 done; total_formed=1.832e+01
Building SWIFTGalaxy for subhalo 91836 (soap_index=15472998)
Read masses: Nstars=20855, sum_current=2.961287e+10 Msun
DEBUG: sample z (first valid): [1.68436143 1.82555833 1.61328655 1.42098264 3.1854643  3.08553083
 2.04761905 1.74576839 2.0907376  1.68766404]
DEBUG: Planck15 ages (Gyr): [3.86060347 3.5838008  4.01330854 4.47926155 2.00866578 2.08211374
 3.20916018 3.73610091 3.14380499 3.85373727]
DEBUG: cosmo_colibre ages (Gyr): [3.86137588 3.58482767 4.01392693 4.47934841 2.01056479 2.08399326
 3.21048187 3.73699169 3.14517239 3.85451638]
DEBUG: us.look_back_time -> ages (Gyr): [3.86137588 3.58482767 4.01392693 4.47934841 2.01056479 2.08399326
 3.21048187 3.73699169 3.14517239 3.85451638]
[5/5] subhalo 91836 done; total_formed=4.966e+00
All halos processed. Writing CSV.
Wrote relicness_405_410.csv (5 rows) in 917.2s
