Starting pure-swift relicness script
Loaded SOAP mapping for 91142867 halos
Batch mode: processing 5 halos (slice 430:435)
Building SWIFTGalaxy for subhalo 20435 (soap_index=15773704)
Read masses: Nstars=3178254, sum_current=3.968143e+12 Msun
DEBUG: sample z (first valid): [6.79170134 0.05045842 0.06417251 0.07260229 2.67931731 0.57115458
 0.57432497 2.19345093 0.43908652 3.88418542]
DEBUG: Planck15 ages (Gyr): [ 0.7931073  13.09537441 12.91319832 12.80298345  2.43187112  8.10655777
  8.08541035  2.99659641  9.06681747  1.59597092]
DEBUG: cosmo_colibre ages (Gyr): [ 0.79497344 13.06754586 12.88628567 12.7766194   2.43362943  8.09905739
  8.0779726   2.99806065  9.05624831  1.59793931]
DEBUG: us.look_back_time -> ages (Gyr): [ 0.79497345 13.06754586 12.88628567 12.7766194   2.43362943  8.09905739
  8.0779726   2.99806065  9.05624832  1.59793932]
[1/5] subhalo 20435 done; total_formed=6.598e+02
Building SWIFTGalaxy for subhalo 95502 (soap_index=15773727)
Read masses: Nstars=21598, sum_current=3.026923e+10 Msun
DEBUG: sample z (first valid): [2.21759623 2.37258131 1.4899696  1.66493169 1.65392403 2.18352278
 4.97030154 3.38250635 1.51945256 1.47212373]
DEBUG: Planck15 ages (Gyr): [2.96362459 2.7654334  4.30251945 3.90140258 3.92482748 3.01032849
 1.18212753 1.87579764 4.23038267 4.34715084]
DEBUG: cosmo_colibre ages (Gyr): [2.96510936 2.76703275 4.30281898 3.90213479 3.92553631 3.01178405
 1.18408993 1.87772652 4.23076509 4.34739795]
DEBUG: us.look_back_time -> ages (Gyr): [2.96510936 2.76703276 4.30281898 3.9021348  3.92553631 3.01178406
 1.18408993 1.87772653 4.23076509 4.34739795]
[2/5] subhalo 95502 done; total_formed=5.082e+00
Building SWIFTGalaxy for subhalo 219248 (soap_index=15773761)
Read masses: Nstars=44246, sum_current=6.103330e+10 Msun
DEBUG: sample z (first valid): [0.72245585 1.25163197 1.01959938 1.07707911 1.28523607 2.50459893
 1.18482464 3.41349586 1.90342017 1.93225951]
DEBUG: Planck15 ages (Gyr): [7.18344955 4.96611246 5.78385913 5.56241745 4.86297625 2.61317918
 5.18179588 1.85622301 3.44467532 3.39536265]
DEBUG: cosmo_colibre ages (Gyr): [7.1784813  4.96554186 5.78193979 5.56089423 4.86255383 2.61485635
 5.18089973 1.8581557  3.44581825 3.39654483]
DEBUG: us.look_back_time -> ages (Gyr): [7.1784813  4.96554187 5.78193979 5.56089423 4.86255383 2.61485635
 5.18089973 1.8581557  3.44581825 3.39654484]
[3/5] subhalo 219248 done; total_formed=1.021e+01
Building SWIFTGalaxy for subhalo 220141 (soap_index=15773784)
Read masses: Nstars=43301, sum_current=5.902308e+10 Msun
DEBUG: sample z (first valid): [3.27641109 1.49984742 2.15380173 1.61432903 2.21980937 2.08346664
 1.91297004 2.16905222 1.69651086 2.78470778]
DEBUG: Planck15 ages (Gyr): [1.94546811 4.27813186 3.05205882 4.01099855 2.96063215 3.15467243
 3.42821739 3.0305287  3.83544168 2.33228515]
DEBUG: cosmo_colibre ages (Gyr): [1.94738219 4.27845966 3.05348757 4.01161934 2.96211876 3.15603234
 3.42937353 3.03197136 3.83623853 2.33408273]
DEBUG: us.look_back_time -> ages (Gyr): [1.9473822  4.27845966 3.05348757 4.01161934 2.96211876 3.15603235
 3.42937353 3.03197136 3.83623854 2.33408273]
[4/5] subhalo 220141 done; total_formed=9.912e+00
Building SWIFTGalaxy for subhalo 1906592 (soap_index=15774200)
Read masses: Nstars=7240, sum_current=1.059766e+10 Msun
DEBUG: sample z (first valid): [1.75523417 2.50422415 1.67624959 2.02204187 1.8807033  3.02258777
 2.94130382 2.29459079 2.4119117  1.885269  ]
DEBUG: Planck15 ages (Gyr): [3.7174885  2.61359179 3.87755253 3.24898348 3.484346   2.13068225
 2.19622721 2.86235493 2.71858061 3.47631334]
DEBUG: cosmo_colibre ages (Gyr): [3.71839642 2.61526876 3.87830833 3.25027649 3.48545663 2.13254774
 2.19807233 2.86390014 2.72020485 3.47743056]
DEBUG: us.look_back_time -> ages (Gyr): [3.71839642 2.61526876 3.87830833 3.25027649 3.48545664 2.13254774
 2.19807233 2.86390014 2.72020485 3.47743057]
[5/5] subhalo 1906592 done; total_formed=1.777e+00
All halos processed. Writing CSV.
Wrote relicness_430_435.csv (5 rows) in 1505.0s
