Starting pure-swift relicness script
Loaded SOAP mapping for 91142867 halos
Batch mode: processing 5 halos (slice 270:275)
Building SWIFTGalaxy for subhalo 10967 (soap_index=11116594)
Read masses: Nstars=4249773, sum_current=4.106911e+12 Msun
DEBUG: sample z (first valid): [0.52140403 0.54975407 0.45557925 0.45817017 0.50022892 0.61164667
 0.66656495 0.46862675 0.4783001  0.62960016]
DEBUG: Planck15 ages (Gyr): [8.44960369 8.25150869 8.93789803 8.91789286 8.60224809 7.84259871
 7.50489976 8.83782704 8.76470645 7.72970529]
DEBUG: cosmo_colibre ages (Gyr): [8.44105734 8.24357322 8.92776619 8.90782818 8.59321822 7.8358646
 7.49909677 8.8280293  8.75514984 7.72328861]
DEBUG: us.look_back_time -> ages (Gyr): [8.44105734 8.24357323 8.92776619 8.90782818 8.59321822 7.8358646
 7.49909677 8.8280293  8.75514985 7.72328862]
[1/5] subhalo 10967 done; total_formed=6.838e+02
Building SWIFTGalaxy for subhalo 11028 (soap_index=11116597)
Read masses: Nstars=46326, sum_current=5.890735e+10 Msun
DEBUG: sample z (first valid): [2.30722648 1.88577719 3.72501802 4.82645804 4.30999838 4.49937065
 1.6087095  1.9430573  2.2106604  4.651604  ]
DEBUG: Planck15 ages (Gyr): [2.84627711 3.47542112 1.67683684 1.22607726 1.4086618  1.33676437
 4.02347617 3.37719467 2.97303484 1.28326955]
DEBUG: cosmo_colibre ages (Gyr): [2.84783155 3.47653907 1.67879718 1.22804439 1.41063775 1.33873886
 4.02408395 3.37839107 2.97451379 1.28524128]
DEBUG: us.look_back_time -> ages (Gyr): [2.84783155 3.47653907 1.67879718 1.2280444  1.41063776 1.33873887
 4.02408396 3.37839108 2.97451379 1.28524128]
[2/5] subhalo 11028 done; total_formed=9.965e+00
Building SWIFTGalaxy for subhalo 76409 (soap_index=11116601)
Read masses: Nstars=27096, sum_current=3.432288e+10 Msun
DEBUG: sample z (first valid): [0.71740042 1.82263761 2.81023256 4.53934579 0.64481478 1.86008554
 4.97138952 2.40411386 1.40058608 6.12580189]
DEBUG: Planck15 ages (Gyr): [7.21165095 3.58919681 2.30917404 1.32236353 7.63595246 3.52099892
 1.18180511 2.72776584 4.53375888 0.90684381]
DEBUG: cosmo_colibre ages (Gyr): [7.20661148 3.59021901 2.31098019 1.32433742 7.6297947  3.52207915
 1.18376747 2.72938527 4.53377739 0.90874956]
DEBUG: us.look_back_time -> ages (Gyr): [7.20661148 3.59021901 2.3109802  1.32433743 7.6297947  3.52207915
 1.18376747 2.72938527 4.5337774  0.90874957]
[3/5] subhalo 76409 done; total_formed=5.798e+00
Building SWIFTGalaxy for subhalo 1648213 (soap_index=11116962)
Read masses: Nstars=3788, sum_current=7.428440e+09 Msun
DEBUG: sample z (first valid): [1.94835343 0.53898178 1.2833252  1.64514046 2.59692645 2.41333333
 1.57225842 1.67253894 2.9786304  1.08050794]
DEBUG: Planck15 ages (Gyr): [3.36834144 8.32595083 4.86874904 3.94368316 2.51470212 2.71691151
 4.10595758 3.88534585 2.16572089 5.54963167]
DEBUG: cosmo_colibre ages (Gyr): [3.36954472 8.317788   4.86831845 3.94437299 2.51642491 2.71853663
 4.10647771 3.88609397 2.1675757  5.54813062]
DEBUG: us.look_back_time -> ages (Gyr): [3.36954473 8.317788   4.86831845 3.94437299 2.51642491 2.71853663
 4.10647772 3.88609397 2.1675757  5.54813062]
[4/5] subhalo 1648213 done; total_formed=1.243e+00
Building SWIFTGalaxy for subhalo 1649222 (soap_index=11116977)
Read masses: Nstars=22228, sum_current=2.908944e+10 Msun
DEBUG: sample z (first valid): [1.17265615 1.28762915 1.12641142 1.85734217 2.50235143 3.34588859
 1.09581068 4.78939929 3.34416015 3.51785468]
DEBUG: Planck15 ages (Gyr): [5.22268367 4.85576205 5.38283665 3.52592318 2.61565512 1.89937108
 5.49313074 1.23784093 1.9004959  1.79272652]
DEBUG: cosmo_colibre ages (Gyr): [5.22172339 4.85534981 5.38161771 3.52699928 2.61733109 1.90129517
 5.49172671 1.23980916 1.90241976 1.7946705 ]
DEBUG: us.look_back_time -> ages (Gyr): [5.22172339 4.85534982 5.38161771 3.52699929 2.61733109 1.90129518
 5.49172671 1.23980916 1.90241976 1.79467051]
[5/5] subhalo 1649222 done; total_formed=4.868e+00
All halos processed. Writing CSV.
Wrote relicness_270_275.csv (5 rows) in 1428.3s
