Starting compute_relicness_quantities.py
Read 2175 subhalo ids from ucmg_ids.csv
Using subhalo_ids[1260:1280] → 20 halos
Loaded SOAP mapping (91142867 rows)
Using mass dataset: InitialMasses
Preparing mapping for 20 requested subhalo ids
HaloCatalogueIndex contains 1,781,337,782 particles; scanning in chunks...
 Scanned 0..200,000 (no requested ids found in this chunk)
 Scanned 4,000,000..4,200,000 (no requested ids found in this chunk)
 Scanned 8,000,000..8,200,000 (no requested ids found in this chunk)
 Scanned 12,000,000..12,200,000 (no requested ids found in this chunk)
 Scanned 16,000,000..16,200,000 (no requested ids found in this chunk)
 Scanned 20,000,000..20,200,000 (no requested ids found in this chunk)
 Scanned 24,000,000..24,200,000 (no requested ids found in this chunk)
 Scanned 28,000,000..28,200,000 (no requested ids found in this chunk)
 Scanned 32,000,000..32,200,000 (no requested ids found in this chunk)
 Scanned 36,000,000..36,200,000 (no requested ids found in this chunk)
 Scanned 40,000,000..40,200,000 (no requested ids found in this chunk)
 Scanned 44,000,000..44,200,000 (no requested ids found in this chunk)
 Scanned 48,000,000..48,200,000 (no requested ids found in this chunk)
 Scanned 52,000,000..52,200,000 (no requested ids found in this chunk)
 Scanned 56,000,000..56,200,000 (no requested ids found in this chunk)
 Scanned 60,000,000..60,200,000 (no requested ids found in this chunk)
 Scanned 64,000,000..64,200,000 (no requested ids found in this chunk)
 Scanned 68,000,000..68,200,000 (no requested ids found in this chunk)
 Scanned 72,000,000..72,200,000 (no requested ids found in this chunk)
 Scanned 76,000,000..76,200,000 (no requested ids found in this chunk)
 Scanned 80,000,000..80,200,000 (no requested ids found in this chunk)
 Scanned 84,000,000..84,200,000 (no requested ids found in this chunk)
 Scanned 88,000,000..88,200,000 (no requested ids found in this chunk)
 Scanned 92,000,000..92,200,000 (no requested ids found in this chunk)
 Scanned 96,000,000..96,200,000 (no requested ids found in this chunk)
 Scanned 100,000,000..100,200,000 (no requested ids found in this chunk)
 Scanned 104,000,000..104,200,000 (no requested ids found in this chunk)
 Scanned 108,000,000..108,200,000 (no requested ids found in this chunk)
 Scanned 112,000,000..112,200,000 (no requested ids found in this chunk)
 Scanned 116,000,000..116,200,000 (no requested ids found in this chunk)
 Scanned 120,000,000..120,200,000 (no requested ids found in this chunk)
 Scanned 124,000,000..124,200,000 (no requested ids found in this chunk)
 Scanned 128,000,000..128,200,000 (no requested ids found in this chunk)
 Scanned 132,000,000..132,200,000 (no requested ids found in this chunk)
 Scanned 136,000,000..136,200,000 (no requested ids found in this chunk)
 Scanned 140,000,000..140,200,000 (found 2 requested ids)
 Scanned 144,000,000..144,200,000 (no requested ids found in this chunk)
 Scanned 148,000,000..148,200,000 (no requested ids found in this chunk)
 Scanned 152,000,000..152,200,000 (no requested ids found in this chunk)
 Scanned 156,000,000..156,200,000 (no requested ids found in this chunk)
 Scanned 160,000,000..160,200,000 (no requested ids found in this chunk)
 Scanned 164,000,000..164,200,000 (no requested ids found in this chunk)
 Scanned 168,000,000..168,200,000 (no requested ids found in this chunk)
 Scanned 172,000,000..172,200,000 (no requested ids found in this chunk)
 Scanned 176,000,000..176,200,000 (no requested ids found in this chunk)
 Scanned 180,000,000..180,200,000 (no requested ids found in this chunk)
 Scanned 184,000,000..184,200,000 (no requested ids found in this chunk)
 Scanned 188,000,000..188,200,000 (no requested ids found in this chunk)
 Scanned 192,000,000..192,200,000 (no requested ids found in this chunk)
 Scanned 196,000,000..196,200,000 (no requested ids found in this chunk)
 Scanned 200,000,000..200,200,000 (no requested ids found in this chunk)
 Scanned 204,000,000..204,200,000 (no requested ids found in this chunk)
 Scanned 208,000,000..208,200,000 (no requested ids found in this chunk)
 Scanned 212,000,000..212,200,000 (no requested ids found in this chunk)
 Scanned 216,000,000..216,200,000 (no requested ids found in this chunk)
 Scanned 220,000,000..220,200,000 (no requested ids found in this chunk)
 Scanned 224,000,000..224,200,000 (no requested ids found in this chunk)
 Scanned 228,000,000..228,200,000 (no requested ids found in this chunk)
 Scanned 232,000,000..232,200,000 (no requested ids found in this chunk)
 Scanned 236,000,000..236,200,000 (no requested ids found in this chunk)
 Scanned 240,000,000..240,200,000 (no requested ids found in this chunk)
 Scanned 244,000,000..244,200,000 (no requested ids found in this chunk)
 Scanned 248,000,000..248,200,000 (no requested ids found in this chunk)
 Scanned 252,000,000..252,200,000 (no requested ids found in this chunk)
 Scanned 256,000,000..256,200,000 (no requested ids found in this chunk)
 Scanned 260,000,000..260,200,000 (no requested ids found in this chunk)
 Scanned 264,000,000..264,200,000 (no requested ids found in this chunk)
 Scanned 268,000,000..268,200,000 (no requested ids found in this chunk)
 Scanned 272,000,000..272,200,000 (no requested ids found in this chunk)
 Scanned 276,000,000..276,200,000 (no requested ids found in this chunk)
 Scanned 280,000,000..280,200,000 (no requested ids found in this chunk)
 Scanned 284,000,000..284,200,000 (no requested ids found in this chunk)
 Scanned 288,000,000..288,200,000 (no requested ids found in this chunk)
 Scanned 292,000,000..292,200,000 (no requested ids found in this chunk)
 Scanned 296,000,000..296,200,000 (no requested ids found in this chunk)
 Scanned 300,000,000..300,200,000 (no requested ids found in this chunk)
 Scanned 304,000,000..304,200,000 (no requested ids found in this chunk)
 Scanned 308,000,000..308,200,000 (no requested ids found in this chunk)
 Scanned 312,000,000..312,200,000 (no requested ids found in this chunk)
 Scanned 316,000,000..316,200,000 (no requested ids found in this chunk)
 Scanned 320,000,000..320,200,000 (no requested ids found in this chunk)
 Scanned 324,000,000..324,200,000 (no requested ids found in this chunk)
 Scanned 328,000,000..328,200,000 (no requested ids found in this chunk)
 Scanned 332,000,000..332,200,000 (no requested ids found in this chunk)
 Scanned 336,000,000..336,200,000 (no requested ids found in this chunk)
 Scanned 340,000,000..340,200,000 (no requested ids found in this chunk)
 Scanned 344,000,000..344,200,000 (no requested ids found in this chunk)
 Scanned 348,000,000..348,200,000 (no requested ids found in this chunk)
 Scanned 352,000,000..352,200,000 (no requested ids found in this chunk)
 Scanned 356,000,000..356,200,000 (no requested ids found in this chunk)
 Scanned 360,000,000..360,200,000 (no requested ids found in this chunk)
 Scanned 364,000,000..364,200,000 (no requested ids found in this chunk)
 Scanned 368,000,000..368,200,000 (no requested ids found in this chunk)
 Scanned 372,000,000..372,200,000 (no requested ids found in this chunk)
 Scanned 376,000,000..376,200,000 (no requested ids found in this chunk)
 Scanned 380,000,000..380,200,000 (no requested ids found in this chunk)
 Scanned 384,000,000..384,200,000 (no requested ids found in this chunk)
 Scanned 388,000,000..388,200,000 (no requested ids found in this chunk)
 Scanned 392,000,000..392,200,000 (no requested ids found in this chunk)
 Scanned 396,000,000..396,200,000 (no requested ids found in this chunk)
 Scanned 400,000,000..400,200,000 (no requested ids found in this chunk)
 Scanned 404,000,000..404,200,000 (no requested ids found in this chunk)
 Scanned 408,000,000..408,200,000 (no requested ids found in this chunk)
 Scanned 412,000,000..412,200,000 (no requested ids found in this chunk)
 Scanned 416,000,000..416,200,000 (no requested ids found in this chunk)
 Scanned 420,000,000..420,200,000 (no requested ids found in this chunk)
 Scanned 424,000,000..424,200,000 (no requested ids found in this chunk)
 Scanned 428,000,000..428,200,000 (no requested ids found in this chunk)
 Scanned 432,000,000..432,200,000 (no requested ids found in this chunk)
 Scanned 436,000,000..436,200,000 (no requested ids found in this chunk)
 Scanned 440,000,000..440,200,000 (no requested ids found in this chunk)
 Scanned 444,000,000..444,200,000 (no requested ids found in this chunk)
 Scanned 448,000,000..448,200,000 (no requested ids found in this chunk)
 Scanned 452,000,000..452,200,000 (no requested ids found in this chunk)
 Scanned 456,000,000..456,200,000 (no requested ids found in this chunk)
 Scanned 460,000,000..460,200,000 (no requested ids found in this chunk)
 Scanned 464,000,000..464,200,000 (no requested ids found in this chunk)
 Scanned 468,000,000..468,200,000 (no requested ids found in this chunk)
 Scanned 472,000,000..472,200,000 (no requested ids found in this chunk)
 Scanned 476,000,000..476,200,000 (no requested ids found in this chunk)
 Scanned 480,000,000..480,200,000 (no requested ids found in this chunk)
 Scanned 484,000,000..484,200,000 (no requested ids found in this chunk)
 Scanned 488,000,000..488,200,000 (no requested ids found in this chunk)
 Scanned 492,000,000..492,200,000 (no requested ids found in this chunk)
 Scanned 496,000,000..496,200,000 (no requested ids found in this chunk)
 Scanned 500,000,000..500,200,000 (no requested ids found in this chunk)
 Scanned 504,000,000..504,200,000 (no requested ids found in this chunk)
 Scanned 508,000,000..508,200,000 (no requested ids found in this chunk)
 Scanned 512,000,000..512,200,000 (no requested ids found in this chunk)
 Scanned 516,000,000..516,200,000 (no requested ids found in this chunk)
 Scanned 520,000,000..520,200,000 (no requested ids found in this chunk)
 Scanned 524,000,000..524,200,000 (no requested ids found in this chunk)
 Scanned 528,000,000..528,200,000 (no requested ids found in this chunk)
 Scanned 532,000,000..532,200,000 (no requested ids found in this chunk)
 Scanned 536,000,000..536,200,000 (no requested ids found in this chunk)
 Scanned 540,000,000..540,200,000 (no requested ids found in this chunk)
 Scanned 544,000,000..544,200,000 (no requested ids found in this chunk)
 Scanned 548,000,000..548,200,000 (no requested ids found in this chunk)
 Scanned 552,000,000..552,200,000 (no requested ids found in this chunk)
 Scanned 556,000,000..556,200,000 (no requested ids found in this chunk)
 Scanned 560,000,000..560,200,000 (no requested ids found in this chunk)
 Scanned 564,000,000..564,200,000 (no requested ids found in this chunk)
 Scanned 568,000,000..568,200,000 (no requested ids found in this chunk)
 Scanned 572,000,000..572,200,000 (no requested ids found in this chunk)
 Scanned 576,000,000..576,200,000 (no requested ids found in this chunk)
 Scanned 580,000,000..580,200,000 (no requested ids found in this chunk)
 Scanned 584,000,000..584,200,000 (no requested ids found in this chunk)
 Scanned 588,000,000..588,200,000 (no requested ids found in this chunk)
 Scanned 592,000,000..592,200,000 (no requested ids found in this chunk)
 Scanned 596,000,000..596,200,000 (no requested ids found in this chunk)
 Scanned 600,000,000..600,200,000 (no requested ids found in this chunk)
 Scanned 604,000,000..604,200,000 (no requested ids found in this chunk)
 Scanned 608,000,000..608,200,000 (no requested ids found in this chunk)
 Scanned 612,000,000..612,200,000 (no requested ids found in this chunk)
 Scanned 616,000,000..616,200,000 (no requested ids found in this chunk)
 Scanned 620,000,000..620,200,000 (no requested ids found in this chunk)
 Scanned 624,000,000..624,200,000 (no requested ids found in this chunk)
 Scanned 628,000,000..628,200,000 (no requested ids found in this chunk)
 Scanned 632,000,000..632,200,000 (no requested ids found in this chunk)
 Scanned 636,000,000..636,200,000 (no requested ids found in this chunk)
 Scanned 640,000,000..640,200,000 (no requested ids found in this chunk)
 Scanned 644,000,000..644,200,000 (no requested ids found in this chunk)
 Scanned 648,000,000..648,200,000 (no requested ids found in this chunk)
 Scanned 652,000,000..652,200,000 (no requested ids found in this chunk)
 Scanned 656,000,000..656,200,000 (no requested ids found in this chunk)
 Scanned 660,000,000..660,200,000 (no requested ids found in this chunk)
 Scanned 664,000,000..664,200,000 (no requested ids found in this chunk)
 Scanned 668,000,000..668,200,000 (no requested ids found in this chunk)
 Scanned 672,000,000..672,200,000 (no requested ids found in this chunk)
 Scanned 676,000,000..676,200,000 (no requested ids found in this chunk)
 Scanned 680,000,000..680,200,000 (no requested ids found in this chunk)
 Scanned 684,000,000..684,200,000 (no requested ids found in this chunk)
 Scanned 688,000,000..688,200,000 (no requested ids found in this chunk)
 Scanned 692,000,000..692,200,000 (no requested ids found in this chunk)
 Scanned 696,000,000..696,200,000 (no requested ids found in this chunk)
 Scanned 700,000,000..700,200,000 (no requested ids found in this chunk)
 Scanned 704,000,000..704,200,000 (no requested ids found in this chunk)
 Scanned 708,000,000..708,200,000 (no requested ids found in this chunk)
 Scanned 712,000,000..712,200,000 (no requested ids found in this chunk)
 Scanned 716,000,000..716,200,000 (no requested ids found in this chunk)
 Scanned 720,000,000..720,200,000 (no requested ids found in this chunk)
 Scanned 724,000,000..724,200,000 (no requested ids found in this chunk)
 Scanned 728,000,000..728,200,000 (no requested ids found in this chunk)
 Scanned 732,000,000..732,200,000 (no requested ids found in this chunk)
 Scanned 736,000,000..736,200,000 (no requested ids found in this chunk)
 Scanned 740,000,000..740,200,000 (no requested ids found in this chunk)
 Scanned 744,000,000..744,200,000 (no requested ids found in this chunk)
 Scanned 748,000,000..748,200,000 (no requested ids found in this chunk)
 Scanned 752,000,000..752,200,000 (no requested ids found in this chunk)
 Scanned 756,000,000..756,200,000 (no requested ids found in this chunk)
 Scanned 760,000,000..760,200,000 (no requested ids found in this chunk)
 Scanned 764,000,000..764,200,000 (no requested ids found in this chunk)
 Scanned 768,000,000..768,200,000 (no requested ids found in this chunk)
 Scanned 772,000,000..772,200,000 (no requested ids found in this chunk)
 Scanned 776,000,000..776,200,000 (no requested ids found in this chunk)
 Scanned 780,000,000..780,200,000 (no requested ids found in this chunk)
 Scanned 784,000,000..784,200,000 (no requested ids found in this chunk)
 Scanned 788,000,000..788,200,000 (no requested ids found in this chunk)
 Scanned 792,000,000..792,200,000 (no requested ids found in this chunk)
 Scanned 796,000,000..796,200,000 (no requested ids found in this chunk)
 Scanned 800,000,000..800,200,000 (no requested ids found in this chunk)
 Scanned 804,000,000..804,200,000 (no requested ids found in this chunk)
 Scanned 808,000,000..808,200,000 (no requested ids found in this chunk)
 Scanned 812,000,000..812,200,000 (no requested ids found in this chunk)
 Scanned 816,000,000..816,200,000 (no requested ids found in this chunk)
 Scanned 820,000,000..820,200,000 (no requested ids found in this chunk)
 Scanned 824,000,000..824,200,000 (no requested ids found in this chunk)
 Scanned 828,000,000..828,200,000 (no requested ids found in this chunk)
 Scanned 832,000,000..832,200,000 (no requested ids found in this chunk)
 Scanned 836,000,000..836,200,000 (no requested ids found in this chunk)
 Scanned 840,000,000..840,200,000 (no requested ids found in this chunk)
 Scanned 844,000,000..844,200,000 (no requested ids found in this chunk)
 Scanned 848,000,000..848,200,000 (no requested ids found in this chunk)
 Scanned 852,000,000..852,200,000 (no requested ids found in this chunk)
 Scanned 856,000,000..856,200,000 (no requested ids found in this chunk)
 Scanned 860,000,000..860,200,000 (no requested ids found in this chunk)
 Scanned 864,000,000..864,200,000 (no requested ids found in this chunk)
 Scanned 868,000,000..868,200,000 (no requested ids found in this chunk)
 Scanned 872,000,000..872,200,000 (no requested ids found in this chunk)
 Scanned 876,000,000..876,200,000 (no requested ids found in this chunk)
 Scanned 880,000,000..880,200,000 (no requested ids found in this chunk)
 Scanned 884,000,000..884,200,000 (no requested ids found in this chunk)
 Scanned 888,000,000..888,200,000 (no requested ids found in this chunk)
 Scanned 892,000,000..892,200,000 (no requested ids found in this chunk)
 Scanned 896,000,000..896,200,000 (no requested ids found in this chunk)
 Scanned 900,000,000..900,200,000 (no requested ids found in this chunk)
 Scanned 904,000,000..904,200,000 (no requested ids found in this chunk)
 Scanned 908,000,000..908,200,000 (no requested ids found in this chunk)
 Scanned 912,000,000..912,200,000 (no requested ids found in this chunk)
 Scanned 916,000,000..916,200,000 (no requested ids found in this chunk)
 Scanned 920,000,000..920,200,000 (no requested ids found in this chunk)
 Scanned 924,000,000..924,200,000 (no requested ids found in this chunk)
 Scanned 928,000,000..928,200,000 (no requested ids found in this chunk)
 Scanned 932,000,000..932,200,000 (no requested ids found in this chunk)
 Scanned 936,000,000..936,200,000 (no requested ids found in this chunk)
 Scanned 940,000,000..940,200,000 (no requested ids found in this chunk)
 Scanned 944,000,000..944,200,000 (no requested ids found in this chunk)
 Scanned 948,000,000..948,200,000 (no requested ids found in this chunk)
 Scanned 952,000,000..952,200,000 (no requested ids found in this chunk)
 Scanned 956,000,000..956,200,000 (no requested ids found in this chunk)
 Scanned 960,000,000..960,200,000 (no requested ids found in this chunk)
 Scanned 964,000,000..964,200,000 (no requested ids found in this chunk)
 Scanned 968,000,000..968,200,000 (no requested ids found in this chunk)
 Scanned 972,000,000..972,200,000 (no requested ids found in this chunk)
 Scanned 976,000,000..976,200,000 (no requested ids found in this chunk)
 Scanned 980,000,000..980,200,000 (no requested ids found in this chunk)
 Scanned 984,000,000..984,200,000 (no requested ids found in this chunk)
 Scanned 988,000,000..988,200,000 (no requested ids found in this chunk)
 Scanned 992,000,000..992,200,000 (no requested ids found in this chunk)
 Scanned 996,000,000..996,200,000 (no requested ids found in this chunk)
 Scanned 1,000,000,000..1,000,200,000 (no requested ids found in this chunk)
 Scanned 1,004,000,000..1,004,200,000 (no requested ids found in this chunk)
 Scanned 1,008,000,000..1,008,200,000 (no requested ids found in this chunk)
 Scanned 1,012,000,000..1,012,200,000 (no requested ids found in this chunk)
 Scanned 1,016,000,000..1,016,200,000 (no requested ids found in this chunk)
 Scanned 1,020,000,000..1,020,200,000 (no requested ids found in this chunk)
 Scanned 1,024,000,000..1,024,200,000 (no requested ids found in this chunk)
 Scanned 1,028,000,000..1,028,200,000 (no requested ids found in this chunk)
 Scanned 1,032,000,000..1,032,200,000 (no requested ids found in this chunk)
 Scanned 1,036,000,000..1,036,200,000 (no requested ids found in this chunk)
 Scanned 1,040,000,000..1,040,200,000 (no requested ids found in this chunk)
 Scanned 1,044,000,000..1,044,200,000 (no requested ids found in this chunk)
 Scanned 1,048,000,000..1,048,200,000 (no requested ids found in this chunk)
 Scanned 1,052,000,000..1,052,200,000 (no requested ids found in this chunk)
 Scanned 1,056,000,000..1,056,200,000 (no requested ids found in this chunk)
 Scanned 1,060,000,000..1,060,200,000 (no requested ids found in this chunk)
 Scanned 1,064,000,000..1,064,200,000 (no requested ids found in this chunk)
 Scanned 1,068,000,000..1,068,200,000 (no requested ids found in this chunk)
 Scanned 1,072,000,000..1,072,200,000 (no requested ids found in this chunk)
 Scanned 1,076,000,000..1,076,200,000 (no requested ids found in this chunk)
 Scanned 1,080,000,000..1,080,200,000 (no requested ids found in this chunk)
 Scanned 1,084,000,000..1,084,200,000 (no requested ids found in this chunk)
 Scanned 1,088,000,000..1,088,200,000 (no requested ids found in this chunk)
 Scanned 1,092,000,000..1,092,200,000 (no requested ids found in this chunk)
 Scanned 1,096,000,000..1,096,200,000 (no requested ids found in this chunk)
 Scanned 1,100,000,000..1,100,200,000 (no requested ids found in this chunk)
 Scanned 1,104,000,000..1,104,200,000 (no requested ids found in this chunk)
 Scanned 1,108,000,000..1,108,200,000 (no requested ids found in this chunk)
 Scanned 1,112,000,000..1,112,200,000 (no requested ids found in this chunk)
 Scanned 1,116,000,000..1,116,200,000 (no requested ids found in this chunk)
 Scanned 1,120,000,000..1,120,200,000 (no requested ids found in this chunk)
 Scanned 1,124,000,000..1,124,200,000 (no requested ids found in this chunk)
 Scanned 1,128,000,000..1,128,200,000 (no requested ids found in this chunk)
 Scanned 1,132,000,000..1,132,200,000 (no requested ids found in this chunk)
 Scanned 1,136,000,000..1,136,200,000 (no requested ids found in this chunk)
 Scanned 1,140,000,000..1,140,200,000 (no requested ids found in this chunk)
 Scanned 1,144,000,000..1,144,200,000 (no requested ids found in this chunk)
 Scanned 1,148,000,000..1,148,200,000 (no requested ids found in this chunk)
 Scanned 1,152,000,000..1,152,200,000 (no requested ids found in this chunk)
 Scanned 1,156,000,000..1,156,200,000 (no requested ids found in this chunk)
 Scanned 1,160,000,000..1,160,200,000 (no requested ids found in this chunk)
 Scanned 1,164,000,000..1,164,200,000 (no requested ids found in this chunk)
 Scanned 1,168,000,000..1,168,200,000 (no requested ids found in this chunk)
 Scanned 1,172,000,000..1,172,200,000 (no requested ids found in this chunk)
 Scanned 1,176,000,000..1,176,200,000 (no requested ids found in this chunk)
 Scanned 1,180,000,000..1,180,200,000 (no requested ids found in this chunk)
 Scanned 1,184,000,000..1,184,200,000 (no requested ids found in this chunk)
 Scanned 1,188,000,000..1,188,200,000 (no requested ids found in this chunk)
 Scanned 1,192,000,000..1,192,200,000 (no requested ids found in this chunk)
 Scanned 1,196,000,000..1,196,200,000 (no requested ids found in this chunk)
 Scanned 1,200,000,000..1,200,200,000 (no requested ids found in this chunk)
 Scanned 1,204,000,000..1,204,200,000 (no requested ids found in this chunk)
 Scanned 1,208,000,000..1,208,200,000 (no requested ids found in this chunk)
 Scanned 1,212,000,000..1,212,200,000 (no requested ids found in this chunk)
 Scanned 1,216,000,000..1,216,200,000 (no requested ids found in this chunk)
 Scanned 1,220,000,000..1,220,200,000 (no requested ids found in this chunk)
 Scanned 1,224,000,000..1,224,200,000 (no requested ids found in this chunk)
 Scanned 1,228,000,000..1,228,200,000 (no requested ids found in this chunk)
 Scanned 1,232,000,000..1,232,200,000 (no requested ids found in this chunk)
 Scanned 1,236,000,000..1,236,200,000 (no requested ids found in this chunk)
 Scanned 1,240,000,000..1,240,200,000 (no requested ids found in this chunk)
 Scanned 1,244,000,000..1,244,200,000 (no requested ids found in this chunk)
 Scanned 1,248,000,000..1,248,200,000 (no requested ids found in this chunk)
 Scanned 1,252,000,000..1,252,200,000 (no requested ids found in this chunk)
 Scanned 1,256,000,000..1,256,200,000 (no requested ids found in this chunk)
 Scanned 1,260,000,000..1,260,200,000 (no requested ids found in this chunk)
 Scanned 1,264,000,000..1,264,200,000 (no requested ids found in this chunk)
 Scanned 1,268,000,000..1,268,200,000 (no requested ids found in this chunk)
 Scanned 1,272,000,000..1,272,200,000 (no requested ids found in this chunk)
 Scanned 1,276,000,000..1,276,200,000 (no requested ids found in this chunk)
 Scanned 1,280,000,000..1,280,200,000 (no requested ids found in this chunk)
 Scanned 1,284,000,000..1,284,200,000 (no requested ids found in this chunk)
 Scanned 1,288,000,000..1,288,200,000 (no requested ids found in this chunk)
 Scanned 1,292,000,000..1,292,200,000 (found 1 requested ids)
 Scanned 1,296,000,000..1,296,200,000 (no requested ids found in this chunk)
 Scanned 1,300,000,000..1,300,200,000 (no requested ids found in this chunk)
 Scanned 1,304,000,000..1,304,200,000 (no requested ids found in this chunk)
 Scanned 1,308,000,000..1,308,200,000 (no requested ids found in this chunk)
 Scanned 1,312,000,000..1,312,200,000 (no requested ids found in this chunk)
 Scanned 1,316,000,000..1,316,200,000 (no requested ids found in this chunk)
 Scanned 1,320,000,000..1,320,200,000 (no requested ids found in this chunk)
 Scanned 1,324,000,000..1,324,200,000 (no requested ids found in this chunk)
 Scanned 1,328,000,000..1,328,200,000 (no requested ids found in this chunk)
 Scanned 1,332,000,000..1,332,200,000 (no requested ids found in this chunk)
 Scanned 1,336,000,000..1,336,200,000 (no requested ids found in this chunk)
 Scanned 1,340,000,000..1,340,200,000 (no requested ids found in this chunk)
 Scanned 1,344,000,000..1,344,200,000 (no requested ids found in this chunk)
 Scanned 1,348,000,000..1,348,200,000 (no requested ids found in this chunk)
 Scanned 1,352,000,000..1,352,200,000 (no requested ids found in this chunk)
 Scanned 1,356,000,000..1,356,200,000 (no requested ids found in this chunk)
 Scanned 1,360,000,000..1,360,200,000 (no requested ids found in this chunk)
 Scanned 1,364,000,000..1,364,200,000 (no requested ids found in this chunk)
 Scanned 1,368,000,000..1,368,200,000 (no requested ids found in this chunk)
 Scanned 1,372,000,000..1,372,200,000 (no requested ids found in this chunk)
 Scanned 1,376,000,000..1,376,200,000 (no requested ids found in this chunk)
 Scanned 1,380,000,000..1,380,200,000 (no requested ids found in this chunk)
 Scanned 1,384,000,000..1,384,200,000 (no requested ids found in this chunk)
 Scanned 1,388,000,000..1,388,200,000 (no requested ids found in this chunk)
 Scanned 1,392,000,000..1,392,200,000 (no requested ids found in this chunk)
 Scanned 1,396,000,000..1,396,200,000 (no requested ids found in this chunk)
 Scanned 1,400,000,000..1,400,200,000 (no requested ids found in this chunk)
 Scanned 1,404,000,000..1,404,200,000 (no requested ids found in this chunk)
 Scanned 1,408,000,000..1,408,200,000 (no requested ids found in this chunk)
 Scanned 1,412,000,000..1,412,200,000 (no requested ids found in this chunk)
 Scanned 1,416,000,000..1,416,200,000 (no requested ids found in this chunk)
 Scanned 1,420,000,000..1,420,200,000 (no requested ids found in this chunk)
 Scanned 1,424,000,000..1,424,200,000 (no requested ids found in this chunk)
 Scanned 1,428,000,000..1,428,200,000 (no requested ids found in this chunk)
 Scanned 1,432,000,000..1,432,200,000 (no requested ids found in this chunk)
 Scanned 1,436,000,000..1,436,200,000 (no requested ids found in this chunk)
 Scanned 1,440,000,000..1,440,200,000 (no requested ids found in this chunk)
 Scanned 1,444,000,000..1,444,200,000 (no requested ids found in this chunk)
 Scanned 1,448,000,000..1,448,200,000 (no requested ids found in this chunk)
 Scanned 1,452,000,000..1,452,200,000 (no requested ids found in this chunk)
 Scanned 1,456,000,000..1,456,200,000 (no requested ids found in this chunk)
 Scanned 1,460,000,000..1,460,200,000 (no requested ids found in this chunk)
 Scanned 1,464,000,000..1,464,200,000 (no requested ids found in this chunk)
 Scanned 1,468,000,000..1,468,200,000 (no requested ids found in this chunk)
 Scanned 1,472,000,000..1,472,200,000 (no requested ids found in this chunk)
 Scanned 1,476,000,000..1,476,200,000 (no requested ids found in this chunk)
 Scanned 1,480,000,000..1,480,200,000 (no requested ids found in this chunk)
 Scanned 1,484,000,000..1,484,200,000 (no requested ids found in this chunk)
 Scanned 1,488,000,000..1,488,200,000 (no requested ids found in this chunk)
 Scanned 1,492,000,000..1,492,200,000 (no requested ids found in this chunk)
 Scanned 1,496,000,000..1,496,200,000 (no requested ids found in this chunk)
 Scanned 1,500,000,000..1,500,200,000 (no requested ids found in this chunk)
 Scanned 1,504,000,000..1,504,200,000 (no requested ids found in this chunk)
 Scanned 1,508,000,000..1,508,200,000 (no requested ids found in this chunk)
 Scanned 1,512,000,000..1,512,200,000 (no requested ids found in this chunk)
 Scanned 1,516,000,000..1,516,200,000 (no requested ids found in this chunk)
 Scanned 1,520,000,000..1,520,200,000 (no requested ids found in this chunk)
 Scanned 1,524,000,000..1,524,200,000 (no requested ids found in this chunk)
 Scanned 1,528,000,000..1,528,200,000 (no requested ids found in this chunk)
 Scanned 1,532,000,000..1,532,200,000 (no requested ids found in this chunk)
 Scanned 1,536,000,000..1,536,200,000 (no requested ids found in this chunk)
 Scanned 1,540,000,000..1,540,200,000 (no requested ids found in this chunk)
 Scanned 1,544,000,000..1,544,200,000 (no requested ids found in this chunk)
 Scanned 1,548,000,000..1,548,200,000 (no requested ids found in this chunk)
 Scanned 1,552,000,000..1,552,200,000 (no requested ids found in this chunk)
 Scanned 1,556,000,000..1,556,200,000 (no requested ids found in this chunk)
 Scanned 1,560,000,000..1,560,200,000 (no requested ids found in this chunk)
 Scanned 1,564,000,000..1,564,200,000 (no requested ids found in this chunk)
 Scanned 1,568,000,000..1,568,200,000 (no requested ids found in this chunk)
 Scanned 1,572,000,000..1,572,200,000 (no requested ids found in this chunk)
 Scanned 1,576,000,000..1,576,200,000 (no requested ids found in this chunk)
 Scanned 1,580,000,000..1,580,200,000 (no requested ids found in this chunk)
 Scanned 1,584,000,000..1,584,200,000 (no requested ids found in this chunk)
 Scanned 1,588,000,000..1,588,200,000 (no requested ids found in this chunk)
 Scanned 1,592,000,000..1,592,200,000 (no requested ids found in this chunk)
 Scanned 1,596,000,000..1,596,200,000 (no requested ids found in this chunk)
 Scanned 1,600,000,000..1,600,200,000 (no requested ids found in this chunk)
 Scanned 1,604,000,000..1,604,200,000 (no requested ids found in this chunk)
 Scanned 1,608,000,000..1,608,200,000 (no requested ids found in this chunk)
 Scanned 1,612,000,000..1,612,200,000 (no requested ids found in this chunk)
 Scanned 1,616,000,000..1,616,200,000 (no requested ids found in this chunk)
 Scanned 1,620,000,000..1,620,200,000 (no requested ids found in this chunk)
 Scanned 1,624,000,000..1,624,200,000 (no requested ids found in this chunk)
 Scanned 1,628,000,000..1,628,200,000 (no requested ids found in this chunk)
 Scanned 1,632,000,000..1,632,200,000 (no requested ids found in this chunk)
 Scanned 1,636,000,000..1,636,200,000 (no requested ids found in this chunk)
 Scanned 1,640,000,000..1,640,200,000 (no requested ids found in this chunk)
 Scanned 1,644,000,000..1,644,200,000 (no requested ids found in this chunk)
 Scanned 1,648,000,000..1,648,200,000 (no requested ids found in this chunk)
 Scanned 1,652,000,000..1,652,200,000 (no requested ids found in this chunk)
 Scanned 1,656,000,000..1,656,200,000 (no requested ids found in this chunk)
 Scanned 1,660,000,000..1,660,200,000 (no requested ids found in this chunk)
 Scanned 1,664,000,000..1,664,200,000 (no requested ids found in this chunk)
 Scanned 1,668,000,000..1,668,200,000 (no requested ids found in this chunk)
 Scanned 1,672,000,000..1,672,200,000 (no requested ids found in this chunk)
 Scanned 1,676,000,000..1,676,200,000 (no requested ids found in this chunk)
 Scanned 1,680,000,000..1,680,200,000 (no requested ids found in this chunk)
 Scanned 1,684,000,000..1,684,200,000 (no requested ids found in this chunk)
 Scanned 1,688,000,000..1,688,200,000 (no requested ids found in this chunk)
 Scanned 1,692,000,000..1,692,200,000 (no requested ids found in this chunk)
 Scanned 1,696,000,000..1,696,200,000 (no requested ids found in this chunk)
 Scanned 1,700,000,000..1,700,200,000 (no requested ids found in this chunk)
 Scanned 1,704,000,000..1,704,200,000 (no requested ids found in this chunk)
 Scanned 1,708,000,000..1,708,200,000 (no requested ids found in this chunk)
 Scanned 1,712,000,000..1,712,200,000 (no requested ids found in this chunk)
 Scanned 1,716,000,000..1,716,200,000 (no requested ids found in this chunk)
 Scanned 1,720,000,000..1,720,200,000 (no requested ids found in this chunk)
 Scanned 1,724,000,000..1,724,200,000 (no requested ids found in this chunk)
 Scanned 1,728,000,000..1,728,200,000 (no requested ids found in this chunk)
 Scanned 1,732,000,000..1,732,200,000 (no requested ids found in this chunk)
 Scanned 1,736,000,000..1,736,200,000 (no requested ids found in this chunk)
 Scanned 1,740,000,000..1,740,200,000 (no requested ids found in this chunk)
 Scanned 1,744,000,000..1,744,200,000 (no requested ids found in this chunk)
 Scanned 1,748,000,000..1,748,200,000 (no requested ids found in this chunk)
 Scanned 1,752,000,000..1,752,200,000 (no requested ids found in this chunk)
 Scanned 1,756,000,000..1,756,200,000 (no requested ids found in this chunk)
 Scanned 1,760,000,000..1,760,200,000 (no requested ids found in this chunk)
 Scanned 1,764,000,000..1,764,200,000 (no requested ids found in this chunk)
 Scanned 1,768,000,000..1,768,200,000 (no requested ids found in this chunk)
 Scanned 1,772,000,000..1,772,200,000 (no requested ids found in this chunk)
 Scanned 1,776,000,000..1,776,200,000 (no requested ids found in this chunk)
 Scanned 1,780,000,000..1,780,200,000 (no requested ids found in this chunk)
Prepared particle-index mapping for requested subhalos (chunked, optimized).
[1/20] subhalo 2695584 done (total_formed=7.426e+00) in 5.94s
[2/20] subhalo 9599967 done (total_formed=1.324e+01) in 9.75s
[3/20] subhalo 41173 done (total_formed=9.572e+00) in 7.16s
[4/20] subhalo 1419622 done (total_formed=7.076e+00) in 6.13s
[5/20] subhalo 5726 done (total_formed=1.027e+01) in 9.14s
[6/20] subhalo 152636 done (total_formed=8.638e+00) in 6.82s
[7/20] subhalo 1422719 done (total_formed=6.127e+00) in 4.84s
[8/20] subhalo 712490 done (total_formed=4.569e+01) in 41.17s
[9/20] subhalo 6012 done (total_formed=4.000e+01) in 29.43s
[10/20] subhalo 9695769 done (total_formed=2.484e+00) in 2.88s
[11/20] subhalo 1447800 done (total_formed=1.124e+01) in 8.86s
[12/20] subhalo 5167556 done (total_formed=7.151e+00) in 5.69s
[13/20] subhalo 300461 done (total_formed=8.021e+00) in 5.71s
[14/20] subhalo 132519 done (total_formed=1.109e+01) in 8.69s
[15/20] subhalo 6890067 done (total_formed=1.933e+01) in 14.68s
[16/20] subhalo 1262810 done (total_formed=1.635e+01) in 12.14s
[17/20] subhalo 641027 done (total_formed=1.973e+01) in 15.71s
[18/20] subhalo 638754 done (total_formed=3.197e+01) in 25.65s
[19/20] subhalo 15615601 done (total_formed=0.000e+00) in 0.13s
[20/20] subhalo 315790 done (total_formed=8.948e+00) in 6.64s
Wrote relicness_1260_1280.csv (20 rows, 34 cols)
All done. Total time: 330.35s
