Task 6: rendering galaxies 90 to 104
Using PARTRIDGE at: /home/mzemsch/COLIBRE-analysis/PARTRIDGE
Found 267 relic IDs in z0_relics_trackids.csv using column 'track_id'
Rendering IDs in range [90, 105) -> 15 galaxies
[1/15] Rendering halo 1708028
Calculating stellar luminosities from FSPS tables.
Luminosity generation for all bands done. Time taken: 4.197 s (read-in time: 3.490 s).
Loaded in and pre-processed the data. Total pre-processing time taken: 98.405 s.
Generated star smoothing lengths. Time taken: 1.798 s.
Rendered the stars onto the grid. Time taken: 158.010 s.
Rendered the dust onto the grid. Time taken: 156.797 s.
Computed the projected luminosity maps. Total time taken: 321.981 s.
Created the RGB image.
Created the RGB image.
Done! Total time taken: 422.283 s.
[2/15] Rendering halo 18408
Calculating stellar luminosities from FSPS tables.
Luminosity generation for all bands done. Time taken: 3.671 s (read-in time: 3.636 s).
Loaded in and pre-processed the data. Total pre-processing time taken: 104.553 s.
Generated star smoothing lengths. Time taken: 0.092 s.
Rendered the stars onto the grid. Time taken: 124.005 s.
Rendered the dust onto the grid. Time taken: 154.511 s.
Computed the projected luminosity maps. Total time taken: 285.901 s.
Created the RGB image.
Created the RGB image.
Done! Total time taken: 390.630 s.
[3/15] Rendering halo 2330
Calculating stellar luminosities from FSPS tables.
Luminosity generation for all bands done. Time taken: 7.445 s (read-in time: 7.187 s).
Loaded in and pre-processed the data. Total pre-processing time taken: 126.574 s.
Generated star smoothing lengths. Time taken: 1.644 s.
Rendered the stars onto the grid. Time taken: 155.959 s.
Rendered the dust onto the grid. Time taken: 202.339 s.
Computed the projected luminosity maps. Total time taken: 366.736 s.
Created the RGB image.
Created the RGB image.
Done! Total time taken: 495.120 s.
[4/15] Rendering halo 18028
Calculating stellar luminosities from FSPS tables.
Luminosity generation for all bands done. Time taken: 6.227 s (read-in time: 5.867 s).
Loaded in and pre-processed the data. Total pre-processing time taken: 104.270 s.
Generated star smoothing lengths. Time taken: 0.601 s.
Rendered the stars onto the grid. Time taken: 157.053 s.
Rendered the dust onto the grid. Time taken: 167.842 s.
Computed the projected luminosity maps. Total time taken: 332.031 s.
Created the RGB image.
Created the RGB image.
Done! Total time taken: 436.996 s.
[5/15] Rendering halo 1867573
Calculating stellar luminosities from FSPS tables.
Luminosity generation for all bands done. Time taken: 3.936 s (read-in time: 3.826 s).
Loaded in and pre-processed the data. Total pre-processing time taken: 107.815 s.
Generated star smoothing lengths. Time taken: 0.262 s.
Rendered the stars onto the grid. Time taken: 125.411 s.
Rendered the dust onto the grid. Time taken: 187.349 s.
Computed the projected luminosity maps. Total time taken: 321.107 s.
Created the RGB image.
Created the RGB image.
Done! Total time taken: 429.265 s.
[6/15] Rendering halo 1172843
Calculating stellar luminosities from FSPS tables.
Luminosity generation for all bands done. Time taken: 1.600 s (read-in time: 1.545 s).
Loaded in and pre-processed the data. Total pre-processing time taken: 79.380 s.
Generated star smoothing lengths. Time taken: 0.150 s.
Rendered the stars onto the grid. Time taken: 129.509 s.
Rendered the dust onto the grid. Time taken: 173.764 s.
Computed the projected luminosity maps. Total time taken: 310.356 s.
Created the RGB image.
Created the RGB image.
Done! Total time taken: 389.963 s.
[7/15] Rendering halo 964959
Calculating stellar luminosities from FSPS tables.
Luminosity generation for all bands done. Time taken: 3.209 s (read-in time: 2.730 s).
Loaded in and pre-processed the data. Total pre-processing time taken: 88.983 s.
Generated star smoothing lengths. Time taken: 1.226 s.
Rendered the stars onto the grid. Time taken: 126.412 s.
Rendered the dust onto the grid. Time taken: 145.189 s.
Computed the projected luminosity maps. Total time taken: 280.831 s.
Created the RGB image.
Created the RGB image.
Done! Total time taken: 371.113 s.
[8/15] Rendering halo 1027827
Calculating stellar luminosities from FSPS tables.
Luminosity generation for all bands done. Time taken: 4.274 s (read-in time: 4.173 s).
Loaded in and pre-processed the data. Total pre-processing time taken: 84.538 s.
Generated star smoothing lengths. Time taken: 0.140 s.
Rendered the stars onto the grid. Time taken: 141.095 s.
Rendered the dust onto the grid. Time taken: 147.808 s.
Computed the projected luminosity maps. Total time taken: 296.400 s.
Created the RGB image.
Created the RGB image.
Done! Total time taken: 381.167 s.
[9/15] Rendering halo 7997
Calculating stellar luminosities from FSPS tables.
Luminosity generation for all bands done. Time taken: 1.522 s (read-in time: 1.507 s).
Loaded in and pre-processed the data. Total pre-processing time taken: 72.733 s.
Generated star smoothing lengths. Time taken: 0.056 s.
Rendered the stars onto the grid. Time taken: 122.011 s.
Rendered the dust onto the grid. Time taken: 145.348 s.
Computed the projected luminosity maps. Total time taken: 277.353 s.
Created the RGB image.
Created the RGB image.
Done! Total time taken: 350.228 s.
[10/15] Rendering halo 239461
Calculating stellar luminosities from FSPS tables.
Luminosity generation for all bands done. Time taken: 2.503 s (read-in time: 2.123 s).
Loaded in and pre-processed the data. Total pre-processing time taken: 93.496 s.
Generated star smoothing lengths. Time taken: 1.049 s.
Rendered the stars onto the grid. Time taken: 119.049 s.
Rendered the dust onto the grid. Time taken: 158.952 s.
Computed the projected luminosity maps. Total time taken: 287.680 s.
Created the RGB image.
Created the RGB image.
Done! Total time taken: 382.326 s.
[11/15] Rendering halo 21069
Calculating stellar luminosities from FSPS tables.
Luminosity generation for all bands done. Time taken: 2.644 s (read-in time: 2.278 s).
Loaded in and pre-processed the data. Total pre-processing time taken: 83.299 s.
Generated star smoothing lengths. Time taken: 1.985 s.
Rendered the stars onto the grid. Time taken: 132.638 s.
Rendered the dust onto the grid. Time taken: 132.458 s.
Computed the projected luminosity maps. Total time taken: 274.891 s.
Created the RGB image.
Created the RGB image.
Done! Total time taken: 360.264 s.
[12/15] Rendering halo 482149
Calculating stellar luminosities from FSPS tables.
Luminosity generation for all bands done. Time taken: 2.679 s (read-in time: 2.387 s).
Loaded in and pre-processed the data. Total pre-processing time taken: 83.507 s.
Generated star smoothing lengths. Time taken: 0.486 s.
Rendered the stars onto the grid. Time taken: 155.636 s.
Rendered the dust onto the grid. Time taken: 129.406 s.
Computed the projected luminosity maps. Total time taken: 294.025 s.
Created the RGB image.
Created the RGB image.
Done! Total time taken: 378.117 s.
[13/15] Rendering halo 280889
Calculating stellar luminosities from FSPS tables.
Luminosity generation for all bands done. Time taken: 3.327 s (read-in time: 3.280 s).
Loaded in and pre-processed the data. Total pre-processing time taken: 99.387 s.
Generated star smoothing lengths. Time taken: 0.097 s.
Rendered the stars onto the grid. Time taken: 134.444 s.
Rendered the dust onto the grid. Time taken: 142.144 s.
Computed the projected luminosity maps. Total time taken: 283.711 s.
Created the RGB image.
Created the RGB image.
Done! Total time taken: 383.273 s.
[14/15] Rendering halo 4191
Calculating stellar luminosities from FSPS tables.
Luminosity generation for all bands done. Time taken: 8.179 s (read-in time: 7.949 s).
Loaded in and pre-processed the data. Total pre-processing time taken: 147.790 s.
Generated star smoothing lengths. Time taken: 0.451 s.
Rendered the stars onto the grid. Time taken: 141.104 s.
Rendered the dust onto the grid. Time taken: 193.281 s.
Computed the projected luminosity maps. Total time taken: 341.856 s.
Created the RGB image.
Created the RGB image.
Done! Total time taken: 490.221 s.
[15/15] Rendering halo 2370827
Calculating stellar luminosities from FSPS tables.
Luminosity generation for all bands done. Time taken: 7.855 s (read-in time: 7.683 s).
Loaded in and pre-processed the data. Total pre-processing time taken: 134.280 s.
Generated star smoothing lengths. Time taken: 0.451 s.
Rendered the stars onto the grid. Time taken: 132.366 s.
Rendered the dust onto the grid. Time taken: 199.901 s.
Computed the projected luminosity maps. Total time taken: 340.598 s.
Created the RGB image.
Created the RGB image.
Done! Total time taken: 475.413 s.
Done.
