Starting pure-swift relicness script
Loaded SOAP mapping for 91142867 halos
Batch mode: processing 100 halos (slice 2100:2200)
Building SWIFTGalaxy for subhalo 5176 (soap_index=64760995)
Read masses: Nstars=52898, sum_current=7.207244e+10 Msun
DEBUG: sample z (first valid): [4.32986337 1.22578454 2.05529138 3.53066021 1.69651086 4.64138762
 0.868187   1.0047721  2.67271912 2.0739212 ]
DEBUG: Planck15 ages (Gyr): [1.4008218  5.04783542 3.19736969 1.78518278 3.83544168 1.28674765
 6.438209   5.84323544 2.43833816 3.16903288]
DEBUG: cosmo_colibre ages (Gyr): [1.40279772 5.04714398 3.19869975 1.787128   3.83623853 1.28871961
 6.43498228 5.84120593 2.44009379 3.17038283]
DEBUG: us.look_back_time -> ages (Gyr): [1.40279773 5.04714398 3.19869975 1.787128   3.83623854 1.28871961
 6.43498228 5.84120593 2.44009379 3.17038283]
[1/100] subhalo 5176 done; total_formed=1.199e+01
Building SWIFTGalaxy for subhalo 5354570 (soap_index=64761066)
Read masses: Nstars=26307, sum_current=3.843915e+10 Msun
DEBUG: sample z (first valid): [4.58466127 6.90352147 2.43372105 7.26431274 2.90653314 3.07562189
 0.74632275 1.45489961 2.17704092 5.76395913]
DEBUG: Planck15 ages (Gyr): [1.30634758 0.77632877 2.69315879 0.72602129 2.22528781 2.08963785
 7.05256579 4.39093784 3.01934954 0.98053884]
DEBUG: cosmo_colibre ages (Gyr): [1.30832069 0.7781881  2.69479618 0.72785852 2.22712337 2.09151526
 7.04792298 4.39113268 3.02079936 0.98246474]
DEBUG: us.look_back_time -> ages (Gyr): [1.30832069 0.7781881  2.69479619 0.72785852 2.22712337 2.09151526
 7.04792298 4.39113269 3.02079936 0.98246474]
[2/100] subhalo 5354570 done; total_formed=6.346e+00
Building SWIFTGalaxy for subhalo 143360 (soap_index=64798643)
Read masses: Nstars=27590, sum_current=3.669809e+10 Msun
DEBUG: sample z (first valid): [1.62795733 2.60881057 2.76600391 5.32037805 3.28451883 1.74737989
 1.50884312 1.54330953 2.17396358 2.19625439]
DEBUG: Planck15 ages (Gyr): [3.98099664 2.50247018 2.34946341 1.08544071 1.93999393 3.73292158
 4.25611521 4.17342645 3.02364788 2.99273738]
DEBUG: cosmo_colibre ages (Gyr): [3.98164844 2.50419838 2.35125449 1.08738878 1.94190925 3.73381529
 4.25646832 4.17387273 3.02509495 2.99420404]
DEBUG: us.look_back_time -> ages (Gyr): [3.98164844 2.50419838 2.35125449 1.08738879 1.94190925 3.73381529
 4.25646832 4.17387273 3.02509495 2.99420404]
[3/100] subhalo 143360 done; total_formed=6.172e+00
Building SWIFTGalaxy for subhalo 143804 (soap_index=64798654)
Read masses: Nstars=43317, sum_current=5.721787e+10 Msun
DEBUG: sample z (first valid): [3.4734471  3.30082688 2.64291273 3.61293728 1.19875193 2.62277501
 2.38197956 2.61637788 4.56191123 2.93420579]
DEBUG: Planck15 ages (Gyr): [1.81930007 1.92905987 2.46790803 1.73794149 5.13561872 2.48822166
 2.75411772 2.49473231 1.3143477  2.20210856]
DEBUG: cosmo_colibre ages (Gyr): [1.82123953 1.93097761 2.46965121 1.7398939  5.13479407 2.48995609
 2.75572316 2.49646391 1.31632122 2.20395177]
DEBUG: us.look_back_time -> ages (Gyr): [1.82123953 1.93097762 2.46965122 1.7398939  5.13479407 2.48995609
 2.75572317 2.49646391 1.31632122 2.20395178]
[4/100] subhalo 143804 done; total_formed=9.620e+00
Building SWIFTGalaxy for subhalo 319218 (soap_index=64798707)
Read masses: Nstars=20518, sum_current=2.658530e+10 Msun
DEBUG: sample z (first valid): [3.59966311 4.35687428 4.93247035 1.64215449 2.4083628  1.20630218
 3.22622042 1.74899329 4.66430424 3.37023206]
DEBUG: Planck15 ages (Gyr): [1.74542229 1.39027707 1.19343004 3.95012653 2.72275462 5.11085785
 1.97993158 3.7297429  1.27896753 1.88364531]
DEBUG: cosmo_colibre ages (Gyr): [1.74737363 1.39225289 1.19539376 3.95080984 2.72437668 5.11007113
 1.98183763 3.73063955 1.28093898 1.88557262]
DEBUG: us.look_back_time -> ages (Gyr): [1.74737363 1.39225289 1.19539377 3.95080984 2.72437668 5.11007114
 1.98183764 3.73063955 1.28093899 1.88557263]
[5/100] subhalo 319218 done; total_formed=4.477e+00
Building SWIFTGalaxy for subhalo 319891 (soap_index=64798710)
Read masses: Nstars=6300, sum_current=8.979265e+09 Msun
DEBUG: sample z (first valid): [5.52294217 1.54488972 5.17972654 1.15948333 1.36489607 1.34107309
 1.40781836 2.12195122 1.02835036 2.08898944]
DEBUG: Planck15 ages (Gyr): [1.03533321 4.16969761 1.12265187 5.26752609 4.63171339 4.69899935
 4.51431387 3.09783978 5.74925924 3.14641226]
DEBUG: cosmo_colibre ages (Gyr): [1.03727159 4.17014803 1.12460611 5.26649459 4.63160577 4.69880261
 4.51435692 3.09923832 5.74740332 3.14777786]
DEBUG: us.look_back_time -> ages (Gyr): [1.0372716  4.17014803 1.12460612 5.26649459 4.63160577 4.69880261
 4.51435692 3.09923833 5.74740333 3.14777787]
[6/100] subhalo 319891 done; total_formed=1.494e+00
Building SWIFTGalaxy for subhalo 1370482 (soap_index=64798883)
Read masses: Nstars=33992, sum_current=4.298915e+10 Msun
DEBUG: sample z (first valid): [1.70140148 2.48632833 1.03920592 1.11980851 1.24284736 1.84889584
 2.77120497 1.22366992 2.74277556 1.29692976]
DEBUG: Planck15 ages (Gyr): [3.825388   2.63341911 5.70678846 5.40633743 4.9936493  3.54115465
 2.34466571 5.05461591 2.37108909 4.82788599]
DEBUG: cosmo_colibre ages (Gyr): [3.82619454 2.63508644 5.70500962 5.40507953 4.99303833 3.54221792
 2.34645861 5.05391431 2.37287182 4.82751288]
DEBUG: us.look_back_time -> ages (Gyr): [3.82619454 2.63508645 5.70500963 5.40507953 4.99303833 3.54221793
 2.34645861 5.05391432 2.37287182 4.82751288]
[7/100] subhalo 1370482 done; total_formed=7.247e+00
Building SWIFTGalaxy for subhalo 2576271 (soap_index=64798906)
Read masses: Nstars=17781, sum_current=2.531606e+10 Msun
DEBUG: sample z (first valid): [2.18290432 2.9107292  1.6856815  2.40340673 2.03829393 3.68181169
 2.62558088 2.25952452 2.57963732 1.65327935]
DEBUG: Planck15 ages (Gyr): [3.01118732 2.22174727 3.85785664 2.7286013  3.22358649 1.69996476
 2.48537481 2.90776244 2.53267376 3.92620645]
DEBUG: cosmo_colibre ages (Gyr): [3.01264234 2.22358401 3.85863173 2.73022029 3.22489786 1.70192228
 2.48711048 2.90928104 2.5343885  3.92691389]
DEBUG: us.look_back_time -> ages (Gyr): [3.01264234 2.22358401 3.85863174 2.73022029 3.22489786 1.70192228
 2.48711048 2.90928104 2.5343885  3.92691389]
[8/100] subhalo 2576271 done; total_formed=4.249e+00
Building SWIFTGalaxy for subhalo 2580602 (soap_index=64799001)
Read masses: Nstars=27560, sum_current=3.694347e+10 Msun
DEBUG: sample z (first valid): [2.56290095 2.99171641 3.19403558 1.91400622 3.54164934 2.58355206
 2.52989335 2.22265932 2.80315692 3.36470196]
DEBUG: Planck15 ages (Gyr): [2.55027294 2.15519112 2.0025658  3.42643937 1.77875088 2.52858602
 2.58557734 2.95678595 2.31554266 1.88719879]
DEBUG: cosmo_colibre ages (Gyr): [2.55197968 2.15704919 2.00446633 3.42759693 1.78069713 2.5303026
 2.58726766 2.95827493 2.31734647 1.88912538]
DEBUG: us.look_back_time -> ages (Gyr): [2.55197968 2.15704919 2.00446633 3.42759693 1.78069713 2.5303026
 2.58726767 2.95827493 2.31734648 1.88912538]
[9/100] subhalo 2580602 done; total_formed=6.222e+00
Building SWIFTGalaxy for subhalo 2619387 (soap_index=64799043)
Read masses: Nstars=20614, sum_current=2.628524e+10 Msun
DEBUG: sample z (first valid): [1.17857855 2.58708265 1.93252193 3.71821454 2.07334459 2.81600093
 1.87766752 1.71685598 4.79964602 2.48336345]
DEBUG: Planck15 ages (Gyr): [5.20271987 2.5249087  3.39491922 1.68044401 3.16990377 2.30400339
 3.48970374 3.79389718 1.2345696  2.63672786]
DEBUG: cosmo_colibre ages (Gyr): [5.201791   2.52662693 3.39610176 1.68240392 3.17125312 2.30581143
 3.49080996 3.79473381 1.23653753 2.63839357]
DEBUG: us.look_back_time -> ages (Gyr): [5.201791   2.52662693 3.39610176 1.68240392 3.17125312 2.30581144
 3.49080996 3.79473381 1.23653754 2.63839358]
[10/100] subhalo 2619387 done; total_formed=4.419e+00
Building SWIFTGalaxy for subhalo 5310823 (soap_index=64799362)
Read masses: Nstars=13321, sum_current=1.783916e+10 Msun
DEBUG: sample z (first valid): [2.69050569 3.93382519 1.88019689 2.56328839 1.98923554 1.99251142
 3.62726823 2.94320096 1.72023908 2.21728031]
DEBUG: Planck15 ages (Gyr): [2.42096947 1.57206473 3.48523881 2.54986326 3.30125583 3.2959747
 1.72992453 2.19465965 3.78705966 2.96405215]
DEBUG: cosmo_colibre ages (Gyr): [2.42273227 1.57403497 3.48634871 2.55157018 3.30251024 3.29723306
 1.73187807 2.19650528 3.78790277 2.96553665]
DEBUG: us.look_back_time -> ages (Gyr): [2.42273227 1.57403497 3.48634871 2.55157018 3.30251025 3.29723306
 1.73187807 2.19650528 3.78790277 2.96553666]
[11/100] subhalo 5310823 done; total_formed=2.996e+00
Building SWIFTGalaxy for subhalo 53819 (soap_index=64893996)
Read masses: Nstars=246009, sum_current=3.128237e+11 Msun
DEBUG: sample z (first valid): [1.28523607 0.28764539 1.97863831 3.77632826 1.23260884 0.81701231
 0.82125389 8.82106998 2.19906277 0.65044827]
DEBUG: Planck15 ages (Gyr): [ 4.86297625 10.39005688  3.31843485  1.65004049  5.0260518   6.68571478
  6.66464468  0.56025624  2.98887971  7.60167648]
DEBUG: cosmo_colibre ages (Gyr): [ 4.86255383 10.37456104  3.31967634  1.65200381  5.02539287  6.68193965
  6.66091739  0.56199977  2.99034879  7.59561231]
DEBUG: us.look_back_time -> ages (Gyr): [ 4.86255383 10.37456104  3.31967634  1.65200381  5.02539287  6.68193965
  6.66091739  0.56199977  2.99034879  7.59561231]
[12/100] subhalo 53819 done; total_formed=5.187e+01
Building SWIFTGalaxy for subhalo 2623991 (soap_index=64894051)
Read masses: Nstars=118234, sum_current=1.645684e+11 Msun
DEBUG: sample z (first valid): [5.00806747 4.59610622 1.77436288 6.64268222 0.5178803  0.80024173
 1.63832528 0.64464967 2.11394089 6.33146884]
DEBUG: Planck15 ages (Gyr): [1.17102065 1.30235342 3.6803322  0.81642329 8.47472268 6.77003969
 3.95841449 7.63696058 3.10953051 0.86896013]
DEBUG: cosmo_colibre ages (Gyr): [1.17298168 1.30432631 3.68127391 0.81829847 8.46609752 6.76607092
 3.95908937 7.63080006 3.11092121 0.8708539 ]
DEBUG: us.look_back_time -> ages (Gyr): [1.17298168 1.30432632 3.68127392 0.81829848 8.46609752 6.76607092
 3.95908937 7.63080006 3.11092121 0.8708539 ]
[13/100] subhalo 2623991 done; total_formed=2.720e+01
Building SWIFTGalaxy for subhalo 54073 (soap_index=64932073)
Read masses: Nstars=35526, sum_current=5.087132e+10 Msun
DEBUG: sample z (first valid): [0.15161313 2.76038559 5.7181958  4.20126984 5.18147519 0.8517179
 6.70921068 2.99756008 1.04531552 2.34094617]
DEBUG: Planck15 ages (Gyr): [11.83162912  2.35466422  0.99056727  1.45289238  1.12217629  6.51628946
  0.80587514  2.15051622  5.68310227  2.80408898]
DEBUG: cosmo_colibre ages (Gyr): [11.8099118   2.3564533   0.99249561  1.45486801  1.12413046  6.51289294
  0.8077463   2.15237572  5.68136605  2.80566717]
DEBUG: us.look_back_time -> ages (Gyr): [11.8099118   2.3564533   0.99249561  1.45486801  1.12413046  6.51289294
  0.8077463   2.15237572  5.68136605  2.80566717]
[14/100] subhalo 54073 done; total_formed=8.386e+00
Building SWIFTGalaxy for subhalo 146524 (soap_index=64932075)
Read masses: Nstars=84566, sum_current=1.065529e+11 Msun
DEBUG: sample z (first valid): [0.76494668 0.75511516 1.28523607 1.55023737 2.93043061 0.39735608
 0.72845237 6.46593757 1.00673648 1.32975471]
DEBUG: Planck15 ages (Gyr): [6.95296031 7.00527024 4.86297625 4.15711829 2.20524723 9.40556646
 7.15021685 0.84558995 5.83531414 4.73151701]
DEBUG: cosmo_colibre ages (Gyr): [6.94855958 7.00074298 4.86255383 4.1575826  2.20708941 9.39381146
 7.14533203 0.84747574 5.83329942 4.73127647]
DEBUG: us.look_back_time -> ages (Gyr): [6.94855958 7.00074298 4.86255383 4.1575826  2.20708941 9.39381146
 7.14533203 0.84747574 5.83329942 4.73127648]
[15/100] subhalo 146524 done; total_formed=1.789e+01
Building SWIFTGalaxy for subhalo 25367815 (soap_index=64949745)
Read masses: Nstars=14743, sum_current=2.194352e+10 Msun
DEBUG: sample z (first valid): [1.67232099 0.44047828 0.90179919 0.55475422 0.18810732 1.00526284
 0.92730267 0.98041823 1.43773248 1.95127443]
DEBUG: Planck15 ages (Gyr): [ 3.88580439  9.05583226  6.28329631  8.21729435 11.41805536  5.84125498
  6.16959281  5.94285971  4.43528982  3.36347474]
DEBUG: cosmo_colibre ages (Gyr): [ 3.88655206  9.04530066  6.28039772  8.20946249 11.39820879  5.83922918
  6.16692769  5.94064158  4.43543086  3.36468179]
DEBUG: us.look_back_time -> ages (Gyr): [ 3.88655206  9.04530066  6.28039772  8.20946249 11.39820879  5.83922918
  6.16692769  5.94064158  4.43543086  3.3646818 ]
[16/100] subhalo 25367815 done; total_formed=3.525e+00
Building SWIFTGalaxy for subhalo 325097 (soap_index=64959317)
Read masses: Nstars=133964, sum_current=1.758122e+11 Msun
DEBUG: sample z (first valid): [3.86424701 1.60767149 5.56936648 2.35806518 0.86520947 1.86008554
 3.1644532  5.68393677 1.11134021 0.33387609]
DEBUG: Planck15 ages (Gyr): [1.60574317 4.02578782 1.02438897 2.78306167 6.45221763 3.52099892
 2.02374944 0.99818673 5.43671581 9.9576756 ]
DEBUG: cosmo_colibre ages (Gyr): [1.60771074 4.02639319 1.02632503 2.78465145 6.44896066 3.52207915
 2.02564462 1.00011688 5.43540717 9.94387574]
DEBUG: us.look_back_time -> ages (Gyr): [1.60771075 4.02639319 1.02632503 2.78465145 6.44896066 3.52207915
 2.02564462 1.00011689 5.43540717 9.94387574]
[17/100] subhalo 325097 done; total_formed=2.944e+01
Building SWIFTGalaxy for subhalo 321848 (soap_index=64985442)
Read masses: Nstars=86278, sum_current=1.128063e+11 Msun
DEBUG: sample z (first valid): [0.56724699 5.5496702  4.32986337 0.28471732 5.69759836 0.29846251
 7.78322053 7.537224   6.55806712 0.24555268]
DEBUG: Planck15 ages (Gyr): [ 8.13273743  1.02900867  1.4008218  10.41835499  0.99513666 10.28647657
  0.66258719  0.69146003  0.83017444 10.80782166]
DEBUG: cosmo_colibre ages (Gyr): [ 8.12515922  1.03094572  1.40279772 10.40274532  0.99706609 10.27139444
  0.66439267  0.69328053  0.83205471 10.79061069]
DEBUG: us.look_back_time -> ages (Gyr): [ 8.12515922  1.03094572  1.40279773 10.40274532  0.99706609 10.27139444
  0.66439268  0.69328053  0.83205471 10.79061069]
[18/100] subhalo 321848 done; total_formed=1.887e+01
Building SWIFTGalaxy for subhalo 57020 (soap_index=65095996)
Read masses: Nstars=38647, sum_current=5.110911e+10 Msun
DEBUG: sample z (first valid): [4.83995723 1.06881748 5.58322451 0.12899669 1.58076711 2.25047118
 3.99436062 2.76211251 3.56283506 5.74516262]
DEBUG: Planck15 ages (Gyr): [ 1.2218382   5.59341583  1.02115923 12.09870407  4.0864613   2.91967762
  1.54370443  2.35306361  1.76645863  0.98463734]
DEBUG: cosmo_colibre ages (Gyr): [ 1.22380492  5.59183856  1.02309458 12.07574373  4.08700242  2.92118911
  1.54567653  2.3548533   1.76840681  0.98656425]
DEBUG: us.look_back_time -> ages (Gyr): [ 1.22380493  5.59183856  1.02309458 12.07574373  4.08700242  2.92118911
  1.54567653  2.3548533   1.76840681  0.98656425]
[19/100] subhalo 57020 done; total_formed=8.568e+00
Building SWIFTGalaxy for subhalo 55965 (soap_index=65208788)
Read masses: Nstars=96837, sum_current=1.168288e+11 Msun
DEBUG: sample z (first valid): [2.42260288 6.57291426 6.61957912 0.2202279  6.05370789 4.04550004
 1.83141796 0.95840306 0.21895692 0.2180507 ]
DEBUG: Planck15 ages (Gyr): [ 2.70606955  0.82773384  0.8201401  11.07092738  0.92077763  1.52040039
  3.57301491  6.03522764 11.08437355 11.09397514]
DEBUG: cosmo_colibre ages (Gyr): [ 2.70770029  0.82961322  0.82201667 11.05259868  0.9226875   1.52237375
  3.57405105  6.03283039 11.06598696 11.07554717]
DEBUG: us.look_back_time -> ages (Gyr): [ 2.70770029  0.82961322  0.82201668 11.05259868  0.9226875   1.52237375
  3.57405106  6.03283039 11.06598696 11.07554717]
[20/100] subhalo 55965 done; total_formed=1.967e+01
Building SWIFTGalaxy for subhalo 699820 (soap_index=65216093)
Read masses: Nstars=24529, sum_current=3.449695e+10 Msun
DEBUG: sample z (first valid): [2.03688601 2.63281596 3.21751721 3.23249806 2.09277961 3.90943142
 3.79941413 2.84646085 2.65265857 2.61917385]
DEBUG: Planck15 ages (Gyr): [3.2257738  2.47805874 1.98601032 1.97556603 3.14076392 1.58373792
 1.63821454 2.27701346 2.45817487 2.49188329]
DEBUG: cosmo_colibre ages (Gyr): [3.2270836  2.47979757 1.98791491 1.97747313 3.14213341 1.58570729
 1.64017908 2.2788312  2.45992219 2.49361612]
DEBUG: us.look_back_time -> ages (Gyr): [3.2270836  2.47979757 1.98791491 1.97747313 3.14213341 1.58570729
 1.64017908 2.27883121 2.45992219 2.49361613]
[21/100] subhalo 699820 done; total_formed=5.769e+00
Building SWIFTGalaxy for subhalo 702928 (soap_index=65233685)
Read masses: Nstars=59770, sum_current=8.098373e+10 Msun
DEBUG: sample z (first valid): [ 1.31102334  0.82307778 10.64773838  4.63024055  0.9040093  10.54209229
  1.28523607  7.0161458   0.95653212  2.83970002]
DEBUG: Planck15 ages (Gyr): [4.78612863 6.65561605 0.43354936 1.29056048 6.27331407 0.43952965
 4.86297625 0.76001761 6.04318092 2.28295894]
DEBUG: cosmo_colibre ages (Gyr): [4.78581348 6.6519092  0.43519235 1.29253268 6.27043623 0.44117813
 4.86255383 0.76187005 6.04076805 2.28477457]
DEBUG: us.look_back_time -> ages (Gyr): [4.78581349 6.6519092  0.43519235 1.29253268 6.27043623 0.44117813
 4.86255383 0.76187005 6.04076805 2.28477457]
[22/100] subhalo 702928 done; total_formed=1.345e+01
Building SWIFTGalaxy for subhalo 55977 (soap_index=65240786)
Read masses: Nstars=196108, sum_current=2.524248e+11 Msun
DEBUG: sample z (first valid): [9.002442   0.24394503 0.73027775 0.69203759 8.28798186 8.07323827
 3.43050297 0.95256823 3.86930678 0.87868364]
DEBUG: Planck15 ages (Gyr): [ 0.54506196 10.82425508  7.14014739  7.35572706  0.60925253  0.63103835
  1.84562352  6.06008554  1.6032539   6.38919968]
DEBUG: cosmo_colibre ages (Gyr): [ 0.54679499 10.80697513  7.13528774  7.3503177   0.61102754  0.63282625
  1.84755821  6.05763938  1.60522168  6.38607802]
DEBUG: us.look_back_time -> ages (Gyr): [ 0.54679499 10.80697514  7.13528774  7.3503177   0.61102754  0.63282625
  1.84755821  6.05763938  1.60522169  6.38607802]
[23/100] subhalo 55977 done; total_formed=4.228e+01
Building SWIFTGalaxy for subhalo 694000 (soap_index=65240797)
Read masses: Nstars=61349, sum_current=8.436095e+10 Msun
DEBUG: sample z (first valid): [0.6766271  0.79295251 1.35774932 3.35918585 1.4811085  1.06881748
 2.04478721 1.00882786 0.78552746 0.7041814 ]
DEBUG: Planck15 ages (Gyr): [7.44542725 6.80720412 4.65173599 1.89075433 4.32458786 5.59341583
 3.21352997 5.82689924 6.84538566 7.28619884]
DEBUG: cosmo_colibre ages (Gyr): [7.43978249 6.80314891 4.65160207 1.8926802  4.32486157 5.59183856
 3.21484854 5.82490021 6.84124094 7.28096925]
DEBUG: us.look_back_time -> ages (Gyr): [7.43978249 6.80314891 4.65160207 1.89268021 4.32486157 5.59183856
 3.21484854 5.82490022 6.84124094 7.28096925]
[24/100] subhalo 694000 done; total_formed=1.401e+01
Building SWIFTGalaxy for subhalo 696737 (soap_index=65250859)
Read masses: Nstars=28298, sum_current=3.783179e+10 Msun
DEBUG: sample z (first valid): [2.65673474 0.54274953 3.44402251 0.32879157 7.537224   4.40592263
 0.36091037 3.85451852 6.1694563  2.59416475]
DEBUG: Planck15 ages (Gyr): [ 2.45412272  8.29979944  1.83726885 10.00393399  0.69146003  1.37146253
  9.71689102  1.61054736  0.898576    2.51755874]
DEBUG: cosmo_colibre ages (Gyr): [2.45587175 8.29171678 1.83920508 9.9899566  0.69328053 1.37343804
 9.70399984 1.61251451 0.90047923 2.51928026]
DEBUG: us.look_back_time -> ages (Gyr): [2.45587176 8.29171679 1.83920509 9.9899566  0.69328053 1.37343804
 9.70399985 1.61251452 0.90047923 2.51928027]
[25/100] subhalo 696737 done; total_formed=6.313e+00
Building SWIFTGalaxy for subhalo 700997 (soap_index=65256914)
Read masses: Nstars=79055, sum_current=1.039056e+11 Msun
DEBUG: sample z (first valid): [6.58869847 7.20584737 1.52956616 8.68249982 2.10214901 0.9439962
 3.372273   1.45729284 0.68629065 0.72499474]
DEBUG: Planck15 ages (Gyr): [0.82515225 0.73379978 4.20608534 0.57234575 3.12687199 6.09689606
 1.88233666 4.38481148 7.38898454 7.16935019]
DEBUG: cosmo_colibre ages (Gyr): [0.82703069 0.7356406  4.20649518 0.57409738 3.12825096 6.09437694
 1.88426424 4.38501368 7.38348836 7.1644174 ]
DEBUG: us.look_back_time -> ages (Gyr): [0.82703069 0.7356406  4.20649518 0.57409739 3.12825096 6.09437695
 1.88426424 4.38501368 7.38348836 7.1644174 ]
[26/100] subhalo 700997 done; total_formed=1.736e+01
Building SWIFTGalaxy for subhalo 5415274 (soap_index=65269904)
Read masses: Nstars=24338, sum_current=3.219717e+10 Msun
DEBUG: sample z (first valid): [4.31904878 3.67080037 4.79246951 2.27712771 1.70474618 2.266999
 3.8348211  4.81611644 4.28132807 4.10723192]
DEBUG: Planck15 ages (Gyr): [1.40508093 1.70594355 1.23685924 2.88482155 3.81853685 2.89798513
 1.6203477  1.2293413  1.42010595 1.49303669]
DEBUG: cosmo_colibre ages (Gyr): [1.40705687 1.70790031 1.23882738 2.88635369 3.81934997 2.89950952
 1.62231396 1.23130875 1.42208191 1.49501122]
DEBUG: us.look_back_time -> ages (Gyr): [1.40705688 1.70790031 1.23882738 2.88635369 3.81934997 2.89950952
 1.62231397 1.23130875 1.42208191 1.49501122]
[27/100] subhalo 5415274 done; total_formed=5.364e+00
Building SWIFTGalaxy for subhalo 150311 (soap_index=65298609)
Read masses: Nstars=13082, sum_current=1.685786e+10 Msun
DEBUG: sample z (first valid): [0.36091037 0.16512587 0.2657602  7.1971232  9.002442   4.63024055
 4.00465827 3.31498551 3.21968965 4.6992782 ]
DEBUG: Planck15 ages (Gyr): [ 9.71689102 11.6760428  10.60429332  0.73497236  0.54506196  1.29056048
  1.53896442  1.91964929  1.98449009  1.2672435 ]
DEBUG: cosmo_colibre ages (Gyr): [ 9.70399984 11.65503708 10.58792718  0.73681371  0.54679499  1.29253268
  1.5409368   1.92156908  1.98639505  1.26921412]
DEBUG: us.look_back_time -> ages (Gyr): [ 9.70399985 11.65503708 10.58792718  0.73681372  0.54679499  1.29253268
  1.5409368   1.92156909  1.98639506  1.26921412]
[28/100] subhalo 150311 done; total_formed=2.822e+00
Building SWIFTGalaxy for subhalo 340508 (soap_index=65342586)
Read masses: Nstars=85824, sum_current=1.115875e+11 Msun
DEBUG: sample z (first valid): [0.5010536  2.95033153 2.02455234 5.73199795 7.76559888 1.33689916
 5.69076059 2.23315244 8.44935477 1.07090944]
DEBUG: Planck15 ages (Gyr): [8.59622639 2.18878432 3.2450391  0.98752483 0.66458835 4.7109493
 0.99666131 2.94269508 0.5936909  5.5855409 ]
DEBUG: cosmo_colibre ages (Gyr): [8.5872158  2.19063183 3.24633497 0.98945244 0.6663949  4.71073653
 0.9985911  2.94419267 0.59545629 5.5839774 ]
DEBUG: us.look_back_time -> ages (Gyr): [8.58721581 2.19063183 3.24633498 0.98945244 0.6663949  4.71073653
 0.99859111 2.94419267 0.5954563  5.5839774 ]
[29/100] subhalo 340508 done; total_formed=1.863e+01
Building SWIFTGalaxy for subhalo 429 (soap_index=65363514)
Read masses: Nstars=13869, sum_current=1.715429e+10 Msun
DEBUG: sample z (first valid): [2.5382788  4.30269439 0.77200952 7.04912798 2.72829673 6.57291426
 3.64695455 4.72216886 0.70755602 2.33075828]
DEBUG: Planck15 ages (Gyr): [2.57653258 1.41156273 6.91575155 0.75534844 2.38473537 0.82773384
 1.71901106 1.25966626 7.26705616 2.81672678]
DEBUG: cosmo_colibre ages (Gyr): [2.57822715 1.41353869 6.91144001 0.75719886 2.38651274 0.82961322
 1.72096609 1.26163631 7.26187565 2.81829793]
DEBUG: us.look_back_time -> ages (Gyr): [2.57822716 1.4135387  6.91144001 0.75719887 2.38651274 0.82961322
 1.72096609 1.26163632 7.26187565 2.81829793]
[30/100] subhalo 429 done; total_formed=2.899e+00
Building SWIFTGalaxy for subhalo 338723 (soap_index=65390762)
Read masses: Nstars=372985, sum_current=4.737357e+11 Msun
DEBUG: sample z (first valid): [0.3075818  0.30539399 5.50998311 1.07405532 0.71722042 0.21651322
 0.85109027 0.69641748 1.84864818 1.07090944]
DEBUG: Planck15 ages (Gyr): [10.20031448 10.22088977  1.03842294  5.57373146  7.21265821 11.11029244
  6.5192941   7.33053398  3.54160288  5.5855409 ]
DEBUG: cosmo_colibre ages (Gyr): [10.18557294 10.20606719  1.04036197  5.57218857  7.20761619 11.09179406
  6.51589098  7.32519003  3.54266578  5.5839774 ]
DEBUG: us.look_back_time -> ages (Gyr): [10.18557294 10.2060672   1.04036197  5.57218857  7.20761619 11.09179407
  6.51589099  7.32519003  3.54266578  5.5839774 ]
[31/100] subhalo 338723 done; total_formed=7.886e+01
Building SWIFTGalaxy for subhalo 339209 (soap_index=65390765)
Read masses: Nstars=64785, sum_current=7.985675e+10 Msun
DEBUG: sample z (first valid): [8.92142911 0.34648258 0.34648258 0.55019396 2.34094617 8.80124131
 1.90522209 3.65884695 2.1148289  2.23155819]
DEBUG: Planck15 ages (Gyr): [0.55176302 9.84432139 9.84432139 8.24849005 2.80408898 0.56196003
 3.4415601  1.71247339 3.10823095 2.94482886]
DEBUG: cosmo_colibre ages (Gyr): [0.55350072 9.83095254 9.83095254 8.24056375 2.80566717 0.56370472
 3.44270554 1.7144293  3.10962252 2.94632515]
DEBUG: us.look_back_time -> ages (Gyr): [0.55350073 9.83095254 9.83095254 8.24056375 2.80566717 0.56370473
 3.44270554 1.7144293  3.10962253 2.94632515]
[32/100] subhalo 339209 done; total_formed=1.345e+01
Building SWIFTGalaxy for subhalo 153883 (soap_index=65418155)
Read masses: Nstars=261759, sum_current=3.393125e+11 Msun
DEBUG: sample z (first valid): [0.006141   0.17878984 1.71730658 2.04139595 3.85451852 1.12310483
 1.72001328 4.43912358 1.52703015 1.2167501 ]
DEBUG: Planck15 ages (Gyr): [13.70937061 11.52166237  3.79298534  3.2187758   1.61054736  5.39458506
  3.7875154   1.35896528  4.21215678  5.07690585]
DEBUG: cosmo_colibre ages (Gyr): [13.67837401 11.50135343  3.79382283  3.22009063  1.61251451  5.39334668
  3.78835808  1.3609405   4.21255979  5.07617069]
DEBUG: us.look_back_time -> ages (Gyr): [13.67837401 11.50135343  3.79382283  3.22009063  1.61251452  5.39334668
  3.78835808  1.3609405   4.21255979  5.07617069]
[33/100] subhalo 153883 done; total_formed=5.694e+01
Building SWIFTGalaxy for subhalo 2736372 (soap_index=65555080)
Read masses: Nstars=47529, sum_current=6.343823e+10 Msun
DEBUG: sample z (first valid): [3.48938211 3.70872252 1.60518365 0.96450839 0.83450901 0.19443027
 0.24140021 0.16803308 0.73909351 4.22240816]
DEBUG: Planck15 ages (Gyr): [ 1.80969001  1.68549813  4.03133703  6.00938773  6.59945777 11.34850319
 10.85034186 11.6429502   7.09182127  1.4441145 ]
DEBUG: cosmo_colibre ages (Gyr): [ 1.81163113  1.68745744  4.03193659  6.007041    6.59587714 11.32896464
 10.8329522  11.62209462  7.08708173  1.44609026]
DEBUG: us.look_back_time -> ages (Gyr): [ 1.81163114  1.68745744  4.03193659  6.00704101  6.59587714 11.32896464
 10.8329522  11.62209462  7.08708173  1.44609026]
[34/100] subhalo 2736372 done; total_formed=1.048e+01
Building SWIFTGalaxy for subhalo 134041 (soap_index=65619988)
Read masses: Nstars=19803, sum_current=2.469771e+10 Msun
DEBUG: sample z (first valid): [2.75866024 1.99771293 6.66592584 2.66983985 9.54481094 2.15775272
 3.33324517 2.59811134 6.13977557 2.78733241]
DEBUG: Planck15 ages (Gyr): [2.35626515 3.28761746 0.81271204 2.44116908 0.5034815  3.04645698
 1.90762453 2.51347814 0.90418359 2.32989117]
DEBUG: cosmo_colibre ages (Gyr): [2.35805362 3.28888205 0.81458582 2.44292353 0.50518377 3.04788937
 1.90954689 2.51520148 0.90608854 2.33168964]
DEBUG: us.look_back_time -> ages (Gyr): [2.35805362 3.28888205 0.81458582 2.44292354 0.50518377 3.04788937
 1.9095469  2.51520148 0.90608854 2.33168964]
[35/100] subhalo 134041 done; total_formed=4.171e+00
Building SWIFTGalaxy for subhalo 155287 (soap_index=65619994)
Read masses: Nstars=20641, sum_current=2.760956e+10 Msun
DEBUG: sample z (first valid): [2.06615514 2.77946943 2.33143554 5.48999802 2.32636281 2.71561402
 4.46953764 4.95944348 2.35462735 2.91821117]
DEBUG: Planck15 ages (Gyr): [3.18079535 2.33707531 2.81588376 1.04321794 2.82220813 2.39679545
 1.34768195 1.18535326 2.78726355 2.21545717]
DEBUG: cosmo_colibre ages (Gyr): [3.18213708 2.33887108 2.81745538 1.04515796 2.82377621 2.39856802
 1.34965683 1.18731604 2.78885103 2.217296  ]
DEBUG: us.look_back_time -> ages (Gyr): [3.18213709 2.33887109 2.81745539 1.04515796 2.82377621 2.39856803
 1.34965684 1.18731605 2.78885103 2.217296  ]
[36/100] subhalo 155287 done; total_formed=4.641e+00
Building SWIFTGalaxy for subhalo 717227 (soap_index=65639787)
Read masses: Nstars=34941, sum_current=5.095626e+10 Msun
DEBUG: sample z (first valid): [4.6760783  2.52913301 4.95944348 5.13116288 6.27208167 6.83923445
 6.36856308 0.42966841 0.41877381 0.82510861]
DEBUG: Planck15 ages (Gyr): [1.27500058 2.58640005 1.18535326 1.13599459 0.87962528 0.78590204
 0.86240703 9.14167577 9.22941555 6.64558527]
DEBUG: cosmo_colibre ages (Gyr): [1.27697176 2.58808998 1.18731604 1.13795085 0.88152254 0.78776529
 0.86429861 9.13084913 9.21828381 6.64190107]
DEBUG: us.look_back_time -> ages (Gyr): [1.27697176 2.58808999 1.18731605 1.13795085 0.88152255 0.78776529
 0.86429862 9.13084913 9.21828381 6.64190107]
[37/100] subhalo 717227 done; total_formed=8.416e+00
Building SWIFTGalaxy for subhalo 1261199 (soap_index=65665898)
Read masses: Nstars=25755, sum_current=3.434720e+10 Msun
DEBUG: sample z (first valid): [4.53934579 4.52813159 2.43012666 1.48242424 1.93962501 1.93672701
 1.6911958  2.21949302 1.48242424 2.91633799]
DEBUG: Planck15 ages (Gyr): [1.32236353 1.32637732 2.69732162 4.32129953 3.38295251 3.38782651
 3.84641654 2.96105959 4.32129953 2.21702919]
DEBUG: cosmo_colibre ages (Gyr): [1.32433742 1.32835139 2.69895688 4.3215771  3.38414442 3.38901461
 3.84720276 2.96254594 4.3215771  2.2188675 ]
DEBUG: us.look_back_time -> ages (Gyr): [1.32433743 1.32835139 2.69895688 4.32157711 3.38414442 3.38901462
 3.84720276 2.96254594 4.32157711 2.2188675 ]
[38/100] subhalo 1261199 done; total_formed=5.760e+00
Building SWIFTGalaxy for subhalo 1299115 (soap_index=65758507)
Read masses: Nstars=38428, sum_current=5.143190e+10 Msun
DEBUG: sample z (first valid): [9.08401293 2.88154466 1.2684666  2.10214901 0.73210699 1.05738683
 0.41375442 1.13722932 1.90857447 4.34594991]
DEBUG: Planck15 ages (Gyr): [0.53845035 2.2465666  4.91401292 3.12687199 7.13007844 5.63675592
 9.27025841 5.34468187 3.43577662 1.3945259 ]
DEBUG: cosmo_colibre ages (Gyr): [0.54017868 2.24839495 4.91351778 3.12825096 7.1252439  5.63510231
 9.25898343 5.34352564 3.43692671 1.39650177]
DEBUG: us.look_back_time -> ages (Gyr): [0.54017869 2.24839495 4.91351779 3.12825096 7.12524391 5.63510231
 9.25898343 5.34352564 3.43692671 1.39650178]
[39/100] subhalo 1299115 done; total_formed=8.541e+00
Building SWIFTGalaxy for subhalo 161009 (soap_index=65811799)
Read masses: Nstars=43067, sum_current=6.292549e+10 Msun
DEBUG: sample z (first valid): [7.12295488 0.01329705 1.0766842  6.03251422 6.38683499 0.1968734
 0.17045292 8.37299771 0.5895993  2.86278439]
DEBUG: Planck15 ages (Gyr): [ 0.74506813 13.60753254  5.563893    0.92494157  0.85920923 11.32179106
 11.6155071   0.60097084  7.9846827   2.26276327]
DEBUG: cosmo_colibre ages (Gyr): [ 0.74691403 13.57706984  5.56236722  0.92685264  0.86109973 11.30237028
 11.5947757   0.60274077  7.97754031  2.26458602]
DEBUG: us.look_back_time -> ages (Gyr): [ 0.74691404 13.57706984  5.56236722  0.92685265  0.86109973 11.30237028
 11.5947757   0.60274077  7.97754031  2.26458602]
[40/100] subhalo 161009 done; total_formed=1.029e+01
Building SWIFTGalaxy for subhalo 647192 (soap_index=65822363)
Read masses: Nstars=28953, sum_current=3.888025e+10 Msun
DEBUG: sample z (first valid): [4.50583886 0.54042873 0.33149126 0.56874761 0.54274953 0.72064692
 5.1937435  0.64547554 3.99931345 0.65645536]
DEBUG: Planck15 ages (Gyr): [1.33441663 8.31589312 9.97933351 8.12266871 8.29979944 7.19352108
 1.11884908 7.63191999 1.54142163 7.56538451]
DEBUG: cosmo_colibre ages (Gyr): [1.33639103 8.30776117 9.96545066 8.11512047 8.29171678 7.18852743
 1.12080273 7.62577328 1.54339386 7.55941882]
DEBUG: us.look_back_time -> ages (Gyr): [1.33639104 8.30776117 9.96545066 8.11512048 8.29171679 7.18852744
 1.12080274 7.62577328 1.54339386 7.55941882]
[41/100] subhalo 647192 done; total_formed=6.472e+00
Building SWIFTGalaxy for subhalo 1352226 (soap_index=66075278)
Read masses: Nstars=19739, sum_current=2.591206e+10 Msun
DEBUG: sample z (first valid): [4.29755072 5.37261766 0.13936022 3.31953599 4.41709373 0.85970488
 1.86008554 0.08625605 1.12848327 1.67756169]
DEBUG: Planck15 ages (Gyr): [ 1.4136116   1.07213871 11.975271    1.91664091  1.36723638  6.47824048
  3.52099892 12.62726054  5.3754959   3.87480284]
DEBUG: cosmo_colibre ages (Gyr): [ 1.41558756  1.07408437 11.95288849  1.91856135  1.3692118   6.47492707
  3.52207915 12.60176238  5.37428908  3.87556134]
DEBUG: us.look_back_time -> ages (Gyr): [ 1.41558757  1.07408437 11.95288849  1.91856136  1.3692118   6.47492707
  3.52207915 12.60176238  5.37428908  3.87556134]
[42/100] subhalo 1352226 done; total_formed=4.346e+00
Building SWIFTGalaxy for subhalo 1349575 (soap_index=66098533)
Read masses: Nstars=57830, sum_current=7.795840e+10 Msun
DEBUG: sample z (first valid): [6.85520796 7.50233524 1.55540825 0.92979976 5.21901689 3.90392098
 1.04582631 1.00673648 5.09410452 1.27840356]
DEBUG: Planck15 ages (Gyr): [0.7835051  0.69572429 4.14501291 6.15863266 1.11204625 1.58639473
 5.68112903 5.83531414 1.1463544  4.88366795]
DEBUG: cosmo_colibre ages (Gyr): [0.78536738 0.69754692 4.14549053 6.15598971 1.11399882 1.5883639
 5.67939634 5.83329942 1.14831214 4.88321619]
DEBUG: us.look_back_time -> ages (Gyr): [0.78536738 0.69754693 4.14549053 6.15598971 1.11399883 1.5883639
 5.67939634 5.83329942 1.14831215 4.88321619]
[43/100] subhalo 1349575 done; total_formed=1.305e+01
Building SWIFTGalaxy for subhalo 667947 (soap_index=66164484)
Read masses: Nstars=29452, sum_current=4.079443e+10 Msun
DEBUG: sample z (first valid): [6.51215039 2.75866024 3.16869156 7.1971232  5.35654704 1.78852864
 6.58869847 0.95396541 0.55136824 5.44595259]
DEBUG: Planck15 ages (Gyr): [0.8377985  2.35626515 2.02069173 0.73497236 1.07620189 3.65320307
 0.82515225 6.0541186  8.24044008 1.05391653]
DEBUG: cosmo_colibre ages (Gyr): [0.83968153 2.35805362 2.02258769 0.73681371 1.07814829 3.6541691
 0.82703069 6.05168421 8.2325382  1.05585869]
DEBUG: us.look_back_time -> ages (Gyr): [0.83968154 2.35805362 2.02258769 0.73681372 1.07814829 3.6541691
 0.82703069 6.05168421 8.2325382  1.05585869]
[44/100] subhalo 667947 done; total_formed=6.751e+00
Building SWIFTGalaxy for subhalo 2622087 (soap_index=66166088)
Read masses: Nstars=34105, sum_current=4.889319e+10 Msun
DEBUG: sample z (first valid): [4.0350338  0.37047261 0.6766271  0.093433   0.09650649 1.13388903
 0.53999436 0.72845237 0.73449079 0.84069206]
DEBUG: Planck15 ages (Gyr): [ 1.52512216  9.63376163  7.44542725 12.53625526 12.49756563  5.35641728
  8.31891051  7.15021685  7.11698958  6.56938752]
DEBUG: cosmo_colibre ages (Gyr): [ 1.52709529  9.62117813  7.43978249 12.51120125 12.47269955  5.35524183
  8.31076929  7.14533203  7.11218763  6.56587385]
DEBUG: us.look_back_time -> ages (Gyr): [ 1.52709529  9.62117813  7.43978249 12.51120125 12.47269955  5.35524183
  8.31076929  7.14533203  7.11218763  6.56587385]
[45/100] subhalo 2622087 done; total_formed=8.061e+00
Building SWIFTGalaxy for subhalo 51721 (soap_index=66172686)
Read masses: Nstars=399880, sum_current=5.195369e+11 Msun
DEBUG: sample z (first valid): [0.01947607 0.0083082  0.00892912 0.0094886  0.00355262 0.00116101
 0.00207951 0.0029383  0.00281552 0.01079647]
DEBUG: Planck15 ages (Gyr): [13.52044887 13.6784167  13.66956625 13.66159838 13.74646874 13.78087148
 13.76764484 13.75529413 13.75705887 13.64299763]
DEBUG: cosmo_colibre ages (Gyr): [13.49044008 13.64758272 13.63877871 13.63085264 13.71527683 13.74949807
 13.73634126 13.7240557  13.72581113 13.61234937]
DEBUG: us.look_back_time -> ages (Gyr): [13.49044008 13.64758272 13.63877871 13.63085264 13.71527683 13.74949807
 13.73634126 13.7240557  13.72581113 13.61234937]
[46/100] subhalo 51721 done; total_formed=8.685e+01
Building SWIFTGalaxy for subhalo 1344444 (soap_index=66172732)
Read masses: Nstars=27128, sum_current=3.568692e+10 Msun
DEBUG: sample z (first valid): [2.49004154 1.11926012 1.13333333 2.09365559 1.57772184 2.91867974
 9.60882234 2.66245669 1.99278473 3.98031765]
DEBUG: Planck15 ages (Gyr): [2.62928486 5.40829654 5.35837357 3.13946085 4.09342184 2.21506422
 0.4989226  2.44845302 3.2955347  1.5502075 ]
DEBUG: cosmo_colibre ages (Gyr): [2.63095421 5.40703538 5.35719492 3.14083122 4.09395549 2.21690317
 0.50062131 2.45020443 3.29679339 1.55217921]
DEBUG: us.look_back_time -> ages (Gyr): [2.63095421 5.40703538 5.35719492 3.14083123 4.09395549 2.21690318
 0.50062132 2.45020444 3.2967934  1.55217921]
[47/100] subhalo 1344444 done; total_formed=6.002e+00
Building SWIFTGalaxy for subhalo 5305242 (soap_index=66172937)
Read masses: Nstars=7930, sum_current=1.147794e+10 Msun
DEBUG: sample z (first valid): [3.48477383 3.27808604 8.29720528 1.57751907 1.8807033  0.76665948
 1.12145539 0.76665948 1.80116259 2.6107989 ]
DEBUG: Planck15 ages (Gyr): [1.81246051 1.94433513 0.6083449  4.09388597 3.484346   6.9439086
 5.40046075 6.9439086  3.62928045 2.50043322]
DEBUG: cosmo_colibre ages (Gyr): [1.81440116 1.94624947 0.61011935 4.09441912 3.48545663 6.93952963
 5.39921262 6.93952963 3.63026767 2.50216232]
DEBUG: us.look_back_time -> ages (Gyr): [1.81440117 1.94624947 0.61011936 4.09441912 3.48545664 6.93952963
 5.39921262 6.93952963 3.63026767 2.50216232]
[48/100] subhalo 5305242 done; total_formed=1.901e+00
Building SWIFTGalaxy for subhalo 53451 (soap_index=66260836)
Read masses: Nstars=25664, sum_current=3.585264e+10 Msun
DEBUG: sample z (first valid): [7.537224   5.24449738 5.28883984 7.77440086 5.23202739 0.06444906
 3.96898931 0.10800027 3.94387447 3.2112839 ]
DEBUG: Planck15 ages (Gyr): [ 0.69146003  1.10525693  1.09360469  0.66358752  1.10857096 12.9095614
  1.55548663 12.35436564  1.56729723  1.99038295]
DEBUG: cosmo_colibre ages (Gyr): [ 0.69328053  1.10720839  1.09555419  0.66539354  1.11052296 12.88266692
  1.557458   12.33019046  1.56926781  1.99228648]
DEBUG: us.look_back_time -> ages (Gyr): [ 0.69328053  1.1072084   1.09555419  0.66539354  1.11052297 12.88266692
  1.55745801 12.33019046  1.56926781  1.99228648]
[49/100] subhalo 53451 done; total_formed=5.902e+00
Building SWIFTGalaxy for subhalo 53642 (soap_index=66274082)
Read masses: Nstars=401594, sum_current=5.092987e+11 Msun
DEBUG: sample z (first valid): [0.21093865 0.08791501 1.2530253  1.13014367 1.34643752 0.51255539
 1.87994375 6.71283983 3.89915527 1.78001188]
DEBUG: Planck15 ages (Gyr): [11.16974473 12.60614196  4.96176703  5.36962443  4.68371205  8.51289403
  3.48568524  0.80530626  1.58869844  3.6694746 ]
DEBUG: cosmo_colibre ages (Gyr): [11.15098889 12.58074713  4.96120278  5.36842728  4.68353574  8.50414854
  3.48679477  0.80717719  1.59066742  3.67042608]
DEBUG: us.look_back_time -> ages (Gyr): [11.1509889  12.58074713  4.96120278  5.36842728  4.68353574  8.50414854
  3.48679477  0.8071772   1.59066743  3.67042608]
[50/100] subhalo 53642 done; total_formed=8.525e+01
Building SWIFTGalaxy for subhalo 679716 (soap_index=66274094)
Read masses: Nstars=24993, sum_current=3.319667e+10 Msun
DEBUG: sample z (first valid): [4.01999234 6.30124777 9.58739903 0.01123318 8.6143182  4.37312454
 2.37849263 0.04250445 0.0813094  0.07421977]
DEBUG: Planck15 ages (Gyr): [ 1.53195072  0.87436042  0.5004407  13.63679456  0.57845436  1.38399642
  2.75830718 13.20269239 12.69052861 12.78198729]
DEBUG: cosmo_colibre ages (Gyr): [ 1.53392348  0.87625597  0.50214061 13.60617878  0.58021     1.38597216
  2.75991037 13.17431903 12.66471994 12.75572726]
DEBUG: us.look_back_time -> ages (Gyr): [ 1.53392349  0.87625597  0.50214061 13.60617878  0.58021     1.38597216
  2.75991038 13.17431903 12.66471994 12.75572726]
[51/100] subhalo 679716 done; total_formed=5.584e+00
Building SWIFTGalaxy for subhalo 53979 (soap_index=66367122)
Read masses: Nstars=34872, sum_current=4.921736e+10 Msun
DEBUG: sample z (first valid): [0.04144419 0.15040022 3.60483418 4.81611644 1.58137703 5.67712685
 7.34853503 4.28644027 0.1012973  0.01896884]
DEBUG: Planck15 ages (Gyr): [13.21709108 11.84573858  1.74250176  1.2293413   4.08506952  0.99971292
  0.71505437  1.41805407 12.4375937  13.52756807]
DEBUG: cosmo_colibre ages (Gyr): [13.18864434 11.82395627  1.74445351  1.23130875  4.08561213  1.00164342
  0.71688643  1.42003004 12.41301787 13.49752227]
DEBUG: us.look_back_time -> ages (Gyr): [13.18864434 11.82395627  1.74445352  1.23130875  4.08561213  1.00164342
  0.71688644  1.42003004 12.41301787 13.49752227]
[52/100] subhalo 53979 done; total_formed=8.088e+00
Building SWIFTGalaxy for subhalo 701071 (soap_index=66371610)
Read masses: Nstars=16061, sum_current=2.257721e+10 Msun
DEBUG: sample z (first valid): [2.41120133 1.31428773 1.78024775 1.8839993  3.49399986 1.94517347
 1.97999272 1.29805737 3.86930678 4.74222378]
DEBUG: Planck15 ages (Gyr): [2.71941526 4.77653897 3.66902237 3.47854416 1.80692082 3.37365265
 3.3162311  4.82452367 1.6032539  1.2530893 ]
DEBUG: cosmo_colibre ages (Gyr): [2.72103907 4.77623703 3.66997425 3.47965956 1.80886242 3.37485181
 3.31747426 4.82415526 1.60522168 1.25505883]
DEBUG: us.look_back_time -> ages (Gyr): [2.72103907 4.77623703 3.66997426 3.47965956 1.80886243 3.37485181
 3.31747426 4.82415526 1.60522169 1.25505883]
[53/100] subhalo 701071 done; total_formed=3.791e+00
Building SWIFTGalaxy for subhalo 52994 (soap_index=66409840)
Read masses: Nstars=94787, sum_current=1.286793e+11 Msun
DEBUG: sample z (first valid): [8.14732361 0.53768184 7.5544968  1.11556589 6.71283983 3.32809404
 3.65652977 1.95473399 1.14044026 2.02762635]
DEBUG: Planck15 ages (Gyr): [0.623378   8.3350022  0.68936492 5.42152337 0.80530626 1.91100413
 1.71374399 3.35772555 5.33343924 3.24021991]
DEBUG: cosmo_colibre ages (Gyr): [0.62516144 8.32681154 0.69118437 5.42024016 0.80717719 1.91292578
 1.71569973 3.35893704 5.33230135 3.24151929]
DEBUG: us.look_back_time -> ages (Gyr): [0.62516144 8.32681154 0.69118437 5.42024016 0.8071772  1.91292578
 1.71569973 3.35893705 5.33230135 3.24151929]
[54/100] subhalo 52994 done; total_formed=2.148e+01
Building SWIFTGalaxy for subhalo 9416074 (soap_index=66412798)
Read masses: Nstars=27515, sum_current=3.888063e+10 Msun
DEBUG: sample z (first valid): [0.08352622 0.04891165 2.0785419  5.30821061 0.28835417 4.44997921
 3.66116643 2.26049751 5.5964771  0.15510434]
DEBUG: Planck15 ages (Gyr): [12.66212011 13.1161478   3.16206805  1.08857835 10.38322371  1.35492002
  1.71120309  2.90648662  1.01808638 11.79114978]
DEBUG: cosmo_colibre ages (Gyr): [12.63645104 13.08821409  3.16342284  1.09052697 10.36775531  1.35689512
  1.71315916  2.90800597  1.02002105 11.76961849]
DEBUG: us.look_back_time -> ages (Gyr): [12.63645104 13.08821409  3.16342285  1.09052697 10.36775531  1.35689513
  1.71315916  2.90800598  1.02002106 11.76961849]
[55/100] subhalo 9416074 done; total_formed=6.275e+00
Building SWIFTGalaxy for subhalo 684645 (soap_index=66427275)
Read masses: Nstars=169013, sum_current=2.257129e+11 Msun
DEBUG: sample z (first valid): [1.61578989 5.26958768 1.69385071 1.69939863 1.66536522 1.81415321
 1.83926869 7.16393647 0.64382462 1.0047721 ]
DEBUG: Planck15 ages (Gyr): [4.00776507 1.09863857 3.84092817 3.82950011 3.90048463 3.60494676
 3.55864645 0.73946144 7.64200116 5.84323544]
DEBUG: cosmo_colibre ages (Gyr): [4.00838922 1.10058892 3.84171972 3.83030269 3.90121776 3.6059553
 3.55969488 0.74130483 7.63582682 5.84120593]
DEBUG: us.look_back_time -> ages (Gyr): [4.00838922 1.10058893 3.84171972 3.83030269 3.90121776 3.6059553
 3.55969488 0.74130484 7.63582683 5.84120593]
[56/100] subhalo 684645 done; total_formed=3.769e+01
Building SWIFTGalaxy for subhalo 1403193 (soap_index=66461745)
Read masses: Nstars=326714, sum_current=4.116130e+11 Msun
DEBUG: sample z (first valid): [0.2727414  0.90933458 4.10723192 0.81399469 0.48057112 0.47603604
 0.53021388 3.46673937 0.44047828 3.00268735]
DEBUG: Planck15 ages (Gyr): [10.53526484  6.24936304  1.49303669  6.70076766  8.74767041  8.78173952
  8.38728815  1.82337064  9.05583226  2.1464282 ]
DEBUG: cosmo_colibre ages (Gyr): [10.51918126  6.24653478  1.49501122  6.69695821  8.73816962  8.77212697
  8.37893599  1.82530938  9.04530066  2.14828895]
DEBUG: us.look_back_time -> ages (Gyr): [10.51918126  6.24653478  1.49501122  6.69695821  8.73816963  8.77212698
  8.37893599  1.82530938  9.04530066  2.14828895]
[57/100] subhalo 1403193 done; total_formed=6.878e+01
Building SWIFTGalaxy for subhalo 5338450 (soap_index=66485201)
Read masses: Nstars=44031, sum_current=6.181630e+10 Msun
DEBUG: sample z (first valid): [0.17878984 0.24678487 0.04676719 0.13305671 4.95944348 5.86312703
 0.64547554 0.47976879 4.56191123 3.86424701]
DEBUG: Planck15 ages (Gyr): [11.52166237 10.79525057 13.145025   12.05013384  1.18535326  0.95937722
  7.63191999  8.75368346  1.3143477   1.60574317]
DEBUG: cosmo_colibre ages (Gyr): [11.50135343 10.77809228 13.11694488 12.02740155  1.18731604  0.96129775
  7.62577328  8.74416299  1.31632122  1.60771074]
DEBUG: us.look_back_time -> ages (Gyr): [11.50135343 10.77809228 13.11694488 12.02740155  1.18731605  0.96129775
  7.62577328  8.744163    1.31632122  1.60771075]
[58/100] subhalo 5338450 done; total_formed=1.019e+01
Building SWIFTGalaxy for subhalo 330217 (soap_index=66619460)
Read masses: Nstars=33018, sum_current=4.280202e+10 Msun
DEBUG: sample z (first valid): [1.00073269 2.92243237 5.88403361 1.61307815 6.77598481 4.65306651
 6.8712467  8.41135923 1.95766766 1.26909494]
DEBUG: Planck15 ages (Gyr): [5.85957738 2.21192135 0.95501267 4.01377058 0.79551386 1.28277292
 0.78111057 0.59729499 3.35286285 4.91208523]
DEBUG: cosmo_colibre ages (Gyr): [5.85751725 2.21376134 0.95693204 4.01438848 0.79738096 1.28474463
 0.78297187 0.59906264 3.35407809 4.91159286]
DEBUG: us.look_back_time -> ages (Gyr): [5.85751726 2.21376135 0.95693204 4.01438849 0.79738096 1.28474463
 0.78297187 0.59906264 3.3540781  4.91159286]
[59/100] subhalo 330217 done; total_formed=7.181e+00
Building SWIFTGalaxy for subhalo 153016 (soap_index=66629637)
Read masses: Nstars=57121, sum_current=7.937957e+10 Msun
DEBUG: sample z (first valid): [2.35462735 1.7345406  3.10343748 2.07046477 0.90600279 2.24596335
 3.52815588 1.41955254 4.24413859 2.02762635]
DEBUG: Planck15 ages (Gyr): [2.78726355 3.75837473 2.06862971 3.1742592  6.26433139 2.92564029
 1.78665395 4.48304827 1.43518202 3.24021991]
DEBUG: cosmo_colibre ages (Gyr): [2.78885103 3.7592448  2.07051296 3.17560551 6.26147217 2.92714819
 1.78859893 4.48313042 1.43715788 3.24151929]
DEBUG: us.look_back_time -> ages (Gyr): [2.78885103 3.7592448  2.07051297 3.17560551 6.26147217 2.9271482
 1.78859893 4.48313042 1.43715789 3.24151929]
[60/100] subhalo 153016 done; total_formed=1.328e+01
Building SWIFTGalaxy for subhalo 697997 (soap_index=66629700)
Read masses: Nstars=27783, sum_current=3.693499e+10 Msun
DEBUG: sample z (first valid): [0.92843691 0.5565267  1.42384792 6.46593757 7.1476969  2.86871311
 0.52112153 0.51802094 1.18876495 3.05594752]
DEBUG: Planck15 ages (Gyr): [6.16461067 8.20521712 4.4716901  0.84558995 0.74167476 2.25762396
 8.45161339 8.47371801 5.16866477 2.10471084]
DEBUG: cosmo_colibre ages (Gyr): [6.16195564 8.1974217  4.47178635 0.84747574 0.74351915 2.2594485
 8.44306074 8.46509601 5.16778905 2.10658395]
DEBUG: us.look_back_time -> ages (Gyr): [6.16195564 8.1974217  4.47178635 0.84747574 0.74351915 2.2594485
 8.44306074 8.46509601 5.16778905 2.10658395]
[61/100] subhalo 697997 done; total_formed=6.216e+00
Building SWIFTGalaxy for subhalo 1397738 (soap_index=66629763)
Read masses: Nstars=26177, sum_current=3.361885e+10 Msun
DEBUG: sample z (first valid): [6.71283983 1.40675725 2.04054932 2.52647439 2.08637091 3.47803211
 2.12046472 0.99512908 2.67189601 5.24449738]
DEBUG: Planck15 ages (Gyr): [0.80530626 4.51715841 3.22008762 2.58928012 3.15032424 1.81652631
 3.10000383 5.88236654 2.43914689 1.10525693]
DEBUG: cosmo_colibre ages (Gyr): [0.80717719 4.51719788 3.2214015  2.59096869 3.15168716 1.81846625
 3.10140092 5.88026351 2.44090219 1.10720839]
DEBUG: us.look_back_time -> ages (Gyr): [0.8071772  4.51719789 3.2214015  2.59096869 3.15168716 1.81846626
 3.10140093 5.88026351 2.44090219 1.1072084 ]
[62/100] subhalo 1397738 done; total_formed=5.670e+00
Building SWIFTGalaxy for subhalo 1423479 (soap_index=66629847)
Read masses: Nstars=3584, sum_current=6.365276e+09 Msun
DEBUG: sample z (first valid): [2.08027825 2.21412457 1.85286436 3.41706544 2.92431138 1.359447
 1.30744314 1.37466483 2.4818829  2.37918944]
DEBUG: Planck15 ages (Gyr): [3.1594573  2.96832868 3.53398483 1.85398997 2.21035042 4.64696716
 4.79668148 4.60456738 2.63838269 2.75746914]
DEBUG: cosmo_colibre ages (Gyr): [3.1608139  2.96981055 3.53505415 1.85592308 2.21219093 4.64683951
 4.79635175 4.60449515 2.64004758 2.75907279]
DEBUG: us.look_back_time -> ages (Gyr): [3.16081391 2.96981055 3.53505416 1.85592309 2.21219094 4.64683951
 4.79635176 4.60449515 2.64004759 2.75907279]
[63/100] subhalo 1423479 done; total_formed=1.066e+00
Building SWIFTGalaxy for subhalo 1423810 (soap_index=66629854)
Read masses: Nstars=11849, sum_current=1.571590e+10 Msun
DEBUG: sample z (first valid): [0.80838852 0.77047763 1.88857546 1.56320401 1.88653982 2.51399464
 2.21759623 1.431943   5.78637258 0.79138421]
DEBUG: Planck15 ages (Gyr): [6.72887244 6.92379582 3.47051493 4.12686972 3.47408289 2.60287007
 2.96362459 4.45040968 0.97568859 6.8152413 ]
DEBUG: cosmo_colibre ages (Gyr): [6.72499864 6.91946505 3.47163689 4.12736717 3.47520194 2.60455219
 2.96510936 4.45053218 0.97761329 6.8111673 ]
DEBUG: us.look_back_time -> ages (Gyr): [6.72499864 6.91946505 3.47163689 4.12736717 3.47520194 2.60455219
 2.96510936 4.45053218 0.97761329 6.8111673 ]
[64/100] subhalo 1423810 done; total_formed=2.622e+00
Building SWIFTGalaxy for subhalo 1582904 (soap_index=66629869)
Read masses: Nstars=20055, sum_current=2.699829e+10 Msun
DEBUG: sample z (first valid): [6.61957912 4.85142857 2.41475615 3.53285378 1.86884959 2.34674701
 5.32098765 9.76124795 3.44854738 2.26049751]
DEBUG: Planck15 ages (Gyr): [0.8201401  1.21825501 2.71524271 1.78389582 3.50534245 2.79693468
 1.08528391 0.48833884 1.83448658 2.90648662]
DEBUG: cosmo_colibre ages (Gyr): [0.82201667 1.22022138 2.7168687  1.78584125 3.50643572 2.79851683
 1.08723195 0.49002913 1.83642332 2.90800597]
DEBUG: us.look_back_time -> ages (Gyr): [0.82201668 1.22022139 2.7168687  1.78584125 3.50643573 2.79851683
 1.08723195 0.49002913 1.83642333 2.90800598]
[65/100] subhalo 1582904 done; total_formed=4.535e+00
Building SWIFTGalaxy for subhalo 56280 (soap_index=66697235)
Read masses: Nstars=70912, sum_current=9.415545e+10 Msun
DEBUG: sample z (first valid): [1.60166733 1.713706   3.32067511 1.63133382 1.57954814 1.91219339
 3.95921302 2.02232061 3.0947204  2.79215369]
DEBUG: Planck15 ages (Gyr): [4.03920142 3.80028155 1.91588904 3.97361959 4.0892452  3.42955106
 1.56006649 3.24854515 2.07517576 2.3255041 ]
DEBUG: cosmo_colibre ages (Gyr): [4.03979272 3.80111211 1.91780965 3.97427895 4.08978333 3.43070613
 1.56203756 3.24983848 2.07705721 2.32730421]
DEBUG: us.look_back_time -> ages (Gyr): [4.03979272 3.80111212 1.91780965 3.97427895 4.08978333 3.43070613
 1.56203756 3.24983848 2.07705721 2.32730422]
[66/100] subhalo 56280 done; total_formed=1.586e+01
Building SWIFTGalaxy for subhalo 710007 (soap_index=66697293)
Read masses: Nstars=16235, sum_current=2.121126e+10 Msun
DEBUG: sample z (first valid): [1.53524178 7.33155352 1.48694596 2.2768     1.82555833 2.67189601
 2.44563617 1.60476948 4.07873528 1.29821854]
DEBUG: Planck15 ages (Gyr): [4.19254837 0.71724334 4.31002936 2.88524592 3.5838008  2.43914689
 2.67943451 4.03226207 1.505566   4.82404337]
DEBUG: cosmo_colibre ages (Gyr): [4.19297337 0.71907645 4.31032013 2.88677781 3.58482767 2.44090219
 2.6810789  4.03286066 1.50754004 4.82367563]
DEBUG: us.look_back_time -> ages (Gyr): [4.19297337 0.71907645 4.31032013 2.88677782 3.58482767 2.44090219
 2.68107891 4.03286066 1.50754004 4.82367564]
[67/100] subhalo 710007 done; total_formed=3.551e+00
Building SWIFTGalaxy for subhalo 2677594 (soap_index=66697426)
Read masses: Nstars=14548, sum_current=1.949312e+10 Msun
DEBUG: sample z (first valid): [1.83337657 1.80547945 1.58667509 5.20782419 1.61578989 3.14234246
 1.61016409 3.72979215 1.49546874 1.18307795]
DEBUG: Planck15 ages (Gyr): [3.56942143 3.62116468 4.07301191 1.11505049 4.00776507 2.03982565
 4.02024037 1.67431328 4.28891497 5.18763372]
DEBUG: cosmo_colibre ages (Gyr): [3.57046065 3.62215904 4.0735674  1.11700354 4.00838922 2.04171664
 4.02085154 1.67627391 4.2892303  5.18672846]
DEBUG: us.look_back_time -> ages (Gyr): [3.57046066 3.62215904 4.0735674  1.11700354 4.00838922 2.04171665
 4.02085154 1.67627391 4.2892303  5.18672846]
[68/100] subhalo 2677594 done; total_formed=3.278e+00
Building SWIFTGalaxy for subhalo 2684604 (soap_index=66697455)
Read masses: Nstars=15370, sum_current=1.971013e+10 Msun
DEBUG: sample z (first valid): [1.94464414 2.03716749 2.52571552 6.85520796 3.32609413 1.88095657
 1.71213375 4.247918   2.00238226 2.2210754 ]
DEBUG: Planck15 ages (Gyr): [3.37453806 3.2253363  2.59010316 0.7835051  1.91231892 3.48389962
 3.80347471 1.43363781 3.28014468 2.95892256]
DEBUG: cosmo_colibre ages (Gyr): [3.37573654 3.22664642 2.59179135 0.78536738 1.91424029 3.48501062
 3.80430223 1.43561369 3.28141481 2.96041022]
DEBUG: us.look_back_time -> ages (Gyr): [3.37573654 3.22664642 2.59179135 0.78536738 1.91424029 3.48501062
 3.80430223 1.43561369 3.28141481 2.96041022]
[69/100] subhalo 2684604 done; total_formed=3.317e+00
Building SWIFTGalaxy for subhalo 2717750 (soap_index=66697461)
Read masses: Nstars=33065, sum_current=4.511093e+10 Msun
DEBUG: sample z (first valid): [1.36131729 1.31330745 1.7206908  6.27208167 1.40128976 1.29725182
 1.39514655 1.13236155 2.34777278 1.64045125]
DEBUG: Planck15 ages (Gyr): [4.64172255 4.77941549 3.78614822 0.87962528 4.53186105 4.82692528
 4.54847252 5.36179736 2.79567269 3.95380957]
DEBUG: cosmo_colibre ages (Gyr): [4.6416018  4.77910958 3.78699218 0.88152254 4.53188197 4.82655351
 4.54847236 5.36061308 2.79725554 3.95448913]
DEBUG: us.look_back_time -> ages (Gyr): [4.64160181 4.77910959 3.78699219 0.88152255 4.53188197 4.82655352
 4.54847236 5.36061308 2.79725554 3.95448914]
[70/100] subhalo 2717750 done; total_formed=7.519e+00
Building SWIFTGalaxy for subhalo 701422 (soap_index=66725868)
Read masses: Nstars=257177, sum_current=3.381820e+11 Msun
DEBUG: sample z (first valid): [1.66796939 7.0161458  1.3487922  1.86458607 4.55060557 1.66731787
 1.25768224 0.65645536 0.51255539 0.8030153 ]
DEBUG: Planck15 ages (Gyr): [3.894978   0.76001761 4.67702693 3.51294481 1.31835365 3.89635449
 4.94728725 7.56538451 8.51289403 6.75598078]
DEBUG: cosmo_colibre ages (Gyr): [3.8957166  0.76187005 4.67685952 3.51403176 1.32032736 3.89709172
 4.94674406 7.55941882 8.50414854 6.75204453]
DEBUG: us.look_back_time -> ages (Gyr): [3.8957166  0.76187005 4.67685952 3.51403176 1.32032737 3.89709172
 4.94674407 7.55941882 8.50414854 6.75204453]
[71/100] subhalo 701422 done; total_formed=5.633e+01
Building SWIFTGalaxy for subhalo 2665606 (soap_index=66744152)
Read masses: Nstars=47776, sum_current=6.333633e+10 Msun
DEBUG: sample z (first valid): [2.31391586 0.08957904 0.5936193  0.36715621 0.70755602 0.76570751
 0.00892912 0.00435236 0.00589391 0.02573092]
DEBUG: Planck15 ages (Gyr): [ 2.83782531 12.5850088   7.95848733  9.66247427  7.26705616  6.94893726
 13.66956625 13.73499142 13.71290596 13.43308982]
DEBUG: cosmo_colibre ages (Gyr): [ 2.83938456 12.55971722  7.95142094  9.64978485  7.26187565  6.9445462
 13.63877871 13.70385998 13.68189076 13.40353395]
DEBUG: us.look_back_time -> ages (Gyr): [ 2.83938457 12.55971722  7.95142094  9.64978486  7.26187565  6.9445462
 13.63877871 13.70385998 13.68189076 13.40353395]
[72/100] subhalo 2665606 done; total_formed=1.047e+01
Building SWIFTGalaxy for subhalo 339514 (soap_index=66780823)
Read masses: Nstars=44115, sum_current=6.506505e+10 Msun
DEBUG: sample z (first valid): [5.37261766 2.59416475 0.27076708 1.03338504 3.93382519 5.85953527
 0.74799957 0.15747086 0.70029058 3.48477383]
DEBUG: Planck15 ages (Gyr): [ 1.07213871  2.51755874 10.55472036  5.72950017  1.57206473  0.96013039
  7.04350812 11.76382285  7.30836562  1.81246051]
DEBUG: cosmo_colibre ages (Gyr): [ 1.07408437  2.51928026 10.53855734  5.72768022  1.57403497  0.96205111
  7.03888753 11.74241679  7.30307897  1.81440116]
DEBUG: us.look_back_time -> ages (Gyr): [ 1.07408437  2.51928027 10.53855734  5.72768022  1.57403497  0.96205112
  7.03888753 11.74241679  7.30307897  1.81440117]
[73/100] subhalo 339514 done; total_formed=1.062e+01
Building SWIFTGalaxy for subhalo 714137 (soap_index=66785151)
Read masses: Nstars=25220, sum_current=3.204344e+10 Msun
DEBUG: sample z (first valid): [0.64547554 1.77859747 0.94353499 9.76124795 1.5173235  1.13876379
 1.83239692 0.51830229 1.26674045 0.46783731]
DEBUG: Planck15 ages (Gyr): [7.63191999 3.67218825 6.09888652 0.48833884 4.23552643 5.3393045
 3.57121805 8.47170866 4.91931478 8.84383443]
DEBUG: cosmo_colibre ages (Gyr): [7.62577328 3.6731373  6.09636344 0.49002913 4.23590302 5.33815704
 3.57225574 8.46309297 4.91881202 8.83401676]
DEBUG: us.look_back_time -> ages (Gyr): [7.62577328 3.6731373  6.09636344 0.49002913 4.23590302 5.33815704
 3.57225574 8.46309297 4.91881202 8.83401676]
[74/100] subhalo 714137 done; total_formed=5.388e+00
Building SWIFTGalaxy for subhalo 1431136 (soap_index=66785159)
Read masses: Nstars=255887, sum_current=3.191975e+11 Msun
DEBUG: sample z (first valid): [3.2800418  5.4771694  7.41661851 9.43816198 0.79649123 0.26468545
 3.57685593 0.34240066 1.72975675 1.83705628]
DEBUG: Planck15 ages (Gyr): [ 1.94301358  1.04631532  0.70638867  0.51123252  6.78912257 10.61497821
  1.75840063  9.88081769  3.76793049  3.56268611]
DEBUG: cosmo_colibre ages (Gyr): [ 1.94492822  1.04825596  0.70821656  0.51294076  6.7851095  10.59856815
  1.76035004  9.86731069  3.76879162  3.56373109]
DEBUG: us.look_back_time -> ages (Gyr): [ 1.94492822  1.04825597  0.70821657  0.51294076  6.7851095  10.59856815
  1.76035004  9.86731069  3.76879162  3.56373109]
[75/100] subhalo 1431136 done; total_formed=5.319e+01
Building SWIFTGalaxy for subhalo 1416758 (soap_index=66796863)
Read masses: Nstars=33325, sum_current=4.639931e+10 Msun
DEBUG: sample z (first valid): [6.95919359 4.88717212 0.03565107 7.94506244 5.69076059 3.26278132
 0.7188418  0.46337978 3.57685593 0.65344636]
DEBUG: Planck15 ages (Gyr): [ 0.76819393  1.20720127 13.29615382  0.64466684  0.99666131  1.95472838
  7.20359305  8.87786885  1.75840063  7.58353043]
DEBUG: cosmo_colibre ages (Gyr): [ 0.77004985  1.2091665  13.26730288  0.64646249  0.9985911   1.95664036
  7.19857397  8.86793799  1.76035004  7.57751558]
DEBUG: us.look_back_time -> ages (Gyr): [ 0.77004986  1.20916651 13.26730288  0.6464625   0.99859111  1.95664036
  7.19857397  8.86793799  1.76035004  7.57751558]
[76/100] subhalo 1416758 done; total_formed=7.573e+00
Building SWIFTGalaxy for subhalo 2754273 (soap_index=66933394)
Read masses: Nstars=55805, sum_current=7.562552e+10 Msun
DEBUG: sample z (first valid): [4.74574785 0.75323703 0.87954572 7.09786235 1.37105644 5.52944107
 0.5523972  4.38947368 0.5608269  7.34853503]
DEBUG: Planck15 ages (Gyr): [1.25193948 7.01533194 6.38520038 0.74853601 4.61456484 1.03378947
 8.23339605 1.3777249  8.17602719 0.71505437]
DEBUG: cosmo_colibre ages (Gyr): [1.25390891 7.01078019 6.38208724 0.75038345 4.61447961 1.03572753
 8.22551551 1.37970054 8.16831955 0.71688643]
DEBUG: us.look_back_time -> ages (Gyr): [1.25390892 7.01078019 6.38208724 0.75038346 4.61447961 1.03572754
 8.22551551 1.37970054 8.16831955 0.71688644]
[77/100] subhalo 2754273 done; total_formed=1.260e+01
Building SWIFTGalaxy for subhalo 345801 (soap_index=66960426)
Read masses: Nstars=13384, sum_current=1.735261e+10 Msun
DEBUG: sample z (first valid): [6.04612407 4.14896292 5.18147519 1.38729419 5.38565722 4.53093088
 1.39339712 0.95653212 4.243719   1.19213273]
DEBUG: Planck15 ages (Gyr): [0.92226404 1.47499781 1.12217629 4.56984825 1.06886057 1.3253735
 4.55322092 6.04318092 1.43535363 5.15748343]
DEBUG: cosmo_colibre ages (Gyr): [0.92417435 1.47697292 1.12413046 4.56982078 1.07080562 1.32734753
 4.55321472 6.04076805 1.43732949 5.15662504]
DEBUG: us.look_back_time -> ages (Gyr): [0.92417435 1.47697293 1.12413046 4.56982079 1.07080562 1.32734754
 4.55321472 6.04076805 1.4373295  5.15662504]
[78/100] subhalo 345801 done; total_formed=2.914e+00
Building SWIFTGalaxy for subhalo 12623788 (soap_index=66973119)
Read masses: Nstars=11532, sum_current=1.555769e+10 Msun
DEBUG: sample z (first valid): [3.12227953 2.36946015 4.780718   2.40234659 1.54232291 4.46680013
 4.45587746 5.85594727 3.01077111 1.8427171 ]
DEBUG: Planck15 ages (Gyr): [2.05459631 2.76920821 1.24062376 2.72985462 4.17575735 1.34869117
 1.35273045 0.96088375 2.14000894 3.55236484]
DEBUG: cosmo_colibre ages (Gyr): [2.05648338 2.77080553 1.24259223 2.73147295 4.17620105 1.35066608
 1.35470549 0.96280467 2.14187163 3.55341862]
DEBUG: us.look_back_time -> ages (Gyr): [2.05648338 2.77080553 1.24259224 2.73147296 4.17620105 1.35066608
 1.3547055  0.96280467 2.14187163 3.55341862]
[79/100] subhalo 12623788 done; total_formed=2.557e+00
Building SWIFTGalaxy for subhalo 340922 (soap_index=66994417)
Read masses: Nstars=39745, sum_current=5.200634e+10 Msun
DEBUG: sample z (first valid): [4.18030195 0.73651298 6.80748153 3.09318593 8.44935477 0.63790863
 7.08986545 1.59261017 2.83072247 2.03182828]
DEBUG: Planck15 ages (Gyr): [1.46168724 7.1059151  0.79070314 2.0763316  0.5936909  7.6782931
 0.74964686 4.05957263 2.29089346 3.23365137]
DEBUG: cosmo_colibre ages (Gyr): [1.46366269 7.10114065 0.79256832 2.07821273 0.59545629 7.67201894
 0.75149478 4.06014241 2.29270625 3.2349555 ]
DEBUG: us.look_back_time -> ages (Gyr): [1.46366269 7.10114065 0.79256833 2.07821273 0.5954563  7.67201894
 0.75149479 4.06014241 2.29270625 3.2349555 ]
[80/100] subhalo 340922 done; total_formed=8.712e+00
Building SWIFTGalaxy for subhalo 60169 (soap_index=67010582)
Read masses: Nstars=51795, sum_current=6.823129e+10 Msun
DEBUG: sample z (first valid): [0.4051458  0.31545564 0.88062443 0.29815387 0.42531535 0.40370117
 4.49475979 0.36715621 0.2727414  8.18450004]
DEBUG: Planck15 ages (Gyr): [ 9.34093048 10.12676123  6.38020157 10.28941121  9.17658467  9.35286793
  1.33844214  9.66247427 10.53526484  0.61959204]
DEBUG: cosmo_colibre ages (Gyr): [ 9.32940583 10.11230788  6.37709907 10.27431742  9.16563706  9.34130088
  1.3404167   9.64978485 10.51918126  0.62137325]
DEBUG: us.look_back_time -> ages (Gyr): [ 9.32940583 10.11230788  6.37709907 10.27431742  9.16563706  9.34130088
  1.3404167   9.64978486 10.51918126  0.62137325]
[81/100] subhalo 60169 done; total_formed=1.135e+01
Building SWIFTGalaxy for subhalo 392780 (soap_index=67010591)
Read masses: Nstars=44961, sum_current=6.047546e+10 Msun
DEBUG: sample z (first valid): [1.59980958 1.17107268 0.36715621 1.04684865 1.81270386 1.57873613
 1.41296024 1.19875193 0.14693735 0.27076708]
DEBUG: Planck15 ages (Gyr): [ 4.04336635  5.22804196  9.66247427  5.67718282  3.60764849  4.09110136
  4.50057045  5.13561872 11.88615335 10.55472036]
DEBUG: cosmo_colibre ages (Gyr): [ 4.04395326  5.22707321  9.64978485  5.6754572   3.60865467  4.0916375
  4.50063073  5.13479407 11.86418446 10.53855734]
DEBUG: us.look_back_time -> ages (Gyr): [ 4.04395326  5.22707322  9.64978486  5.6754572   3.60865467  4.0916375
  4.50063074  5.13479407 11.86418446 10.53855734]
[82/100] subhalo 392780 done; total_formed=1.011e+01
Building SWIFTGalaxy for subhalo 2452325 (soap_index=67019778)
Read masses: Nstars=19905, sum_current=2.526121e+10 Msun
DEBUG: sample z (first valid): [5.24449738 6.30124777 5.44405113 1.42384792 1.61620758 2.09015466
 9.63033252 2.29890265 1.3767317  1.80260007]
DEBUG: Planck15 ages (Gyr): [1.10525693 0.87436042 1.05438249 4.4716901  4.00684133 3.14467401
 0.49740603 2.85685176 4.5988565  3.62657469]
DEBUG: cosmo_colibre ages (Gyr): [1.10720839 0.87625597 1.05632475 4.47178635 4.00746644 3.14604082
 0.49910355 2.85840014 4.59879167 3.62756429]
DEBUG: us.look_back_time -> ages (Gyr): [1.1072084  0.87625597 1.05632475 4.47178635 4.00746644 3.14604082
 0.49910355 2.85840015 4.59879167 3.6275643 ]
[83/100] subhalo 2452325 done; total_formed=4.256e+00
Building SWIFTGalaxy for subhalo 629802 (soap_index=67048802)
Read masses: Nstars=21124, sum_current=2.908032e+10 Msun
DEBUG: sample z (first valid): [0.86351228 1.58667509 3.03124808 0.48432687 2.62357625 1.07721078
 0.868187   4.63024055 0.66996229 5.66354855]
DEBUG: Planck15 ages (Gyr): [6.46022372 4.07301191 2.12388934 8.71960468 2.48740817 5.56192561
 6.438209   1.29056048 7.48473902 1.00276756]
DEBUG: cosmo_colibre ages (Gyr): [6.45694942 4.0735674  2.12575684 8.71019557 2.48914296 5.56040324
 6.43498228 1.29253268 7.47898985 1.00469878]
DEBUG: us.look_back_time -> ages (Gyr): [6.45694942 4.0735674  2.12575685 8.71019557 2.48914296 5.56040324
 6.43498228 1.29253268 7.47898986 1.00469878]
[84/100] subhalo 629802 done; total_formed=4.867e+00
Building SWIFTGalaxy for subhalo 134410 (soap_index=67085602)
Read masses: Nstars=23087, sum_current=2.931103e+10 Msun
DEBUG: sample z (first valid): [2.57066579 3.23906856 0.94746226 2.49004154 2.09394769 1.06934007
 2.20626223 2.43120419 0.93985318 1.11311021]
DEBUG: Planck15 ages (Gyr): [2.54208286 1.97101383 6.08196991 2.62928486 3.13902652 5.59144695
 2.97902746 2.69607258 6.1148127  5.430344  ]
DEBUG: cosmo_colibre ages (Gyr): [2.54379334 1.97292201 6.07948046 2.63095421 3.1403972  5.58987313
 2.98050269 2.69770848 6.11225784 5.42904603]
DEBUG: us.look_back_time -> ages (Gyr): [2.54379334 1.97292201 6.07948046 2.63095421 3.1403972  5.58987313
 2.98050269 2.69770848 6.11225784 5.42904604]
[85/100] subhalo 134410 done; total_formed=4.938e+00
Building SWIFTGalaxy for subhalo 630125 (soap_index=67085610)
Read masses: Nstars=13095, sum_current=1.742577e+10 Msun
DEBUG: sample z (first valid): [2.14562734 4.01461474 2.76600391 3.53693319 1.7622018  2.25952452
 1.64066403 1.99278473 2.61957362 2.67807835]
DEBUG: Planck15 ages (Gyr): [3.06370238 1.53440436 2.34946341 1.78150652 3.7038841  2.90776244
 3.95334914 3.2955347  2.49147636 2.4330833 ]
DEBUG: cosmo_colibre ages (Gyr): [3.06512353 1.53637699 2.35125449 1.78345233 3.70480445 2.90928104
 3.95402918 3.29679339 2.49320938 2.43484111]
DEBUG: us.look_back_time -> ages (Gyr): [3.06512353 1.53637699 2.35125449 1.78345233 3.70480446 2.90928104
 3.95402918 3.2967934  2.49320938 2.43484112]
[86/100] subhalo 630125 done; total_formed=2.926e+00
Building SWIFTGalaxy for subhalo 1270717 (soap_index=67085617)
Read masses: Nstars=31581, sum_current=4.498316e+10 Msun
DEBUG: sample z (first valid): [4.0763749  0.55210307 1.79423552 5.11914099 0.65127998 1.40305075
 1.62501001 3.14968657 2.52913301 1.48374138]
DEBUG: Planck15 ages (Gyr): [1.50661162 8.23540866 3.64236535 1.13933827 7.5966359  4.5271172
 3.98745418 2.03446258 2.58640005 4.31801174]
DEBUG: cosmo_colibre ages (Gyr): [1.50858561 8.22752202 3.64334101 1.14129501 7.59058545 4.52714411
 3.98809933 2.03635499 2.58808998 4.31829317]
DEBUG: us.look_back_time -> ages (Gyr): [1.50858561 8.22752202 3.64334101 1.14129501 7.59058545 4.52714411
 3.98809933 2.03635499 2.58808999 4.31829317]
[87/100] subhalo 1270717 done; total_formed=7.409e+00
Building SWIFTGalaxy for subhalo 2496906 (soap_index=67172359)
Read masses: Nstars=22237, sum_current=3.021909e+10 Msun
DEBUG: sample z (first valid): [1.55920025 1.69473684 1.41651917 3.11813498 1.34224446 2.11631003
 1.75569759 3.15073786 2.15744845 1.09406953]
DEBUG: Planck15 ages (Gyr): [4.13617168 3.83909914 4.49109725 2.05766963 4.69565442 3.10606534
 3.71658116 2.03369679 3.0468878  5.49951354]
DEBUG: cosmo_colibre ages (Gyr): [4.13665899 3.83989245 4.49116937 2.05955587 4.69546216 3.10745837
 3.71748991 2.03558939 3.0483199  5.49809863]
DEBUG: us.look_back_time -> ages (Gyr): [4.13665899 3.83989245 4.49116938 2.05955587 4.69546216 3.10745838
 3.71748991 2.03558939 3.0483199  5.49809863]
[88/100] subhalo 2496906 done; total_formed=5.055e+00
Building SWIFTGalaxy for subhalo 303671 (soap_index=67191212)
Read masses: Nstars=12270, sum_current=1.745520e+10 Msun
DEBUG: sample z (first valid): [3.73526012 7.71199734 2.57066579 1.44866238 8.62349486 4.5225415
 1.80836476 5.14092954 1.71798275 4.217419  ]
DEBUG: Planck15 ages (Gyr): [1.67143068 0.67073764 2.54208286 4.40696921 0.57762589 1.32838568
 3.61575669 1.13329015 3.79161768 1.44617835]
DEBUG: cosmo_colibre ages (Gyr): [1.67339164 0.67254746 2.54379334 4.4071447  0.57938099 1.33035984
 3.61675579 1.135246   3.79245647 1.44815408]
DEBUG: us.look_back_time -> ages (Gyr): [1.67339164 0.67254746 2.54379334 4.4071447  0.579381   1.33035984
 3.61675579 1.13524601 3.79245647 1.44815409]
[89/100] subhalo 303671 done; total_formed=2.913e+00
Building SWIFTGalaxy for subhalo 2481130 (soap_index=67214071)
Read masses: Nstars=27209, sum_current=3.672632e+10 Msun
DEBUG: sample z (first valid): [0.35741508 1.82848511 0.71273259 5.4771694  1.77906878 0.60674708
 0.23012238 0.50865562 1.54113998 5.06927209]
DEBUG: Planck15 ages (Gyr): [ 9.74753989  3.57840683  7.23784099  1.04631532  3.67128365  7.87384172
 10.96704616  8.54101272  4.17855481  1.1533845 ]
DEBUG: cosmo_colibre ages (Gyr): [ 9.73453449  3.57943835  7.23273504  1.04825596  3.6722335   7.86701867
 10.94916219  8.53217815  4.1789954   1.15534322]
DEBUG: us.look_back_time -> ages (Gyr): [ 9.73453449  3.57943835  7.23273504  1.04825597  3.67223351  7.86701867
 10.94916219  8.53217815  4.1789954   1.15534322]
[90/100] subhalo 2481130 done; total_formed=6.104e+00
Building SWIFTGalaxy for subhalo 307299 (soap_index=67255807)
Read masses: Nstars=15529, sum_current=2.285042e+10 Msun
DEBUG: sample z (first valid): [4.1909703  0.01738698 0.0499199  8.76182319 4.42786152 2.95414505
 0.59253499 0.66014794 0.4165658  4.11760112]
DEBUG: Planck15 ages (Gyr): [ 1.45720147 13.54980374 13.10260163  0.56537276  1.36318322  2.18565275
  7.96554015  7.54320642  9.24734942  1.48852042]
DEBUG: cosmo_colibre ages (Gyr): [ 1.45917701 13.51964222 13.07473652  0.56711975  1.36515854  2.18750126
  7.95845334  7.53730059  9.23615488  1.49049511]
DEBUG: us.look_back_time -> ages (Gyr): [ 1.45917702 13.51964222 13.07473652  0.56711975  1.36515855  2.18750127
  7.95845334  7.53730059  9.23615488  1.49049511]
[91/100] subhalo 307299 done; total_formed=3.743e+00
Building SWIFTGalaxy for subhalo 1285033 (soap_index=67262814)
Read masses: Nstars=255833, sum_current=3.341424e+11 Msun
DEBUG: sample z (first valid): [1.89521117 0.67200735 0.67234868 3.89403331 1.60249384 5.11914099
 2.52192605 1.37397667 1.65048936 4.63024055]
DEBUG: Planck15 ages (Gyr): [3.45892553 7.47264283 7.47062682 1.59118054 4.03735066 1.13933827
 2.59421954 4.60647133 3.93218327 1.29056048]
DEBUG: cosmo_colibre ages (Gyr): [3.46005693 7.46692588 7.46491523 1.59314933 4.0379439  1.14129501
 2.59590577 4.60639662 3.9328847  1.29253268]
DEBUG: us.look_back_time -> ages (Gyr): [3.46005693 7.46692588 7.46491523 1.59314933 4.03794391 1.14129501
 2.59590577 4.60639662 3.93288471 1.29253268]
[92/100] subhalo 1285033 done; total_formed=5.587e+01
Building SWIFTGalaxy for subhalo 1287752 (soap_index=67262818)
Read masses: Nstars=45156, sum_current=5.877843e+10 Msun
DEBUG: sample z (first valid): [3.6187892  0.3732294  8.29720528 0.65762849 0.848584   0.95746714
 0.8938851  3.68013997 0.75323703 1.07826473]
DEBUG: Planck15 ages (Gyr): [1.73466042 9.60998904 0.6083449  7.55832781 6.53131376 6.03920413
 6.31924494 1.70087021 7.01533194 5.55799112]
DEBUG: cosmo_colibre ages (Gyr): [1.73661329 9.59749295 0.61011935 7.55238119 6.52788423 6.03679908
 6.31627124 1.70282762 7.01078019 5.55647559]
DEBUG: us.look_back_time -> ages (Gyr): [1.7366133  9.59749295 0.61011936 7.55238119 6.52788423 6.03679908
 6.31627124 1.70282762 7.01078019 5.55647559]
[93/100] subhalo 1287752 done; total_formed=9.821e+00
Building SWIFTGalaxy for subhalo 1296396 (soap_index=67310334)
Read masses: Nstars=56496, sum_current=7.095572e+10 Msun
DEBUG: sample z (first valid): [0.64135444 1.06672974 0.90555943 0.38249937 0.32075776 1.25877163
 1.68018976 1.21960306 1.69518013 1.33456825]
DEBUG: Planck15 ages (Gyr): [ 7.65712286  5.60129234  6.26632743  9.53068021 10.07766569  4.94390973
  3.86930484  5.06769707  3.83818469  4.71764386]
DEBUG: cosmo_colibre ages (Gyr): [ 7.65090701  5.59970126  6.26346408  9.5184739  10.06340339  4.94337145
  3.87006873  5.0669758   3.83897889  4.71742207]
DEBUG: us.look_back_time -> ages (Gyr): [ 7.65090701  5.59970126  6.26346408  9.5184739  10.06340339  4.94337145
  3.87006874  5.0669758   3.8389789   4.71742207]
[94/100] subhalo 1296396 done; total_formed=1.191e+01
Building SWIFTGalaxy for subhalo 2533594 (soap_index=67369730)
Read masses: Nstars=43468, sum_current=5.982798e+10 Msun
DEBUG: sample z (first valid): [5.37261766 7.90918978 0.32192997 0.20790327 0.0813094  0.25538273
 4.43912358 0.26429508 5.04464121 6.83080416]
DEBUG: Planck15 ages (Gyr): [ 1.07213871  0.64856889 10.06685831 11.20230881 12.69052861 10.70811685
  1.35896528 10.61886298  1.16042854  0.78717198]
DEBUG: cosmo_colibre ages (Gyr): [ 1.07408437  0.65036672 10.05263792 11.18341135 12.66471994 10.69132193
  1.3609405  10.60243694  1.1623882   0.78903574]
DEBUG: us.look_back_time -> ages (Gyr): [ 1.07408437  0.65036672 10.05263792 11.18341135 12.66471994 10.69132193
  1.3609405  10.60243694  1.16238821  0.78903575]
[95/100] subhalo 2533594 done; total_formed=9.798e+00
Building SWIFTGalaxy for subhalo 660920 (soap_index=67443323)
Read masses: Nstars=38625, sum_current=5.495849e+10 Msun
DEBUG: sample z (first valid): [2.13539374 0.79295251 2.09599395 0.31345198 4.02499617 2.5831602
 0.15567468 0.1968734  0.02985731 0.24394503]
DEBUG: Planck15 ages (Gyr): [ 3.07838182  6.80720412  3.1359867  10.145405    1.52967345  2.52899471
 11.7845556  11.32179106 13.3758907  10.82425508]
DEBUG: cosmo_colibre ages (Gyr): [ 3.0797933   6.80314891  3.13735945 10.13087883  1.53164634  2.5307111
 11.76305456 11.30237028 13.34663003 10.80697513]
DEBUG: us.look_back_time -> ages (Gyr): [ 3.0797933   6.80314891  3.13735945 10.13087883  1.53164635  2.53071111
 11.76305456 11.30237028 13.34663003 10.80697514]
[96/100] subhalo 660920 done; total_formed=9.057e+00
Building SWIFTGalaxy for subhalo 7059226 (soap_index=67479340)
Read masses: Nstars=11342, sum_current=1.577108e+10 Msun
DEBUG: sample z (first valid): [1.73522538 1.5377943  3.34128246 0.74168173 0.6694518  1.08673502
 3.95921302 1.97269346 3.13502429 0.46077033]
DEBUG: Planck15 ages (Gyr): [3.7570101  4.18648322 1.90237105 7.07772854 7.4877631  5.52652977
 1.56006649 3.32813589 2.04519303 8.89788311]
DEBUG: cosmo_colibre ages (Gyr): [3.75788144 4.18691498 1.90429452 7.07302381 7.48200587 5.52506857
 1.56203756 3.32937003 2.0470826  8.88788543]
DEBUG: us.look_back_time -> ages (Gyr): [3.75788144 4.18691499 1.90429452 7.07302381 7.48200587 5.52506857
 1.56203756 3.32937004 2.04708261 8.88788543]
[97/100] subhalo 7059226 done; total_formed=2.614e+00
Building SWIFTGalaxy for subhalo 143933 (soap_index=67559999)
Read masses: Nstars=161201, sum_current=2.171272e+11 Msun
DEBUG: sample z (first valid): [0.47126437 0.53956023 2.43372105 3.74726548 1.59713086 3.81528288
 0.38953439 0.43656291 3.04768081 3.42153556]
DEBUG: Planck15 ages (Gyr): [8.81779961 8.32192783 2.69315879 1.66513044 4.04938409 1.63016681
 9.47113252 9.0867867  2.1110978  1.85119985]
DEBUG: cosmo_colibre ages (Gyr): [8.80806816 8.31377735 2.69479618 1.66709211 4.04996466 1.63213214
 9.4591419  9.07614911 2.11296905 1.85313349]
DEBUG: us.look_back_time -> ages (Gyr): [8.80806817 8.31377735 2.69479619 1.66709212 4.04996466 1.63213214
 9.4591419  9.07614911 2.11296906 1.85313349]
[98/100] subhalo 143933 done; total_formed=3.593e+01
Building SWIFTGalaxy for subhalo 772386 (soap_index=67560000)
Read masses: Nstars=56593, sum_current=7.728431e+10 Msun
DEBUG: sample z (first valid): [8.90119353 4.11760112 0.17523851 4.47227789 0.97635706 0.54580621
 0.76761247 0.50990692 1.10862291 0.40189955]
DEBUG: Planck15 ages (Gyr): [ 0.55345822  1.48852042 11.56150534  1.34667298  5.9597317   8.27867399
  6.93888013  8.53197528  5.44652081  9.36778679]
DEBUG: cosmo_colibre ages (Gyr): [ 0.5551971   1.49049511 11.54101747  1.34864783  5.95748116  8.27065587
  6.93451322  8.52316939  5.44519569  9.35616666]
DEBUG: us.look_back_time -> ages (Gyr): [ 0.5551971   1.49049511 11.54101747  1.34864783  5.95748116  8.27065587
  6.93451323  8.52316939  5.44519569  9.35616666]
[99/100] subhalo 772386 done; total_formed=1.286e+01
Building SWIFTGalaxy for subhalo 1538934 (soap_index=67573811)
Read masses: Nstars=111070, sum_current=1.506748e+11 Msun
DEBUG: sample z (first valid): [0.19932655 4.82801245 0.47232207 2.33652378 0.93093695 2.14472169
 1.09527463 0.38179978 1.19875193 1.31216483]
DEBUG: Planck15 ages (Gyr): [11.29505985  1.22558789  8.80978744  2.80956339  6.15365145  3.06499686
  5.49509456  9.5366319   5.13561872  4.78277184]
DEBUG: cosmo_colibre ages (Gyr): [11.27575665  1.22755498  8.80008246  2.81113854  6.15101856  3.06641715
  5.49368719  9.52440394  5.13479407  4.78246131]
DEBUG: us.look_back_time -> ages (Gyr): [11.27575665  1.22755499  8.80008247  2.81113854  6.15101856  3.06641715
  5.49368719  9.52440394  5.13479407  4.78246131]
[100/100] subhalo 1538934 done; total_formed=2.512e+01
All halos processed. Writing CSV.
Wrote relicness_extras_2100_2200.csv (100 rows) in 6492.4s
