Starting pure-swift relicness script
Loaded SOAP mapping for 91142867 halos
Batch mode: processing 100 halos (slice 700:800)
Building SWIFTGalaxy for subhalo 1027827 (soap_index=19645269)
Read masses: Nstars=16733, sum_current=2.135101e+10 Msun
DEBUG: sample z (first valid): [4.53887762 1.83951473 2.85551241 2.77685569 3.22458583 3.25227096
 5.6044543  2.77990541 2.80227431 2.87878788]
DEBUG: Planck15 ages (Gyr): [1.32253069 3.55819767 2.26909338 2.33947149 1.9810709  1.96191915
 1.01624412 2.33667602 2.31633911 2.24893466]
DEBUG: cosmo_colibre ages (Gyr): [1.32450459 3.55924648 2.27091391 2.34126636 1.98297669 1.96382946
 1.01817839 2.33847194 2.31814262 2.2507622 ]
DEBUG: us.look_back_time -> ages (Gyr): [1.3245046  3.55924649 2.27091392 2.34126636 1.98297669 1.96382946
 1.01817839 2.33847195 2.31814263 2.2507622 ]
[1/100] subhalo 1027827 done; total_formed=3.605e+00
Building SWIFTGalaxy for subhalo 97329 (soap_index=19672454)
Read masses: Nstars=67816, sum_current=8.667012e+10 Msun
DEBUG: sample z (first valid): [3.73765633 1.77014118 2.32063235 0.27850176 1.70765163 0.59937524
 0.60093805 1.38973162 4.01999234 1.75407632]
DEBUG: Planck15 ages (Gyr): [ 1.67017003  3.6884806   2.82938058 10.47879603  3.81260157  7.92120549
  7.9111286   4.56319584  1.53195072  3.71975709]
DEBUG: cosmo_colibre ages (Gyr): [ 1.67213114  3.68941494  2.83094462 10.46294208  3.81342037  7.9142467
  7.90419879  4.5631769   1.53392348  3.72066292]
DEBUG: us.look_back_time -> ages (Gyr): [ 1.67213114  3.68941495  2.83094462 10.46294209  3.81342038  7.91424671
  7.90419879  4.5631769   1.53392349  3.72066293]
[2/100] subhalo 97329 done; total_formed=1.455e+01
Building SWIFTGalaxy for subhalo 233626 (soap_index=19684399)
Read masses: Nstars=123123, sum_current=1.568291e+11 Msun
DEBUG: sample z (first valid): [0.99052363 0.99173353 2.48818395 2.24403524 0.40046158 0.37276917
 0.39878767 2.74149349 0.91805198 6.49668268]
DEBUG: Planck15 ages (Gyr): [5.9012006  5.89624355 2.63135175 2.92819676 9.37971951 9.61395179
 9.39363834 2.37229224 6.21046205 0.84039302]
DEBUG: cosmo_colibre ages (Gyr): [5.89906192 5.89411427 2.63302009 2.92970312 9.36805685 9.60144115
 9.381926   2.3740745  6.20771373 0.84227697]
DEBUG: us.look_back_time -> ages (Gyr): [5.89906192 5.89411427 2.6330201  2.92970312 9.36805685 9.60144115
 9.381926   2.3740745  6.20771373 0.84227698]
[3/100] subhalo 233626 done; total_formed=2.627e+01
Building SWIFTGalaxy for subhalo 504577 (soap_index=19700064)
Read masses: Nstars=44852, sum_current=6.382254e+10 Msun
DEBUG: sample z (first valid): [9.20730473 4.28644027 4.243719   4.0350338  2.93043061 0.27204969
 5.5164562  2.79127618 0.25279095 0.20355542]
DEBUG: Planck15 ages (Gyr): [ 0.52870694  1.41805407  1.43535363  1.52512216  2.20524723 10.54207524
  1.0368777   2.32630156 10.73427579 11.24919074]
DEBUG: cosmo_colibre ages (Gyr): [ 0.53042823  1.42003004  1.43732949  1.52709529  2.20708941 10.52596387
  1.03881641  2.32810138 10.71737211 11.23008863]
DEBUG: us.look_back_time -> ages (Gyr): [ 0.53042824  1.42003004  1.4373295   1.52709529  2.20708941 10.52596387
  1.03881641  2.32810138 10.71737211 11.23008863]
[4/100] subhalo 504577 done; total_formed=1.053e+01
Building SWIFTGalaxy for subhalo 1033552 (soap_index=19702255)
Read masses: Nstars=168075, sum_current=2.176264e+11 Msun
DEBUG: sample z (first valid): [5.42446819 6.27208167 0.95653212 4.0763749  0.67149561 1.6037346
 0.49721283 1.99689043 2.67066204 1.31102334]
DEBUG: Planck15 ages (Gyr): [1.05920137 0.87962528 6.04318092 1.50661162 7.47566686 4.03457489
 8.6243249  3.28893665 2.44036014 4.78612863]
DEBUG: cosmo_colibre ages (Gyr): [1.06114456 0.88152254 6.04076805 1.50858561 7.46994186 4.03517104
 8.61522418 3.29020026 2.44211494 4.78581348]
DEBUG: us.look_back_time -> ages (Gyr): [1.06114457 0.88152255 6.04076805 1.50858561 7.46994186 4.03517105
 8.61522419 3.29020026 2.44211494 4.78581349]
[5/100] subhalo 1033552 done; total_formed=3.611e+01
Building SWIFTGalaxy for subhalo 2376896 (soap_index=19711132)
Read masses: Nstars=55714, sum_current=7.470602e+10 Msun
DEBUG: sample z (first valid): [4.59610622 0.68058262 5.3918853  1.20333513 0.82409263 5.55622249
 0.28957104 0.23141676 0.45894924 0.77835667]
DEBUG: Planck15 ages (Gyr): [ 1.30235342  7.42224463  1.06730071  5.12056556  6.65060053  1.02746802
 10.37150738 10.95356031  8.91189041  6.88257416]
DEBUG: cosmo_colibre ages (Gyr): [ 1.30432631  7.41666108  1.06924545  5.11976401  6.64690501  1.02940474
 10.35608597 10.93573374  8.90184585  6.87834157]
DEBUG: us.look_back_time -> ages (Gyr): [ 1.30432632  7.41666109  1.06924546  5.11976401  6.64690501  1.02940474
 10.35608597 10.93573374  8.90184585  6.87834157]
[6/100] subhalo 2376896 done; total_formed=1.236e+01
Building SWIFTGalaxy for subhalo 1992902 (soap_index=19716268)
Read masses: Nstars=19760, sum_current=2.640813e+10 Msun
DEBUG: sample z (first valid): [0.66065275 2.69800248 0.59207074 1.1832234  0.37276917 0.46481895
 0.69641748 0.39807151 4.63024055 8.29720528]
DEBUG: Planck15 ages (Gyr): [7.54018216 2.41370975 7.96856274 5.18714719 9.61395179 8.86685911
 7.33053398 9.39960267 1.29056048 0.6083449 ]
DEBUG: cosmo_colibre ages (Gyr): [7.53428447 2.4154755  7.96146716 5.18624269 9.60144115 8.85696492
 7.32519003 9.387869   1.29253268 0.61011935]
DEBUG: us.look_back_time -> ages (Gyr): [7.53428447 2.4154755  7.96146717 5.18624269 9.60144115 8.85696492
 7.32519003 9.387869   1.29253268 0.61011936]
[7/100] subhalo 1992902 done; total_formed=4.421e+00
Building SWIFTGalaxy for subhalo 25579 (soap_index=19775087)
Read masses: Nstars=230341, sum_current=2.868647e+11 Msun
DEBUG: sample z (first valid): [3.28676086 2.33414733 3.41260436 6.1694563  4.87556034 3.28227914
 0.53178758 3.728086   4.44997921 0.20514895]
DEBUG: Planck15 ages (Gyr): [ 1.93848465  2.8125124   1.8567814   0.898576    1.21077391  1.94150357
  8.37622924  1.67521442  1.35492002 11.23197551]
DEBUG: cosmo_colibre ages (Gyr): [ 1.94040031  2.8140859   1.85871398  0.90047923  1.21273952  1.94341855
  8.36791134  1.67717494  1.35689512 11.21294865]
DEBUG: us.look_back_time -> ages (Gyr): [ 1.94040031  2.81408591  1.85871398  0.90047923  1.21273952  1.94341856
  8.36791134  1.67717494  1.35689513 11.21294865]
[8/100] subhalo 25579 done; total_formed=4.820e+01
Building SWIFTGalaxy for subhalo 4732856 (soap_index=19781495)
Read masses: Nstars=70458, sum_current=9.518934e+10 Msun
DEBUG: sample z (first valid): [1.5377943  1.78710555 0.93870548 1.756393   8.91167574 3.7569137
 0.54580621 1.74346952 1.43628253 1.26329604]
DEBUG: Planck15 ages (Gyr): [4.18648322 3.65591375 6.11979056 3.71522025 0.55257901 1.66009565
 8.27867399 3.74064397 4.43906878 4.92992163]
DEBUG: cosmo_colibre ages (Gyr): [4.18691498 3.65687736 6.11722573 3.71613025 0.55431728 1.66205788
 8.27065587 3.74153054 4.43920519 4.92940358]
DEBUG: us.look_back_time -> ages (Gyr): [4.18691499 3.65687736 6.11722574 3.71613025 0.55431729 1.66205788
 8.27065587 3.74153054 4.4392052  4.92940359]
[9/100] subhalo 4732856 done; total_formed=1.584e+01
Building SWIFTGalaxy for subhalo 498189 (soap_index=19790628)
Read masses: Nstars=15899, sum_current=2.153385e+10 Msun
DEBUG: sample z (first valid): [2.09423985 0.50325718 3.8348211  0.96639462 1.19875193 0.3193751
 0.65813177 0.45158147 0.82775547 3.74726548]
DEBUG: Planck15 ages (Gyr): [ 3.13859221  8.58016695  1.6203477   6.00143955  5.13561872 10.09043511
  7.55530352  8.96889687  6.63254686  1.66513044]
DEBUG: cosmo_colibre ages (Gyr): [ 3.13996318  8.57120771  1.62231396  5.9991083   5.13479407 10.07612322
  7.54936507  8.95866058  6.62889205  1.66709211]
DEBUG: us.look_back_time -> ages (Gyr): [ 3.13996319  8.57120771  1.62231397  5.9991083   5.13479407 10.07612322
  7.54936507  8.95866058  6.62889205  1.66709212]
[10/100] subhalo 498189 done; total_formed=3.584e+00
Building SWIFTGalaxy for subhalo 1662255 (soap_index=19907106)
Read masses: Nstars=18887, sum_current=2.552319e+10 Msun
DEBUG: sample z (first valid): [3.46673937 1.64642223 8.60445519 8.19416386 0.4266806  0.71237458
 0.5132539  2.31458628 2.31794249 2.09277961]
DEBUG: Planck15 ages (Gyr): [1.82337064 3.94092247 0.57934699 0.61861416 9.16561504 7.23985573
 8.50787215 2.83698052 2.83275763 3.14076392]
DEBUG: cosmo_colibre ages (Gyr): [1.82530938 3.94161509 0.58110321 0.62039479 9.15470551 7.23474464
 8.49914253 2.83854025 2.83431975 3.14213341]
DEBUG: us.look_back_time -> ages (Gyr): [1.82530938 3.94161509 0.58110321 0.62039479 9.15470551 7.23474464
 8.49914254 2.83854026 2.83431975 3.14213341]
[11/100] subhalo 1662255 done; total_formed=4.211e+00
Building SWIFTGalaxy for subhalo 26870 (soap_index=19967648)
Read masses: Nstars=10333, sum_current=1.371435e+10 Msun
DEBUG: sample z (first valid): [3.21426275 3.16022345 2.56600283 3.61651169 2.05928485 2.06300243
 0.65729314 3.80786443 4.53934579 3.56633222]
DEBUG: Planck15 ages (Gyr): [1.98829132 2.02680857 2.54699599 1.73593616 3.19126067 3.18559081
 7.56034401 1.63392086 1.32236353 1.76444305]
DEBUG: cosmo_colibre ages (Gyr): [1.99019536 2.02870296 2.54870422 1.73788886 3.19259505 3.18692918
 7.55439194 1.63588582 1.32433742 1.76639154]
DEBUG: us.look_back_time -> ages (Gyr): [1.99019536 2.02870297 2.54870423 1.73788886 3.19259505 3.18692918
 7.55439194 1.63588583 1.32433743 1.76639154]
[12/100] subhalo 26870 done; total_formed=2.300e+00
Building SWIFTGalaxy for subhalo 239461 (soap_index=19967663)
Read masses: Nstars=11533, sum_current=1.477174e+10 Msun
DEBUG: sample z (first valid): [ 3.18252601  6.99609566  3.42481939 11.77504873  3.35889591  5.41064267
  2.56367591  3.08629505  2.93704193  3.14916113]
DEBUG: Planck15 ages (Gyr): [2.01076396 0.76287953 1.84915459 0.37731332 1.89094153 1.06262556
 2.54945359 2.0815353  2.19975545 2.03484552]
DEBUG: cosmo_colibre ages (Gyr): [2.01266244 0.7647332  1.85108862 0.37890029 1.89286736 1.06456941
 2.5511607  2.08341499 2.20159943 2.03673782]
DEBUG: us.look_back_time -> ages (Gyr): [2.01266244 0.7647332  1.85108862 0.37890029 1.89286736 1.06456942
 2.5511607  2.08341499 2.20159943 2.03673782]
[13/100] subhalo 239461 done; total_formed=2.492e+00
Building SWIFTGalaxy for subhalo 1077859 (soap_index=20038727)
Read masses: Nstars=30693, sum_current=4.084955e+10 Msun
DEBUG: sample z (first valid): [6.69743951 7.0083094  1.12365522 4.82801245 1.96972993 0.92889098
 3.8348211  2.28698967 0.0246404  0.15274748]
DEBUG: Planck15 ages (Gyr): [ 0.80772493  0.76113403  5.39262672  1.22558789  3.33298919  6.16261793
  1.6203477   2.87209856 13.44826365 11.81845504]
DEBUG: cosmo_colibre ages (Gyr): [ 0.80959679  0.76298696  5.39139158  1.22755498  3.33421964  6.15996693
  1.62231396  2.87363812 13.41862929 11.79679834]
DEBUG: us.look_back_time -> ages (Gyr): [ 0.8095968   0.76298696  5.39139158  1.22755499  3.33421965  6.15996693
  1.62231397  2.87363813 13.41862929 11.79679834]
[14/100] subhalo 1077859 done; total_formed=6.815e+00
Building SWIFTGalaxy for subhalo 191185 (soap_index=20078967)
Read masses: Nstars=120746, sum_current=1.585911e+11 Msun
DEBUG: sample z (first valid): [8.05506045 0.07803658 1.30160848 4.53373301 1.38001162 1.09099611
 0.57750818 0.19774837 0.80024173 3.10987081]
DEBUG: Planck15 ages (Gyr): [ 0.63294185 12.73263409  4.81395926  1.32436993  4.58981718  5.51080887
  8.06426095 11.31224638  6.77003969  2.06382046]
DEBUG: cosmo_colibre ages (Gyr): [ 0.63473085 12.70661799  4.81360557  1.32634392  4.58976403  5.50937464
  8.05688562 11.29286762  6.76607092  2.06570504]
DEBUG: us.look_back_time -> ages (Gyr): [ 0.63473085 12.70661799  4.81360557  1.32634392  4.58976404  5.50937464
  8.05688562 11.29286762  6.76607092  2.06570504]
[15/100] subhalo 191185 done; total_formed=2.655e+01
Building SWIFTGalaxy for subhalo 979 (soap_index=20105224)
Read masses: Nstars=97852, sum_current=1.277176e+11 Msun
DEBUG: sample z (first valid): [1.11611237 0.63709033 0.7603954  4.66430424 0.96852097 0.98353511
 2.41974536 4.81611644 4.780718   0.87911458]
DEBUG: Planck15 ages (Gyr): [5.41956353 7.6833336  6.97710103 1.27896753 5.9924993  5.92996145
 2.70940422 1.2293413  1.24062376 6.3872    ]
DEBUG: cosmo_colibre ages (Gyr): [5.41828359 7.67704552 6.97264207 1.28093898 5.99018542 5.927768
 2.71103324 1.23130875 1.24259223 6.3840826 ]
DEBUG: us.look_back_time -> ages (Gyr): [5.41828359 7.67704552 6.97264207 1.28093899 5.99018542 5.92776801
 2.71103324 1.23130875 1.24259224 6.3840826 ]
[16/100] subhalo 979 done; total_formed=2.121e+01
Building SWIFTGalaxy for subhalo 195591 (soap_index=20122363)
Read masses: Nstars=16131, sum_current=2.181288e+10 Msun
DEBUG: sample z (first valid): [3.48477383 0.11191042 0.05635074 4.66430424 1.61913516 0.05207731
 7.5200208  4.6992782  4.15950244 3.80539669]
DEBUG: Planck15 ages (Gyr): [ 1.81246051 12.30617822 13.0166617   1.27896753  4.00037652 13.0736819
  0.69355723  1.2672435   1.47049903  1.63517282]
DEBUG: cosmo_colibre ages (Gyr): [ 1.81440116 12.28223385 12.98923027  1.28093898  4.00100833 13.045963
  0.69537879  1.26921412  1.47247426  1.63713766]
DEBUG: us.look_back_time -> ages (Gyr): [ 1.81440117 12.28223385 12.98923027  1.28093899  4.00100834 13.045963
  0.69537879  1.26921412  1.47247427  1.63713766]
[17/100] subhalo 195591 done; total_formed=3.639e+00
Building SWIFTGalaxy for subhalo 864512 (soap_index=20131425)
Read masses: Nstars=98149, sum_current=1.291822e+11 Msun
DEBUG: sample z (first valid): [1.02284092 3.06828481 0.71201672 0.41229204 0.60990469 0.5553446
 0.3741508  0.49639236 0.97041491 0.83430363]
DEBUG: Planck15 ages (Gyr): [5.77100457 2.09523806 7.24187048 9.282208   7.85368519 8.2132687
 9.60206277 8.63034508 5.98455371 6.60046029]
DEBUG: cosmo_colibre ages (Gyr): [5.76910886 2.09711388 7.23675426 9.27089096 7.84691958 8.20544899
 9.58959577 8.62122501 5.98225523 6.59687742]
DEBUG: us.look_back_time -> ages (Gyr): [5.76910886 2.09711388 7.23675426 9.27089096 7.84691958 8.20544899
 9.58959577 8.62122501 5.98225524 6.59687742]
[18/100] subhalo 864512 done; total_formed=2.150e+01
Building SWIFTGalaxy for subhalo 1721515 (soap_index=20155979)
Read masses: Nstars=15466, sum_current=2.014006e+10 Msun
DEBUG: sample z (first valid): [4.32986337 5.11914099 4.84568727 2.65306577 7.57183964 2.62357625
 6.08267589 3.11399874 2.16415604 6.57116451]
DEBUG: Planck15 ages (Gyr): [1.4008218  1.13933827 1.22004618 2.45776957 0.68727191 2.48740817
 0.91513642 2.06074434 3.0374138  0.82802084]
DEBUG: cosmo_colibre ages (Gyr): [1.40279772 1.14129501 1.22201273 2.45951706 0.6890903  2.48914296
 0.91704465 2.06262975 3.03885203 0.82990033]
DEBUG: us.look_back_time -> ages (Gyr): [1.40279773 1.14129501 1.22201273 2.45951706 0.6890903  2.48914296
 0.91704465 2.06262976 3.03885204 0.82990034]
[19/100] subhalo 1721515 done; total_formed=3.380e+00
Building SWIFTGalaxy for subhalo 193111 (soap_index=20194252)
Read masses: Nstars=34528, sum_current=4.779153e+10 Msun
DEBUG: sample z (first valid): [3.85451852 0.32075776 0.34581896 0.36294817 0.37970526 0.45894924
 3.11451532 1.157919   6.24234722 1.61037202]
DEBUG: Planck15 ages (Gyr): [ 1.61054736 10.07766569  9.85024135  9.69908747  9.55448355  8.91189041
  2.06035993  5.27289186  0.8850472   4.01977817]
DEBUG: cosmo_colibre ages (Gyr): [ 1.61251451 10.06340339  9.83685013  9.68626244  9.54219057  8.90184585
  2.06224544  5.27185177  0.88694619  4.02038981]
DEBUG: us.look_back_time -> ages (Gyr): [ 1.61251452 10.06340339  9.83685013  9.68626244  9.54219057  8.90184585
  2.06224544  5.27185177  0.8869462   4.02038981]
[20/100] subhalo 193111 done; total_formed=7.937e+00
Building SWIFTGalaxy for subhalo 3212618 (soap_index=20224775)
Read masses: Nstars=32263, sum_current=4.385522e+10 Msun
DEBUG: sample z (first valid): [2.96227328 5.50352287 0.4022595  7.         0.26820961 0.23141676
 3.96409635 0.25730949 0.17878984 0.18176572]
DEBUG: Planck15 ages (Gyr): [ 2.17900266  1.03996892  9.36480328  0.76232083 10.5799998  10.95356031
  1.55777603 10.68872954 11.52166237 11.48842622]
DEBUG: cosmo_colibre ages (Gyr): [ 2.18085329  1.04190827  9.35319377  0.76417426 10.56373333 10.93573374
  1.55974725 10.67201502 11.50135343 11.46826607]
DEBUG: us.look_back_time -> ages (Gyr): [ 2.1808533   1.04190828  9.35319377  0.76417426 10.56373333 10.93573374
  1.55974725 10.67201503 11.50135343 11.46826607]
[21/100] subhalo 3212618 done; total_formed=7.334e+00
Building SWIFTGalaxy for subhalo 13366 (soap_index=20279017)
Read masses: Nstars=68765, sum_current=8.856637e+10 Msun
DEBUG: sample z (first valid): [2.43732298 3.04343534 5.11914099 4.40592263 2.6052371  4.71070059
 4.53934579 6.29393434 6.96790274 1.44866238]
DEBUG: Planck15 ages (Gyr): [2.6889978  2.11439034 1.13933827 1.37146253 2.50613793 1.26345305
 1.32236353 0.87567566 0.76693415 4.40696921]
DEBUG: cosmo_colibre ages (Gyr): [2.69063732 2.11626064 1.14129501 1.37343804 2.50786452 1.26542339
 1.32433742 0.87757164 0.76878955 4.4071447 ]
DEBUG: us.look_back_time -> ages (Gyr): [2.69063732 2.11626064 1.14129501 1.37343804 2.50786452 1.26542339
 1.32433743 0.87757164 0.76878955 4.4071447 ]
[22/100] subhalo 13366 done; total_formed=1.483e+01
Building SWIFTGalaxy for subhalo 1783633 (soap_index=20289676)
Read masses: Nstars=32624, sum_current=4.257422e+10 Msun
DEBUG: sample z (first valid): [0.43870741 0.46862675 7.13101737 1.21390447 5.97562533 4.89936088
 4.99597438 4.71070059 5.18147519 1.05210421]
DEBUG: Planck15 ages (Gyr): [9.06981318 8.83782704 0.74395953 5.08611753 0.93627467 1.20346989
 1.17455828 1.26345305 1.12217629 5.65696439]
DEBUG: cosmo_colibre ages (Gyr): [9.05923377 8.8280293  0.74580494 5.08536843 0.93818895 1.20543472
 1.17651975 1.26542339 1.12413046 5.65527488]
DEBUG: us.look_back_time -> ages (Gyr): [9.05923377 8.8280293  0.74580494 5.08536844 0.93818896 1.20543473
 1.17651976 1.26542339 1.12413046 5.65527488]
[23/100] subhalo 1783633 done; total_formed=7.060e+00
Building SWIFTGalaxy for subhalo 13560 (soap_index=20352249)
Read masses: Nstars=141844, sum_current=1.822907e+11 Msun
DEBUG: sample z (first valid): [0.86861314 5.60978316 2.02064897 2.05529138 0.93870548 4.46133333
 2.24050633 0.53494473 1.87186678 0.20231893]
DEBUG: Planck15 ages (Gyr): [ 6.43620799  1.01501655  3.25117535  3.19736969  6.11979056  1.35071033
  2.93288522  8.35410885  3.4999786  11.26257498]
DEBUG: cosmo_colibre ages (Gyr): [ 6.43298557  1.01695054  3.25246676  3.19869975  6.11722573  1.3526853
  2.93438875  8.34585933  3.50107633 11.24341428]
DEBUG: us.look_back_time -> ages (Gyr): [ 6.43298557  1.01695055  3.25246676  3.19869975  6.11722574  1.35268531
  2.93438875  8.34585933  3.50107633 11.24341428]
[24/100] subhalo 13560 done; total_formed=3.059e+01
Building SWIFTGalaxy for subhalo 13186 (soap_index=20369760)
Read masses: Nstars=26963, sum_current=3.731738e+10 Msun
DEBUG: sample z (first valid): [5.81176593 3.68985258 5.99647699 0.65211253 2.88246445 6.36111423
 1.11884901 5.42446819 1.17770984 1.38001162]
DEBUG: Planck15 ages (Gyr): [0.97024148 1.69562069 0.93209406 7.59159533 2.24577741 0.86371635
 5.40976594 1.05920137 5.20564061 4.58981718]
DEBUG: cosmo_colibre ages (Gyr): [0.9721648  1.69757875 0.93400717 7.58555858 2.24760603 0.86560837
 5.40850233 1.06114456 5.20470715 4.58976403]
DEBUG: us.look_back_time -> ages (Gyr): [0.97216481 1.69757876 0.93400717 7.58555858 2.24760603 0.86560837
 5.40850234 1.06114457 5.20470716 4.58976404]
[25/100] subhalo 13186 done; total_formed=6.187e+00
Building SWIFTGalaxy for subhalo 202359 (soap_index=20432149)
Read masses: Nstars=67680, sum_current=8.828424e+10 Msun
DEBUG: sample z (first valid): [5.28281085 4.28644027 4.63024055 5.65002537 0.7210084  4.35162502
 4.6760783  7.         0.20906206 6.1694563 ]
DEBUG: Planck15 ages (Gyr): [ 1.09517697  1.41805407  1.29056048  1.00582526  7.19150674  1.39231599
  1.27500058  0.76232083 11.1898611   0.898576  ]
DEBUG: cosmo_colibre ages (Gyr): [ 1.09712674  1.42003004  1.29253268  1.00775717  7.18651818  1.39429184
  1.27697176  0.76417426 11.17101782  0.90047923]
DEBUG: us.look_back_time -> ages (Gyr): [ 1.09712674  1.42003004  1.29253268  1.00775718  7.18651818  1.39429184
  1.27697176  0.76417426 11.17101782  0.90047923]
[26/100] subhalo 202359 done; total_formed=1.478e+01
Building SWIFTGalaxy for subhalo 452839 (soap_index=20660705)
Read masses: Nstars=31238, sum_current=4.367203e+10 Msun
DEBUG: sample z (first valid): [0.40659341 0.51633503 0.51942873 0.01998381 1.33689916 4.85770468
 8.39180281 7.16851552 3.56633222 3.61423643]
DEBUG: Planck15 ages (Gyr): [ 9.32899095  8.48577347  8.46367093 13.51332783  4.7109493   1.21630198
  0.59916423  0.73883934  1.76444305  1.7372122 ]
DEBUG: cosmo_colibre ages (Gyr): [ 9.31750864  8.47711355  8.45508047 13.48335606  4.71073653  1.21826816
  0.60093304  0.74068245  1.76639154  1.73916471]
DEBUG: us.look_back_time -> ages (Gyr): [ 9.31750864  8.47711355  8.45508047 13.48335606  4.71073653  1.21826816
  0.60093304  0.74068245  1.76639154  1.73916471]
[27/100] subhalo 452839 done; total_formed=7.215e+00
Building SWIFTGalaxy for subhalo 16201 (soap_index=20682932)
Read masses: Nstars=27404, sum_current=3.736455e+10 Msun
DEBUG: sample z (first valid): [3.51225558 6.49668268 8.33494765 5.7181958  4.83995723 2.58159362
 3.98941759 2.81023256 2.01536763 1.90547969]
DEBUG: Planck15 ages (Gyr): [1.79604154 0.84039302 0.60465415 0.99056727 1.2218382  2.53062965
 1.5459883  2.30917404 3.25950803 3.44111513]
DEBUG: cosmo_colibre ages (Gyr): [1.79798497 0.84227697 0.60642635 0.99249561 1.22380492 2.53234531
 1.54796027 2.31098019 3.26079336 3.44226093]
DEBUG: us.look_back_time -> ages (Gyr): [1.79798498 0.84227698 0.60642635 0.99249561 1.22380493 2.53234531
 1.54796027 2.3109802  3.26079336 3.44226093]
[28/100] subhalo 16201 done; total_formed=6.228e+00
Building SWIFTGalaxy for subhalo 89545 (soap_index=20710286)
Read masses: Nstars=290212, sum_current=3.695710e+11 Msun
DEBUG: sample z (first valid): [0.86097229 2.43768359 1.99990845 5.85594727 0.07690285 0.69029196
 0.47457475 0.3977137  0.68820196 7.34003563]
DEBUG: Planck15 ages (Gyr): [ 6.47223442  2.6885818   3.2841003   0.96088375 12.74726571  7.36580479
  8.79275933  9.40258463  7.37789841  0.71614858]
DEBUG: cosmo_colibre ages (Gyr): [ 6.46893407  2.69022153  3.2853675   0.96280467 12.72117738  7.36036918
  8.78311051  9.3908403   7.37243123  0.71798117]
DEBUG: us.look_back_time -> ages (Gyr): [ 6.46893407  2.69022154  3.2853675   0.96280467 12.72117738  7.36036918
  8.78311051  9.3908403   7.37243123  0.71798117]
[29/100] subhalo 89545 done; total_formed=6.148e+01
Building SWIFTGalaxy for subhalo 210567 (soap_index=20730505)
Read masses: Nstars=36606, sum_current=5.033878e+10 Msun
DEBUG: sample z (first valid): [6.74382607 7.94506244 5.80045657 0.1012973  0.92979976 1.64236755
 2.4094267  7.26431274 5.14380801 7.16393647]
DEBUG: Planck15 ages (Gyr): [ 0.80047609  0.64466684  0.97266118 12.4375937   6.15863266  3.94966621
  2.72150222  0.72602129  1.13249512  0.73946144]
DEBUG: cosmo_colibre ages (Gyr): [ 0.80234514  0.64646249  0.97458512 12.41301787  6.15598971  3.95034998
  2.72312494  0.72785852  1.13445086  0.74130483]
DEBUG: us.look_back_time -> ages (Gyr): [ 0.80234515  0.6464625   0.97458513 12.41301787  6.15598971  3.95034998
  2.72312494  0.72785852  1.13445086  0.74130484]
[30/100] subhalo 210567 done; total_formed=8.349e+00
Building SWIFTGalaxy for subhalo 214617 (soap_index=20740853)
Read masses: Nstars=125135, sum_current=1.614846e+11 Msun
DEBUG: sample z (first valid): [1.78568392 4.24917901 0.92979976 4.79246951 5.79340728 0.90069606
 1.63175649 0.51255539 1.04582631 1.14478335]
DEBUG: Planck15 ages (Gyr): [3.65862492 1.43312319 6.15863266 1.23685924 0.9741745  6.288288
 3.97269768 8.51289403 5.68112903 5.31829206]
DEBUG: cosmo_colibre ages (Gyr): [3.65958612 1.43509908 6.15598971 1.23882738 0.97609882 6.28537902
 3.97335799 8.50414854 5.67939634 5.3171788 ]
DEBUG: us.look_back_time -> ages (Gyr): [3.65958612 1.43509908 6.15598971 1.23882738 0.97609883 6.28537902
 3.97335799 8.50414854 5.67939634 5.3171788 ]
[31/100] subhalo 214617 done; total_formed=2.702e+01
Building SWIFTGalaxy for subhalo 18587 (soap_index=20822956)
Read masses: Nstars=151616, sum_current=1.986440e+11 Msun
DEBUG: sample z (first valid): [5.77304671e+00 1.17222406e+00 1.38694639e+00 1.67210307e+00
 2.88226060e-02 1.03867538e-03 7.62607626e-03 7.36566186e-02
 1.21780034e+00 4.67671863e-02]
DEBUG: Planck15 ages (Gyr): [ 0.97856748  5.22414493  4.57079875  3.88626295 13.39020145 13.78263454
 13.68814887 12.78929197  5.0735128  13.145025  ]
DEBUG: cosmo_colibre ages (Gyr): [ 0.98049289  5.22318234  4.57077007  3.88701017 13.36086703 13.75125182
 13.6572638  12.76299577  5.07278277 13.11694488]
DEBUG: us.look_back_time -> ages (Gyr): [ 0.98049289  5.22318234  4.57077007  3.88701017 13.36086703 13.75125182
 13.6572638  12.76299577  5.07278277 13.11694488]
[32/100] subhalo 18587 done; total_formed=3.321e+01
Building SWIFTGalaxy for subhalo 121939 (soap_index=20825716)
Read masses: Nstars=33709, sum_current=4.473660e+10 Msun
DEBUG: sample z (first valid): [4.1643814  0.87674685 3.69926861 1.55023737 0.80838852 3.32809404
 4.41172585 9.11436068 0.74446337 4.76901408]
DEBUG: Planck15 ages (Gyr): [1.46842415 6.39819892 1.69055703 4.15711829 6.72887244 1.91100413
 1.36926441 0.53602451 7.06263044 1.24439198]
DEBUG: cosmo_colibre ages (Gyr): [1.47039943 6.39505805 1.69251572 4.1575826  6.72499864 1.91292578
 1.37123987 0.5377511  7.05796291 1.24636078]
DEBUG: us.look_back_time -> ages (Gyr): [1.47039944 6.39505805 1.69251572 4.1575826  6.72499864 1.91292578
 1.37123988 0.53775111 7.05796291 1.24636078]
[33/100] subhalo 121939 done; total_formed=7.486e+00
Building SWIFTGalaxy for subhalo 476574 (soap_index=20869462)
Read masses: Nstars=583039, sum_current=7.595193e+11 Msun
DEBUG: sample z (first valid): [8.5652047  1.62627234 0.87674685 1.24854182 3.11813498 1.21106613
 0.57750818 0.5895993  0.03617506 0.7188418 ]
DEBUG: Planck15 ages (Gyr): [ 0.58292207  3.98468637  6.39819892  4.9757714   2.05766963  5.0953321
  8.06426095  7.9846827  13.2889754   7.20359305]
DEBUG: cosmo_colibre ages (Gyr): [ 0.58468061  3.98533437  6.39505805  4.97518668  2.05955587  5.09456902
  8.05688562  7.97754031 13.26016125  7.19857397]
DEBUG: us.look_back_time -> ages (Gyr): [ 0.58468061  3.98533437  6.39505805  4.97518669  2.05955587  5.09456902
  8.05688562  7.97754031 13.26016125  7.19857397]
[34/100] subhalo 476574 done; total_formed=1.256e+02
Building SWIFTGalaxy for subhalo 17967639 (soap_index=20893263)
Read masses: Nstars=45682, sum_current=6.451151e+10 Msun
DEBUG: sample z (first valid): [4.52813159 4.66430424 0.31672426 9.98215333 1.11775351 3.7871439
 2.01536763 1.49319029 1.22351903 3.0322402 ]
DEBUG: Planck15 ages (Gyr): [ 1.32637732  1.27896753 10.11498264  0.47364865  5.41368465  1.64448254
  3.25950803  4.29454328  5.0551003   2.12311342]
DEBUG: cosmo_colibre ages (Gyr): [ 1.32835139  1.28093898 10.10057523  0.47532688  5.41241452  1.64644644
  3.26079336  4.29485208  5.05439797  2.12498116]
DEBUG: us.look_back_time -> ages (Gyr): [ 1.32835139  1.28093899 10.10057523  0.47532689  5.41241452  1.64644644
  3.26079336  4.29485208  5.05439797  2.12498116]
[35/100] subhalo 17967639 done; total_formed=1.058e+01
Building SWIFTGalaxy for subhalo 21069 (soap_index=20906509)
Read masses: Nstars=16090, sum_current=2.014227e+10 Msun
DEBUG: sample z (first valid): [4.04278239 4.40057684 8.32100697 4.68740779 4.37048267 4.40458519
 4.38947368 4.27070935 3.14024891 5.11343284]
DEBUG: Planck15 ages (Gyr): [1.52162411 1.37349256 0.60601303 1.27120265 1.38501428 1.37196994
 1.3777249  1.42438374 2.04135874 1.14093162]
DEBUG: cosmo_colibre ages (Gyr): [1.52359741 1.37546812 0.60778607 1.27317356 1.38699004 1.37394547
 1.37970054 1.42635969 2.04324934 1.14288859]
DEBUG: us.look_back_time -> ages (Gyr): [1.52359741 1.37546812 0.60778607 1.27317357 1.38699004 1.37394547
 1.37970054 1.42635969 2.04324934 1.14288859]
[36/100] subhalo 21069 done; total_formed=3.405e+00
Building SWIFTGalaxy for subhalo 99435 (soap_index=21049226)
Read masses: Nstars=19735, sum_current=2.753778e+10 Msun
DEBUG: sample z (first valid): [1.70698059 1.50405013 2.15471262 1.38607733 1.79280661 1.57488606
 1.90419215 2.2037544  1.84000693 2.94509993]
DEBUG: Planck15 ages (Gyr): [3.81397105 4.26782311 3.05076584 4.57317518 3.64507403 4.09992077
 3.44334014 2.98245331 3.55730016 2.19309243]
DEBUG: cosmo_colibre ages (Gyr): [3.81478855 4.26816278 3.05219543 4.57314345 3.64604729 4.10044742
 3.44448414 2.98392641 3.55834973 2.19493856]
DEBUG: us.look_back_time -> ages (Gyr): [3.81478855 4.26816279 3.05219543 4.57314346 3.64604729 4.10044742
 3.44448414 2.98392641 3.55834974 2.19493856]
[37/100] subhalo 99435 done; total_formed=4.607e+00
Building SWIFTGalaxy for subhalo 476179 (soap_index=21049228)
Read masses: Nstars=108319, sum_current=1.406819e+11 Msun
DEBUG: sample z (first valid): [0.82959241 3.44402251 0.58805854 4.72216886 0.73946279 0.74001699
 7.83710895 1.05842076 5.08787738 0.78552746]
DEBUG: Planck15 ages (Gyr): [6.62352136 1.83726885 7.99475722 1.25966626 7.08980795 7.08678802
 0.65652924 5.63281398 1.14811062 6.84538566]
DEBUG: cosmo_colibre ages (Gyr): [6.61988683 1.83920508 7.98758551 1.26163631 7.08507339 7.08206093
 0.65833144 5.63116735 1.15006861 6.84124094]
DEBUG: us.look_back_time -> ages (Gyr): [6.61988683 1.83920509 7.98758551 1.26163632 7.08507339 7.08206093
 0.65833144 5.63116735 1.15006861 6.84124094]
[38/100] subhalo 476179 done; total_formed=2.345e+01
Building SWIFTGalaxy for subhalo 225462 (soap_index=21128127)
Read masses: Nstars=33912, sum_current=4.422270e+10 Msun
DEBUG: sample z (first valid): [3.24126327 2.0739212  3.15811179 1.12641142 2.3802352  1.51867794
 6.08267589 3.26611118 4.0763749  1.23139258]
DEBUG: Planck15 ages (Gyr): [1.96949715 3.16903288 2.02833867 5.38283665 2.75621222 4.23225297
 0.91513642 1.95245931 1.50661162 5.02992323]
DEBUG: cosmo_colibre ages (Gyr): [1.97140569 3.17038283 2.03023266 5.38161771 2.75781654 4.23263327
 0.91704465 1.9543718  1.50858561 5.02925854]
DEBUG: us.look_back_time -> ages (Gyr): [1.97140569 3.17038283 2.03023267 5.38161771 2.75781655 4.23263327
 0.91704465 1.95437181 1.50858561 5.02925854]
[39/100] subhalo 225462 done; total_formed=7.391e+00
Building SWIFTGalaxy for subhalo 505873 (soap_index=21201942)
Read masses: Nstars=78043, sum_current=1.009515e+11 Msun
DEBUG: sample z (first valid): [6.03931257 4.00465827 0.72336173 3.39455509 3.30139144 2.22742047
 0.31810137 0.85213656 5.36580864 2.59140728]
DEBUG: Planck15 ages (Gyr): [ 0.92360249  1.53896442  7.17841396  1.86814663  1.92868317  2.9503787
 10.10221941  6.51428643  1.07385714  2.52041632]
DEBUG: cosmo_colibre ages (Gyr): [ 0.92551318  1.5409368   7.17345838  1.87007702  1.930601    2.9518716
 10.08786169  6.5108943   1.07580311  2.52213656]
DEBUG: us.look_back_time -> ages (Gyr): [ 0.92551318  1.5409368   7.17345839  1.87007702  1.930601    2.9518716
 10.0878617   6.5108943   1.07580311  2.52213656]
[40/100] subhalo 505873 done; total_formed=1.697e+01
Building SWIFTGalaxy for subhalo 229822 (soap_index=21208697)
Read masses: Nstars=17630, sum_current=2.223389e+10 Msun
DEBUG: sample z (first valid): [ 1.08779866  1.54429692  1.32975471  1.85013482  1.31739745  1.41171708
  1.50271137  8.25976687  1.46246337 10.64773838]
DEBUG: Planck15 ages (Gyr): [5.52259893 4.17109584 4.73151701 3.53891369 4.7674322  4.50388704
 4.27110258 0.61204307 4.37162239 0.43354936]
DEBUG: cosmo_colibre ages (Gyr): [5.52114448 4.17154471 4.73127647 3.53997885 4.76714275 4.50394317
 4.27143848 0.61381977 4.37184039 0.43519235]
DEBUG: us.look_back_time -> ages (Gyr): [5.52114448 4.17154471 4.73127648 3.53997886 4.76714275 4.50394317
 4.27143848 0.61381977 4.37184039 0.43519235]
[41/100] subhalo 229822 done; total_formed=3.749e+00
Building SWIFTGalaxy for subhalo 1226529 (soap_index=21208739)
Read masses: Nstars=25505, sum_current=3.417190e+10 Msun
DEBUG: sample z (first valid): [2.59258853 0.45972915 3.31725955 0.92390794 4.58466127 5.54313099
 4.20664177 0.3790085  1.43374926 0.40297996]
DEBUG: Planck15 ages (Gyr): [2.51919153 8.90588755 1.91814492 6.18454175 1.30634758 1.03055007
 1.45065327 9.56043296 4.44568357 9.35883587]
DEBUG: cosmo_colibre ages (Gyr): [2.52091232 8.89586309 1.92006504 6.18184629 1.30832069 1.03248745
 1.45262893 9.54811828 4.44581188 9.34724759]
DEBUG: us.look_back_time -> ages (Gyr): [2.52091232 8.89586309 1.92006504 6.18184629 1.30832069 1.03248745
 1.45262893 9.54811828 4.44581188 9.34724759]
[42/100] subhalo 1226529 done; total_formed=5.643e+00
Building SWIFTGalaxy for subhalo 21784 (soap_index=21241393)
Read masses: Nstars=11345, sum_current=1.624240e+10 Msun
DEBUG: sample z (first valid): [2.09775005 3.32039027 0.71380753 1.77624333 0.66453317 6.50269033
 1.70586292 1.73066667 2.29293538 0.97183777]
DEBUG: Planck15 ages (Gyr): [3.13338176 1.916077   7.23179689 3.67671212 7.51699644 0.83938373
 3.81625378 3.76610989 2.86447232 5.97859533]
DEBUG: cosmo_colibre ages (Gyr): [3.1347563  1.91799756 7.22670631 3.67765709 7.51116105 0.84126732
 3.81706909 3.76697273 2.86601631 5.97630838]
DEBUG: us.look_back_time -> ages (Gyr): [3.1347563  1.91799757 7.22670631 3.6776571  7.51116105 0.84126733
 3.8170691  3.76697273 2.86601631 5.97630838]
[43/100] subhalo 21784 done; total_formed=2.690e+00
Building SWIFTGalaxy for subhalo 482149 (soap_index=21349383)
Read masses: Nstars=10845, sum_current=1.347615e+10 Msun
DEBUG: sample z (first valid): [2.24243024 2.43804428 4.66234664 2.39318629 4.0242257  6.64268222
 3.89476436 2.46824725 4.50907868 1.80355921]
DEBUG: Planck15 ages (Gyr): [2.93032762 2.68816582 1.27962908 2.74072363 1.53002373 0.81642329
 1.59082588 2.65370397 1.33324326 3.62477113]
DEBUG: cosmo_colibre ages (Gyr): [2.93183269 2.68980577 1.28160057 2.74233622 1.5319966  0.81829847
 1.5927947  2.65536129 1.33521761 3.62576232]
DEBUG: us.look_back_time -> ages (Gyr): [2.9318327  2.68980577 1.28160058 2.74233622 1.53199661 0.81829848
 1.5927947  2.65536129 1.33521762 3.62576232]
[44/100] subhalo 482149 done; total_formed=2.276e+00
Building SWIFTGalaxy for subhalo 2371949 (soap_index=21370109)
Read masses: Nstars=13819, sum_current=1.899629e+10 Msun
DEBUG: sample z (first valid): [2.93798822 1.64045125 2.33584445 3.728086   0.60990469 3.78574558
 1.6856815  7.1476969  2.97043499 4.94754515]
DEBUG: Planck15 ages (Gyr): [2.19897125 3.95380957 2.81040588 1.67521442 7.85368519 1.64519936
 3.85785664 0.74167476 2.17235871 1.18890485]
DEBUG: cosmo_colibre ages (Gyr): [2.20081548 3.95448913 2.81198056 1.67717494 7.84691958 1.64716318
 3.85863173 0.74351915 2.17421143 1.19086805]
DEBUG: us.look_back_time -> ages (Gyr): [2.20081548 3.95448914 2.81198056 1.67717494 7.84691958 1.64716319
 3.85863174 0.74351915 2.17421144 1.19086806]
[45/100] subhalo 2371949 done; total_formed=3.141e+00
Building SWIFTGalaxy for subhalo 2333 (soap_index=21400267)
Read masses: Nstars=71927, sum_current=9.778342e+10 Msun
DEBUG: sample z (first valid): [0.17608212 0.6783446  3.25420318 0.77662112 0.0638961  0.87010615
 1.09527463 0.0650026  7.89105956 5.1686747 ]
DEBUG: Planck15 ages (Gyr): [11.55202293  7.43534773  1.96059392  6.89162169 12.91683479  6.42920484
  5.49509456 12.90228621  0.65055597  1.12566538]
DEBUG: cosmo_colibre ages (Gyr): [11.5315777   7.42972961  1.96250454  6.88736762 12.88990397  6.42599751
  5.49368719 12.87542807  0.65235489  1.12762009]
DEBUG: us.look_back_time -> ages (Gyr): [11.5315777   7.42972961  1.96250454  6.88736762 12.88990397  6.42599751
  5.49368719 12.87542807  0.6523549   1.12762009]
[46/100] subhalo 2333 done; total_formed=1.636e+01
Building SWIFTGalaxy for subhalo 102544 (soap_index=21411355)
Read masses: Nstars=33749, sum_current=4.576975e+10 Msun
DEBUG: sample z (first valid): [5.02020944 6.45150654 0.60580222 6.27208167 6.09648078 5.11914099
 0.81580406 1.0047721  4.84568727 0.64382462]
DEBUG: Planck15 ages (Gyr): [1.16748648 0.84804771 7.87988848 0.87962528 0.91246824 1.13933827
 6.69173566 5.84323544 1.22004618 7.64200116]
DEBUG: cosmo_colibre ages (Gyr): [1.16944706 0.84993436 7.87304817 0.88152254 0.91437568 1.14129501
 6.68794681 5.84120593 1.22201273 7.63582682]
DEBUG: us.look_back_time -> ages (Gyr): [1.16944706 0.84993437 7.87304817 0.88152255 0.91437568 1.14129501
 6.68794681 5.84120593 1.22201273 7.63582683]
[47/100] subhalo 102544 done; total_formed=7.613e+00
Building SWIFTGalaxy for subhalo 497849 (soap_index=21432206)
Read masses: Nstars=47827, sum_current=6.184283e+10 Msun
DEBUG: sample z (first valid): [1.08567246 0.51171803 1.68832554 1.99990845 1.32975471 1.21285791
 0.98545807 4.243719   1.01290006 3.62335097]
DEBUG: Planck15 ages (Gyr): [5.53046101 8.51892001 3.85236438 3.2841003  4.73151701 5.08951204
 5.92202573 1.43535363 5.81056887 1.73210982]
DEBUG: cosmo_colibre ages (Gyr): [5.52899305 8.51015547 3.85314482 3.2853675  4.73127647 5.08875779
 5.91984744 1.43732949 5.80860018 1.73406305]
DEBUG: us.look_back_time -> ages (Gyr): [5.52899305 8.51015547 3.85314483 3.2853675  4.73127648 5.0887578
 5.91984744 1.4373295  5.80860018 1.73406306]
[48/100] subhalo 497849 done; total_formed=1.039e+01
Building SWIFTGalaxy for subhalo 24930 (soap_index=21442267)
Read masses: Nstars=149961, sum_current=2.056026e+11 Msun
DEBUG: sample z (first valid): [0.94862036 0.93985318 1.0599736  0.93116455 6.11111111 0.73559322
 5.92549931 0.95699952 0.98762586 1.32628141]
DEBUG: Planck15 ages (Gyr): [6.07699542 6.1148127  5.62690178 6.15265526 0.9096546  7.11094887
 0.94645306 6.04119249 5.91309958 4.74156799]
DEBUG: cosmo_colibre ages (Gyr): [6.07451583 6.11225784 5.62526561 6.15002438 0.9115612  7.10616193
 0.94837014 6.03878353 5.91093829 4.74131383]
DEBUG: us.look_back_time -> ages (Gyr): [6.07451583 6.11225784 5.62526561 6.15002438 0.9115612  7.10616193
 0.94837015 6.03878353 5.9109383  4.74131383]
[49/100] subhalo 24930 done; total_formed=3.406e+01
Building SWIFTGalaxy for subhalo 1023497 (soap_index=21496168)
Read masses: Nstars=20911, sum_current=2.813491e+10 Msun
DEBUG: sample z (first valid): [6.19859402 0.40082079 6.06816221 0.04356688 2.29956701 7.16393647
 3.25420318 4.82801245 1.65715212 3.08909964]
DEBUG: Planck15 ages (Gyr): [ 0.89312697  9.37673653  0.91795561 13.18828643  2.85600539  0.73946144
  1.96059392  1.22558789  3.91793437  2.07941479]
DEBUG: cosmo_colibre ages (Gyr): [ 0.89502852  9.36508451  0.91986466 13.15998643  2.85755425  0.74130483
  1.96250454  1.22755498  3.91865011  2.08129507]
DEBUG: us.look_back_time -> ages (Gyr): [ 0.89502852  9.36508451  0.91986466 13.15998643  2.85755426  0.74130484
  1.96250454  1.22755499  3.91865011  2.08129507]
[50/100] subhalo 1023497 done; total_formed=4.677e+00
Building SWIFTGalaxy for subhalo 4737818 (soap_index=21571785)
Read masses: Nstars=24172, sum_current=3.263180e+10 Msun
DEBUG: sample z (first valid): [7.85501959 5.60312343 4.25465042 3.12227953 0.6552839  1.62102064
 1.97674419 3.10549395 3.61423643 0.26050162]
DEBUG: Planck15 ages (Gyr): [ 0.65453614  1.01655108  1.43089387  2.05459631  7.57244124  3.99622186
  3.32152074  2.06709038  1.7372122  10.65672135]
DEBUG: cosmo_colibre ages (Gyr): [ 0.65633726  1.01848542  1.43286977  2.05648338  7.56645645  3.99685796
  3.32275989  2.06897406  1.73916471 10.64013925]
DEBUG: us.look_back_time -> ages (Gyr): [ 0.65633726  1.01848542  1.43286977  2.05648338  7.56645645  3.99685797
  3.3227599   2.06897406  1.73916471 10.64013925]
[51/100] subhalo 4737818 done; total_formed=5.461e+00
Building SWIFTGalaxy for subhalo 836209 (soap_index=21581311)
Read masses: Nstars=21757, sum_current=2.940290e+10 Msun
DEBUG: sample z (first valid): [3.99436062 0.33289945 0.43984533 1.72204685 0.27720611 0.22892289
 5.41126981 1.99087258 1.64920365 3.78330049]
DEBUG: Planck15 ages (Gyr): [ 1.54370443  9.96653673  9.06082572  3.7834142  10.49145899 10.9795647
  1.06246983  3.29861499  3.93494253  1.64645404]
DEBUG: cosmo_colibre ages (Gyr): [ 1.54567653  9.95270293  9.05027706  3.78426075 10.47555366 10.96162737
  1.06441366  3.29987138  3.93564118  1.64841773]
DEBUG: us.look_back_time -> ages (Gyr): [ 1.54567653  9.95270293  9.05027706  3.78426076 10.47555366 10.96162737
  1.06441366  3.29987138  3.93564118  1.64841773]
[52/100] subhalo 836209 done; total_formed=4.849e+00
Building SWIFTGalaxy for subhalo 1666161 (soap_index=21586813)
Read masses: Nstars=55136, sum_current=7.675237e+10 Msun
DEBUG: sample z (first valid): [0.80759047 1.04480499 1.46116869 3.11813498 0.4051458  4.6589241
 0.97635706 0.68179019 1.44610331 3.52596685]
DEBUG: Planck15 ages (Gyr): [6.73288805 5.68507561 4.37491887 2.05766963 9.34093048 1.28078705
 5.9597317  7.41518926 4.41357394 1.78794153]
DEBUG: cosmo_colibre ages (Gyr): [6.72900501 5.68333584 4.37513293 2.05955587 9.32940583 1.28275862
 5.95748116 7.40962429 4.41374143 1.7898863 ]
DEBUG: us.look_back_time -> ages (Gyr): [6.72900501 5.68333585 4.37513293 2.05955587 9.32940583 1.28275862
 5.95748116 7.40962429 4.41374143 1.78988631]
[53/100] subhalo 1666161 done; total_formed=1.266e+01
Building SWIFTGalaxy for subhalo 8885 (soap_index=21623303)
Read masses: Nstars=414976, sum_current=5.214271e+11 Msun
DEBUG: sample z (first valid): [1.39462146 0.39521417 4.42786152 0.64597147 1.18774202 0.47086812
 0.47192525 1.39182482 2.04988831 0.41988041]
DEBUG: Planck15 ages (Gyr): [4.54989693 9.42345462 1.36318322 7.62889564 5.1720686  8.820804
 8.81279209 4.55749535 3.2056655  9.22044695]
DEBUG: cosmo_colibre ages (Gyr): [4.54989496 9.41163553 1.36515854 7.6227572  5.17118759 8.81106262
 8.80307719 4.55748369 3.20698967 9.20934656]
DEBUG: us.look_back_time -> ages (Gyr): [4.54989496 9.41163553 1.36515855 7.6227572  5.17118759 8.81106262
 8.80307719 4.55748369 3.20698967 9.20934656]
[54/100] subhalo 8885 done; total_formed=8.666e+01
Building SWIFTGalaxy for subhalo 4360996 (soap_index=21623522)
Read masses: Nstars=31381, sum_current=4.197469e+10 Msun
DEBUG: sample z (first valid): [0.17372305 2.43120419 1.88501497 0.46481895 0.70064355 6.11111111
 1.77859747 1.99853587 0.94353499 2.0814369 ]
DEBUG: Planck15 ages (Gyr): [11.57856736  2.69607258  3.47675948  8.86685911  7.30635039  0.9096546
  3.67218825  3.28629841  6.09888652  3.15771712]
DEBUG: cosmo_colibre ages (Gyr): [11.55800267  2.69770848  3.47787633  8.85696492  7.30106894  0.9115612
  3.6731373   3.28756398  6.09636344  3.15907493]
DEBUG: us.look_back_time -> ages (Gyr): [11.55800267  2.69770848  3.47787634  8.85696492  7.30106894  0.9115612
  3.6731373   3.28756398  6.09636344  3.15907493]
[55/100] subhalo 4360996 done; total_formed=7.021e+00
Building SWIFTGalaxy for subhalo 8371 (soap_index=21662174)
Read masses: Nstars=74618, sum_current=9.702429e+10 Msun
DEBUG: sample z (first valid): [3.05896197 0.44862953 4.64722103 1.68018976 6.34626163 6.51215039
 2.6016707  0.76228891 2.56328839 0.56799694]
DEBUG: Planck15 ages (Gyr): [2.10238977 8.99188868 1.28475979 3.86930484 0.86633694 0.8377985
 2.50980725 6.9670419  2.54986326 8.12770313]
DEBUG: cosmo_colibre ages (Gyr): [2.10426355 8.98157464 1.28673162 3.87006873 0.86822983 0.83968153
 2.51153221 6.96260724 2.55157018 8.12013991]
DEBUG: us.look_back_time -> ages (Gyr): [2.10426355 8.98157464 1.28673162 3.87006874 0.86822984 0.83968154
 2.51153222 6.96260724 2.55157018 8.12013991]
[56/100] subhalo 8371 done; total_formed=1.623e+01
Building SWIFTGalaxy for subhalo 26835 (soap_index=21682466)
Read masses: Nstars=80311, sum_current=1.071477e+11 Msun
DEBUG: sample z (first valid): [4.1909703  5.42446819 1.65306453 1.55920025 0.61977261 1.13277792
 0.76399655 0.41010414 0.41375442 0.55845144]
DEBUG: Planck15 ages (Gyr): [1.45720147 1.05920137 3.92666613 4.13617168 7.79119446 5.36032998
 6.95798929 9.30012858 9.27025841 8.19213254]
DEBUG: cosmo_colibre ages (Gyr): [1.45917701 1.06114456 3.92737311 4.13665899 7.78460566 5.35914811
 6.95357645 9.28874835 9.25898343 8.18437652]
DEBUG: us.look_back_time -> ages (Gyr): [1.45917702 1.06114457 3.92737311 4.13665899 7.78460566 5.35914811
 6.95357645 9.28874835 9.25898343 8.18437652]
[57/100] subhalo 26835 done; total_formed=1.791e+01
Building SWIFTGalaxy for subhalo 842460 (soap_index=21702921)
Read masses: Nstars=66644, sum_current=8.748599e+10 Msun
DEBUG: sample z (first valid): [4.22240816 5.05693161 7.35705177 8.24083474 0.45003983 5.38876974
 4.99597438 2.29724291 3.70872252 1.56963614]
DEBUG: Planck15 ages (Gyr): [1.4441145  1.15690478 0.71396071 0.61392744 8.98089338 1.06808055
 1.17455828 2.85896801 1.68549813 4.1119964 ]
DEBUG: cosmo_colibre ages (Gyr): [1.44609026 1.15886397 0.71579225 0.61570527 8.97061655 1.07002544
 1.17651975 2.86051518 1.68745744 4.11251   ]
DEBUG: us.look_back_time -> ages (Gyr): [1.44609026 1.15886398 0.71579225 0.61570527 8.97061656 1.07002544
 1.17651976 2.86051518 1.68745744 4.11251   ]
[58/100] subhalo 842460 done; total_formed=1.458e+01
Building SWIFTGalaxy for subhalo 1050322 (soap_index=21711571)
Read masses: Nstars=11555, sum_current=1.695787e+10 Msun
DEBUG: sample z (first valid): [3.15178967 1.20555967 1.11884901 2.04903694 5.03240059 0.96545106
 0.16099773 0.47976879 1.93068599 0.25885517]
DEBUG: Planck15 ages (Gyr): [ 2.03293108  5.11328448  5.40976594  3.20697588  1.16395577  6.00541349
 11.72326386  8.75368346  3.39802349 10.67321338]
DEBUG: cosmo_colibre ages (Gyr): [ 2.03482388  5.11249406  5.40850233  3.20829913  1.1659159   6.0030745
 11.70204315  8.74416299  3.39920359 10.65656311]
DEBUG: us.look_back_time -> ages (Gyr): [ 2.03482388  5.11249406  5.40850234  3.20829913  1.1659159   6.00307451
 11.70204315  8.744163    3.39920359 10.65656311]
[59/100] subhalo 1050322 done; total_formed=2.710e+00
Building SWIFTGalaxy for subhalo 240013 (soap_index=21732936)
Read masses: Nstars=32682, sum_current=4.564060e+10 Msun
DEBUG: sample z (first valid): [1.0395867  0.68351829 5.20664836 3.61423643 5.11914099 5.43772102
 5.25701738 1.25986207 0.05635074 1.17828891]
DEBUG: Planck15 ages (Gyr): [ 5.70530769  7.40511034  1.11536688  1.7372122   1.13933827  1.05593618
  1.10194613  4.94053264 13.0166617   5.20369342]
DEBUG: cosmo_colibre ages (Gyr): [ 5.70353152  7.39957187  1.11731998  1.73916471  1.14129501  1.05787874
  1.10389704  4.93999925 12.98923027  5.20276302]
DEBUG: us.look_back_time -> ages (Gyr): [ 5.70353152  7.39957187  1.11731998  1.73916471  1.14129501  1.05787875
  1.10389705  4.93999925 12.98923027  5.20276302]
[60/100] subhalo 240013 done; total_formed=7.584e+00
Building SWIFTGalaxy for subhalo 416304 (soap_index=21785294)
Read masses: Nstars=54096, sum_current=7.461511e+10 Msun
DEBUG: sample z (first valid): [0.02778998 0.40442311 0.14341545 2.65673474 0.27333489 0.25279095
 0.89191686 1.02109418 0.50629769 1.92937601]
DEBUG: Planck15 ages (Gyr): [13.40450489  9.34689946 11.92745821  2.45412272 10.52942653 10.73427579
  6.32823513  5.77792579  8.55808156  3.40024128]
DEBUG: cosmo_colibre ages (Gyr): [13.37509668  9.33535362 11.90529799  2.45587175 10.51336675 10.71737211
  6.32524255  5.77601737  8.54919273  3.40141963]
DEBUG: us.look_back_time -> ages (Gyr): [13.37509668  9.33535362 11.90529799  2.45587176 10.51336675 10.71737211
  6.32524255  5.77601737  8.54919273  3.40141963]
[61/100] subhalo 416304 done; total_formed=1.240e+01
Building SWIFTGalaxy for subhalo 880917 (soap_index=21796778)
Read masses: Nstars=49375, sum_current=6.431910e+10 Msun
DEBUG: sample z (first valid): [1.20096722 3.67080037 6.37602701 4.6760783  4.1643814  5.64328434
 0.70809008 1.18657414 0.59284464 6.45150654]
DEBUG: Planck15 ages (Gyr): [5.128334   1.70594355 0.86109837 1.27500058 1.46842415 1.00735524
 7.26403376 5.17595914 7.96352508 0.84804771]
DEBUG: cosmo_colibre ages (Gyr): [5.12752053 1.70790031 0.86298951 1.27697176 1.47039943 1.00928751
 7.25886097 5.17507208 7.9564441  0.84993436]
DEBUG: us.look_back_time -> ages (Gyr): [5.12752054 1.70790031 0.86298951 1.27697176 1.47039944 1.00928751
 7.25886097 5.17507208 7.9564441  0.84993437]
[62/100] subhalo 880917 done; total_formed=1.082e+01
Building SWIFTGalaxy for subhalo 5964374 (soap_index=21812890)
Read masses: Nstars=23006, sum_current=3.350268e+10 Msun
DEBUG: sample z (first valid): [0.61323356 3.29744262 6.49668268 3.60483418 1.66254977 4.57326303
 3.95921302 4.98392988 4.19549707 0.46129147]
DEBUG: Planck15 ages (Gyr): [7.83251985 1.93132052 0.84039302 1.74250176 3.90645221 1.31034568
 1.56006649 1.17809937 1.45530497 8.89388062]
DEBUG: cosmo_colibre ages (Gyr): [7.82581434 1.93323777 0.84227697 1.74445351 3.9071794  1.31231899
 1.56203756 1.18006128 1.45728055 8.88389631]
DEBUG: us.look_back_time -> ages (Gyr): [7.82581434 1.93323777 0.84227698 1.74445352 3.90717941 1.31231899
 1.56203756 1.18006128 1.45728055 8.88389631]
[63/100] subhalo 5964374 done; total_formed=5.010e+00
Building SWIFTGalaxy for subhalo 2893 (soap_index=21823149)
Read masses: Nstars=430301, sum_current=5.377070e+11 Msun
DEBUG: sample z (first valid): [3.77632826 0.31145441 0.82775547 0.6542811  0.66656495 1.08779866
 0.41521983 0.69203759 0.71452491 0.69203759]
DEBUG: Planck15 ages (Gyr): [ 1.65004049 10.16404182  6.63254686  7.57848988  7.50489976  5.52259893
  9.25830681  7.35572706  7.22776757  7.35572706]
DEBUG: cosmo_colibre ages (Gyr): [ 1.65200381 10.1494427   6.62889205  7.57248871  7.49909677  5.52114448
  9.24707382  7.3503177   7.22268722  7.3503177 ]
DEBUG: us.look_back_time -> ages (Gyr): [ 1.65200381 10.1494427   6.62889205  7.57248871  7.49909677  5.52114448
  9.24707382  7.3503177   7.22268723  7.3503177 ]
[64/100] subhalo 2893 done; total_formed=9.020e+01
Building SWIFTGalaxy for subhalo 1716312 (soap_index=21854936)
Read masses: Nstars=185569, sum_current=2.369783e+11 Msun
DEBUG: sample z (first valid): [0.5147929  2.96227328 3.728086   5.78637258 2.05529138 0.49666575
 7.23058085 0.5010536  5.23677198 2.89030037]
DEBUG: Planck15 ages (Gyr): [8.4968233  2.17900266 1.67521442 0.97568859 3.19736969 8.62833839
 0.7304923  8.59622639 1.10730809 2.23907268]
DEBUG: cosmo_colibre ages (Gyr): [8.48812856 2.18085329 1.67717494 0.97761329 3.19869975 8.61922477
 0.7323316  8.5872158  1.10925989 2.24090359]
DEBUG: us.look_back_time -> ages (Gyr): [8.48812856 2.1808533  1.67717494 0.97761329 3.19869975 8.61922477
 0.73233161 8.58721581 1.10925989 2.24090359]
[65/100] subhalo 1716312 done; total_formed=3.977e+01
Building SWIFTGalaxy for subhalo 3208117 (soap_index=21876037)
Read masses: Nstars=170198, sum_current=2.204621e+11 Msun
DEBUG: sample z (first valid): [0.23699509 0.21031248 0.41229204 0.92684935 2.31962314 0.46194343
 1.24499863 1.30679338 0.0704299  0.35337849]
DEBUG: Planck15 ages (Gyr): [10.89571291 11.17645135  9.282208    6.17158579  2.83064684  8.88887725
  4.98688334  4.79860065 12.83125929  9.78311158]
DEBUG: cosmo_colibre ages (Gyr): [10.87813174 11.15766638  9.27089096  6.16891663  2.83221016  8.87890966
  4.98628232  4.79826827 12.8047549   9.76997308]
DEBUG: us.look_back_time -> ages (Gyr): [10.87813174 11.15766639  9.27089096  6.16891663  2.83221016  8.87890966
  4.98628233  4.79826827 12.8047549   9.76997308]
[66/100] subhalo 3208117 done; total_formed=3.690e+01
Building SWIFTGalaxy for subhalo 542237 (soap_index=21879658)
Read masses: Nstars=74851, sum_current=9.615897e+10 Msun
DEBUG: sample z (first valid): [0.68872397 1.28762915 0.18716035 1.74346952 3.67546551 1.4861912
 3.88418542 1.0599736  1.63027773 0.92934527]
DEBUG: Planck15 ages (Gyr): [ 7.37487497  4.85576205 11.42852446  3.74064397  1.70340629  4.31190728
  1.59597092  5.62690178  3.97592458  6.16062526]
DEBUG: cosmo_colibre ages (Gyr): [ 7.36941568  4.85534981 11.40863137  3.74153054  1.70536337  4.31219586
  1.59793931  5.62526561  3.97658158  6.15797829]
DEBUG: us.look_back_time -> ages (Gyr): [ 7.36941569  4.85534982 11.40863137  3.74153054  1.70536337  4.31219586
  1.59793932  5.62526561  3.97658158  6.15797829]
[67/100] subhalo 542237 done; total_formed=1.609e+01
Building SWIFTGalaxy for subhalo 1753359 (soap_index=21879665)
Read masses: Nstars=26181, sum_current=3.541466e+10 Msun
DEBUG: sample z (first valid): [0.46481895 0.53883723 0.9956151  0.92300469 0.70595585 1.0651667
 2.72448284 4.41709373 0.95723331 0.76304746]
DEBUG: Planck15 ages (Gyr): [8.86685911 8.32695656 5.88038444 6.18852876 7.27612359 5.60720075
 2.38835151 1.36723638 6.0401983  6.96301845]
DEBUG: cosmo_colibre ages (Gyr): [8.85696492 8.31879064 5.87828515 6.18582519 7.27091984 5.6055993
 2.39012744 1.3692118  6.03779129 6.95859349]
DEBUG: us.look_back_time -> ages (Gyr): [8.85696492 8.31879065 5.87828515 6.18582519 7.27091985 5.6055993
 2.39012745 1.3692118  6.0377913  6.95859349]
[68/100] subhalo 1753359 done; total_formed=5.919e+00
Building SWIFTGalaxy for subhalo 1753491 (soap_index=21918175)
Read masses: Nstars=21203, sum_current=2.837583e+10 Msun
DEBUG: sample z (first valid): [3.45762481 3.26916813 5.42446819 0.33289945 0.39592741 0.57599077
 0.46337978 2.93798822 4.243719   0.95443159]
DEBUG: Planck15 ages (Gyr): [1.82892598 1.95038004 1.05920137 9.96653673 9.41749244 8.07433233
 8.87786885 2.19897125 1.43535363 6.05212976]
DEBUG: cosmo_colibre ages (Gyr): [1.83086373 1.95229301 1.06114456 9.95270293 9.40569473 8.06692731
 8.86793799 2.20081548 1.43732949 6.04969929]
DEBUG: us.look_back_time -> ages (Gyr): [1.83086373 1.95229301 1.06114457 9.95270293 9.40569473 8.06692731
 8.86793799 2.20081548 1.4373295  6.04969929]
[69/100] subhalo 1753491 done; total_formed=4.688e+00
Building SWIFTGalaxy for subhalo 428003 (soap_index=21966664)
Read masses: Nstars=28454, sum_current=3.991423e+10 Msun
DEBUG: sample z (first valid): [0.54668177 0.56559962 0.23513004 0.67234868 1.31739745 0.00818411
 4.11760112 5.37261766 1.0169888  3.67080037]
DEBUG: Planck15 ages (Gyr): [ 8.27263764  8.14381245 10.91500451  7.47062682  4.7674322  13.68018644
  1.48852042  1.07213871  5.79424436  1.70594355]
DEBUG: cosmo_colibre ages (Gyr): [ 8.26463792  8.13620121 10.89734166  7.46491523  4.76714275 13.64934318
  1.49049511  1.07408437  5.79230587  1.70790031]
DEBUG: us.look_back_time -> ages (Gyr): [ 8.26463792  8.13620121 10.89734166  7.46491523  4.76714275 13.64934318
  1.49049511  1.07408437  5.79230588  1.70790031]
[70/100] subhalo 428003 done; total_formed=6.532e+00
Building SWIFTGalaxy for subhalo 84299 (soap_index=21983504)
Read masses: Nstars=20173, sum_current=2.750960e+10 Msun
DEBUG: sample z (first valid): [3.35918585 4.04550004 3.86424701 1.13388903 0.18330204 7.76559888
 0.49230349 1.27366084 5.26958768 0.98257502]
DEBUG: Planck15 ages (Gyr): [ 1.89075433  1.52040039  1.60574317  5.35641728 11.47132147  0.66458835
  8.660441    4.89811363  1.09863857  5.93392978]
DEBUG: cosmo_colibre ages (Gyr): [ 1.8926802   1.52237375  1.60771074  5.35524183 11.45123773  0.6663949
  8.65122389  4.89764127  1.10058892  5.93172875]
DEBUG: us.look_back_time -> ages (Gyr): [ 1.89268021  1.52237375  1.60771075  5.35524183 11.45123773  0.6663949
  8.65122389  4.89764127  1.10058893  5.93172876]
[71/100] subhalo 84299 done; total_formed=4.583e+00
Building SWIFTGalaxy for subhalo 14669 (soap_index=22105442)
Read masses: Nstars=33761, sum_current=4.674642e+10 Msun
DEBUG: sample z (first valid): [2.46165223 5.24449738 4.25465042 0.3410821  0.1968734  1.92414778
 0.47537145 3.51225558 0.76570751 0.36023246]
DEBUG: Planck15 ages (Gyr): [ 2.66116678  1.10525693  1.43089387  9.8926491  11.32179106  3.40911617
  8.78674868  1.79604154  6.94893726  9.72282433]
DEBUG: cosmo_colibre ages (Gyr): [ 2.66282038  1.10720839  1.43286977  9.87909719 11.30237028  3.4102875
  8.77711965  1.79798497  6.9445462   9.70991107]
DEBUG: us.look_back_time -> ages (Gyr): [ 2.66282038  1.1072084   1.43286977  9.87909719 11.30237028  3.4102875
  8.77711965  1.79798498  6.9445462   9.70991107]
[72/100] subhalo 14669 done; total_formed=7.719e+00
Building SWIFTGalaxy for subhalo 4502350 (soap_index=22108811)
Read masses: Nstars=27732, sum_current=3.889576e+10 Msun
DEBUG: sample z (first valid): [4.65306651 3.78574558 4.75735746 6.51215039 5.66354855 6.76033156
 5.82808919 5.81459915 1.3180532  7.1971232 ]
DEBUG: Planck15 ages (Gyr): [1.28277292 1.64519936 1.24816389 0.8377985  1.00276756 0.79792282
 0.9667666  0.96963686 4.76551541 0.73497236]
DEBUG: cosmo_colibre ages (Gyr): [1.28474463 1.64716318 1.25013301 0.83968153 1.00469878 0.79979087
 0.96868904 0.97156003 4.76522858 0.73681371]
DEBUG: us.look_back_time -> ages (Gyr): [1.28474463 1.64716319 1.25013301 0.83968154 1.00469878 0.79979087
 0.96868904 0.97156003 4.76522858 0.73681372]
[73/100] subhalo 4502350 done; total_formed=6.387e+00
Building SWIFTGalaxy for subhalo 199615 (soap_index=22117724)
Read masses: Nstars=24900, sum_current=3.090313e+10 Msun
DEBUG: sample z (first valid): [1.51925886 5.18147519 2.19345093 0.62314246 6.55806712 4.64138762
 1.89163431 0.61069603 3.56760524 0.81580406]
DEBUG: Planck15 ages (Gyr): [4.23085022 1.12217629 2.99659641 7.77002666 0.83017444 1.28674765
 3.46516474 7.84864591 1.76371029 6.69173566]
DEBUG: cosmo_colibre ages (Gyr): [4.23123211 1.12413046 2.99806065 7.76349732 0.83205471 1.28871961
 3.46629107 7.84189463 1.76565889 6.68794681]
DEBUG: us.look_back_time -> ages (Gyr): [4.23123212 1.12413046 2.99806065 7.76349732 0.83205471 1.28871961
 3.46629107 7.84189463 1.76565889 6.68794681]
[74/100] subhalo 199615 done; total_formed=5.189e+00
Building SWIFTGalaxy for subhalo 1825444 (soap_index=22192337)
Read masses: Nstars=72361, sum_current=9.688349e+10 Msun
DEBUG: sample z (first valid): [0.17878984 6.34626163 2.73552212 0.4737789  0.58728929 0.77296829
 0.53956023 0.26752282 4.82179977 0.37127553]
DEBUG: Planck15 ages (Gyr): [11.52166237  0.86633694  2.37790933  8.7987696   7.99979434  6.91072413
  8.32192783 10.58680334  1.22754573  9.62682892]
DEBUG: cosmo_colibre ages (Gyr): [11.50135343  0.86822983  2.37968939  8.78910097  7.99260795  6.90642458
  8.31377735 10.57050898  1.22951301  9.61427094]
DEBUG: us.look_back_time -> ages (Gyr): [11.50135343  0.86822984  2.37968939  8.78910097  7.99260795  6.90642458
  8.31377735 10.57050898  1.22951301  9.61427094]
[75/100] subhalo 1825444 done; total_formed=1.618e+01
Building SWIFTGalaxy for subhalo 15133 (soap_index=22253386)
Read masses: Nstars=36939, sum_current=5.142352e+10 Msun
DEBUG: sample z (first valid): [0.31408406 1.42151936 1.52976145 0.50629769 0.41083269 0.4836548
 0.88712278 0.61737414 1.68304266 0.3962843 ]
DEBUG: Planck15 ages (Gyr): [10.13951824  4.4778417   4.20561839  8.55808156  9.29415556  8.72461699
  6.35021617  7.80631387  3.86335077  9.41451115]
DEBUG: cosmo_colibre ages (Gyr): [10.12501508  4.47793032  4.20602875  8.54919273  9.28279641  8.71519153
  6.34717725  7.79968247  3.86412049  9.40272412]
DEBUG: us.look_back_time -> ages (Gyr): [10.12501508  4.47793032  4.20602875  8.54919273  9.28279641  8.71519153
  6.34717725  7.79968247  3.8641205   9.40272412]
[76/100] subhalo 15133 done; total_formed=8.508e+00
Building SWIFTGalaxy for subhalo 8089503 (soap_index=22276717)
Read masses: Nstars=19149, sum_current=2.533777e+10 Msun
DEBUG: sample z (first valid): [8.41135923 5.30821061 3.13059372 0.27076708 4.26520447 3.5419641
 6.42113011 3.55839188 1.36319054 2.31391586]
DEBUG: Planck15 ages (Gyr): [ 0.59729499  1.08857835  2.0484539  10.55472036  1.42660982  1.77856722
  0.85326012  1.76902496  4.63647912  2.83782531]
DEBUG: cosmo_colibre ages (Gyr): [ 0.59906264  1.09052697  2.05034261 10.53855734  1.42858575  1.78051349
  0.85514858  1.77097274  4.63636526  2.83938456]
DEBUG: us.look_back_time -> ages (Gyr): [ 0.59906264  1.09052697  2.05034261 10.53855734  1.42858576  1.7805135
  0.85514858  1.77097274  4.63636526  2.83938457]
[77/100] subhalo 8089503 done; total_formed=4.229e+00
Building SWIFTGalaxy for subhalo 960927 (soap_index=22415671)
Read masses: Nstars=287697, sum_current=3.653420e+11 Msun
DEBUG: sample z (first valid): [0.86054963 2.13060094 0.80559841 0.8910434  0.81943365 1.40181778
 7.39935918 0.9117853  2.18506998 0.82125389]
DEBUG: Planck15 ages (Gyr): [6.47423639 3.08529639 6.74292774 6.33223116 6.67367416 4.53043779
 0.70856887 6.23838851 3.00818172 6.66464468]
DEBUG: cosmo_colibre ages (Gyr): [6.47093169 3.08670329 6.7390216  6.32923017 6.66992639 4.53046051
 0.71039782 6.23558287 3.00963864 6.66091739]
DEBUG: us.look_back_time -> ages (Gyr): [6.47093169 3.08670329 6.7390216  6.32923017 6.66992639 4.53046051
 0.71039782 6.23558287 3.00963864 6.66091739]
[78/100] subhalo 960927 done; total_formed=6.096e+01
Building SWIFTGalaxy for subhalo 936560 (soap_index=22419426)
Read masses: Nstars=14066, sum_current=1.933056e+10 Msun
DEBUG: sample z (first valid): [ 5.4964314   6.24234722  4.01461474  4.24917901  1.09046252 10.41344479
  6.48127854  3.78120668  2.41796182  3.11399874]
DEBUG: Planck15 ages (Gyr): [1.04167038 0.8850472  1.53440436 1.43312319 5.51277362 0.44699929
 0.84299017 1.64752972 2.71148898 2.06074434]
DEBUG: cosmo_colibre ages (Gyr): [1.04361008 0.88694619 1.53637699 1.43509908 5.51133603 0.4486545
 0.84487504 1.6494933  2.71311692 2.06262975]
DEBUG: us.look_back_time -> ages (Gyr): [1.04361008 0.8869462  1.53637699 1.43509908 5.51133603 0.4486545
 0.84487505 1.6494933  2.71311692 2.06262976]
[79/100] subhalo 936560 done; total_formed=3.207e+00
Building SWIFTGalaxy for subhalo 37777 (soap_index=22467438)
Read masses: Nstars=65456, sum_current=8.763563e+10 Msun
DEBUG: sample z (first valid): [3.62335097 3.05996779 3.43950684 1.46246337 4.26520447 0.98859085
 5.07884241 5.78637258 4.93515667 4.34072203]
DEBUG: Planck15 ages (Gyr): [1.73210982 2.10161626 1.84005243 4.37162239 1.42660982 5.90913293
 1.15066667 0.97568859 1.19262156 1.39656682]
DEBUG: cosmo_colibre ages (Gyr): [1.73406305 2.10349026 1.84198815 4.37184039 1.42858575 5.90697919
 1.15262502 0.97761329 1.19458519 1.39854271]
DEBUG: us.look_back_time -> ages (Gyr): [1.73406306 2.10349026 1.84198816 4.37184039 1.42858576 5.90697919
 1.15262502 0.97761329 1.1945852  1.39854271]
[80/100] subhalo 37777 done; total_formed=1.460e+01
Building SWIFTGalaxy for subhalo 125203 (soap_index=22500319)
Read masses: Nstars=103585, sum_current=1.364418e+11 Msun
DEBUG: sample z (first valid): [4.53934579e+00 2.77903440e-01 6.58079815e+00 3.02728446e+00
 4.59868784e-03 6.69962287e-01 6.69962287e-01 7.05955852e-01
 5.52985782e-01 5.64851958e-01]
DEBUG: Planck15 ages (Gyr): [ 1.32236353 10.48464091  0.82644271  2.12699385 13.73145895  7.48473902
  7.48473902  7.27612359  8.22937077  8.14884635]
DEBUG: cosmo_colibre ages (Gyr): [ 1.32433742 10.46876326  0.82832162  2.12886044 13.70034612  7.47898985
  7.47898985  7.27091984  8.2215024   8.14122008]
DEBUG: us.look_back_time -> ages (Gyr): [ 1.32433743 10.46876326  0.82832163  2.12886044 13.70034612  7.47898986
  7.47898986  7.27091985  8.22150241  8.14122008]
[81/100] subhalo 125203 done; total_formed=2.281e+01
Building SWIFTGalaxy for subhalo 220907 (soap_index=22605721)
Read masses: Nstars=45059, sum_current=6.606994e+10 Msun
DEBUG: sample z (first valid): [6.37602701 2.39917012 4.47227789 0.80659389 5.14380801 2.85687382
 0.27007752 1.55282019 6.5268175  3.10987081]
DEBUG: Planck15 ages (Gyr): [ 0.86109837  2.73361558  1.34667298  6.73790777  1.13249512  2.26790608
 10.56152778  4.15106461  0.83535055  2.06382046]
DEBUG: cosmo_colibre ages (Gyr): [ 0.86298951  2.73523193  1.34864783  6.73401319  1.13445086  2.26972703
 10.54533693  4.15153559  0.8372327   2.06570504]
DEBUG: us.look_back_time -> ages (Gyr): [ 0.86298951  2.73523193  1.34864783  6.73401319  1.13445086  2.26972703
 10.54533693  4.15153559  0.83723271  2.06570504]
[82/100] subhalo 220907 done; total_formed=1.076e+01
Building SWIFTGalaxy for subhalo 125862 (soap_index=22614407)
Read masses: Nstars=489172, sum_current=6.071831e+11 Msun
DEBUG: sample z (first valid): [2.72067673 4.42786152 7.26431274 0.72408713 2.93798822 4.35162502
 6.61957912 5.18147519 5.80752052 0.7603954 ]
DEBUG: Planck15 ages (Gyr): [2.39196926 1.36318322 0.72602129 7.17438557 2.19897125 1.39231599
 0.8201401  1.12217629 0.97114864 6.97710103]
DEBUG: cosmo_colibre ages (Gyr): [2.39374376 1.36515854 0.72785852 7.16944013 2.20081548 1.39429184
 0.82201667 1.12413046 0.97307219 6.97264207]
DEBUG: us.look_back_time -> ages (Gyr): [2.39374376 1.36515855 0.72785852 7.16944013 2.20081548 1.39429184
 0.82201668 1.12413046 0.9730722  6.97264207]
[83/100] subhalo 125862 done; total_formed=1.017e+02
Building SWIFTGalaxy for subhalo 1203850 (soap_index=22614448)
Read masses: Nstars=32694, sum_current=4.635577e+10 Msun
DEBUG: sample z (first valid): [3.49399986 0.99610136 1.15976799 0.88105626 1.19315976 3.07663598
 1.05557995 2.99658495 2.31090229 1.3767317 ]
DEBUG: Planck15 ages (Gyr): [1.80692082 5.87840242 5.26655059 6.37820214 5.15408122 2.08886576
 5.64365525 2.15129515 2.84162775 4.5988565 ]
DEBUG: cosmo_colibre ages (Gyr): [1.80886242 5.87630687 5.26552065 6.3751039  5.1532281  2.09074339
 5.6419894  2.15315442 2.84318484 4.59879167]
DEBUG: us.look_back_time -> ages (Gyr): [1.80886243 5.87630687 5.26552065 6.3751039  5.1532281  2.09074339
 5.6419894  2.15315442 2.84318484 4.59879167]
[84/100] subhalo 1203850 done; total_formed=7.711e+00
Building SWIFTGalaxy for subhalo 22371 (soap_index=22646856)
Read masses: Nstars=103562, sum_current=1.357547e+11 Msun
DEBUG: sample z (first valid): [1.13820555 0.35741508 0.6496174  4.75735746 3.2605643  1.7687368
 1.05738683 1.92545308 4.01461474 0.61022113]
DEBUG: Planck15 ages (Gyr): [5.34125981 9.74753989 7.60671706 1.24816389 1.95624155 3.69119771
 5.63675592 3.40689688 1.53440436 7.85166949]
DEBUG: cosmo_colibre ages (Gyr): [5.34010916 9.73453449 7.60063916 1.25013301 1.95815318 3.6921296
 5.63510231 3.40806997 1.53637699 7.84490961]
DEBUG: us.look_back_time -> ages (Gyr): [5.34010916 9.73453449 7.60063917 1.25013301 1.95815318 3.6921296
 5.63510231 3.40806998 1.53637699 7.84490961]
[85/100] subhalo 22371 done; total_formed=2.276e+01
Building SWIFTGalaxy for subhalo 593513 (soap_index=22660273)
Read masses: Nstars=17004, sum_current=2.348900e+10 Msun
DEBUG: sample z (first valid): [1.30858109 1.06360602 1.19875193 4.20126984 9.37454488 0.33965658
 1.942793   8.96214943 7.46827756 0.33149126]
DEBUG: Planck15 ages (Gyr): [4.79332327 5.61311004 5.13561872 1.45289238 0.51595104 9.90546356
 3.37763749 0.54837779 0.6999293  9.97933351]
DEBUG: cosmo_colibre ages (Gyr): [4.7929982  5.61149819 5.13479407 1.45486801 0.51766286 9.89186293
 3.37883355 0.55011314 0.70175403 9.96545066]
DEBUG: us.look_back_time -> ages (Gyr): [4.7929982  5.61149819 5.13479407 1.45486801 0.51766286 9.89186294
 3.37883355 0.55011314 0.70175403 9.96545066]
[86/100] subhalo 593513 done; total_formed=3.870e+00
Building SWIFTGalaxy for subhalo 2056 (soap_index=22739262)
Read masses: Nstars=197128, sum_current=2.448430e+11 Msun
DEBUG: sample z (first valid): [2.02594884 2.06157152 1.00073269 4.20664177 1.89521117 1.95154026
 0.83348254 5.82808919 0.70064355 2.16262909]
DEBUG: Planck15 ages (Gyr): [3.24284832 3.18777121 5.85957738 1.45065327 3.45892553 3.3630324
 6.60447049 0.9667666  7.30635039 3.03956627]
DEBUG: cosmo_colibre ages (Gyr): [3.24414579 3.18910804 5.85751725 1.45262893 3.46005693 3.3642398
 6.60087865 0.96868904 7.30106894 3.04100312]
DEBUG: us.look_back_time -> ages (Gyr): [3.2441458  3.18910805 5.85751726 1.45262893 3.46005693 3.3642398
 6.60087865 0.96868904 7.30106894 3.04100312]
[87/100] subhalo 2056 done; total_formed=4.120e+01
Building SWIFTGalaxy for subhalo 1946833 (soap_index=22767338)
Read masses: Nstars=18681, sum_current=2.648285e+10 Msun
DEBUG: sample z (first valid): [6.08267589 5.33381657 0.69029196 7.38270657 4.80426889 0.74168173
 2.73169343 3.29321978 2.73424501 3.75208469]
DEBUG: Planck15 ages (Gyr): [0.91513642 1.08199272 7.36580479 0.71068305 1.23309842 7.07772854
 2.3815224  1.93414749 2.37911351 1.66261244]
DEBUG: cosmo_colibre ages (Gyr): [0.91704465 1.08394017 7.36036918 0.71251301 1.23506621 7.07302381
 2.38330103 1.93606411 2.38089309 1.6645744 ]
DEBUG: us.look_back_time -> ages (Gyr): [0.91704465 1.08394018 7.36036918 0.71251302 1.23506622 7.07302381
 2.38330104 1.93606411 2.38089309 1.6645744 ]
[88/100] subhalo 1946833 done; total_formed=4.359e+00
Building SWIFTGalaxy for subhalo 602050 (soap_index=22802560)
Read masses: Nstars=45080, sum_current=6.197796e+10 Msun
DEBUG: sample z (first valid): [3.29744262 7.06547289 2.44527389 1.70407658 1.24854182 2.04761905
 3.16710116 1.69651086 1.38122229 2.95414505]
DEBUG: Planck15 ages (Gyr): [1.93132052 0.75305219 2.6798501  3.81990684 4.9757714  3.20916018
 2.02183821 3.83544168 4.58648781 2.18565275]
DEBUG: cosmo_colibre ages (Gyr): [1.93323777 0.75490161 2.68149428 3.82071865 4.97518668 3.21048187
 2.02373387 3.83623853 4.58643895 2.18750126]
DEBUG: us.look_back_time -> ages (Gyr): [1.93323777 0.75490161 2.68149429 3.82071865 4.97518669 3.21048187
 2.02373388 3.83623854 4.58643896 2.18750127]
[89/100] subhalo 602050 done; total_formed=1.028e+01
Building SWIFTGalaxy for subhalo 2371981 (soap_index=22822525)
Read masses: Nstars=25958, sum_current=3.602532e+10 Msun
DEBUG: sample z (first valid): [0.23643499 4.780718   1.90419215 0.13188256 0.20906206 4.52813159
 0.17938382 2.68303923 0.08245243 0.05798786]
DEBUG: Planck15 ages (Gyr): [10.90150135  1.24062376  3.44334014 12.06415183 11.1898611   1.32637732
 11.51501758  2.42823563 12.67586948 12.99491029]
DEBUG: cosmo_colibre ages (Gyr): [10.88389569  1.24259223  3.44448414 12.04135381 11.17101782  1.32835139
 11.49473843  2.42999545 12.65013288 12.96758823]
DEBUG: us.look_back_time -> ages (Gyr): [10.88389569  1.24259224  3.44448414 12.04135381 11.17101782  1.32835139
 11.49473843  2.42999545 12.65013288 12.96758824]
[90/100] subhalo 2371981 done; total_formed=5.930e+00
Building SWIFTGalaxy for subhalo 40656 (soap_index=22827343)
Read masses: Nstars=30152, sum_current=4.204571e+10 Msun
DEBUG: sample z (first valid): [5.88403361 0.16512587 5.5164562  4.51696271 1.55023737 0.56246424
 6.24234722 2.7055298  4.31904878 0.6766271 ]
DEBUG: Planck15 ages (Gyr): [ 0.95501267 11.6760428   1.0368777   1.33039502  4.15711829  8.16495397
  0.8850472   2.40645646  1.40508093  7.44542725]
DEBUG: cosmo_colibre ages (Gyr): [ 0.95693204 11.65503708  1.03881641  1.33236926  4.1575826   8.15727952
  0.88694619  2.40822515  1.40705687  7.43978249]
DEBUG: us.look_back_time -> ages (Gyr): [ 0.95693204 11.65503708  1.03881641  1.33236927  4.1575826   8.15727952
  0.8869462   2.40822515  1.40705688  7.43978249]
[91/100] subhalo 40656 done; total_formed=6.992e+00
Building SWIFTGalaxy for subhalo 10894433 (soap_index=22827369)
Read masses: Nstars=16548, sum_current=2.149531e+10 Msun
DEBUG: sample z (first valid): [3.49254715e-01 3.11454414e-01 7.71199734e+00 3.11769416e-01
 5.34669766e+00 3.81100902e-01 5.09171216e-03 2.46404003e-02
 3.43721808e-01 7.00000000e+00]
DEBUG: Planck15 ages (Gyr): [ 9.81964808 10.16404182  0.67073764 10.16109963  1.07870479  9.54258302
 13.72439264 13.44826365  9.86898371  0.76232083]
DEBUG: cosmo_colibre ages (Gyr): [ 9.80637228 10.1494427   0.67254746 10.14651203  1.08065165  9.5303334
 13.69331701 13.41862929  9.85552157  0.76417426]
DEBUG: us.look_back_time -> ages (Gyr): [ 9.80637228 10.1494427   0.67254746 10.14651203  1.08065165  9.5303334
 13.69331701 13.41862929  9.85552157  0.76417426]
[92/100] subhalo 10894433 done; total_formed=3.571e+00
Building SWIFTGalaxy for subhalo 4646535 (soap_index=22833677)
Read masses: Nstars=24101, sum_current=3.248878e+10 Msun
DEBUG: sample z (first valid): [1.77154698 3.2800418  0.09680011 4.6760783  4.13846636 0.25827509
 0.16042213 0.21031248 0.05526214 0.30737312]
DEBUG: Planck15 ages (Gyr): [ 3.68576397  1.94301358 12.49387838  1.27500058  1.47950097 10.6790326
 11.72986971 11.17645135 13.03115362 10.2022744 ]
DEBUG: cosmo_colibre ages (Gyr): [ 3.68670078  1.94492822 12.46903019  1.27697176  1.48147595 10.66235824
 11.70861886 11.15766638 13.00364923 10.18752515]
DEBUG: us.look_back_time -> ages (Gyr): [ 3.68670078  1.94492822 12.46903019  1.27697176  1.48147596 10.66235824
 11.70861886 11.15766639 13.00364923 10.18752515]
[93/100] subhalo 4646535 done; total_formed=5.456e+00
Building SWIFTGalaxy for subhalo 23014 (soap_index=22848500)
Read masses: Nstars=86727, sum_current=1.143133e+11 Msun
DEBUG: sample z (first valid): [0.06230954 1.66927338 0.08023999 0.1035226  0.04543134 0.0813094
 0.10800027 0.02521745 0.1035226  0.03199798]
DEBUG: Planck15 ages (Gyr): [12.93773579  3.89222538 12.7042651  12.40987548 13.16305853 12.69052861
 12.35436564 13.44023148 12.40987548 13.34635169]
DEBUG: cosmo_colibre ages (Gyr): [12.91070044  3.8929667  12.67838883 12.38543336 13.13488683 12.66471994
 12.33019046 13.41063867 12.38543336 13.31724305]
DEBUG: us.look_back_time -> ages (Gyr): [12.91070044  3.8929667  12.67838883 12.38543336 13.13488683 12.66471994
 12.33019046 13.41063867 12.38543336 13.31724305]
[94/100] subhalo 23014 done; total_formed=1.914e+01
Building SWIFTGalaxy for subhalo 228742 (soap_index=22848537)
Read masses: Nstars=1427913, sum_current=1.763121e+12 Msun
DEBUG: sample z (first valid): [3.12643244 3.11813498 0.80918728 0.81560284 0.67286094 0.74353517
 1.90702626 0.49284738 0.77777778 5.34669766]
DEBUG: Planck15 ages (Gyr): [2.0515244  2.05766963 6.72485699 6.69273917 7.46760282 7.06766299
 3.43844561 8.6564287  6.88558993 1.07870479]
DEBUG: cosmo_colibre ages (Gyr): [2.05341229 2.05955587 6.72099241 6.68894804 7.46189926 7.06298307
 3.43959355 8.64722455 6.88135019 1.08065165]
DEBUG: us.look_back_time -> ages (Gyr): [2.0534123  2.05955587 6.72099241 6.68894804 7.46189926 7.06298307
 3.43959355 8.64722455 6.88135019 1.08065165]
[95/100] subhalo 228742 done; total_formed=2.930e+02
Building SWIFTGalaxy for subhalo 229838 (soap_index=22848541)
Read masses: Nstars=35660, sum_current=4.784631e+10 Msun
DEBUG: sample z (first valid): [1.00012208 1.53406542 2.26049751 2.05216095 2.30789421 1.19771965
 6.11806234 3.7569137  8.37299771 1.7206908 ]
DEBUG: Planck15 ages (Gyr): [5.86205393 4.19534833 2.90648662 3.20217183 2.84543161 5.13901887
 0.90832282 1.66009565 0.60097084 3.78614822]
DEBUG: cosmo_colibre ages (Gyr): [5.85998915 4.1957702  2.90800597 3.20349848 2.84698653 5.13818898
 0.91022902 1.66205788 0.60274077 3.78699218]
DEBUG: us.look_back_time -> ages (Gyr): [5.85998916 4.1957702  2.90800598 3.20349849 2.84698654 5.13818898
 0.91022902 1.66205788 0.60274077 3.78699219]
[96/100] subhalo 229838 done; total_formed=8.039e+00
Building SWIFTGalaxy for subhalo 489543 (soap_index=22848558)
Read masses: Nstars=26994, sum_current=3.592790e+10 Msun
DEBUG: sample z (first valid): [0.75586754 1.46357417 1.6911958  2.9661099  0.87760715 5.30821061
 5.75907591 0.82510861 1.97728512 5.7181958 ]
DEBUG: Planck15 ages (Gyr): [7.00124574 4.36879725 3.84641654 2.17587533 6.39419911 1.08857835
 0.98160088 6.64558527 3.32063898 0.99056727]
DEBUG: cosmo_colibre ages (Gyr): [6.99672827 4.36901863 3.84720276 2.17772695 6.39106679 1.09052697
 0.98352704 6.64190107 3.3218788  0.99249561]
DEBUG: us.look_back_time -> ages (Gyr): [6.99672827 4.36901863 3.84720276 2.17772695 6.39106679 1.09052697
 0.98352704 6.64190107 3.32187881 0.99249561]
[97/100] subhalo 489543 done; total_formed=6.020e+00
Building SWIFTGalaxy for subhalo 283288 (soap_index=22889526)
Read masses: Nstars=55676, sum_current=7.775130e+10 Msun
DEBUG: sample z (first valid): [2.44418751 3.60483418 6.89495242 0.21461932 0.18296029 0.93275923
 0.51633503 6.42113011 0.35741508 0.35741508]
DEBUG: Planck15 ages (Gyr): [ 2.68109699  1.74250176  0.7775936  11.1304397  11.47512322  6.14568239
  8.48577347  0.85326012  9.74753989  9.74753989]
DEBUG: cosmo_colibre ages (Gyr): [ 2.68274054  1.74445351  0.77945345 11.11185424 11.4550225   6.14306557
  8.47711355  0.85514858  9.73453449  9.73453449]
DEBUG: us.look_back_time -> ages (Gyr): [ 2.68274054  1.74445352  0.77945345 11.11185424 11.45502251  6.14306558
  8.47711355  0.85514858  9.73453449  9.73453449]
[98/100] subhalo 283288 done; total_formed=1.283e+01
Building SWIFTGalaxy for subhalo 1036220 (soap_index=22902897)
Read masses: Nstars=31037, sum_current=4.104351e+10 Msun
DEBUG: sample z (first valid): [0.55210307 3.53066021 2.99463611 6.05370789 0.55372214 4.0350338
 4.05561984 0.37970526 2.95414505 2.01231844]
DEBUG: Planck15 ages (Gyr): [8.23540866 1.78518278 2.15285328 0.92077763 8.22433903 1.52512216
 1.5158579  9.55448355 2.18565275 3.2643348 ]
DEBUG: cosmo_colibre ages (Gyr): [8.22752202 1.787128   2.15471207 0.9226875  8.21648588 1.52709529
 1.51783148 9.54219057 2.18750126 3.26561658]
DEBUG: us.look_back_time -> ages (Gyr): [8.22752202 1.787128   2.15471207 0.9226875  8.21648588 1.52709529
 1.51783148 9.54219057 2.18750127 3.26561659]
[99/100] subhalo 1036220 done; total_formed=6.836e+00
Building SWIFTGalaxy for subhalo 2147 (soap_index=22911819)
Read masses: Nstars=108623, sum_current=1.435503e+11 Msun
DEBUG: sample z (first valid): [0.10181574 0.08820404 0.11478533 0.13761978 0.06847528 0.30477025
 0.95047619 0.32171668 0.32406659 6.4362873 ]
DEBUG: Planck15 ages (Gyr): [12.4311283  12.60246767 12.27091816 11.99587507 12.85677571 10.22676683
  6.06903718 10.06882346 10.04720269  0.8506526 ]
DEBUG: cosmo_colibre ages (Gyr): [12.40658369 12.57709081 12.24714214 11.97339651 12.83014443 10.21192108
  6.06657334 10.05459545 10.03305839  0.85254016]
DEBUG: us.look_back_time -> ages (Gyr): [12.40658369 12.57709081 12.24714214 11.97339651 12.83014443 10.21192108
  6.06657334 10.05459545 10.03305839  0.85254016]
[100/100] subhalo 2147 done; total_formed=2.406e+01
All halos processed. Writing CSV.
Wrote relicness_extras_700_800.csv (100 rows) in 7585.3s
