Task 4: rendering galaxies 89 to 98
Using PARTRIDGE at: /home/mzemsch/COLIBRE-analysis/PARTRIDGE
Found 267 relic IDs in z0_relics_trackids.csv using column 'track_id'
Rendering IDs in range [89, 99) -> 10 galaxies
[1/10] Rendering halo 81796
Calculating stellar luminosities from FSPS tables.
Luminosity generation for all bands done. Time taken: 3.854 s (read-in time: 3.503 s).
Loaded in and pre-processed the data. Total pre-processing time taken: 86.547 s.
Generated star smoothing lengths. Time taken: 2.085 s.
Rendered the stars onto the grid. Time taken: 304.838 s.
Rendered the dust onto the grid. Time taken: 165.542 s.
Computed the projected luminosity maps. Total time taken: 477.404 s.
Created the RGB image.
Created the RGB image.
Done! Total time taken: 566.093 s.
[2/10] Rendering halo 1708028
Calculating stellar luminosities from FSPS tables.
Luminosity generation for all bands done. Time taken: 4.726 s (read-in time: 3.759 s).
Loaded in and pre-processed the data. Total pre-processing time taken: 106.887 s.
Generated star smoothing lengths. Time taken: 5.145 s.
Rendered the stars onto the grid. Time taken: 132.655 s.
Rendered the dust onto the grid. Time taken: 133.266 s.
Computed the projected luminosity maps. Total time taken: 272.823 s.
Created the RGB image.
Created the RGB image.
Done! Total time taken: 384.961 s.
[3/10] Rendering halo 18408
Calculating stellar luminosities from FSPS tables.
Luminosity generation for all bands done. Time taken: 3.828 s (read-in time: 3.767 s).
Loaded in and pre-processed the data. Total pre-processing time taken: 99.208 s.
Generated star smoothing lengths. Time taken: 0.365 s.
Rendered the stars onto the grid. Time taken: 142.315 s.
Rendered the dust onto the grid. Time taken: 164.362 s.
Computed the projected luminosity maps. Total time taken: 313.456 s.
Created the RGB image.
Created the RGB image.
Done! Total time taken: 413.122 s.
[4/10] Rendering halo 2330
Calculating stellar luminosities from FSPS tables.
Luminosity generation for all bands done. Time taken: 9.356 s (read-in time: 8.998 s).
Loaded in and pre-processed the data. Total pre-processing time taken: 140.000 s.
Generated star smoothing lengths. Time taken: 2.159 s.
Rendered the stars onto the grid. Time taken: 173.430 s.
Rendered the dust onto the grid. Time taken: 174.096 s.
Computed the projected luminosity maps. Total time taken: 354.335 s.
Created the RGB image.
Created the RGB image.
Done! Total time taken: 496.591 s.
[5/10] Rendering halo 18028
Calculating stellar luminosities from FSPS tables.
Luminosity generation for all bands done. Time taken: 4.575 s (read-in time: 4.305 s).
Loaded in and pre-processed the data. Total pre-processing time taken: 106.131 s.
Generated star smoothing lengths. Time taken: 1.963 s.
Rendered the stars onto the grid. Time taken: 186.917 s.
Rendered the dust onto the grid. Time taken: 172.742 s.
Computed the projected luminosity maps. Total time taken: 366.878 s.
Created the RGB image.
Created the RGB image.
Done! Total time taken: 475.061 s.
[6/10] Rendering halo 1867573
Calculating stellar luminosities from FSPS tables.
Luminosity generation for all bands done. Time taken: 4.063 s (read-in time: 3.932 s).
Loaded in and pre-processed the data. Total pre-processing time taken: 98.276 s.
Generated star smoothing lengths. Time taken: 0.870 s.
Rendered the stars onto the grid. Time taken: 125.286 s.
Rendered the dust onto the grid. Time taken: 183.154 s.
Computed the projected luminosity maps. Total time taken: 315.151 s.
Created the RGB image.
Created the RGB image.
Done! Total time taken: 414.383 s.
[7/10] Rendering halo 1172843
Calculating stellar luminosities from FSPS tables.
Luminosity generation for all bands done. Time taken: 1.626 s (read-in time: 1.569 s).
Loaded in and pre-processed the data. Total pre-processing time taken: 83.543 s.
Generated star smoothing lengths. Time taken: 0.382 s.
Rendered the stars onto the grid. Time taken: 177.796 s.
Rendered the dust onto the grid. Time taken: 173.445 s.
Computed the projected luminosity maps. Total time taken: 358.535 s.
Created the RGB image.
Created the RGB image.
Done! Total time taken: 442.568 s.
[8/10] Rendering halo 964959
Calculating stellar luminosities from FSPS tables.
Luminosity generation for all bands done. Time taken: 3.175 s (read-in time: 2.698 s).
Loaded in and pre-processed the data. Total pre-processing time taken: 81.162 s.
Generated star smoothing lengths. Time taken: 3.067 s.
Rendered the stars onto the grid. Time taken: 233.719 s.
Rendered the dust onto the grid. Time taken: 154.296 s.
Computed the projected luminosity maps. Total time taken: 395.502 s.
Created the RGB image.
Created the RGB image.
Done! Total time taken: 479.838 s.
[9/10] Rendering halo 1027827
Calculating stellar luminosities from FSPS tables.
Luminosity generation for all bands done. Time taken: 2.969 s (read-in time: 2.906 s).
Loaded in and pre-processed the data. Total pre-processing time taken: 90.525 s.
Generated star smoothing lengths. Time taken: 0.458 s.
Rendered the stars onto the grid. Time taken: 148.866 s.
Rendered the dust onto the grid. Time taken: 150.166 s.
Computed the projected luminosity maps. Total time taken: 307.335 s.
Created the RGB image.
Created the RGB image.
Done! Total time taken: 398.425 s.
[10/10] Rendering halo 7997
Calculating stellar luminosities from FSPS tables.
Luminosity generation for all bands done. Time taken: 1.375 s (read-in time: 1.359 s).
Loaded in and pre-processed the data. Total pre-processing time taken: 79.688 s.
Generated star smoothing lengths. Time taken: 0.100 s.
Rendered the stars onto the grid. Time taken: 117.041 s.
Rendered the dust onto the grid. Time taken: 153.934 s.
Computed the projected luminosity maps. Total time taken: 280.635 s.
Created the RGB image.
Created the RGB image.
Done! Total time taken: 360.509 s.
Done.
