Starting pure-swift relicness script
Loaded SOAP mapping for 91142867 halos
Batch mode: processing 100 halos (slice 1200:1300)
Building SWIFTGalaxy for subhalo 8859577 (soap_index=34836881)
Read masses: Nstars=16718, sum_current=2.312148e+10 Msun
DEBUG: sample z (first valid): [2.33924386 3.34588859 6.79170134 5.37882032 0.24773437 0.31009116
 0.27660901 0.57040161 0.2857255  0.25885517]
DEBUG: Planck15 ages (Gyr): [ 2.80619416  1.89937108  0.7931073   1.07057729 10.78557792 10.1767893
 10.49730223  8.11159257 10.40859898 10.67321338]
DEBUG: cosmo_colibre ages (Gyr): [ 2.80777119  1.90129517  0.79497344  1.07252265 10.76846013 10.1621402
 10.48137318  8.10407725 10.39302859 10.65656311]
DEBUG: us.look_back_time -> ages (Gyr): [ 2.80777119  1.90129518  0.79497345  1.07252265 10.76846013 10.1621402
 10.48137318  8.10407725 10.39302859 10.65656311]
[1/100] subhalo 8859577 done; total_formed=3.846e+00
Building SWIFTGalaxy for subhalo 36515 (soap_index=34849954)
Read masses: Nstars=110424, sum_current=1.409083e+11 Msun
DEBUG: sample z (first valid): [0.97041491 6.71283983 1.11447377 1.20883047 0.93870548 0.78747545
 0.61977261 0.55934139 0.43984533 0.49271137]
DEBUG: Planck15 ages (Gyr): [5.98455371 0.80530626 5.42544338 5.10260878 6.11979056 6.83533668
 7.79119446 8.1860932  9.06082572 8.65743179]
DEBUG: cosmo_colibre ages (Gyr): [5.98225523 0.80717719 5.42415362 5.10183464 6.11722573 6.83121558
 7.78460566 8.17835533 9.05027706 8.6482244 ]
DEBUG: us.look_back_time -> ages (Gyr): [5.98225524 0.8071772  5.42415362 5.10183464 6.11722574 6.83121558
 7.78460566 8.17835534 9.05027706 8.6482244 ]
[2/100] subhalo 36515 done; total_formed=2.367e+01
Building SWIFTGalaxy for subhalo 1158110 (soap_index=34849962)
Read masses: Nstars=24634, sum_current=3.322620e+10 Msun
DEBUG: sample z (first valid): [0.76894839 0.78923228 0.32075776 1.13820555 0.61657622 2.2653712
 7.537224   3.81528288 2.85914498 3.91384869]
DEBUG: Planck15 ages (Gyr): [ 6.93184058  6.82629333 10.07766569  5.34125981  7.81135359  2.90010985
  0.69146003  1.63016681  2.26592766  1.58161349]
DEBUG: cosmo_colibre ages (Gyr): [ 6.92749055  6.82219345 10.06340339  5.34010916  7.80470795  2.90163299
  0.69328053  1.63213214  2.26774931  1.58358302]
DEBUG: us.look_back_time -> ages (Gyr): [ 6.92749055  6.82219345 10.06340339  5.34010916  7.80470796  2.90163299
  0.69328053  1.63213214  2.26774931  1.58358302]
[3/100] subhalo 1158110 done; total_formed=5.535e+00
Building SWIFTGalaxy for subhalo 2245876 (soap_index=34886491)
Read masses: Nstars=34197, sum_current=4.428144e+10 Msun
DEBUG: sample z (first valid): [4.30827798 6.45150654 0.45752157 4.18563064 0.44811738 1.20555967
 2.04365595 0.11168408 0.11691322 0.11448201]
DEBUG: Planck15 ages (Gyr): [ 1.4093442   0.84804771  8.92289458  1.45944381  8.99588661  5.11328448
  3.21527833 12.30896025 12.24491218 12.27463157]
DEBUG: cosmo_colibre ages (Gyr): [ 1.41132016  0.84993436  8.91281313  1.4614193   8.98555902  5.11249406
  3.21659565 12.28500257 12.22126004 12.25083785]
DEBUG: us.look_back_time -> ages (Gyr): [ 1.41132016  0.84993437  8.91281313  1.46141931  8.98555902  5.11249406
  3.21659565 12.28500257 12.22126004 12.25083785]
[4/100] subhalo 2245876 done; total_formed=7.393e+00
Building SWIFTGalaxy for subhalo 4964632 (soap_index=34886535)
Read masses: Nstars=18938, sum_current=2.481296e+10 Msun
DEBUG: sample z (first valid): [0.76933045 0.39343426 1.68150573 5.2761923  0.48204432 3.981832
 0.35404959 5.2761923  0.68179019 1.40181778]
DEBUG: Planck15 ages (Gyr): [6.92982934 9.43835771 3.86655653 1.09690733 8.73664552 1.54950405
 9.77718451 1.09690733 7.41518926 4.53043779]
DEBUG: cosmo_colibre ages (Gyr): [6.92548413 9.42648511 3.86732312 1.09885739 8.72718079 1.5514758
 9.76406822 1.09885739 7.40962429 4.53046051]
DEBUG: us.look_back_time -> ages (Gyr): [6.92548414 9.42648512 3.86732313 1.09885739 8.7271808  1.5514758
 9.76406822 1.09885739 7.40962429 4.53046051]
[5/100] subhalo 4964632 done; total_formed=4.167e+00
Building SWIFTGalaxy for subhalo 587061 (soap_index=34940544)
Read masses: Nstars=11315, sum_current=1.639467e+10 Msun
DEBUG: sample z (first valid): [3.26916813 0.80202376 0.50174152 0.33626947 2.96227328 1.09849504
 1.5823942  0.80520053 1.05842076 0.        ]
DEBUG: Planck15 ages (Gyr): [ 1.95038004  6.76100161  8.59120806  9.93600885  2.17900266  5.48331319
  4.08275012  6.74493579  5.63281398 13.7976159 ]
DEBUG: cosmo_colibre ages (Gyr): [ 1.95229301  6.75705375  8.58221353  9.92229182  2.18085329  5.48192587
  4.08329521  6.74102503  5.63116735 13.76615402]
DEBUG: us.look_back_time -> ages (Gyr): [ 1.95229301  6.75705376  8.58221353  9.92229182  2.1808533   5.48192587
  4.08329521  6.74102503  5.63116735 13.76615402]
[6/100] subhalo 587061 done; total_formed=2.492e+00
Building SWIFTGalaxy for subhalo 1189866 (soap_index=34960229)
Read masses: Nstars=15874, sum_current=2.244836e+10 Msun
DEBUG: sample z (first valid): [0.38812166 1.43882108 1.29307208 2.55362759 1.07563185 4.72216886
 1.53524178 5.54313099 1.20437269 2.00541135]
DEBUG: Planck15 ages (Gyr): [9.48304651 4.43245605 4.83941727 2.56011115 5.56782809 1.25966626
 4.19254837 1.03055007 5.11716751 3.27531174]
DEBUG: cosmo_colibre ages (Gyr): [9.47101286 4.43260055 4.83902802 2.56181336 5.56629546 1.26163631
 4.19297337 1.03248745 5.11637115 3.27658545]
DEBUG: us.look_back_time -> ages (Gyr): [9.47101287 4.43260055 4.83902802 2.56181336 5.56629547 1.26163632
 4.19297337 1.03248745 5.11637115 3.27658545]
[7/100] subhalo 1189866 done; total_formed=3.704e+00
Building SWIFTGalaxy for subhalo 1183634 (soap_index=35057401)
Read masses: Nstars=18937, sum_current=2.560390e+10 Msun
DEBUG: sample z (first valid): [2.36116525 3.728086   4.80426889 0.1823627  0.14397431 0.09015903
 5.00806747 5.56936648 3.45762481 0.61817284]
DEBUG: Planck15 ages (Gyr): [ 2.77928152  1.67521442  1.23309842 11.48177533 11.92089036 12.57765472
  1.17102065  1.02438897  1.82892598  7.80127412]
DEBUG: cosmo_colibre ages (Gyr): [ 2.78087336  1.67717494  1.23506621 11.4616449  11.8987606  12.55239903
  1.17298168  1.02632503  1.83086373  7.79465692]
DEBUG: us.look_back_time -> ages (Gyr): [ 2.78087336  1.67717494  1.23506622 11.4616449  11.8987606  12.55239903
  1.17298168  1.02632503  1.83086373  7.79465692]
[8/100] subhalo 1183634 done; total_formed=4.162e+00
Building SWIFTGalaxy for subhalo 601928 (soap_index=35116077)
Read masses: Nstars=31199, sum_current=3.980119e+10 Msun
DEBUG: sample z (first valid): [0.90644636 0.64464967 0.62960016 4.85142857 2.83565492 6.15458515
 0.20293686 0.91133924 4.26520447 3.99436062]
DEBUG: Planck15 ages (Gyr): [ 6.2623354   7.63696058  7.72970529  1.21825501  2.28652846  0.90137836
 11.25588345  6.24038374  1.42660982  1.54370443]
DEBUG: cosmo_colibre ages (Gyr): [ 6.25948032  7.63080006  7.72328861  1.22022138  2.28834281  0.90328246
 11.23675205  6.23757399  1.42858575  1.54567653]
DEBUG: us.look_back_time -> ages (Gyr): [ 6.25948032  7.63080006  7.72328862  1.22022139  2.28834281  0.90328246
 11.23675205  6.23757399  1.42858576  1.54567653]
[9/100] subhalo 601928 done; total_formed=6.593e+00
Building SWIFTGalaxy for subhalo 4216 (soap_index=35235937)
Read masses: Nstars=31199, sum_current=3.961093e+10 Msun
DEBUG: sample z (first valid): [0.19199709 0.82775547 1.76523207 1.3584281  1.3584281  1.30225532
 0.917603   1.62039184 1.03136817 1.72680369]
DEBUG: Planck15 ages (Gyr): [11.37519619  6.63254686  3.69799266  4.64982834  4.64982834  4.81203892
  6.21245638  3.99760663  5.73740271  3.77384892]
DEBUG: cosmo_colibre ages (Gyr): [11.35553965  6.62889205  3.69891838  4.64969693  4.64969693  4.8116879
  6.20970398  3.99824131  5.7355684   3.77470449]
DEBUG: us.look_back_time -> ages (Gyr): [11.35553965  6.62889205  3.69891838  4.64969693  4.64969693  4.81168791
  6.20970398  3.99824131  5.7355684   3.77470449]
[10/100] subhalo 4216 done; total_formed=6.639e+00
Building SWIFTGalaxy for subhalo 2071982 (soap_index=35302301)
Read masses: Nstars=71293, sum_current=9.422156e+10 Msun
DEBUG: sample z (first valid): [1.26815256 1.46672689 0.87245714 1.69518013 2.03829393 0.82307778
 1.81487845 0.80938708 2.81200558 3.80539669]
DEBUG: Planck15 ages (Gyr): [4.91497682 4.36079482 6.41820124 3.83818469 3.22358649 6.65561605
 3.60359609 6.72385316 2.30758271 1.63517282]
DEBUG: cosmo_colibre ages (Gyr): [4.9144803  4.36102573 6.41501754 3.83897889 3.22489786 6.6519092
 3.6046058  6.71999087 2.30938944 1.63713766]
DEBUG: us.look_back_time -> ages (Gyr): [4.9144803  4.36102573 6.41501755 3.8389789  3.22489786 6.6519092
 3.60460581 6.71999088 2.30938944 1.63713766]
[11/100] subhalo 2071982 done; total_formed=1.580e+01
Building SWIFTGalaxy for subhalo 5107581 (soap_index=35334756)
Read masses: Nstars=20330, sum_current=2.837317e+10 Msun
DEBUG: sample z (first valid): [2.85914498 1.24499863 4.94754515 1.36728796 1.23260884 7.2223198
 1.68018976 0.04356688 2.66819657 1.73728176]
DEBUG: Planck15 ages (Gyr): [ 2.26592766  4.98688334  1.18890485  4.625043    5.0260518   0.73159425
  3.86930484 13.18828643  2.44278718  3.75291693]
DEBUG: cosmo_colibre ages (Gyr): [ 2.26774931  4.98628232  1.19086805  4.62494411  5.02539287  0.73343405
  3.87006873 13.15998643  2.44454096  3.7537921 ]
DEBUG: us.look_back_time -> ages (Gyr): [ 2.26774931  4.98628233  1.19086806  4.62494411  5.02539287  0.73343406
  3.87006874 13.15998643  2.44454096  3.7537921 ]
[12/100] subhalo 5107581 done; total_formed=4.624e+00
Building SWIFTGalaxy for subhalo 2396011 (soap_index=35343923)
Read masses: Nstars=145340, sum_current=1.883812e+11 Msun
DEBUG: sample z (first valid): [5.39875024 2.34094617 0.97445168 8.7219997  2.14020125 3.94536674
 1.30744314 2.06271614 1.39025458 4.73418497]
DEBUG: Planck15 ages (Gyr): [1.06558571 2.80408898 5.96767343 0.56885572 3.07147147 1.56659133
 4.79668148 3.18602686 4.56177058 1.25571875]
DEBUG: cosmo_colibre ages (Gyr): [1.06753013 2.80566717 5.96540758 0.57060504 3.07288751 1.56856195
 4.79635175 3.18736492 4.56175346 1.25768849]
DEBUG: us.look_back_time -> ages (Gyr): [1.06753013 2.80566717 5.96540758 0.57060504 3.07288751 1.56856196
 4.79635176 3.18736492 4.56175347 1.2576885 ]
[13/100] subhalo 2396011 done; total_formed=3.129e+01
Building SWIFTGalaxy for subhalo 5114154 (soap_index=35343938)
Read masses: Nstars=23793, sum_current=3.308495e+10 Msun
DEBUG: sample z (first valid): [0.71974389 3.50884073 0.55136824 2.01675566 1.33573312 2.03126735
 2.47265791 1.90342017 1.97620345 6.21285494]
DEBUG: Planck15 ages (Gyr): [7.19855701 1.79806832 8.24044008 3.25731467 4.71429635 3.23452697
 2.64873211 3.44467532 3.32240256 0.89048003]
DEBUG: cosmo_colibre ages (Gyr): [7.19355065 1.80001142 8.2325382  3.2586016  4.71407907 3.23583046
 2.6503919  3.44581825 3.32364105 0.89238075]
DEBUG: us.look_back_time -> ages (Gyr): [7.19355066 1.80001142 8.2325382  3.25860161 4.71407907 3.23583047
 2.6503919  3.44581825 3.32364105 0.89238075]
[14/100] subhalo 5114154 done; total_formed=5.522e+00
Building SWIFTGalaxy for subhalo 333 (soap_index=35383837)
Read masses: Nstars=68728, sum_current=8.732020e+10 Msun
DEBUG: sample z (first valid): [4.86924593 1.36557898 0.35438538 0.35741508 0.49339167 2.44418751
 2.9786304  5.10659709 4.74574785 0.24868531]
DEBUG: Planck15 ages (Gyr): [ 1.21272406  4.62980737  9.77422074  9.74753989  8.65241624  2.68109699
  2.16572089  1.14284459  1.25193948 10.77590305]
DEBUG: cosmo_colibre ages (Gyr): [ 1.21468988  4.62970225  9.76111556  9.73453449  8.64322505  2.68274054
  2.1675757   1.14480183  1.25390891 10.75882572]
DEBUG: us.look_back_time -> ages (Gyr): [ 1.21468988  4.62970225  9.76111556  9.73453449  8.64322505  2.68274054
  2.1675757   1.14480183  1.25390892 10.75882572]
[15/100] subhalo 333 done; total_formed=1.459e+01
Building SWIFTGalaxy for subhalo 1068439 (soap_index=35423243)
Read masses: Nstars=82699, sum_current=1.084145e+11 Msun
DEBUG: sample z (first valid): [0.24205898 1.75778488 1.60249384 0.95163788 0.92979976 6.45150654
 0.80838852 0.97946116 0.8938851  3.8790947 ]
DEBUG: Planck15 ages (Gyr): [10.8435802   3.7124988   4.03735066  6.06406386  6.15863266  0.84804771
  6.72887244  5.94682908  6.31924494  1.59845661]
DEBUG: cosmo_colibre ages (Gyr): [10.826219    3.71341129  4.0379439   6.06160985  6.15598971  0.84993436
  6.72499864  5.94460333  6.31627124  1.6004248 ]
DEBUG: us.look_back_time -> ages (Gyr): [10.826219    3.71341129  4.03794391  6.06160986  6.15598971  0.84993437
  6.72499864  5.94460333  6.31627124  1.6004248 ]
[16/100] subhalo 1068439 done; total_formed=1.816e+01
Building SWIFTGalaxy for subhalo 3477949 (soap_index=35423352)
Read masses: Nstars=10163, sum_current=1.341694e+10 Msun
DEBUG: sample z (first valid): [3.51225558 0.22077341 4.18316988 1.98324836 2.72236737 1.29805737
 1.63302531 2.54363577 2.20626223 0.00663554]
DEBUG: Planck15 ages (Gyr): [ 1.79604154 11.06516333  1.4604791   3.31094368  2.39036117  4.82452367
  3.96993225  2.57078161  2.97902746 13.70229854]
DEBUG: cosmo_colibre ages (Gyr): [ 1.79798497 11.04685942  1.46245458  3.31219082  2.39213631  4.82415526
  3.97059539  2.57247887  2.98050269 13.67133912]
DEBUG: us.look_back_time -> ages (Gyr): [ 1.79798498 11.04685942  1.46245458  3.31219082  2.39213631  4.82415526
  3.97059539  2.57247887  2.98050269 13.67133912]
[17/100] subhalo 3477949 done; total_formed=2.245e+00
Building SWIFTGalaxy for subhalo 2771 (soap_index=35471670)
Read masses: Nstars=29623, sum_current=3.939495e+10 Msun
DEBUG: sample z (first valid): [3.04768081 1.03136817 1.50903522 1.85013482 0.72608512 0.76228891
 0.92232782 2.88568718 1.15027233 0.50782257]
DEBUG: Planck15 ages (Gyr): [2.1110978  5.73740271 4.25564704 3.53891369 7.1633079  6.9670419
 6.1915192  2.24301591 5.29924567 8.5470373 ]
DEBUG: cosmo_colibre ages (Gyr): [2.11296905 5.7355684  4.25600069 3.53997885 7.15839027 6.96260724
 6.18880954 2.24484547 5.29816322 8.53818359]
DEBUG: us.look_back_time -> ages (Gyr): [2.11296906 5.7355684  4.25600069 3.53997886 7.15839027 6.96260724
 6.18880954 2.24484548 5.29816323 8.53818359]
[18/100] subhalo 2771 done; total_formed=6.549e+00
Building SWIFTGalaxy for subhalo 1051531 (soap_index=35491988)
Read masses: Nstars=20643, sum_current=2.737794e+10 Msun
DEBUG: sample z (first valid): [4.87556034 3.69926861 5.4771694  2.63846325 2.07075251 0.85970488
 1.26329604 1.78284501 1.41349341 1.57873613]
DEBUG: Planck15 ages (Gyr): [1.21077391 1.69055703 1.04631532 2.47237284 3.17382358 6.47824048
 4.92992163 3.66404877 4.4991492  4.09110136]
DEBUG: cosmo_colibre ages (Gyr): [1.21273952 1.69251572 1.04825596 2.47411411 3.1751702  6.47492707
 4.92940358 3.66500511 4.49921127 4.0916375 ]
DEBUG: us.look_back_time -> ages (Gyr): [1.21273952 1.69251572 1.04825597 2.47411411 3.1751702  6.47492707
 4.92940359 3.66500511 4.49921127 4.0916375 ]
[19/100] subhalo 1051531 done; total_formed=4.542e+00
Building SWIFTGalaxy for subhalo 27883 (soap_index=35517439)
Read masses: Nstars=27097, sum_current=3.669073e+10 Msun
DEBUG: sample z (first valid): [4.22990982 1.66862122 6.60190233 1.62901155 1.65156174 1.50309373
 0.87331351 1.091263   2.45071609 2.98928658]
DEBUG: Planck15 ages (Gyr): [1.44102048 3.89360164 0.82300296 3.97869097 3.92988424 4.27016553
 6.41420033 5.50982653 2.67361816 2.15713991]
DEBUG: cosmo_colibre ages (Gyr): [1.44299628 3.89434159 0.8248806  3.97934514 3.93058799 4.27050251
 6.41102522 5.50839399 2.6752655  2.15899737]
DEBUG: us.look_back_time -> ages (Gyr): [1.44299628 3.8943416  0.8248806  3.97934514 3.93058799 4.27050251
 6.41102523 5.50839399 2.6752655  2.15899738]
[20/100] subhalo 27883 done; total_formed=6.172e+00
Building SWIFTGalaxy for subhalo 1057296 (soap_index=35517528)
Read masses: Nstars=16108, sum_current=2.118470e+10 Msun
DEBUG: sample z (first valid): [3.88928678 4.36784339 3.20533881 4.64722103 4.11041797 2.34026504
 2.25079365 1.81197975 1.68678255 1.58280129]
DEBUG: Planck15 ages (Gyr): [1.59348645 1.38603239 1.99456823 1.28475979 1.4916466  2.804931
 2.91925185 3.60899954 3.85556797 4.08182244]
DEBUG: cosmo_colibre ages (Gyr): [1.59545505 1.38800816 1.99647073 1.28673162 1.49362118 2.80650872
 2.92076358 3.61000454 3.8563453  4.08236852]
DEBUG: us.look_back_time -> ages (Gyr): [1.59545505 1.38800816 1.99647073 1.28673162 1.49362119 2.80650873
 2.92076359 3.61000454 3.8563453  4.08236853]
[21/100] subhalo 1057296 done; total_formed=3.575e+00
Building SWIFTGalaxy for subhalo 243776 (soap_index=35548381)
Read masses: Nstars=27807, sum_current=3.828639e+10 Msun
DEBUG: sample z (first valid): [3.29097099 1.07773762 2.36599897 4.82801245 0.44645537 0.42457178
 4.31904878 3.37694517 1.65521433 0.48513416]
DEBUG: Planck15 ages (Gyr): [1.93565573 5.55995831 2.77340416 1.22558789 9.00887856 9.18256742
 1.40508093 1.87934652 3.9220699  8.71358959]
DEBUG: cosmo_colibre ages (Gyr): [1.93757201 5.55843936 2.7749992  1.22755498 8.9985069  9.17159902
 1.40705687 1.88127469 3.92278149 8.70420006]
DEBUG: us.look_back_time -> ages (Gyr): [1.93757202 5.55843937 2.7749992  1.22755499 8.9985069  9.17159902
 1.40705688 1.8812747  3.92278149 8.70420007]
[22/100] subhalo 243776 done; total_formed=6.376e+00
Building SWIFTGalaxy for subhalo 6420230 (soap_index=35577759)
Read masses: Nstars=33746, sum_current=4.885496e+10 Msun
DEBUG: sample z (first valid): [3.87401458 2.97236029 4.18030195 3.39455509 0.20924053 0.20790327
 2.11009871 0.44047828 0.141106   0.64630225]
DEBUG: Planck15 ages (Gyr): [ 1.60094352  2.17079632  1.46168724  1.86814663 11.1879457  11.20230881
  3.11516363  9.05583226 11.95465423  7.62687941]
DEBUG: cosmo_colibre ages (Gyr): [ 1.60291151  2.17264953  1.46366269  1.87007702 11.16911076 11.18341135
  3.11655053  9.04530066 11.93236768  7.62074648]
DEBUG: us.look_back_time -> ages (Gyr): [ 1.60291151  2.17264954  1.46366269  1.87007702 11.16911077 11.18341135
  3.11655053  9.04530066 11.93236768  7.62074648]
[23/100] subhalo 6420230 done; total_formed=7.928e+00
Building SWIFTGalaxy for subhalo 537394 (soap_index=35614200)
Read masses: Nstars=23227, sum_current=3.239470e+10 Msun
DEBUG: sample z (first valid): [1.82166538 1.12420589 2.78252338 1.97107625 5.34669766 3.77389277
 7.18075147 1.01388974 1.25674931 2.6107989 ]
DEBUG: Planck15 ages (Gyr): [3.59099593 5.39066848 2.33428069 3.33078292 1.07870479 1.65129633
 0.73718124 5.80661087 4.95018259 2.50043322]
DEBUG: cosmo_colibre ages (Gyr): [3.59201658 5.38943659 2.33607752 3.33201505 1.08065165 1.65325952
 0.7390236  5.80464951 4.9496352  2.50216232]
DEBUG: us.look_back_time -> ages (Gyr): [3.59201658 5.38943659 2.33607752 3.33201505 1.08065165 1.65325952
 0.73902361 5.80464951 4.94963521 2.50216232]
[24/100] subhalo 537394 done; total_formed=5.379e+00
Building SWIFTGalaxy for subhalo 28483 (soap_index=35640747)
Read masses: Nstars=32728, sum_current=4.375697e+10 Msun
DEBUG: sample z (first valid): [5.98231408 0.27204969 3.06424806 1.10699588 1.25877163 0.89017074
 4.65306651 1.30371204 5.18147519 2.19003115]
DEBUG: Planck15 ages (Gyr): [ 0.93493024 10.54207524  2.09832978  5.45240509  4.94390973  6.33622742
  1.28277292  4.8077187   1.12217629  3.00131487]
DEBUG: cosmo_colibre ages (Gyr): [ 0.93684414 10.52596387  2.10020472  5.45107007  4.94337145  6.33321801
  1.28474463  4.80737369  1.12413046  3.00277613]
DEBUG: us.look_back_time -> ages (Gyr): [ 0.93684415 10.52596387  2.10020472  5.45107007  4.94337145  6.33321802
  1.28474463  4.80737369  1.12413046  3.00277613]
[25/100] subhalo 28483 done; total_formed=7.252e+00
Building SWIFTGalaxy for subhalo 250004 (soap_index=35661674)
Read masses: Nstars=141888, sum_current=1.880454e+11 Msun
DEBUG: sample z (first valid): [0.53494473 5.52294217 1.08143302 0.39592741 3.53756145 0.74874586
 0.57432497 0.45158147 0.42098873 5.50352287]
DEBUG: Planck15 ages (Gyr): [8.35410885 1.03533321 5.54619008 9.41749244 1.78113902 7.03948265
 8.08541035 8.96889687 9.21147725 1.03996892]
DEBUG: cosmo_colibre ages (Gyr): [8.34585933 1.03727159 5.54469498 9.40569473 1.78308489 7.03487191
 8.0779726  8.95866058 9.20040817 1.04190827]
DEBUG: us.look_back_time -> ages (Gyr): [8.34585933 1.0372716  5.54469498 9.40569473 1.7830849  7.03487192
 8.0779726  8.95866058 9.20040817 1.04190828]
[26/100] subhalo 250004 done; total_formed=3.149e+01
Building SWIFTGalaxy for subhalo 112388 (soap_index=35748934)
Read masses: Nstars=36475, sum_current=4.830932e+10 Msun
DEBUG: sample z (first valid): [1.83386664 2.4423784  2.76384103 8.49728281 2.84330284 1.67406561
 1.98678334 2.20469438 1.90033634 2.92713327]
DEBUG: Planck15 ages (Gyr): [3.5685232  2.6831755  2.35146332 0.58919596 2.27978744 3.88213639
 3.30521814 2.98116849 3.45001738 2.20799466]
DEBUG: cosmo_colibre ages (Gyr): [3.56956319 2.684818   2.35325363 0.59095851 2.2816042  3.88288767
 3.30646958 2.98264239 3.45115599 2.20983594]
DEBUG: us.look_back_time -> ages (Gyr): [3.5695632  2.684818   2.35325363 0.59095851 2.2816042  3.88288767
 3.30646958 2.98264239 3.451156   2.20983595]
[27/100] subhalo 112388 done; total_formed=8.120e+00
Building SWIFTGalaxy for subhalo 14737872 (soap_index=35749349)
Read masses: Nstars=20262, sum_current=2.664967e+10 Msun
DEBUG: sample z (first valid): [5.56936648 4.25971108 4.46680013 4.21202481 2.28698967 7.57183964
 1.91893818 7.12295488 1.57873613 3.372273  ]
DEBUG: Planck15 ages (Gyr): [1.02438897 1.42883701 1.34869117 1.44841526 2.87209856 0.68727191
 3.41799703 0.74506813 4.09110136 1.88233666]
DEBUG: cosmo_colibre ages (Gyr): [1.02632503 1.43081293 1.35066608 1.45039096 2.87363812 0.6890903
 3.41916132 0.74691403 4.0916375  1.88426424]
DEBUG: us.look_back_time -> ages (Gyr): [1.02632503 1.43081293 1.35066608 1.45039096 2.87363813 0.6890903
 3.41916132 0.74691404 4.0916375  1.88426424]
[28/100] subhalo 14737872 done; total_formed=4.447e+00
Building SWIFTGalaxy for subhalo 11290892 (soap_index=35757121)
Read masses: Nstars=18057, sum_current=2.439059e+10 Msun
DEBUG: sample z (first valid): [5.58322451 3.18974556 4.89936088 2.86688695 7.1476969  4.6992782
 1.19315976 3.01077111 0.67081379 2.10214901]
DEBUG: Planck15 ages (Gyr): [1.02115923 2.00561508 1.20346989 2.25920491 0.74167476 1.2672435
 5.15408122 2.14000894 7.47969892 3.12687199]
DEBUG: cosmo_colibre ages (Gyr): [1.02309458 2.00751485 1.20543472 2.2610289  0.74351915 1.26921412
 5.1532281  2.14187163 7.47396318 3.12825096]
DEBUG: us.look_back_time -> ages (Gyr): [1.02309458 2.00751485 1.20543473 2.26102891 0.74351915 1.26921412
 5.1532281  2.14187163 7.47396318 3.12825096]
[29/100] subhalo 11290892 done; total_formed=4.078e+00
Building SWIFTGalaxy for subhalo 221 (soap_index=35779442)
Read masses: Nstars=1013117, sum_current=1.230080e+12 Msun
DEBUG: sample z (first valid): [4.97138952 5.63655696 6.49668268 5.28281085 1.45858343 1.55142879
 1.98869026 1.18657414 0.88235294 1.17655264]
DEBUG: Planck15 ages (Gyr): [1.18180511 1.00888599 0.84039302 1.09517697 4.38151341 4.15432404
 3.30213623 5.17595914 6.37220421 5.20953536]
DEBUG: cosmo_colibre ages (Gyr): [1.18376747 1.0108186  0.84227697 1.09712674 4.38171957 4.15479143
 3.30338999 5.17507208 6.36911871 5.20859578]
DEBUG: us.look_back_time -> ages (Gyr): [1.18376747 1.0108186  0.84227698 1.09712674 4.38171957 4.15479143
 3.30338999 5.17507208 6.36911871 5.20859578]
[30/100] subhalo 221 done; total_formed=2.054e+02
Building SWIFTGalaxy for subhalo 3145 (soap_index=35779443)
Read masses: Nstars=55957, sum_current=7.865172e+10 Msun
DEBUG: sample z (first valid): [1.85659489 3.91901223 1.73112185 1.69385071 2.02678736 2.11719939
 1.75268817 1.90110668 1.92885234 3.21643183]
DEBUG: Planck15 ages (Gyr): [3.52726647 1.57913612 3.76519967 3.84092817 3.24153405 3.10476618
 3.72247984 3.44868167 3.4011285  1.98677056]
DEBUG: cosmo_colibre ages (Gyr): [3.52834144 1.58110584 3.76606336 3.84171972 3.24283247 3.10616008
 3.72338318 3.44982136 3.40230615 1.98867497]
DEBUG: us.look_back_time -> ages (Gyr): [3.52834144 1.58110585 3.76606336 3.84171972 3.24283247 3.10616008
 3.72338318 3.44982136 3.40230615 1.98867497]
[31/100] subhalo 3145 done; total_formed=1.315e+01
Building SWIFTGalaxy for subhalo 112637 (soap_index=35779464)
Read masses: Nstars=11135, sum_current=1.374307e+10 Msun
DEBUG: sample z (first valid): [ 3.70939925  5.37571748  6.17102528 12.59104106  5.52944107  4.29113515
  3.61391157  3.6542149   7.15987051  3.22404125]
DEBUG: Planck15 ages (Gyr): [1.68513696 1.07135791 0.89828118 0.34375597 1.03378947 1.41617402
 1.73739451 1.71501489 0.74001457 1.98145072]
DEBUG: cosmo_colibre ages (Gyr): [1.68709631 1.07330341 0.90018432 0.34530514 1.03572753 1.41814998
 1.739347   1.71697046 0.74185821 1.98335642]
DEBUG: us.look_back_time -> ages (Gyr): [1.68709632 1.07330342 0.90018432 0.34530514 1.03572754 1.41814999
 1.739347   1.71697046 0.74185821 1.98335642]
[32/100] subhalo 112637 done; total_formed=2.324e+00
Building SWIFTGalaxy for subhalo 540020 (soap_index=35779479)
Read masses: Nstars=8454, sum_current=1.202014e+10 Msun
DEBUG: sample z (first valid): [1.81875269 2.32906634 2.34265021 2.26374502 2.64656132 2.36461649
 2.65877624 2.7253297  5.50352287 2.77207321]
DEBUG: Planck15 ages (Gyr): [3.59639464 2.81883464 2.80198423 2.902235   2.46425677 2.77508305
 2.45209739 2.38754778 1.03996892 2.34386637]
DEBUG: cosmo_colibre ages (Gyr): [3.59741062 2.82040461 2.80356359 2.90375688 2.46600151 2.77667717
 2.45384727 2.38932404 1.04190827 2.34565958]
DEBUG: us.look_back_time -> ages (Gyr): [3.59741062 2.82040461 2.8035636  2.90375689 2.46600151 2.77667718
 2.45384727 2.38932404 1.04190828 2.34565958]
[33/100] subhalo 540020 done; total_formed=2.015e+00
Building SWIFTGalaxy for subhalo 541846 (soap_index=35779488)
Read masses: Nstars=14547, sum_current=1.879335e+10 Msun
DEBUG: sample z (first valid): [3.07714321 2.6437229  2.51625711 2.84195099 2.96515005 2.78165032
 3.67080037 3.45247639 4.13967532 3.47956254]
DEBUG: Planck15 ages (Gyr): [2.08847975 2.46709651 2.60039764 2.2809766  2.17665704 2.33507905
 1.70594355 1.83207634 1.47898116 1.81560202]
DEBUG: cosmo_colibre ages (Gyr): [2.09035749 2.46884003 2.60208094 2.28279293 2.17850841 2.33687558
 1.70790031 1.83401352 1.48095615 1.81754212]
DEBUG: us.look_back_time -> ages (Gyr): [2.09035749 2.46884004 2.60208094 2.28279294 2.17850841 2.33687558
 1.70790031 1.83401353 1.48095615 1.81754212]
[34/100] subhalo 541846 done; total_formed=3.171e+00
Building SWIFTGalaxy for subhalo 1095974 (soap_index=35779493)
Read masses: Nstars=52802, sum_current=6.910608e+10 Msun
DEBUG: sample z (first valid): [6.02121277 3.47070059 1.5142331  3.30449918 4.66577332 2.59613696
 3.45429212 1.21226033 4.77155438 2.09745723]
DEBUG: Planck15 ages (Gyr): [0.92717478 1.82096496 4.24301073 1.92661175 1.27847145 2.5155182
 1.83096426 5.09145193 1.24357249 3.13381588]
DEBUG: cosmo_colibre ages (Gyr): [0.9290865  1.82290413 4.2433788  1.92853003 1.28044286 2.51724063
 1.83290164 5.09069474 1.24554122 3.13519012]
DEBUG: us.look_back_time -> ages (Gyr): [0.9290865  1.82290413 4.2433788  1.92853004 1.28044287 2.51724063
 1.83290164 5.09069475 1.24554122 3.13519012]
[35/100] subhalo 1095974 done; total_formed=1.167e+01
Building SWIFTGalaxy for subhalo 23478462 (soap_index=35802841)
Read masses: Nstars=22015, sum_current=2.990542e+10 Msun
DEBUG: sample z (first valid): [6.01069748 3.3924933  1.25814899 1.25271552 1.18206033 4.275801
 0.89498034 2.1586659  1.32661176 1.54746171]
DEBUG: Planck15 ages (Gyr): [0.92926071 1.86945221 4.94583969 4.96273262 5.19103963 1.42232989
 6.31425091 3.04516465 4.74061058 4.16363984]
DEBUG: cosmo_colibre ages (Gyr): [0.93117302 1.87138234 4.94529861 4.96216696 5.19012905 1.42430584
 6.31128768 3.04659787 4.74035771 4.16409696]
DEBUG: us.look_back_time -> ages (Gyr): [0.93117302 1.87138235 4.94529861 4.96216697 5.19012905 1.42430584
 6.31128768 3.04659788 4.74035772 4.16409696]
[36/100] subhalo 23478462 done; total_formed=4.997e+00
Building SWIFTGalaxy for subhalo 252778 (soap_index=35828152)
Read masses: Nstars=106760, sum_current=1.445079e+11 Msun
DEBUG: sample z (first valid): [1.03237611 8.63339703 0.35707778 8.58478976 1.78071962 4.53934579
 0.46783731 0.75869472 2.78908418 5.63655696]
DEBUG: Planck15 ages (Gyr): [5.73345126 0.57673414 9.75050504 0.58113362 3.66811795 1.32236353
 8.84383443 6.98615484 2.32829558 1.00888599]
DEBUG: cosmo_colibre ages (Gyr): [5.73162413 0.57848866 9.73748857 0.582891   3.66907065 1.32433742
 8.83401676 6.98167397 2.33009465 1.0108186 ]
DEBUG: us.look_back_time -> ages (Gyr): [5.73162413 0.57848866 9.73748857 0.582891   3.66907065 1.32433743
 8.83401676 6.98167397 2.33009466 1.0108186 ]
[37/100] subhalo 252778 done; total_formed=2.414e+01
Building SWIFTGalaxy for subhalo 2145705 (soap_index=35887604)
Read masses: Nstars=16584, sum_current=2.195801e+10 Msun
DEBUG: sample z (first valid): [0.22515516 0.90069606 0.95443159 0.72155091 5.33381657 0.4783001
 4.94754515 0.30477025 0.70241064 2.4829932 ]
DEBUG: Planck15 ages (Gyr): [11.01902064  6.288288    6.05212976  7.18848526  1.08199272  8.76470645
  1.18890485 10.22676683  7.29627445  2.63714154]
DEBUG: cosmo_colibre ages (Gyr): [11.00091472  6.28537902  6.04969929  7.18350432  1.08394017  8.75514984
  1.19086805 10.21192108  7.29101895  2.63880705]
DEBUG: us.look_back_time -> ages (Gyr): [11.00091472  6.28537902  6.04969929  7.18350432  1.08394018  8.75514985
  1.19086806 10.21192108  7.29101895  2.63880705]
[38/100] subhalo 2145705 done; total_formed=3.647e+00
Building SWIFTGalaxy for subhalo 4889047 (soap_index=35912292)
Read masses: Nstars=156311, sum_current=2.062069e+11 Msun
DEBUG: sample z (first valid): [1.49375951 2.26374502 2.31794249 1.32150195 0.78552746 2.21696446
 2.23730488 1.45361288 0.73064329 0.78923228]
DEBUG: Planck15 ages (Gyr): [4.29313605 2.902235   2.83275763 4.75545467 6.84538566 2.96447972
 2.93714926 4.39423741 7.13813356 6.82629333]
DEBUG: cosmo_colibre ages (Gyr): [4.29344648 2.90375688 2.83431975 4.7551816  6.84124094 2.96596397
 2.93865021 4.39442828 7.13327893 6.82219345]
DEBUG: us.look_back_time -> ages (Gyr): [4.29344649 2.90375689 2.83431975 4.7551816  6.84124094 2.96596397
 2.93865021 4.39442828 7.13327893 6.82219345]
[39/100] subhalo 4889047 done; total_formed=3.435e+01
Building SWIFTGalaxy for subhalo 114058 (soap_index=35954082)
Read masses: Nstars=266870, sum_current=3.337438e+11 Msun
DEBUG: sample z (first valid): [1.6911958  1.13750815 1.83411175 4.30827798 1.79280661 1.42331016
 0.74001699 0.4847304  0.59129759 1.06152878]
DEBUG: Planck15 ages (Gyr): [3.84641654 5.3437041  3.56807411 1.4093442  3.64507403 4.47310955
 7.08678802 8.71659718 7.97360033 5.62099046]
DEBUG: cosmo_colibre ages (Gyr): [3.84720276 5.34254947 3.56911449 1.41132016 3.64604729 4.47320403
 7.08206093 8.70719786 7.96649013 5.61936472]
DEBUG: us.look_back_time -> ages (Gyr): [3.84720276 5.34254947 3.56911449 1.41132016 3.64604729 4.47320404
 7.08206093 8.70719786 7.96649013 5.61936472]
[40/100] subhalo 114058 done; total_formed=5.585e+01
Building SWIFTGalaxy for subhalo 6635479 (soap_index=36169661)
Read masses: Nstars=36874, sum_current=5.162715e+10 Msun
DEBUG: sample z (first valid): [0.29815387 5.08166295 2.41653634 5.30153846 0.73559322 3.80539669
 0.49721283 5.33381657 4.36784339 0.91334813]
DEBUG: Planck15 ages (Gyr): [10.28941121  1.14986771  2.71315712  1.09030531  7.11094887  1.63517282
  8.6243249   1.08199272  1.38603239  6.23140571]
DEBUG: cosmo_colibre ages (Gyr): [10.27431742  1.15182594  2.71478419  1.09225423  7.10616193  1.63713766
  8.61522418  1.08394017  1.38800816  6.22861444]
DEBUG: us.look_back_time -> ages (Gyr): [10.27431742  1.15182594  2.7147842   1.09225423  7.10616193  1.63713766
  8.61522419  1.08394018  1.38800816  6.22861445]
[41/100] subhalo 6635479 done; total_formed=8.586e+00
Building SWIFTGalaxy for subhalo 1138321 (soap_index=36237478)
Read masses: Nstars=74796, sum_current=9.441582e+10 Msun
DEBUG: sample z (first valid): [0.0091777  1.4079953  0.49271137 0.41448675 0.73559322 0.48204432
 3.33267222 1.85137487 0.4051458  0.32481604]
DEBUG: Planck15 ages (Gyr): [13.66602526  4.51383982  8.65743179  9.26428286  7.11094887  8.73664552
  1.90799995  3.53667308  9.34093048 10.04032145]
DEBUG: cosmo_colibre ages (Gyr): [13.6352563   4.51388346  8.6482244   9.25302888  7.10616193  8.72718079
  1.90992223  3.53774014  9.32940583 10.02620375]
DEBUG: us.look_back_time -> ages (Gyr): [13.6352563   4.51388346  8.6482244   9.25302888  7.10616193  8.7271808
  1.90992224  3.53774014  9.32940583 10.02620375]
[42/100] subhalo 1138321 done; total_formed=1.580e+01
Building SWIFTGalaxy for subhalo 269653 (soap_index=36273285)
Read masses: Nstars=163285, sum_current=2.007992e+11 Msun
DEBUG: sample z (first valid): [4.28644027 3.3061962  5.82098251 3.64695455 1.58402334 6.11111111
 6.96790274 5.53660483 2.69800248 2.45107952]
DEBUG: Planck15 ages (Gyr): [1.41805407 1.92548217 0.96827691 1.71901106 4.0790397  0.9096546
 0.76693415 1.03209223 2.41370975 2.67320285]
DEBUG: cosmo_colibre ages (Gyr): [1.42003004 1.9274007  0.97019974 1.72096609 4.07958876 0.9115612
 0.76878955 1.03402993 2.4154755  2.6748504 ]
DEBUG: us.look_back_time -> ages (Gyr): [1.42003004 1.92740071 0.97019974 1.72096609 4.07958876 0.9115612
 0.76878955 1.03402994 2.4154755  2.6748504 ]
[43/100] subhalo 269653 done; total_formed=3.355e+01
Building SWIFTGalaxy for subhalo 36442 (soap_index=36296965)
Read masses: Nstars=25630, sum_current=3.520114e+10 Msun
DEBUG: sample z (first valid): [5.20664836 5.50352287 4.15950244 3.728086   2.61159484 0.80938708
 4.98830409 5.38565722 5.00806747 4.68740779]
DEBUG: Planck15 ages (Gyr): [1.11536688 1.03996892 1.47049903 1.67521442 2.49961857 6.72385316
 1.1768113  1.06886057 1.17102065 1.27120265]
DEBUG: cosmo_colibre ages (Gyr): [1.11731998 1.04190827 1.47247426 1.67717494 2.50134802 6.71999087
 1.17877305 1.07080562 1.17298168 1.27317356]
DEBUG: us.look_back_time -> ages (Gyr): [1.11731998 1.04190828 1.47247427 1.67717494 2.50134803 6.71999088
 1.17877306 1.07080562 1.17298168 1.27317357]
[44/100] subhalo 36442 done; total_formed=5.902e+00
Building SWIFTGalaxy for subhalo 120293 (soap_index=36402266)
Read masses: Nstars=19091, sum_current=2.552265e+10 Msun
DEBUG: sample z (first valid): [6.80748153 4.58466127 0.75323703 3.69926861 6.76033156 5.91162202
 0.73027775 4.79246951 4.52813159 2.53293801]
DEBUG: Planck15 ages (Gyr): [0.79070314 1.30634758 7.01533194 1.69055703 0.79792282 0.94930346
 7.14014739 1.23685924 1.32637732 2.58228727]
DEBUG: cosmo_colibre ages (Gyr): [0.79256832 1.30832069 7.01078019 1.69251572 0.79979087 0.95122131
 7.13528774 1.23882738 1.32835139 2.58397915]
DEBUG: us.look_back_time -> ages (Gyr): [0.79256833 1.30832069 7.01078019 1.69251572 0.79979087 0.95122132
 7.13528774 1.23882738 1.32835139 2.58397915]
[45/100] subhalo 120293 done; total_formed=4.284e+00
Building SWIFTGalaxy for subhalo 2243935 (soap_index=36421106)
Read masses: Nstars=57479, sum_current=7.751844e+10 Msun
DEBUG: sample z (first valid): [6.69743951 2.64574989 1.39830198 0.39236849 7.2223198  1.12848327
 0.93870548 3.53504948 6.55806712 0.41730104]
DEBUG: Planck15 ages (Gyr): [0.80772493 2.46506803 4.53992793 9.44729794 0.73159425 5.3754959
 6.11979056 1.78260915 0.83017444 9.24137196]
DEBUG: cosmo_colibre ages (Gyr): [0.80959679 2.46681242 4.53993863 9.43539319 0.73343405 5.37428908
 6.11722573 1.78455478 0.83205471 9.23019836]
DEBUG: us.look_back_time -> ages (Gyr): [0.8095968  2.46681242 4.53993863 9.43539319 0.73343406 5.37428908
 6.11722574 1.78455479 0.83205471 9.23019837]
[46/100] subhalo 2243935 done; total_formed=1.286e+01
Building SWIFTGalaxy for subhalo 11622884 (soap_index=36455139)
Read masses: Nstars=36896, sum_current=4.643424e+10 Msun
DEBUG: sample z (first valid): [7.80564327 7.28102098 1.08355058 5.65002537 5.70445013 0.24744937
 1.75268817 2.61797505 2.4094267  3.92381668]
DEBUG: Planck15 ages (Gyr): [ 0.66005526  0.7238235   5.53832473  1.00582526  0.99361276 10.78847995
  3.72247984  2.49310418  2.72150222  1.57683682]
DEBUG: cosmo_colibre ages (Gyr): [ 0.66185938  0.72565971  5.53684322  1.00775717  0.99554183 10.77135001
  3.72338318  2.49483649  2.72312494  1.57880671]
DEBUG: us.look_back_time -> ages (Gyr): [ 0.66185938  0.72565971  5.53684322  1.00775718  0.99554184 10.77135001
  3.72338318  2.49483649  2.72312494  1.57880671]
[47/100] subhalo 11622884 done; total_formed=7.823e+00
Building SWIFTGalaxy for subhalo 1196312 (soap_index=36489122)
Read masses: Nstars=18407, sum_current=2.468312e+10 Msun
DEBUG: sample z (first valid): [1.38001162 0.19078421 0.4783001  2.95414505 0.02985731 0.13880587
 3.5212832  5.98231408 7.31464095 2.63846325]
DEBUG: Planck15 ages (Gyr): [ 4.58981718 11.38853548  8.76470645  2.18565275 13.3758907  11.98182822
  1.79070162  0.93493024  0.71943453  2.47237284]
DEBUG: cosmo_colibre ages (Gyr): [ 4.58976403 11.36881988  8.75514984  2.18750126 13.34663003 11.95941516
  1.79264593  0.93684414  0.72126867  2.47411411]
DEBUG: us.look_back_time -> ages (Gyr): [ 4.58976404 11.36881988  8.75514985  2.18750127 13.34663003 11.95941516
  1.79264594  0.93684415  0.72126867  2.47411411]
[48/100] subhalo 1196312 done; total_formed=4.109e+00
Building SWIFTGalaxy for subhalo 1189509 (soap_index=36506114)
Read masses: Nstars=93890, sum_current=1.214914e+11 Msun
DEBUG: sample z (first valid): [5.89780023 4.49475979 4.11760112 4.39524162 2.76600391 1.10970899
 0.11989064 3.25420318 4.21202481 3.81528288]
DEBUG: Planck15 ages (Gyr): [ 0.95215666  1.33844214  1.48852042  1.37552356  2.34946341  5.44259849
 12.20865447  1.96059392  1.44841526  1.63016681]
DEBUG: cosmo_colibre ages (Gyr): [ 0.95407528  1.3404167   1.49049511  1.37749916  2.35125449  5.44127997
 12.18517463  1.96250454  1.45039096  1.63213214]
DEBUG: us.look_back_time -> ages (Gyr): [ 0.95407528  1.3404167   1.49049511  1.37749916  2.35125449  5.44127997
 12.18517463  1.96250454  1.45039096  1.63213214]
[49/100] subhalo 1189509 done; total_formed=2.028e+01
Building SWIFTGalaxy for subhalo 39763 (soap_index=36528725)
Read masses: Nstars=21116, sum_current=2.954524e+10 Msun
DEBUG: sample z (first valid): [5.37882032 1.50500726 1.22911565 2.25208416 0.55180905 1.63302531
 6.07502969 0.97445168 1.11884901 0.87395631]
DEBUG: Planck15 ages (Gyr): [1.07057729 4.26548097 5.03718358 2.91754892 8.23742125 3.96993225
 0.91661985 5.96767343 5.40976594 6.4111998 ]
DEBUG: cosmo_colibre ages (Gyr): [1.07252265 4.26582333 5.03650807 2.91906168 8.22952851 3.97059539
 0.91852851 5.96540758 5.40850233 6.40803112]
DEBUG: us.look_back_time -> ages (Gyr): [1.07252265 4.26582334 5.03650807 2.91906168 8.22952851 3.97059539
 0.91852851 5.96540758 5.40850234 6.40803112]
[50/100] subhalo 39763 done; total_formed=4.861e+00
Building SWIFTGalaxy for subhalo 127205 (soap_index=36596006)
Read masses: Nstars=46802, sum_current=6.252637e+10 Msun
DEBUG: sample z (first valid): [ 2.3172707   6.21285494 11.53078394  3.8790947   4.780718    2.95223737
  4.40057684  5.85594727  2.64210292  2.23442898]
DEBUG: Planck15 ages (Gyr): [2.83360206 0.89048003 0.38843013 1.59845661 1.24062376 2.18721836
 1.37349256 0.96088375 2.46871964 2.94098837]
DEBUG: cosmo_colibre ages (Gyr): [2.83516371 0.89238075 0.39002885 1.6004248  1.24259223 2.18906638
 1.37546812 0.96280467 2.47046247 2.94248699]
DEBUG: us.look_back_time -> ages (Gyr): [2.83516371 0.89238075 0.39002885 1.6004248  1.24259224 2.18906638
 1.37546812 0.96280467 2.47046248 2.94248699]
[51/100] subhalo 127205 done; total_formed=1.043e+01
Building SWIFTGalaxy for subhalo 281054 (soap_index=36619105)
Read masses: Nstars=17184, sum_current=2.308117e+10 Msun
DEBUG: sample z (first valid): [5.05693161 4.6760783  4.84568727 2.86779981 1.70407658 7.23885851
 1.36557898 3.08909964 1.33091478 2.30789421]
DEBUG: Planck15 ages (Gyr): [1.15690478 1.27500058 1.22004618 2.2584144  3.81990684 0.7293909
 4.62980737 2.07941479 4.72816759 2.84543161]
DEBUG: cosmo_colibre ages (Gyr): [1.15886397 1.27697176 1.22201273 2.26023866 3.82071865 0.7312297
 4.62970225 2.08129507 4.72793159 2.84698653]
DEBUG: us.look_back_time -> ages (Gyr): [1.15886398 1.27697176 1.22201273 2.26023866 3.82071865 0.7312297
 4.62970225 2.08129507 4.7279316  2.84698654]
[52/100] subhalo 281054 done; total_formed=3.849e+00
Building SWIFTGalaxy for subhalo 1203601 (soap_index=36619106)
Read masses: Nstars=72128, sum_current=1.023439e+11 Msun
DEBUG: sample z (first valid): [0.47603604 0.62717251 0.90356686 2.52571552 0.04038608 0.07746942
 0.65461523 3.64695455 1.98026376 0.49871936]
DEBUG: Planck15 ages (Gyr): [ 8.78173952  7.74482604  6.2753104   2.59010316 13.2314825  12.73995079
  7.57647367  1.71901106  3.3157904   8.61328704]
DEBUG: cosmo_colibre ages (Gyr): [ 8.77212697  7.73836721  6.27242841  2.59179135 13.20296234 12.71389858
  7.57047795  1.72096609  3.31703389  8.60422178]
DEBUG: us.look_back_time -> ages (Gyr): [ 8.77212698  7.73836721  6.27242841  2.59179135 13.20296234 12.71389858
  7.57047796  1.72096609  3.31703389  8.60422178]
[53/100] subhalo 1203601 done; total_formed=1.683e+01
Building SWIFTGalaxy for subhalo 1199430 (soap_index=36637426)
Read masses: Nstars=117181, sum_current=1.560747e+11 Msun
DEBUG: sample z (first valid): [0.18475667 0.95723331 1.06256688 1.00268916 1.26627014 5.73822743
 5.61979798 0.33224915 1.0395867  1.048     ]
DEBUG: Planck15 ages (Gyr): [11.45515961  6.0401983   5.61705006  5.8516533   4.92076093  0.98615673
  1.01271617  9.97244332  5.70530769  5.67274378]
DEBUG: cosmo_colibre ages (Gyr): [11.43514794  6.03779129  5.61543126  5.84960803  4.92025608  0.988084
  1.01464965  9.95858689  5.70353152  5.6710261 ]
DEBUG: us.look_back_time -> ages (Gyr): [11.43514794  6.0377913   5.61543127  5.84960804  4.92025609  0.98808401
  1.01464965  9.95858689  5.70353152  5.67102611]
[54/100] subhalo 1199430 done; total_formed=2.604e+01
Building SWIFTGalaxy for subhalo 283536 (soap_index=36648942)
Read masses: Nstars=15953, sum_current=2.237629e+10 Msun
DEBUG: sample z (first valid): [3.84447073 3.97426945 4.3242343  3.19403558 3.08476689 4.99597438
 4.92335503 2.11808926 4.37312454 3.2800418 ]
DEBUG: Planck15 ages (Gyr): [1.61553428 1.55302233 1.40303603 2.0025658  2.08269222 1.17455828
 1.19618019 3.10346716 1.38399642 1.94301358]
DEBUG: cosmo_colibre ages (Gyr): [1.61750098 1.55499386 1.40501197 2.00446633 2.08457158 1.17651975
 1.19814422 3.10486193 1.38597216 1.94492822]
DEBUG: us.look_back_time -> ages (Gyr): [1.61750098 1.55499386 1.40501197 2.00446633 2.08457159 1.17651976
 1.19814423 3.10486194 1.38597216 1.94492822]
[55/100] subhalo 283536 done; total_formed=3.738e+00
Building SWIFTGalaxy for subhalo 609485 (soap_index=36703735)
Read masses: Nstars=19119, sum_current=2.704797e+10 Msun
DEBUG: sample z (first valid): [2.03126735 2.2037544  1.68832554 1.59795449 6.70467905 0.24526868
 2.1586659  2.24050633 1.96516152 0.50629769]
DEBUG: Planck15 ages (Gyr): [ 3.23452697  2.98245331  3.85236438  4.04753226  0.80658643 10.81072215
  3.04516465  2.93288522  3.34049339  8.55808156]
DEBUG: cosmo_colibre ages (Gyr): [ 3.23583046  2.98392641  3.85314482  4.04811478  0.80845786 10.79349901
  3.04659787  2.93438875  3.34171812  8.54919273]
DEBUG: us.look_back_time -> ages (Gyr): [ 3.23583047  2.98392641  3.85314483  4.04811478  0.80845786 10.79349901
  3.04659788  2.93438875  3.34171812  8.54919273]
[56/100] subhalo 609485 done; total_formed=4.491e+00
Building SWIFTGalaxy for subhalo 2370177 (soap_index=36703747)
Read masses: Nstars=231287, sum_current=2.985427e+11 Msun
DEBUG: sample z (first valid): [0.04356688 0.4551914  6.28663553 2.5831602  0.84276234 8.14732361
 0.07690285 1.21002226 1.47361667 0.75945017]
DEBUG: Planck15 ages (Gyr): [13.18828643  8.94089841  0.87699155  2.52899471  6.55936644  0.623378
 12.74726571  5.09872766  4.3433886   6.98213086]
DEBUG: cosmo_colibre ages (Gyr): [13.15998643  8.93075647  0.87888796  2.5307111   6.55587498  0.62516144
 12.72117738  5.09795942  4.34364016  6.97765973]
DEBUG: us.look_back_time -> ages (Gyr): [13.15998643  8.93075648  0.87888796  2.53071111  6.55587498  0.62516144
 12.72117738  5.09795943  4.34364016  6.97765973]
[57/100] subhalo 2370177 done; total_formed=5.002e+01
Building SWIFTGalaxy for subhalo 125955 (soap_index=36708266)
Read masses: Nstars=59139, sum_current=7.401668e+10 Msun
DEBUG: sample z (first valid): [3.56760524 3.91384869 3.5212832  0.01430075 2.69050569 7.11440599
 1.73934125 1.9667723  7.08188433 7.08188433]
DEBUG: Planck15 ages (Gyr): [ 1.76371029  1.58161349  1.79070162 13.59333364  2.42096947  0.74624662
  3.74882486  3.33784434  0.75075824  0.75075824]
DEBUG: cosmo_colibre ages (Gyr): [ 1.76565889  1.58358302  1.79264593 13.56294511  2.42273227  0.74809304
  3.74970383  3.3390711   0.75260666  0.75260666]
DEBUG: us.look_back_time -> ages (Gyr): [ 1.76565889  1.58358302  1.79264594 13.56294511  2.42273227  0.74809304
  3.74970383  3.3390711   0.75260666  0.75260666]
[58/100] subhalo 125955 done; total_formed=1.244e+01
Building SWIFTGalaxy for subhalo 1208240 (soap_index=36709992)
Read masses: Nstars=14741, sum_current=1.938579e+10 Msun
DEBUG: sample z (first valid): [5.04464121 8.29720528 7.28102098 3.27139412 2.58708265 3.77632826
 8.01830191 4.42786152 2.30056406 3.19403558]
DEBUG: Planck15 ages (Gyr): [1.16042854 0.6083449  0.7238235  1.94886827 2.5249087  1.65004049
 0.63682034 1.36318322 2.85473595 2.0025658 ]
DEBUG: cosmo_colibre ages (Gyr): [1.1623882  0.61011935 0.72565971 1.95078158 2.52662693 1.65200381
 0.63861156 1.36515854 2.85628555 2.00446633]
DEBUG: us.look_back_time -> ages (Gyr): [1.16238821 0.61011936 0.72565971 1.95078158 2.52662693 1.65200381
 0.63861156 1.36515855 2.85628555 2.00446633]
[59/100] subhalo 1208240 done; total_formed=3.229e+00
Building SWIFTGalaxy for subhalo 6884658 (soap_index=36801916)
Read masses: Nstars=52502, sum_current=7.495075e+10 Msun
DEBUG: sample z (first valid): [1.50903522 0.47232207 0.42457178 0.3811009  4.75735746 0.31672426
 0.26429508 0.28110095 0.16388435 6.55806712]
DEBUG: Planck15 ages (Gyr): [ 4.25564704  8.80978744  9.18256742  9.54258302  1.24816389 10.11498264
 10.61886298 10.45345952 11.69021581  0.83017444]
DEBUG: cosmo_colibre ages (Gyr): [ 4.25600069  8.80008246  9.17159902  9.5303334   1.25013301 10.10057523
 10.60243694 10.43770816 11.66914565  0.83205471]
DEBUG: us.look_back_time -> ages (Gyr): [ 4.25600069  8.80008247  9.17159902  9.5303334   1.25013301 10.10057523
 10.60243694 10.43770817 11.66914565  0.83205471]
[60/100] subhalo 6884658 done; total_formed=1.233e+01
Building SWIFTGalaxy for subhalo 43274 (soap_index=36883250)
Read masses: Nstars=101506, sum_current=1.313443e+11 Msun
DEBUG: sample z (first valid): [6.83080416 3.84447073 0.21282108 1.23733443 0.21768859 5.38876974
 5.18147519 5.36580864 1.56581317 3.2800418 ]
DEBUG: Planck15 ages (Gyr): [ 0.78717198  1.61553428 11.14961787  5.01105498 11.09781511  1.06808055
  1.12217629  1.07385714  4.12082597  1.94301358]
DEBUG: cosmo_colibre ages (Gyr): [ 0.78903574  1.61750098 11.13094935  5.01041831 11.07937059  1.07002544
  1.12413046  1.07580311  4.12133     1.94492822]
DEBUG: us.look_back_time -> ages (Gyr): [ 0.78903575  1.61750098 11.13094935  5.01041831 11.07937059  1.07002544
  1.12413046  1.07580311  4.12133     1.94492822]
[61/100] subhalo 43274 done; total_formed=2.191e+01
Building SWIFTGalaxy for subhalo 3449720 (soap_index=36935895)
Read masses: Nstars=34771, sum_current=4.835538e+10 Msun
DEBUG: sample z (first valid): [3.24978925 0.12899669 0.35606688 0.33420195 0.3410821  0.46259597
 3.56760524 1.99087258 0.7259033  1.03338504]
DEBUG: Planck15 ages (Gyr): [ 1.96362341 12.09870407  9.75939959  9.95472156  9.8926491   8.8838736
  1.76371029  3.29861499  7.16431493  5.72950017]
DEBUG: cosmo_colibre ages (Gyr): [ 1.96553333 12.07574373  9.74634987  9.940933    9.87909719  8.87392271
  1.76565889  3.29987138  7.15939478  5.72768022]
DEBUG: us.look_back_time -> ages (Gyr): [ 1.96553333 12.07574373  9.74634987  9.94093301  9.87909719  8.87392271
  1.76565889  3.29987138  7.15939478  5.72768022]
[62/100] subhalo 3449720 done; total_formed=7.985e+00
Building SWIFTGalaxy for subhalo 242996 (soap_index=36989322)
Read masses: Nstars=66650, sum_current=8.901929e+10 Msun
DEBUG: sample z (first valid): [5.94678821 3.74245604 1.5754932  2.07248008 3.49399986 5.22551534
 2.85914498 2.62277501 0.91133924 2.02455234]
DEBUG: Planck15 ages (Gyr): [0.94210787 1.66764963 4.09852794 3.17121023 1.80692082 1.11030816
 2.26592766 2.48822166 6.24038374 3.2450391 ]
DEBUG: cosmo_colibre ages (Gyr): [0.94402377 1.66961103 4.09905609 3.17255867 1.80886242 1.11226045
 2.26774931 2.48995609 6.23757399 3.24633497]
DEBUG: us.look_back_time -> ages (Gyr): [0.94402377 1.66961103 4.0990561  3.17255867 1.80886243 1.11226045
 2.26774931 2.48995609 6.23757399 3.24633498]
[63/100] subhalo 242996 done; total_formed=1.485e+01
Building SWIFTGalaxy for subhalo 519729 (soap_index=37059293)
Read masses: Nstars=28505, sum_current=3.644810e+10 Msun
DEBUG: sample z (first valid): [1.0920641  6.71283983 0.69168818 0.69536424 0.99464329 0.69641748
 3.40370918 0.75945017 3.97426945 0.92300469]
DEBUG: Planck15 ages (Gyr): [5.50687967 0.80530626 7.35774259 7.33658015 5.88434873 7.33053398
 1.86236816 6.98213086 1.55302233 6.18852876]
DEBUG: cosmo_colibre ages (Gyr): [5.50545217 0.80717719 7.35232798 7.33122053 5.88224195 7.32519003
 1.86429967 6.97765973 1.55499386 6.18582519]
DEBUG: us.look_back_time -> ages (Gyr): [5.50545217 0.8071772  7.35232798 7.33122053 5.88224195 7.32519003
 1.86429968 6.97765973 1.55499386 6.18582519]
[64/100] subhalo 519729 done; total_formed=6.108e+00
Building SWIFTGalaxy for subhalo 107494 (soap_index=37062840)
Read masses: Nstars=39461, sum_current=5.421357e+10 Msun
DEBUG: sample z (first valid): [ 1.04174715  0.92957249  1.06725128  1.0094438   1.22684336  0.8771769
  2.25369874  0.92775621  0.92775621 10.20656635]
DEBUG: Planck15 ages (Gyr): [5.6969176  6.15962895 5.59932307 5.82442457 5.04444577 6.39619899
 2.91542064 6.16759991 6.16759991 0.45946244]
DEBUG: cosmo_colibre ages (Gyr): [5.69515655 6.15698399 5.59773544 5.82243014 5.04375941 6.39306239
 2.91693467 6.16493882 6.16493882 0.46112861]
DEBUG: us.look_back_time -> ages (Gyr): [5.69515655 6.15698399 5.59773544 5.82243015 5.04375941 6.3930624
 2.91693468 6.16493882 6.16493882 0.46112862]
[65/100] subhalo 107494 done; total_formed=9.043e+00
Building SWIFTGalaxy for subhalo 541917 (soap_index=37213829)
Read masses: Nstars=17620, sum_current=2.349456e+10 Msun
DEBUG: sample z (first valid): [2.68221148 2.77207321 1.36865693 5.30153846 1.50596513 2.74320311
 1.91556188 4.01999234 3.23003937 1.87086035]
DEBUG: Planck15 ages (Gyr): [2.42904338 2.34386637 4.62123221 1.09030531 4.26313911 2.37068808
 3.42377279 1.53195072 1.97727393 3.50176631]
DEBUG: cosmo_colibre ages (Gyr): [2.43080286 2.34565958 4.62113829 1.09225423 4.26348416 2.37247097
 3.42493247 1.53392348 1.97918063 3.50286256]
DEBUG: us.look_back_time -> ages (Gyr): [2.43080286 2.34565958 4.6211383  1.09225423 4.26348417 2.37247097
 3.42493248 1.53392349 1.97918063 3.50286256]
[66/100] subhalo 541917 done; total_formed=3.958e+00
Building SWIFTGalaxy for subhalo 3536336 (soap_index=37295627)
Read masses: Nstars=22622, sum_current=3.064858e+10 Msun
DEBUG: sample z (first valid): [0.18296029 3.53976171 0.93481342 1.57347051 5.4503937  5.88403361
 4.09690465 0.10240883 5.18147519 8.22197988]
DEBUG: Planck15 ages (Gyr): [11.47512322  1.77985297  6.13671851  4.10317111  1.05282954  0.95501267
  1.49755732 12.42373765  1.12217629  0.61581373]
DEBUG: cosmo_colibre ages (Gyr): [11.4550225   1.78179905  6.13411973  4.10369425  1.05477149  0.95693204
  1.49953168 12.39922869  1.12413046  0.61759269]
DEBUG: us.look_back_time -> ages (Gyr): [11.45502251  1.78179905  6.13411973  4.10369426  1.05477149  0.95693204
  1.49953168 12.3992287   1.12413046  0.61759269]
[67/100] subhalo 3536336 done; total_formed=5.140e+00
Building SWIFTGalaxy for subhalo 257718 (soap_index=37359500)
Read masses: Nstars=164707, sum_current=1.955651e+11 Msun
DEBUG: sample z (first valid): [1.36797225e+00 1.52821077e-03 3.18101368e-01 4.88717212e+00
 1.96060716e+00 1.16456559e-01 1.16152326e-01 2.55247181e+00
 1.49835076e-01 6.46798673e-01]
DEBUG: Planck15 ages (Gyr): [ 4.62313753 13.7755816  10.10221941  1.20720127  3.348002   12.25048666
 12.25420245  2.5613417  11.852321    7.62385505]
DEBUG: cosmo_colibre ages (Gyr): [ 4.62304112 13.74423613 10.08786169  1.2091665   3.34922097 12.22680799
 12.23050608  2.56304334 11.83050834  7.61773039]
DEBUG: us.look_back_time -> ages (Gyr): [ 4.62304113 13.74423613 10.0878617   1.20916651  3.34922098 12.22680799
 12.23050608  2.56304334 11.83050834  7.6177304 ]
[68/100] subhalo 257718 done; total_formed=3.274e+01
Building SWIFTGalaxy for subhalo 258026 (soap_index=37372045)
Read masses: Nstars=23041, sum_current=2.929713e+10 Msun
DEBUG: sample z (first valid): [3.37314827 4.33029687 2.66163817 4.77969839 4.59180887 2.76513846
 2.86597452 2.85143394 5.36148321 4.7981067 ]
DEBUG: Planck15 ages (Gyr): [1.8817759  1.40065153 2.44926274 1.24095129 1.30385077 2.35026331
 2.25999551 2.27265639 1.07495115 1.23506012]
DEBUG: cosmo_colibre ages (Gyr): [1.88370359 1.40262744 2.45101382 1.24291979 1.30582374 2.35205408
 2.26181923 2.27447567 1.07689732 1.2370281 ]
DEBUG: us.look_back_time -> ages (Gyr): [1.88370359 1.40262745 2.45101382 1.24291979 1.30582375 2.35205409
 2.26181923 2.27447568 1.07689732 1.2370281 ]
[69/100] subhalo 258026 done; total_formed=4.951e+00
Building SWIFTGalaxy for subhalo 117210 (soap_index=37394742)
Read masses: Nstars=45969, sum_current=6.846120e+10 Msun
DEBUG: sample z (first valid): [0.32139689 0.46783731 1.48807897 2.06472129 2.25305272 1.19830941
 0.93184766 0.98883224 0.7084463  0.69081527]
DEBUG: Planck15 ages (Gyr): [10.07177104  8.84383443  4.30721282  3.18297486  2.9162719   5.13707588
  6.14966678  5.90814132  7.26201884  7.36278144]
DEBUG: cosmo_colibre ages (Gyr): [10.05753161  8.83401676  4.30750687  3.18431507  2.91778542  5.13624899
  6.14704193  5.90598946  7.25685121  7.35735371]
DEBUG: us.look_back_time -> ages (Gyr): [10.05753161  8.83401676  4.30750687  3.18431507  2.91778543  5.13624899
  6.14704194  5.90598946  7.25685121  7.35735371]
[70/100] subhalo 117210 done; total_formed=1.115e+01
Building SWIFTGalaxy for subhalo 1112527 (soap_index=37399648)
Read masses: Nstars=17207, sum_current=2.301956e+10 Msun
DEBUG: sample z (first valid): [1.14044026 3.28451883 1.11693262 1.80020509 1.44245677 1.95473399
 3.94275586 2.1981261  1.50999617 1.08143302]
DEBUG: Planck15 ages (Gyr): [5.33343924 1.93999393 5.41662397 3.63108456 4.42301287 3.35772555
 1.56782673 2.99016545 4.25330636 5.54619008]
DEBUG: cosmo_colibre ages (Gyr): [5.33230135 1.94190925 5.41534893 3.6320702  4.42316889 3.35893704
 1.56979727 2.99163372 4.25366268 5.54469498]
DEBUG: us.look_back_time -> ages (Gyr): [5.33230135 1.94190925 5.41534893 3.6320702  4.4231689  3.35893705
 1.56979727 2.99163372 4.25366269 5.54469498]
[71/100] subhalo 1112527 done; total_formed=3.860e+00
Building SWIFTGalaxy for subhalo 257277 (soap_index=37401987)
Read masses: Nstars=6686, sum_current=9.023736e+09 Msun
DEBUG: sample z (first valid): [3.14601126 3.17825948 3.20939046 3.47497439 2.48595745 2.71940976
 2.46165223 2.63362165 2.54977792 2.46641278]
DEBUG: Planck15 ages (Gyr): [2.03714357 2.01381706 1.99171433 1.81837534 2.63383264 2.39317554
 2.66116678 2.47724624 2.56421365 2.65577637]
DEBUG: cosmo_colibre ages (Gyr): [2.03903528 2.01571477 1.99361754 1.82031496 2.63549977 2.39494956
 2.66282038 2.47898541 2.56591396 2.65743266]
DEBUG: us.look_back_time -> ages (Gyr): [2.03903528 2.01571477 1.99361754 1.82031496 2.63549977 2.39494956
 2.66282038 2.47898542 2.56591396 2.65743266]
[72/100] subhalo 257277 done; total_formed=1.522e+00
Building SWIFTGalaxy for subhalo 4874502 (soap_index=37402200)
Read masses: Nstars=5124, sum_current=8.318068e+09 Msun
DEBUG: sample z (first valid): [2.12522651 1.24515245 2.16385054 2.69050569 1.87792025 2.08056783
 1.08660214 1.19624665 1.2909879  2.91212989]
DEBUG: Planck15 ages (Gyr): [3.09308031 4.98640012 3.03784426 2.42096947 3.48925718 3.15902223
 5.52702115 5.14387687 4.84566553 2.22056747]
DEBUG: cosmo_colibre ages (Gyr): [3.09448204 4.98579981 3.03928222 2.42273227 3.49036377 3.16037914
 5.5255591  5.14303951 4.8452675  2.2224046 ]
DEBUG: us.look_back_time -> ages (Gyr): [3.09448204 4.98579982 3.03928222 2.42273227 3.49036377 3.16037914
 5.52555911 5.14303951 4.84526751 2.2224046 ]
[73/100] subhalo 4874502 done; total_formed=1.387e+00
Building SWIFTGalaxy for subhalo 34879 (soap_index=37432799)
Read masses: Nstars=139767, sum_current=1.836052e+11 Msun
DEBUG: sample z (first valid): [2.8044816  0.31873793 0.77623591 1.31216483 0.0509975  1.08143302
 0.48164225 0.01738698 3.87401458 1.3487922 ]
DEBUG: Planck15 ages (Gyr): [ 2.31434815 10.0963276   6.89363234  4.78277184 13.08814538  5.54619008
  8.73965243 13.54980374  1.60094352  4.67702693]
DEBUG: cosmo_colibre ages (Gyr): [ 2.3161524  10.0819928   6.88937349  4.78246131 13.06035339  5.54469498
  8.73017787 13.51964222  1.60291151  4.67685952]
DEBUG: us.look_back_time -> ages (Gyr): [ 2.3161524  10.0819928   6.8893735   4.78246131 13.06035339  5.54469498
  8.73017788 13.51964222  1.60291151  4.67685952]
[74/100] subhalo 34879 done; total_formed=3.079e+01
Building SWIFTGalaxy for subhalo 33241 (soap_index=37463654)
Read masses: Nstars=91088, sum_current=1.169248e+11 Msun
DEBUG: sample z (first valid): [0.69116433 1.22684336 3.39072759 2.22265932 1.68436143 0.47910084
 0.17870504 4.04006768 1.5872878  5.65340102]
DEBUG: Planck15 ages (Gyr): [ 7.36076589  5.04444577  1.87057151  2.95678595  3.86060347  8.75869406
 11.52261152  1.52284814  4.07162117  1.00506055]
DEBUG: cosmo_colibre ages (Gyr): [ 7.35534341  5.04375941  1.87250142  2.95827493  3.86137588  8.74915718
 11.50229833  1.52482138  4.07217814  1.00699229]
DEBUG: us.look_back_time -> ages (Gyr): [ 7.35534341  5.04375941  1.87250142  2.95827493  3.86137588  8.74915718
 11.50229833  1.52482138  4.07217814  1.00699229]
[75/100] subhalo 33241 done; total_formed=1.964e+01
Building SWIFTGalaxy for subhalo 3513 (soap_index=37487922)
Read masses: Nstars=25626, sum_current=3.473685e+10 Msun
DEBUG: sample z (first valid): [0.54274953 0.89585744 0.94862036 0.72845237 0.56634799 0.33149126
 2.82803738 5.37261766 0.20117302 0.19565059]
DEBUG: Planck15 ages (Gyr): [ 8.29979944  6.31025595  6.07699542  7.15021685  8.13877842  9.97933351
  2.29327542  1.07213871 11.27499896 11.33514951]
DEBUG: cosmo_colibre ages (Gyr): [ 8.29171678  6.30730109  6.07451583  7.14533203  8.1311822   9.96545066
  2.29508735  1.07408437 11.25578381 11.31566987]
DEBUG: us.look_back_time -> ages (Gyr): [ 8.29171679  6.30730109  6.07451583  7.14533203  8.1311822   9.96545066
  2.29508736  1.07408437 11.25578381 11.31566987]
[76/100] subhalo 3513 done; total_formed=5.782e+00
Building SWIFTGalaxy for subhalo 264153 (soap_index=37492891)
Read masses: Nstars=416228, sum_current=5.149908e+11 Msun
DEBUG: sample z (first valid): [1.09849504 0.67234868 1.29805737 1.23260884 0.6559531  2.66409482
 4.56191123 1.21780034 5.37261766 1.56380565]
DEBUG: Planck15 ages (Gyr): [5.48331319 7.47062682 4.82452367 5.0260518  7.56840882 2.44683381
 1.3143477  5.0735128  1.07213871 4.12547483]
DEBUG: cosmo_colibre ages (Gyr): [5.48192587 7.46491523 4.82415526 5.02539287 7.56243495 2.44858591
 1.31632122 5.07278277 1.07408437 4.1259738 ]
DEBUG: us.look_back_time -> ages (Gyr): [5.48192587 7.46491523 4.82415526 5.02539287 7.56243495 2.44858591
 1.31632122 5.07278277 1.07408437 4.1259738 ]
[77/100] subhalo 264153 done; total_formed=8.653e+01
Building SWIFTGalaxy for subhalo 2224956 (soap_index=37520972)
Read masses: Nstars=326171, sum_current=4.213205e+11 Msun
DEBUG: sample z (first valid): [1.43900261 0.90268262 1.31559607 8.6433196  1.32512595 0.44352423
 2.59416475 7.26431274 3.03124808 1.85286436]
DEBUG: Planck15 ages (Gyr): [4.43198379 6.27930323 4.77270414 0.57584285 4.74491923 9.03185929
 2.51755874 0.72602129 2.12388934 3.53398483]
DEBUG: cosmo_colibre ages (Gyr): [4.43212887 6.27641294 4.77240746 0.57759678 4.74466051 9.02140948
 2.51928026 0.72785852 2.12575684 3.53505415]
DEBUG: us.look_back_time -> ages (Gyr): [4.43212887 6.27641295 4.77240746 0.57759678 4.74466052 9.02140948
 2.51928027 0.72785852 2.12575685 3.53505416]
[78/100] subhalo 2224956 done; total_formed=7.037e+01
Building SWIFTGalaxy for subhalo 564847 (soap_index=37563383)
Read masses: Nstars=21420, sum_current=2.789285e+10 Msun
DEBUG: sample z (first valid): [4.16967737 4.73418497 1.81415321 2.54363577 3.23687613 0.49108118
 4.55060557 8.54569951 4.30827798 6.83923445]
DEBUG: Planck15 ages (Gyr): [1.46617741 1.25571875 3.60494676 2.57078161 1.97253087 8.66946813
 1.31835365 0.58471234 1.4093442  0.78590204]
DEBUG: cosmo_colibre ages (Gyr): [1.46815276 1.25768849 3.6059553  2.57247887 1.97443869 8.66022183
 1.32032736 0.58647203 1.41132016 0.78776529]
DEBUG: us.look_back_time -> ages (Gyr): [1.46815276 1.2576885  3.6059553  2.57247887 1.97443869 8.66022183
 1.32032737 0.58647203 1.41132016 0.78776529]
[79/100] subhalo 564847 done; total_formed=4.684e+00
Building SWIFTGalaxy for subhalo 34531 (soap_index=37573911)
Read masses: Nstars=180392, sum_current=2.463442e+11 Msun
DEBUG: sample z (first valid): [3.80539669 0.01846211 0.09182993 1.28730979 0.1877628  0.92277902
 1.24392248 1.84864818 1.52703015 2.22424481]
DEBUG: Planck15 ages (Gyr): [ 1.63517282 13.53468543 12.55650195  4.85672383 11.42186265  6.18952556
  4.99026612  3.54160288  4.21215678  2.95464977]
DEBUG: cosmo_colibre ages (Gyr): [ 1.63713766 13.50460261 12.53134938  4.85631023 11.40199917  6.18681996
  4.98966013  3.54266578  4.21255979  2.95614006]
DEBUG: us.look_back_time -> ages (Gyr): [ 1.63713766 13.50460261 12.53134938  4.85631024 11.40199917  6.18681996
  4.98966013  3.54266578  4.21255979  2.95614006]
[80/100] subhalo 34531 done; total_formed=4.103e+01
Building SWIFTGalaxy for subhalo 265436 (soap_index=37722824)
Read masses: Nstars=387231, sum_current=5.068944e+11 Msun
DEBUG: sample z (first valid): [10.57675322  4.05561984  1.09313318  0.42531535  0.40877042  0.49721283
  3.66116643  0.58161985  0.58161985  4.97138952]
DEBUG: Planck15 ages (Gyr): [0.43755256 1.5158579  5.50295089 9.17658467 9.31107779 8.6243249
 1.71120309 8.0370661  8.0370661  1.18180511]
DEBUG: cosmo_colibre ages (Gyr): [0.43919924 1.51783148 5.5015301  9.16563706 9.29965888 8.61522418
 1.71315916 8.02977072 8.02977072 1.18376747]
DEBUG: us.look_back_time -> ages (Gyr): [0.43919924 1.51783148 5.5015301  9.16563706 9.29965888 8.61522419
 1.71315916 8.02977072 8.02977072 1.18376747]
[81/100] subhalo 265436 done; total_formed=8.435e+01
Building SWIFTGalaxy for subhalo 23889309 (soap_index=37723458)
Read masses: Nstars=50962, sum_current=6.740802e+10 Msun
DEBUG: sample z (first valid): [1.5179038  3.42153556 1.6911958  3.48262654 1.55341697 0.90844496
 1.7793045  8.92142911 1.66082014 0.84608451]
DEBUG: Planck15 ages (Gyr): [4.23412345 1.85119985 3.84641654 1.81375387 4.14966789 6.25335426
 3.67083136 0.55176302 3.91012564 6.54333518]
DEBUG: cosmo_colibre ages (Gyr): [4.23450163 1.85313349 3.84720276 1.81569429 4.1501404  6.25051775
 3.67178163 0.55350072 3.91084917 6.53987916]
DEBUG: us.look_back_time -> ages (Gyr): [4.23450163 1.85313349 3.84720276 1.8156943  4.1501404  6.25051775
 3.67178163 0.55350073 3.91084917 6.53987916]
[82/100] subhalo 23889309 done; total_formed=1.128e+01
Building SWIFTGalaxy for subhalo 120183 (soap_index=37747814)
Read masses: Nstars=28027, sum_current=3.906049e+10 Msun
DEBUG: sample z (first valid): [5.7181958  1.88349173 1.40675725 2.09423985 0.92594334 0.70329556
 0.26722871 1.58137703 0.7041814  1.27840356]
DEBUG: Planck15 ages (Gyr): [ 0.99056727  3.47943659  4.51715841  3.13859221  6.17557194  7.2912366
 10.58971882  4.08506952  7.28619884  4.88366795]
DEBUG: cosmo_colibre ages (Gyr): [ 0.99249561  3.48055125  4.51719788  3.13996318  6.17289469  7.28599406
 10.5734125   4.08561213  7.28096925  4.88321619]
DEBUG: us.look_back_time -> ages (Gyr): [ 0.99249561  3.48055126  4.51719789  3.13996319  6.17289469  7.28599406
 10.5734125   4.08561213  7.28096925  4.88321619]
[83/100] subhalo 120183 done; total_formed=6.443e+00
Building SWIFTGalaxy for subhalo 120450 (soap_index=37762715)
Read masses: Nstars=13868, sum_current=1.925218e+10 Msun
DEBUG: sample z (first valid): [4.22240816 5.7181958  0.22387391 2.8124491  4.58466127 6.08267589
 0.31271533 0.43141709 0.45158147 0.93962353]
DEBUG: Planck15 ages (Gyr): [ 1.4441145   0.99056727 11.03248447  2.30718492  1.30634758  0.91513642
 10.15227201  9.12770771  8.96889687  6.11580824]
DEBUG: cosmo_colibre ages (Gyr): [ 1.44609026  0.99249561 11.01432087  2.3089918   1.30832069  0.91704465
 10.13771898  9.11692931  8.95866058  6.11325138]
DEBUG: us.look_back_time -> ages (Gyr): [ 1.44609026  0.99249561 11.01432087  2.3089918   1.30832069  0.91704465
 10.13771898  9.11692931  8.95866058  6.11325139]
[84/100] subhalo 120450 done; total_formed=3.214e+00
Building SWIFTGalaxy for subhalo 2212019 (soap_index=37762728)
Read masses: Nstars=113698, sum_current=1.544349e+11 Msun
DEBUG: sample z (first valid): [5.46375382 0.83143304 0.36784104 0.44862953 3.23687613 1.20555967
 1.14914409 0.32545911 4.22240816 6.58079815]
DEBUG: Planck15 ages (Gyr): [ 1.04957078  6.61449676  9.65653486  8.99188868  1.97253087  5.11328448
  5.30315173 10.03442251  1.4441145   0.82644271]
DEBUG: cosmo_colibre ages (Gyr): [ 1.05151208  6.61088248  9.64386738  8.98157464  1.97443869  5.11249406
  5.30206298 10.0203276   1.44609026  0.82832162]
DEBUG: us.look_back_time -> ages (Gyr): [ 1.05151209  6.61088248  9.64386738  8.98157464  1.97443869  5.11249406
  5.30206298 10.0203276   1.44609026  0.82832163]
[85/100] subhalo 2212019 done; total_formed=2.558e+01
Building SWIFTGalaxy for subhalo 271170 (soap_index=37835150)
Read masses: Nstars=105492, sum_current=1.409718e+11 Msun
DEBUG: sample z (first valid): [0.90445194 0.81018672 3.67546551 0.26948706 0.30342084 0.93481342
 0.75869472 6.63466915 1.54113998 0.81580406]
DEBUG: Planck15 ages (Gyr): [ 6.27131781  6.71983791  1.70340629 10.56736188 10.23949804  6.13671851
  6.98615484  0.81770925  4.17855481  6.69173566]
DEBUG: cosmo_colibre ages (Gyr): [ 6.26844411  6.71598483  1.70536337 10.55114717 10.22460202  6.13411973
  6.98167397  0.81958491  4.1789954   6.68794681]
DEBUG: us.look_back_time -> ages (Gyr): [ 6.26844411  6.71598484  1.70536337 10.55114717 10.22460202  6.13411973
  6.98167397  0.81958492  4.1789954   6.68794681]
[86/100] subhalo 271170 done; total_formed=2.341e+01
Building SWIFTGalaxy for subhalo 2309282 (soap_index=37835188)
Read masses: Nstars=80539, sum_current=1.058083e+11 Msun
DEBUG: sample z (first valid): [2.1755015  1.37707653 3.92381668 3.42153556 4.91106702 0.02882261
 0.20603607 1.84567955 0.2490661  7.99108245]
DEBUG: Planck15 ages (Gyr): [ 3.0214985   4.59790483  1.57683682  1.85119985  1.19990424 13.39020145
 11.22240812  3.54698283 10.77203248  0.63971786]
DEBUG: cosmo_colibre ages (Gyr): [ 3.02294695  4.59784122  1.57880671  1.85313349  1.20186869 13.36086703
 11.20342303  3.54804117 10.75497132  0.64151073]
DEBUG: us.look_back_time -> ages (Gyr): [ 3.02294695  4.59784123  1.57880671  1.85313349  1.20186869 13.36086703
 11.20342303  3.54804118 10.75497132  0.64151073]
[87/100] subhalo 2309282 done; total_formed=1.760e+01
Building SWIFTGalaxy for subhalo 3671844 (soap_index=37901613)
Read masses: Nstars=10059, sum_current=1.386023e+10 Msun
DEBUG: sample z (first valid): [0.62846636 0.53667229 1.60642698 1.53524178 1.51597052 1.76290051
 1.64045125 1.67668682 0.87053317 1.41313793]
DEBUG: Planck15 ages (Gyr): [7.73676167 8.34204178 4.02856221 4.19254837 4.23880046 3.70252433
 3.95380957 3.87663592 6.42720406 4.50009669]
DEBUG: cosmo_colibre ages (Gyr): [7.73032534 8.33382945 4.02916467 4.19297337 4.23917332 3.70344593
 3.95448913 3.87739261 6.42400103 4.50015757]
DEBUG: us.look_back_time -> ages (Gyr): [7.73032534 8.33382945 4.02916467 4.19297337 4.23917332 3.70344593
 3.95448914 3.87739262 6.42400103 4.50015757]
[88/100] subhalo 3671844 done; total_formed=2.317e+00
Building SWIFTGalaxy for subhalo 123998 (soap_index=37944911)
Read masses: Nstars=32488, sum_current=4.202086e+10 Msun
DEBUG: sample z (first valid): [7.21407533 6.8712467  3.6187892  3.10987081 4.31904878 0.89017074
 0.95396541 3.02728446 9.89271171 1.15465544]
DEBUG: Planck15 ages (Gyr): [0.73269674 0.78111057 1.73466042 2.06382046 1.40508093 6.33622742
 6.0541186  2.12699385 0.47950685 5.28411405]
DEBUG: cosmo_colibre ages (Gyr): [0.73453705 0.78297187 1.73661329 2.06570504 1.40705687 6.33321801
 6.05168421 2.12886044 0.48118995 5.28305596]
DEBUG: us.look_back_time -> ages (Gyr): [0.73453706 0.78297187 1.7366133  2.06570504 1.40705688 6.33321802
 6.05168421 2.12886044 0.48118995 5.28305596]
[89/100] subhalo 123998 done; total_formed=7.068e+00
Building SWIFTGalaxy for subhalo 3714879 (soap_index=38058395)
Read masses: Nstars=16948, sum_current=2.325663e+10 Msun
DEBUG: sample z (first valid): [4.52813159 7.87300298 3.27139412 5.34669766 3.54889984 1.85211942
 0.26429508 0.08849322 0.15567468 5.16229431]
DEBUG: Planck15 ages (Gyr): [ 1.32637732  0.65254505  1.94886827  1.07870479  1.77452815  3.53532889
 10.61886298 12.59879295 11.7845556   1.12741125]
DEBUG: cosmo_colibre ages (Gyr): [ 1.32835139  0.65434507  1.95078158  1.08065165  1.77647507  3.53639708
 10.60243694 12.57343404 11.76305456  1.12936622]
DEBUG: us.look_back_time -> ages (Gyr): [ 1.32835139  0.65434508  1.95078158  1.08065165  1.77647507  3.53639709
 10.60243694 12.57343404 11.76305456  1.12936622]
[90/100] subhalo 3714879 done; total_formed=3.802e+00
Building SWIFTGalaxy for subhalo 127158 (soap_index=38079310)
Read masses: Nstars=23436, sum_current=3.079973e+10 Msun
DEBUG: sample z (first valid): [ 1.18046314  2.76427341 13.50392829  1.80980964  6.57291426  7.5200208
  3.22840183  4.37885752  3.66116643  1.97458243]
DEBUG: Planck15 ages (Gyr): [5.19639253 2.3510633  0.31172193 3.61305345 0.82773384 0.69355723
 1.97841279 1.38179187 1.71120309 3.32504839]
DEBUG: cosmo_colibre ages (Gyr): [5.19547358 2.35285376 0.31323136 3.61405491 0.82961322 0.69537879
 1.98031921 1.38376758 1.71315916 3.32628487]
DEBUG: us.look_back_time -> ages (Gyr): [5.19547358 2.35285376 0.31323137 3.61405492 0.82961322 0.69537879
 1.98031921 1.38376758 1.71315916 3.32628488]
[91/100] subhalo 127158 done; total_formed=5.120e+00
Building SWIFTGalaxy for subhalo 128007 (soap_index=38084750)
Read masses: Nstars=51083, sum_current=6.548601e+10 Msun
DEBUG: sample z (first valid): [0.98137622 2.24403524 6.9351011  2.03998516 0.71722042 0.75061438
 0.97635706 0.90733411 0.78552746 0.76761247]
DEBUG: Planck15 ages (Gyr): [5.93889065 2.92819676 0.77169686 3.22096224 7.21265821 7.02941941
 5.9597317  6.25834363 6.84538566 6.93888013]
DEBUG: cosmo_colibre ages (Gyr): [5.93668013 2.92970312 0.77355426 3.2222755  7.20761619 7.02483329
 5.95748116 6.2554968  6.84124094 6.93451322]
DEBUG: us.look_back_time -> ages (Gyr): [5.93668013 2.92970312 0.77355427 3.2222755  7.20761619 7.02483329
 5.95748116 6.25549681 6.84124094 6.93451323]
[92/100] subhalo 128007 done; total_formed=1.101e+01
Building SWIFTGalaxy for subhalo 284779 (soap_index=38162209)
Read masses: Nstars=23782, sum_current=3.318030e+10 Msun
DEBUG: sample z (first valid): [6.5268175  0.31408406 4.81611644 1.68700287 0.71452491 0.6631814
 2.40234659 4.91106702 6.36111423 9.04306183]
DEBUG: Planck15 ages (Gyr): [ 0.83535055 10.13951824  1.2293413   3.85511028  7.22776757  7.52506098
  2.72985462  1.19990424  0.86371635  0.54175281]
DEBUG: cosmo_colibre ages (Gyr): [ 0.8372327  10.12501508  1.23130875  3.85588805  7.22268722  7.51920395
  2.73147295  1.20186869  0.86560837  0.5434835 ]
DEBUG: us.look_back_time -> ages (Gyr): [ 0.83723271 10.12501508  1.23130875  3.85588805  7.22268723  7.51920395
  2.73147296  1.20186869  0.86560837  0.5434835 ]
[93/100] subhalo 284779 done; total_formed=5.559e+00
Building SWIFTGalaxy for subhalo 2350368 (soap_index=38181220)
Read masses: Nstars=52688, sum_current=7.596226e+10 Msun
DEBUG: sample z (first valid): [1.18132806e-01 4.59868784e-03 5.79878600e-02 3.21968965e+00
 1.21330632e+00 6.16945630e+00 4.60711841e+00 2.26699900e+00
 1.19433469e+00 1.24100670e+00]
DEBUG: Planck15 ages (Gyr): [12.23004216 13.73145895 12.99491029  1.98449009  5.0880572   0.898576
  1.29852939  2.89798513  5.15019345  4.99945   ]
DEBUG: cosmo_colibre ages (Gyr): [12.20646074 13.70034612 12.96758823  1.98639505  5.08730516  0.90047923
  1.30050206  2.89950952  5.14934633  4.99883048]
DEBUG: us.look_back_time -> ages (Gyr): [12.20646074 13.70034612 12.96758824  1.98639506  5.08730517  0.90047923
  1.30050207  2.89950952  5.14934633  4.99883048]
[94/100] subhalo 2350368 done; total_formed=1.243e+01
Building SWIFTGalaxy for subhalo 2337411 (soap_index=38192134)
Read masses: Nstars=23107, sum_current=3.039176e+10 Msun
DEBUG: sample z (first valid): [4.20126984 6.21285494 4.46133333 0.41448675 3.13502429 0.40153978
 0.44377864 1.9026486  1.31920164 0.12188442]
DEBUG: Planck15 ages (Gyr): [ 1.45289238  0.89048003  1.35071033  9.26428286  2.04519303  9.37077017
  9.02986122  3.44601064  4.76216138 12.18446003]
DEBUG: cosmo_colibre ages (Gyr): [ 1.45486801  0.89238075  1.3526853   9.25302888  2.0470826   9.35913941
  9.01941822  3.44715249  4.76187914 12.16109489]
DEBUG: us.look_back_time -> ages (Gyr): [ 1.45486801  0.89238075  1.35268531  9.25302888  2.04708261  9.35913941
  9.01941822  3.44715249  4.76187914 12.16109489]
[95/100] subhalo 2337411 done; total_formed=5.085e+00
Building SWIFTGalaxy for subhalo 41125 (soap_index=38195859)
Read masses: Nstars=83993, sum_current=1.099757e+11 Msun
DEBUG: sample z (first valid): [0.49271137 0.4051458  1.24622978 1.91659991 4.97138952 0.73119189
 0.88300195 1.09366814 4.63605091 6.83080416]
DEBUG: Planck15 ages (Gyr): [8.65743179 9.34093048 4.98301781 3.42199536 1.18180511 7.13511285
 6.36920543 5.50098665 1.28857072 0.78717198]
DEBUG: cosmo_colibre ages (Gyr): [8.6482244  9.32940583 4.98242247 3.42315647 1.18376747 7.13026576
 6.3661263  5.49956922 1.2905428  0.78903574]
DEBUG: us.look_back_time -> ages (Gyr): [8.6482244  9.32940583 4.98242248 3.42315647 1.18376747 7.13026576
 6.3661263  5.49956922 1.2905428  0.78903575]
[96/100] subhalo 41125 done; total_formed=1.836e+01
Building SWIFTGalaxy for subhalo 290376 (soap_index=38263675)
Read masses: Nstars=46654, sum_current=6.122311e+10 Msun
DEBUG: sample z (first valid): [3.41260436 5.30821061 1.96060716 7.48527222 1.2541102  3.94387447
 0.61482358 1.85734217 4.80426889 2.16599034]
DEBUG: Planck15 ages (Gyr): [1.8567814  1.08857835 3.348002   0.69782575 4.95838773 1.56729723
 7.82244079 3.52592318 1.23309842 3.03483139]
DEBUG: cosmo_colibre ages (Gyr): [1.85871398 1.09052697 3.34922097 0.69964943 4.95782841 1.56926781
 7.81576381 3.52699928 1.23506621 3.03627128]
DEBUG: us.look_back_time -> ages (Gyr): [1.85871398 1.09052697 3.34922098 0.69964943 4.95782841 1.56926781
 7.81576382 3.52699929 1.23506622 3.03627129]
[97/100] subhalo 290376 done; total_formed=1.010e+01
Building SWIFTGalaxy for subhalo 616664 (soap_index=38321232)
Read masses: Nstars=50944, sum_current=7.008565e+10 Msun
DEBUG: sample z (first valid): [1.56320401 6.74382607 3.86424701 4.06069498 1.89521117 5.67712685
 4.83995723 3.7569137  7.76559888 1.25643851]
DEBUG: Planck15 ages (Gyr): [4.12686972 0.80047609 1.60574317 1.51358828 3.45892553 0.99971292
 1.2218382  1.66009565 0.66458835 4.95114778]
DEBUG: cosmo_colibre ages (Gyr): [4.12736717 0.80234514 1.60771074 1.51556196 3.46005693 1.00164342
 1.22380492 1.66205788 0.6663949  4.95059898]
DEBUG: us.look_back_time -> ages (Gyr): [4.12736717 0.80234515 1.60771075 1.51556196 3.46005693 1.00164342
 1.22380493 1.66205788 0.6663949  4.95059899]
[98/100] subhalo 616664 done; total_formed=1.158e+01
Building SWIFTGalaxy for subhalo 131708 (soap_index=38323480)
Read masses: Nstars=56707, sum_current=7.105081e+10 Msun
DEBUG: sample z (first valid): [1.41776728 1.98026376 7.57183964 1.52956616 1.4523275  0.41607606
 5.7521121  1.70028842 2.85914498 0.89981447]
DEBUG: Planck15 ages (Gyr): [4.4877826  3.3157904  0.68727191 4.20608534 4.3975375  9.25133412
 0.98311873 3.82767237 2.26592766 6.29228163]
DEBUG: cosmo_colibre ages (Gyr): [4.48785886 3.31703389 0.6890903  4.20649518 4.39772439 9.2401256
 0.98504526 3.82847672 2.26774931 6.28936432]
DEBUG: us.look_back_time -> ages (Gyr): [4.48785886 3.31703389 0.6890903  4.20649518 4.39772439 9.2401256
 0.98504527 3.82847672 2.26774931 6.28936432]
[99/100] subhalo 131708 done; total_formed=1.197e+01
Building SWIFTGalaxy for subhalo 620613 (soap_index=38323516)
Read masses: Nstars=22025, sum_current=2.865613e+10 Msun
DEBUG: sample z (first valid): [1.16119245 1.59713086 3.61423643 1.63175649 1.51674347 1.08567246
 5.98976109 2.49711846 1.35605407 4.21202481]
DEBUG: Planck15 ages (Gyr): [5.26167354 4.04938409 1.7372122  3.97269768 4.23692952 5.53046101
 0.93343716 2.62143494 4.6565058  1.44841526]
DEBUG: cosmo_colibre ages (Gyr): [5.26065138 4.04996466 1.73916471 3.97335799 4.23730451 5.52899305
 0.93535065 2.62310811 4.65636558 1.45039096]
DEBUG: us.look_back_time -> ages (Gyr): [5.26065138 4.04996466 1.73916471 3.97335799 4.23730451 5.52899305
 0.93535065 2.62310811 4.65636558 1.45039096]
[100/100] subhalo 620613 done; total_formed=4.813e+00
All halos processed. Writing CSV.
Wrote relicness_extras_1200_1300.csv (100 rows) in 7794.0s
