Starting pure-swift relicness script
Loaded SOAP mapping for 91142867 halos
Batch mode: processing 100 halos (slice 2000:2100)
Building SWIFTGalaxy for subhalo 632400 (soap_index=60432149)
Read masses: Nstars=26550, sum_current=3.685860e+10 Msun
DEBUG: sample z (first valid): [3.94387447 4.93515667 3.66116643 5.11914099 5.86960168 5.55622249
 3.25199507 2.26212046 3.55364091 6.50440857]
DEBUG: Planck15 ages (Gyr): [1.56729723 1.19262156 1.71120309 1.13933827 0.95802201 1.02746802
 1.96210849 2.90436059 1.77177589 0.83909543]
DEBUG: cosmo_colibre ages (Gyr): [1.56926781 1.19458519 1.71315916 1.14129501 0.95994218 1.02940474
 1.96401876 2.90588121 1.77372324 0.84097892]
DEBUG: us.look_back_time -> ages (Gyr): [1.56926781 1.1945852  1.71315916 1.14129501 0.95994218 1.02940474
 1.96401876 2.90588122 1.77372324 0.84097893]
[1/100] subhalo 632400 done; total_formed=6.144e+00
Building SWIFTGalaxy for subhalo 1272087 (soap_index=60467200)
Read masses: Nstars=19866, sum_current=2.685200e+10 Msun
DEBUG: sample z (first valid): [5.28281085 5.29548511 2.34777278 6.11806234 4.25465042 4.43912358
 4.780718   6.21285494 0.18595729 1.80836476]
DEBUG: Planck15 ages (Gyr): [ 1.09517697  1.09187604  2.79567269  0.90832282  1.43089387  1.35896528
  1.24062376  0.89048003 11.44184446  3.61575669]
DEBUG: cosmo_colibre ages (Gyr): [ 1.09712674  1.09382523  2.79725554  0.91022902  1.43286977  1.3609405
  1.24259223  0.89238075 11.4218921   3.61675579]
DEBUG: us.look_back_time -> ages (Gyr): [ 1.09712674  1.09382524  2.79725554  0.91022902  1.43286977  1.3609405
  1.24259224  0.89238075 11.4218921   3.61675579]
[2/100] subhalo 1272087 done; total_formed=4.421e+00
Building SWIFTGalaxy for subhalo 1277994 (soap_index=60535636)
Read masses: Nstars=28081, sum_current=3.680786e+10 Msun
DEBUG: sample z (first valid): [5.5964771  4.23325082 2.77555018 3.87401458 5.43772102 3.37694517
 3.32381078 7.         2.11808926 2.08957194]
DEBUG: Planck15 ages (Gyr): [1.01808638 1.43964604 2.34066985 1.60094352 1.05593618 1.87934652
 1.91382188 0.76232083 3.10346716 3.1455431 ]
DEBUG: cosmo_colibre ages (Gyr): [1.02002105 1.44162186 2.34246427 1.60291151 1.05787874 1.88127469
 1.91574293 0.76417426 3.10486193 3.14690931]
DEBUG: us.look_back_time -> ages (Gyr): [1.02002106 1.44162186 2.34246427 1.60291151 1.05787875 1.8812747
 1.91574293 0.76417426 3.10486194 3.14690931]
[3/100] subhalo 1277994 done; total_formed=6.132e+00
Building SWIFTGalaxy for subhalo 1265292 (soap_index=60543752)
Read masses: Nstars=13369, sum_current=1.779045e+10 Msun
DEBUG: sample z (first valid): [1.77906878 1.19904704 8.52627371 1.66428165 2.39987549 2.0007326
 2.56872141 1.44665124 1.76313349 1.77859747]
DEBUG: Planck15 ages (Gyr): [3.67128365 5.13464733 0.58650443 3.9027796  2.73277968 3.28278162
 2.54412966 4.41215846 3.7020711  3.67218825]
DEBUG: cosmo_colibre ages (Gyr): [3.6722335  5.13382417 0.58826526 3.90351044 2.73439647 3.2840498
 2.5458392  4.41232767 3.70299311 3.6731373 ]
DEBUG: us.look_back_time -> ages (Gyr): [3.67223351 5.13382417 0.58826526 3.90351045 2.73439648 3.2840498
 2.54583921 4.41232767 3.70299311 3.6731373 ]
[4/100] subhalo 1265292 done; total_formed=2.986e+00
Building SWIFTGalaxy for subhalo 133834 (soap_index=60583617)
Read masses: Nstars=66422, sum_current=9.750441e+10 Msun
DEBUG: sample z (first valid): [3.97426945 6.20571743 4.73418497 3.67080037 2.12105915 3.77632826
 2.38197956 5.4771694  1.3824342  4.50029375]
DEBUG: Planck15 ages (Gyr): [1.55302233 0.89180318 1.25571875 1.70594355 3.09913816 1.65004049
 2.75411772 1.04631532 4.58315892 1.3364289 ]
DEBUG: cosmo_colibre ages (Gyr): [1.55499386 0.89370431 1.25768849 1.70790031 3.10053583 1.65200381
 2.75572316 1.04825596 4.58311436 1.33840338]
DEBUG: us.look_back_time -> ages (Gyr): [1.55499386 0.89370431 1.2576885  1.70790031 3.10053584 1.65200381
 2.75572317 1.04825597 4.58311436 1.33840338]
[5/100] subhalo 133834 done; total_formed=1.618e+01
Building SWIFTGalaxy for subhalo 47922 (soap_index=60622975)
Read masses: Nstars=39762, sum_current=5.107930e+10 Msun
DEBUG: sample z (first valid): [0.75511516 8.83138314 3.1475856  2.74320311 3.99436062 0.91133924
 2.97621648 2.2210754  2.43804428 2.95128422]
DEBUG: Planck15 ages (Gyr): [7.00527024 0.55937346 2.03599445 2.37068808 1.54370443 6.24038374
 2.16767255 2.95892256 2.68816582 2.1880013 ]
DEBUG: cosmo_colibre ages (Gyr): [7.00074298 0.5611164  2.03788645 2.37247097 1.54567653 6.23757399
 2.16952675 2.96041022 2.68980577 2.18984906]
DEBUG: us.look_back_time -> ages (Gyr): [7.00074298 0.5611164  2.03788645 2.37247097 1.54567653 6.23757399
 2.16952675 2.96041022 2.68980577 2.18984906]
[6/100] subhalo 47922 done; total_formed=8.583e+00
Building SWIFTGalaxy for subhalo 1284691 (soap_index=60709450)
Read masses: Nstars=29529, sum_current=4.332095e+10 Msun
DEBUG: sample z (first valid): [4.50583886 4.85142857 2.59811134 2.87878788 0.35820277 6.49668268
 1.81851024 1.22805467 1.3691707  2.84646085]
DEBUG: Planck15 ages (Gyr): [1.33441663 1.21825501 2.51347814 2.24893466 9.7406206  0.84039302
 3.59684463 5.04057237 4.61980333 2.27701346]
DEBUG: cosmo_colibre ages (Gyr): [1.33639103 1.22022138 2.51520148 2.2507622  9.72764103 0.84227697
 3.59786021 5.0398918  4.61971127 2.2788312 ]
DEBUG: us.look_back_time -> ages (Gyr): [1.33639104 1.22022139 2.51520148 2.2507622  9.72764103 0.84227698
 3.59786021 5.0398918  4.61971127 2.27883121]
[7/100] subhalo 1284691 done; total_formed=7.017e+00
Building SWIFTGalaxy for subhalo 304878 (soap_index=60713329)
Read masses: Nstars=52798, sum_current=7.058624e+10 Msun
DEBUG: sample z (first valid): [0.63790863 4.18030195 1.05261839 0.6042299  0.66233766 0.77835667
 1.17655264 1.05803291 0.77932233 2.78165032]
DEBUG: Planck15 ages (Gyr): [7.6782931  1.46168724 5.65499239 7.88996622 7.53010135 6.88257416
 5.20953536 5.63429216 6.87754803 2.33507905]
DEBUG: cosmo_colibre ages (Gyr): [7.67201894 1.46366269 5.65330639 7.88309709 7.52423078 6.87834157
 5.20859578 5.63264291 6.87332736 2.33687558]
DEBUG: us.look_back_time -> ages (Gyr): [7.67201894 1.46366269 5.6533064  7.88309709 7.52423078 6.87834157
 5.20859578 5.63264292 6.87332736 2.33687558]
[8/100] subhalo 304878 done; total_formed=1.181e+01
Building SWIFTGalaxy for subhalo 140073 (soap_index=60735225)
Read masses: Nstars=178563, sum_current=2.350623e+11 Msun
DEBUG: sample z (first valid): [0.02049206 0.18595729 4.47227789 5.95415959 0.17103852 0.18475667
 4.12801252 4.01461474 0.72336173 0.28764539]
DEBUG: Planck15 ages (Gyr): [13.50620496 11.44184446  1.34667298  0.94061105 11.60887971 11.45515961
  1.48400851  1.53440436  7.17841396 10.39005688]
DEBUG: cosmo_colibre ages (Gyr): [13.47627019 11.4218921   1.34864783  0.94252653 11.58817827 11.43514794
  1.48598335  1.53637699  7.17345838 10.37456104]
DEBUG: us.look_back_time -> ages (Gyr): [13.47627019 11.4218921   1.34864783  0.94252654 11.58817827 11.43514794
  1.48598335  1.53637699  7.17345839 10.37456104]
[9/100] subhalo 140073 done; total_formed=3.908e+01
Building SWIFTGalaxy for subhalo 49513 (soap_index=60783399)
Read masses: Nstars=113324, sum_current=1.545185e+11 Msun
DEBUG: sample z (first valid): [2.78514497 2.16599034 3.07663598 1.05945572 0.07860434 1.071957
 0.98089711 1.01030675 1.64236755 1.64385993]
DEBUG: Planck15 ages (Gyr): [ 2.3318861   3.03483139  2.08886576  5.62887242 12.72531561  5.58160402
  5.94087514  5.82096025  3.94966621  3.9464443 ]
DEBUG: cosmo_colibre ages (Gyr): [ 2.33368383  3.03627128  2.09074339  5.62723276 12.69933561  5.5800474
  5.93866081  5.81897227  3.95034998  3.94713134]
DEBUG: us.look_back_time -> ages (Gyr): [ 2.33368383  3.03627129  2.09074339  5.62723276 12.69933561  5.5800474
  5.93866082  5.81897227  3.95034998  3.94713134]
[10/100] subhalo 49513 done; total_formed=2.566e+01
Building SWIFTGalaxy for subhalo 1310038 (soap_index=60804849)
Read masses: Nstars=68933, sum_current=8.917746e+10 Msun
DEBUG: sample z (first valid): [3.1854643  3.38573245 2.56522685 0.68872397 3.98410526 1.56320401
 1.26674045 3.33267222 3.56760524 0.66826189]
DEBUG: Planck15 ages (Gyr): [2.00866578 1.87374398 2.54781511 7.37487497 1.54844906 4.12686972
 4.91931478 1.90799995 1.76371029 7.49481933]
DEBUG: cosmo_colibre ages (Gyr): [2.01056479 1.87567327 2.54952297 7.36941568 1.55042087 4.12736717
 4.91881202 1.90992223 1.76565889 7.48904327]
DEBUG: us.look_back_time -> ages (Gyr): [2.01056479 1.87567327 2.54952298 7.36941569 1.55042088 4.12736717
 4.91881202 1.90992224 1.76565889 7.48904327]
[11/100] subhalo 1310038 done; total_formed=1.496e+01
Building SWIFTGalaxy for subhalo 2514353 (soap_index=60835414)
Read masses: Nstars=38493, sum_current=5.351769e+10 Msun
DEBUG: sample z (first valid): [ 0.067153    0.9856987   1.86208402 10.57675322  3.25641359  2.43732298
  1.14394138  1.14478335  2.88338469  1.34997131]
DEBUG: Planck15 ages (Gyr): [12.87407794  5.92103385  3.51741874  0.43755256  1.95907972  2.6889978
  5.32122324  5.31829206  2.24498831  4.67368507]
DEBUG: cosmo_colibre ages (Gyr): [12.8473605   5.91885745  3.51850196  0.43919924  1.96099069  2.69063732
  5.32010522  5.3171788   2.2468172   4.6735221 ]
DEBUG: us.look_back_time -> ages (Gyr): [12.8473605   5.91885746  3.51850196  0.43919924  1.96099069  2.69063732
  5.32010522  5.3171788   2.2468172   4.6735221 ]
[12/100] subhalo 2514353 done; total_formed=8.892e+00
Building SWIFTGalaxy for subhalo 652150 (soap_index=60860688)
Read masses: Nstars=31323, sum_current=4.138880e+10 Msun
DEBUG: sample z (first valid): [0.84837545 0.13738285 1.05005005 0.12612551 0.12674507 0.93367166
 6.36856308 1.11665913 0.14285714 0.11417885]
DEBUG: Planck15 ages (Gyr): [ 6.53231548 11.99868373  5.66485333 12.13321997 12.12576016  6.14169828
  0.86240703  5.41760379 11.93402478 12.27834456]
DEBUG: cosmo_colibre ages (Gyr): [ 6.52888374 11.97619206  5.66314975 12.11009703 12.1026724   6.13908948
  0.86429861  5.41632712 11.91183408 12.25453312]
DEBUG: us.look_back_time -> ages (Gyr): [ 6.52888374 11.97619206  5.66314976 12.11009703 12.1026724   6.13908948
  0.86429862  5.41632713 11.91183408 12.25453312]
[13/100] subhalo 652150 done; total_formed=6.932e+00
Building SWIFTGalaxy for subhalo 311058 (soap_index=60863533)
Read masses: Nstars=17933, sum_current=2.299648e+10 Msun
DEBUG: sample z (first valid): [7.0161458  7.97261774 2.1148289  1.63027773 1.75060858 3.01790203
 1.82117951 6.72101791 4.89936088 2.50347482]
DEBUG: Planck15 ages (Gyr): [0.76001761 0.64169594 3.10823095 3.97592458 3.72656489 2.13437258
 3.59189557 0.80402675 1.20346989 2.61441706]
DEBUG: cosmo_colibre ages (Gyr): [0.76187005 0.64348992 3.10962252 3.97658158 3.72746446 2.13623697
 3.59291544 0.80589719 1.20543472 2.61609363]
DEBUG: us.look_back_time -> ages (Gyr): [0.76187005 0.64348993 3.10962253 3.97658158 3.72746446 2.13623697
 3.59291545 0.8058972  1.20543473 2.61609364]
[14/100] subhalo 311058 done; total_formed=3.838e+00
Building SWIFTGalaxy for subhalo 666393 (soap_index=60879646)
Read masses: Nstars=9779, sum_current=1.400162e+10 Msun
DEBUG: sample z (first valid): [0.23671498 0.23764919 2.15076923 5.7521121  6.59397451 0.42531535
 0.43580755 5.25403187 1.6243793  3.66847129]
DEBUG: Planck15 ages (Gyr): [10.89860723 10.88895869  3.05636984  0.98311873  0.82429231  9.17658467
  9.09277649  1.10273413  3.98883825  1.70721263]
DEBUG: cosmo_colibre ages (Gyr): [10.88101382 10.87140609  3.05779578  0.98504526  0.82617043  9.16563706
  9.08211833  1.10468517  3.98948198  1.70916922]
DEBUG: us.look_back_time -> ages (Gyr): [10.88101382 10.87140609  3.05779578  0.98504527  0.82617043  9.16563706
  9.08211833  1.10468517  3.98948198  1.70916922]
[15/100] subhalo 666393 done; total_formed=2.258e+00
Building SWIFTGalaxy for subhalo 3836916 (soap_index=60913473)
Read masses: Nstars=18155, sum_current=2.383673e+10 Msun
DEBUG: sample z (first valid): [0.15510434 0.15534871 0.16794981 7.39935918 3.82983271 1.52703015
 2.16599034 0.61561976 6.23515125 6.45150654]
DEBUG: Planck15 ages (Gyr): [11.79114978 11.78832386 11.64389614  0.70856887  1.62284533  4.21215678
  3.03483139  7.81740118  0.88636769  0.84804771]
DEBUG: cosmo_colibre ages (Gyr): [11.76961849 11.76680554 11.62303627  0.71039782  1.62481136  4.21255979
  3.03627128  7.81073846  0.88826711  0.84993436]
DEBUG: us.look_back_time -> ages (Gyr): [11.76961849 11.76680554 11.62303627  0.71039782  1.62481136  4.21255979
  3.03627129  7.81073846  0.88826711  0.84993437]
[16/100] subhalo 3836916 done; total_formed=3.976e+00
Building SWIFTGalaxy for subhalo 659448 (soap_index=60952178)
Read masses: Nstars=116316, sum_current=1.457965e+11 Msun
DEBUG: sample z (first valid): [0.6        0.58253646 3.10987081 3.39455509 0.53768184 0.53379517
 0.97754979 0.69168818 3.73765633 5.99647699]
DEBUG: Planck15 ages (Gyr): [7.91717477 8.03102239 2.06382046 1.86814663 8.3350022  8.36215302
 5.95476876 7.35774259 1.67017003 0.93209406]
DEBUG: cosmo_colibre ages (Gyr): [7.91022758 8.02374473 2.06570504 1.87007702 8.32681154 8.35387866
 5.95252777 7.35232798 1.67213114 0.93400717]
DEBUG: us.look_back_time -> ages (Gyr): [7.91022758 8.02374473 2.06570504 1.87007702 8.32681154 8.35387866
 5.95252777 7.35232798 1.67213114 0.93400717]
[17/100] subhalo 659448 done; total_formed=2.449e+01
Building SWIFTGalaxy for subhalo 5280266 (soap_index=61018562)
Read masses: Nstars=28549, sum_current=3.634322e+10 Msun
DEBUG: sample z (first valid): [8.00637433e-01 6.57291426e+00 4.85142857e+00 4.66430424e+00
 3.21534701e+00 6.14099730e-03 1.27145432e+00 1.00073269e+00
 5.67033079e+00 6.28663553e+00]
DEBUG: Planck15 ages (Gyr): [ 6.76803117  0.82773384  1.21825501  1.27896753  1.98753089 13.70937061
  4.90485763  5.85957738  1.00123986  0.87699155]
DEBUG: cosmo_colibre ages (Gyr): [ 6.76406704  0.82961322  1.22022138  1.28093898  1.98943512 13.67837401
  4.90437562  5.85751725  1.00317072  0.87888796]
DEBUG: us.look_back_time -> ages (Gyr): [ 6.76406705  0.82961322  1.22022139  1.28093899  1.98943512 13.67837401
  4.90437562  5.85751726  1.00317072  0.87888796]
[18/100] subhalo 5280266 done; total_formed=6.073e+00
Building SWIFTGalaxy for subhalo 53538 (soap_index=61093857)
Read masses: Nstars=35193, sum_current=4.642423e+10 Msun
DEBUG: sample z (first valid): [0.86712251 3.73765633 6.15458515 2.69050569 5.85594727 7.61522282
 0.3410821  0.60674708 0.74446337 0.04623244]
DEBUG: Planck15 ages (Gyr): [ 6.44321179  1.67017003  0.90137836  2.42096947  0.96088375  0.68208226
  9.8926491   7.87384172  7.06263044 13.15223978]
DEBUG: cosmo_colibre ages (Gyr): [ 6.43997427  1.67213114  0.90328246  2.42273227  0.96280467  0.68389799
  9.87909719  7.86701867  7.05796291 13.12412303]
DEBUG: us.look_back_time -> ages (Gyr): [ 6.43997427  1.67213114  0.90328246  2.42273227  0.96280467  0.683898
  9.87909719  7.86701867  7.05796291 13.12412303]
[19/100] subhalo 53538 done; total_formed=7.739e+00
Building SWIFTGalaxy for subhalo 54055 (soap_index=61134896)
Read masses: Nstars=109896, sum_current=1.451360e+11 Msun
DEBUG: sample z (first valid): [0.88235294 0.35472135 0.35505748 0.24583682 0.35820277 0.20728023
 0.88430132 0.27462269 0.30207423 6.79170134]
DEBUG: Planck15 ages (Gyr): [ 6.37220421  9.77125682  9.76829274 10.80492098  9.7406206  11.20900976
  6.36320826 10.51677425 10.25222591  0.7931073 ]
DEBUG: cosmo_colibre ages (Gyr): [ 6.36911871  9.75816274  9.75520976 10.78772217  9.72764103 11.1900831
  6.36014185 10.50076601 10.23727956  0.79497344]
DEBUG: us.look_back_time -> ages (Gyr): [ 6.36911871  9.75816274  9.75520976 10.78772217  9.72764103 11.1900831
  6.36014185 10.50076601 10.23727956  0.79497345]
[20/100] subhalo 54055 done; total_formed=2.434e+01
Building SWIFTGalaxy for subhalo 2634812 (soap_index=61210312)
Read masses: Nstars=34437, sum_current=4.761854e+10 Msun
DEBUG: sample z (first valid): [ 0.85402286  3.44854738  3.59547016  1.24161992 11.50567694  0.24017864
  8.60445519  0.23895947  0.70506817  0.5560832 ]
DEBUG: Planck15 ages (Gyr): [ 6.50527341  1.83448658  1.74779636  4.9975163   0.3896036  10.86289631
  0.57934699 10.87544692  7.28116117  8.2082365 ]
DEBUG: cosmo_colibre ages (Gyr): [ 6.50190102  1.83642332  1.74974734  4.99689963  0.39120355 10.84545374
  0.58110321 10.8579514   7.27594451  8.20043198]
DEBUG: us.look_back_time -> ages (Gyr): [ 6.50190103  1.83642333  1.74974734  4.99689963  0.39120355 10.84545374
  0.58110321 10.8579514   7.27594451  8.20043198]
[21/100] subhalo 2634812 done; total_formed=7.881e+00
Building SWIFTGalaxy for subhalo 144765 (soap_index=61261274)
Read masses: Nstars=68866, sum_current=8.940759e+10 Msun
DEBUG: sample z (first valid): [0.22141047 0.07450157 0.0509975  0.04038608 0.53178758 0.05689588
 0.01871541 0.04197405 0.04938193 0.04250445]
DEBUG: Planck15 ages (Gyr): [11.05843753 12.77833428 13.08814538 13.2314825   8.37622924 13.00941303
 13.53112698 13.20989264 13.10982705 13.20269239]
DEBUG: cosmo_colibre ages (Gyr): [11.04016254 12.75209233 13.06035339 13.20296234  8.36791134 12.98201807
 13.50106267 13.1814826  13.08192535 13.17431903]
DEBUG: us.look_back_time -> ages (Gyr): [11.04016254 12.75209234 13.06035339 13.20296234  8.36791134 12.98201807
 13.50106267 13.1814826  13.08192535 13.17431903]
[22/100] subhalo 144765 done; total_formed=1.496e+01
Building SWIFTGalaxy for subhalo 1355211 (soap_index=61261284)
Read masses: Nstars=16864, sum_current=2.215887e+10 Msun
DEBUG: sample z (first valid): [0.77431232 0.79472012 0.93778829 5.23202739 1.22805467 1.30387401
 1.42510361 1.24622978 0.78747545 1.28523607]
DEBUG: Planck15 ages (Gyr): [6.90368606 6.79816298 6.12377316 1.10857096 5.04057237 4.80723872
 4.46837843 4.98301781 6.83533668 4.86297625]
DEBUG: cosmo_colibre ages (Gyr): [6.89940329 6.79412886 6.12120035 1.11052296 5.0398918  4.80689437
 4.46847877 4.98242247 6.83121558 4.86255383]
DEBUG: us.look_back_time -> ages (Gyr): [6.89940329 6.79412886 6.12120036 1.11052297 5.0398918  4.80689438
 4.46847878 4.98242248 6.83121558 4.86255383]
[23/100] subhalo 1355211 done; total_formed=3.714e+00
Building SWIFTGalaxy for subhalo 54277 (soap_index=61282264)
Read masses: Nstars=110350, sum_current=1.395124e+11 Msun
DEBUG: sample z (first valid): [4.24917901 5.18147519 6.49668268 3.89403331 1.25070403 6.83923445
 1.39707388 5.50352287 6.18360189 0.89191686]
DEBUG: Planck15 ages (Gyr): [1.43312319 1.12217629 0.84039302 1.59118054 4.96900978 0.78590204
 4.54325044 1.03996892 0.89592376 6.32823513]
DEBUG: cosmo_colibre ages (Gyr): [1.43509908 1.12413046 0.84227697 1.59314933 4.96843496 0.78776529
 4.54325692 1.04190827 0.89782618 6.32524255]
DEBUG: us.look_back_time -> ages (Gyr): [1.43509908 1.12413046 0.84227698 1.59314933 4.96843496 0.78776529
 4.54325692 1.04190828 0.89782618 6.32524255]
[24/100] subhalo 54277 done; total_formed=2.334e+01
Building SWIFTGalaxy for subhalo 3976611 (soap_index=61282306)
Read masses: Nstars=56898, sum_current=7.950025e+10 Msun
DEBUG: sample z (first valid): [0.61164667 0.63464033 0.7603954  0.66149478 0.61243972 0.67149561
 0.5286434  3.89915527 3.4755856  0.51409297]
DEBUG: Planck15 ages (Gyr): [7.84259871 7.69845499 6.97710103 7.53514174 7.83755931 7.47566686
 8.3983462  1.58869844 1.81800549 8.50184563]
DEBUG: cosmo_colibre ages (Gyr): [7.8358646  7.6921251  6.97264207 7.52925762 7.8308395  7.46994186
 8.38995971 1.59066742 1.81994517 8.49313504]
DEBUG: us.look_back_time -> ages (Gyr): [7.8358646  7.6921251  6.97264207 7.52925762 7.8308395  7.46994186
 8.38995972 1.59066743 1.81994517 8.49313504]
[25/100] subhalo 3976611 done; total_formed=1.320e+01
Building SWIFTGalaxy for subhalo 55028 (soap_index=61299497)
Read masses: Nstars=26804, sum_current=3.494172e+10 Msun
DEBUG: sample z (first valid): [9.14567691 3.86424701 1.31559607 0.79826583 0.48392356 0.78203176
 5.77304671 4.26520447 5.39875024 0.6631814 ]
DEBUG: Planck15 ages (Gyr): [0.53354024 1.60574317 4.77270414 6.7800829  8.7226121  6.86347596
 0.97856748 1.42660982 1.06558571 7.52506098]
DEBUG: cosmo_colibre ages (Gyr): [0.53526505 1.60771074 4.77240746 6.77609083 8.71319318 6.85928857
 0.98049289 1.42858575 1.06753013 7.51920395]
DEBUG: us.look_back_time -> ages (Gyr): [0.53526505 1.60771075 4.77240746 6.77609083 8.71319318 6.85928858
 0.98049289 1.42858576 1.06753013 7.51920395]
[26/100] subhalo 55028 done; total_formed=5.812e+00
Building SWIFTGalaxy for subhalo 1386145 (soap_index=61303856)
Read masses: Nstars=27773, sum_current=3.729143e+10 Msun
DEBUG: sample z (first valid): [3.53976171 3.00880842 6.37602701 4.23325082 0.81862582 4.46133333
 7.40797999 3.87401458 3.74726548 5.39875024]
DEBUG: Planck15 ages (Gyr): [1.77985297 2.14156459 0.86109837 1.43964604 6.67768753 1.35071033
 0.70747849 1.60094352 1.66513044 1.06558571]
DEBUG: cosmo_colibre ages (Gyr): [1.78179905 2.14342681 0.86298951 1.44162186 6.67393065 1.3526853
 0.70930691 1.60291151 1.66709211 1.06753013]
DEBUG: us.look_back_time -> ages (Gyr): [1.78179905 2.14342681 0.86298951 1.44162186 6.67393066 1.35268531
 0.70930692 1.60291151 1.66709212 1.06753013]
[27/100] subhalo 1386145 done; total_formed=6.180e+00
Building SWIFTGalaxy for subhalo 2653531 (soap_index=61305440)
Read masses: Nstars=18278, sum_current=2.439710e+10 Msun
DEBUG: sample z (first valid): [5.95415959 2.52192605 3.29744262 4.18030195 0.07527729 3.29744262
 0.08791501 0.32610279 3.81988674 0.01637717]
DEBUG: Planck15 ages (Gyr): [ 0.94061105  2.59421954  1.93132052  1.46168724 12.7682862   1.93132052
 12.60614196 10.0285229   1.62784424 13.56402516]
DEBUG: cosmo_colibre ages (Gyr): [ 0.94252653  2.59590577  1.93323777  1.46366269 12.74209398  1.93323777
 12.58074713 10.01445076  1.62980979 13.53378954]
DEBUG: us.look_back_time -> ages (Gyr): [ 0.94252654  2.59590577  1.93323777  1.46366269 12.74209398  1.93323777
 12.58074713 10.01445077  1.62980979 13.53378954]
[28/100] subhalo 2653531 done; total_formed=4.060e+00
Building SWIFTGalaxy for subhalo 688537 (soap_index=61339793)
Read masses: Nstars=29380, sum_current=4.039147e+10 Msun
DEBUG: sample z (first valid): [1.87035739 1.62164973 2.20563491 5.94016732 0.74446337 1.45361288
 0.96145098 1.41384899 1.3059817  0.89498034]
DEBUG: Planck15 ages (Gyr): [3.50266026 3.99483719 2.97988382 0.94345568 7.06263044 4.39423741
 6.02230611 4.49820176 4.80099982 6.31425091]
DEBUG: cosmo_colibre ages (Gyr): [3.50375577 3.99547473 2.98135852 0.94537194 7.05796291 4.39442828
 6.01993416 4.49826501 4.80066412 6.31128768]
DEBUG: us.look_back_time -> ages (Gyr): [3.50375577 3.99547473 2.98135852 0.94537195 7.05796291 4.39442828
 6.01993416 4.49826502 4.80066412 6.31128768]
[29/100] subhalo 688537 done; total_formed=6.716e+00
Building SWIFTGalaxy for subhalo 9506298 (soap_index=61353439)
Read masses: Nstars=135068, sum_current=1.867322e+11 Msun
DEBUG: sample z (first valid): [0.920075   3.70399081 6.06816221 1.46357417 5.05693161 1.32035123
 3.42601472 1.12958991 6.48127854 1.15295664]
DEBUG: Planck15 ages (Gyr): [6.20148838 1.68802698 0.91795561 4.36879725 1.15690478 4.7588078
 1.84841103 5.37158148 0.84299017 5.28997063]
DEBUG: cosmo_colibre ages (Gyr): [6.1987584  1.68998598 0.91986466 4.36901863 1.15886397 4.75853015
 1.8503452  5.37038111 0.84487504 5.28890312]
DEBUG: us.look_back_time -> ages (Gyr): [6.1987584  1.68998599 0.91986466 4.36901863 1.15886398 4.75853015
 1.8503452  5.37038111 0.84487505 5.28890312]
[30/100] subhalo 9506298 done; total_formed=3.092e+01
Building SWIFTGalaxy for subhalo 1392398 (soap_index=61389327)
Read masses: Nstars=153059, sum_current=1.973171e+11 Msun
DEBUG: sample z (first valid): [2.66245669 0.42160521 0.85025409 5.74863557 1.15239096 1.38364734
 0.34240066 0.7626681  0.76856649 1.09420336]
DEBUG: Planck15 ages (Gyr): [2.44845302 9.2064936  6.52330045 0.98387794 5.29192305 4.57983052
 9.88081769 6.96503016 6.93385184 5.49902252]
DEBUG: cosmo_colibre ages (Gyr): [2.45020443 9.19544191 6.51988854 0.98580466 5.2908524  4.57979024
 9.86731069 6.96060035 6.92949699 5.49760844]
DEBUG: us.look_back_time -> ages (Gyr): [2.45020444 9.19544191 6.51988855 0.98580467 5.29085241 4.57979024
 9.86731069 6.96060035 6.929497   5.49760844]
[31/100] subhalo 1392398 done; total_formed=3.280e+01
Building SWIFTGalaxy for subhalo 329535 (soap_index=61411146)
Read masses: Nstars=32385, sum_current=4.277093e+10 Msun
DEBUG: sample z (first valid): [2.63362165 3.25420318 0.94169234 0.79747669 0.75417559 0.52409302
 1.23596042 0.26693474 4.05055487 1.73659596]
DEBUG: Planck15 ages (Gyr): [ 2.47724624  1.96059392  6.10684905  6.78410044  7.01030101  8.43051004
  5.01540808 10.5926341   1.51812861  3.7542812 ]
DEBUG: cosmo_colibre ages (Gyr): [ 2.47898541  1.96250454  6.10431009  6.78009904  7.00576151  8.42202338
  5.01476496 10.57631583  1.52010208  3.75515509]
DEBUG: us.look_back_time -> ages (Gyr): [ 2.47898542  1.96250454  6.10431009  6.78009904  7.00576151  8.42202339
  5.01476496 10.57631583  1.52010208  3.75515509]
[32/100] subhalo 329535 done; total_formed=7.077e+00
Building SWIFTGalaxy for subhalo 335064 (soap_index=61444707)
Read masses: Nstars=130632, sum_current=1.644955e+11 Msun
DEBUG: sample z (first valid): [4.98392988 1.93383472 0.57115458 6.83923445 4.780718   0.92503819
 3.7676415  0.943074   2.35188216 1.68018976]
DEBUG: Planck15 ages (Gyr): [1.17809937 3.39270234 8.10655777 0.78590204 1.24062376 6.17955835
 1.65452702 6.10087704 2.79062635 3.86930484]
DEBUG: cosmo_colibre ages (Gyr): [1.18006128 3.39388662 8.09905739 0.78776529 1.24259223 6.17687302
 1.65648986 6.09835    2.79221198 3.87006873]
DEBUG: us.look_back_time -> ages (Gyr): [1.18006128 3.39388662 8.09905739 0.78776529 1.24259224 6.17687302
 1.65648986 6.09835    2.79221198 3.87006874]
[33/100] subhalo 335064 done; total_formed=2.756e+01
Building SWIFTGalaxy for subhalo 58529 (soap_index=61478500)
Read masses: Nstars=74437, sum_current=1.038831e+11 Msun
DEBUG: sample z (first valid): [0.87096037 0.99246017 3.728086   5.21901689 4.29755072 5.55622249
 5.69076059 0.65461523 6.97566022 1.47492447]
DEBUG: Planck15 ages (Gyr): [6.42520334 5.89326957 1.67521442 1.11204625 1.4136116  1.02746802
 0.99666131 7.57647367 0.76581493 4.3400972 ]
DEBUG: cosmo_colibre ages (Gyr): [6.42200461 5.89114592 1.67717494 1.11399882 1.41558756 1.02940474
 0.9985911  7.57047795 0.76766985 4.34035265]
DEBUG: us.look_back_time -> ages (Gyr): [6.42200461 5.89114592 1.67717494 1.11399883 1.41558757 1.02940474
 0.99859111 7.57047796 0.76766986 4.34035266]
[34/100] subhalo 58529 done; total_formed=1.713e+01
Building SWIFTGalaxy for subhalo 424 (soap_index=61548183)
Read masses: Nstars=45326, sum_current=6.183035e+10 Msun
DEBUG: sample z (first valid): [1.73796791 2.91821117 1.54765977 6.42870097 1.58280129 2.15623194
 0.24526868 1.33191005 1.28762915 3.59547016]
DEBUG: Planck15 ages (Gyr): [ 3.75155279  2.21545717  4.16317394  0.85195603  4.08182244  3.04861121
 10.81072215  4.72529703  4.85576205  1.74779636]
DEBUG: cosmo_colibre ages (Gyr): [ 3.75242922  2.217296    4.16363157  0.85384404  4.08236852  3.05004219
 10.79349901  4.72506491  4.85534981  1.74974734]
DEBUG: us.look_back_time -> ages (Gyr): [ 3.75242922  2.217296    4.16363157  0.85384405  4.08236853  3.05004219
 10.79349901  4.72506492  4.85534982  1.74974734]
[35/100] subhalo 424 done; total_formed=1.024e+01
Building SWIFTGalaxy for subhalo 2705158 (soap_index=61597244)
Read masses: Nstars=23380, sum_current=3.204163e+10 Msun
DEBUG: sample z (first valid): [5.82808919 5.42761867 4.26520447 0.29949239 5.36580864 5.14380801
 3.41915037 4.21991239 5.11914099 2.71308782]
DEBUG: Planck15 ages (Gyr): [ 0.9667666   1.05842364  1.42660982 10.27669316  1.07385714  1.13249512
  1.85268775  1.44514631  1.13933827  2.39920963]
DEBUG: cosmo_colibre ages (Gyr): [ 0.96868904  1.06036669  1.42858575 10.26164986  1.07580311  1.13445086
  1.85462111  1.44712205  1.14129501  2.40098123]
DEBUG: us.look_back_time -> ages (Gyr): [ 0.96868904  1.06036669  1.42858576 10.26164987  1.07580311  1.13445086
  1.85462111  1.44712206  1.14129501  2.40098124]
[36/100] subhalo 2705158 done; total_formed=5.323e+00
Building SWIFTGalaxy for subhalo 154926 (soap_index=61637922)
Read masses: Nstars=52004, sum_current=7.011229e+10 Msun
DEBUG: sample z (first valid): [0.91513735 2.16262909 0.96852097 0.87202925 1.03755752 3.85451852
 3.89403331 2.80846118 3.72297492 3.20264204]
DEBUG: Planck15 ages (Gyr): [6.22342634 3.03956627 5.9924993  6.42020177 5.71320576 1.61054736
 1.59118054 2.31076571 1.67791874 1.99647152]
DEBUG: cosmo_colibre ages (Gyr): [6.22065146 3.04100312 5.99018542 6.41701378 5.71141533 1.61251451
 1.59314933 2.31257127 1.67987894 1.99837356]
DEBUG: us.look_back_time -> ages (Gyr): [6.22065146 3.04100312 5.99018542 6.41701379 5.71141533 1.61251452
 1.59314933 2.31257128 1.67987895 1.99837356]
[37/100] subhalo 154926 done; total_formed=1.167e+01
Building SWIFTGalaxy for subhalo 12616327 (soap_index=61663961)
Read masses: Nstars=74573, sum_current=1.005922e+11 Msun
DEBUG: sample z (first valid): [0.45674402 0.56874761 1.28986723 9.39593909 2.66041108 4.89936088
 8.7219997  1.11447377 0.41375442 0.54975407]
DEBUG: Planck15 ages (Gyr): [8.92889627 8.12266871 4.8490306  0.51435617 2.45047747 1.20346989
 0.56885572 5.42544338 9.27025841 8.25150869]
DEBUG: cosmo_colibre ages (Gyr): [8.91879467 8.11512047 4.84862784 0.51606678 2.45222803 1.20543472
 0.57060504 5.42415362 9.25898343 8.24357322]
DEBUG: us.look_back_time -> ages (Gyr): [8.91879468 8.11512048 4.84862785 0.51606678 2.45222804 1.20543473
 0.57060504 5.42415362 9.25898343 8.24357323]
[38/100] subhalo 12616327 done; total_formed=1.677e+01
Building SWIFTGalaxy for subhalo 5972 (soap_index=61684973)
Read masses: Nstars=34819, sum_current=4.602097e+10 Msun
DEBUG: sample z (first valid): [4.217419   1.27602973 7.50233524 0.70933751 0.82592221 2.2210754
 0.1968734  4.24917901 4.64138762 5.3148969 ]
DEBUG: Planck15 ages (Gyr): [ 1.44617835  4.89088981  0.69572429  7.2569816   6.64157325  2.95892256
 11.32179106  1.43312319  1.28674765  1.08685229]
DEBUG: cosmo_colibre ages (Gyr): [ 1.44815408  4.89042776  0.69754692  7.25182684  6.63789811  2.96041022
 11.30237028  1.43509908  1.28871961  1.0888006 ]
DEBUG: us.look_back_time -> ages (Gyr): [ 1.44815409  4.89042776  0.69754693  7.25182685  6.63789811  2.96041022
 11.30237028  1.43509908  1.28871961  1.08880061]
[39/100] subhalo 5972 done; total_formed=7.709e+00
Building SWIFTGalaxy for subhalo 634544 (soap_index=61765922)
Read masses: Nstars=97676, sum_current=1.259544e+11 Msun
DEBUG: sample z (first valid): [4.41172585 5.1937435  5.13116288 2.94509993 1.87918461 1.44500821
 6.03931257 2.52913301 6.96306197 1.29692976]
DEBUG: Planck15 ages (Gyr): [1.36926441 1.11884908 1.13599459 2.19309243 3.48702461 4.41640517
 0.92360249 2.58640005 0.76763394 4.82788599]
DEBUG: cosmo_colibre ages (Gyr): [1.37123987 1.12080273 1.13795085 2.19493856 3.48813303 4.41656922
 0.92551318 2.58808998 0.76948964 4.82751288]
DEBUG: us.look_back_time -> ages (Gyr): [1.37123988 1.12080274 1.13795085 2.19493856 3.48813304 4.41656923
 0.92551318 2.58808999 0.76948964 4.82751288]
[40/100] subhalo 634544 done; total_formed=2.113e+01
Building SWIFTGalaxy for subhalo 2437497 (soap_index=61841825)
Read masses: Nstars=16973, sum_current=2.299087e+10 Msun
DEBUG: sample z (first valid): [0.0246404  0.58238362 5.99647699 0.10240883 2.25725646 1.82555833
 0.10240883 0.09066702 1.70474618 0.32214332]
DEBUG: Planck15 ages (Gyr): [13.44826365  8.03202969  0.93209406 12.42373765  2.91073996  3.5838008
 12.42373765 12.57121846  3.81853685 10.06489309]
DEBUG: cosmo_colibre ages (Gyr): [13.41862929  8.02474907  0.93400717 12.39922869  2.91225679  3.58482767
 12.39922869 12.54599417  3.81934997 10.05068031]
DEBUG: us.look_back_time -> ages (Gyr): [13.41862929  8.02474907  0.93400717 12.3992287   2.91225679  3.58482767
 12.3992287  12.54599417  3.81934997 10.05068031]
[41/100] subhalo 2437497 done; total_formed=3.846e+00
Building SWIFTGalaxy for subhalo 301044 (soap_index=61888224)
Read masses: Nstars=60350, sum_current=8.192298e+10 Msun
DEBUG: sample z (first valid): [4.89936088 1.99005384 6.36111423 2.34333231 8.24083474 7.5544968
 0.84027856 2.97428745 1.50271137 1.16119245]
DEBUG: Planck15 ages (Gyr): [1.20346989 3.29993534 0.86371635 2.80114246 0.61392744 0.68936492
 6.57139188 2.16923426 4.27110258 5.26167354]
DEBUG: cosmo_colibre ages (Gyr): [1.20543472 3.30119074 0.86560837 2.80272229 0.61570527 0.69118437
 6.56787376 2.17108797 4.27143848 5.26065138]
DEBUG: us.look_back_time -> ages (Gyr): [1.20543473 3.30119074 0.86560837 2.80272229 0.61570527 0.69118437
 6.56787376 2.17108797 4.27143848 5.26065138]
[42/100] subhalo 301044 done; total_formed=1.370e+01
Building SWIFTGalaxy for subhalo 137019 (soap_index=61988014)
Read masses: Nstars=12316, sum_current=1.624926e+10 Msun
DEBUG: sample z (first valid): [ 4.38947368  2.51474847 11.03268154  0.40442311  0.71452491  4.72216886
  5.24449738  4.55060557  4.1643814   1.8807033 ]
DEBUG: Planck15 ages (Gyr): [1.3777249  2.60204585 0.41286247 9.34689946 7.22776757 1.25966626
 1.10525693 1.31835365 1.46842415 3.484346  ]
DEBUG: cosmo_colibre ages (Gyr): [1.37970054 2.60372836 0.41448582 9.33535362 7.22268722 1.26163631
 1.10720839 1.32032736 1.47039943 3.48545663]
DEBUG: us.look_back_time -> ages (Gyr): [1.37970054 2.60372836 0.41448582 9.33535362 7.22268723 1.26163632
 1.1072084  1.32032737 1.47039944 3.48545664]
[43/100] subhalo 137019 done; total_formed=2.712e+00
Building SWIFTGalaxy for subhalo 12092151 (soap_index=62097970)
Read masses: Nstars=21445, sum_current=3.095258e+10 Msun
DEBUG: sample z (first valid): [5.34669766 2.99463611 3.05996779 9.89271171 7.         0.98353511
 2.85914498 4.09690465 5.82808919 1.56842765]
DEBUG: Planck15 ages (Gyr): [1.07870479 2.15285328 2.10161626 0.47950685 0.76232083 5.92996145
 2.26592766 1.49755732 0.9667666  4.11478422]
DEBUG: cosmo_colibre ages (Gyr): [1.08065165 2.15471207 2.10349026 0.48118995 0.76417426 5.927768
 2.26774931 1.49953168 0.96868904 4.11529481]
DEBUG: us.look_back_time -> ages (Gyr): [1.08065165 2.15471207 2.10349026 0.48118995 0.76417426 5.92776801
 2.26774931 1.49953168 0.96868904 4.11529481]
[44/100] subhalo 12092151 done; total_formed=5.086e+00
Building SWIFTGalaxy for subhalo 309673 (soap_index=62146472)
Read masses: Nstars=71056, sum_current=9.385218e+10 Msun
DEBUG: sample z (first valid): [5.92549931 0.83718322 0.87868364 0.64630225 2.13299551 5.1565054
 0.66571777 0.37058725 0.97540391 5.50352287]
DEBUG: Planck15 ages (Gyr): [0.94645306 6.58642606 6.38919968 7.62687941 3.08183857 1.12899916
 7.50994003 9.63277129 5.96370241 1.03996892]
DEBUG: cosmo_colibre ages (Gyr): [0.94837014 6.58287449 6.38607802 7.62074648 3.08324777 1.13095437
 7.50412354 9.62019144 5.96144422 1.04190827]
DEBUG: us.look_back_time -> ages (Gyr): [0.94837015 6.5828745  6.38607802 7.62074648 3.08324777 1.13095437
 7.50412354 9.62019144 5.96144422 1.04190828]
[45/100] subhalo 309673 done; total_formed=1.567e+01
Building SWIFTGalaxy for subhalo 2533171 (soap_index=62173397)
Read masses: Nstars=43646, sum_current=6.113481e+10 Msun
DEBUG: sample z (first valid): [3.8248546  2.3802352  4.02499617 1.07931975 1.72453646 2.56872141
 2.02287823 3.80539669 6.22796956 1.93068599]
DEBUG: Planck15 ages (Gyr): [1.62534418 2.75621222 1.52967345 5.55405704 3.77840308 2.54412966
 3.24766854 1.63517282 0.88768883 3.39802349]
DEBUG: cosmo_colibre ages (Gyr): [1.62730997 2.75781654 1.53164634 5.55254832 3.77925436 2.5458392
 3.24896251 1.63713766 0.88958867 3.39920359]
DEBUG: us.look_back_time -> ages (Gyr): [1.62730997 2.75781655 1.53164635 5.55254832 3.77925437 2.54583921
 3.24896251 1.63713766 0.88958867 3.39920359]
[46/100] subhalo 2533171 done; total_formed=1.013e+01
Building SWIFTGalaxy for subhalo 54478 (soap_index=62425318)
Read masses: Nstars=42803, sum_current=6.029370e+10 Msun
DEBUG: sample z (first valid): [1.10374936 0.35505748 1.44994393 0.76570751 1.03654444 0.85402286
 0.4051458  1.56060014 0.32139689 0.0704299 ]
DEBUG: Planck15 ages (Gyr): [ 5.46417652  9.76829274  4.40366762  6.94893726  5.71715535  6.50527341
  9.34093048  4.13291546 10.07177104 12.83125929]
DEBUG: cosmo_colibre ages (Gyr): [ 5.46282163  9.75520976  4.40384711  6.9445462   5.71535778  6.50190102
  9.32940583  4.13340632 10.05753161 12.8047549 ]
DEBUG: us.look_back_time -> ages (Gyr): [ 5.46282163  9.75520976  4.40384711  6.9445462   5.71535778  6.50190103
  9.32940583  4.13340632 10.05753161 12.8047549 ]
[47/100] subhalo 54478 done; total_formed=9.907e+00
Building SWIFTGalaxy for subhalo 333482 (soap_index=62492298)
Read masses: Nstars=25616, sum_current=3.462841e+10 Msun
DEBUG: sample z (first valid): [1.06334614 1.20749124 1.10118628 1.06386597 2.17796528 1.72136866
 1.18905739 1.00122145 1.52898047 1.05287558]
DEBUG: Planck15 ages (Gyr): [5.61409501 5.10697565 5.47349826 5.6121251  3.01806036 3.78478115
 5.16769232 5.85759623 4.20748627 5.65400643]
DEBUG: cosmo_colibre ages (Gyr): [5.61248142 5.10619486 5.4721276  5.61051498 3.01951101 3.78562641
 5.16681811 5.85553983 4.20789453 5.65232218]
DEBUG: us.look_back_time -> ages (Gyr): [5.61248143 5.10619486 5.4721276  5.61051498 3.01951101 3.78562641
 5.16681811 5.85553983 4.20789454 5.65232219]
[48/100] subhalo 333482 done; total_formed=5.776e+00
Building SWIFTGalaxy for subhalo 699898 (soap_index=62492305)
Read masses: Nstars=40463, sum_current=5.350736e+10 Msun
DEBUG: sample z (first valid): [ 1.46616994  1.34576562  4.81611644  0.59859498  0.55210307  1.11775351
  1.17222406  0.96239071 11.21774795  0.10912537]
DEBUG: Planck15 ages (Gyr): [ 4.36220679  4.68562243  1.2293413   7.92624382  8.23540866  5.41368465
  5.22414493  6.01833088  0.40349386 12.34047293]
DEBUG: cosmo_colibre ages (Gyr): [ 4.36243602  4.68544357  1.23130875  7.91927054  8.22752202  5.41241452
  5.22318234  6.01596671  0.40510796 12.31636438]
DEBUG: us.look_back_time -> ages (Gyr): [ 4.36243602  4.68544357  1.23130875  7.91927054  8.22752202  5.41241452
  5.22318234  6.01596671  0.40510797 12.31636438]
[49/100] subhalo 699898 done; total_formed=8.903e+00
Building SWIFTGalaxy for subhalo 3934680 (soap_index=62492372)
Read masses: Nstars=58824, sum_current=8.068977e+10 Msun
DEBUG: sample z (first valid): [0.42531535 1.20838388 0.41840533 0.3402045  0.46508093 1.01910161
 2.62077348 1.17655264 0.90356686 0.79472012]
DEBUG: Planck15 ages (Gyr): [9.17658467 5.10406434 9.23240484 9.90053528 8.86485719 5.78583708
 2.4902557  5.20953536 6.2753104  6.79816298]
DEBUG: cosmo_colibre ages (Gyr): [9.16563706 5.10328798 9.22126264 9.8869534  8.85496967 5.7839141
 2.49198925 5.20859578 6.27242841 6.79412886]
DEBUG: us.look_back_time -> ages (Gyr): [9.16563706 5.10328798 9.22126264 9.8869534  8.85496967 5.7839141
 2.49198925 5.20859578 6.27242841 6.79412886]
[50/100] subhalo 3934680 done; total_formed=1.346e+01
Building SWIFTGalaxy for subhalo 3944677 (soap_index=62549714)
Read masses: Nstars=7267, sum_current=9.764489e+09 Msun
DEBUG: sample z (first valid): [1.66970833 1.57812746 2.51474847 3.05795666 1.7956659  2.76038559
 2.40694531 2.07334459 2.02566944 3.51910081]
DEBUG: Planck15 ages (Gyr): [3.89130795 4.09249361 2.60204585 2.10316338 3.63965717 2.35466422
 2.72442473 3.16990377 3.24328645 1.79199011]
DEBUG: cosmo_colibre ages (Gyr): [3.89205017 4.09302826 2.60372836 2.10503693 3.64063523 2.3564533
 2.72604592 3.17125312 3.2445836  1.79393421]
DEBUG: us.look_back_time -> ages (Gyr): [3.89205017 4.09302826 2.60372836 2.10503693 3.64063523 2.3564533
 2.72604592 3.17125312 3.2445836  1.79393422]
[51/100] subhalo 3944677 done; total_formed=1.635e+00
Building SWIFTGalaxy for subhalo 55990 (soap_index=62560342)
Read masses: Nstars=111265, sum_current=1.519446e+11 Msun
DEBUG: sample z (first valid): [4.49475979 8.07323827 0.92798305 1.87186678 1.06568745 6.11111111
 1.38486172 0.04516458 4.22240816 1.51153522]
DEBUG: Planck15 ages (Gyr): [ 1.33844214  0.63103835  6.16660348  3.4999786   5.60523119  0.9096546
  4.57650261 13.16666388  1.4441145   4.24956186]
DEBUG: cosmo_colibre ages (Gyr): [ 1.3404167   0.63282625  6.16394441  3.50107633  5.60363319  0.9115612
  4.5764666  13.13847386  1.44609026  4.24992246]
DEBUG: us.look_back_time -> ages (Gyr): [ 1.3404167   0.63282625  6.16394441  3.50107633  5.60363319  0.9115612
  4.57646661 13.13847386  1.44609026  4.24992247]
[52/100] subhalo 55990 done; total_formed=2.525e+01
Building SWIFTGalaxy for subhalo 678601 (soap_index=62590100)
Read masses: Nstars=57015, sum_current=7.847697e+10 Msun
DEBUG: sample z (first valid): [0.12899669 3.20264204 5.1937435  3.4755856  3.61423643 2.01842299
 1.1306977  0.43329542 7.5544968  7.1558086 ]
DEBUG: Planck15 ages (Gyr): [12.09870407  1.99647152  1.11884908  1.81800549  1.7372122   3.25468316
  5.3676675   9.11273912  0.68936492  0.74056783]
DEBUG: cosmo_colibre ages (Gyr): [12.07574373  1.99837356  1.12080273  1.81994517  1.73916471  3.25597201
  5.36647357  9.10201231  0.69118437  0.74241172]
DEBUG: us.look_back_time -> ages (Gyr): [12.07574373  1.99837356  1.12080274  1.81994517  1.73916471  3.25597201
  5.36647357  9.10201231  0.69118437  0.74241172]
[53/100] subhalo 678601 done; total_formed=1.298e+01
Building SWIFTGalaxy for subhalo 702957 (soap_index=62617917)
Read masses: Nstars=28842, sum_current=3.982955e+10 Msun
DEBUG: sample z (first valid): [5.54313099 5.34669766 6.08267589 7.78322053 5.99647699 5.94016732
 5.1565054  4.76901408 4.41709373 0.28764539]
DEBUG: Planck15 ages (Gyr): [ 1.03055007  1.07870479  0.91513642  0.66258719  0.93209406  0.94345568
  1.12899916  1.24439198  1.36723638 10.39005688]
DEBUG: cosmo_colibre ages (Gyr): [ 1.03248745  1.08065165  0.91704465  0.66439267  0.93400717  0.94537194
  1.13095437  1.24636078  1.3692118  10.37456104]
DEBUG: us.look_back_time -> ages (Gyr): [ 1.03248745  1.08065165  0.91704465  0.66439268  0.93400717  0.94537195
  1.13095437  1.24636078  1.3692118  10.37456104]
[54/100] subhalo 702957 done; total_formed=6.639e+00
Building SWIFTGalaxy for subhalo 329257 (soap_index=62622001)
Read masses: Nstars=31379, sum_current=4.111243e+10 Msun
DEBUG: sample z (first valid): [1.70765163 0.67234868 1.11338278 4.71070059 1.0293553  0.983295
 0.80838852 6.24234722 0.7603954  8.01830191]
DEBUG: Planck15 ages (Gyr): [3.81260157 7.47062682 5.42936382 1.26345305 5.74530671 5.9309535
 6.72887244 0.8850472  6.97710103 0.63682034]
DEBUG: cosmo_colibre ages (Gyr): [3.81342037 7.46491523 5.4280675  1.26542339 5.743458   5.92875816
 6.72499864 0.88694619 6.97264207 0.63861156]
DEBUG: us.look_back_time -> ages (Gyr): [3.81342038 7.46491523 5.4280675  1.26542339 5.743458   5.92875816
 6.72499864 0.8869462  6.97264207 0.63861156]
[55/100] subhalo 329257 done; total_formed=6.898e+00
Building SWIFTGalaxy for subhalo 707141 (soap_index=62707881)
Read masses: Nstars=20524, sum_current=2.833324e+10 Msun
DEBUG: sample z (first valid): [4.92014453 3.13502429 4.243719   1.05005005 5.86960168 4.20126984
 2.4094267  0.79099257 2.15623194 4.02499617]
DEBUG: Planck15 ages (Gyr): [1.19715132 2.04519303 1.43535363 5.66485333 0.95802201 1.45289238
 2.72150222 6.81725068 3.04861121 1.52967345]
DEBUG: cosmo_colibre ages (Gyr): [1.19911546 2.0470826  1.43732949 5.66314975 0.95994218 1.45486801
 2.72312494 6.81317198 3.05004219 1.53164634]
DEBUG: us.look_back_time -> ages (Gyr): [1.19911547 2.04708261 1.4373295  5.66314976 0.95994218 1.45486801
 2.72312494 6.81317198 3.05004219 1.53164635]
[56/100] subhalo 707141 done; total_formed=4.702e+00
Building SWIFTGalaxy for subhalo 154001 (soap_index=62723637)
Read masses: Nstars=103313, sum_current=1.386814e+11 Msun
DEBUG: sample z (first valid): [8.37299771 5.06927209 0.57994214 2.61997349 2.263095   4.1909703
 0.83245722 0.76799396 6.40603458 0.59859498]
DEBUG: Planck15 ages (Gyr): [0.60097084 1.1533845  8.04814585 2.49106946 2.90308519 1.45720147
 6.60948348 6.93686879 0.85587025 7.92624382]
DEBUG: cosmo_colibre ages (Gyr): [0.60274077 1.15534322 8.04081794 2.49280265 2.90460656 1.45917701
 6.60588043 6.93250671 0.85775961 7.91927054]
DEBUG: us.look_back_time -> ages (Gyr): [0.60274077 1.15534322 8.04081794 2.49280265 2.90460657 1.45917702
 6.60588043 6.93250671 0.85775961 7.91927054]
[57/100] subhalo 154001 done; total_formed=2.312e+01
Building SWIFTGalaxy for subhalo 709334 (soap_index=62759735)
Read masses: Nstars=60256, sum_current=8.085587e+10 Msun
DEBUG: sample z (first valid): [1.76419904e-01 2.49711846e+00 3.12185297e-02 6.50026001e-02
 1.03867538e-03 1.58730159e-02 5.85346944e-02 4.01461474e+00
 8.24524313e-02 1.35648437e-01]
DEBUG: Planck15 ages (Gyr): [11.54822926  2.62143494 13.35709675 12.90228621 13.78263454 13.57113312
 12.98765622  1.53440436 12.67586948 12.01927334]
DEBUG: cosmo_colibre ages (Gyr): [11.52780108  2.62310811 13.32793284 12.87542807 13.75125182 13.54086044
 12.9603706   1.53637699 12.65013288 11.9966855 ]
DEBUG: us.look_back_time -> ages (Gyr): [11.52780108  2.62310811 13.32793284 12.87542807 13.75125182 13.54086044
 12.9603706   1.53637699 12.65013288 11.9966855 ]
[58/100] subhalo 709334 done; total_formed=1.352e+01
Building SWIFTGalaxy for subhalo 345456 (soap_index=62893898)
Read masses: Nstars=30036, sum_current=4.053073e+10 Msun
DEBUG: sample z (first valid): [3.25420318 4.16967737 0.5553446  5.47013526 2.95844407 2.30056406
 0.55063411 0.02573092 0.4051458  3.87401458]
DEBUG: Planck15 ages (Gyr): [ 1.96059392  1.46617741  8.2132687   1.04802015  2.18213135  2.85473595
  8.24547136 13.43308982  9.34093048  1.60094352]
DEBUG: cosmo_colibre ages (Gyr): [ 1.96250454  1.46815276  8.20544899  1.04996114  2.18398099  2.85628555
  8.23755422 13.40353395  9.32940583  1.60291151]
DEBUG: us.look_back_time -> ages (Gyr): [ 1.96250454  1.46815276  8.20544899  1.04996114  2.18398099  2.85628555
  8.23755422 13.40353395  9.32940583  1.60291151]
[59/100] subhalo 345456 done; total_formed=6.783e+00
Building SWIFTGalaxy for subhalo 723019 (soap_index=62912802)
Read masses: Nstars=24797, sum_current=3.205505e+10 Msun
DEBUG: sample z (first valid): [3.8248546  4.16967737 7.537224   4.59037789 1.68304266 6.74382607
 1.97269346 1.1743862  2.25563835 1.12200492]
DEBUG: Planck15 ages (Gyr): [1.62534418 1.46617741 0.69146003 1.30435001 3.86335077 0.80047609
 3.32813589 5.2168393  2.91286729 5.39850208]
DEBUG: cosmo_colibre ages (Gyr): [1.62730997 1.46815276 0.69328053 1.30632301 3.86412049 0.80234514
 3.32937003 5.21588823 2.91438284 5.3972572 ]
DEBUG: us.look_back_time -> ages (Gyr): [1.62730997 1.46815276 0.69328053 1.30632301 3.8641205  0.80234515
 3.32937004 5.21588823 2.91438284 5.3972572 ]
[60/100] subhalo 723019 done; total_formed=5.374e+00
Building SWIFTGalaxy for subhalo 154382 (soap_index=62926387)
Read masses: Nstars=16209, sum_current=2.018293e+10 Msun
DEBUG: sample z (first valid): [6.48897269 7.09786235 1.93383472 6.14756244 5.14380801 2.30056406
 7.4252748  5.28281085 4.36213386 4.67018515]
DEBUG: Planck15 ages (Gyr): [0.84169126 0.74853601 3.39270234 0.9027068  1.13249512 2.85473595
 0.70529941 1.09517697 1.3882391  1.27698356]
DEBUG: cosmo_colibre ages (Gyr): [0.84357568 0.75038345 3.39388662 0.9046113  1.13445086 2.85628555
 0.70712677 1.09712674 1.3902149  1.27895488]
DEBUG: us.look_back_time -> ages (Gyr): [0.84357568 0.75038346 3.39388662 0.9046113  1.13445086 2.85628555
 0.70712677 1.09712674 1.3902149  1.27895488]
[61/100] subhalo 154382 done; total_formed=3.411e+00
Building SWIFTGalaxy for subhalo 59368 (soap_index=62930962)
Read masses: Nstars=206722, sum_current=2.686592e+11 Msun
DEBUG: sample z (first valid): [2.65469552 1.45361288 2.72999431 1.33340454 1.32397163 2.96227328
 2.72067673 2.65795937 3.16869156 2.68676868]
DEBUG: Planck15 ages (Gyr): [2.45614855 4.39423741 2.38312872 4.72099183 4.74827093 2.17900266
 2.39196926 2.45290746 2.02069173 2.42460175]
DEBUG: cosmo_colibre ages (Gyr): [2.45789673 4.39442828 2.38490673 4.72076552 4.74800765 2.18085329
 2.39374376 2.454657   2.02258769 2.42636306]
DEBUG: us.look_back_time -> ages (Gyr): [2.45789673 4.39442828 2.38490673 4.72076552 4.74800765 2.1808533
 2.39374376 2.45465701 2.02258769 2.42636306]
[62/100] subhalo 59368 done; total_formed=4.505e+01
Building SWIFTGalaxy for subhalo 45680 (soap_index=63022674)
Read masses: Nstars=335807, sum_current=4.277592e+11 Msun
DEBUG: sample z (first valid): [0.36852656 6.55806712 7.80091318 6.55806712 1.38001162 0.99464329
 0.48057112 0.78009561 0.51549348 0.63921961]
DEBUG: Planck15 ages (Gyr): [9.65059485 0.83017444 0.66058803 0.83017444 4.58981718 5.88434873
 8.74767041 6.87352728 8.49180077 7.67022827]
DEBUG: cosmo_colibre ages (Gyr): [9.6379493  0.83205471 0.66239244 0.83205471 4.58976403 5.88224195
 8.73816962 6.86931612 8.48312186 7.66397635]
DEBUG: us.look_back_time -> ages (Gyr): [9.6379493  0.83205471 0.66239244 0.83205471 4.58976404 5.88224195
 8.73816963 6.86931612 8.48312186 7.66397635]
[63/100] subhalo 45680 done; total_formed=7.094e+01
Building SWIFTGalaxy for subhalo 9176637 (soap_index=63047660)
Read masses: Nstars=26001, sum_current=3.523647e+10 Msun
DEBUG: sample z (first valid): [4.65306651 2.97043499 4.56191123 3.80539669 5.37882032 4.16967737
 2.46165223 3.78574558 4.74574785 2.18506998]
DEBUG: Planck15 ages (Gyr): [1.28277292 2.17235871 1.3143477  1.63517282 1.07057729 1.46617741
 2.66116678 1.64519936 1.25193948 3.00818172]
DEBUG: cosmo_colibre ages (Gyr): [1.28474463 2.17421143 1.31632122 1.63713766 1.07252265 1.46815276
 2.66282038 1.64716318 1.25390891 3.00963864]
DEBUG: us.look_back_time -> ages (Gyr): [1.28474463 2.17421144 1.31632122 1.63713766 1.07252265 1.46815276
 2.66282038 1.64716319 1.25390892 3.00963864]
[64/100] subhalo 9176637 done; total_formed=5.879e+00
Building SWIFTGalaxy for subhalo 2440164 (soap_index=63056988)
Read masses: Nstars=11036, sum_current=1.466378e+10 Msun
DEBUG: sample z (first valid): [4.25465042 5.623143   6.46593757 0.28501961 6.80748153 2.51135877
 7.45080593 4.4832664  3.7569137  4.98392988]
DEBUG: Planck15 ages (Gyr): [ 1.43089387  1.01194975  0.84558995 10.41542841  0.79070314  2.60575544
  0.7021029   1.34263952  1.66009565  1.17809937]
DEBUG: cosmo_colibre ages (Gyr): [ 1.43286977  1.01388306  0.84747574 10.39983052  0.79256832  2.60743617
  0.7039287   1.34461423  1.66205788  1.18006128]
DEBUG: us.look_back_time -> ages (Gyr): [ 1.43286977  1.01388306  0.84747574 10.39983053  0.79256833  2.60743617
  0.7039287   1.34461423  1.66205788  1.18006128]
[65/100] subhalo 2440164 done; total_formed=2.442e+00
Building SWIFTGalaxy for subhalo 15555170 (soap_index=63125075)
Read masses: Nstars=17843, sum_current=2.530751e+10 Msun
DEBUG: sample z (first valid): [3.54889984 2.37640392 1.28189415 0.17523851 6.31591873 6.49668268
 1.5142331  4.57895633 0.10740115 0.12104003]
DEBUG: Planck15 ages (Gyr): [ 1.77452815  2.76082172  4.87307947 11.56150534  0.87173188  0.84039302
  4.24301073  1.30834614 12.3617726  12.19469835]
DEBUG: cosmo_colibre ages (Gyr): [ 1.77647507  2.76242356  4.87264274 11.54101747  0.87362656  0.84227697
  4.2433788   1.31031935 12.33756186 12.17128469]
DEBUG: us.look_back_time -> ages (Gyr): [ 1.77647507  2.76242356  4.87264275 11.54101747  0.87362657  0.84227698
  4.2433788   1.31031935 12.33756186 12.17128469]
[66/100] subhalo 15555170 done; total_formed=4.160e+00
Building SWIFTGalaxy for subhalo 626844 (soap_index=63137023)
Read masses: Nstars=22493, sum_current=3.126959e+10 Msun
DEBUG: sample z (first valid): [4.82179977 2.27385353 7.46827756 5.1937435  0.15040022 5.21312097
 0.53021388 0.62555809 3.13267751 2.18506998]
DEBUG: Planck15 ages (Gyr): [ 1.22754573  2.88906604  0.6999293   1.11884908 11.84573858  1.1136271
  8.38728815  7.75490639  2.04691917  3.00818172]
DEBUG: cosmo_colibre ages (Gyr): [ 1.22951301  2.89059569  0.70175403  1.12080273 11.82395627  1.11557993
  8.37893599  7.74841939  2.04880829  3.00963864]
DEBUG: us.look_back_time -> ages (Gyr): [ 1.22951301  2.89059569  0.70175403  1.12080274 11.82395627  1.11557993
  8.37893599  7.74841939  2.04880829  3.00963864]
[67/100] subhalo 626844 done; total_formed=5.168e+00
Building SWIFTGalaxy for subhalo 640838 (soap_index=63279553)
Read masses: Nstars=45342, sum_current=6.281514e+10 Msun
DEBUG: sample z (first valid): [0.7372495  4.08661906 0.97350036 0.26566242 3.43050297 0.34648258
 4.4832664  6.53460566 2.15289137 0.24140021]
DEBUG: Planck15 ages (Gyr): [ 7.10188818  1.5020823   5.97164475 10.60526478  1.84562352  9.84432139
  1.34263952  0.83405553  3.05335196 10.85034186]
DEBUG: cosmo_colibre ages (Gyr): [ 7.09712371  1.50405647  5.96937124 10.58889465  1.84755821  9.83095254
  1.34461423  0.83593722  3.05477986 10.8329522 ]
DEBUG: us.look_back_time -> ages (Gyr): [ 7.09712371  1.50405648  5.96937124 10.58889465  1.84755821  9.83095254
  1.34461423  0.83593722  3.05477986 10.8329522 ]
[68/100] subhalo 640838 done; total_formed=1.029e+01
Building SWIFTGalaxy for subhalo 1318206 (soap_index=63309617)
Read masses: Nstars=67555, sum_current=9.008769e+10 Msun
DEBUG: sample z (first valid): [0.31009116 1.0150043  5.1937435  4.13846636 1.50999617 4.0350338
 0.54828955 5.13116288 2.66041108 0.61977261]
DEBUG: Planck15 ages (Gyr): [10.1767893   5.80215854  1.11884908  1.47950097  4.25330636  1.52512216
  8.26157043  1.13599459  2.45047747  7.79119446]
DEBUG: cosmo_colibre ages (Gyr): [10.1621402   5.80020542  1.12080273  1.48147595  4.25366268  1.52709529
  8.25360439  1.13795085  2.45222803  7.78460566]
DEBUG: us.look_back_time -> ages (Gyr): [10.1621402   5.80020542  1.12080274  1.48147596  4.25366269  1.52709529
  8.25360439  1.13795085  2.45222804  7.78460566]
[69/100] subhalo 1318206 done; total_formed=1.500e+01
Building SWIFTGalaxy for subhalo 5278842 (soap_index=63481613)
Read masses: Nstars=100483, sum_current=1.343134e+11 Msun
DEBUG: sample z (first valid): [5.13747893 4.41709373 2.27385353 4.25465042 4.62444216 2.32063235
 3.70872252 2.43012666 2.1595796  4.37312454]
DEBUG: Planck15 ages (Gyr): [1.13424442 1.36723638 2.88906604 1.43089387 1.29255122 2.82938058
 1.68549813 2.69732162 3.04387247 1.38399642]
DEBUG: cosmo_colibre ages (Gyr): [1.13620041 1.3692118  2.89059569 1.43286977 1.29452354 2.83094462
 1.68745744 2.69895688 3.04530653 1.38597216]
DEBUG: us.look_back_time -> ages (Gyr): [1.13620042 1.3692118  2.89059569 1.43286977 1.29452355 2.83094462
 1.68745744 2.69895688 3.04530653 1.38597216]
[70/100] subhalo 5278842 done; total_formed=2.250e+01
Building SWIFTGalaxy for subhalo 3888931 (soap_index=63503931)
Read masses: Nstars=19614, sum_current=2.720704e+10 Msun
DEBUG: sample z (first valid): [4.92335503 0.40370117 1.53976128 1.42205632 1.6856815  1.01290006
 1.02985814 1.01599606 1.14590701 7.24767178]
DEBUG: Planck15 ages (Gyr): [1.19618019 9.35286793 4.18181904 4.47642195 3.85785664 5.81056887
 5.74333057 5.79820128 5.31438422 0.72822127]
DEBUG: cosmo_colibre ages (Gyr): [1.19814422 9.34130088 4.182256   4.47651233 3.85863173 5.80860018
 5.74148547 5.79625548 5.31327729 0.73005952]
DEBUG: us.look_back_time -> ages (Gyr): [1.19814423 9.34130088 4.18225601 4.47651233 3.85863174 5.80860018
 5.74148547 5.79625548 5.3132773  0.73005953]
[71/100] subhalo 3888931 done; total_formed=4.445e+00
Building SWIFTGalaxy for subhalo 669760 (soap_index=63516538)
Read masses: Nstars=27157, sum_current=3.773804e+10 Msun
DEBUG: sample z (first valid): [6.95146809 3.05996779 5.4503937  3.55839188 3.03124808 2.08346664
 3.35918585 4.87556034 5.46375382 3.63282907]
DEBUG: Planck15 ages (Gyr): [0.76931429 2.10161626 1.05282954 1.76902496 2.12388934 3.15467243
 1.89075433 1.21077391 1.04957078 1.72683018]
DEBUG: cosmo_colibre ages (Gyr): [0.77117069 2.10349026 1.05477149 1.77097274 2.12575684 3.15603234
 1.8926802  1.21273952 1.05151208 1.72878415]
DEBUG: us.look_back_time -> ages (Gyr): [0.7711707  2.10349026 1.05477149 1.77097274 2.12575685 3.15603235
 1.89268021 1.21273952 1.05151209 1.72878415]
[72/100] subhalo 669760 done; total_formed=6.289e+00
Building SWIFTGalaxy for subhalo 51982 (soap_index=63549692)
Read masses: Nstars=363190, sum_current=4.659304e+11 Msun
DEBUG: sample z (first valid): [0.36818372 0.35226147 3.46430518 0.51018527 4.04783178 4.14896292
 4.85142857 1.96972993 1.93672701 8.29720528]
DEBUG: Planck15 ages (Gyr): [9.65356493 9.79298865 1.82485155 8.52996687 1.51935174 1.47499781
 1.21825501 3.33298919 3.38782651 0.6083449 ]
DEBUG: cosmo_colibre ages (Gyr): [9.64090842 9.77981309 1.82679003 8.52116734 1.52132515 1.47697292
 1.22022138 3.33421964 3.38901461 0.61011935]
DEBUG: us.look_back_time -> ages (Gyr): [9.64090842 9.77981309 1.82679003 8.52116734 1.52132515 1.47697293
 1.22022139 3.33421965 3.38901462 0.61011936]
[73/100] subhalo 51982 done; total_formed=7.799e+01
Building SWIFTGalaxy for subhalo 3937707 (soap_index=63650986)
Read masses: Nstars=69471, sum_current=9.400996e+10 Msun
DEBUG: sample z (first valid): [1.14155938 1.35961691 1.50519878 2.11631003 3.02308165 0.1941691
 0.26021075 0.24868531 0.23327061 7.0570445 ]
DEBUG: Planck15 ages (Gyr): [ 5.32952964  4.64649033  4.26501257  3.10606534  2.1302939  11.35136408
 10.65963216 10.77590305 10.93428699  0.75423482]
DEBUG: cosmo_colibre ages (Gyr): [ 5.32839812  4.64636331  4.26535548  3.10745837  2.13215951 11.33181289
 10.64303804 10.75882572 10.91654234  0.75608476]
DEBUG: us.look_back_time -> ages (Gyr): [ 5.32839812  4.64636331  4.26535548  3.10745838  2.13215951 11.33181289
 10.64303804 10.75882572 10.91654234  0.75608476]
[74/100] subhalo 3937707 done; total_formed=1.567e+01
Building SWIFTGalaxy for subhalo 54512 (soap_index=63665150)
Read masses: Nstars=78554, sum_current=1.040142e+11 Msun
DEBUG: sample z (first valid): [6.22796956 0.90069606 1.04953715 2.7930316  1.82190837 0.71956339
 2.55362759 0.88408464 8.39180281 2.96707022]
DEBUG: Planck15 ages (Gyr): [0.88768883 6.288288   5.6668258  2.32470672 3.59054612 7.19956421
 2.56011115 6.36420775 0.59916423 2.17509371]
DEBUG: cosmo_colibre ages (Gyr): [0.88958867 6.28537902 5.6651187  2.32650713 3.59156716 7.19455531
 2.56181336 6.36113923 0.60093304 2.17694558]
DEBUG: us.look_back_time -> ages (Gyr): [0.88958867 6.28537902 5.6651187  2.32650713 3.59156717 7.19455531
 2.56181336 6.36113923 0.60093304 2.17694558]
[75/100] subhalo 54512 done; total_formed=1.745e+01
Building SWIFTGalaxy for subhalo 9457853 (soap_index=63689800)
Read masses: Nstars=26913, sum_current=3.664422e+10 Msun
DEBUG: sample z (first valid): [1.24054701 2.08637091 1.47567241 2.59653167 1.30338816 1.34308187
 0.98281496 0.86287663 1.86008554 2.88937685]
DEBUG: Planck15 ages (Gyr): [5.00090036 3.15032424 4.33821665 2.51511015 4.80867869 4.69326547
 5.93293767 6.46322622 3.52099892 2.23986116]
DEBUG: cosmo_colibre ages (Gyr): [5.0002787  3.15168716 4.33847432 2.51683276 4.80833234 4.69307641
 5.93073854 6.45994541 3.52207915 2.2416918 ]
DEBUG: us.look_back_time -> ages (Gyr): [5.0002787  3.15168716 4.33847432 2.51683276 4.80833234 4.69307641
 5.93073854 6.45994541 3.52207915 2.2416918 ]
[76/100] subhalo 9457853 done; total_formed=6.115e+00
Building SWIFTGalaxy for subhalo 326875 (soap_index=63712903)
Read masses: Nstars=72761, sum_current=9.429209e+10 Msun
DEBUG: sample z (first valid): [4.55060557 2.29359735 8.13839504 3.32809404 4.40592263 1.17655264
 1.07090944 4.780718   4.83995723 7.43394891]
DEBUG: Planck15 ages (Gyr): [1.31835365 2.86362531 0.62429299 1.91100413 1.37146253 5.20953536
 5.5855409  1.24062376 1.2218382  0.7042107 ]
DEBUG: cosmo_colibre ages (Gyr): [1.32032736 2.86516979 0.62607697 1.91292578 1.37343804 5.20859578
 5.5839774  1.24259223 1.22380492 0.70603753]
DEBUG: us.look_back_time -> ages (Gyr): [1.32032737 2.86516979 0.62607697 1.91292578 1.37343804 5.20859578
 5.5839774  1.24259224 1.22380493 0.70603753]
[77/100] subhalo 326875 done; total_formed=1.582e+01
Building SWIFTGalaxy for subhalo 3939115 (soap_index=63727508)
Read masses: Nstars=38322, sum_current=5.223619e+10 Msun
DEBUG: sample z (first valid): [1.5065402  0.41803704 5.81459915 3.13059372 2.64574989 2.97043499
 8.07323827 1.71033912 1.22578454 4.74574785]
DEBUG: Planck15 ages (Gyr): [4.26173413 9.235394   0.96963686 2.0484539  2.46506803 2.17235871
 0.63103835 3.80712482 5.04783542 1.25193948]
DEBUG: cosmo_colibre ages (Gyr): [4.26208079 9.22424134 0.97156003 2.05034261 2.46681242 2.17421143
 0.63282625 3.80794886 5.04714398 1.25390891]
DEBUG: us.look_back_time -> ages (Gyr): [4.2620808  9.22424134 0.97156003 2.05034261 2.46681242 2.17421144
 0.63282625 3.80794886 5.04714398 1.25390892]
[78/100] subhalo 3939115 done; total_formed=8.770e+00
Building SWIFTGalaxy for subhalo 1404359 (soap_index=63751886)
Read masses: Nstars=17654, sum_current=2.348888e+10 Msun
DEBUG: sample z (first valid): [0.38249937 4.85142857 1.47679516 2.87466004 2.37501287 2.61997349
 1.84148456 1.22517995 2.46531303 3.92381668]
DEBUG: Planck15 ages (Gyr): [9.53068021 1.21825501 4.33539614 2.25248816 2.76249844 2.49106946
 3.55460795 5.04977254 2.65702003 1.57683682]
DEBUG: cosmo_colibre ages (Gyr): [9.5184739  1.22022138 4.33565714 2.25431447 2.76409938 2.49280265
 3.55565982 5.0490782  2.6586757  1.57880671]
DEBUG: us.look_back_time -> ages (Gyr): [9.5184739  1.22022139 4.33565714 2.25431448 2.76409938 2.49280265
 3.55565982 5.0490782  2.6586757  1.57880671]
[79/100] subhalo 1404359 done; total_formed=3.936e+00
Building SWIFTGalaxy for subhalo 2627496 (soap_index=63751889)
Read masses: Nstars=27471, sum_current=3.862729e+10 Msun
DEBUG: sample z (first valid): [0.89585744 0.68351829 0.83430363 0.87481405 4.68740779 0.95256823
 0.89191686 0.24394503 0.30737312 3.8248546 ]
DEBUG: Planck15 ages (Gyr): [ 6.31025595  7.40511034  6.60046029  6.40719928  1.27120265  6.06008554
  6.32823513 10.82425508 10.2022744   1.62534418]
DEBUG: cosmo_colibre ages (Gyr): [ 6.30730109  7.39957187  6.59687742  6.40403917  1.27317356  6.05763938
  6.32524255 10.80697513 10.18752515  1.62730997]
DEBUG: us.look_back_time -> ages (Gyr): [ 6.30730109  7.39957187  6.59687742  6.40403917  1.27317357  6.05763938
  6.32524255 10.80697514 10.18752515  1.62730997]
[80/100] subhalo 2627496 done; total_formed=6.358e+00
Building SWIFTGalaxy for subhalo 7170294 (soap_index=63751936)
Read masses: Nstars=36967, sum_current=4.977001e+10 Msun
DEBUG: sample z (first valid): [3.62335097 1.32628141 3.50295451 0.39024183 0.2727414  1.79853104
 0.40442311 0.39664138 0.26370999 0.32139689]
DEBUG: Planck15 ages (Gyr): [ 1.73210982  4.74156799  1.80157082  9.4651747  10.53526484  3.63424231
  9.34689946  9.41152972 10.62468949 10.07177104]
DEBUG: cosmo_colibre ages (Gyr): [ 1.73406305  4.74131383  1.80351332  9.45320557 10.51918126  3.63522515
  9.33535362  9.39975337 10.60823947 10.05753161]
DEBUG: us.look_back_time -> ages (Gyr): [ 1.73406306  4.74131383  1.80351333  9.45320557 10.51918126  3.63522516
  9.33535362  9.39975337 10.60823947 10.05753161]
[81/100] subhalo 7170294 done; total_formed=8.288e+00
Building SWIFTGalaxy for subhalo 55720 (soap_index=63852231)
Read masses: Nstars=914276, sum_current=1.142684e+12 Msun
DEBUG: sample z (first valid): [2.82803738 0.63545618 0.38355008 0.38238272 0.3784284  0.3787764
 4.06578032 0.37461196 0.7324733  0.40370117]
DEBUG: Planck15 ages (Gyr): [2.29327542 7.69341455 9.52175163 9.5316722  9.56539037 9.56241597
 1.51131974 9.59809924 7.12806471 9.35286793]
DEBUG: cosmo_colibre ages (Gyr): [2.29508735 7.6870986  9.50957776 9.51946228 9.55305759 9.55009405
 1.51329352 9.58564678 7.12323519 9.34130088]
DEBUG: us.look_back_time -> ages (Gyr): [2.29508736 7.6870986  9.50957776 9.51946228 9.55305759 9.55009405
 1.51329353 9.58564678 7.1232352  9.34130088]
[82/100] subhalo 55720 done; total_formed=1.910e+02
Building SWIFTGalaxy for subhalo 55908 (soap_index=63852233)
Read masses: Nstars=31443, sum_current=4.264132e+10 Msun
DEBUG: sample z (first valid): [1.54924537 4.63314423 4.21451305 2.7543538  2.90699893 2.93184545
 1.88019689 1.14675052 2.08317651 2.81955939]
DEBUG: Planck15 ages (Gyr): [4.15944715 1.28956548 1.4473827  2.3602689  2.22489433 2.20407007
 3.48523881 5.31145364 3.15510734 2.30082318]
DEBUG: cosmo_colibre ages (Gyr): [4.1599089  1.29153761 1.44935842 2.36205582 2.22673002 2.20591264
 3.48634871 5.31035146 3.15646695 2.30263237]
DEBUG: us.look_back_time -> ages (Gyr): [4.1599089  1.29153762 1.44935842 2.36205583 2.22673002 2.20591264
 3.48634871 5.31035146 3.15646695 2.30263238]
[83/100] subhalo 55908 done; total_formed=7.162e+00
Building SWIFTGalaxy for subhalo 694447 (soap_index=63852257)
Read masses: Nstars=5563, sum_current=8.898261e+09 Msun
DEBUG: sample z (first valid): [1.64236755 2.35703309 1.29950877 2.62037344 1.88019689 1.32958908
 1.62564103 2.14411821 2.47523597 2.7055298 ]
DEBUG: Planck15 ages (Gyr): [3.94966621 2.78432205 4.82020134 2.49066257 3.48523881 4.73199553
 3.98607022 3.06585993 2.6458331  2.40645646]
DEBUG: cosmo_colibre ages (Gyr): [3.95034998 2.78591114 4.81983895 2.49239594 3.48634871 4.73175435
 3.9867168  3.06727965 2.64749432 2.40822515]
DEBUG: us.look_back_time -> ages (Gyr): [3.95034998 2.78591114 4.81983896 2.49239594 3.48634871 4.73175435
 3.9867168  3.06727965 2.64749432 2.40822515]
[84/100] subhalo 694447 done; total_formed=1.489e+00
Building SWIFTGalaxy for subhalo 3959078 (soap_index=63852340)
Read masses: Nstars=14247, sum_current=1.927054e+10 Msun
DEBUG: sample z (first valid): [4.41575076 2.42797364 3.71719571 2.29492207 2.88753114 2.30389191
 1.62732521 2.95176073 2.97236029 2.31291073]
DEBUG: Planck15 ages (Gyr): [1.36774329 2.6998202  1.68098529 2.8619315  2.24143837 2.85050565
 3.9823802  2.18760982 2.17079632 2.83909263]
DEBUG: cosmo_colibre ages (Gyr): [1.36971873 2.70145417 1.68294514 2.86347696 2.24326847 2.85205767
 3.98303057 2.18945771 2.17264953 2.84065116]
DEBUG: us.look_back_time -> ages (Gyr): [1.36971873 2.70145418 1.68294514 2.86347696 2.24326847 2.85205767
 3.98303057 2.18945771 2.17264954 2.84065117]
[85/100] subhalo 3959078 done; total_formed=3.241e+00
Building SWIFTGalaxy for subhalo 1402252 (soap_index=63863888)
Read masses: Nstars=23451, sum_current=3.144278e+10 Msun
DEBUG: sample z (first valid): [0.13817298 1.2347405  0.79826583 5.37261766 0.79826583 3.10987081
 2.10214901 4.780718   0.99367243 4.93515667]
DEBUG: Planck15 ages (Gyr): [11.98932061  5.01927806  6.7800829   1.07213871  6.7800829   2.06382046
  3.12687199  1.24062376  5.88831334  1.19262156]
DEBUG: cosmo_colibre ages (Gyr): [11.96687262  5.0186292   6.77609083  1.07408437  6.77609083  2.06570504
  3.12825096  1.24259223  5.88619907  1.19458519]
DEBUG: us.look_back_time -> ages (Gyr): [11.96687262  5.0186292   6.77609083  1.07408437  6.77609083  2.06570504
  3.12825096  1.24259224  5.88619907  1.1945852 ]
[86/100] subhalo 1402252 done; total_formed=5.251e+00
Building SWIFTGalaxy for subhalo 1406673 (soap_index=63873644)
Read masses: Nstars=14933, sum_current=2.116055e+10 Msun
DEBUG: sample z (first valid): [2.79698725 4.44997921 6.1694563  5.11914099 3.64695455 3.8790947
 7.9634138  4.74574785 0.32214332 2.95414505]
DEBUG: Planck15 ages (Gyr): [ 2.3211195   1.35492002  0.898576    1.13933827  1.71901106  1.59845661
  0.64268574  1.25193948 10.06489309  2.18565275]
DEBUG: cosmo_colibre ages (Gyr): [ 2.32292124  1.35689512  0.90047923  1.14129501  1.72096609  1.6004248
  0.64448028  1.25390891 10.05068031  2.18750126]
DEBUG: us.look_back_time -> ages (Gyr): [ 2.32292124  1.35689513  0.90047923  1.14129501  1.72096609  1.6004248
  0.64448028  1.25390892 10.05068031  2.18750127]
[87/100] subhalo 1406673 done; total_formed=3.502e+00
Building SWIFTGalaxy for subhalo 2692338 (soap_index=63909379)
Read masses: Nstars=27921, sum_current=3.773814e+10 Msun
DEBUG: sample z (first valid): [4.13846636 0.63790863 8.76182319 5.00201484 2.8217868  3.61423643
 0.95163788 0.52098032 0.40659341 1.05416249]
DEBUG: Planck15 ages (Gyr): [1.47950097 7.6782931  0.56537276 1.17278903 2.29883621 1.7372122
 6.06406386 8.45261823 9.32899095 5.64907697]
DEBUG: cosmo_colibre ages (Gyr): [1.48147595 7.67201894 0.56711975 1.17475028 2.30064613 1.73916471
 6.06160985 8.44406243 9.31750864 5.64740149]
DEBUG: us.look_back_time -> ages (Gyr): [1.48147596 7.67201894 0.56711975 1.17475029 2.30064613 1.73916471
 6.06160986 8.44406243 9.31750864 5.64740149]
[88/100] subhalo 2692338 done; total_formed=6.245e+00
Building SWIFTGalaxy for subhalo 339768 (soap_index=64008571)
Read masses: Nstars=38373, sum_current=5.518734e+10 Msun
DEBUG: sample z (first valid): [0.55063411 0.15388408 0.14717827 1.41171708 1.02109418 0.05580616
 0.07860434 3.81528288 7.46827756 3.80539669]
DEBUG: Planck15 ages (Gyr): [ 8.24547136 11.8052759  11.88333527  4.50388704  5.77792579 13.02390856
 12.72531561  1.63016681  0.6999293   1.63517282]
DEBUG: cosmo_colibre ages (Gyr): [ 8.23755422 11.78367976 11.86137941  4.50394317  5.77601737 12.99644066
 12.69933561  1.63213214  0.70175403  1.63713766]
DEBUG: us.look_back_time -> ages (Gyr): [ 8.23755422 11.78367976 11.86137942  4.50394317  5.77601737 12.99644066
 12.69933561  1.63213214  0.70175403  1.63713766]
[89/100] subhalo 339768 done; total_formed=9.101e+00
Building SWIFTGalaxy for subhalo 1429941 (soap_index=64018151)
Read masses: Nstars=94722, sum_current=1.214961e+11 Msun
DEBUG: sample z (first valid): [2.30789421 5.84878253 3.51785468 3.73286632 0.57644568 1.72408346
 0.71722042 1.15295664 5.09410452 3.76660121]
DEBUG: Planck15 ages (Gyr): [2.84543161 0.96239105 1.79272652 1.67269162 8.07131096 3.77931408
 7.21265821 5.28997063 1.1463544  1.65506566]
DEBUG: cosmo_colibre ages (Gyr): [2.84698653 0.96431237 1.7946705  1.67465244 8.06391485 3.7801645
 7.20761619 5.28890312 1.14831214 1.65702844]
DEBUG: us.look_back_time -> ages (Gyr): [2.84698654 0.96431237 1.79467051 1.67465244 8.06391485 3.7801645
 7.20761619 5.28890312 1.14831215 1.65702845]
[90/100] subhalo 1429941 done; total_formed=2.030e+01
Building SWIFTGalaxy for subhalo 1423092 (soap_index=64048928)
Read masses: Nstars=55034, sum_current=7.239758e+10 Msun
DEBUG: sample z (first valid): [7.67681716 1.11556589 1.10172535 1.32859579 6.46593757 6.8712467
 1.22231265 6.25678219 4.18563064 0.65378016]
DEBUG: Planck15 ages (Gyr): [0.67482519 5.42152337 5.47153559 4.73486688 0.84558995 0.78111057
 5.05897564 0.88240814 1.45944381 7.58151421]
DEBUG: cosmo_colibre ages (Gyr): [0.67663716 5.42024016 5.47016825 4.73462181 0.84747574 0.78297187
 5.0582675  0.8843063  1.4614193  7.57550483]
DEBUG: us.look_back_time -> ages (Gyr): [0.67663716 5.42024016 5.47016826 4.73462181 0.84747574 0.78297187
 5.0582675  0.8843063  1.46141931 7.57550483]
[91/100] subhalo 1423092 done; total_formed=1.207e+01
Building SWIFTGalaxy for subhalo 1412438 (soap_index=64058082)
Read masses: Nstars=14955, sum_current=1.907741e+10 Msun
DEBUG: sample z (first valid): [0.97445168 2.39564767 4.25465042 5.98231408 3.99436062 2.55787188
 1.21330632 1.2530253  3.54889984 4.14896292]
DEBUG: Planck15 ages (Gyr): [5.96767343 2.73779615 1.43089387 0.93493024 1.54370443 2.5556006
 5.0880572  4.96176703 1.77452815 1.47499781]
DEBUG: cosmo_colibre ages (Gyr): [5.96540758 2.73941029 1.43286977 0.93684414 1.54567653 2.55730489
 5.08730516 4.96120278 1.77647507 1.47697292]
DEBUG: us.look_back_time -> ages (Gyr): [5.96540758 2.73941029 1.43286977 0.93684415 1.54567653 2.55730489
 5.08730517 4.96120278 1.77647507 1.47697293]
[92/100] subhalo 1412438 done; total_formed=3.212e+00
Building SWIFTGalaxy for subhalo 60543 (soap_index=64166398)
Read masses: Nstars=54742, sum_current=7.117418e+10 Msun
DEBUG: sample z (first valid): [1.73796791 2.47413062 7.89105956 3.62335097 1.42707948 1.94570298
 2.29890265 7.58925295 1.51153522 1.12958991]
DEBUG: Planck15 ages (Gyr): [3.75155279 2.64707542 0.65055597 1.73210982 4.4631754  3.3727673
 2.85685176 0.68518101 4.24956186 5.37158148]
DEBUG: cosmo_colibre ages (Gyr): [3.75242922 2.64873603 0.65235489 1.73406305 4.46328218 3.37396715
 2.85840014 0.68699833 4.24992246 5.37038111]
DEBUG: us.look_back_time -> ages (Gyr): [3.75242922 2.64873603 0.6523549  1.73406306 4.46328218 3.37396715
 2.85840015 0.68699833 4.24992247 5.37038111]
[93/100] subhalo 60543 done; total_formed=1.194e+01
Building SWIFTGalaxy for subhalo 156040 (soap_index=64200802)
Read masses: Nstars=254509, sum_current=3.211551e+11 Msun
DEBUG: sample z (first valid): [0.5132539  2.52913301 4.55060557 2.55787188 4.35162502 0.14229938
 5.06927209 4.45587746 0.63971177 1.08196201]
DEBUG: Planck15 ages (Gyr): [ 8.50787215  2.58640005  1.31835365  2.5556006   1.39231599 11.94059007
  1.1533845   1.35273045  7.66720395  5.54422359]
DEBUG: cosmo_colibre ages (Gyr): [ 8.49914253  2.58808998  1.32032736  2.55730489  1.39429184 11.91836888
  1.15534322  1.35470549  7.66096036  5.54273189]
DEBUG: us.look_back_time -> ages (Gyr): [ 8.49914254  2.58808999  1.32032737  2.55730489  1.39429184 11.91836888
  1.15534322  1.3547055   7.66096036  5.54273189]
[94/100] subhalo 156040 done; total_formed=5.371e+01
Building SWIFTGalaxy for subhalo 634605 (soap_index=64249076)
Read masses: Nstars=14352, sum_current=2.044783e+10 Msun
DEBUG: sample z (first valid): [6.71283983 3.99436062 3.41706544 5.50352287 0.44645537 7.39935918
 0.12388531 5.00806747 4.49475979 5.57991968]
DEBUG: Planck15 ages (Gyr): [ 0.80530626  1.54370443  1.85398997  1.03996892  9.00887856  0.70856887
 12.16024752  1.17102065  1.33844214  1.02192791]
DEBUG: cosmo_colibre ages (Gyr): [ 0.80717719  1.54567653  1.85592308  1.04190827  8.9985069   0.71039782
 12.13699694  1.17298168  1.3404167   1.02386343]
DEBUG: us.look_back_time -> ages (Gyr): [ 0.8071772   1.54567653  1.85592309  1.04190828  8.9985069   0.71039782
 12.13699694  1.17298168  1.3404167   1.02386344]
[95/100] subhalo 634605 done; total_formed=3.175e+00
Building SWIFTGalaxy for subhalo 45792 (soap_index=64371905)
Read masses: Nstars=289244, sum_current=3.641571e+11 Msun
DEBUG: sample z (first valid): [5.52944107 6.01444932 2.16997195 2.24564184 3.33267222 2.28040845
 3.29321978 3.05795666 0.04783832 1.56842765]
DEBUG: Planck15 ages (Gyr): [ 1.03378947  0.92851556  3.02923822  2.92606633  1.90799995  2.88057881
  1.93414749  2.10316338 13.13059002  4.11478422]
DEBUG: cosmo_colibre ages (Gyr): [ 1.03572753  0.93042765  3.03068171  2.92757397  1.90992223  2.88211343
  1.93606411  2.10503693 13.10258313  4.11529481]
DEBUG: us.look_back_time -> ages (Gyr): [ 1.03572754  0.93042766  3.03068171  2.92757397  1.90992224  2.88211343
  1.93606411  2.10503693 13.10258313  4.11529481]
[96/100] subhalo 45792 done; total_formed=6.103e+01
Building SWIFTGalaxy for subhalo 48322 (soap_index=64469610)
Read masses: Nstars=30290, sum_current=4.314434e+10 Msun
DEBUG: sample z (first valid): [4.22240816 4.40592263 0.33149126 0.33899967 1.62627234 1.59651347
 1.59527958 7.65961945 0.43329542 0.30612245]
DEBUG: Planck15 ages (Gyr): [ 1.4441145   1.37146253  9.97933351  9.9113769   3.98468637  4.05077309
  4.05355142  0.67683847  9.11273912 10.2140323 ]
DEBUG: cosmo_colibre ages (Gyr): [ 1.44609026  1.37343804  9.96545066  9.89775377  3.98533437  4.05135219
  4.05412758  0.67865149  9.10201231 10.19923675]
DEBUG: us.look_back_time -> ages (Gyr): [ 1.44609026  1.37343804  9.96545066  9.89775377  3.98533437  4.05135219
  4.05412758  0.67865149  9.10201231 10.19923676]
[97/100] subhalo 48322 done; total_formed=7.086e+00
Building SWIFTGalaxy for subhalo 4647 (soap_index=64510319)
Read masses: Nstars=56184, sum_current=6.969700e+10 Msun
DEBUG: sample z (first valid): [6.05370789 4.60711841 4.12801252 2.36116525 1.65456902 4.36213386
 5.10659709 0.01329705 5.42446819 0.87481405]
DEBUG: Planck15 ages (Gyr): [ 0.92077763  1.29852939  1.48400851  2.77928152  3.92344863  1.3882391
  1.14284459 13.60753254  1.05920137  6.40719928]
DEBUG: cosmo_colibre ages (Gyr): [ 0.9226875   1.30050206  1.48598335  2.78087336  3.92415884  1.3902149
  1.14480183 13.57706984  1.06114456  6.40403917]
DEBUG: us.look_back_time -> ages (Gyr): [ 0.9226875   1.30050207  1.48598335  2.78087336  3.92415884  1.3902149
  1.14480183 13.57706984  1.06114457  6.40403917]
[98/100] subhalo 4647 done; total_formed=1.173e+01
Building SWIFTGalaxy for subhalo 1318541 (soap_index=64542642)
Read masses: Nstars=38787, sum_current=5.387020e+10 Msun
DEBUG: sample z (first valid): [4.85142857 1.60912493 0.77662112 1.44245677 0.64795816 6.72830189
 0.22141047 0.39521417 0.96450839 0.920075  ]
DEBUG: Planck15 ages (Gyr): [ 1.21825501  4.0225516   6.89162169  4.42301287  7.61679823  0.80288998
 11.05843753  9.42345462  6.00938773  6.20148838]
DEBUG: cosmo_colibre ages (Gyr): [ 1.22022138  4.02316035  6.88736762  4.42316889  7.61069284  0.80475998
 11.04016254  9.41163553  6.007041    6.1987584 ]
DEBUG: us.look_back_time -> ages (Gyr): [ 1.22022139  4.02316035  6.88736762  4.4231689   7.61069285  0.80475998
 11.04016254  9.41163553  6.00704101  6.1987584 ]
[99/100] subhalo 1318541 done; total_formed=8.953e+00
Building SWIFTGalaxy for subhalo 7059000 (soap_index=64553608)
Read masses: Nstars=11536, sum_current=1.545816e+10 Msun
DEBUG: sample z (first valid): [4.85142857 4.94754515 3.97426945 3.13920293 3.37694517 3.86424701
 5.54313099 2.62357625 8.35426777 4.64722103]
DEBUG: Planck15 ages (Gyr): [1.21825501 1.18890485 1.55302233 2.04212542 1.87934652 1.60574317
 1.03055007 2.48740817 0.60277925 1.28475979]
DEBUG: cosmo_colibre ages (Gyr): [1.22022138 1.19086805 1.55499386 2.04401581 1.88127469 1.60771074
 1.03248745 2.48914296 0.6045503  1.28673162]
DEBUG: us.look_back_time -> ages (Gyr): [1.22022139 1.19086806 1.55499386 2.04401582 1.8812747  1.60771075
 1.03248745 2.48914296 0.6045503  1.28673162]
[100/100] subhalo 7059000 done; total_formed=2.558e+00
All halos processed. Writing CSV.
Wrote relicness_extras_2000_2100.csv (100 rows) in 6030.9s
