Will process 30 subhalos (test=False)
Mapping requested subhalos -> SOAP rows (chunked scan)...
Found SOAP rows for 30 / 30 requested subhalos
Reading SOAP StellarMass & HalfMassRadiusStars for requested rows (applying Mu/Lu conversions)...
Summing PartType4/Masses via mapping NPZ (particle-level current stellar mass -> Msun)...
Analysing subhalo 627733
Analysing subhalo 48261
Analysing subhalo 1299170
Analysing subhalo 12134333
Analysing subhalo 144209
Analysing subhalo 2638250
Analysing subhalo 2636689
Analysing subhalo 680060
Analysing subhalo 54065
Analysing subhalo 324159
Analysing subhalo 54793
Analysing subhalo 326887
Analysing subhalo 702824
Analysing subhalo 9472745
Analysing subhalo 147105
Analysing subhalo 2649260
Analysing subhalo 3945845
Analysing subhalo 678569
Analysing subhalo 694144
Analysing subhalo 2663028
Analysing subhalo 56580
Analysing subhalo 151249
Analysing subhalo 703788
Analysing subhalo 714291
Analysing subhalo 337827
Analysing subhalo 713276
Analysing subhalo 155013
Analysing subhalo 60260
Analysing subhalo 32238489
Analysing subhalo 154559
halos:   0%|                                                                 | 0/30 [00:00<?, ?it/s]Flushed 30 rows to outfiles/relic_chunk_053.csv
halos: 100%|███████████████████████████████████████████████████████| 30/30 [00:00<00:00, 472.53it/s]
Done. Wrote 30 rows to outfiles/relic_chunk_053.csv
