Starting pure-swift relicness script
Loaded SOAP mapping for 91142867 halos
Batch mode: processing 100 halos (slice 1900:2000)
Building SWIFTGalaxy for subhalo 1260511 (soap_index=57438455)
Read masses: Nstars=50545, sum_current=6.859435e+10 Msun
DEBUG: sample z (first valid): [0.73027775 0.49080983 6.42870097 2.9863747  0.92730267 6.23515125
 6.27531083 0.24839988 6.1694563  0.10292831]
DEBUG: Planck15 ages (Gyr): [ 7.14014739  8.67147406  0.85195603  2.15947915  6.16959281  0.88636769
  0.87903979 10.77880574  0.898576   12.4172694 ]
DEBUG: cosmo_colibre ages (Gyr): [ 7.13528774  8.66222127  0.85384404  2.1613359   6.16692769  0.88826711
  0.88093686 10.76171628  0.90047923 12.39279164]
DEBUG: us.look_back_time -> ages (Gyr): [ 7.13528774  8.66222127  0.85384405  2.1613359   6.16692769  0.88826711
  0.88093686 10.76171628  0.90047923 12.39279164]
[1/100] subhalo 1260511 done; total_formed=1.143e+01
Building SWIFTGalaxy for subhalo 45721 (soap_index=57450476)
Read masses: Nstars=122196, sum_current=1.567439e+11 Msun
DEBUG: sample z (first valid): [0.32879157 0.26079261 4.85142857 6.15458515 0.20843782 0.26302806
 5.50352287 0.28180253 0.25279095 1.33456825]
DEBUG: Planck15 ages (Gyr): [10.00393399 10.65381034  1.21825501  0.90137836 11.19656421 10.63148609
  1.03996892 10.44663575 10.73427579  4.71764386]
DEBUG: cosmo_colibre ages (Gyr): [ 9.9899566  10.63724026  1.22022138  0.90328246 11.17769177 10.61500809
  1.04190827 10.43091197 10.71737211  4.71742207]
DEBUG: us.look_back_time -> ages (Gyr): [ 9.9899566  10.63724026  1.22022139  0.90328246 11.17769177 10.61500809
  1.04190828 10.43091197 10.71737211  4.71742207]
[2/100] subhalo 45721 done; total_formed=2.613e+01
Building SWIFTGalaxy for subhalo 1262540 (soap_index=57496790)
Read masses: Nstars=40165, sum_current=5.536599e+10 Msun
DEBUG: sample z (first valid): [4.68740779 0.21651322 2.90234608 1.23687624 0.29681811 4.50583886
 3.44854738 8.37299771 9.29064929 0.71362828]
DEBUG: Planck15 ages (Gyr): [ 1.27120265 11.11029244  2.22883004  5.01250594 10.30212587  1.33441663
  1.83448658  0.60097084  0.52228527  7.23280423]
DEBUG: cosmo_colibre ages (Gyr): [ 1.27317356 11.09179406  2.23066441  5.01186712 10.28698154  1.33639103
  1.83642332  0.60274077  0.52400183  7.22771109]
DEBUG: us.look_back_time -> ages (Gyr): [ 1.27317357 11.09179407  2.23066442  5.01186712 10.28698154  1.33639104
  1.83642333  0.60274077  0.52400183  7.22771109]
[3/100] subhalo 1262540 done; total_formed=9.120e+00
Building SWIFTGalaxy for subhalo 45764 (soap_index=57506821)
Read masses: Nstars=22629, sum_current=3.118597e+10 Msun
DEBUG: sample z (first valid): [3.40815228 3.33697307 0.58805854 7.50233524 3.95396477 0.93481342
 0.85654391 0.06770935 3.24346024 0.58636716]
DEBUG: Planck15 ages (Gyr): [ 1.85957413  1.90518486  7.99475722  0.69572429  1.56253433  6.13671851
  6.49325763 12.86679402  1.96798083  8.00583877]
DEBUG: cosmo_colibre ages (Gyr): [ 1.86150618  1.90710774  7.98758551  0.69754692  1.56450523  6.13411973
  6.4899115  12.84011287  1.96988973  7.99863474]
DEBUG: us.look_back_time -> ages (Gyr): [ 1.86150618  1.90710774  7.98758551  0.69754693  1.56450524  6.13411973
  6.4899115  12.84011287  1.96988973  7.99863475]
[4/100] subhalo 45764 done; total_formed=5.203e+00
Building SWIFTGalaxy for subhalo 24772748 (soap_index=57506942)
Read masses: Nstars=38510, sum_current=5.340172e+10 Msun
DEBUG: sample z (first valid): [8.48765834 2.15623194 3.44161301 1.55920025 0.920075   0.53494473
 5.7521121  2.33414733 4.780718   0.68351829]
DEBUG: Planck15 ages (Gyr): [0.59009404 3.04861121 1.83875326 4.13617168 6.20148838 8.35410885
 0.98311873 2.8125124  1.24062376 7.40511034]
DEBUG: cosmo_colibre ages (Gyr): [0.59185716 3.05004219 1.84068922 4.13665899 6.1987584  8.34585933
 0.98504526 2.8140859  1.24259223 7.39957187]
DEBUG: us.look_back_time -> ages (Gyr): [0.59185717 3.05004219 1.84068923 4.13665899 6.1987584  8.34585933
 0.98504527 2.81408591 1.24259224 7.39957187]
[5/100] subhalo 24772748 done; total_formed=8.851e+00
Building SWIFTGalaxy for subhalo 299032 (soap_index=57530591)
Read masses: Nstars=54332, sum_current=7.503541e+10 Msun
DEBUG: sample z (first valid): [0.05045842 3.68013997 2.7440585  3.94126517 3.21968965 3.44854738
 0.13071084 0.30873073 2.9460501  7.09786235]
DEBUG: Planck15 ages (Gyr): [13.09537441  1.70087021  2.36988612  1.56853281  1.98449009  1.83448658
 12.07816386 10.1895335   2.19230895  0.74853601]
DEBUG: cosmo_colibre ages (Gyr): [13.06754586  1.70282762  2.37166932  1.5705033   1.98639505  1.83642332
 12.05530007 10.17483435  2.19415533  0.75038345]
DEBUG: us.look_back_time -> ages (Gyr): [13.06754586  1.70282762  2.37166932  1.5705033   1.98639506  1.83642333
 12.05530008 10.17483435  2.19415533  0.75038346]
[6/100] subhalo 299032 done; total_formed=1.248e+01
Building SWIFTGalaxy for subhalo 642373 (soap_index=57564427)
Read masses: Nstars=27993, sum_current=4.129263e+10 Msun
DEBUG: sample z (first valid): [1.77225042 0.36057133 1.95021158 1.8427171  2.33516539 2.14351497
 1.28284799 1.99169177 0.44607237 0.59937524]
DEBUG: Planck15 ages (Gyr): [3.68440584 9.71985775 3.36524423 3.55236484 2.81124843 3.06672306
 4.87019243 3.29729477 9.01187641 7.92120549]
DEBUG: cosmo_colibre ages (Gyr): [3.68534388 9.70695554 3.36644992 3.55341862 2.81282264 3.06814222
 4.8697598  3.29855215 9.00149457 7.9142467 ]
DEBUG: us.look_back_time -> ages (Gyr): [3.68534388 9.70695554 3.36644992 3.55341862 2.81282264 3.06814222
 4.86975981 3.29855215 9.00149457 7.91424671]
[7/100] subhalo 642373 done; total_formed=6.749e+00
Building SWIFTGalaxy for subhalo 640749 (soap_index=57680921)
Read masses: Nstars=106357, sum_current=1.411631e+11 Msun
DEBUG: sample z (first valid): [1.73522538 0.27402799 1.63133382 1.0004884  3.08069738 1.32743803
 1.3855562  1.95340243 0.96710289 2.59337647]
DEBUG: Planck15 ages (Gyr): [ 3.7570101  10.52261421  3.97361959  5.86056798  2.0857783   4.73821721
  4.57460116  3.35993647  5.9984593   2.5183751 ]
DEBUG: cosmo_colibre ages (Gyr): [ 3.75788144 10.50658219  3.97427895  5.858506    2.08765679  4.73796759
  4.5745676   3.36114626  5.99613384  2.52009625]
DEBUG: us.look_back_time -> ages (Gyr): [ 3.75788144 10.50658219  3.97427895  5.858506    2.0876568   4.73796759
  4.5745676   3.36114626  5.99613384  2.52009626]
[8/100] subhalo 640749 done; total_formed=2.367e+01
Building SWIFTGalaxy for subhalo 640784 (soap_index=57680922)
Read masses: Nstars=28040, sum_current=3.752823e+10 Msun
DEBUG: sample z (first valid): [1.22578454 1.8172986  0.69817579 6.83923445 7.537224   1.11884901
 0.99756157 0.45687356 1.02521632 0.96145098]
DEBUG: Planck15 ages (Gyr): [5.04783542 3.59909476 7.32045727 0.78590204 0.69146003 5.40976594
 5.87245686 8.92789602 5.76161322 6.02230611]
DEBUG: cosmo_colibre ages (Gyr): [5.04714398 3.60010839 7.31513939 0.78776529 0.69328053 5.40850233
 5.87037252 8.91779778 5.75973472 6.01993416]
DEBUG: us.look_back_time -> ages (Gyr): [5.04714398 3.60010839 7.31513939 0.78776529 0.69328053 5.40850234
 5.87037252 8.91779778 5.75973473 6.01993416]
[9/100] subhalo 640784 done; total_formed=6.229e+00
Building SWIFTGalaxy for subhalo 1291510 (soap_index=57680952)
Read masses: Nstars=62176, sum_current=8.247301e+10 Msun
DEBUG: sample z (first valid): [3.24538447 2.49898558 7.27265842 3.21643183 3.44854738 1.7835542
 1.80188115 1.66927338 3.81528288 2.25369874]
DEBUG: Planck15 ages (Gyr): [1.96665435 2.61937029 0.72492212 1.98677056 1.83448658 3.66269262
 3.62792751 3.89222538 1.63016681 2.91542064]
DEBUG: cosmo_colibre ages (Gyr): [1.96856355 2.62104447 0.72675884 1.98867497 1.83642332 3.66365018
 3.62891592 3.8929667  1.63213214 2.91693467]
DEBUG: us.look_back_time -> ages (Gyr): [1.96856355 2.62104447 0.72675884 1.98867497 1.83642333 3.66365018
 3.62891592 3.8929667  1.63213214 2.91693468]
[10/100] subhalo 1291510 done; total_formed=1.364e+01
Building SWIFTGalaxy for subhalo 3804825 (soap_index=57681000)
Read masses: Nstars=20254, sum_current=2.710898e+10 Msun
DEBUG: sample z (first valid): [1.45177703 2.73467062 2.07738542 1.68238376 1.50500726 2.5675558
 2.14351497 2.36461649 1.61141218 2.0785419 ]
DEBUG: Planck15 ages (Gyr): [4.39895198 2.37871209 3.16380887 3.86472459 4.26548097 2.54535797
 3.06672306 2.77508305 4.01746731 3.16206805]
DEBUG: cosmo_colibre ages (Gyr): [4.39913716 2.38049184 3.16516246 3.86549297 4.26582333 2.54706696
 3.06814222 2.77667717 4.01808136 3.16342284]
DEBUG: us.look_back_time -> ages (Gyr): [4.39913717 2.38049184 3.16516246 3.86549297 4.26582334 2.54706696
 3.06814222 2.77667718 4.01808137 3.16342285]
[11/100] subhalo 3804825 done; total_formed=4.551e+00
Building SWIFTGalaxy for subhalo 1287289 (soap_index=57708749)
Read masses: Nstars=21909, sum_current=2.935496e+10 Msun
DEBUG: sample z (first valid): [7.89105956 2.95844407 1.38364734 1.2167501  1.3487922  2.05216095
 1.99387848 0.64382462 5.85594727 7.64191996]
DEBUG: Planck15 ages (Gyr): [0.65055597 2.18213135 4.57983052 5.07690585 4.67702693 3.20217183
 3.29377488 7.64200116 0.96088375 0.67892094]
DEBUG: cosmo_colibre ages (Gyr): [0.65235489 2.18398099 4.57979024 5.07617069 4.67685952 3.20349848
 3.29503489 7.63582682 0.96280467 0.68073504]
DEBUG: us.look_back_time -> ages (Gyr): [0.6523549  2.18398099 4.57979024 5.07617069 4.67685952 3.20349849
 3.29503489 7.63582683 0.96280467 0.68073504]
[12/100] subhalo 1287289 done; total_formed=4.907e+00
Building SWIFTGalaxy for subhalo 2474390 (soap_index=57727099)
Read masses: Nstars=85828, sum_current=1.106919e+11 Msun
DEBUG: sample z (first valid): [3.14339002 0.01123318 0.0095508  0.01023554 1.66493169 3.72297492
 1.61578989 1.03553236 2.9460501  3.85451852]
DEBUG: Planck15 ages (Gyr): [ 2.03905923 13.63679456 13.66071292 13.65097093  3.90140258  1.67791874
  4.00776507  5.72110531  2.19230895  1.61054736]
DEBUG: cosmo_colibre ages (Gyr): [ 2.04095043 13.60617878 13.62997182 13.6202809   3.90213479  1.67987894
  4.00838922  5.71930058  2.19415533  1.61251451]
DEBUG: us.look_back_time -> ages (Gyr): [ 2.04095043 13.60617878 13.62997182 13.6202809   3.9021348   1.67987895
  4.00838922  5.71930058  2.19415533  1.61251452]
[13/100] subhalo 2474390 done; total_formed=1.843e+01
Building SWIFTGalaxy for subhalo 2539676 (soap_index=57889888)
Read masses: Nstars=13515, sum_current=2.030712e+10 Msun
DEBUG: sample z (first valid): [1.11365542 0.82368655 1.5142331  0.2334563  0.19139034 0.18681637
 1.14127949 0.12465678 1.71730658 0.38425144]
DEBUG: Planck15 ages (Gyr): [ 5.42838367  6.6526067   4.24301073 10.93235916 11.38186644 11.43233067
  5.330507   12.15093021  3.79298534  9.51579853]
DEBUG: cosmo_colibre ages (Gyr): [ 5.42708899  6.64890665  4.2433788  10.91462269 11.36218037 11.41242065
  5.32937388 12.12772366  3.79382283  9.50364627]
DEBUG: us.look_back_time -> ages (Gyr): [ 5.42708899  6.64890666  4.2433788  10.91462269 11.36218037 11.41242065
  5.32937388 12.12772366  3.79382283  9.50364627]
[14/100] subhalo 2539676 done; total_formed=3.319e+00
Building SWIFTGalaxy for subhalo 1326403 (soap_index=57896048)
Read masses: Nstars=15950, sum_current=2.217061e+10 Msun
DEBUG: sample z (first valid): [1.93936132 1.19213273 0.7414966  1.2245757  1.11720618 1.57691098
 2.7168784  1.88653982 0.97564211 0.78923228]
DEBUG: Planck15 ages (Gyr): [3.38339552 5.15748343 7.07873512 5.05170979 5.41564417 4.09527844
 2.39558863 3.47408289 5.9627097  6.82629333]
DEBUG: cosmo_colibre ages (Gyr): [3.38458709 5.15662504 7.07402791 5.05101255 5.41437077 4.09581009
 2.39736169 3.47520194 5.96045342 6.82219345]
DEBUG: us.look_back_time -> ages (Gyr): [3.38458709 5.15662504 7.07402791 5.05101255 5.41437077 4.09581009
 2.39736169 3.47520194 5.96045343 6.82219345]
[15/100] subhalo 1326403 done; total_formed=3.701e+00
Building SWIFTGalaxy for subhalo 1327946 (soap_index=57896067)
Read masses: Nstars=244448, sum_current=3.142226e+11 Msun
DEBUG: sample z (first valid): [2.87054099 8.22197988 1.7826087  2.50722466 2.65510318 7.74746396
 4.27877567 2.82490954 1.64770524 2.93090211]
DEBUG: Planck15 ages (Gyr): [2.25604334 0.61581373 3.66450084 2.61029144 2.45574335 0.6666583
 1.42113224 2.29605531 3.93816223 2.20485482]
DEBUG: cosmo_colibre ages (Gyr): [2.25786843 0.61759269 3.66545678 2.61197    2.45749169 0.66846596
 1.4231082  2.29786624 3.93885764 2.20669713]
DEBUG: us.look_back_time -> ages (Gyr): [2.25786843 0.61759269 3.66545678 2.61197    2.45749169 0.66846596
 1.4231082  2.29786624 3.93885764 2.20669713]
[16/100] subhalo 1327946 done; total_formed=5.206e+01
Building SWIFTGalaxy for subhalo 5268457 (soap_index=57896153)
Read masses: Nstars=23019, sum_current=2.914442e+10 Msun
DEBUG: sample z (first valid): [2.69216901 2.77990541 3.90649098 2.37154028 1.86283418 2.96323174
 2.30322581 2.09132075 2.50947842 2.57066579]
DEBUG: Planck15 ages (Gyr): [2.41935564 2.33667602 1.58515471 2.76669151 3.51607641 2.1782207
 2.85135157 3.14293603 2.60781698 2.54208286]
DEBUG: cosmo_colibre ages (Gyr): [2.4211191  2.33847194 1.58712397 2.76829018 3.51716075 2.18007158
 2.85290311 3.14430403 2.60949672 2.54379334]
DEBUG: us.look_back_time -> ages (Gyr): [2.4211191  2.33847195 1.58712397 2.76829019 3.51716075 2.18007158
 2.85290311 3.14430403 2.60949672 2.54379334]
[17/100] subhalo 5268457 done; total_formed=4.920e+00
Building SWIFTGalaxy for subhalo 313748 (soap_index=57962368)
Read masses: Nstars=34139, sum_current=4.657218e+10 Msun
DEBUG: sample z (first valid): [0.63971177 0.73817102 2.32974291 1.13180665 1.02221674 3.29040917
 3.75933188 0.877392   0.48999636 1.97161513]
DEBUG: Planck15 ages (Gyr): [7.66720395 7.09685465 2.81799144 5.36375396 5.77347631 1.93603284
 1.6588377  6.39519904 8.6774916  3.32990051]
DEBUG: cosmo_colibre ages (Gyr): [7.66096036 7.09210266 2.81956188 5.36256646 5.77157607 1.93794905
 1.66080007 6.39206459 8.66821933 3.33113331]
DEBUG: us.look_back_time -> ages (Gyr): [7.66096036 7.09210266 2.81956189 5.36256647 5.77157607 1.93794905
 1.66080007 6.39206459 8.66821933 3.33113332]
[18/100] subhalo 313748 done; total_formed=7.787e+00
Building SWIFTGalaxy for subhalo 142416 (soap_index=57999308)
Read masses: Nstars=17059, sum_current=2.346104e+10 Msun
DEBUG: sample z (first valid): [0.51633503 1.3487922  3.88418542 5.04464121 3.34128246 0.26693474
 0.26722871 0.34031414 0.13133545 6.21285494]
DEBUG: Planck15 ages (Gyr): [ 8.48577347  4.67702693  1.59597092  1.16042854  1.90237105 10.5926341
 10.58971882  9.89954957 12.07069152  0.89048003]
DEBUG: cosmo_colibre ages (Gyr): [ 8.47711355  4.67685952  1.59793931  1.1623882   1.90429452 10.57631583
 10.5734125   9.88597144 12.04786282  0.89238075]
DEBUG: us.look_back_time -> ages (Gyr): [ 8.47711355  4.67685952  1.59793932  1.16238821  1.90429452 10.57631583
 10.5734125   9.88597144 12.04786282  0.89238075]
[19/100] subhalo 142416 done; total_formed=3.920e+00
Building SWIFTGalaxy for subhalo 2586938 (soap_index=58011474)
Read masses: Nstars=24197, sum_current=3.599551e+10 Msun
DEBUG: sample z (first valid): [ 4.09690465  7.94506244  5.34669766  3.4755856   2.33245195  2.6052371
 12.73056778  6.45150654  1.11338278  0.15274748]
DEBUG: Planck15 ages (Gyr): [ 1.49755732  0.64466684  1.07870479  1.81800549  2.81461937  2.50613793
  0.33851379  0.84804771  5.42936382 11.81845504]
DEBUG: cosmo_colibre ages (Gyr): [ 1.49953168  0.64646249  1.08065165  1.81994517  2.8161917   2.50786452
  0.34005671  0.84993436  5.4280675  11.79679834]
DEBUG: us.look_back_time -> ages (Gyr): [ 1.49953168  0.6464625   1.08065165  1.81994517  2.8161917   2.50786452
  0.34005672  0.84993437  5.4280675  11.79679834]
[20/100] subhalo 2586938 done; total_formed=5.883e+00
Building SWIFTGalaxy for subhalo 317554 (soap_index=58028965)
Read masses: Nstars=19095, sum_current=2.777734e+10 Msun
DEBUG: sample z (first valid): [5.34669766 4.64138762 1.6237489  3.75208469 3.34128246 3.34128246
 3.15811179 0.81218892 1.80116259 0.82044444]
DEBUG: Planck15 ages (Gyr): [1.07870479 1.28674765 3.99022243 1.66261244 1.90237105 1.90237105
 2.02833867 6.70980048 3.62928045 6.66865767]
DEBUG: cosmo_colibre ages (Gyr): [1.08065165 1.28871961 3.99086474 1.6645744  1.90429452 1.90429452
 2.03023266 6.70597039 3.63026767 6.66492129]
DEBUG: us.look_back_time -> ages (Gyr): [1.08065165 1.28871961 3.99086474 1.6645744  1.90429452 1.90429452
 2.03023267 6.7059704  3.63026767 6.66492129]
[21/100] subhalo 317554 done; total_formed=4.539e+00
Building SWIFTGalaxy for subhalo 315018 (soap_index=58058183)
Read masses: Nstars=15034, sum_current=1.990880e+10 Msun
DEBUG: sample z (first valid): [2.92243237 2.05386766 3.27362243 2.58865404 2.415468   1.56060014
 1.50903522 4.30698842 3.28788275 1.02621815]
DEBUG: Planck15 ages (Gyr): [2.21192135 3.19955224 1.94735686 2.52327483 2.71440842 4.13291546
 4.25564704 1.40985607 1.93773015 5.75765957]
DEBUG: cosmo_colibre ages (Gyr): [2.21376134 3.20088076 1.94927052 2.5249938  2.71603484 4.13340632
 4.25600069 1.41183203 1.93964597 5.75578831]
DEBUG: us.look_back_time -> ages (Gyr): [2.21376135 3.20088076 1.94927052 2.5249938  2.71603484 4.13340632
 4.25600069 1.41183203 1.93964597 5.75578831]
[22/100] subhalo 315018 done; total_formed=3.350e+00
Building SWIFTGalaxy for subhalo 15698576 (soap_index=58113341)
Read masses: Nstars=17844, sum_current=2.477893e+10 Msun
DEBUG: sample z (first valid): [6.76768994 3.75208469 1.53347766 4.00465827 4.6992782  3.52721746
 6.77598481 2.82000466 8.60445519 3.71821454]
DEBUG: Planck15 ages (Gyr): [0.79678889 1.66261244 4.19674846 1.53896442 1.2672435  1.78720574
 0.79551386 2.30042574 0.57934699 1.68044401]
DEBUG: cosmo_colibre ages (Gyr): [0.79865649 1.6645744  4.19716877 1.5409368  1.26921412 1.78915063
 0.79738096 2.30223508 0.58110321 1.68240392]
DEBUG: us.look_back_time -> ages (Gyr): [0.7986565  1.6645744  4.19716877 1.5409368  1.26921412 1.78915063
 0.79738096 2.30223509 0.58110321 1.68240392]
[23/100] subhalo 15698576 done; total_formed=4.102e+00
Building SWIFTGalaxy for subhalo 5282282 (soap_index=58114254)
Read masses: Nstars=65061, sum_current=8.418832e+10 Msun
DEBUG: sample z (first valid): [5.7181958  4.81611644 7.29779691 1.72408346 1.38729419 5.94016732
 0.01536936 8.16587413 1.53210726 1.26454734]
DEBUG: Planck15 ages (Gyr): [ 0.99056727  1.2293413   0.72162791  3.77931408  4.56984825  0.94345568
 13.57823924  0.62148407  4.20001585  4.92606411]
DEBUG: cosmo_colibre ages (Gyr): [ 0.99249561  1.23130875  0.72346309  3.7801645   4.56982078  0.94537194
 13.54792949  0.62326639  4.20043249  4.92555163]
DEBUG: us.look_back_time -> ages (Gyr): [ 0.99249561  1.23130875  0.72346309  3.7801645   4.56982079  0.94537195
 13.54792949  0.62326639  4.2004325   4.92555163]
[24/100] subhalo 5282282 done; total_formed=1.411e+01
Building SWIFTGalaxy for subhalo 315278 (soap_index=58120528)
Read masses: Nstars=67156, sum_current=8.843191e+10 Msun
DEBUG: sample z (first valid): [1.55401403 8.31636932 5.1565054  0.94653677 0.86160664 0.98257502
 5.17506831 0.80420659 0.68006563 0.7114802 ]
DEBUG: Planck15 ages (Gyr): [4.14827127 0.60646622 1.12899916 6.08594982 6.46923157 5.93392978
 1.1239204  6.7499561  7.42526839 7.24489263]
DEBUG: cosmo_colibre ages (Gyr): [4.14874532 0.60823953 1.13095437 6.08345247 6.46593774 5.93172875
 1.12587484 6.74603376 7.41967688 7.23976872]
DEBUG: us.look_back_time -> ages (Gyr): [4.14874532 0.60823953 1.13095437 6.08345247 6.46593774 5.93172876
 1.12587484 6.74603376 7.41967688 7.23976872]
[25/100] subhalo 315278 done; total_formed=1.479e+01
Building SWIFTGalaxy for subhalo 324612 (soap_index=58186555)
Read masses: Nstars=58814, sum_current=8.453247e+10 Msun
DEBUG: sample z (first valid): [5.65002537 0.34648258 3.78574558 3.1854643  4.53934579 6.80748153
 0.37692243 3.55839188 0.90977969 2.32737612]
DEBUG: Planck15 ages (Gyr): [1.00582526 9.84432139 1.64519936 2.00866578 1.32236353 0.79070314
 9.57827777 1.76902496 6.24736753 2.82094294]
DEBUG: cosmo_colibre ages (Gyr): [1.00775717 9.83095254 1.64716318 2.01056479 1.32433742 0.79256832
 9.56589789 1.77097274 6.24454339 2.82251173]
DEBUG: us.look_back_time -> ages (Gyr): [1.00775718 9.83095254 1.64716319 2.01056479 1.32433743 0.79256833
 9.56589789 1.77097274 6.24454339 2.82251173]
[26/100] subhalo 324612 done; total_formed=1.390e+01
Building SWIFTGalaxy for subhalo 3909472 (soap_index=58233274)
Read masses: Nstars=87413, sum_current=1.162931e+11 Msun
DEBUG: sample z (first valid): [3.795551   0.27531719 2.89030037 4.97138952 0.69676885 2.57612136
 0.49108118 2.93798822 0.76228891 3.74245604]
DEBUG: Planck15 ages (Gyr): [ 1.64018367 10.50996     2.23907268  1.18180511  7.32851861  2.53635437
  8.66946813  2.19897125  6.9670419   1.66764963]
DEBUG: cosmo_colibre ages (Gyr): [ 1.64214801 10.49397949  2.24090359  1.18376747  7.32317988  2.53806745
  8.66022183  2.20081548  6.96260724  1.66961103]
DEBUG: us.look_back_time -> ages (Gyr): [ 1.64214801 10.49397949  2.24090359  1.18376747  7.32317988  2.53806745
  8.66022183  2.20081548  6.96260724  1.66961103]
[27/100] subhalo 3909472 done; total_formed=1.944e+01
Building SWIFTGalaxy for subhalo 1357048 (soap_index=58250881)
Read masses: Nstars=51366, sum_current=7.123103e+10 Msun
DEBUG: sample z (first valid): [0.26050162 7.28102098 0.57842004 5.30821061 0.75869472 5.77304671
 0.58944509 0.48432687 2.90653314 0.33224915]
DEBUG: Planck15 ages (Gyr): [10.65672135  0.7238235   8.05821791  1.08857835  6.98615484  0.97856748
  7.98569017  8.71960468  2.22528781  9.97244332]
DEBUG: cosmo_colibre ages (Gyr): [10.64013925  0.72565971  8.05086038  1.09052697  6.98167397  0.98049289
  7.97854485  8.71019557  2.22712337  9.95858689]
DEBUG: us.look_back_time -> ages (Gyr): [10.64013925  0.72565971  8.05086038  1.09052697  6.98167397  0.98049289
  7.97854485  8.71019557  2.22712337  9.95858689]
[28/100] subhalo 1357048 done; total_formed=1.182e+01
Building SWIFTGalaxy for subhalo 1379140 (soap_index=58319611)
Read masses: Nstars=17974, sum_current=2.556337e+10 Msun
DEBUG: sample z (first valid): [4.60136752 7.9634138  7.33155352 1.97566291 2.63080332 5.81459915
 6.42113011 0.13360548 4.275801   5.99647699]
DEBUG: Planck15 ages (Gyr): [ 1.30052409  0.64268574  0.71724334  3.32328444  2.48009035  0.96963686
  0.85326012 12.04359007  1.42232989  0.93209406]
DEBUG: cosmo_colibre ages (Gyr): [ 1.30249687  0.64448028  0.71907645  3.32452226  2.4818283   0.97156003
  0.85514858 12.02088845  1.42430584  0.93400717]
DEBUG: us.look_back_time -> ages (Gyr): [ 1.30249688  0.64448028  0.71907645  3.32452227  2.4818283   0.97156003
  0.85514858 12.02088845  1.42430584  0.93400717]
[29/100] subhalo 1379140 done; total_formed=4.253e+00
Building SWIFTGalaxy for subhalo 54994 (soap_index=58357369)
Read masses: Nstars=36164, sum_current=5.069875e+10 Msun
DEBUG: sample z (first valid): [1.58402334 2.12105915 1.55142879 4.21326863 1.82312398 0.80103331
 1.98623895 0.68179019 1.36080692 9.18193117]
DEBUG: Planck15 ages (Gyr): [4.0790397  3.09913816 4.15432404 1.44789895 3.58829733 6.76602267
 3.30609882 7.41518926 4.64315278 0.53068807]
DEBUG: cosmo_colibre ages (Gyr): [4.07958876 3.10053583 4.15479143 1.44987466 3.58932031 6.7620632
 3.3073496  7.40962429 4.64303015 0.53241081]
DEBUG: us.look_back_time -> ages (Gyr): [4.07958876 3.10053584 4.15479143 1.44987466 3.58932032 6.7620632
 3.30734961 7.40962429 4.64303016 0.53241081]
[30/100] subhalo 54994 done; total_formed=8.388e+00
Building SWIFTGalaxy for subhalo 329041 (soap_index=58376719)
Read masses: Nstars=50554, sum_current=7.227618e+10 Msun
DEBUG: sample z (first valid): [3.08476689 2.49227326 5.20664836 9.9482125  1.88781176 1.70206976
 1.14253956 1.0407299  0.95840306 6.51215039]
DEBUG: Planck15 ages (Gyr): [2.08269222 2.6268052  1.11536688 0.47585761 3.4718528  3.82401753
 5.32610911 5.70086567 6.03522764 0.8377985 ]
DEBUG: cosmo_colibre ages (Gyr): [2.08457158 2.62847577 1.11731998 0.47753769 3.47297367 3.82482539
 5.32498315 5.69909751 6.03283039 0.83968153]
DEBUG: us.look_back_time -> ages (Gyr): [2.08457159 2.62847577 1.11731998 0.47753769 3.47297367 3.8248254
 5.32498315 5.69909751 6.03283039 0.83968154]
[31/100] subhalo 329041 done; total_formed=1.187e+01
Building SWIFTGalaxy for subhalo 55645 (soap_index=58408535)
Read masses: Nstars=33782, sum_current=4.687592e+10 Msun
DEBUG: sample z (first valid): [8.43031873 0.82125389 0.33051811 0.15510434 0.42457178 1.42815858
 1.99360497 2.28698967 0.90866729 1.4332071 ]
DEBUG: Planck15 ages (Gyr): [ 0.59549204  6.66464468  9.98819101 11.79114978  9.18256742  4.46033791
  3.29421482  2.87209856  6.25235643  4.44710129]
DEBUG: cosmo_colibre ages (Gyr): [ 0.59725856  6.66091739  9.97427415 11.76961849  9.17159902  4.46044819
  3.29547449  2.87363812  6.24952198  4.44722786]
DEBUG: us.look_back_time -> ages (Gyr): [ 0.59725857  6.66091739  9.97427415 11.76961849  9.17159902  4.4604482
  3.29547449  2.87363813  6.24952199  4.44722786]
[32/100] subhalo 55645 done; total_formed=7.818e+00
Building SWIFTGalaxy for subhalo 1383539 (soap_index=58419932)
Read masses: Nstars=43350, sum_current=5.767795e+10 Msun
DEBUG: sample z (first valid): [2.27450784 0.70241064 7.         3.00073256 1.16119245 1.2700381
 2.52230463 3.10138307 2.71856559 1.36165766]
DEBUG: Planck15 ages (Gyr): [2.888217   7.29627445 0.76232083 2.14798526 5.26167354 4.90919396
 2.59380781 2.07016939 2.39397982 4.64076912]
DEBUG: cosmo_colibre ages (Gyr): [2.88974715 7.29101895 0.76417426 2.14984553 5.26065138 4.90870574
 2.59549424 2.07205222 2.39575352 4.64064962]
DEBUG: us.look_back_time -> ages (Gyr): [2.88974715 7.29101895 0.76417426 2.14984554 5.26065138 4.90870574
 2.59549425 2.07205222 2.39575352 4.64064962]
[33/100] subhalo 1383539 done; total_formed=9.683e+00
Building SWIFTGalaxy for subhalo 700814 (soap_index=58443876)
Read masses: Nstars=43928, sum_current=5.949694e+10 Msun
DEBUG: sample z (first valid): [3.5813352  0.44607237 6.11111111 0.31672426 3.00268735 0.39378988
 0.36955613 5.48357736 5.00806747 0.57040161]
DEBUG: Planck15 ages (Gyr): [ 1.75583914  9.01187641  0.9096546  10.11498264  2.1464282   9.43537736
  9.64168374  1.04476626  1.17102065  8.11159257]
DEBUG: cosmo_colibre ages (Gyr): [ 1.75778893  9.00149457  0.9115612  10.10057523  2.14828895  9.42351548
  9.62907105  1.04670659  1.17298168  8.10407725]
DEBUG: us.look_back_time -> ages (Gyr): [ 1.75778894  9.00149457  0.9115612  10.10057523  2.14828895  9.42351548
  9.62907105  1.04670659  1.17298168  8.10407725]
[34/100] subhalo 700814 done; total_formed=9.811e+00
Building SWIFTGalaxy for subhalo 339872 (soap_index=58561473)
Read masses: Nstars=164808, sum_current=2.216585e+11 Msun
DEBUG: sample z (first valid): [8.37299771 3.81634453 1.57650574 0.99197568 0.62394687 1.04953715
 4.36213386 1.03237611 4.35162502 3.54795281]
DEBUG: Planck15 ages (Gyr): [0.60097084 1.62963074 4.09620681 5.8952522  7.7649866  5.6668258
 1.3882391  5.73345126 1.39231599 1.77507876]
DEBUG: cosmo_colibre ages (Gyr): [0.60274077 1.63159612 4.09673746 5.8931248  7.75847139 5.6651187
 1.3902149  5.73162413 1.39429184 1.77702559]
DEBUG: us.look_back_time -> ages (Gyr): [0.60274077 1.63159612 4.09673746 5.8931248  7.75847139 5.6651187
 1.3902149  5.73162413 1.39429184 1.7770256 ]
[35/100] subhalo 339872 done; total_formed=3.689e+01
Building SWIFTGalaxy for subhalo 9602949 (soap_index=58612719)
Read masses: Nstars=23831, sum_current=3.200657e+10 Msun
DEBUG: sample z (first valid): [1.03136817 3.68013997 0.67714198 0.68646423 0.57553611 0.75417559
 8.43982715 0.59859498 0.89585744 1.25535137]
DEBUG: Planck15 ages (Gyr): [5.73740271 1.70087021 7.44240337 7.3879767  8.07735366 7.01030101
 0.59459125 7.92624382 6.31025595 4.95452618]
DEBUG: cosmo_colibre ages (Gyr): [5.7355684  1.70282762 7.43676661 7.38248316 8.06993972 7.00576151
 0.5963572  7.91927054 6.30730109 4.95397248]
DEBUG: us.look_back_time -> ages (Gyr): [5.7355684  1.70282762 7.43676661 7.38248316 8.06993972 7.00576151
 0.59635721 7.91927054 6.30730109 4.95397248]
[36/100] subhalo 9602949 done; total_formed=5.360e+00
Building SWIFTGalaxy for subhalo 154364 (soap_index=58724005)
Read masses: Nstars=123598, sum_current=1.556381e+11 Msun
DEBUG: sample z (first valid): [3.62237269 2.82580269 2.04224306 1.96972993 2.12821002 2.14110429
 3.73765633 1.10483042 1.59199494 0.36556093]
DEBUG: Planck15 ages (Gyr): [1.73265628 2.29526096 3.21746413 3.33298919 3.08875525 3.07017625
 1.67017003 5.46025228 4.06096243 9.67633059]
DEBUG: cosmo_colibre ages (Gyr): [1.73460943 2.29707217 3.21877989 3.33421964 3.09015985 3.07159314
 1.67213114 5.45890402 4.06153074 9.66358992]
DEBUG: us.look_back_time -> ages (Gyr): [1.73460944 2.29707217 3.21877989 3.33421965 3.09015986 3.07159314
 1.67213114 5.45890403 4.06153074 9.66358992]
[37/100] subhalo 154364 done; total_formed=2.623e+01
Building SWIFTGalaxy for subhalo 154378 (soap_index=58724006)
Read masses: Nstars=29260, sum_current=3.653228e+10 Msun
DEBUG: sample z (first valid): [2.44418751 1.06725128 0.68213552 1.0862036  5.623143   0.34648258
 0.6430004  0.81379387 0.65344636 2.16752054]
DEBUG: Planck15 ages (Gyr): [2.68109699 5.59932307 7.41317346 5.52849534 1.01194975 9.84432139
 7.64704173 6.70177127 7.58353043 3.03267983]
DEBUG: cosmo_colibre ages (Gyr): [2.68274054 5.59773544 7.40761379 5.52703076 1.01388306 9.83095254
 7.64085357 6.69795953 7.57751558 3.03412111]
DEBUG: us.look_back_time -> ages (Gyr): [2.68274054 5.59773544 7.4076138  5.52703076 1.01388306 9.83095254
 7.64085357 6.69795953 7.57751558 3.03412112]
[38/100] subhalo 154378 done; total_formed=6.160e+00
Building SWIFTGalaxy for subhalo 1269488 (soap_index=58908314)
Read masses: Nstars=87956, sum_current=1.172097e+11 Msun
DEBUG: sample z (first valid): [0.5147929  5.58984414 4.18030195 6.18360189 0.57994214 0.23643499
 0.21832243 7.80091318 3.23687613 0.26244414]
DEBUG: Planck15 ages (Gyr): [ 8.4968233   1.01962242  1.46168724  0.89592376  8.04814585 10.90150135
 11.09109491  0.66058803  1.97253087 10.63731091]
DEBUG: cosmo_colibre ages (Gyr): [ 8.48812856  1.02155744  1.46366269  0.89782618  8.04081794 10.88389569
 11.07267936  0.66239244  1.97443869 10.62080891]
DEBUG: us.look_back_time -> ages (Gyr): [ 8.48812856  1.02155744  1.46366269  0.89782618  8.04081794 10.88389569
 11.07267936  0.66239244  1.97443869 10.62080891]
[39/100] subhalo 1269488 done; total_formed=1.943e+01
Building SWIFTGalaxy for subhalo 45941 (soap_index=58915442)
Read masses: Nstars=19765, sum_current=2.608762e+10 Msun
DEBUG: sample z (first valid): [1.6898703  2.40978148 2.30322581 1.86383499 2.00982824 2.02678736
 3.38338573 3.91753583 2.03491711 2.17889018]
DEBUG: Planck15 ages (Gyr): [3.84916142 2.72108479 2.85135157 3.51428683 3.26828537 3.24153405
 1.87523748 1.57984382 3.22883669 3.01677134]
DEBUG: cosmo_colibre ages (Gyr): [3.84994498 2.72270773 2.85290311 3.51537267 3.26956426 3.24283247
 1.87716647 1.58181348 3.23014429 3.0182228 ]
DEBUG: us.look_back_time -> ages (Gyr): [3.84994498 2.72270773 2.85290311 3.51537267 3.26956426 3.24283247
 1.87716648 1.58181349 3.23014429 3.01822281]
[40/100] subhalo 45941 done; total_formed=4.388e+00
Building SWIFTGalaxy for subhalo 633574 (soap_index=58915474)
Read masses: Nstars=5212, sum_current=7.918315e+09 Msun
DEBUG: sample z (first valid): [2.78252338 3.00170971 1.95340243 2.05728681 1.81802546 2.08259643
 1.9026486  2.48744146 2.6975852  4.46133333]
DEBUG: Planck15 ages (Gyr): [2.33428069 2.14720669 3.35993647 3.19431479 3.59774464 3.1559772
 3.44601064 2.63217864 2.41411289 1.35071033]
DEBUG: cosmo_colibre ages (Gyr): [2.33607752 2.1490672  3.36114626 3.19564701 3.59875944 3.15733621
 3.44715249 2.63384658 2.41587849 1.3526853 ]
DEBUG: us.look_back_time -> ages (Gyr): [2.33607752 2.1490672  3.36114626 3.19564701 3.59875944 3.15733622
 3.44715249 2.63384658 2.41587849 1.35268531]
[41/100] subhalo 633574 done; total_formed=1.332e+00
Building SWIFTGalaxy for subhalo 1276339 (soap_index=58915502)
Read masses: Nstars=20066, sum_current=2.655964e+10 Msun
DEBUG: sample z (first valid): [1.64770524 2.42403344 3.16842641 2.36946015 2.90839695 1.95900307
 2.65143749 2.1822861  2.29359735 2.49376266]
DEBUG: Planck15 ages (Gyr): [3.93816223 2.70440265 2.0208828  2.76920821 2.22371403 3.35065314
 2.4593909  3.01204622 2.86362531 2.62515248]
DEBUG: cosmo_colibre ages (Gyr): [3.93885764 2.70603426 2.02277871 2.77080553 2.22555011 3.35187009
 2.4611377  3.01350069 2.86516979 2.62682384]
DEBUG: us.look_back_time -> ages (Gyr): [3.93885764 2.70603426 2.02277871 2.77080553 2.22555011 3.35187009
 2.4611377  3.01350069 2.86516979 2.62682384]
[42/100] subhalo 1276339 done; total_formed=4.471e+00
Building SWIFTGalaxy for subhalo 298667 (soap_index=58940241)
Read masses: Nstars=86532, sum_current=1.191139e+11 Msun
DEBUG: sample z (first valid): [0.55372214 5.5164562  4.47227789 8.62349486 2.50760009 1.86158414
 3.43950684 3.31271387 1.24284736 3.57685593]
DEBUG: Planck15 ages (Gyr): [8.22433903 1.0368777  1.34667298 0.57762589 2.60987899 3.5183137
 1.84005243 1.92115403 4.9936493  1.75840063]
DEBUG: cosmo_colibre ages (Gyr): [8.21648588 1.03881641 1.34864783 0.57938099 2.61155774 3.51939617
 1.84198815 1.9230735  4.99303833 1.76035004]
DEBUG: us.look_back_time -> ages (Gyr): [8.21648588 1.03881641 1.34864783 0.579381   2.61155774 3.51939617
 1.84198816 1.9230735  4.99303833 1.76035004]
[43/100] subhalo 298667 done; total_formed=1.989e+01
Building SWIFTGalaxy for subhalo 134909 (soap_index=58963054)
Read masses: Nstars=12630, sum_current=1.696035e+10 Msun
DEBUG: sample z (first valid): [2.7530638  2.49004154 3.59611473 4.22240816 3.00439936 2.36461649
 2.21443987 2.06414812 3.00978953 1.82312398]
DEBUG: Planck15 ages (Gyr): [2.36147042 2.62928486 1.74743105 1.4441145  2.14506605 2.77508305
 2.96790095 3.18384678 2.14078672 3.58829733]
DEBUG: cosmo_colibre ages (Gyr): [2.36325688 2.63095421 1.74938209 1.44609026 2.14692721 2.77667717
 2.96938308 3.18518638 2.14264918 3.58932031]
DEBUG: us.look_back_time -> ages (Gyr): [2.36325688 2.63095421 1.74938209 1.44609026 2.14692721 2.77667718
 2.96938308 3.18518638 2.14264918 3.58932032]
[44/100] subhalo 134909 done; total_formed=2.853e+00
Building SWIFTGalaxy for subhalo 1277092 (soap_index=58963119)
Read masses: Nstars=40174, sum_current=5.406404e+10 Msun
DEBUG: sample z (first valid): [2.40305328 3.78155552 3.70331563 2.46348166 2.23506763 3.89147634
 1.77342361 2.20563491 3.93419666 2.95940068]
DEBUG: Planck15 ages (Gyr): [2.72901905 1.64735042 1.68838834 2.65909317 2.94013511 1.59242205
 3.68214257 2.97988382 1.57188807 2.18134905]
DEBUG: cosmo_colibre ages (Gyr): [2.73063782 1.64931402 1.6903473  2.66074781 2.94163425 1.59439074
 3.68308265 2.98135852 1.57385833 2.18319894]
DEBUG: us.look_back_time -> ages (Gyr): [2.73063783 1.64931402 1.6903473  2.66074781 2.94163426 1.59439074
 3.68308265 2.98135852 1.57385833 2.18319894]
[45/100] subhalo 1277092 done; total_formed=9.097e+00
Building SWIFTGalaxy for subhalo 2457030 (soap_index=58963218)
Read masses: Nstars=10266, sum_current=1.332591e+10 Msun
DEBUG: sample z (first valid): [1.75477091 0.7716263  2.53293801 2.95844407 3.20264204 2.38442471
 1.93962501 1.73112185 1.84000693 2.62919482]
DEBUG: Planck15 ages (Gyr): [3.7183959  6.91776257 2.58228727 2.18213135 1.99647152 2.75118618
 3.38295251 3.76519967 3.55730016 2.48171599]
DEBUG: cosmo_colibre ages (Gyr): [3.71930298 6.91344623 2.58397915 2.18398099 1.99837356 2.75279319
 3.38414442 3.76606336 3.55834973 2.48345324]
DEBUG: us.look_back_time -> ages (Gyr): [3.71930298 6.91344623 2.58397915 2.18398099 1.99837356 2.75279319
 3.38414442 3.76606336 3.55834974 2.48345324]
[46/100] subhalo 2457030 done; total_formed=2.236e+00
Building SWIFTGalaxy for subhalo 3788582 (soap_index=58963280)
Read masses: Nstars=44358, sum_current=6.283557e+10 Msun
DEBUG: sample z (first valid): [2.54363577 1.28157638 1.23428338 1.53465347 4.65599379 1.45489961
 2.56522685 1.36797225 4.85456495 6.33146884]
DEBUG: Planck15 ages (Gyr): [2.57078161 4.87404188 5.02072944 4.1939483  1.28177986 4.39093784
 2.54781511 4.62313753 1.21727837 0.86896013]
DEBUG: cosmo_colibre ages (Gyr): [2.57247887 4.87360379 5.02007842 4.19437173 1.2837515  4.39113268
 2.54952297 4.62304112 1.21924465 0.8708539 ]
DEBUG: us.look_back_time -> ages (Gyr): [2.57247887 4.87360379 5.02007843 4.19437174 1.2837515  4.39113269
 2.54952298 4.62304113 1.21924465 0.8708539 ]
[47/100] subhalo 3788582 done; total_formed=1.042e+01
Building SWIFTGalaxy for subhalo 3789566 (soap_index=58963293)
Read masses: Nstars=33985, sum_current=4.521256e+10 Msun
DEBUG: sample z (first valid): [0.03095897 6.45150654 3.3545515  0.50712906 4.83995723 0.38741638
 0.56634799 3.49831835 3.49831835 5.5164562 ]
DEBUG: Planck15 ages (Gyr): [13.36067752  0.84804771  1.89375009  8.55205754  1.2218382   9.48900268
  8.13877842  1.80433744  1.80433744  1.0368777 ]
DEBUG: cosmo_colibre ages (Gyr): [13.33149518  0.84993436  1.89567534  8.54318788  1.22380492  9.4769475
  8.1311822   1.80627948  1.80627948  1.03881641]
DEBUG: us.look_back_time -> ages (Gyr): [13.33149518  0.84993437  1.89567534  8.54318788  1.22380493  9.4769475
  8.1311822   1.80627949  1.80627949  1.03881641]
[48/100] subhalo 3789566 done; total_formed=7.514e+00
Building SWIFTGalaxy for subhalo 625875 (soap_index=59077757)
Read masses: Nstars=33879, sum_current=4.408789e+10 Msun
DEBUG: sample z (first valid): [0.15804354 0.67576966 0.49871936 3.25834958 7.29779691 3.89403331
 1.34408756 1.31510527 1.16447586 1.8543554 ]
DEBUG: Planck15 ages (Gyr): [11.75722345  7.45046708  8.61328704  1.95775508  0.72162791  1.59118054
  4.69039905  4.77414213  5.2504591   3.5312971 ]
DEBUG: cosmo_colibre ages (Gyr): [11.7358476   7.44480897  8.60422178  1.95966636  0.72346309  1.59314933
  4.69021381  4.77384348  5.24945481  3.53236868]
DEBUG: us.look_back_time -> ages (Gyr): [11.7358476   7.44480898  8.60422178  1.95966636  0.72346309  1.59314933
  4.69021381  4.77384348  5.24945481  3.53236869]
[49/100] subhalo 625875 done; total_formed=7.349e+00
Building SWIFTGalaxy for subhalo 1265641 (soap_index=59077782)
Read masses: Nstars=22637, sum_current=2.840091e+10 Msun
DEBUG: sample z (first valid): [ 5.04798819  5.06421764  2.88016578  3.00782779  2.15107222  3.51754325
 12.92753161  2.87282827  3.43710223  2.73680009]
DEBUG: Planck15 ages (Gyr): [1.15946717 1.1548242  2.24775054 2.14234254 3.05593867 1.79291064
 0.33133645 2.25406803 1.84153754 2.37670534]
DEBUG: cosmo_colibre ages (Gyr): [1.1614267  1.15678311 2.24957848 2.14420453 3.05736488 1.79485459
 0.33287066 2.2558938  1.84347299 2.37848587]
DEBUG: us.look_back_time -> ages (Gyr): [1.16142671 1.15678311 2.24957848 2.14420453 3.05736489 1.79485459
 0.33287066 2.2558938  1.84347299 2.37848587]
[50/100] subhalo 1265641 done; total_formed=4.801e+00
Building SWIFTGalaxy for subhalo 1265722 (soap_index=59077784)
Read masses: Nstars=14797, sum_current=1.897940e+10 Msun
DEBUG: sample z (first valid): [1.44646857 2.5253362  3.24455959 2.48521591 2.54172071 1.86008554
 3.33267222 2.52003438 3.19403558 4.43236074]
DEBUG: Planck15 ages (Gyr): [4.41263028 2.59051471 1.96722281 2.63465975 2.5728351  3.52099892
 1.90799995 2.59627843 2.0025658  1.36149554]
DEBUG: cosmo_colibre ages (Gyr): [4.41279891 2.59220271 1.96913188 2.63632648 2.5745314  3.52207915
 1.90992223 2.59796369 2.00446633 1.36347082]
DEBUG: us.look_back_time -> ages (Gyr): [4.41279891 2.59220271 1.96913188 2.63632648 2.57453141 3.52207915
 1.90992224 2.59796369 2.00446633 1.36347083]
[51/100] subhalo 1265722 done; total_formed=3.189e+00
Building SWIFTGalaxy for subhalo 4759 (soap_index=59151058)
Read masses: Nstars=22831, sum_current=2.997955e+10 Msun
DEBUG: sample z (first valid): [3.12383589 0.46416443 4.61865569 1.16005274 1.81487845 3.64399093
 3.59837216 2.92431138 4.24665759 3.10780995]
DEBUG: Planck15 ages (Gyr): [2.05344418 8.87186371 1.29454296 5.26557512 3.60359609 1.7206467
 1.74615267 2.21035042 1.43415249 2.06535905]
DEBUG: cosmo_colibre ages (Gyr): [2.05533156 8.86195285 1.2965154  5.26454674 3.6046058  1.72260151
 1.74810389 2.21219093 1.43612836 2.0672432 ]
DEBUG: us.look_back_time -> ages (Gyr): [2.05533156 8.86195285 1.2965154  5.26454674 3.60460581 1.72260151
 1.7481039  2.21219094 1.43612836 2.06724321]
[52/100] subhalo 4759 done; total_formed=5.055e+00
Building SWIFTGalaxy for subhalo 47836 (soap_index=59151069)
Read masses: Nstars=689864, sum_current=8.546659e+11 Msun
DEBUG: sample z (first valid): [0.2355026  0.02208359 0.5178803  0.32954638 0.32749959 0.28957104
 1.03136817 0.61561976 0.61561976 6.19859402]
DEBUG: Planck15 ages (Gyr): [10.91114692 13.48393416  8.47472268  9.99704702 10.01573812 10.37150738
  5.73740271  7.81740118  7.81740118  0.89312697]
DEBUG: cosmo_colibre ages (Gyr): [10.89350042 13.45411499  8.46609752  9.98309612 10.00171528 10.35608597
  5.7355684   7.81073846  7.81073846  0.89502852]
DEBUG: us.look_back_time -> ages (Gyr): [10.89350042 13.45411499  8.46609752  9.98309612 10.00171528 10.35608597
  5.7355684   7.81073846  7.81073846  0.89502852]
[53/100] subhalo 47836 done; total_formed=1.432e+02
Building SWIFTGalaxy for subhalo 304789 (soap_index=59151083)
Read masses: Nstars=17542, sum_current=2.440827e+10 Msun
DEBUG: sample z (first valid): [9.69538964 6.01820518 5.55622249 0.12628033 0.13164802 0.68179019
 0.68872397 0.45158147 0.70364979 0.57040161]
DEBUG: Planck15 ages (Gyr): [ 0.49286552  0.9277706   1.02746802 12.13135518 12.06695471  7.41518926
  7.37487497  8.96889687  7.28922149  8.11159257]
DEBUG: cosmo_colibre ages (Gyr): [ 0.49455943  0.92968249  1.02940474 12.10824104 12.04414355  7.40962429
  7.36941568  8.95866058  7.28398413  8.10407725]
DEBUG: us.look_back_time -> ages (Gyr): [ 0.49455944  0.92968249  1.02940474 12.10824104 12.04414355  7.40962429
  7.36941569  8.95866058  7.28398413  8.10407725]
[54/100] subhalo 304789 done; total_formed=4.076e+00
Building SWIFTGalaxy for subhalo 305406 (soap_index=59151090)
Read masses: Nstars=127858, sum_current=1.649937e+11 Msun
DEBUG: sample z (first valid): [0.08073879 6.09648078 0.03147822 0.04250445 0.02624491 0.10292831
 0.08460214 0.83143304 0.7041814  2.89446161]
DEBUG: Planck15 ages (Gyr): [12.69785552  0.91246824 13.35351552 13.20269239 13.42594634 12.4172694
 12.64836452  6.61449676  7.28619884  2.23552555]
DEBUG: cosmo_colibre ages (Gyr): [12.67201079  0.91437568 13.32437003 13.17431903 13.39642739 12.39279164
 12.62276294  6.61088248  7.28096925  2.23735766]
DEBUG: us.look_back_time -> ages (Gyr): [12.6720108   0.91437568 13.32437003 13.17431903 13.39642739 12.39279164
 12.62276294  6.61088248  7.28096925  2.23735767]
[55/100] subhalo 305406 done; total_formed=2.762e+01
Building SWIFTGalaxy for subhalo 3813798 (soap_index=59151276)
Read masses: Nstars=32026, sum_current=4.240289e+10 Msun
DEBUG: sample z (first valid): [2.91212989 5.89054779 2.97428745 1.69673278 1.64770524 8.11044693
 0.67542694 6.40603458 0.67388639 6.22796956]
DEBUG: Planck15 ages (Gyr): [2.22056747 0.95365947 2.16923426 3.83498456 3.93816223 0.62717157
 7.45248302 0.85587025 7.46155486 0.88768883]
DEBUG: cosmo_colibre ages (Gyr): [2.2224046  0.95557849 2.17108797 3.83578185 3.93885764 0.62895723
 7.44681958 0.85775961 7.45586736 0.88958867]
DEBUG: us.look_back_time -> ages (Gyr): [2.2224046  0.95557849 2.17108797 3.83578186 3.93885764 0.62895723
 7.44681958 0.85775961 7.45586736 0.88958867]
[56/100] subhalo 3813798 done; total_formed=7.105e+00
Building SWIFTGalaxy for subhalo 2464047 (soap_index=59207396)
Read masses: Nstars=16661, sum_current=2.262194e+10 Msun
DEBUG: sample z (first valid): [2.03688601 4.95944348 5.66354855 0.30342084 7.65961945 0.46560515
 3.2996982  0.39083192 0.39130435 1.12365522]
DEBUG: Planck15 ages (Gyr): [ 3.2257738   1.18535326  1.00276756 10.23949804  0.67683847  8.86085323
  1.92981333  9.46020942  9.45623693  5.39262672]
DEBUG: cosmo_colibre ages (Gyr): [ 3.2270836   1.18731604  1.00469878 10.22460202  0.67865149  8.85097903
  1.93173091  9.44825819  9.44430001  5.39139158]
DEBUG: us.look_back_time -> ages (Gyr): [ 3.2270836   1.18731605  1.00469878 10.22460202  0.67865149  8.85097903
  1.93173091  9.44825819  9.44430001  5.39139158]
[57/100] subhalo 2464047 done; total_formed=3.731e+00
Building SWIFTGalaxy for subhalo 636959 (soap_index=59227096)
Read masses: Nstars=50211, sum_current=7.238291e+10 Msun
DEBUG: sample z (first valid): [2.60881057 0.39521417 0.30737312 0.31208457 0.26050162 0.28310753
 0.15510434 0.13305671 0.16215066 0.2195013 ]
DEBUG: Planck15 ages (Gyr): [ 2.50247018  9.42345462 10.2022744  10.15815726 10.65672135 10.43396032
 11.79114978 12.05013384 11.71004839 11.07861146]
DEBUG: cosmo_colibre ages (Gyr): [ 2.50419838  9.41163553 10.18752515 10.14358119 10.64013925 10.41828773
 11.76961849 12.02740155 11.68888794 11.0602497 ]
DEBUG: us.look_back_time -> ages (Gyr): [ 2.50419838  9.41163553 10.18752515 10.14358119 10.64013925 10.41828773
 11.76961849 12.02740155 11.68888794 11.0602497 ]
[58/100] subhalo 636959 done; total_formed=1.171e+01
Building SWIFTGalaxy for subhalo 4802 (soap_index=59242980)
Read masses: Nstars=17735, sum_current=2.428982e+10 Msun
DEBUG: sample z (first valid): [3.50295451 0.34858836 4.42247228 0.08791501 3.7569137  6.20571743
 2.5185225  2.52192605 2.74705546 3.85200267]
DEBUG: Planck15 ages (Gyr): [ 1.80157082  9.82557067  1.36520931 12.60614196  1.66009565  0.89180318
  2.59792589  2.59421954  2.3670799   1.61179363]
DEBUG: cosmo_colibre ages (Gyr): [ 1.80351332  9.81227256  1.36718469 12.58074713  1.66205788  0.89370431
  2.59961036  2.59590577  2.36886419  1.61376067]
DEBUG: us.look_back_time -> ages (Gyr): [ 1.80351333  9.81227256  1.36718469 12.58074713  1.66205788  0.89370431
  2.59961036  2.59590577  2.36886419  1.61376068]
[59/100] subhalo 4802 done; total_formed=4.017e+00
Building SWIFTGalaxy for subhalo 9299604 (soap_index=59268845)
Read masses: Nstars=18420, sum_current=2.517016e+10 Msun
DEBUG: sample z (first valid): [3.96409635 5.42446819 4.21202481 1.16963517 0.40189955 0.40189955
 0.82734776 0.66436408 2.20563491 5.12543228]
DEBUG: Planck15 ages (Gyr): [1.55777603 1.05920137 1.44841526 5.23291391 9.36778679 9.36778679
 6.63455265 7.51800451 2.97988382 1.13758642]
DEBUG: cosmo_colibre ages (Gyr): [1.55974725 1.06114456 1.45039096 5.23193746 9.35616666 9.35616666
 6.63089332 7.51216641 2.98135852 1.13954291]
DEBUG: us.look_back_time -> ages (Gyr): [1.55974725 1.06114457 1.45039096 5.23193746 9.35616666 9.35616666
 6.63089332 7.51216641 2.98135852 1.13954291]
[60/100] subhalo 9299604 done; total_formed=4.193e+00
Building SWIFTGalaxy for subhalo 1295906 (soap_index=59295084)
Read masses: Nstars=4149, sum_current=6.661487e+09 Msun
DEBUG: sample z (first valid): [1.15649885 1.29999298 1.45839898 1.8533612  1.55580688 1.47286997
 0.98305495 2.17058539 1.81560406 1.37811162]
DEBUG: Planck15 ages (Gyr): [5.2777706  4.81876072 4.38198453 3.53308886 4.14408205 4.34526963
 5.93194557 3.02837798 3.60224554 4.59505004]
DEBUG: cosmo_colibre ages (Gyr): [5.27672269 4.81840035 4.38219013 3.53415894 4.1445607  4.34551897
 5.92974834 3.02982202 3.60325643 4.59499013]
DEBUG: us.look_back_time -> ages (Gyr): [5.27672269 4.81840035 4.38219013 3.53415894 4.1445607  4.34551897
 5.92974834 3.02982203 3.60325644 4.59499013]
[61/100] subhalo 1295906 done; total_formed=1.112e+00
Building SWIFTGalaxy for subhalo 12140506 (soap_index=59343138)
Read masses: Nstars=16333, sum_current=2.203521e+10 Msun
DEBUG: sample z (first valid): [9.24880757 4.56191123 4.26520447 3.89403331 4.42786152 3.75449797
 4.24917901 4.08149182 0.91133924 3.58614416]
DEBUG: Planck15 ages (Gyr): [0.52549285 1.3143477  1.42660982 1.59118054 1.36318322 1.66135389
 1.43312319 1.50434641 6.24038374 1.75309598]
DEBUG: cosmo_colibre ages (Gyr): [0.52721179 1.31632122 1.42858575 1.59314933 1.36515854 1.66331599
 1.43509908 1.5063205  6.23757399 1.75504619]
DEBUG: us.look_back_time -> ages (Gyr): [0.52721179 1.31632122 1.42858576 1.59314933 1.36515855 1.66331599
 1.43509908 1.5063205  6.23757399 1.75504619]
[62/100] subhalo 12140506 done; total_formed=3.656e+00
Building SWIFTGalaxy for subhalo 648784 (soap_index=59387231)
Read masses: Nstars=36591, sum_current=5.328001e+10 Msun
DEBUG: sample z (first valid): [0.32374566 0.35472135 0.32481604 0.34460402 3.93903082 0.74483493
 0.31545564 0.33355038 0.57994214 2.76211251]
DEBUG: Planck15 ages (Gyr): [10.05015151  9.77125682 10.04032145  9.86109297  1.56959212  7.06061746
 10.12676123  9.96062947  8.04814585  2.35306361]
DEBUG: cosmo_colibre ages (Gyr): [10.03599581  9.75816274 10.02620375  9.8476607   1.57156254  7.05595488
 10.11230788  9.9468183   8.04081794  2.3548533 ]
DEBUG: us.look_back_time -> ages (Gyr): [10.03599581  9.75816274 10.02620375  9.84766071  1.57156254  7.05595488
 10.11230788  9.9468183   8.04081794  2.3548533 ]
[63/100] subhalo 648784 done; total_formed=8.700e+00
Building SWIFTGalaxy for subhalo 51369 (soap_index=59411487)
Read masses: Nstars=5924, sum_current=9.522892e+09 Msun
DEBUG: sample z (first valid): [1.58076711 6.27369589 4.05172281 1.8585885  1.64428664 1.5815804
 1.34828723 1.55421311 1.67057865 1.4882679 ]
DEBUG: Planck15 ages (Gyr): [4.0864613  0.87933252 1.5176045  3.52368467 3.94552387 4.08460561
 4.6784593  4.14780576 3.88947322 4.30674343]
DEBUG: cosmo_colibre ages (Gyr): [4.08700242 0.88122968 1.519578   3.52476264 3.94621184 4.08514872
 4.67828998 4.14828031 3.89021726 4.30703803]
DEBUG: us.look_back_time -> ages (Gyr): [4.08700242 0.88122969 1.519578   3.52476265 3.94621184 4.08514872
 4.67828998 4.14828032 3.89021727 4.30703803]
[64/100] subhalo 51369 done; total_formed=1.595e+00
Building SWIFTGalaxy for subhalo 3842148 (soap_index=59445455)
Read masses: Nstars=33549, sum_current=4.696278e+10 Msun
DEBUG: sample z (first valid): [0.31303093 0.58483266 0.84027856 0.62057369 0.34615069 1.78284501
 2.55170171 0.39307882 0.62491322 0.61769352]
DEBUG: Planck15 ages (Gyr): [10.14932912  8.01591251  6.57139188  7.78615457  9.84728145  3.66404877
  2.56216216  9.44133792  7.75893849  7.80429798]
DEBUG: cosmo_colibre ages (Gyr): [10.1347876   8.00867906  6.56787376  7.77957995  9.83390142  3.66500511
  2.56386342  9.42945461  7.75244021  7.79767226]
DEBUG: us.look_back_time -> ages (Gyr): [10.1347876   8.00867906  6.56787376  7.77957995  9.83390142  3.66500511
  2.56386342  9.42945461  7.75244021  7.79767226]
[65/100] subhalo 3842148 done; total_formed=7.730e+00
Building SWIFTGalaxy for subhalo 5119 (soap_index=59448298)
Read masses: Nstars=26667, sum_current=3.391553e+10 Msun
DEBUG: sample z (first valid): [2.85641991 9.36962025 5.69622969 2.84330284 2.16354509 1.60104779
 4.33854676 6.88260765 2.92713327 2.97380548]
DEBUG: Planck15 ages (Gyr): [2.26830183 0.51631932 0.99544153 2.27978744 3.03827474 4.04058962
 1.39741749 0.77942177 2.20799466 2.16962474]
DEBUG: cosmo_colibre ages (Gyr): [2.27012264 0.51803142 0.99737103 2.2816042  3.03971242 4.04117946
 1.39939338 0.78128238 2.20983594 2.17147833]
DEBUG: us.look_back_time -> ages (Gyr): [2.27012264 0.51803142 0.99737103 2.2816042  3.03971242 4.04117946
 1.39939338 0.78128238 2.20983595 2.17147833]
[66/100] subhalo 5119 done; total_formed=5.734e+00
Building SWIFTGalaxy for subhalo 48922 (soap_index=59448299)
Read masses: Nstars=21300, sum_current=2.946165e+10 Msun
DEBUG: sample z (first valid): [1.51095785 1.2094262  1.04953715 1.11188451 7.77440086 5.35654704
 5.95415959 1.33923472 1.21450294 1.1743862 ]
DEBUG: Planck15 ages (Gyr): [4.25096597 5.10066816 5.6668258  5.43475513 0.66358752 1.07620189
 0.94061105 4.7042566  5.08417799 5.2168393 ]
DEBUG: cosmo_colibre ages (Gyr): [4.25132496 5.09989697 5.6651187  5.43344978 0.66539354 1.07814829
 0.94252653 4.70405281 5.08343183 5.21588823]
DEBUG: us.look_back_time -> ages (Gyr): [4.25132496 5.09989697 5.6651187  5.43344978 0.66539354 1.07814829
 0.94252654 4.70405282 5.08343183 5.21588823]
[67/100] subhalo 48922 done; total_formed=4.903e+00
Building SWIFTGalaxy for subhalo 310220 (soap_index=59448336)
Read masses: Nstars=60107, sum_current=7.812535e+10 Msun
DEBUG: sample z (first valid): [1.42205632 0.87997705 1.52508284 0.87010615 0.82105146 5.4771694
 1.33689916 1.35064562 1.78497365 1.3180532 ]
DEBUG: Planck15 ages (Gyr): [4.47642195 6.38320081 4.21682843 6.42920484 6.66564791 1.04631532
 4.7109493  4.67177565 3.6599807  4.76551541]
DEBUG: cosmo_colibre ages (Gyr): [4.47651233 6.38009193 4.21722617 6.42599751 6.66191835 1.04825596
 4.71073653 4.67161521 3.66094068 4.76522858]
DEBUG: us.look_back_time -> ages (Gyr): [4.47651233 6.38009193 4.21722617 6.42599751 6.66191835 1.04825597
 4.71073653 4.67161521 3.66094068 4.76522858]
[68/100] subhalo 310220 done; total_formed=1.310e+01
Building SWIFTGalaxy for subhalo 310343 (soap_index=59448339)
Read masses: Nstars=35978, sum_current=4.865334e+10 Msun
DEBUG: sample z (first valid): [1.97863831 1.95766766 2.01148791 1.68150573 1.32760335 2.8723706
 2.29724291 1.61850727 1.8663401  1.62227913]
DEBUG: Planck15 ages (Gyr): [3.31843485 3.35286285 3.26565152 3.86655653 4.73773856 2.25446305
 2.85896801 4.00176163 3.50981391 3.99345263]
DEBUG: cosmo_colibre ages (Gyr): [3.31967634 3.35407809 3.26693234 3.86732312 4.73748959 2.25628869
 2.86051518 4.00239201 3.51090348 3.9940916 ]
DEBUG: us.look_back_time -> ages (Gyr): [3.31967634 3.3540781  3.26693234 3.86732313 4.7374896  2.25628869
 2.86051518 4.00239201 3.51090348 3.9940916 ]
[69/100] subhalo 310343 done; total_formed=8.173e+00
Building SWIFTGalaxy for subhalo 25228488 (soap_index=59450158)
Read masses: Nstars=10172, sum_current=1.706542e+10 Msun
DEBUG: sample z (first valid): [0.7691394  0.84920993 0.98137622 0.75662056 0.5286434  0.52409302
 6.27935133 1.68678255 1.30500844 0.41229204]
DEBUG: Planck15 ages (Gyr): [6.93083496 6.52830868 5.93889065 6.99722136 8.3983462  8.43051004
 0.8783081  3.85556797 4.80387912 9.282208  ]
DEBUG: cosmo_colibre ages (Gyr): [6.92648734 6.52488576 5.93668013 6.99271365 8.38995971 8.42202338
 0.88020493 3.8563453  4.80353943 9.27089096]
DEBUG: us.look_back_time -> ages (Gyr): [6.92648734 6.52488576 5.93668013 6.99271365 8.38995972 8.42202339
 0.88020493 3.8563453  4.80353944 9.27089096]
[70/100] subhalo 25228488 done; total_formed=2.731e+00
Building SWIFTGalaxy for subhalo 7039166 (soap_index=59474886)
Read masses: Nstars=41606, sum_current=5.794731e+10 Msun
DEBUG: sample z (first valid): [2.85914498 3.76660121 2.32737612 1.82995077 4.12801252 3.76660121
 2.27385353 4.243719   1.72839301 1.50903522]
DEBUG: Planck15 ages (Gyr): [2.26592766 1.65506566 2.82094294 3.57571062 1.48400851 1.65506566
 2.88906604 1.43535363 3.77066179 4.25564704]
DEBUG: cosmo_colibre ages (Gyr): [2.26774931 1.65702844 2.82251173 3.57674445 1.48598335 1.65702844
 2.89059569 1.43732949 3.77152036 4.25600069]
DEBUG: us.look_back_time -> ages (Gyr): [2.26774931 1.65702845 2.82251173 3.57674445 1.48598335 1.65702845
 2.89059569 1.4373295  3.77152036 4.25600069]
[71/100] subhalo 7039166 done; total_formed=9.611e+00
Building SWIFTGalaxy for subhalo 2563323 (soap_index=59488002)
Read masses: Nstars=12711, sum_current=1.722883e+10 Msun
DEBUG: sample z (first valid): [4.57326303e+00 1.14785330e-01 4.67607830e+00 5.46375382e+00
 3.20048712e+00 4.88519785e-04 6.54240994e+00 2.05871371e+00
 2.87282827e+00 1.53720480e+00]
DEBUG: Planck15 ages (Gyr): [ 1.31034568 12.27091816  1.27500058  1.04957078  1.99799455 13.79056688
  0.83276117  3.1921332   2.25406803  4.18788269]
DEBUG: cosmo_colibre ages (Gyr): [ 1.31231899 12.24714214  1.27697176  1.05151208  1.99989622 13.75914226
  0.83464239  3.19346696  2.2558938   4.1883129 ]
DEBUG: us.look_back_time -> ages (Gyr): [ 1.31231899 12.24714214  1.27697176  1.05151209  1.99989622 13.75914226
  0.83464239  3.19346696  2.2558938   4.1883129 ]
[72/100] subhalo 2563323 done; total_formed=2.871e+00
Building SWIFTGalaxy for subhalo 5318004 (soap_index=59605595)
Read masses: Nstars=129078, sum_current=1.819180e+11 Msun
DEBUG: sample z (first valid): [5.82808919 3.99436062 1.44866238 0.87868364 1.36199813 1.02209195
 2.68303923 0.69624185 0.66520988 2.09833585]
DEBUG: Planck15 ages (Gyr): [0.9667666  1.54370443 4.40696921 6.38919968 4.63981572 5.77397068
 2.42823563 7.33154167 7.5129642  3.13251358]
DEBUG: cosmo_colibre ages (Gyr): [0.96868904 1.54567653 4.4071447  6.38607802 4.63969747 5.77206952
 2.42999545 7.32619511 7.50713961 3.13388871]
DEBUG: us.look_back_time -> ages (Gyr): [0.96868904 1.54567653 4.4071447  6.38607802 4.63969747 5.77206952
 2.42999545 7.32619511 7.50713961 3.13388871]
[73/100] subhalo 5318004 done; total_formed=3.008e+01
Building SWIFTGalaxy for subhalo 51351 (soap_index=59613178)
Read masses: Nstars=124897, sum_current=1.589251e+11 Msun
DEBUG: sample z (first valid): [0.58238362 1.18876495 6.36111423 0.36510582 2.38862461 1.67624959
 0.10070541 0.02521745 0.28310753 3.49831835]
DEBUG: Planck15 ages (Gyr): [ 8.03202969  5.16866477  0.86371635  9.68028894  2.74616274  3.87755253
 12.44498108 13.44023148 10.43396032  1.80433744]
DEBUG: cosmo_colibre ages (Gyr): [ 8.02474907  5.16778905  0.86560837  9.66753362  2.74777244  3.87830833
 12.42036957 13.41063867 10.41828773  1.80627948]
DEBUG: us.look_back_time -> ages (Gyr): [ 8.02474907  5.16778905  0.86560837  9.66753362  2.74777244  3.87830833
 12.42036957 13.41063867 10.41828773  1.80627949]
[74/100] subhalo 51351 done; total_formed=2.669e+01
Building SWIFTGalaxy for subhalo 143691 (soap_index=59672292)
Read masses: Nstars=125928, sum_current=1.629412e+11 Msun
DEBUG: sample z (first valid): [1.28300704 3.85451852 0.86712251 0.81218892 0.82959241 0.9439962
 0.78067601 0.63594608 0.73283977 0.83348254]
DEBUG: Planck15 ages (Gyr): [4.86971129 1.61054736 6.44321179 6.70980048 6.62352136 6.09689606
 6.87051179 7.69039027 7.126051   6.60447049]
DEBUG: cosmo_colibre ages (Gyr): [4.86927934 1.61251451 6.43997427 6.70597039 6.61988683 6.09437694
 6.86630778 7.68408269 7.1212265  6.60087865]
DEBUG: us.look_back_time -> ages (Gyr): [4.86927935 1.61251452 6.43997427 6.7059704  6.61988683 6.09437695
 6.86630778 7.68408269 7.1212265  6.60087865]
[75/100] subhalo 143691 done; total_formed=2.730e+01
Building SWIFTGalaxy for subhalo 5097 (soap_index=59679411)
Read masses: Nstars=362088, sum_current=4.556097e+11 Msun
DEBUG: sample z (first valid): [4.28644027 1.78710555 2.02148456 2.51135877 2.62999889 1.16233338
 2.09599395 1.94941494 2.2562854  2.00927542]
DEBUG: Planck15 ages (Gyr): [1.41805407 3.65591375 3.24986018 2.60575544 2.48090313 5.25777242
 3.1359867  3.36657151 2.9120163  3.26916345]
DEBUG: cosmo_colibre ages (Gyr): [1.42003004 3.65687736 3.25115255 2.60743617 2.48264073 5.25675649
 3.13735945 3.36777617 2.91353237 3.27044169]
DEBUG: us.look_back_time -> ages (Gyr): [1.42003004 3.65687736 3.25115255 2.60743617 2.48264073 5.25675649
 3.13735945 3.36777618 2.91353237 3.27044169]
[76/100] subhalo 5097 done; total_formed=7.586e+01
Building SWIFTGalaxy for subhalo 3871528 (soap_index=59679517)
Read masses: Nstars=12370, sum_current=1.682737e+10 Msun
DEBUG: sample z (first valid): [0.44123856 0.3672703  0.56246424 0.34681463 1.32975471 3.35252706
 0.7478131  0.44314278 0.44939844 0.31587824]
DEBUG: Planck15 ages (Gyr): [ 9.04983968  9.66148441  8.16495397  9.84136117  4.73151701  1.89506119
  7.0445145   9.0348563   8.98589142 10.12283534]
DEBUG: cosmo_colibre ages (Gyr): [ 9.03932856  9.64879865  8.15727952  9.8280035   4.73127647  1.89698617
  7.03989144  9.02439628  8.97559769 10.10839731]
DEBUG: us.look_back_time -> ages (Gyr): [ 9.03932856  9.64879865  8.15727952  9.8280035   4.73127648  1.89698618
  7.03989144  9.02439628  8.97559769 10.10839731]
[77/100] subhalo 3871528 done; total_formed=2.821e+00
Building SWIFTGalaxy for subhalo 322321 (soap_index=59749589)
Read masses: Nstars=29034, sum_current=3.824634e+10 Msun
DEBUG: sample z (first valid): [ 2.82803738  5.54313099  8.07323827  0.32954638  0.32879157  2.62357625
  0.12388531 13.18374635  1.05210421  5.06927209]
DEBUG: Planck15 ages (Gyr): [ 2.29327542  1.03055007  0.63103835  9.99704702 10.00393399  2.48740817
 12.16024752  0.32237141  5.65696439  1.1533845 ]
DEBUG: cosmo_colibre ages (Gyr): [ 2.29508735  1.03248745  0.63282625  9.98309612  9.9899566   2.48914296
 12.13699694  0.32389448  5.65527488  1.15534322]
DEBUG: us.look_back_time -> ages (Gyr): [ 2.29508736  1.03248745  0.63282625  9.98309612  9.9899566   2.48914296
 12.13699694  0.32389448  5.65527488  1.15534322]
[78/100] subhalo 322321 done; total_formed=6.333e+00
Building SWIFTGalaxy for subhalo 7122751 (soap_index=59761333)
Read masses: Nstars=35204, sum_current=4.404628e+10 Msun
DEBUG: sample z (first valid): [0.64630225 4.35162502 5.66354855 5.66354855 9.458985   4.4832664
 3.27585307 2.12761287 4.73418497 1.33224199]
DEBUG: Planck15 ages (Gyr): [7.62687941 1.39231599 1.00276756 1.00276756 0.50970362 1.34263952
 1.94584581 3.08962013 1.25571875 4.72434025]
DEBUG: cosmo_colibre ages (Gyr): [7.62074648 1.39429184 1.00469878 1.00469878 0.51141069 1.34461423
 1.94775981 3.09102416 1.25768849 4.72410943]
DEBUG: us.look_back_time -> ages (Gyr): [7.62074648 1.39429184 1.00469878 1.00469878 0.5114107  1.34461423
 1.94775982 3.09102416 1.2576885  4.72410943]
[79/100] subhalo 7122751 done; total_formed=7.423e+00
Building SWIFTGalaxy for subhalo 674883 (soap_index=59828977)
Read masses: Nstars=70142, sum_current=9.747228e+10 Msun
DEBUG: sample z (first valid): [4.72322070e-01 4.39524162e+00 5.20980319e-01 1.13722932e+00
 4.43912358e+00 4.04461331e-03 5.10185271e-01 4.80992908e+00
 4.58466127e+00 7.26431274e+00]
DEBUG: Planck15 ages (Gyr): [ 8.80978744  1.37552356  8.45261823  5.34468187  1.35896528 13.73940635
  8.52996687  1.23130107  1.30634758  0.72602129]
DEBUG: cosmo_colibre ages (Gyr): [ 8.80008246  1.37749916  8.44406243  5.34352564  1.3609405  13.70825165
  8.52116734  1.2332687   1.30832069  0.72785852]
DEBUG: us.look_back_time -> ages (Gyr): [ 8.80008247  1.37749916  8.44406243  5.34352564  1.3609405  13.70825165
  8.52116734  1.23326871  1.30832069  0.72785852]
[80/100] subhalo 674883 done; total_formed=1.627e+01
Building SWIFTGalaxy for subhalo 52941 (soap_index=59832368)
Read masses: Nstars=135827, sum_current=1.732049e+11 Msun
DEBUG: sample z (first valid): [0.12388531 0.14573427 0.20082087 0.19774837 1.35656239 3.55839188
 0.43141709 4.54215645 3.56760524 3.728086  ]
DEBUG: Planck15 ages (Gyr): [12.16024752 11.90024022 11.27882091 11.31224638  4.65507476  1.76902496
  9.12770771  1.32136069  1.76371029  1.67521442]
DEBUG: cosmo_colibre ages (Gyr): [12.13699694 11.87820615 11.25958899 11.29286762  4.65493642  1.77097274
  9.11692931  1.32333454  1.76565889  1.67717494]
DEBUG: us.look_back_time -> ages (Gyr): [12.13699694 11.87820615 11.25958899 11.29286762  4.65493643  1.77097274
  9.11692931  1.32333454  1.76565889  1.67717494]
[81/100] subhalo 52941 done; total_formed=2.906e+01
Building SWIFTGalaxy for subhalo 148673 (soap_index=59835085)
Read masses: Nstars=265843, sum_current=3.427595e+11 Msun
DEBUG: sample z (first valid): [0.45261105 2.68469583 0.38040273 0.18535668 5.47013526 3.03124808
 3.728086   1.74071596 0.95396541 1.28986723]
DEBUG: Planck15 ages (Gyr): [ 8.96089825  2.42662037  9.54853357 11.44850264  1.04802015  2.12388934
  1.67521442  3.74609741  6.0541186   4.8490306 ]
DEBUG: cosmo_colibre ages (Gyr): [ 8.95068895  2.42838085  9.53626227 11.42852063  1.04996114  2.12575684
  1.67717494  3.74697892  6.05168421  4.84862784]
DEBUG: us.look_back_time -> ages (Gyr): [ 8.95068895  2.42838086  9.53626227 11.42852064  1.04996114  2.12575685
  1.67717494  3.74697892  6.05168421  4.84862785]
[82/100] subhalo 148673 done; total_formed=5.709e+01
Building SWIFTGalaxy for subhalo 1382608 (soap_index=59835140)
Read masses: Nstars=16378, sum_current=2.366590e+10 Msun
DEBUG: sample z (first valid): [1.57772184 2.26049751 1.62564103 1.29870221 1.40041023 2.69216901
 1.37225802 1.26721096 1.52741998 1.36319054]
DEBUG: Planck15 ages (Gyr): [4.09342184 2.90648662 3.98607022 4.82260254 4.53423336 2.41935564
 4.61123187 4.91786872 4.21122258 4.63647912]
DEBUG: cosmo_colibre ages (Gyr): [4.09395549 2.90800597 3.9867168  4.82223681 4.53425127 2.4211191
 4.61115098 4.91736804 4.21162664 4.63636526]
DEBUG: us.look_back_time -> ages (Gyr): [4.09395549 2.90800598 3.9867168  4.82223681 4.53425128 2.4211191
 4.61115098 4.91736804 4.21162665 4.63636526]
[83/100] subhalo 1382608 done; total_formed=3.915e+00
Building SWIFTGalaxy for subhalo 7123088 (soap_index=59835330)
Read masses: Nstars=44659, sum_current=5.741655e+10 Msun
DEBUG: sample z (first valid): [0.35595465 0.35854063 0.35932963 1.15239096 0.94653677 2.31391586
 1.28762915 4.36213386 1.59281532 1.49281095]
DEBUG: Planck15 ages (Gyr): [9.76038778 9.73765494 9.73073446 5.29192305 6.08594982 2.83782531
 4.85576205 1.3882391  4.05910939 4.29548148]
DEBUG: cosmo_colibre ages (Gyr): [9.74733437 9.72468642 9.71779174 5.2908524  6.08345247 2.83938456
 4.85534981 1.3902149  4.05967966 4.29578919]
DEBUG: us.look_back_time -> ages (Gyr): [9.74733437 9.72468642 9.71779174 5.29085241 6.08345247 2.83938457
 4.85534982 1.3902149  4.05967966 4.2957892 ]
[84/100] subhalo 7123088 done; total_formed=9.616e+00
Building SWIFTGalaxy for subhalo 52912 (soap_index=59877266)
Read masses: Nstars=24413, sum_current=3.155766e+10 Msun
DEBUG: sample z (first valid): [2.12046472 3.95134482 6.00395426 1.77577298 3.87546496 2.2768
 2.49973299 8.27943363 1.36985608 4.87450699]
DEBUG: Planck15 ages (Gyr): [3.10000383 1.56376871 0.93060247 3.67761706 1.60023285 2.88524592
 2.61854457 0.61009574 4.61789829 1.21109887]
DEBUG: cosmo_colibre ages (Gyr): [3.10140092 1.56573953 0.93251516 3.67856122 1.60220089 2.88677781
 2.62021914 0.61187126 4.61780871 1.21306451]
DEBUG: us.look_back_time -> ages (Gyr): [3.10140093 1.56573954 0.93251516 3.67856122 1.6022009  2.88677782
 2.62021914 0.61187126 4.61780872 1.21306451]
[85/100] subhalo 52912 done; total_formed=5.327e+00
Building SWIFTGalaxy for subhalo 1382114 (soap_index=59909600)
Read masses: Nstars=26636, sum_current=3.505282e+10 Msun
DEBUG: sample z (first valid): [3.87437709 1.23932208 1.22125813 3.91127098 0.59486031 3.13606816
 4.21078159 1.25380012 1.80379909 8.18450004]
DEBUG: Planck15 ages (Gyr): [1.60076585 5.00476835 5.062367   1.58285263 7.95042675 2.04442599
 1.44893163 4.9593532  3.62432028 0.61959204]
DEBUG: cosmo_colibre ages (Gyr): [1.60273384 5.00414098 5.06165375 1.58482207 7.94338369 2.04631578
 1.45090731 4.95879247 3.62531186 0.62137325]
DEBUG: us.look_back_time -> ages (Gyr): [1.60273385 5.00414098 5.06165375 1.58482207 7.94338369 2.04631578
 1.45090732 4.95879247 3.62531187 0.62137325]
[86/100] subhalo 1382114 done; total_formed=5.881e+00
Building SWIFTGalaxy for subhalo 1382998 (soap_index=59909604)
Read masses: Nstars=19904, sum_current=2.653737e+10 Msun
DEBUG: sample z (first valid): [0.58085681 0.45299752 1.06672974 0.52949963 2.28205128 0.48284913
 6.61957912 0.43618513 0.44568958 3.46673937]
DEBUG: Planck15 ages (Gyr): [8.04210241 8.95789857 5.60129234 8.39231465 2.87845809 8.73063144
 0.8201401  9.08978165 9.01487415 1.82337064]
DEBUG: cosmo_colibre ages (Gyr): [8.03479225 8.94769939 5.59970126 8.38394689 2.87999395 8.72118635
 0.82201667 9.07913378 9.00448213 1.82530938]
DEBUG: us.look_back_time -> ages (Gyr): [8.03479225 8.94769939 5.59970126 8.38394689 2.87999395 8.72118635
 0.82201668 9.07913378 9.00448213 1.82530938]
[87/100] subhalo 1382998 done; total_formed=4.423e+00
Building SWIFTGalaxy for subhalo 1406157 (soap_index=59909618)
Read masses: Nstars=28113, sum_current=3.785249e+10 Msun
DEBUG: sample z (first valid): [3.85703698 1.1350013  3.00880842 0.86478489 0.84462959 7.90918978
 5.13747893 3.9765358  2.81822419 1.8807033 ]
DEBUG: Planck15 ages (Gyr): [1.6093014  5.35250503 2.14156459 6.45421907 6.55034848 0.64856889
 1.13424442 1.55196658 2.30201561 3.484346  ]
DEBUG: cosmo_colibre ages (Gyr): [1.61126866 5.35133599 2.14342681 6.45095777 6.54687697 0.65036672
 1.13620041 1.55393818 2.30382437 3.48545663]
DEBUG: us.look_back_time -> ages (Gyr): [1.61126866 5.35133599 2.14342681 6.45095777 6.54687697 0.65036672
 1.13620042 1.55393818 2.30382437 3.48545664]
[88/100] subhalo 1406157 done; total_formed=6.362e+00
Building SWIFTGalaxy for subhalo 7185881 (soap_index=59909738)
Read masses: Nstars=25835, sum_current=3.527126e+10 Msun
DEBUG: sample z (first valid): [1.21810059 1.27082467 0.43266877 5.20018921 1.12737778 1.47361667
 0.54580621 0.89235389 0.48459587 0.53956023]
DEBUG: Planck15 ages (Gyr): [5.07254343 4.9067848  9.11772897 1.11710754 5.37941077 4.3433886
 8.27867399 6.32623721 8.71759969 8.32192783]
DEBUG: cosmo_colibre ages (Gyr): [5.07181486 4.90630003 9.10698498 1.11906092 5.37819749 4.34364016
 8.27065587 6.32324882 8.70819711 8.31377735]
DEBUG: us.look_back_time -> ages (Gyr): [5.07181486 4.90630003 9.10698498 1.11906092 5.37819749 4.34364016
 8.27065587 6.32324883 8.70819711 8.31377735]
[89/100] subhalo 7185881 done; total_formed=5.877e+00
Building SWIFTGalaxy for subhalo 334095 (soap_index=59948231)
Read masses: Nstars=21718, sum_current=2.855546e+10 Msun
DEBUG: sample z (first valid): [0.66911165 4.45587746 1.89521117 0.67491311 0.87395631 0.58406652
 0.6034449  3.22840183 0.6430004  1.39935564]
DEBUG: Planck15 ages (Gyr): [7.48977916 1.35273045 3.45892553 7.45550695 6.4111998  8.02094923
 7.89500499 1.97841279 7.64704173 4.53708046]
DEBUG: cosmo_colibre ages (Gyr): [7.48401655 1.35470549 3.46005693 7.44983549 6.40803112 8.01370106
 7.88812143 1.98031921 7.64085357 4.53709477]
DEBUG: us.look_back_time -> ages (Gyr): [7.48401655 1.3547055  3.46005693 7.4498355  6.40803112 8.01370106
 7.88812143 1.98031921 7.64085357 4.53709477]
[90/100] subhalo 334095 done; total_formed=4.782e+00
Building SWIFTGalaxy for subhalo 690249 (soap_index=59976016)
Read masses: Nstars=22346, sum_current=2.943421e+10 Msun
DEBUG: sample z (first valid): [2.58944025 3.1793253  2.71266712 3.2705591  2.85914498 3.80187573
 1.80236039 5.33687875 1.81633004 2.9941492 ]
DEBUG: Planck15 ages (Gyr): [2.52245802 2.01305365 2.39961206 1.94943514 2.26592766 1.63696185
 3.62702561 1.08120959 3.60089512 2.15324287]
DEBUG: cosmo_colibre ages (Gyr): [2.52417735 2.01495156 2.4013835  1.95134832 2.26774931 1.63892651
 3.62801482 1.0831569  3.60190719 2.15510154]
DEBUG: us.look_back_time -> ages (Gyr): [2.52417735 2.01495156 2.40138351 1.95134833 2.26774931 1.63892652
 3.62801482 1.0831569  3.60190719 2.15510154]
[91/100] subhalo 690249 done; total_formed=4.964e+00
Building SWIFTGalaxy for subhalo 9496180 (soap_index=59987905)
Read masses: Nstars=54470, sum_current=7.302600e+10 Msun
DEBUG: sample z (first valid): [0.04569824 0.0627919  2.89030037 3.728086   0.03303909 5.88403361
 0.141106   0.02675942 5.22255982 5.99647699]
DEBUG: Planck15 ages (Gyr): [13.15945273 12.93137619  2.23907268  1.67521442 13.33201857  0.95501267
 11.95465423 13.41880102  1.1110981   0.93209406]
DEBUG: cosmo_colibre ages (Gyr): [13.13129935 12.90437266  2.24090359  1.67717494 13.30298359  0.95693204
 11.93236768 13.38931899  1.11305051  0.93400717]
DEBUG: us.look_back_time -> ages (Gyr): [13.13129935 12.90437266  2.24090359  1.67717494 13.30298359  0.95693204
 11.93236768 13.38931899  1.11305051  0.93400717]
[92/100] subhalo 9496180 done; total_formed=1.216e+01
Building SWIFTGalaxy for subhalo 331164 (soap_index=60040353)
Read masses: Nstars=59403, sum_current=8.010313e+10 Msun
DEBUG: sample z (first valid): [0.0509975  1.79996582 3.04343534 2.77772654 1.048      5.84163274
 5.84163274 2.07075251 1.7659323  1.86734337]
DEBUG: Planck15 ages (Gyr): [13.08814538  3.63153563  2.11439034  2.33867268  5.67274378  0.96389913
  0.96389913  3.17382358  3.69663342  3.50802515]
DEBUG: cosmo_colibre ages (Gyr): [13.06035339  3.63252086  2.11626064  2.34046785  5.6710261   0.96582083
  0.96582083  3.1751702   3.69756038  3.5091162 ]
DEBUG: us.look_back_time -> ages (Gyr): [13.06035339  3.63252087  2.11626064  2.34046785  5.67102611  0.96582083
  0.96582083  3.1751702   3.69756038  3.50911621]
[93/100] subhalo 331164 done; total_formed=1.341e+01
Building SWIFTGalaxy for subhalo 707208 (soap_index=60103607)
Read masses: Nstars=86744, sum_current=1.115487e+11 Msun
DEBUG: sample z (first valid): [1.90986591 2.20940255 7.11440599 4.26520447 4.59610622 5.25701738
 3.78574558 4.15950244 1.52956616 5.08166295]
DEBUG: Planck15 ages (Gyr): [3.43355288 2.97474668 0.74624662 1.42660982 1.30235342 1.10194613
 1.64519936 1.47049903 4.20608534 1.14986771]
DEBUG: cosmo_colibre ages (Gyr): [3.43470474 2.97622457 0.74809304 1.42858575 1.30432631 1.10389704
 1.64716318 1.47247426 4.20649518 1.15182594]
DEBUG: us.look_back_time -> ages (Gyr): [3.43470474 2.97622457 0.74809304 1.42858576 1.30432632 1.10389705
 1.64716319 1.47247427 4.20649518 1.15182594]
[94/100] subhalo 707208 done; total_formed=1.873e+01
Building SWIFTGalaxy for subhalo 339038 (soap_index=60185143)
Read masses: Nstars=24230, sum_current=3.247452e+10 Msun
DEBUG: sample z (first valid): [1.57185464 0.14629539 2.08637091 3.91384869 5.58322451 1.64236755
 0.69976139 4.44997921 1.41901668 0.57160671]
DEBUG: Planck15 ages (Gyr): [ 4.1068865  11.89366708  3.15032424  1.58161349  1.02115923  3.94966621
  7.31138849  1.35492002  4.48446846  8.10353684]
DEBUG: cosmo_colibre ages (Gyr): [ 4.10740563 11.87166343  3.15168716  1.58358302  1.02309458  3.95034998
  7.30609404  1.35689512  4.48454885  8.09604541]
DEBUG: us.look_back_time -> ages (Gyr): [ 4.10740563 11.87166343  3.15168716  1.58358302  1.02309458  3.95034998
  7.30609404  1.35689513  4.48454885  8.09604542]
[95/100] subhalo 339038 done; total_formed=5.458e+00
Building SWIFTGalaxy for subhalo 339949 (soap_index=60185147)
Read masses: Nstars=12931, sum_current=1.740257e+10 Msun
DEBUG: sample z (first valid): [3.1983344  1.91737892 0.62025316 2.39917012 4.50029375 2.47597327
 0.11304348 2.50048072 4.6760783  2.05386766]
DEBUG: Planck15 ages (Gyr): [ 1.99951794  3.42066245  7.78817053  2.73361558  1.3364289   2.64500498
 12.29226442  2.61771892  1.27500058  3.19955224]
DEBUG: cosmo_colibre ages (Gyr): [ 2.00141923  3.42182462  7.78159024  2.73523193  1.33840338  2.64666661
 12.26838654  2.61939389  1.27697176  3.20088076]
DEBUG: us.look_back_time -> ages (Gyr): [ 2.00141923  3.42182462  7.78159024  2.73523193  1.33840338  2.64666661
 12.26838654  2.61939389  1.27697176  3.20088076]
[96/100] subhalo 339949 done; total_formed=2.914e+00
Building SWIFTGalaxy for subhalo 334949 (soap_index=60235876)
Read masses: Nstars=14969, sum_current=1.939374e+10 Msun
DEBUG: sample z (first valid): [2.90141684 1.05416249 3.22622042 3.47895025 3.1697525  2.87282827
 2.19968753 4.4832664  0.72155091 1.27602973]
DEBUG: Planck15 ages (Gyr): [2.22961744 5.64907697 1.97993158 1.81597172 2.01992752 2.25406803
 2.98802264 1.34263952 7.18848526 4.89088981]
DEBUG: cosmo_colibre ages (Gyr): [2.23145154 5.64740149 1.98183763 1.81791176 2.02182368 2.2558938
 2.98949225 1.34461423 7.18350432 4.89042776]
DEBUG: us.look_back_time -> ages (Gyr): [2.23145154 5.64740149 1.98183764 1.81791176 2.02182368 2.2558938
 2.98949226 1.34461423 7.18350432 4.89042776]
[97/100] subhalo 334949 done; total_formed=3.267e+00
Building SWIFTGalaxy for subhalo 1440271 (soap_index=60306244)
Read masses: Nstars=157409, sum_current=2.111832e+11 Msun
DEBUG: sample z (first valid): [1.44427868e+00 6.63553699e-03 5.21686635e-01 4.59610622e+00
 5.70445013e+00 2.69800248e+00 7.13101737e+00 1.86300775e-01
 1.46116869e+00 2.44322929e-01]
DEBUG: Planck15 ages (Gyr): [ 4.41829287 13.70229854  8.44759397  1.30235342  0.99361276  2.41370975
  0.74395953 11.43803924  4.37491887 10.82038898]
DEBUG: cosmo_colibre ages (Gyr): [ 4.41845463 13.67133912  8.4390539   1.30432631  0.99554183  2.4154755
  0.74580494 11.41810382  4.37513293 10.80312527]
DEBUG: us.look_back_time -> ages (Gyr): [ 4.41845464 13.67133912  8.4390539   1.30432632  0.99554184  2.4154755
  0.74580494 11.41810382  4.37513293 10.80312527]
[98/100] subhalo 1440271 done; total_formed=3.490e+01
Building SWIFTGalaxy for subhalo 341758 (soap_index=60331319)
Read masses: Nstars=21137, sum_current=2.675428e+10 Msun
DEBUG: sample z (first valid): [5.08166295 5.13116288 5.05078017 5.34669766 0.33965658 5.55622249
 3.95396477 4.14896292 4.23325082 5.32098765]
DEBUG: Planck15 ages (Gyr): [1.14986771 1.13599459 1.15866623 1.07870479 9.90546356 1.02746802
 1.56253433 1.47499781 1.43964604 1.08528391]
DEBUG: cosmo_colibre ages (Gyr): [1.15182594 1.13795085 1.16062565 1.08065165 9.89186293 1.02940474
 1.56450523 1.47697292 1.44162186 1.08723195]
DEBUG: us.look_back_time -> ages (Gyr): [1.15182594 1.13795085 1.16062566 1.08065165 9.89186294 1.02940474
 1.56450524 1.47697293 1.44162186 1.08723195]
[99/100] subhalo 341758 done; total_formed=4.491e+00
Building SWIFTGalaxy for subhalo 4022079 (soap_index=60423389)
Read masses: Nstars=50526, sum_current=6.834385e+10 Msun
DEBUG: sample z (first valid): [4.47227789 3.43050297 1.77647856 2.27221889 2.05443699 1.78568392
 2.54095526 1.8819701  1.65995617 2.35291108]
DEBUG: Planck15 ages (Gyr): [1.34667298 1.84562352 3.67625967 2.89118893 3.19867917 3.65862492
 2.57365663 3.48211423 3.91196266 2.78936517]
DEBUG: cosmo_colibre ages (Gyr): [1.34864783 1.84755821 3.67720505 2.89271734 3.20000831 3.65958612
 2.57535255 3.4832267  3.91268436 2.79095149]
DEBUG: us.look_back_time -> ages (Gyr): [1.34864783 1.84755821 3.67720506 2.89271734 3.20000831 3.65958612
 2.57535255 3.4832267  3.91268436 2.79095149]
[100/100] subhalo 4022079 done; total_formed=1.137e+01
All halos processed. Writing CSV.
Wrote relicness_extras_1900_2000.csv (100 rows) in 7215.0s
