Starting pure-swift relicness script
Loaded SOAP mapping for 91142867 halos
Batch mode: processing 100 halos (slice 2600:2700)
Building SWIFTGalaxy for subhalo 66793 (soap_index=81000454)
Read masses: Nstars=41554, sum_current=5.954809e+10 Msun
DEBUG: sample z (first valid): [0.55372214 0.42382897 2.47929497 0.68006563 4.275801   8.50692682
 7.68601723 4.04550004 0.58192527 3.07232958]
DEBUG: Planck15 ages (Gyr): [8.22433903 9.18854969 2.64127935 7.42526839 1.42232989 0.58829833
 0.67375225 1.52040039 8.03505155 2.09214772]
DEBUG: cosmo_colibre ages (Gyr): [8.21648588 9.17756049 2.64294282 7.41967688 1.42430584 0.59006031
 0.67556366 1.52237375 8.02776207 2.09402442]
DEBUG: us.look_back_time -> ages (Gyr): [8.21648588 9.17756049 2.64294282 7.41967688 1.42430584 0.59006031
 0.67556366 1.52237375 8.02776207 2.09402442]
[1/100] subhalo 66793 done; total_formed=9.878e+00
Building SWIFTGalaxy for subhalo 2966030 (soap_index=81113188)
Read masses: Nstars=28431, sum_current=3.790504e+10 Msun
DEBUG: sample z (first valid): [1.59445764 4.64138762 3.69926861 4.84568727 6.90352147 2.00293255
 3.04343534 3.37694517 3.1854643  4.63605091]
DEBUG: Planck15 ages (Gyr): [4.05540388 1.28674765 1.69055703 1.22004618 0.77632877 3.27926582
 2.11439034 1.87934652 2.00866578 1.28857072]
DEBUG: cosmo_colibre ages (Gyr): [4.05597808 1.28871961 1.69251572 1.22201273 0.7781881  3.2805366
 2.11626064 1.88127469 2.01056479 1.2905428 ]
DEBUG: us.look_back_time -> ages (Gyr): [4.05597808 1.28871961 1.69251572 1.22201273 0.7781881  3.28053661
 2.11626064 1.8812747  2.01056479 1.2905428 ]
[2/100] subhalo 2966030 done; total_formed=6.295e+00
Building SWIFTGalaxy for subhalo 775825 (soap_index=81205222)
Read masses: Nstars=51979, sum_current=7.665825e+10 Msun
DEBUG: sample z (first valid): [3.39455509 3.85451852 2.28698967 8.44935477 6.74382607 1.29918608
 2.697168   2.8124491  1.08355058 1.78284501]
DEBUG: Planck15 ages (Gyr): [1.86814663 1.61054736 2.87209856 0.5936909  0.80047609 4.82116179
 2.41451606 2.30718492 5.53832473 3.66404877]
DEBUG: cosmo_colibre ages (Gyr): [1.87007702 1.61251451 2.87363812 0.59545629 0.80234514 4.82079807
 2.41628149 2.3089918  5.53684322 3.66500511]
DEBUG: us.look_back_time -> ages (Gyr): [1.87007702 1.61251452 2.87363813 0.5954563  0.80234515 4.82079807
 2.4162815  2.3089918  5.53684322 3.66500511]
[3/100] subhalo 775825 done; total_formed=1.253e+01
Building SWIFTGalaxy for subhalo 377679 (soap_index=81318165)
Read masses: Nstars=91220, sum_current=1.242626e+11 Msun
DEBUG: sample z (first valid): [8.66322619 0.09066702 0.04837471 0.66996229 7.04912798 2.36116525
 0.69641748 0.68698517 0.62475208 7.04912798]
DEBUG: Planck15 ages (Gyr): [ 0.57406163 12.57121846 13.12336982  7.48473902  0.75534844  2.77928152
  7.33053398  7.38495319  7.75994651  0.75534844]
DEBUG: cosmo_colibre ages (Gyr): [ 0.57581439 12.54599417 13.09539952  7.47898985  0.75719886  2.78087336
  7.32519003  7.37946756  7.75344541  0.75719886]
DEBUG: us.look_back_time -> ages (Gyr): [ 0.57581439 12.54599417 13.09539952  7.47898986  0.75719887  2.78087336
  7.32519003  7.37946756  7.75344542  0.75719887]
[4/100] subhalo 377679 done; total_formed=2.074e+01
Building SWIFTGalaxy for subhalo 70277 (soap_index=81320800)
Read masses: Nstars=160930, sum_current=2.113811e+11 Msun
DEBUG: sample z (first valid): [5.89780023 2.8124491  1.62627234 3.90135368 0.72408713 1.048
 1.03553236 1.05545101 2.22424481 4.46133333]
DEBUG: Planck15 ages (Gyr): [0.95215666 2.30718492 3.98468637 1.58763506 7.17438557 5.67274378
 5.72110531 5.6441481  2.95464977 1.35071033]
DEBUG: cosmo_colibre ages (Gyr): [0.95407528 2.3089918  3.98533437 1.58960413 7.16944013 5.6710261
 5.71930058 5.64248138 2.95614006 1.3526853 ]
DEBUG: us.look_back_time -> ages (Gyr): [0.95407528 2.3089918  3.98533437 1.58960413 7.16944013 5.67102611
 5.71930058 5.64248138 2.95614006 1.35268531]
[5/100] subhalo 70277 done; total_formed=3.545e+01
Building SWIFTGalaxy for subhalo 5762569 (soap_index=81348628)
Read masses: Nstars=55668, sum_current=8.040676e+10 Msun
DEBUG: sample z (first valid): [0.63709033 0.21524996 0.12042673 5.33381657 1.23139258 4.81611644
 4.76292649 0.33289945 1.32265381 4.76039378]
DEBUG: Planck15 ages (Gyr): [ 7.6833336  11.1237251  12.20214237  1.08199272  5.02992323  1.2293413
  1.24635947  9.96653673  4.752102    1.24717955]
DEBUG: cosmo_colibre ages (Gyr): [ 7.67704552 11.10516868 12.17869341  1.08394017  5.02925854  1.23130875
  1.24832844  9.95270293  4.7518335   1.24914859]
DEBUG: us.look_back_time -> ages (Gyr): [ 7.67704552 11.10516868 12.17869341  1.08394018  5.02925854  1.23130875
  1.24832844  9.95270293  4.7518335   1.2491486 ]
[6/100] subhalo 5762569 done; total_formed=1.310e+01
Building SWIFTGalaxy for subhalo 71819 (soap_index=81415055)
Read masses: Nstars=223288, sum_current=2.870842e+11 Msun
DEBUG: sample z (first valid): [1.59980958 1.53465347 3.19403558 0.98642095 1.74668902 2.06787754
 1.46932931 1.07721078 0.77835667 1.88653982]
DEBUG: Planck15 ages (Gyr): [4.04336635 4.1939483  2.0025658  5.91805835 3.73428407 3.17818046
 4.35420693 5.56192561 6.88257416 3.47408289]
DEBUG: cosmo_colibre ages (Gyr): [4.04395326 4.19437173 2.00446633 5.91588762 3.73517652 3.17952402
 4.35444567 5.56040324 6.87834157 3.47520194]
DEBUG: us.look_back_time -> ages (Gyr): [4.04395326 4.19437174 2.00446633 5.91588762 3.73517652 3.17952403
 4.35444567 5.56040324 6.87834157 3.47520194]
[7/100] subhalo 71819 done; total_formed=4.792e+01
Building SWIFTGalaxy for subhalo 382033 (soap_index=81420406)
Read masses: Nstars=13701, sum_current=1.803485e+10 Msun
DEBUG: sample z (first valid): [0.4737789  1.60249384 1.87615202 1.2347405  0.15274748 1.81560406
 5.92549931 1.78142772 7.11440599 0.74131151]
DEBUG: Planck15 ages (Gyr): [ 8.7987696   4.03735066  3.49238339  5.01927806 11.81845504  3.60224554
  0.94645306  3.66676143  0.74624662  7.07974171]
DEBUG: cosmo_colibre ages (Gyr): [ 8.78910097  4.0379439   3.4934874   5.0186292  11.79679834  3.60325643
  0.94837014  3.66771535  0.74809304  7.07503202]
DEBUG: us.look_back_time -> ages (Gyr): [ 8.78910097  4.03794391  3.49348741  5.0186292  11.79679834  3.60325644
  0.94837015  3.66771535  0.74809304  7.07503202]
[8/100] subhalo 382033 done; total_formed=3.008e+00
Building SWIFTGalaxy for subhalo 173628 (soap_index=81444356)
Read masses: Nstars=53092, sum_current=6.879341e+10 Msun
DEBUG: sample z (first valid): [2.96227328 0.57432497 2.14653351 2.25369874 5.26958768 7.71199734
 5.18147519 4.00465827 0.75229947 2.39213251]
DEBUG: Planck15 ages (Gyr): [2.17900266 8.08541035 3.06240806 2.91542064 1.09863857 0.67073764
 1.12217629 1.53896442 7.02036303 2.74197854]
DEBUG: cosmo_colibre ages (Gyr): [2.18085329 8.0779726  3.06383005 2.91693467 1.10058892 0.67254746
 1.12413046 1.5409368  7.01579902 2.74359046]
DEBUG: us.look_back_time -> ages (Gyr): [2.1808533  8.0779726  3.06383005 2.91693468 1.10058893 0.67254746
 1.12413046 1.5409368  7.01579902 2.74359046]
[9/100] subhalo 173628 done; total_formed=1.148e+01
Building SWIFTGalaxy for subhalo 72489 (soap_index=81487879)
Read masses: Nstars=15662, sum_current=2.236514e+10 Msun
DEBUG: sample z (first valid): [2.08578962 8.69252385 0.37345964 3.36790189 3.97426945 2.22678484
 0.98353511 6.4362873  4.91106702 2.42331801]
DEBUG: Planck15 ages (Gyr): [3.15119375 0.57145671 9.60800757 1.88514126 1.55302233 2.95123278
 5.92996145 0.8506526  1.19990424 2.70523606]
DEBUG: cosmo_colibre ages (Gyr): [3.15255607 0.57320775 9.59551876 1.88706827 1.55499386 2.95272516
 5.927768   0.85254016 1.20186869 2.70686724]
DEBUG: us.look_back_time -> ages (Gyr): [3.15255607 0.57320776 9.59551876 1.88706827 1.55499386 2.95272516
 5.92776801 0.85254016 1.20186869 2.70686724]
[10/100] subhalo 72489 done; total_formed=3.571e+00
Building SWIFTGalaxy for subhalo 821644 (soap_index=81655619)
Read masses: Nstars=32972, sum_current=4.589880e+10 Msun
DEBUG: sample z (first valid): [1.89521117 9.3540564  2.83027469 1.77647856 2.07075251 2.5340811
 4.41709373 1.90986591 0.8910434  1.13333333]
DEBUG: Planck15 ages (Gyr): [3.45892553 0.51748612 2.29129041 3.67625967 3.17382358 2.58105381
 1.36723638 3.43355288 6.33223116 5.35837357]
DEBUG: cosmo_colibre ages (Gyr): [3.46005693 0.51919909 2.29310305 3.67720505 3.1751702  2.58274626
 1.3692118  3.43470474 6.32923017 5.35719492]
DEBUG: us.look_back_time -> ages (Gyr): [3.46005693 0.5191991  2.29310305 3.67720506 3.1751702  2.58274627
 1.3692118  3.43470474 6.32923017 5.35719492]
[11/100] subhalo 821644 done; total_formed=7.654e+00
Building SWIFTGalaxy for subhalo 734718 (soap_index=81729088)
Read masses: Nstars=32638, sum_current=4.659512e+10 Msun
DEBUG: sample z (first valid): [4.28644027 4.0350338  0.03933012 2.89863177 0.87202925 6.61957912
 2.39564767 2.23092092 2.14020125 2.15775272]
DEBUG: Planck15 ages (Gyr): [ 1.41805407  1.52512216 13.24586664  2.23198012  6.42020177  0.8201401
  2.73779615  2.9456825   3.07147147  3.04645698]
DEBUG: cosmo_colibre ages (Gyr): [ 1.42003004  1.52709529 13.21727303  2.23381343  6.41701378  0.82201667
  2.73941029  2.94717826  3.07288751  3.04788937]
DEBUG: us.look_back_time -> ages (Gyr): [ 1.42003004  1.52709529 13.21727303  2.23381343  6.41701379  0.82201668
  2.73941029  2.94717827  3.07288751  3.04788937]
[12/100] subhalo 734718 done; total_formed=7.731e+00
Building SWIFTGalaxy for subhalo 16370204 (soap_index=81732459)
Read masses: Nstars=23438, sum_current=3.155350e+10 Msun
DEBUG: sample z (first valid): [1.12958991 8.01830191 2.42153075 4.50583886 4.68740779 4.68740779
 0.2792005  3.84447073 1.02835036 4.10444739]
DEBUG: Planck15 ages (Gyr): [ 5.37158148  0.63682034  2.70731991  1.33441663  1.27120265  1.27120265
 10.47197605  1.61553428  5.74925924  1.49425335]
DEBUG: cosmo_colibre ages (Gyr): [ 5.37038111  0.63861156  2.70895001  1.33639103  1.27317356  1.27317356
 10.45614975  1.61750098  5.74740332  1.49622784]
DEBUG: us.look_back_time -> ages (Gyr): [ 5.37038111  0.63861156  2.70895001  1.33639104  1.27317357  1.27317357
 10.45614975  1.61750098  5.74740333  1.49622784]
[13/100] subhalo 16370204 done; total_formed=5.241e+00
Building SWIFTGalaxy for subhalo 7416327 (soap_index=81747829)
Read masses: Nstars=31298, sum_current=4.256714e+10 Msun
DEBUG: sample z (first valid): [0.11478533 0.05526214 4.11760112 0.18057357 0.0813094  4.49475979
 5.54313099 4.81611644 0.26820961 5.5164562 ]
DEBUG: Planck15 ages (Gyr): [12.27091816 13.03115362  1.48852042 11.50172434 12.69052861  1.33844214
  1.03055007  1.2293413  10.5799998   1.0368777 ]
DEBUG: cosmo_colibre ages (Gyr): [12.24714214 13.00364923  1.49049511 11.48150471 12.66471994  1.3404167
  1.03248745  1.23130875 10.56373333  1.03881641]
DEBUG: us.look_back_time -> ages (Gyr): [12.24714214 13.00364923  1.49049511 11.48150471 12.66471994  1.3404167
  1.03248745  1.23130875 10.56373333  1.03881641]
[14/100] subhalo 7416327 done; total_formed=7.030e+00
Building SWIFTGalaxy for subhalo 351530 (soap_index=81801770)
Read masses: Nstars=105120, sum_current=1.364839e+11 Msun
DEBUG: sample z (first valid): [4.68740779 0.77932233 8.09211987 1.18876495 2.90653314 0.80759047
 0.56814701 5.28281085 2.24564184 0.32954638]
DEBUG: Planck15 ages (Gyr): [1.27120265 6.87754803 0.62907121 5.16866477 2.22528781 6.73288805
 8.12669626 1.09517697 2.92606633 9.99704702]
DEBUG: cosmo_colibre ages (Gyr): [1.27317356 6.87332736 0.63085797 5.16778905 2.22712337 6.72900501
 8.11913603 1.09712674 2.92757397 9.98309612]
DEBUG: us.look_back_time -> ages (Gyr): [1.27317357 6.87332736 0.63085797 5.16778905 2.22712337 6.72900501
 8.11913604 1.09712674 2.92757397 9.98309612]
[15/100] subhalo 351530 done; total_formed=2.285e+01
Building SWIFTGalaxy for subhalo 61197 (soap_index=81846721)
Read masses: Nstars=45849, sum_current=6.185446e+10 Msun
DEBUG: sample z (first valid): [6.36111423 3.32381078 4.23868905 0.83348254 0.28240451 4.16967737
 2.45107952 1.59527958 0.77739206 6.27935133]
DEBUG: Planck15 ages (Gyr): [ 0.86371635  1.91382188  1.43741347  6.60447049 10.44078599  1.46617741
  2.67320285  4.05355142  6.88760049  0.8783081 ]
DEBUG: cosmo_colibre ages (Gyr): [ 0.86560837  1.91574293  1.43938932  6.60087865 10.42508584  1.46815276
  2.6748504   4.05412758  6.88335597  0.88020493]
DEBUG: us.look_back_time -> ages (Gyr): [ 0.86560837  1.91574293  1.43938932  6.60087865 10.42508584  1.46815276
  2.6748504   4.05412758  6.88335597  0.88020493]
[16/100] subhalo 61197 done; total_formed=1.024e+01
Building SWIFTGalaxy for subhalo 358945 (soap_index=81883972)
Read masses: Nstars=23722, sum_current=3.209990e+10 Msun
DEBUG: sample z (first valid): [4.13846636 5.24449738 2.69425028 6.5268175  0.78747545 0.63971177
 4.94754515 3.55839188 0.75680892 4.0763749 ]
DEBUG: Planck15 ages (Gyr): [1.47950097 1.10525693 2.41733881 0.83535055 6.83533668 7.66720395
 1.18890485 1.76902496 6.99621527 1.50661162]
DEBUG: cosmo_colibre ages (Gyr): [1.48147595 1.10720839 2.41910308 0.8372327  6.83121558 7.66096036
 1.19086805 1.77097274 6.99171001 1.50858561]
DEBUG: us.look_back_time -> ages (Gyr): [1.48147596 1.1072084  2.41910309 0.83723271 6.83121558 7.66096036
 1.19086806 1.77097274 6.99171001 1.50858561]
[17/100] subhalo 358945 done; total_formed=5.384e+00
Building SWIFTGalaxy for subhalo 160218 (soap_index=81890631)
Read masses: Nstars=139374, sum_current=1.856545e+11 Msun
DEBUG: sample z (first valid): [0.30279898 3.00268735 0.39950457 0.20293686 0.06604203 0.29292929
 0.31145441 0.44862953 0.07260229 0.24773437]
DEBUG: Planck15 ages (Gyr): [10.24537286  2.1464282   9.38767349 11.25588345 12.88864041 10.33927233
 10.16404182  8.99188868 12.80298345 10.78557792]
DEBUG: cosmo_colibre ages (Gyr): [10.23045361  2.14828895  9.37598244 11.23675205 12.86185036 10.32397991
 10.1494427   8.98157464 12.7766194  10.76846013]
DEBUG: us.look_back_time -> ages (Gyr): [10.23045361  2.14828895  9.37598244 11.23675205 12.86185036 10.32397991
 10.1494427   8.98157464 12.7766194  10.76846013]
[18/100] subhalo 160218 done; total_formed=3.103e+01
Building SWIFTGalaxy for subhalo 160646 (soap_index=81946794)
Read masses: Nstars=40523, sum_current=5.658840e+10 Msun
DEBUG: sample z (first valid): [0.46481895 1.12737778 0.82775547 1.64706358 2.95892231 0.2541335
 0.77739206 2.09921498 4.1909703  2.79478865]
DEBUG: Planck15 ages (Gyr): [ 8.86685911  5.37941077  6.63254686  3.93954229  2.18174019 10.7207139
  6.88760049  3.13121143  1.45720147  2.32311219]
DEBUG: cosmo_colibre ages (Gyr): [ 8.85696492  5.37819749  6.62889205  3.94023631  2.18358995 10.70386664
  6.88335597  3.13258745  1.45917701  2.3249132 ]
DEBUG: us.look_back_time -> ages (Gyr): [ 8.85696492  5.37819749  6.62889205  3.94023631  2.18358996 10.70386664
  6.88335597  3.13258745  1.45917702  2.3249132 ]
[19/100] subhalo 160646 done; total_formed=9.322e+00
Building SWIFTGalaxy for subhalo 1506192 (soap_index=82004740)
Read masses: Nstars=24964, sum_current=3.297743e+10 Msun
DEBUG: sample z (first valid): [4.13846636 3.60936841 3.41260436 5.66354855 7.78322053 1.98923554
 4.41172585 3.44854738 9.67361564 3.8790947 ]
DEBUG: Planck15 ages (Gyr): [1.47950097 1.73994755 1.8567814  1.00276756 0.66258719 3.30125583
 1.36926441 1.83448658 0.49437749 1.59845661]
DEBUG: cosmo_colibre ages (Gyr): [1.48147595 1.74189967 1.85871398 1.00469878 0.66439267 3.30251024
 1.37123987 1.83642332 0.49607261 1.6004248 ]
DEBUG: us.look_back_time -> ages (Gyr): [1.48147596 1.74189967 1.85871398 1.00469878 0.66439268 3.30251025
 1.37123988 1.83642333 0.49607261 1.6004248 ]
[20/100] subhalo 1506192 done; total_formed=5.545e+00
Building SWIFTGalaxy for subhalo 753108 (soap_index=82015536)
Read masses: Nstars=19712, sum_current=2.545406e+10 Msun
DEBUG: sample z (first valid): [3.55839188 2.66245669 1.48883488 2.74705546 1.31396088 0.2792005
 1.73522538 4.91586929 1.23139258 0.26968382]
DEBUG: Planck15 ages (Gyr): [ 1.76902496  2.44845302  4.30533534  2.3670799   4.77749778 10.47197605
  3.7570101   1.19844656  5.02992323 10.56541727]
DEBUG: cosmo_colibre ages (Gyr): [ 1.77097274  2.45020443  4.30563158  2.36886419  4.77719451 10.45614975
  3.75788144  1.20041084  5.02925854 10.54921051]
DEBUG: us.look_back_time -> ages (Gyr): [ 1.77097274  2.45020444  4.30563158  2.36886419  4.77719451 10.45614975
  3.75788144  1.20041085  5.02925854 10.54921051]
[21/100] subhalo 753108 done; total_formed=4.262e+00
Building SWIFTGalaxy for subhalo 2896517 (soap_index=82036596)
Read masses: Nstars=232349, sum_current=3.060874e+11 Msun
DEBUG: sample z (first valid): [5.20773133e-02 1.05945572e+00 7.66659478e-01 2.29660763e-01
 8.05598413e-01 5.31593495e-02 1.52821077e-03 1.02355408e-02
 1.02355408e-02 3.72808600e+00]
DEBUG: Planck15 ages (Gyr): [13.0736819   5.62887242  6.9439086  10.97186144  6.74292774 13.05921118
 13.7755816  13.65097093 13.65097093  1.67521442]
DEBUG: cosmo_colibre ages (Gyr): [13.045963    5.62723276  6.93952963 10.95395695  6.7390216  13.03156534
 13.74423613 13.6202809  13.6202809   1.67717494]
DEBUG: us.look_back_time -> ages (Gyr): [13.045963    5.62723276  6.93952963 10.95395696  6.7390216  13.03156534
 13.74423613 13.6202809  13.6202809   1.67717494]
[22/100] subhalo 2896517 done; total_formed=5.114e+01
Building SWIFTGalaxy for subhalo 2902042 (soap_index=82086428)
Read masses: Nstars=19337, sum_current=2.577551e+10 Msun
DEBUG: sample z (first valid): [3.66581233 3.67080037 7.06547289 4.34464198 3.51101322 5.89780023
 2.36738259 6.76033156 3.59998596 3.67080037]
DEBUG: Planck15 ages (Gyr): [1.70866337 1.70594355 0.75305219 1.39503604 1.79677847 0.95215666
 2.77172557 0.79792282 1.74523972 1.70594355]
DEBUG: cosmo_colibre ages (Gyr): [1.71061977 1.70790031 0.75490161 1.39701192 1.79872178 0.95407528
 2.77332152 0.79979087 1.74719107 1.70790031]
DEBUG: us.look_back_time -> ages (Gyr): [1.71061977 1.70790031 0.75490161 1.39701192 1.79872178 0.95407528
 2.77332152 0.79979087 1.74719108 1.70790031]
[23/100] subhalo 2902042 done; total_formed=4.311e+00
Building SWIFTGalaxy for subhalo 751918 (soap_index=82122702)
Read masses: Nstars=23165, sum_current=3.199151e+10 Msun
DEBUG: sample z (first valid): [5.43772102 8.31636932 2.85914498 2.08811611 3.39455509 0.9221023
 0.97635706 0.98642095 2.7930316  1.85286436]
DEBUG: Planck15 ages (Gyr): [1.05593618 0.60646622 2.26592766 3.14771611 1.86814663 6.19251604
 5.9597317  5.91805835 2.32470672 3.53398483]
DEBUG: cosmo_colibre ages (Gyr): [1.05787874 0.60823953 2.26774931 3.14908082 1.87007702 6.18980435
 5.95748116 5.91588762 2.32650713 3.53505415]
DEBUG: us.look_back_time -> ages (Gyr): [1.05787875 0.60823953 2.26774931 3.14908082 1.87007702 6.18980435
 5.95748116 5.91588762 2.32650713 3.53505416]
[24/100] subhalo 751918 done; total_formed=5.342e+00
Building SWIFTGalaxy for subhalo 767020 (soap_index=82127730)
Read masses: Nstars=19381, sum_current=2.581983e+10 Msun
DEBUG: sample z (first valid): [0.57236084 0.49108118 0.36647206 2.01481277 6.94375758 1.34408756
 2.21034584 2.72702457 1.76103809 0.35966805]
DEBUG: Planck15 ages (Gyr): [8.09850185 8.66946813 9.66841309 3.26038548 0.7704352  4.69039905
 2.97346277 2.38594057 3.70615065 9.72776829]
DEBUG: cosmo_colibre ages (Gyr): [8.09102535 8.66022183 9.65570172 3.26167017 0.77229207 4.69021381
 2.97494146 2.38771746 3.70706894 9.71483662]
DEBUG: us.look_back_time -> ages (Gyr): [8.09102535 8.66022183 9.65570172 3.26167017 0.77229208 4.69021381
 2.97494146 2.38771747 3.70706894 9.71483662]
[25/100] subhalo 767020 done; total_formed=4.256e+00
Building SWIFTGalaxy for subhalo 9903024 (soap_index=82136809)
Read masses: Nstars=11985, sum_current=1.673509e+10 Msun
DEBUG: sample z (first valid): [0.71812081 1.86608939 0.59688109 2.04591932 0.53566407 0.69029196
 0.58559954 4.32683085 4.04006768 5.38565722]
DEBUG: Planck15 ages (Gyr): [7.20762197 3.51026114 7.93732789 3.21178186 8.34908102 7.36580479
 8.01087568 1.40201394 1.52284814 1.06886057]
DEBUG: cosmo_colibre ages (Gyr): [7.2025927  3.51135033 7.93032265 3.21310168 8.34084701 7.36036918
 8.00365696 1.40398987 1.52482138 1.07080562]
DEBUG: us.look_back_time -> ages (Gyr): [7.2025927  3.51135033 7.93032266 3.21310169 8.34084701 7.36036918
 8.00365696 1.40398987 1.52482138 1.07080562]
[26/100] subhalo 9903024 done; total_formed=2.766e+00
Building SWIFTGalaxy for subhalo 165589 (soap_index=82162716)
Read masses: Nstars=49513, sum_current=6.169493e+10 Msun
DEBUG: sample z (first valid): [0.63464033 1.22351903 1.49375951 5.86960168 2.17673291 2.1228438
 0.49339167 1.91893818 0.70435868 1.64813318]
DEBUG: Planck15 ages (Gyr): [7.69845499 5.0551003  4.29313605 0.95802201 3.0197793  3.09654154
 8.65241624 3.41799703 7.2851913  3.93724225]
DEBUG: cosmo_colibre ages (Gyr): [7.6921251  5.05439797 4.29344648 0.95994218 3.02122884 3.09794096
 8.64322505 3.41916132 7.27996429 3.93793859]
DEBUG: us.look_back_time -> ages (Gyr): [7.6921251  5.05439797 4.29344649 0.95994218 3.02122884 3.09794096
 8.64322505 3.41916132 7.27996429 3.93793859]
[27/100] subhalo 165589 done; total_formed=1.036e+01
Building SWIFTGalaxy for subhalo 6767 (soap_index=82211205)
Read masses: Nstars=15106, sum_current=1.980018e+10 Msun
DEBUG: sample z (first valid): [1.58933228 1.59445764 1.16233338 5.11286261 4.0763749  1.98787271
 3.35252706 7.13505462 1.73385617 2.61239114]
DEBUG: Planck15 ages (Gyr): [4.06698615 4.05540388 5.25777242 1.14109099 1.50661162 3.30345696
 1.89506119 0.74340544 3.75973947 2.498804  ]
DEBUG: cosmo_colibre ages (Gyr): [4.06754806 4.05597808 5.25675649 1.14304798 1.50858561 3.30470972
 1.89698617 0.7452506  3.76060827 2.50053381]
DEBUG: us.look_back_time -> ages (Gyr): [4.06754806 4.05597808 5.25675649 1.14304799 1.50858561 3.30470973
 1.89698618 0.7452506  3.76060827 2.50053381]
[28/100] subhalo 6767 done; total_formed=3.330e+00
Building SWIFTGalaxy for subhalo 369042 (soap_index=82326213)
Read masses: Nstars=210807, sum_current=2.649311e+11 Msun
DEBUG: sample z (first valid): [3.24978925 2.16599034 2.55787188 0.74799957 0.87395631 0.26497838
 0.80759047 0.1877628  0.18355848 0.38319966]
DEBUG: Planck15 ages (Gyr): [ 1.96362341  3.03483139  2.5556006   7.04350812  6.4111998  10.61206441
  6.73288805 11.42186265 11.4684699   9.52472796]
DEBUG: cosmo_colibre ages (Gyr): [ 1.96553333  3.03627128  2.55730489  7.03888753  6.40803112 10.59566633
  6.72900501 11.40199917 11.44839888  9.51254328]
DEBUG: us.look_back_time -> ages (Gyr): [ 1.96553333  3.03627129  2.55730489  7.03888753  6.40803112 10.59566633
  6.72900501 11.40199917 11.44839888  9.51254328]
[29/100] subhalo 369042 done; total_formed=4.395e+01
Building SWIFTGalaxy for subhalo 6875 (soap_index=82348934)
Read masses: Nstars=20820, sum_current=2.832350e+10 Msun
DEBUG: sample z (first valid): [0.50935053 0.74520665 5.5964771  1.33091478 1.43501523 4.72216886
 1.10672496 3.50295451 1.93068599 1.11338278]
DEBUG: Planck15 ages (Gyr): [8.53599201 7.05860451 1.01808638 4.72816759 4.44237591 1.25966626
 5.45338589 1.80157082 3.39802349 5.42936382]
DEBUG: cosmo_colibre ages (Gyr): [8.52717337 7.05394687 1.02002105 4.72793159 4.44250828 1.26163631
 5.45204922 1.80351332 3.39920359 5.4280675 ]
DEBUG: us.look_back_time -> ages (Gyr): [8.52717337 7.05394687 1.02002106 4.7279316  4.44250828 1.26163632
 5.45204922 1.80351333 3.39920359 5.4280675 ]
[30/100] subhalo 6875 done; total_formed=4.737e+00
Building SWIFTGalaxy for subhalo 374885 (soap_index=82394581)
Read masses: Nstars=88284, sum_current=1.222143e+11 Msun
DEBUG: sample z (first valid): [0.25605642 0.26624932 2.9786304  0.54507733 4.89352518 3.41706544
 0.43179236 0.17162471 1.24161992 3.9791825 ]
DEBUG: Planck15 ages (Gyr): [10.70133229 10.59943569  2.16572089  8.28370411  1.20525399  1.85398997
  9.12471423 11.60225109  4.9975163   1.55073516]
DEBUG: cosmo_colibre ages (Gyr): [10.68456552 10.5830895   2.1675757   8.27567064  1.20721902  1.85592308
  9.11394615 11.58157958  4.99689963  1.55270683]
DEBUG: us.look_back_time -> ages (Gyr): [10.68456552 10.5830895   2.1675757   8.27567064  1.20721903  1.85592309
  9.11394615 11.58157958  4.99689963  1.55270683]
[31/100] subhalo 374885 done; total_formed=2.012e+01
Building SWIFTGalaxy for subhalo 374288 (soap_index=82408157)
Read masses: Nstars=129081, sum_current=1.678251e+11 Msun
DEBUG: sample z (first valid): [4.59610622 0.5147929  0.51858374 2.27385353 7.24767178 2.82000466
 8.5652047  0.55136824 4.0763749  0.31072   ]
DEBUG: Planck15 ages (Gyr): [ 1.30235342  8.4968233   8.46969927  2.88906604  0.72822127  2.30042574
  0.58292207  8.24044008  1.50661162 10.17090625]
DEBUG: cosmo_colibre ages (Gyr): [ 1.30432631  8.48812856  8.46108989  2.89059569  0.73005952  2.30223508
  0.58468061  8.2325382   1.50858561 10.15628023]
DEBUG: us.look_back_time -> ages (Gyr): [ 1.30432632  8.48812856  8.4610899   2.89059569  0.73005953  2.30223509
  0.58468061  8.2325382   1.50858561 10.15628023]
[32/100] subhalo 374288 done; total_formed=2.805e+01
Building SWIFTGalaxy for subhalo 795536 (soap_index=82571252)
Read masses: Nstars=122107, sum_current=1.691062e+11 Msun
DEBUG: sample z (first valid): [0.37058725 0.26879888 0.28703849 0.2205006  1.09420336 0.22296036
 0.2490661  3.89915527 0.32749959 1.75199463]
DEBUG: Planck15 ages (Gyr): [ 9.63277129 10.57416736 10.39591308 11.06804546  5.49902252 11.0420987
 10.77203248  1.58869844 10.01573812  3.7238414 ]
DEBUG: cosmo_colibre ages (Gyr): [ 9.62019144 10.55792479 10.38039371 11.04972916  5.49760844 11.02389387
 10.75497132  1.59066742 10.00171528  3.72474348]
DEBUG: us.look_back_time -> ages (Gyr): [ 9.62019144 10.55792479 10.38039371 11.04972916  5.49760844 11.02389387
 10.75497132  1.59066743 10.00171528  3.72474349]
[33/100] subhalo 795536 done; total_formed=2.803e+01
Building SWIFTGalaxy for subhalo 824066 (soap_index=82742457)
Read masses: Nstars=129336, sum_current=1.632027e+11 Msun
DEBUG: sample z (first valid): [0.88821021 1.83558325 1.15465544 1.15877199 4.00465827 1.645354
 1.1854075  7.39129321 5.33381657 2.8240168 ]
DEBUG: Planck15 ages (Gyr): [6.34521986 3.56537985 5.28411405 5.26996497 1.53896442 3.94322301
 5.17985018 0.7095916  1.08199272 2.29684975]
DEBUG: cosmo_colibre ages (Gyr): [6.34219149 3.56642253 5.28305596 5.26892956 1.5409368  3.94391331
 5.17895706 0.71142104 1.08394017 2.29866039]
DEBUG: us.look_back_time -> ages (Gyr): [6.3421915  3.56642254 5.28305596 5.26892957 1.5409368  3.94391331
 5.17895706 0.71142104 1.08394018 2.29866039]
[34/100] subhalo 824066 done; total_formed=2.742e+01
Building SWIFTGalaxy for subhalo 394208 (soap_index=82756391)
Read masses: Nstars=69643, sum_current=9.124231e+10 Msun
DEBUG: sample z (first valid): [3.05394037 0.27204969 1.25643851 0.29425705 1.64514046 2.60603059
 1.95154026 2.60127487 1.96060716 3.99931345]
DEBUG: Planck15 ages (Gyr): [ 2.10625865 10.54207524  4.95114778 10.32656761  3.94368316  2.50532274
  3.3630324   2.51021505  3.348002    1.54142163]
DEBUG: cosmo_colibre ages (Gyr): [ 2.10813132 10.52596387  4.95059898 10.3113259   3.94437299  2.50704968
  3.3642398   2.51193983  3.34922097  1.54339386]
DEBUG: us.look_back_time -> ages (Gyr): [ 2.10813132 10.52596387  4.95059899 10.31132591  3.94437299  2.50704969
  3.3642398   2.51193984  3.34922098  1.54339386]
[35/100] subhalo 394208 done; total_formed=1.517e+01
Building SWIFTGalaxy for subhalo 75707 (soap_index=82774914)
Read masses: Nstars=121784, sum_current=1.550647e+11 Msun
DEBUG: sample z (first valid): [1.81125601 1.83705628 4.243719   0.34581896 6.19859402 1.82263761
 2.06787754 3.02926529 2.02287823 2.05842822]
DEBUG: Planck15 ages (Gyr): [3.61035072 3.56268611 1.43535363 9.85024135 0.89312697 3.58919681
 3.17818046 2.12544142 3.24766854 3.19256949]
DEBUG: cosmo_colibre ages (Gyr): [3.61135454 3.56373109 1.43732949 9.83685013 0.89502852 3.59021901
 3.17952402 2.12730847 3.24896251 3.19390294]
DEBUG: us.look_back_time -> ages (Gyr): [3.61135454 3.56373109 1.4373295  9.83685013 0.89502852 3.59021901
 3.17952403 2.12730847 3.24896251 3.19390294]
[36/100] subhalo 75707 done; total_formed=2.589e+01
Building SWIFTGalaxy for subhalo 10283286 (soap_index=82804920)
Read masses: Nstars=22360, sum_current=3.031309e+10 Msun
DEBUG: sample z (first valid): [4.61865569 4.0763749  6.15458515 5.37261766 4.34594991 4.15950244
 3.98410526 6.12193002 0.09233949 5.70445013]
DEBUG: Planck15 ages (Gyr): [ 1.29454296  1.50661162  0.90137836  1.07213871  1.3945259   1.47049903
  1.54844906  0.90758322 12.55006126  0.99361276]
DEBUG: cosmo_colibre ages (Gyr): [ 1.2965154   1.50858561  0.90328246  1.07408437  1.39650177  1.47247426
  1.55042087  0.90948919 12.52494007  0.99554183]
DEBUG: us.look_back_time -> ages (Gyr): [ 1.2965154   1.50858561  0.90328246  1.07408437  1.39650178  1.47247427
  1.55042088  0.9094892  12.52494007  0.99554184]
[37/100] subhalo 10283286 done; total_formed=5.025e+00
Building SWIFTGalaxy for subhalo 7440 (soap_index=82846148)
Read masses: Nstars=20194, sum_current=2.634114e+10 Msun
DEBUG: sample z (first valid): [3.85703698 2.62157383 0.56874761 0.62217822 0.6034449  3.728086
 0.22332562 2.93043061 2.06071362 2.61997349]
DEBUG: Planck15 ages (Gyr): [ 1.6093014   2.48944202  8.12266871  7.77607467  7.89500499  1.67521442
 11.03825329  2.20524723  3.18907964  2.49106946]
DEBUG: cosmo_colibre ages (Gyr): [ 1.61126866  2.49117592  8.11512047  7.76952837  7.88812143  1.67717494
 11.02006495  2.20708941  3.19041555  2.49280265]
DEBUG: us.look_back_time -> ages (Gyr): [ 1.61126866  2.49117593  8.11512048  7.76952837  7.88812143  1.67717494
 11.02006495  2.20708941  3.19041555  2.49280265]
[38/100] subhalo 7440 done; total_formed=4.399e+00
Building SWIFTGalaxy for subhalo 179794 (soap_index=82855794)
Read masses: Nstars=34788, sum_current=4.419158e+10 Msun
DEBUG: sample z (first valid): [3.59064164 3.43050297 3.76660121 0.16330588 2.74149349 1.30630631
 7.85501959 0.08740957 3.62335097 0.10627954]
DEBUG: Planck15 ages (Gyr): [ 1.75053692  1.84562352  1.65506566 11.69682792  2.37229224  4.80004012
  0.65453614 12.6125709   1.73210982 12.37565596]
DEBUG: cosmo_colibre ages (Gyr): [ 1.7524875   1.84755821  1.65702844 11.67572767  2.3740745   4.79970575
  0.65633726 12.58714463  1.73406305 12.35137853]
DEBUG: us.look_back_time -> ages (Gyr): [ 1.7524875   1.84755821  1.65702845 11.67572767  2.3740745   4.79970576
  0.65633726 12.58714463  1.73406306 12.35137853]
[39/100] subhalo 179794 done; total_formed=7.290e+00
Building SWIFTGalaxy for subhalo 3105761 (soap_index=82873587)
Read masses: Nstars=15954, sum_current=2.351371e+10 Msun
DEBUG: sample z (first valid): [4.72216886 4.40592263 6.49668268 3.1854643  4.53373301 0.12845237
 2.8124491  4.53934579 0.22387391 4.69333681]
DEBUG: Planck15 ages (Gyr): [ 1.25966626  1.37146253  0.84039302  2.00866578  1.32436993 12.10523689
  2.30718492  1.32236353 11.03248447  1.26922258]
DEBUG: cosmo_colibre ages (Gyr): [ 1.26163631  1.37343804  0.84227697  2.01056479  1.32634392 12.08224581
  2.3089918   1.32433742 11.01432087  1.27119334]
DEBUG: us.look_back_time -> ages (Gyr): [ 1.26163632  1.37343804  0.84227698  2.01056479  1.32634392 12.08224581
  2.3089918   1.32433743 11.01432087  1.27119335]
[40/100] subhalo 3105761 done; total_formed=3.858e+00
Building SWIFTGalaxy for subhalo 819299 (soap_index=82914555)
Read masses: Nstars=15551, sum_current=2.158704e+10 Msun
DEBUG: sample z (first valid): [1.10699588 5.63655696 5.1937435  0.91223156 2.9786304  3.29744262
 0.83615376 7.60673715 1.2771369  3.8004688 ]
DEBUG: Planck15 ages (Gyr): [5.45240509 1.00888599 1.11884908 6.23639334 2.16572089 1.93132052
 6.59143803 0.68309221 4.88751936 1.63767764]
DEBUG: cosmo_colibre ages (Gyr): [5.45107007 1.0108186  1.12080273 6.23359182 2.1675757  1.93323777
 6.58787529 0.68490846 4.88706212 1.63964223]
DEBUG: us.look_back_time -> ages (Gyr): [5.45107007 1.0108186  1.12080274 6.23359182 2.1675757  1.93323777
 6.58787529 0.68490847 4.88706212 1.63964223]
[41/100] subhalo 819299 done; total_formed=3.581e+00
Building SWIFTGalaxy for subhalo 2796312 (soap_index=82914580)
Read masses: Nstars=72143, sum_current=9.588265e+10 Msun
DEBUG: sample z (first valid): [0.95863718 2.71224652 2.30222715 4.28132807 9.73920524 4.5225415
 1.31985841 2.24564184 4.20416104 0.75586754]
DEBUG: Planck15 ages (Gyr): [6.03423357 2.40001451 2.85262058 1.42010595 0.48984619 1.32838568
 4.76024499 2.92606633 1.45168657 7.00124574]
DEBUG: cosmo_colibre ages (Gyr): [6.03183826 2.40178579 2.85417139 1.42208191 0.49153769 1.33035984
 4.75996537 2.92757397 1.45366221 6.99672827]
DEBUG: us.look_back_time -> ages (Gyr): [6.03183827 2.4017858  2.85417139 1.42208191 0.4915377  1.33035984
 4.75996538 2.92757397 1.45366222 6.99672827]
[42/100] subhalo 2796312 done; total_formed=1.608e+01
Building SWIFTGalaxy for subhalo 351773 (soap_index=82960459)
Read masses: Nstars=29250, sum_current=3.836474e+10 Msun
DEBUG: sample z (first valid): [3.43050297e+00 5.18147519e+00 2.01822519e-03 6.74913106e-01
 2.65020989e-02 5.31593495e-02 3.32996973e-02 6.17587972e-02
 2.43732298e+00 3.49921727e-01]
DEBUG: Planck15 ages (Gyr): [ 1.84562352  1.12217629 13.76852682  7.45550695 13.42237391 13.05921118
 13.32843414 12.94500223  2.6889978   9.81372485]
DEBUG: cosmo_colibre ages (Gyr): [ 1.84755821  1.12413046 13.73721858  7.44983549 13.39287342 13.03156534
 13.29941758 12.9179305   2.69063732  9.80047136]
DEBUG: us.look_back_time -> ages (Gyr): [ 1.84755821  1.12413046 13.73721858  7.4498355  13.39287342 13.03156534
 13.29941758 12.9179305   2.69063732  9.80047136]
[43/100] subhalo 351773 done; total_formed=6.419e+00
Building SWIFTGalaxy for subhalo 1455597 (soap_index=82968026)
Read masses: Nstars=23595, sum_current=2.993466e+10 Msun
DEBUG: sample z (first valid): [3.56760524 3.28872456 4.59610622 4.12801252 5.53660483 3.24346024
 1.08037585 1.69651086 1.28523607 0.65461523]
DEBUG: Planck15 ages (Gyr): [1.76371029 1.93716433 1.30235342 1.48400851 1.03209223 1.96798083
 5.55012336 3.83544168 4.86297625 7.57647367]
DEBUG: cosmo_colibre ages (Gyr): [1.76565889 1.93908028 1.30432631 1.48598335 1.03402993 1.96988973
 5.54862145 3.83623853 4.86255383 7.57047795]
DEBUG: us.look_back_time -> ages (Gyr): [1.76565889 1.93908028 1.30432632 1.48598335 1.03402994 1.96988973
 5.54862145 3.83623854 4.86255383 7.57047796]
[44/100] subhalo 1455597 done; total_formed=5.045e+00
Building SWIFTGalaxy for subhalo 1457560 (soap_index=82988839)
Read masses: Nstars=15863, sum_current=2.174419e+10 Msun
DEBUG: sample z (first valid): [3.08476689 3.46217744 4.12801252 8.33494765 3.26278132 1.44866238
 1.92180116 1.97863831 4.95944348 2.07709644]
DEBUG: Planck15 ages (Gyr): [2.08269222 1.82614766 1.48400851 0.60465415 1.95472838 4.40696921
 3.41311182 3.31843485 1.18535326 3.16424411]
DEBUG: cosmo_colibre ages (Gyr): [2.08457158 1.8280859  1.48598335 0.60642635 1.95664036 4.4071447
 3.41427998 3.31967634 1.18731604 3.1655974 ]
DEBUG: us.look_back_time -> ages (Gyr): [2.08457159 1.8280859  1.48598335 0.60642635 1.95664036 4.4071447
 3.41427999 3.31967634 1.18731605 3.1655974 ]
[45/100] subhalo 1457560 done; total_formed=3.608e+00
Building SWIFTGalaxy for subhalo 62285 (soap_index=83002473)
Read masses: Nstars=157400, sum_current=2.190021e+11 Msun
DEBUG: sample z (first valid): [2.39213251 2.61637788 3.37694517 4.61865569 1.84000693 2.12105915
 1.55600624 2.42761506 2.38512397 3.43050297]
DEBUG: Planck15 ages (Gyr): [2.74197854 2.49473231 1.87934652 1.29454296 3.55730016 3.09913816
 4.14361664 2.7002367  2.75034876 1.84562352]
DEBUG: cosmo_colibre ages (Gyr): [2.74359046 2.49646391 1.88127469 1.2965154  3.55834973 3.10053583
 4.1440958  2.70187045 2.75195622 1.84755821]
DEBUG: us.look_back_time -> ages (Gyr): [2.74359046 2.49646391 1.8812747  1.2965154  3.55834974 3.10053584
 4.1440958  2.70187046 2.75195622 1.84755821]
[46/100] subhalo 62285 done; total_formed=3.623e+01
Building SWIFTGalaxy for subhalo 738879 (soap_index=83008856)
Read masses: Nstars=29672, sum_current=3.961298e+10 Msun
DEBUG: sample z (first valid): [7.26431274 3.39897973 6.53460566 4.97138952 3.62335097 5.05693161
 4.76901408 4.6992782  2.68303923 1.99990845]
DEBUG: Planck15 ages (Gyr): [0.72602129 1.8653499  0.83405553 1.18180511 1.73210982 1.15690478
 1.24439198 1.2672435  2.42823563 3.2841003 ]
DEBUG: cosmo_colibre ages (Gyr): [0.72785852 1.86728084 0.83593722 1.18376747 1.73406305 1.15886397
 1.24636078 1.26921412 2.42999545 3.2853675 ]
DEBUG: us.look_back_time -> ages (Gyr): [0.72785852 1.86728084 0.83593722 1.18376747 1.73406306 1.15886398
 1.24636078 1.26921412 2.42999545 3.2853675 ]
[47/100] subhalo 738879 done; total_formed=6.546e+00
Building SWIFTGalaxy for subhalo 7419744 (soap_index=83046088)
Read masses: Nstars=116996, sum_current=1.533666e+11 Msun
DEBUG: sample z (first valid): [0.41241379 0.50935053 0.53178758 5.58322451 1.14422196 1.14183934
 1.43013942 1.16719577 1.40252218 1.25535137]
DEBUG: Planck15 ages (Gyr): [9.28121228 8.53599201 8.37622924 1.02115923 5.32024615 5.32855231
 4.45513683 5.24119794 4.52854025 4.95452618]
DEBUG: cosmo_colibre ages (Gyr): [9.26989874 8.52717337 8.36791134 1.02309458 5.31912972 5.32742238
 4.45525352 5.24020837 4.52856536 4.95397248]
DEBUG: us.look_back_time -> ages (Gyr): [9.26989874 8.52717337 8.36791134 1.02309458 5.31912972 5.32742238
 4.45525353 5.24020837 4.52856537 4.95397248]
[48/100] subhalo 7419744 done; total_formed=2.550e+01
Building SWIFTGalaxy for subhalo 750387 (soap_index=83068673)
Read masses: Nstars=23302, sum_current=2.919414e+10 Msun
DEBUG: sample z (first valid): [3.1854643  4.57326303 2.69050569 5.66354855 2.8124491  4.34072203
 4.83995723 1.8982841  4.32986337 5.1937435 ]
DEBUG: Planck15 ages (Gyr): [2.00866578 1.31034568 2.42096947 1.00276756 2.30718492 1.39656682
 1.2218382  3.45357993 1.4008218  1.11884908]
DEBUG: cosmo_colibre ages (Gyr): [2.01056479 1.31231899 2.42273227 1.00469878 2.3089918  1.39854271
 1.22380492 3.45471566 1.40279772 1.12080273]
DEBUG: us.look_back_time -> ages (Gyr): [2.01056479 1.31231899 2.42273227 1.00469878 2.3089918  1.39854271
 1.22380493 3.45471567 1.40279773 1.12080274]
[49/100] subhalo 750387 done; total_formed=4.930e+00
Building SWIFTGalaxy for subhalo 727011 (soap_index=83073894)
Read masses: Nstars=57599, sum_current=7.824376e+10 Msun
DEBUG: sample z (first valid): [3.08909964 1.71730658 4.47227789 4.20126984 3.04343534 4.82801245
 3.49492455 0.75869472 0.75192472 0.50256787]
DEBUG: Planck15 ages (Gyr): [2.07941479 3.79298534 1.34667298 1.45289238 2.11439034 1.22558789
 1.80636714 6.98615484 7.02237552 8.58518577]
DEBUG: cosmo_colibre ages (Gyr): [2.08129507 3.79382283 1.34864783 1.45486801 2.11626064 1.22755498
 1.80830884 6.98167397 7.01780659 8.57621049]
DEBUG: us.look_back_time -> ages (Gyr): [2.08129507 3.79382283 1.34864783 1.45486801 2.11626064 1.22755499
 1.80830884 6.98167397 7.0178066  8.5762105 ]
[50/100] subhalo 727011 done; total_formed=1.299e+01
Building SWIFTGalaxy for subhalo 2825384 (soap_index=83092429)
Read masses: Nstars=52637, sum_current=7.262004e+10 Msun
DEBUG: sample z (first valid): [0.56964936 0.55136824 0.35820277 0.77700651 0.6509472  1.75894586
 1.54568055 0.65294592 3.41260436 0.45894924]
DEBUG: Planck15 ages (Gyr): [8.11662725 8.24044008 9.7406206  6.88961107 7.59865213 3.7102313
 4.16783347 7.58655477 1.8567814  8.91189041]
DEBUG: cosmo_colibre ages (Gyr): [8.10909697 8.2325382  9.72764103 6.88536178 7.59259619 3.71114586
 4.16828595 7.58053171 1.85871398 8.90184585]
DEBUG: us.look_back_time -> ages (Gyr): [8.10909698 8.2325382  9.72764103 6.88536178 7.5925962  3.71114586
 4.16828595 7.58053171 1.85871398 8.90184585]
[51/100] subhalo 2825384 done; total_formed=1.202e+01
Building SWIFTGalaxy for subhalo 354191 (soap_index=83095715)
Read masses: Nstars=17412, sum_current=2.259060e+10 Msun
DEBUG: sample z (first valid): [5.26958768 1.12530808 0.42197535 1.12310483 0.75926125 2.23092092
 0.53178758 0.75907236 1.08249126 0.42867108]
DEBUG: Planck15 ages (Gyr): [1.09863857 5.38675235 9.20350325 5.39458506 6.98313684 2.9456825
 8.37622924 6.98414283 5.5422572  9.14965637]
DEBUG: cosmo_colibre ages (Gyr): [1.10058892 5.38552693 9.19246198 5.39334668 6.97866328 2.94717826
 8.36791134 6.97966684 5.5407689  9.13880212]
DEBUG: us.look_back_time -> ages (Gyr): [1.10058893 5.38552693 9.19246198 5.39334668 6.97866328 2.94717827
 8.36791134 6.97966684 5.5407689  9.13880212]
[52/100] subhalo 354191 done; total_formed=3.798e+00
Building SWIFTGalaxy for subhalo 6326 (soap_index=83132551)
Read masses: Nstars=72053, sum_current=1.013406e+11 Msun
DEBUG: sample z (first valid): [0.8938851  0.99246017 5.18147519 8.08266925 2.25047118 0.52324284
 2.46531303 0.93093695 0.32879157 0.8938851 ]
DEBUG: Planck15 ages (Gyr): [ 6.31924494  5.89326957  1.12217629  0.63005452  2.91967762  8.43653991
  2.65702003  6.15365145 10.00393399  6.31924494]
DEBUG: cosmo_colibre ages (Gyr): [6.31627124 5.89114592 1.12413046 0.63184186 2.92118911 8.42803442
 2.6586757  6.15101856 9.9899566  6.31627124]
DEBUG: us.look_back_time -> ages (Gyr): [6.31627124 5.89114592 1.12413046 0.63184186 2.92118911 8.42803442
 2.6586757  6.15101856 9.9899566  6.31627124]
[53/100] subhalo 6326 done; total_formed=1.675e+01
Building SWIFTGalaxy for subhalo 161718 (soap_index=83183334)
Read masses: Nstars=89619, sum_current=1.199156e+11 Msun
DEBUG: sample z (first valid): [0.63676324 9.002442   0.81943365 2.03998516 3.82983271 3.96409635
 3.64234611 9.04306183 4.31904878 0.47086812]
DEBUG: Planck15 ages (Gyr): [7.68534979 0.54506196 6.67367416 3.22096224 1.62284533 1.55777603
 1.7215556  0.54175281 1.40508093 8.820804  ]
DEBUG: cosmo_colibre ages (Gyr): [7.67905615 0.54679499 6.66992639 3.2222755  1.62481136 1.55974725
 1.72351028 0.5434835  1.40705687 8.81106262]
DEBUG: us.look_back_time -> ages (Gyr): [7.67905615 0.54679499 6.66992639 3.2222755  1.62481136 1.55974725
 1.72351029 0.5434835  1.40705688 8.81106262]
[54/100] subhalo 161718 done; total_formed=1.993e+01
Building SWIFTGalaxy for subhalo 1493645 (soap_index=83183345)
Read masses: Nstars=52963, sum_current=7.233298e+10 Msun
DEBUG: sample z (first valid): [1.00882786 1.34040426 0.92889098 1.28062361 0.62879014 1.32512595
 1.73659596 1.39970707 0.66826189 1.50596513]
DEBUG: Planck15 ages (Gyr): [5.82689924 4.70091094 6.16261793 4.87692933 7.73474557 4.74491923
 3.7542812  4.53613139 7.49481933 4.26313911]
DEBUG: cosmo_colibre ages (Gyr): [5.82490021 4.70071164 6.15996693 4.87648715 7.72831485 4.74466051
 3.75515509 4.5361469  7.48904327 4.26348416]
DEBUG: us.look_back_time -> ages (Gyr): [5.82490022 4.70071165 6.15996693 4.87648715 7.72831486 4.74466052
 3.75515509 4.5361469  7.48904327 4.26348417]
[55/100] subhalo 1493645 done; total_formed=1.206e+01
Building SWIFTGalaxy for subhalo 163113 (soap_index=83284988)
Read masses: Nstars=54378, sum_current=7.046793e+10 Msun
DEBUG: sample z (first valid): [2.7168784  0.23392077 0.37276917 0.33420195 0.9209755  2.7930316
 1.08779866 4.23868905 4.55060557 1.22684336]
DEBUG: Planck15 ages (Gyr): [ 2.39558863 10.92753917  9.61395179  9.95472156  6.19750051  2.32470672
  5.52259893  1.43741347  1.31835365  5.04444577]
DEBUG: cosmo_colibre ages (Gyr): [ 2.39736169 10.90982316  9.60144115  9.940933    6.19477866  2.32650713
  5.52114448  1.43938932  1.32032736  5.04375941]
DEBUG: us.look_back_time -> ages (Gyr): [ 2.39736169 10.90982316  9.60144115  9.94093301  6.19477866  2.32650713
  5.52114448  1.43938932  1.32032737  5.04375941]
[56/100] subhalo 163113 done; total_formed=1.176e+01
Building SWIFTGalaxy for subhalo 65213 (soap_index=83288118)
Read masses: Nstars=5931, sum_current=9.643695e+09 Msun
DEBUG: sample z (first valid): [1.33789954 2.22265932 2.17396358 4.23575937 4.60999829 1.44811356
 1.63260223 1.34761427 7.68601723 1.52898047]
DEBUG: Planck15 ages (Gyr): [4.70808078 2.95678595 3.02364788 1.43861549 1.29753241 4.40838433
 3.97085401 4.68036926 0.67375225 4.20748627]
DEBUG: cosmo_colibre ages (Gyr): [4.70787185 2.95827493 3.02509495 1.44059132 1.29950503 4.40855811
 3.97151621 4.6801974  0.67556366 4.20789453]
DEBUG: us.look_back_time -> ages (Gyr): [4.70787186 2.95827493 3.02509495 1.44059132 1.29950503 4.40855811
 3.97151621 4.6801974  0.67556366 4.20789454]
[57/100] subhalo 65213 done; total_formed=1.608e+00
Building SWIFTGalaxy for subhalo 359382 (soap_index=83288122)
Read masses: Nstars=13942, sum_current=1.739166e+10 Msun
DEBUG: sample z (first valid): [2.37849263 1.81851024 7.99108245 6.08957161 7.6550449  5.25582283
 6.24234722 3.95883777 5.63655696 4.47959866]
DEBUG: Planck15 ages (Gyr): [2.75830718 3.59684463 0.63971786 0.91380201 0.67737568 1.10226131
 0.8850472  1.56024272 1.00888599 1.34398358]
DEBUG: cosmo_colibre ages (Gyr): [2.75991037 3.59786021 0.64151073 0.91570984 0.67918898 1.10421227
 0.88694619 1.56221378 1.0108186  1.34595833]
DEBUG: us.look_back_time -> ages (Gyr): [2.75991038 3.59786021 0.64151073 0.91570985 0.67918898 1.10421227
 0.8869462  1.56221378 1.0108186  1.34595834]
[58/100] subhalo 359382 done; total_formed=2.941e+00
Building SWIFTGalaxy for subhalo 752025 (soap_index=83288130)
Read masses: Nstars=372530, sum_current=4.666942e+11 Msun
DEBUG: sample z (first valid): [4.39524162 6.74382607 1.44373182 4.38416037 2.16905222 5.29548511
 4.85142857 0.22901508 0.60015627 0.98257502]
DEBUG: Planck15 ages (Gyr): [ 1.37552356  0.80047609  4.41970876  1.37975791  3.0305287   1.09187604
  1.21825501 10.97860187  7.91616708  5.93392978]
DEBUG: cosmo_colibre ages (Gyr): [ 1.37749916  0.80234514  4.4198688   1.38173358  3.03197136  1.09382523
  1.22022138 10.96066865  7.90922279  5.93172875]
DEBUG: us.look_back_time -> ages (Gyr): [ 1.37749916  0.80234515  4.4198688   1.38173358  3.03197136  1.09382524
  1.22022139 10.96066865  7.90922279  5.93172876]
[59/100] subhalo 752025 done; total_formed=7.811e+01
Building SWIFTGalaxy for subhalo 2863418 (soap_index=83322690)
Read masses: Nstars=56348, sum_current=7.433679e+10 Msun
DEBUG: sample z (first valid): [0.4325435  3.43950684 0.21335999 0.3505894  3.91384869 1.41100728
 4.22240816 0.68785413 1.20659933 1.14310007]
DEBUG: Planck15 ages (Gyr): [ 9.1187269   1.84005243 11.14386541  9.80780101  1.58161349  4.50578245
  1.4441145   7.37991405  5.10988726  5.32415467]
DEBUG: cosmo_colibre ages (Gyr): [ 9.10797947  1.84198815 11.12522182  9.79456979  1.58358302  4.50583622
  1.44609026  7.3744416   5.10910202  5.32303189]
DEBUG: us.look_back_time -> ages (Gyr): [ 9.10797947  1.84198816 11.12522182  9.79456979  1.58358302  4.50583622
  1.44609026  7.3744416   5.10910202  5.32303189]
[60/100] subhalo 2863418 done; total_formed=1.242e+01
Building SWIFTGalaxy for subhalo 65982 (soap_index=83332404)
Read masses: Nstars=64445, sum_current=8.523123e+10 Msun
DEBUG: sample z (first valid): [ 5.93282556  2.83970002 13.86245606  0.53566407  0.54975407  2.75952272
  2.6052371   3.795551    1.22911565  1.9667723 ]
DEBUG: Planck15 ages (Gyr): [0.94495398 2.28295894 0.30047398 8.34908102 8.25150869 2.35546464
 2.50613793 1.64018367 5.03718358 3.33784434]
DEBUG: cosmo_colibre ages (Gyr): [0.94687066 2.28477457 0.30196849 8.34084701 8.24357322 2.35725342
 2.50786452 1.64214801 5.03650807 3.3390711 ]
DEBUG: us.look_back_time -> ages (Gyr): [0.94687066 2.28477457 0.30196849 8.34084701 8.24357323 2.35725342
 2.50786452 1.64214801 5.03650807 3.3390711 ]
[61/100] subhalo 65982 done; total_formed=1.428e+01
Building SWIFTGalaxy for subhalo 1516985 (soap_index=83359216)
Read masses: Nstars=17775, sum_current=2.350295e+10 Msun
DEBUG: sample z (first valid): [2.8124491  5.91162202 1.96811594 4.06578032 2.32063235 5.77304671
 1.12145539 1.45434799 2.42510714 0.90600279]
DEBUG: Planck15 ages (Gyr): [2.30718492 0.94930346 3.33563723 1.51131974 2.82938058 0.97856748
 5.40046075 4.39235188 2.70315267 6.26433139]
DEBUG: cosmo_colibre ages (Gyr): [2.3089918  0.95122131 3.33686566 1.51329352 2.83094462 0.98049289
 5.39921262 4.39254502 2.70478492 6.26147217]
DEBUG: us.look_back_time -> ages (Gyr): [2.3089918  0.95122132 3.33686567 1.51329353 2.83094462 0.98049289
 5.39921262 4.39254502 2.70478493 6.26147217]
[62/100] subhalo 1516985 done; total_formed=3.944e+00
Building SWIFTGalaxy for subhalo 1519825 (soap_index=83359224)
Read masses: Nstars=22490, sum_current=2.991882e+10 Msun
DEBUG: sample z (first valid): [2.24243024 1.74530831 2.54670419 2.37084662 1.92937601 1.90780016
 2.79215369 3.30421647 1.85063071 2.44527389]
DEBUG: Planck15 ages (Gyr): [2.93032762 3.73700942 2.56749702 2.76753034 3.40024128 3.43711105
 2.3255041  1.92680003 3.5380174  2.6798501 ]
DEBUG: cosmo_colibre ages (Gyr): [2.93183269 3.73789935 2.56919581 2.76912856 3.40141963 3.43826006
 2.32730421 1.92871827 3.53908333 2.68149428]
DEBUG: us.look_back_time -> ages (Gyr): [2.9318327  3.73789935 2.56919581 2.76912856 3.40141963 3.43826006
 2.32730422 1.92871828 3.53908333 2.68149429]
[63/100] subhalo 1519825 done; total_formed=5.032e+00
Building SWIFTGalaxy for subhalo 2905014 (soap_index=83374635)
Read masses: Nstars=172369, sum_current=2.238231e+11 Msun
DEBUG: sample z (first valid): [4.780718   3.82983271 8.65326263 3.27139412 1.74784067 0.15040022
 1.19433469 2.13389441 7.78322053 2.11098452]
DEBUG: Planck15 ages (Gyr): [ 1.24062376  1.62284533  0.57495201  1.94886827  3.73201332 11.84573858
  5.15019345  3.08054217  0.66258719  3.11386343]
DEBUG: cosmo_colibre ages (Gyr): [ 1.24259223  1.62481136  0.57670536  1.95078158  3.73290787 11.82395627
  5.14934633  3.08195222  0.66439267  3.11525121]
DEBUG: us.look_back_time -> ages (Gyr): [ 1.24259224  1.62481136  0.57670536  1.95078158  3.73290787 11.82395627
  5.14934633  3.08195222  0.66439268  3.11525122]
[64/100] subhalo 2905014 done; total_formed=3.752e+01
Building SWIFTGalaxy for subhalo 368683 (soap_index=83514695)
Read masses: Nstars=29933, sum_current=4.021144e+10 Msun
DEBUG: sample z (first valid): [0.09680011 0.32214332 0.21156548 0.71722042 7.03235691 0.10181574
 0.15976499 0.52098032 1.64450004 0.51633503]
DEBUG: Planck15 ages (Gyr): [12.49387838 10.06489309 11.16303694  7.21265821  0.75771668 12.4311283
 11.73741772  8.45261823  3.94506368  8.48577347]
DEBUG: cosmo_colibre ages (Gyr): [12.46903019 10.05068031 11.14431022  7.20761619  0.75956813 12.40658369
 11.71613241  8.44406243  3.94575211  8.47711355]
DEBUG: us.look_back_time -> ages (Gyr): [12.46903019 10.05068031 11.14431023  7.20761619  0.75956814 12.40658369
 11.71613241  8.44406243  3.94575211  8.47711355]
[65/100] subhalo 368683 done; total_formed=6.724e+00
Building SWIFTGalaxy for subhalo 771464 (soap_index=83541754)
Read masses: Nstars=49394, sum_current=6.732226e+10 Msun
DEBUG: sample z (first valid): [5.60312343 4.50583886 8.07323827 0.09959732 4.94754515 0.01738698
 0.03037545 1.82263761 0.5290714  0.27531719]
DEBUG: Planck15 ages (Gyr): [ 1.01655108  1.33441663  0.63103835 12.45882772  1.18890485 13.54980374
 13.36873258  3.58919681  8.39533046 10.50996   ]
DEBUG: cosmo_colibre ages (Gyr): [ 1.01848542  1.33639103  0.63282625 12.43414928  1.19086805 13.51964222
 13.33950878  3.59021901  8.38695334 10.49397949]
DEBUG: us.look_back_time -> ages (Gyr): [ 1.01848542  1.33639104  0.63282625 12.43414928  1.19086806 13.51964222
 13.33950878  3.59021901  8.38695334 10.49397949]
[66/100] subhalo 771464 done; total_formed=1.119e+01
Building SWIFTGalaxy for subhalo 377730 (soap_index=83743846)
Read masses: Nstars=16200, sum_current=2.250318e+10 Msun
DEBUG: sample z (first valid): [4.92335503 0.14373473 3.54448374 0.19199709 4.11760112 0.32342488
 4.72216886 1.2167501  0.34681463 0.85297444]
DEBUG: Planck15 ages (Gyr): [ 1.19618019 11.92370531  1.77709813 11.37519619  1.48852042 10.05310016
  1.25966626  5.07690585  9.84136117  6.51028052]
DEBUG: cosmo_colibre ages (Gyr): [ 1.19814422 11.9015625   1.77904464 11.35553965  1.49049511 10.03893305
  1.26163631  5.07617069  9.8280035   6.50689717]
DEBUG: us.look_back_time -> ages (Gyr): [ 1.19814423 11.9015625   1.77904465 11.35553965  1.49049511 10.03893306
  1.26163632  5.07617069  9.8280035   6.50689717]
[67/100] subhalo 377730 done; total_formed=3.686e+00
Building SWIFTGalaxy for subhalo 7650030 (soap_index=83743854)
Read masses: Nstars=8138, sum_current=1.129142e+10 Msun
DEBUG: sample z (first valid): [2.44781145 3.90392098 1.90419215 0.19932655 4.09690465 6.79170134
 3.55839188 0.11989064 3.44854738 1.19433469]
DEBUG: Planck15 ages (Gyr): [ 2.67694135  1.58639473  3.44334014 11.29505985  1.49755732  0.7931073
  1.76902496 12.20865447  1.83448658  5.15019345]
DEBUG: cosmo_colibre ages (Gyr): [ 2.678587    1.5883639   3.44448414 11.27575665  1.49953168  0.79497344
  1.77097274 12.18517463  1.83642332  5.14934633]
DEBUG: us.look_back_time -> ages (Gyr): [ 2.67858701  1.5883639   3.44448414 11.27575665  1.49953168  0.79497345
  1.77097274 12.18517463  1.83642333  5.14934633]
[68/100] subhalo 7650030 done; total_formed=1.761e+00
Building SWIFTGalaxy for subhalo 2979831 (soap_index=83761184)
Read masses: Nstars=30665, sum_current=3.840196e+10 Msun
DEBUG: sample z (first valid): [3.99436062 5.99647699 5.69076059 1.71663074 1.49129476 5.04464121
 0.32610279 2.17889018 1.8543554  5.21901689]
DEBUG: Planck15 ages (Gyr): [ 1.54370443  0.93209406  0.99666131  3.79435312  4.29923476  1.16042854
 10.0285229   3.01677134  3.5312971   1.11204625]
DEBUG: cosmo_colibre ages (Gyr): [ 1.54567653  0.93400717  0.9985911   3.79518932  4.2995381   1.1623882
 10.01445076  3.0182228   3.53236868  1.11399882]
DEBUG: us.look_back_time -> ages (Gyr): [ 1.54567653  0.93400717  0.99859111  3.79518932  4.29953811  1.16238821
 10.01445077  3.01822281  3.53236869  1.11399883]
[69/100] subhalo 2979831 done; total_formed=6.466e+00
Building SWIFTGalaxy for subhalo 788299 (soap_index=83798995)
Read masses: Nstars=88851, sum_current=1.177175e+11 Msun
DEBUG: sample z (first valid): [3.96409635 7.5200208  1.0108002  0.2954851  0.2954851  0.51018527
 0.45158147 0.33757858 0.4559673  0.56485196]
DEBUG: Planck15 ages (Gyr): [ 1.55777603  0.69355723  5.81898076 10.31483715 10.31483715  8.52996687
  8.96889687  9.92418692  8.93489755  8.14884635]
DEBUG: cosmo_colibre ages (Gyr): [ 1.55974725  0.69537879  5.81699645 10.2996422  10.2996422   8.52116734
  8.95866058  9.91051499  8.92477579  8.14122008]
DEBUG: us.look_back_time -> ages (Gyr): [ 1.55974725  0.69537879  5.81699645 10.29964221 10.29964221  8.52116734
  8.95866058  9.91051499  8.92477579  8.14122008]
[70/100] subhalo 788299 done; total_formed=1.969e+01
Building SWIFTGalaxy for subhalo 174819 (soap_index=83820326)
Read masses: Nstars=51264, sum_current=7.090866e+10 Msun
DEBUG: sample z (first valid): [5.42446819 3.01077111 3.93903082 0.10687745 0.89585744 1.78284501
 0.49339167 4.67018515 7.66820977 0.48580756]
DEBUG: Planck15 ages (Gyr): [ 1.05920137  2.14000894  1.56959212 12.36825226  6.31025595  3.66404877
  8.65241624  1.27698356  0.67583158  8.70857673]
DEBUG: cosmo_colibre ages (Gyr): [ 1.06114456  2.14187163  1.57156254 12.3440104   6.30730109  3.66500511
  8.64322505  1.27895488  0.67764408  8.69920353]
DEBUG: us.look_back_time -> ages (Gyr): [ 1.06114457  2.14187163  1.57156254 12.3440104   6.30730109  3.66500511
  8.64322505  1.27895488  0.67764408  8.69920353]
[71/100] subhalo 174819 done; total_formed=1.174e+01
Building SWIFTGalaxy for subhalo 175281 (soap_index=83820327)
Read masses: Nstars=35522, sum_current=4.955642e+10 Msun
DEBUG: sample z (first valid): [0.33420195 5.00806747 0.33420195 5.26958768 1.22125813 0.62798092
 0.16330588 0.71632097 3.06828481 4.77460569]
DEBUG: Planck15 ages (Gyr): [ 9.95472156  1.17102065  9.95472156  1.09863857  5.062367    7.73978582
 11.69682792  7.21769456  2.09523806  1.24258933]
DEBUG: cosmo_colibre ages (Gyr): [ 9.940933    1.17298168  9.940933    1.10058892  5.06165375  7.73334105
 11.67572767  7.21263977  2.09711388  1.24455797]
DEBUG: us.look_back_time -> ages (Gyr): [ 9.94093301  1.17298168  9.94093301  1.10058893  5.06165375  7.73334105
 11.67572767  7.21263977  2.09711388  1.24455797]
[72/100] subhalo 175281 done; total_formed=8.241e+00
Building SWIFTGalaxy for subhalo 1596630 (soap_index=83835301)
Read masses: Nstars=14192, sum_current=1.894404e+10 Msun
DEBUG: sample z (first valid): [4.93515667 2.35462735 4.13846636 4.81611644 2.48632833 5.28281085
 2.51474847 3.88418542 5.66354855 4.82801245]
DEBUG: Planck15 ages (Gyr): [1.19262156 2.78726355 1.47950097 1.2293413  2.63341911 1.09517697
 2.60204585 1.59597092 1.00276756 1.22558789]
DEBUG: cosmo_colibre ages (Gyr): [1.19458519 2.78885103 1.48147595 1.23130875 2.63508644 1.09712674
 2.60372836 1.59793931 1.00469878 1.22755498]
DEBUG: us.look_back_time -> ages (Gyr): [1.1945852  2.78885103 1.48147596 1.23130875 2.63508645 1.09712674
 2.60372836 1.59793932 1.00469878 1.22755499]
[73/100] subhalo 1596630 done; total_formed=3.178e+00
Building SWIFTGalaxy for subhalo 3061086 (soap_index=83884457)
Read masses: Nstars=47454, sum_current=6.617169e+10 Msun
DEBUG: sample z (first valid): [3.94387447 1.12958991 0.5608269  5.41126981 4.780718   0.70329556
 0.70720017 2.14020125 6.39100034 0.22763375]
DEBUG: Planck15 ages (Gyr): [ 1.56729723  5.37158148  8.17602719  1.06246983  1.24062376  7.2912366
  7.26907112  3.07147147  0.858483   10.99304184]
DEBUG: cosmo_colibre ages (Gyr): [ 1.56926781  5.37038111  8.16831955  1.06441366  1.24259223  7.28599406
  7.26388545  3.07288751  0.86037325 10.97504699]
DEBUG: us.look_back_time -> ages (Gyr): [ 1.56926781  5.37038111  8.16831955  1.06441366  1.24259224  7.28599406
  7.26388545  3.07288751  0.86037326 10.97504699]
[74/100] subhalo 3061086 done; total_formed=1.098e+01
Building SWIFTGalaxy for subhalo 7367 (soap_index=83904740)
Read masses: Nstars=59501, sum_current=7.607636e+10 Msun
DEBUG: sample z (first valid): [3.58614416 5.70445013 4.25465042 3.01888759 1.36728796 3.91384869
 3.183594   1.73728176 4.46133333 2.5656148 ]
DEBUG: Planck15 ages (Gyr): [1.75309598 0.99361276 1.43089387 2.13359551 4.625043   1.58161349
 2.01000091 3.75291693 1.35071033 2.54740554]
DEBUG: cosmo_colibre ages (Gyr): [1.75504619 0.99554183 1.43286977 2.13546013 4.62494411 1.58358302
 2.01189958 3.7537921  1.3526853  2.54911359]
DEBUG: us.look_back_time -> ages (Gyr): [1.75504619 0.99554184 1.43286977 2.13546013 4.62494411 1.58358302
 2.01189958 3.7537921  1.35268531 2.54911359]
[75/100] subhalo 7367 done; total_formed=1.259e+01
Building SWIFTGalaxy for subhalo 1610348 (soap_index=83908609)
Read masses: Nstars=91186, sum_current=1.194646e+11 Msun
DEBUG: sample z (first valid): [1.05842076 1.73796791 4.44997921 1.33689916 2.43696245 0.74446337
 1.41901668 0.93184766 1.82995077 1.83853084]
DEBUG: Planck15 ages (Gyr): [5.63281398 3.75155279 1.35492002 4.7109493  2.68941381 7.06263044
 4.48446846 6.14966678 3.57571062 3.55999287]
DEBUG: cosmo_colibre ages (Gyr): [5.63116735 3.75242922 1.35689512 4.71073653 2.69105312 7.05796291
 4.48454885 6.14704193 3.57674445 3.56104016]
DEBUG: us.look_back_time -> ages (Gyr): [5.63116735 3.75242922 1.35689513 4.71073653 2.69105313 7.05796291
 4.48454885 6.14704194 3.57674445 3.56104016]
[76/100] subhalo 1610348 done; total_formed=1.998e+01
Building SWIFTGalaxy for subhalo 1614249 (soap_index=83933441)
Read masses: Nstars=131928, sum_current=1.728585e+11 Msun
DEBUG: sample z (first valid): [6.5268175  0.26948706 0.46823192 0.33626947 0.74168173 6.8712467
 0.36317497 7.04912798 0.40586923 5.28883984]
DEBUG: Planck15 ages (Gyr): [ 0.83535055 10.56736188  8.84083079  9.93600885  7.07772854  0.78111057
  9.69710896  0.75534844  9.33496098  1.09360469]
DEBUG: cosmo_colibre ages (Gyr): [ 0.8372327  10.55114717  8.83102308  9.92229182  7.07302381  0.78297187
  9.68429128  0.75719886  9.3234575   1.09555419]
DEBUG: us.look_back_time -> ages (Gyr): [ 0.83723271 10.55114717  8.83102308  9.92229182  7.07302381  0.78297187
  9.68429128  0.75719887  9.3234575   1.09555419]
[77/100] subhalo 1614249 done; total_formed=2.871e+01
Building SWIFTGalaxy for subhalo 73799 (soap_index=83958560)
Read masses: Nstars=22315, sum_current=3.025914e+10 Msun
DEBUG: sample z (first valid): [2.30056406 0.22901508 0.22864642 0.23419962 0.9221023  1.01438495
 1.28189415 0.23764919 5.33381657 0.63872775]
DEBUG: Planck15 ages (Gyr): [ 2.85473595 10.97860187 10.98245304 10.9246469   6.19251604  5.804632
  4.87307947 10.88895869  1.08199272  7.67325259]
DEBUG: cosmo_colibre ages (Gyr): [ 2.85628555 10.96066865 10.96450339 10.90694316  6.18980435  5.80267431
  4.87264274 10.87140609  1.08394017  7.66699233]
DEBUG: us.look_back_time -> ages (Gyr): [ 2.85628555 10.96066865 10.96450339 10.90694316  6.18980435  5.80267431
  4.87264275 10.87140609  1.08394018  7.66699233]
[78/100] subhalo 73799 done; total_formed=5.032e+00
Building SWIFTGalaxy for subhalo 3101432 (soap_index=83996608)
Read masses: Nstars=25513, sum_current=3.675104e+10 Msun
DEBUG: sample z (first valid): [0.76134165 5.80045657 0.96545106 4.18030195 0.80380931 2.78514497
 0.79787117 0.84172662 0.20355542 4.47227789]
DEBUG: Planck15 ages (Gyr): [ 6.97207138  0.97266118  6.00541349  1.46168724  6.75196429  2.3318861
  6.78209165  6.56437683 11.24919074  1.34667298]
DEBUG: cosmo_colibre ages (Gyr): [ 6.96762458  0.97458512  6.0030745   1.46366269  6.74803731  2.33368383
  6.77809492  6.56087427 11.23008863  1.34864783]
DEBUG: us.look_back_time -> ages (Gyr): [ 6.96762458  0.97458513  6.00307451  1.46366269  6.74803731  2.33368383
  6.77809492  6.56087427 11.23008863  1.34864783]
[79/100] subhalo 3101432 done; total_formed=6.053e+00
Building SWIFTGalaxy for subhalo 1640383 (soap_index=84051564)
Read masses: Nstars=28972, sum_current=3.865052e+10 Msun
DEBUG: sample z (first valid): [5.08166295 4.71070059 0.22268657 0.19809872 3.23687613 4.34594991
 1.04276541 0.17397535 1.12365522 2.64574989]
DEBUG: Planck15 ages (Gyr): [ 1.14986771  1.26345305 11.04498252 11.30842783  1.97253087  1.3945259
  5.6929699  11.57572426  5.39262672  2.46506803]
DEBUG: cosmo_colibre ages (Gyr): [ 1.15182594  1.26542339 11.02676531 11.28906587  1.97443869  1.39650177
  5.69121595 11.55517238  5.39139158  2.46681242]
DEBUG: us.look_back_time -> ages (Gyr): [ 1.15182594  1.26542339 11.02676531 11.28906587  1.97443869  1.39650178
  5.69121595 11.55517238  5.39139158  2.46681242]
[80/100] subhalo 1640383 done; total_formed=6.413e+00
Building SWIFTGalaxy for subhalo 825518 (soap_index=84083870)
Read masses: Nstars=112576, sum_current=1.544334e+11 Msun
DEBUG: sample z (first valid): [1.81125601 2.85143394 0.72336173 9.82702792 1.19934224 0.88148829
 3.40370918 4.21202481 3.89915527 0.62105471]
DEBUG: Planck15 ages (Gyr): [3.61035072 2.27265639 7.17841396 0.48388612 5.13367596 6.37620277
 1.86236816 1.44841526 1.58869844 7.78313062]
DEBUG: cosmo_colibre ages (Gyr): [3.61135454 2.27447567 7.17345838 0.4855728  5.13285429 6.37310878
 1.86429967 1.45039096 1.59066742 7.7765645 ]
DEBUG: us.look_back_time -> ages (Gyr): [3.61135454 2.27447568 7.17345839 0.4855728  5.13285429 6.37310878
 1.86429968 1.45039096 1.59066743 7.7765645 ]
[81/100] subhalo 825518 done; total_formed=2.563e+01
Building SWIFTGalaxy for subhalo 75470 (soap_index=84094091)
Read masses: Nstars=27955, sum_current=4.011228e+10 Msun
DEBUG: sample z (first valid): [4.57895633e+00 8.50254094e-01 1.68436143e+00 6.46593757e+00
 3.62948174e-01 7.18892915e+00 2.72829673e+00 3.72246138e-02
 4.35235702e-03 2.41280160e-02]
DEBUG: Planck15 ages (Gyr): [ 1.30834614  6.52330045  3.86060347  0.84558995  9.69908747  0.73607653
  2.38473537 13.2746131  13.73499142 13.45540142]
DEBUG: cosmo_colibre ages (Gyr): [ 1.31031935  6.51988854  3.86137588  0.84747574  9.68626244  0.73791839
  2.38651274 13.24587249 13.70385998 13.42573011]
DEBUG: us.look_back_time -> ages (Gyr): [ 1.31031935  6.51988855  3.86137588  0.84747574  9.68626244  0.73791839
  2.38651274 13.24587249 13.70385998 13.42573011]
[82/100] subhalo 75470 done; total_formed=6.607e+00
Building SWIFTGalaxy for subhalo 157410 (soap_index=84169429)
Read masses: Nstars=202148, sum_current=2.543053e+11 Msun
DEBUG: sample z (first valid): [0.31145441 3.90392098 0.50408519 3.74726548 3.7569137  4.79246951
 1.21555105 0.32879157 0.21768859 0.24621587]
DEBUG: Planck15 ages (Gyr): [10.16404182  1.58639473  8.57414408  1.66513044  1.66009565  1.23685924
  5.0807841  10.00393399 11.09781511 10.80105308]
DEBUG: cosmo_colibre ages (Gyr): [10.1494427   1.5883639   8.56520406  1.66709211  1.66205788  1.23882738
  5.08004308  9.9899566  11.07937059 10.78387048]
DEBUG: us.look_back_time -> ages (Gyr): [10.1494427   1.5883639   8.56520406  1.66709212  1.66205788  1.23882738
  5.08004308  9.9899566  11.07937059 10.78387048]
[83/100] subhalo 157410 done; total_formed=4.265e+01
Building SWIFTGalaxy for subhalo 2785231 (soap_index=84169504)
Read masses: Nstars=234296, sum_current=3.039678e+11 Msun
DEBUG: sample z (first valid): [0.75680892 0.66996229 0.83615376 2.43912678 1.36557898 4.21202481
 0.58882855 1.157919   0.95653212 4.61288112]
DEBUG: Planck15 ages (Gyr): [6.99621527 7.48473902 6.59143803 2.68691799 4.62980737 1.44841526
 7.98972001 5.27289186 6.04318092 1.29653568]
DEBUG: cosmo_colibre ages (Gyr): [6.99171001 7.47898985 6.58787529 2.68855858 4.62970225 1.45039096
 7.98256296 5.27185177 6.04076805 1.29850824]
DEBUG: us.look_back_time -> ages (Gyr): [6.99171001 7.47898986 6.58787529 2.68855858 4.62970225 1.45039096
 7.98256296 5.27185177 6.04076805 1.29850824]
[84/100] subhalo 2785231 done; total_formed=5.053e+01
Building SWIFTGalaxy for subhalo 1474113 (soap_index=84203259)
Read masses: Nstars=133161, sum_current=1.740716e+11 Msun
DEBUG: sample z (first valid): [4.6992782  0.47457475 0.62555809 0.02412802 0.28180253 0.32214332
 3.87401458 0.9221023  0.54580621 2.13869732]
DEBUG: Planck15 ages (Gyr): [ 1.2672435   8.79275933  7.75490639 13.45540142 10.44663575 10.06489309
  1.60094352  6.19251604  8.27867399  3.0736305 ]
DEBUG: cosmo_colibre ages (Gyr): [ 1.26921412  8.78311051  7.74841939 13.42573011 10.43091197 10.05068031
  1.60291151  6.18980435  8.27065587  3.07504511]
DEBUG: us.look_back_time -> ages (Gyr): [ 1.26921412  8.78311051  7.74841939 13.42573011 10.43091197 10.05068031
  1.60291151  6.18980435  8.27065587  3.07504512]
[85/100] subhalo 1474113 done; total_formed=2.914e+01
Building SWIFTGalaxy for subhalo 5526133 (soap_index=84214761)
Read masses: Nstars=31390, sum_current=4.263993e+10 Msun
DEBUG: sample z (first valid): [3.96409635 1.36677501 4.93515667 5.25701738 1.5932257  2.28040845
 1.38607733 4.61865569 5.35963125 3.95134482]
DEBUG: Planck15 ages (Gyr): [1.55777603 4.62647221 1.19262156 1.10194613 4.05818294 2.88057881
 4.57317518 1.29454296 1.07542012 1.56376871]
DEBUG: cosmo_colibre ages (Gyr): [1.55974725 4.62637145 1.19458519 1.10389704 4.05875419 2.88211343
 4.57314345 1.2965154  1.07736638 1.56573953]
DEBUG: us.look_back_time -> ages (Gyr): [1.55974725 4.62637145 1.1945852  1.10389705 4.0587542  2.88211343
 4.57314346 1.2965154  1.07736638 1.56573954]
[86/100] subhalo 5526133 done; total_formed=7.104e+00
Building SWIFTGalaxy for subhalo 63981 (soap_index=84356632)
Read masses: Nstars=15565, sum_current=2.087172e+10 Msun
DEBUG: sample z (first valid): [ 6.58869847  0.1895738   1.60767149  4.87556034  7.92739409  3.42601472
  3.3545515  11.37929732  0.70755602  0.53724901]
DEBUG: Planck15 ages (Gyr): [ 0.82515225 11.40186997  4.02578782  1.21077391  0.64658383  1.84841103
  1.89375009  0.39560098  7.26705616  8.3380192 ]
DEBUG: cosmo_colibre ages (Gyr): [ 0.82703069 11.38209525  4.02639319  1.21273952  0.64838055  1.8503452
  1.89567534  0.3972071   7.26187565  8.32981926]
DEBUG: us.look_back_time -> ages (Gyr): [ 0.82703069 11.38209525  4.02639319  1.21273952  0.64838055  1.8503452
  1.89567534  0.39720711  7.26187565  8.32981926]
[87/100] subhalo 63981 done; total_formed=3.496e+00
Building SWIFTGalaxy for subhalo 746776 (soap_index=84361140)
Read masses: Nstars=42977, sum_current=5.747372e+10 Msun
DEBUG: sample z (first valid): [4.34072203 0.68872397 6.03931257 1.18774202 3.3404199  0.91044776
 4.76901408 1.71865925 1.38001162 1.41224971]
DEBUG: Planck15 ages (Gyr): [1.39656682 7.37487497 0.92360249 5.1720686  1.90293371 6.24437438
 1.24439198 3.79025013 4.58981718 4.50246558]
DEBUG: cosmo_colibre ages (Gyr): [1.39854271 7.36941568 0.92551318 5.17118759 1.90485706 6.24155641
 1.24636078 3.79109022 4.58976403 4.50252349]
DEBUG: us.look_back_time -> ages (Gyr): [1.39854271 7.36941569 0.92551318 5.17118759 1.90485706 6.24155641
 1.24636078 3.79109022 4.58976404 4.5025235 ]
[88/100] subhalo 746776 done; total_formed=9.629e+00
Building SWIFTGalaxy for subhalo 65503 (soap_index=84377498)
Read masses: Nstars=43370, sum_current=5.795259e+10 Msun
DEBUG: sample z (first valid): [2.96851157 5.69076059 0.2264391  4.37312454 1.52061538 3.93903082
 1.69075382 4.05561984 1.52956616 1.14618811]
DEBUG: Planck15 ages (Gyr): [ 2.17392144  0.99666131 11.00555226  1.38399642  4.22757755  1.56959212
  3.84733145  1.5158579   4.20608534  5.31340733]
DEBUG: cosmo_colibre ages (Gyr): [ 2.17577368  0.9985911  10.98750396  1.38597216  4.22796315  1.57156254
  3.84811678  1.51783148  4.20649518  5.31230199]
DEBUG: us.look_back_time -> ages (Gyr): [ 2.17577368  0.99859111 10.98750396  1.38597216  4.22796315  1.57156254
  3.84811679  1.51783148  4.20649518  5.31230199]
[89/100] subhalo 65503 done; total_formed=9.728e+00
Building SWIFTGalaxy for subhalo 1495593 (soap_index=84387437)
Read masses: Nstars=46743, sum_current=7.074849e+10 Msun
DEBUG: sample z (first valid): [0.47007627 1.36012676 0.83471445 1.10537137 0.70064355 0.74446337
 2.73552212 0.3811009  0.35606688 5.75907591]
DEBUG: Planck15 ages (Gyr): [8.82681249 4.64505989 6.59845526 5.45829033 7.30635039 7.06263044
 2.37790933 9.54258302 9.75939959 0.98160088]
DEBUG: cosmo_colibre ages (Gyr): [8.81705123 4.64493475 6.59487687 5.45694538 7.30106894 7.05796291
 2.37968939 9.5303334  9.74634987 0.98352704]
DEBUG: us.look_back_time -> ages (Gyr): [8.81705123 4.64493476 6.59487687 5.45694538 7.30106894 7.05796291
 2.37968939 9.5303334  9.74634987 0.98352704]
[90/100] subhalo 1495593 done; total_formed=1.119e+01
Building SWIFTGalaxy for subhalo 66449 (soap_index=84415691)
Read masses: Nstars=18506, sum_current=2.393007e+10 Msun
DEBUG: sample z (first valid): [2.35188216 2.41903172 3.85811712 2.34811485 3.01888759 2.89122432
 4.74574785 3.60580505 2.33788326 2.39143035]
DEBUG: Planck15 ages (Gyr): [2.79062635 2.71023807 1.6087675  2.79525206 2.13359551 2.23828428
 1.25193948 1.74195433 2.80787863 2.74281523]
DEBUG: cosmo_colibre ages (Gyr): [2.79221198 2.71186665 1.61073481 2.79683514 2.13546013 2.24011546
 1.25390891 1.74390616 2.80945472 2.74442671]
DEBUG: us.look_back_time -> ages (Gyr): [2.79221198 2.71186666 1.61073482 2.79683515 2.13546013 2.24011546
 1.25390892 1.74390617 2.80945472 2.74442671]
[91/100] subhalo 66449 done; total_formed=4.040e+00
Building SWIFTGalaxy for subhalo 165212 (soap_index=84415698)
Read masses: Nstars=915507, sum_current=1.116421e+12 Msun
DEBUG: sample z (first valid): [0.94862036 0.54858223 0.57842004 1.07510607 0.47457475 0.97754979
 3.36353952 0.71237458 0.71344907 0.70524563]
DEBUG: Planck15 ages (Gyr): [6.07699542 8.25955813 8.05821791 5.56979578 8.79275933 5.95476876
 1.88794715 7.23985573 7.23381157 7.28015365]
DEBUG: cosmo_colibre ages (Gyr): [6.07451583 8.25159821 8.05086038 5.56825973 8.78311051 5.95252777
 1.88987359 7.23474464 7.22871587 7.27493957]
DEBUG: us.look_back_time -> ages (Gyr): [6.07451583 8.25159821 8.05086038 5.56825974 8.78311051 5.95252777
 1.88987359 7.23474464 7.22871587 7.27493957]
[92/100] subhalo 165212 done; total_formed=1.863e+02
Building SWIFTGalaxy for subhalo 9863506 (soap_index=84434764)
Read masses: Nstars=29386, sum_current=4.149709e+10 Msun
DEBUG: sample z (first valid): [5.92549931 1.9635525  1.90599503 4.07244582 2.61239114 0.4266806
 1.86383499 1.32512595 6.74382607 3.9528416 ]
DEBUG: Planck15 ages (Gyr): [0.94645306 3.34314298 3.44022523 1.50835482 2.498804   9.16561504
 3.51428683 4.74491923 0.80047609 1.56306331]
DEBUG: cosmo_colibre ages (Gyr): [0.94837014 3.34436568 3.44137174 1.51032874 2.50053381 9.15470551
 3.51537267 4.74466051 0.80234514 1.56503418]
DEBUG: us.look_back_time -> ages (Gyr): [0.94837015 3.34436569 3.44137174 1.51032874 2.50053381 9.15470551
 3.51537267 4.74466052 0.80234515 1.56503418]
[93/100] subhalo 9863506 done; total_formed=6.849e+00
Building SWIFTGalaxy for subhalo 762921 (soap_index=84457385)
Read masses: Nstars=12522, sum_current=1.744445e+10 Msun
DEBUG: sample z (first valid): [2.18197708 1.68678255 1.69296515 2.11305339 2.36634477 1.97539272
 2.34094617 2.33482597 1.88171665 2.1121664 ]
DEBUG: Planck15 ages (Gyr): [3.01247569 3.85556797 3.84275742 3.11083021 2.77298449 3.3237254
 2.80408898 2.81166974 3.48256056 3.11213007]
DEBUG: cosmo_colibre ages (Gyr): [3.01392989 3.8563453  3.84354719 3.11222004 2.77457975 3.32496289
 2.80566717 2.81324371 3.48367266 3.11351902]
DEBUG: us.look_back_time -> ages (Gyr): [3.01392989 3.8563453  3.84354719 3.11222004 2.77457976 3.3249629
 2.80566717 2.81324371 3.48367266 3.11351902]
[94/100] subhalo 762921 done; total_formed=2.927e+00
Building SWIFTGalaxy for subhalo 6627 (soap_index=84546329)
Read masses: Nstars=94337, sum_current=1.224025e+11 Msun
DEBUG: sample z (first valid): [2.76600391 0.89981447 0.20355542 0.21120722 0.16215066 0.29292929
 0.69029196 0.72336173 0.7041814  0.16042213]
DEBUG: Planck15 ages (Gyr): [ 2.34946341  6.29228163 11.24919074 11.1668701  11.71004839 10.33927233
  7.36580479  7.17841396  7.28619884 11.72986971]
DEBUG: cosmo_colibre ages (Gyr): [ 2.35125449  6.28936432 11.23008863 11.14812675 11.68888794 10.32397991
  7.36036918  7.17345838  7.28096925 11.70861886]
DEBUG: us.look_back_time -> ages (Gyr): [ 2.35125449  6.28936432 11.23008863 11.14812675 11.68888794 10.32397991
  7.36036918  7.17345839  7.28096925 11.70861886]
[95/100] subhalo 6627 done; total_formed=2.027e+01
Building SWIFTGalaxy for subhalo 67316 (soap_index=84637529)
Read masses: Nstars=13818, sum_current=1.890057e+10 Msun
DEBUG: sample z (first valid): [6.19859402 4.86032371 6.28663553 3.94387447 9.3540564  4.10723192
 2.21443987 5.94016732 3.24538447 5.60978316]
DEBUG: Planck15 ages (Gyr): [0.89312697 1.21548852 0.87699155 1.56729723 0.51748612 1.49303669
 2.96790095 0.94345568 1.96665435 1.01501655]
DEBUG: cosmo_colibre ages (Gyr): [0.89502852 1.21745461 0.87888796 1.56926781 0.51919909 1.49501122
 2.96938308 0.94537194 1.96856355 1.01695054]
DEBUG: us.look_back_time -> ages (Gyr): [0.89502852 1.21745462 0.87888796 1.56926781 0.5191991  1.49501122
 2.96938308 0.94537195 1.96856355 1.01695055]
[96/100] subhalo 67316 done; total_formed=3.154e+00
Building SWIFTGalaxy for subhalo 2926360 (soap_index=84643939)
Read masses: Nstars=27048, sum_current=3.597225e+10 Msun
DEBUG: sample z (first valid): [6.25678219 2.19656619 9.71725266 1.20437269 6.61957912 2.61597881
 1.98923554 1.69518013 0.74706761 3.90392098]
DEBUG: Planck15 ages (Gyr): [0.88240814 2.99230868 0.49135508 5.11716751 0.8201401  2.49513939
 3.30125583 3.83818469 7.0485401  1.58639473]
DEBUG: cosmo_colibre ages (Gyr): [0.8843063  2.99377561 0.4930478  5.11637115 0.82201667 2.49687081
 3.30251024 3.83897889 7.04390717 1.5883639 ]
DEBUG: us.look_back_time -> ages (Gyr): [0.8843063  2.99377561 0.4930478  5.11637115 0.82201668 2.49687081
 3.30251025 3.8389789  7.04390717 1.5883639 ]
[97/100] subhalo 2926360 done; total_formed=6.008e+00
Building SWIFTGalaxy for subhalo 168377 (soap_index=84782616)
Read masses: Nstars=38335, sum_current=5.524006e+10 Msun
DEBUG: sample z (first valid): [3.94387447 1.18438771 5.52944107 4.50583886 3.77632826 9.78249424
 5.34669766 6.79170134 4.64138762 4.63605091]
DEBUG: Planck15 ages (Gyr): [1.56729723 5.18325524 1.03378947 1.33441663 1.65004049 0.48689323
 1.07870479 0.7931073  1.28674765 1.28857072]
DEBUG: cosmo_colibre ages (Gyr): [1.56926781 5.18235681 1.03572753 1.33639103 1.65200381 0.48858235
 1.08065165 0.79497344 1.28871961 1.2905428 ]
DEBUG: us.look_back_time -> ages (Gyr): [1.56926781 5.18235681 1.03572754 1.33639104 1.65200381 0.48858236
 1.08065165 0.79497345 1.28871961 1.2905428 ]
[98/100] subhalo 168377 done; total_formed=9.016e+00
Building SWIFTGalaxy for subhalo 10047042 (soap_index=84789838)
Read masses: Nstars=19480, sum_current=2.751040e+10 Msun
DEBUG: sample z (first valid): [3.09318593 1.77014118 1.03136817 5.41126981 0.63627285 8.05506045
 4.02499617 1.44118304 4.09690465 1.35064562]
DEBUG: Planck15 ages (Gyr): [2.0763316  3.6884806  5.73740271 1.06246983 7.68837408 0.63294185
 1.52967345 4.4263175  1.49755732 4.67177565]
DEBUG: cosmo_colibre ages (Gyr): [2.07821273 3.68941494 5.7355684  1.06441366 7.68207208 0.63473085
 1.53164634 4.4264695  1.49953168 4.67161521]
DEBUG: us.look_back_time -> ages (Gyr): [2.07821273 3.68941495 5.7355684  1.06441366 7.68207208 0.63473085
 1.53164635 4.4264695  1.49953168 4.67161521]
[99/100] subhalo 10047042 done; total_formed=4.526e+00
Building SWIFTGalaxy for subhalo 370596 (soap_index=84803343)
Read masses: Nstars=73343, sum_current=9.984459e+10 Msun
DEBUG: sample z (first valid): [0.4383285  1.21106613 0.81399469 0.80838852 0.68351829 0.54668177
 1.29757397 3.74245604 0.08899967 1.28300704]
DEBUG: Planck15 ages (Gyr): [ 9.07280877  5.0953321   6.70076766  6.72887244  7.40511034  8.27263764
  4.82596461  1.66764963 12.59236112  4.86971129]
DEBUG: cosmo_colibre ages (Gyr): [ 9.0622191   5.09456902  6.69695821  6.72499864  7.39957187  8.26463792
  4.82559418  1.66961103 12.56703363  4.86927934]
DEBUG: us.look_back_time -> ages (Gyr): [ 9.0622191   5.09456902  6.69695821  6.72499864  7.39957187  8.26463792
  4.82559419  1.66961103 12.56703363  4.86927935]
[100/100] subhalo 370596 done; total_formed=1.665e+01
All halos processed. Writing CSV.
Wrote relicness_extras_2600_2700.csv (100 rows) in 7181.8s
