Task 21: rendering galaxies 259 to 266
Using PARTRIDGE at: /home/mzemsch/COLIBRE-analysis/PARTRIDGE
Found 267 relic IDs in z0_relics_trackids.csv using column 'track_id'
Rendering IDs in range [259, 267) -> 8 galaxies
[1/8] Rendering halo 75441
Calculating stellar luminosities from FSPS tables.
Luminosity generation for all bands done. Time taken: 2.602 s (read-in time: 2.560 s).
Loaded in and pre-processed the data. Total pre-processing time taken: 72.022 s.
Generated star smoothing lengths. Time taken: 0.356 s.
Rendered the stars onto the grid. Time taken: 174.276 s.
Rendered the dust onto the grid. Time taken: 154.421 s.
Computed the projected luminosity maps. Total time taken: 335.984 s.
Created the RGB image.
Created the RGB image.
Done! Total time taken: 408.456 s.
[2/8] Rendering halo 176704
Calculating stellar luminosities from FSPS tables.
Luminosity generation for all bands done. Time taken: 4.649 s (read-in time: 3.956 s).
Loaded in and pre-processed the data. Total pre-processing time taken: 92.521 s.
Generated star smoothing lengths. Time taken: 3.949 s.
Rendered the stars onto the grid. Time taken: 278.468 s.
Rendered the dust onto the grid. Time taken: 155.732 s.
Computed the projected luminosity maps. Total time taken: 441.069 s.
Created the RGB image.
Created the RGB image.
Done! Total time taken: 537.660 s.
[3/8] Halo 73661 already rendered, skipping.
[4/8] Rendering halo 64105
Calculating stellar luminosities from FSPS tables.
Luminosity generation for all bands done. Time taken: 5.285 s (read-in time: 5.171 s).
Loaded in and pre-processed the data. Total pre-processing time taken: 100.956 s.
Generated star smoothing lengths. Time taken: 1.761 s.
Rendered the stars onto the grid. Time taken: 180.985 s.
Rendered the dust onto the grid. Time taken: 168.872 s.
Computed the projected luminosity maps. Total time taken: 356.456 s.
Created the RGB image.
Created the RGB image.
Done! Total time taken: 459.250 s.
[5/8] Rendering halo 361487
Calculating stellar luminosities from FSPS tables.
Luminosity generation for all bands done. Time taken: 0.738 s (read-in time: 0.728 s).
Loaded in and pre-processed the data. Total pre-processing time taken: 65.616 s.
Generated star smoothing lengths. Time taken: 0.051 s.
Rendered the stars onto the grid. Time taken: 108.872 s.
Rendered the dust onto the grid. Time taken: 121.943 s.
Computed the projected luminosity maps. Total time taken: 237.661 s.
Created the RGB image.
Created the RGB image.
Done! Total time taken: 303.417 s.
[6/8] Rendering halo 735584
Calculating stellar luminosities from FSPS tables.
Luminosity generation for all bands done. Time taken: 9.800 s (read-in time: 9.697 s).
Loaded in and pre-processed the data. Total pre-processing time taken: 138.016 s.
Generated star smoothing lengths. Time taken: 0.800 s.
Rendered the stars onto the grid. Time taken: 112.919 s.
Rendered the dust onto the grid. Time taken: 141.223 s.
Computed the projected luminosity maps. Total time taken: 262.545 s.
Created the RGB image.
Created the RGB image.
Done! Total time taken: 401.493 s.
[7/8] Rendering halo 5647818
Calculating stellar luminosities from FSPS tables.
Luminosity generation for all bands done. Time taken: 3.277 s (read-in time: 2.737 s).
Loaded in and pre-processed the data. Total pre-processing time taken: 79.990 s.
Generated star smoothing lengths. Time taken: 3.260 s.
Rendered the stars onto the grid. Time taken: 150.067 s.
Rendered the dust onto the grid. Time taken: 170.486 s.
Computed the projected luminosity maps. Total time taken: 327.889 s.
Created the RGB image.
Created the RGB image.
Done! Total time taken: 411.225 s.
[8/8] Rendering halo 805018
Calculating stellar luminosities from FSPS tables.
Luminosity generation for all bands done. Time taken: 1.520 s (read-in time: 1.351 s).
Loaded in and pre-processed the data. Total pre-processing time taken: 65.940 s.
Generated star smoothing lengths. Time taken: 1.113 s.
Rendered the stars onto the grid. Time taken: 202.461 s.
Rendered the dust onto the grid. Time taken: 139.297 s.
Computed the projected luminosity maps. Total time taken: 348.402 s.
Created the RGB image.
Created the RGB image.
Done! Total time taken: 415.515 s.
Done.
