Starting pure-swift relicness script
Loaded SOAP mapping for 91142867 halos
Batch mode: processing 100 halos (slice 0:100)
Building SWIFTGalaxy for subhalo 734501 (soap_index=121881)
Read masses: Nstars=40744, sum_current=5.538941e+10 Msun
DEBUG: sample z (first valid): [10.95912409  2.72999431  1.96221298  3.9791825   1.96060716  4.61288112
  7.60673715  0.4449246   4.08898897  4.81611644]
DEBUG: Planck15 ages (Gyr): [0.41668704 2.38312872 3.3453514  1.55073516 3.348002   1.29653568
 0.68309221 9.02086931 1.50103768 1.2293413 ]
DEBUG: cosmo_colibre ages (Gyr): [0.4183141  2.38490673 3.34657241 1.55270683 3.34922097 1.29850824
 0.68490846 9.01045691 1.50301191 1.23130875]
DEBUG: us.look_back_time -> ages (Gyr): [0.4183141  2.38490673 3.34657241 1.55270683 3.34922098 1.29850824
 0.68490847 9.01045691 1.50301191 1.23130875]
[1/100] subhalo 734501 done; total_formed=9.194e+00
Building SWIFTGalaxy for subhalo 6441 (soap_index=272110)
Read masses: Nstars=185532, sum_current=2.309392e+11 Msun
DEBUG: sample z (first valid): [3.85451852 6.31591873 0.18716035 1.53210726 0.45377107 0.03985783
 0.80838852 0.3636288  0.21031248 3.43500034]
DEBUG: Planck15 ages (Gyr): [ 1.61054736  0.87173188 11.42852446  4.20001585  8.9518989  13.23867548
  6.72887244  9.69315174 11.17645135  1.84283732]
DEBUG: cosmo_colibre ages (Gyr): [ 1.61251451  0.87362656 11.40863137  4.20043249  8.94171994 13.2101186
  6.72499864  9.68034874 11.15766638  1.84477253]
DEBUG: us.look_back_time -> ages (Gyr): [ 1.61251452  0.87362657 11.40863137  4.2004325   8.94171994 13.2101186
  6.72499864  9.68034874 11.15766639  1.84477253]
[2/100] subhalo 6441 done; total_formed=3.870e+01
Building SWIFTGalaxy for subhalo 353505 (soap_index=285482)
Read masses: Nstars=46180, sum_current=6.387508e+10 Msun
DEBUG: sample z (first valid): [0.39378988 0.44047828 0.15040022 0.04250445 0.26820961 0.02208359
 5.30821061 3.31953599 0.37276917 0.68006563]
DEBUG: Planck15 ages (Gyr): [ 9.43537736  9.05583226 11.84573858 13.20269239 10.5799998  13.48393416
  1.08857835  1.91664091  9.61395179  7.42526839]
DEBUG: cosmo_colibre ages (Gyr): [ 9.42351548  9.04530066 11.82395627 13.17431903 10.56373333 13.45411499
  1.09052697  1.91856135  9.60144115  7.41967688]
DEBUG: us.look_back_time -> ages (Gyr): [ 9.42351548  9.04530066 11.82395627 13.17431903 10.56373333 13.45411499
  1.09052697  1.91856136  9.60144115  7.41967688]
[3/100] subhalo 353505 done; total_formed=1.057e+01
Building SWIFTGalaxy for subhalo 66221 (soap_index=338218)
Read masses: Nstars=30145, sum_current=3.802922e+10 Msun
DEBUG: sample z (first valid): [1.79137916 1.92493082 0.90356686 4.02499617 1.9093492  5.74516262
 4.21202481 3.56983474 2.91446661 3.24126327]
DEBUG: Planck15 ages (Gyr): [3.64778321 3.40778455 6.2753104  1.52967345 3.43444233 0.98463734
 1.44841526 1.76242819 2.21860155 1.96949715]
DEBUG: cosmo_colibre ages (Gyr): [3.64875406 3.40895694 6.27242841 1.53164634 3.43559348 0.98656425
 1.45039096 1.76437699 2.22043933 1.97140569]
DEBUG: us.look_back_time -> ages (Gyr): [3.64875406 3.40895694 6.27242841 1.53164635 3.43559349 0.98656425
 1.45039096 1.76437699 2.22043934 1.97140569]
[4/100] subhalo 66221 done; total_formed=6.324e+00
Building SWIFTGalaxy for subhalo 164171 (soap_index=401385)
Read masses: Nstars=21999, sum_current=2.716052e+10 Msun
DEBUG: sample z (first valid): [3.82236939 4.63024055 5.1686747  5.39875024 7.69466003 3.88418542
 4.14896292 2.15623194 3.29321978 1.43882108]
DEBUG: Planck15 ages (Gyr): [1.62659405 1.29056048 1.12566538 1.06558571 0.67274689 1.59597092
 1.47499781 3.04861121 1.93414749 4.43245605]
DEBUG: cosmo_colibre ages (Gyr): [1.62855973 1.29253268 1.12762009 1.06753013 0.67455777 1.59793931
 1.47697292 3.05004219 1.93606411 4.43260055]
DEBUG: us.look_back_time -> ages (Gyr): [1.62855973 1.29253268 1.12762009 1.06753013 0.67455777 1.59793932
 1.47697293 3.05004219 1.93606411 4.43260055]
[5/100] subhalo 164171 done; total_formed=4.586e+00
Building SWIFTGalaxy for subhalo 4525430 (soap_index=437728)
Read masses: Nstars=21418, sum_current=2.992120e+10 Msun
DEBUG: sample z (first valid): [7.25598388 2.08346664 7.2223198  0.47603604 2.50422415 0.39664138
 0.50256787 3.73286632 0.83903917 2.49339019]
DEBUG: Planck15 ages (Gyr): [0.727121   3.15467243 0.73159425 8.78173952 2.61359179 9.41152972
 8.58518577 1.67269162 6.57740524 2.62556563]
DEBUG: cosmo_colibre ages (Gyr): [0.72895875 3.15603234 0.73343405 8.77212697 2.61526876 9.39975337
 8.57621049 1.67465244 6.57387375 2.62723679]
DEBUG: us.look_back_time -> ages (Gyr): [0.72895875 3.15603235 0.73343406 8.77212698 2.61526876 9.39975337
 8.5762105  1.67465244 6.57387375 2.6272368 ]
[6/100] subhalo 4525430 done; total_formed=4.922e+00
Building SWIFTGalaxy for subhalo 9937804 (soap_index=522459)
Read masses: Nstars=82864, sum_current=1.110564e+11 Msun
DEBUG: sample z (first valid): [0.23792973 0.85402286 0.22113736 0.22141047 0.21067021 0.58161985
 0.2264391  0.2205006  4.40592263 0.05580616]
DEBUG: Planck15 ages (Gyr): [10.88606369  6.50527341 11.06132016 11.05843753 11.17261914  8.0370661
 11.00555226 11.06804546  1.37146253 13.02390856]
DEBUG: cosmo_colibre ages (Gyr): [10.86852332  6.50190102 11.04303278 11.04016254 11.15385082  8.02977072
 10.98750396 11.04972916  1.37343804 12.99644066]
DEBUG: us.look_back_time -> ages (Gyr): [10.86852332  6.50190103 11.04303278 11.04016254 11.15385082  8.02977072
 10.98750396 11.04972916  1.37343804 12.99644066]
[7/100] subhalo 9937804 done; total_formed=1.844e+01
Building SWIFTGalaxy for subhalo 1562768 (soap_index=630949)
Read masses: Nstars=19523, sum_current=2.670476e+10 Msun
DEBUG: sample z (first valid): [3.61586139 3.44311864 1.42851849 2.2643953  3.45853459 2.7168784
 3.30449918 1.34107309 5.01413233 1.88577719]
DEBUG: Planck15 ages (Gyr): [1.73630071 1.83782546 4.45939217 2.90138489 1.82837021 2.39558863
 1.92661175 4.69899935 1.16925313 3.47542112]
DEBUG: cosmo_colibre ages (Gyr): [1.73825336 1.83976159 4.45950361 2.90290727 1.83030806 2.39736169
 1.92853003 4.69880261 1.17121394 3.47653907]
DEBUG: us.look_back_time -> ages (Gyr): [1.73825336 1.8397616  4.45950362 2.90290728 1.83030806 2.39736169
 1.92853004 4.69880261 1.17121394 3.47653907]
[8/100] subhalo 1562768 done; total_formed=4.477e+00
Building SWIFTGalaxy for subhalo 784344 (soap_index=679508)
Read masses: Nstars=112932, sum_current=1.487491e+11 Msun
DEBUG: sample z (first valid): [1.07090944 0.92889098 8.07323827 1.66796939 0.98642095 2.47228992
 1.76453219 2.87649355 6.63466915 1.84345713]
DEBUG: Planck15 ages (Gyr): [5.5855409  6.16261793 0.63103835 3.894978   5.91805835 2.64914633
 3.69935202 2.25090862 0.81770925 3.55101914]
DEBUG: cosmo_colibre ages (Gyr): [5.5839774  6.15996693 0.63282625 3.8957166  5.91588762 2.65080591
 3.7002765  2.25273548 0.81958491 3.55207406]
DEBUG: us.look_back_time -> ages (Gyr): [5.5839774  6.15996693 0.63282625 3.8957166  5.91588762 2.65080591
 3.7002765  2.25273548 0.81958492 3.55207407]
[9/100] subhalo 784344 done; total_formed=2.491e+01
Building SWIFTGalaxy for subhalo 380819 (soap_index=735308)
Read masses: Nstars=38828, sum_current=4.978850e+10 Msun
DEBUG: sample z (first valid): [1.05210421e+00 3.46046982e-02 6.14099730e-03 1.07401149e-01
 6.64268222e+00 7.17220417e-01 2.41653634e+00 1.33224199e+00
 1.26454734e+00 6.64871456e-01]
DEBUG: Planck15 ages (Gyr): [ 5.65696439 13.31050519 13.70937061 12.3617726   0.81642329  7.21265821
  2.71315712  4.72434025  4.92606411  7.51498032]
DEBUG: cosmo_colibre ages (Gyr): [ 5.65527488 13.28158066 13.67837401 12.33756186  0.81829847  7.20761619
  2.71478419  4.72410943  4.92555163  7.50915033]
DEBUG: us.look_back_time -> ages (Gyr): [ 5.65527488 13.28158066 13.67837401 12.33756186  0.81829848  7.20761619
  2.7147842   4.72410943  4.92555163  7.50915033]
[10/100] subhalo 380819 done; total_formed=8.389e+00
Building SWIFTGalaxy for subhalo 1886726 (soap_index=769756)
Read masses: Nstars=49511, sum_current=6.461147e+10 Msun
DEBUG: sample z (first valid): [0.30935827 5.20664836 4.61865569 0.84650062 0.60674708 3.59998596
 3.795551   0.49611908 0.22735785 3.08476689]
DEBUG: Planck15 ages (Gyr): [10.18365197  1.11536688  1.29454296  6.54133149  7.87384172  1.74523972
  1.64018367  8.63235173 10.9959292   2.08269222]
DEBUG: cosmo_colibre ages (Gyr): [10.16897593  1.11731998  1.2965154   6.53787989  7.86701867  1.74719107
  1.64214801  8.62322521 10.97792203  2.08457158]
DEBUG: us.look_back_time -> ages (Gyr): [10.16897593  1.11731998  1.2965154   6.53787989  7.86701867  1.74719108
  1.64214801  8.62322521 10.97792203  2.08457159]
[11/100] subhalo 1886726 done; total_formed=1.077e+01
Building SWIFTGalaxy for subhalo 3003167 (soap_index=778683)
Read masses: Nstars=15276, sum_current=2.047740e+10 Msun
DEBUG: sample z (first valid): [4.98994607 3.44854738 4.275801   4.93515667 2.47929497 2.47929497
 1.18774202 4.780718   2.8124491  8.11044693]
DEBUG: Planck15 ages (Gyr): [1.17632839 1.83448658 1.42232989 1.19262156 2.64127935 2.64127935
 5.1720686  1.24062376 2.30718492 0.62717157]
DEBUG: cosmo_colibre ages (Gyr): [1.17829009 1.83642332 1.42430584 1.19458519 2.64294282 2.64294282
 5.17118759 1.24259223 2.3089918  0.62895723]
DEBUG: us.look_back_time -> ages (Gyr): [1.17829009 1.83642333 1.42430584 1.1945852  2.64294282 2.64294282
 5.17118759 1.24259224 2.3089918  0.62895723]
[12/100] subhalo 3003167 done; total_formed=3.439e+00
Building SWIFTGalaxy for subhalo 3007881 (soap_index=778685)
Read masses: Nstars=85322, sum_current=1.150482e+11 Msun
DEBUG: sample z (first valid): [4.03000998 0.65981157 0.49871936 5.46375382 0.49489051 0.32246348
 0.73467443 0.38600795 0.72808775 0.80938708]
DEBUG: Planck15 ages (Gyr): [ 1.52739727  7.54522259  8.61328704  1.04957078  8.64138122 10.06194511
  7.11598278  9.50091334  7.15223081  6.72385316]
DEBUG: cosmo_colibre ages (Gyr): [ 1.52937028  7.53931133  8.60422178  1.05151208  8.63222562 10.04774376
  7.11118333  9.48881505  7.14734094  6.71999087]
DEBUG: us.look_back_time -> ages (Gyr): [ 1.52937028  7.53931133  8.60422178  1.05151209  8.63222562 10.04774376
  7.11118333  9.48881505  7.14734094  6.71999088]
[13/100] subhalo 3007881 done; total_formed=1.917e+01
Building SWIFTGalaxy for subhalo 379429 (soap_index=784946)
Read masses: Nstars=52316, sum_current=7.030355e+10 Msun
DEBUG: sample z (first valid): [7.34853503 0.22268657 1.24392248 4.53934579 0.35025548 0.36921277
 0.2257968  0.52480223 0.40586923 2.39776027]
DEBUG: Planck15 ages (Gyr): [ 0.71505437 11.04498252  4.99026612  1.32236353  9.81076301  9.64465426
 11.01228702  8.42548495  9.33496098  2.73528759]
DEBUG: cosmo_colibre ages (Gyr): [ 0.71688643 11.02676531  4.98966013  1.32433742  9.79752065  9.63203062
 10.99420991  8.41701397  9.3234575   2.73690305]
DEBUG: us.look_back_time -> ages (Gyr): [ 0.71688644 11.02676531  4.98966013  1.32433743  9.79752065  9.63203062
 10.99420991  8.41701397  9.3234575   2.73690306]
[14/100] subhalo 379429 done; total_formed=1.169e+01
Building SWIFTGalaxy for subhalo 21363782 (soap_index=796200)
Read masses: Nstars=35424, sum_current=4.657040e+10 Msun
DEBUG: sample z (first valid): [10.16171336  0.24839988  0.36158896  1.52956616  1.19315976  0.87889908
  0.31545564  3.92381668  0.21093865  0.80202376]
DEBUG: Planck15 ages (Gyr): [ 0.46224087 10.77880574  9.71095711  4.20608534  5.15408122  6.38819983
 10.12676123  1.57683682 11.16974473  6.76100161]
DEBUG: cosmo_colibre ages (Gyr): [ 0.46390944 10.76171628  9.698088    4.20649518  5.1532281   6.3850803
 10.11230788  1.57880671 11.15098889  6.75705375]
DEBUG: us.look_back_time -> ages (Gyr): [ 0.46390945 10.76171628  9.698088    4.20649518  5.1532281   6.3850803
 10.11230788  1.57880671 11.1509889   6.75705376]
[15/100] subhalo 21363782 done; total_formed=7.719e+00
Building SWIFTGalaxy for subhalo 173066 (soap_index=813902)
Read masses: Nstars=99775, sum_current=1.275492e+11 Msun
DEBUG: sample z (first valid): [4.86346963 2.02455234 3.1854643  2.46274966 3.23249806 2.38197956
 2.95223737 1.23702895 6.79170134 6.31591873]
DEBUG: Planck15 ages (Gyr): [1.2145126  3.2450391  2.00866578 2.65992256 1.97556603 2.75411772
 2.18721836 5.01202228 0.7931073  0.87173188]
DEBUG: cosmo_colibre ages (Gyr): [1.21647859 3.24633497 2.01056479 2.66157678 1.97747313 2.75572316
 2.18906638 5.01138417 0.79497344 0.87362656]
DEBUG: us.look_back_time -> ages (Gyr): [1.2164786  3.24633498 2.01056479 2.66157678 1.97747313 2.75572317
 2.18906638 5.01138417 0.79497345 0.87362657]
[16/100] subhalo 173066 done; total_formed=2.144e+01
Building SWIFTGalaxy for subhalo 1566681 (soap_index=819513)
Read masses: Nstars=22893, sum_current=3.140908e+10 Msun
DEBUG: sample z (first valid): [0.13071084 3.59547016 2.99074412 3.14339002 0.1035226  4.48877722
 0.50712906 0.41877381 0.16330588 0.88625374]
DEBUG: Planck15 ages (Gyr): [12.07816386  1.74779636  2.15597057  2.03905923 12.40987548  1.34062425
  8.55205754  9.22941555 11.69682792  6.35421348]
DEBUG: cosmo_colibre ages (Gyr): [12.05530007  1.74974734  2.1578284   2.04095043 12.38543336  1.34259889
  8.54318788  9.21828381 11.67572767  6.35116611]
DEBUG: us.look_back_time -> ages (Gyr): [12.05530008  1.74974734  2.1578284   2.04095043 12.38543336  1.34259889
  8.54318788  9.21828381 11.67572767  6.35116611]
[17/100] subhalo 1566681 done; total_formed=5.206e+00
Building SWIFTGalaxy for subhalo 97429 (soap_index=865122)
Read masses: Nstars=32395, sum_current=4.042250e+10 Msun
DEBUG: sample z (first valid): [1.35605407 1.80764288 1.35605407 2.90653314 1.54488972 5.00806747
 2.48632833 5.28281085 7.94506244 5.94016732]
DEBUG: Planck15 ages (Gyr): [4.6565058  3.6171085  4.6565058  2.22528781 4.16969761 1.17102065
 2.63341911 1.09517697 0.64466684 0.94345568]
DEBUG: cosmo_colibre ages (Gyr): [4.65636558 3.61810641 4.65636558 2.22712337 4.17014803 1.17298168
 2.63508644 1.09712674 0.64646249 0.94537194]
DEBUG: us.look_back_time -> ages (Gyr): [4.65636558 3.61810642 4.65636558 2.22712337 4.17014803 1.17298168
 2.63508645 1.09712674 0.6464625  0.94537195]
[18/100] subhalo 97429 done; total_formed=6.787e+00
Building SWIFTGalaxy for subhalo 7179 (soap_index=948139)
Read masses: Nstars=566621, sum_current=7.205767e+11 Msun
DEBUG: sample z (first valid): [2.9786304  2.8124491  4.78939929 1.61349498 1.72249917 1.03553236
 0.66826189 0.77835667 0.86712251 0.51549348]
DEBUG: Planck15 ages (Gyr): [2.16572089 2.30718492 1.23784093 4.01284652 3.78250297 5.72110531
 7.49481933 6.88257416 6.44321179 8.49180077]
DEBUG: cosmo_colibre ages (Gyr): [2.1675757  2.3089918  1.23980916 4.01346539 3.78335038 5.71930058
 7.48904327 6.87834157 6.43997427 8.48312186]
DEBUG: us.look_back_time -> ages (Gyr): [2.1675757  2.3089918  1.23980916 4.01346539 3.78335038 5.71930058
 7.48904327 6.87834157 6.43997427 8.48312186]
[19/100] subhalo 7179 done; total_formed=1.197e+02
Building SWIFTGalaxy for subhalo 1589065 (soap_index=948186)
Read masses: Nstars=20421, sum_current=2.733052e+10 Msun
DEBUG: sample z (first valid): [6.01820518 1.52177928 2.07017708 1.76034033 3.84447073 2.28369576
 3.03621359 3.1854643  2.60881057 2.71098528]
DEBUG: Planck15 ages (Gyr): [0.9277706  4.22477285 3.17469483 3.70751074 1.61553428 2.87633781
 2.12001063 2.00866578 2.50247018 2.40122199]
DEBUG: cosmo_colibre ages (Gyr): [0.92968249 4.22516162 3.17604083 3.70842779 1.61750098 2.87787491
 2.12187928 2.01056479 2.50419838 2.40299279]
DEBUG: us.look_back_time -> ages (Gyr): [0.92968249 4.22516163 3.17604084 3.70842779 1.61750098 2.87787491
 2.12187929 2.01056479 2.50419838 2.40299279]
[20/100] subhalo 1589065 done; total_formed=4.592e+00
Building SWIFTGalaxy for subhalo 1631972 (soap_index=1037610)
Read masses: Nstars=71253, sum_current=9.448454e+10 Msun
DEBUG: sample z (first valid): [5.63655696 0.55845144 3.46673937 1.56180127 4.81611644 8.7219997
 7.537224   0.60093805 4.56758134 0.95699952]
DEBUG: Planck15 ages (Gyr): [1.00888599 8.19213254 1.82337064 4.13012487 1.2293413  0.56885572
 0.69146003 7.9111286  1.3123462  6.04119249]
DEBUG: cosmo_colibre ages (Gyr): [1.0108186  8.18437652 1.82530938 4.13061877 1.23130875 0.57060504
 0.69328053 7.90419879 1.31431961 6.03878353]
DEBUG: us.look_back_time -> ages (Gyr): [1.0108186  8.18437652 1.82530938 4.13061878 1.23130875 0.57060504
 0.69328053 7.90419879 1.31431962 6.03878353]
[21/100] subhalo 1631972 done; total_formed=1.580e+01
Building SWIFTGalaxy for subhalo 392068 (soap_index=1068903)
Read masses: Nstars=30230, sum_current=4.112089e+10 Msun
DEBUG: sample z (first valid): [4.00465827 0.75155014 3.00268735 4.91106702 6.40603458 7.43394891
 5.35346583 0.14253835 5.04464121 0.08625605]
DEBUG: Planck15 ages (Gyr): [ 1.53896442  7.02438803  2.1464282   1.19990424  0.85587025  0.7042107
  1.07698384 11.93777653  1.16042854 12.62726054]
DEBUG: cosmo_colibre ages (Gyr): [ 1.5409368   7.01981419  2.14828895  1.20186869  0.85775961  0.70603753
  1.07893039 11.91556841  1.1623882  12.60176238]
DEBUG: us.look_back_time -> ages (Gyr): [ 1.5409368   7.01981419  2.14828895  1.20186869  0.85775961  0.70603753
  1.07893039 11.91556841  1.16238821 12.60176238]
[22/100] subhalo 392068 done; total_formed=6.883e+00
Building SWIFTGalaxy for subhalo 817722 (soap_index=1077600)
Read masses: Nstars=25198, sum_current=3.426036e+10 Msun
DEBUG: sample z (first valid): [3.92381668 8.22197988 0.90689013 3.94387447 1.90986591 4.89936088
 2.73169343 7.         2.78908418 3.1854643 ]
DEBUG: Planck15 ages (Gyr): [1.57683682 0.61581373 6.26033948 1.56729723 3.43355288 1.20346989
 2.3815224  0.76232083 2.32829558 2.00866578]
DEBUG: cosmo_colibre ages (Gyr): [1.57880671 0.61759269 6.25748853 1.56926781 3.43470474 1.20543472
 2.38330103 0.76417426 2.33009465 2.01056479]
DEBUG: us.look_back_time -> ages (Gyr): [1.57880671 0.61759269 6.25748853 1.56926781 3.43470474 1.20543473
 2.38330104 0.76417426 2.33009466 2.01056479]
[23/100] subhalo 817722 done; total_formed=5.735e+00
Building SWIFTGalaxy for subhalo 179067 (soap_index=1079748)
Read masses: Nstars=241825, sum_current=3.079242e+11 Msun
DEBUG: sample z (first valid): [2.72829673 0.45299752 2.55787188 6.37602701 0.49954238 0.39095
 2.59416475 5.95415959 4.74574785 0.08575215]
DEBUG: Planck15 ages (Gyr): [ 2.38473537  8.95789857  2.5556006   0.86109837  8.60726593  9.45921632
  2.51755874  0.94061105  1.25193948 12.63368503]
DEBUG: cosmo_colibre ages (Gyr): [ 2.38651274  8.94769939  2.55730489  0.86298951  8.59821998  9.44726867
  2.51928026  0.94252653  1.25390891 12.60815541]
DEBUG: us.look_back_time -> ages (Gyr): [ 2.38651274  8.94769939  2.55730489  0.86298951  8.59821998  9.44726867
  2.51928027  0.94252654  1.25390892 12.60815541]
[24/100] subhalo 179067 done; total_formed=5.148e+01
Building SWIFTGalaxy for subhalo 235160 (soap_index=1083640)
Read masses: Nstars=56618, sum_current=7.008679e+10 Msun
DEBUG: sample z (first valid): [5.39875024 3.32381078 0.42742638 4.86346963 9.50172262 4.01461474
 0.68092746 0.7951134  0.81299104 0.7603954 ]
DEBUG: Planck15 ages (Gyr): [1.06558571 1.91382188 9.15963094 1.2145126  0.50658939 1.53440436
 7.4202288  6.79615394 6.70578579 6.97710103]
DEBUG: cosmo_colibre ages (Gyr): [1.06753013 1.91574293 9.14874214 1.21647859 0.50829407 1.53637699
 7.41465056 6.79212449 6.70196488 6.97264207]
DEBUG: us.look_back_time -> ages (Gyr): [1.06753013 1.91574293 9.14874215 1.2164786  0.50829407 1.53637699
 7.41465057 6.7921245  6.70196489 6.97264207]
[25/100] subhalo 235160 done; total_formed=1.182e+01
Building SWIFTGalaxy for subhalo 76117 (soap_index=1190857)
Read masses: Nstars=112267, sum_current=1.433308e+11 Msun
DEBUG: sample z (first valid): [0.30779055 0.73430719 0.79826583 0.66996229 0.86012716 0.79708237
 0.29620253 1.22638946 0.92934527 0.89191686]
DEBUG: Planck15 ages (Gyr): [10.19835447  7.11799639  6.7800829   7.48473902  6.47623841  6.78610927
 10.30799304  5.04589843  6.16062526  6.32823513]
DEBUG: cosmo_colibre ages (Gyr): [10.18362065  7.11319193  6.77609083  7.47898985  6.47292935  6.7821032
 10.29282535  5.04520989  6.15797829  6.32524255]
DEBUG: us.look_back_time -> ages (Gyr): [10.18362065  7.11319193  6.77609083  7.47898986  6.47292935  6.7821032
 10.29282535  5.04520989  6.15797829  6.32524255]
[26/100] subhalo 76117 done; total_formed=2.398e+01
Building SWIFTGalaxy for subhalo 79099 (soap_index=1246933)
Read masses: Nstars=196816, sum_current=2.476936e+11 Msun
DEBUG: sample z (first valid): [0.16670227 4.22240816 0.80024173 0.31735949 0.54902146 0.54975407
 0.71112272 0.84276234 0.52949963 0.41803704]
DEBUG: Planck15 ages (Gyr): [11.65808211  1.4441145   6.77003969 10.10909232  8.25653963  8.25150869
  7.24690742  6.55936644  8.39231465  9.235394  ]
DEBUG: cosmo_colibre ages (Gyr): [11.63715792  1.44609026  6.76607092 10.09470785  8.24858889  8.24357322
  7.24177837  6.55587498  8.38394689  9.22424134]
DEBUG: us.look_back_time -> ages (Gyr): [11.63715792  1.44609026  6.76607092 10.09470785  8.24858889  8.24357323
  7.24177837  6.55587498  8.38394689  9.22424134]
[27/100] subhalo 79099 done; total_formed=4.141e+01
Building SWIFTGalaxy for subhalo 844428 (soap_index=1290004)
Read masses: Nstars=55262, sum_current=7.267480e+10 Msun
DEBUG: sample z (first valid): [2.1039121  0.25154686 0.15976499 0.22077341 7.06547289 2.68303923
 1.61704337 2.93231729 1.83411175 1.67079632]
DEBUG: Planck15 ages (Gyr): [ 3.12426911 10.74686509 11.73741772 11.06516333  0.75305219  2.42823563
  4.00499399  2.20367773  3.56807411  3.88901458]
DEBUG: cosmo_colibre ages (Gyr): [ 3.12564985 10.72990897 11.71613241 11.04685942  0.75490161  2.42999545
  4.00562102  2.20552042  3.56911449  3.88975907]
DEBUG: us.look_back_time -> ages (Gyr): [ 3.12564985 10.72990897 11.71613241 11.04685942  0.75490161  2.42999545
  4.00562102  2.20552043  3.56911449  3.88975907]
[28/100] subhalo 844428 done; total_formed=1.214e+01
Building SWIFTGalaxy for subhalo 417519 (soap_index=1380946)
Read masses: Nstars=46164, sum_current=6.419482e+10 Msun
DEBUG: sample z (first valid): [ 2.61797505  0.6496174   1.18206033  0.02778998  0.40840712  0.37622848
  1.11665913 10.41344479  3.20264204  0.30477025]
DEBUG: Planck15 ages (Gyr): [ 2.49310418  7.60671706  5.19103963 13.40450489  9.31406364  9.58422488
  5.41760379  0.44699929  1.99647152 10.22676683]
DEBUG: cosmo_colibre ages (Gyr): [ 2.49483649  7.60063916  5.19012905 13.37509668  9.30263417  9.57182324
  5.41632712  0.4486545   1.99837356 10.21192108]
DEBUG: us.look_back_time -> ages (Gyr): [ 2.49483649  7.60063917  5.19012905 13.37509668  9.30263417  9.57182325
  5.41632713  0.4486545   1.99837356 10.21192108]
[29/100] subhalo 417519 done; total_formed=1.069e+01
Building SWIFTGalaxy for subhalo 1486065 (soap_index=1380947)
Read masses: Nstars=26122, sum_current=3.367622e+10 Msun
DEBUG: sample z (first valid): [0.37484266 0.61769352 8.02761898 0.71722042 0.36921277 0.39236849
 4.10206306 0.65813177 3.25420318 2.42689814]
DEBUG: Planck15 ages (Gyr): [9.59611739 7.80429798 0.63583354 7.21265821 9.64465426 9.44729794
 1.49529646 7.55530352 1.96059392 2.70106974]
DEBUG: cosmo_colibre ages (Gyr): [9.58367219 7.79767226 0.63762419 7.20761619 9.63203062 9.43539319
 1.4972709  7.54936507 1.96250454 2.70270307]
DEBUG: us.look_back_time -> ages (Gyr): [9.58367219 7.79767226 0.6376242  7.20761619 9.63203062 9.43539319
 1.49727091 7.54936507 1.96250454 2.70270307]
[30/100] subhalo 1486065 done; total_formed=5.635e+00
Building SWIFTGalaxy for subhalo 6311 (soap_index=1405181)
Read masses: Nstars=126495, sum_current=1.556195e+11 Msun
DEBUG: sample z (first valid): [7.99972535 4.34072203 2.95414505 8.94174757 1.06152878 6.5268175
 3.61423643 2.7072067  2.83565492 6.8467433 ]
DEBUG: Planck15 ages (Gyr): [0.63879545 1.39656682 2.18565275 0.55006954 5.62099046 0.83535055
 1.7372122  2.40484549 2.28652846 0.78477376]
DEBUG: cosmo_colibre ages (Gyr): [0.64058779 1.39854271 2.18750126 0.55180607 5.61936472 0.8372327
 1.73916471 2.40661484 2.28834281 0.78663656]
DEBUG: us.look_back_time -> ages (Gyr): [0.6405878  1.39854271 2.18750127 0.55180607 5.61936472 0.83723271
 1.73916471 2.40661484 2.28834281 0.78663656]
[31/100] subhalo 6311 done; total_formed=2.618e+01
Building SWIFTGalaxy for subhalo 1080 (soap_index=1412123)
Read masses: Nstars=65288, sum_current=9.131787e+10 Msun
DEBUG: sample z (first valid): [6.01069748 4.55625265 4.275801   6.01069748 0.65127998 6.0605473
 0.89981447 0.94954783 1.41402682 1.03237611]
DEBUG: Planck15 ages (Gyr): [0.92926071 1.31635019 1.42232989 0.92926071 7.5966359  0.91944053
 6.29228163 6.07301616 4.49772805 5.73345126]
DEBUG: cosmo_colibre ages (Gyr): [0.93117302 1.3183238  1.42430584 0.93117302 7.59058545 0.92135001
 6.28936432 6.07054445 4.4977919  5.73162413]
DEBUG: us.look_back_time -> ages (Gyr): [0.93117302 1.3183238  1.42430584 0.93117302 7.59058545 0.92135001
 6.28936432 6.07054445 4.4977919  5.73162413]
[32/100] subhalo 1080 done; total_formed=1.520e+01
Building SWIFTGalaxy for subhalo 162365 (soap_index=1418131)
Read masses: Nstars=74592, sum_current=9.736365e+10 Msun
DEBUG: sample z (first valid): [3.10987081 1.82117951 4.63314423 1.85510151 0.67886054 2.14170662
 0.83184258 1.05738683 0.31376794 7.89105956]
DEBUG: Planck15 ages (Gyr): [ 2.06382046  3.59189557  1.28956548  3.52995342  7.43232391  3.06931285
  6.61249141  5.63675592 10.14246171  0.65055597]
DEBUG: cosmo_colibre ages (Gyr): [ 2.06570504  3.59291544  1.29153761  3.53102614  7.42671377  3.07073031
  6.60888162  5.63510231 10.12794704  0.65235489]
DEBUG: us.look_back_time -> ages (Gyr): [ 2.06570504  3.59291545  1.29153762  3.53102614  7.42671378  3.07073031
  6.60888163  5.63510231 10.12794705  0.6523549 ]
[33/100] subhalo 162365 done; total_formed=1.627e+01
Building SWIFTGalaxy for subhalo 1500109 (soap_index=1445096)
Read masses: Nstars=26769, sum_current=3.891490e+10 Msun
DEBUG: sample z (first valid): [3.43050297 1.96516152 3.39897973 9.65193011 1.99689043 1.97485247
 0.2264391  3.5419641  0.25663445 3.81280752]
DEBUG: Planck15 ages (Gyr): [ 1.84562352  3.34049339  1.8653499   0.49589099  3.28893665  3.32460738
 11.00555226  1.77856722 10.6955161   1.63141786]
DEBUG: cosmo_colibre ages (Gyr): [ 1.84755821  3.34171812  1.86728084  0.49758731  3.29020026  3.3258442
 10.98750396  1.78051349 10.67877345  1.63338306]
DEBUG: us.look_back_time -> ages (Gyr): [ 1.84755821  3.34171812  1.86728084  0.49758732  3.29020026  3.3258442
 10.98750396  1.7805135  10.67877345  1.63338307]
[34/100] subhalo 1500109 done; total_formed=6.389e+00
Building SWIFTGalaxy for subhalo 2861200 (soap_index=1468380)
Read masses: Nstars=54905, sum_current=7.604510e+10 Msun
DEBUG: sample z (first valid): [0.02068278 1.55660451 0.86903947 7.16393647 3.6187892  2.69425028
 0.90689013 3.8248546  8.84097905 2.88246445]
DEBUG: Planck15 ages (Gyr): [13.50353341  4.14222048  6.43420702  0.73946144  1.73466042  2.41733881
  6.26033948  1.62534418  0.55855416  2.24577741]
DEBUG: cosmo_colibre ages (Gyr): [13.47361251  4.14270117  6.43098892  0.74130483  1.73661329  2.41910308
  6.25748853  1.62730997  0.56029653  2.24760603]
DEBUG: us.look_back_time -> ages (Gyr): [13.47361251  4.14270117  6.43098892  0.74130484  1.7366133   2.41910309
  6.25748853  1.62730997  0.56029654  2.24760603]
[35/100] subhalo 2861200 done; total_formed=1.262e+01
Building SWIFTGalaxy for subhalo 62741 (soap_index=1473461)
Read masses: Nstars=168889, sum_current=2.141493e+11 Msun
DEBUG: sample z (first valid): [5.34669766 0.06120863 4.94161378 0.90356686 0.91513735 0.77028633
 0.53956023 0.74094145 0.07803658 0.09182993]
DEBUG: Planck15 ages (Gyr): [ 1.07870479 12.95226686  1.19068194  6.2753104   6.22342634  6.92480139
  8.32192783  7.08175492 12.73263409 12.55650195]
DEBUG: cosmo_colibre ages (Gyr): [ 1.08065165 12.92515875  1.19264535  6.27242841  6.22065146  6.92046822
  8.31377735  7.07704025 12.70661799 12.53134938]
DEBUG: us.look_back_time -> ages (Gyr): [ 1.08065165 12.92515875  1.19264535  6.27242841  6.22065146  6.92046822
  8.31377735  7.07704025 12.70661799 12.53134938]
[36/100] subhalo 62741 done; total_formed=3.581e+01
Building SWIFTGalaxy for subhalo 1477978 (soap_index=1486964)
Read masses: Nstars=84175, sum_current=1.057296e+11 Msun
DEBUG: sample z (first valid): [0.0246404  5.80045657 5.70445013 3.795551   1.38001162 0.84172662
 0.28240451 3.34128246 0.02310478 1.096347  ]
DEBUG: Planck15 ages (Gyr): [13.44826365  0.97266118  0.99361276  1.64018367  4.58981718  6.56437683
 10.44078599  1.90237105 13.46967145  5.49116702]
DEBUG: cosmo_colibre ages (Gyr): [13.41862929  0.97458512  0.99554183  1.64214801  4.58976403  6.56087427
 10.42508584  1.90429452 13.43992622  5.48976634]
DEBUG: us.look_back_time -> ages (Gyr): [13.41862929  0.97458513  0.99554184  1.64214801  4.58976404  6.56087427
 10.42508584  1.90429452 13.43992622  5.48976634]
[37/100] subhalo 1477978 done; total_formed=1.777e+01
Building SWIFTGalaxy for subhalo 6274 (soap_index=1491167)
Read masses: Nstars=63126, sum_current=8.519834e+10 Msun
DEBUG: sample z (first valid): [6.02497588 3.89403331 0.43694089 4.0763749  2.36461649 2.11631003
 1.17222406 0.4165658  4.28644027 5.78637258]
DEBUG: Planck15 ages (Gyr): [0.92643018 1.59118054 9.08379164 1.50661162 2.77508305 3.10606534
 5.22414493 9.24734942 1.41805407 0.97568859]
DEBUG: cosmo_colibre ages (Gyr): [0.92834168 1.59314933 9.07316433 1.50858561 2.77667717 3.10745837
 5.22318234 9.23615488 1.42003004 0.97761329]
DEBUG: us.look_back_time -> ages (Gyr): [0.92834169 1.59314933 9.07316433 1.50858561 2.77667718 3.10745838
 5.22318234 9.23615488 1.42003004 0.97761329]
[38/100] subhalo 6274 done; total_formed=1.428e+01
Building SWIFTGalaxy for subhalo 6405 (soap_index=1503440)
Read masses: Nstars=348836, sum_current=4.536253e+11 Msun
DEBUG: sample z (first valid): [0.68299949 5.69076059 0.51255539 0.43618513 0.38005391 0.82510861
 0.96852097 0.98137622 0.48958996 1.04174715]
DEBUG: Planck15 ages (Gyr): [7.408134   0.99666131 8.51289403 9.08978165 9.55150863 6.64558527
 5.9924993  5.93889065 8.68050025 5.6969176 ]
DEBUG: cosmo_colibre ages (Gyr): [7.40258758 0.9985911  8.50414854 9.07913378 9.53922649 6.64190107
 5.99018542 5.93668013 8.67121822 5.69515655]
DEBUG: us.look_back_time -> ages (Gyr): [7.40258758 0.99859111 8.50414854 9.07913378 9.53922649 6.64190107
 5.99018542 5.93668013 8.67121822 5.69515655]
[39/100] subhalo 6405 done; total_formed=7.549e+01
Building SWIFTGalaxy for subhalo 424076 (soap_index=1503453)
Read masses: Nstars=238601, sum_current=3.087136e+11 Msun
DEBUG: sample z (first valid): [0.51171803 0.31577257 0.17128968 0.36852656 0.34515599 0.81580406
 0.49108118 0.82959241 0.53336453 1.04480499]
DEBUG: Planck15 ages (Gyr): [ 8.51892001 10.12381684 11.60603903  9.65059485  9.85616068  6.69173566
  8.66946813  6.62352136  8.36516947  5.68507561]
DEBUG: cosmo_colibre ages (Gyr): [ 8.51015547 10.10937498 11.58535041  9.6379493   9.84274708  6.68794681
  8.66022183  6.61988683  8.35688578  5.68333584]
DEBUG: us.look_back_time -> ages (Gyr): [ 8.51015547 10.10937498 11.58535041  9.6379493   9.84274708  6.68794681
  8.66022183  6.61988683  8.35688579  5.68333585]
[40/100] subhalo 424076 done; total_formed=5.145e+01
Building SWIFTGalaxy for subhalo 749060 (soap_index=1503456)
Read masses: Nstars=24875, sum_current=3.475044e+10 Msun
DEBUG: sample z (first valid): [0.75155014 2.47597327 0.02284929 0.02131904 0.00484514 0.01173274
 0.0265021  0.01480334 0.883868   4.44997921]
DEBUG: Planck15 ages (Gyr): [ 7.02438803  2.64500498 13.47323782 13.49462638 13.72792603 13.62970361
 13.42237391 13.58623142  6.36520726  1.35492002]
DEBUG: cosmo_colibre ages (Gyr): [ 7.01981419  2.64666661 13.4434741  13.46475173 13.69683179 13.59912495
 13.39287342 13.55587997  6.36213661  1.35689512]
DEBUG: us.look_back_time -> ages (Gyr): [ 7.01981419  2.64666661 13.4434741  13.46475173 13.69683179 13.59912495
 13.39287342 13.55587997  6.36213662  1.35689513]
[41/100] subhalo 749060 done; total_formed=5.773e+00
Building SWIFTGalaxy for subhalo 162393 (soap_index=1521139)
Read masses: Nstars=57390, sum_current=7.235232e+10 Msun
DEBUG: sample z (first valid): [1.14044026 1.15564765 4.39524162 0.62041341 2.29459079 0.84733341
 1.15891422 0.46481895 3.6187892  0.55063411]
DEBUG: Planck15 ages (Gyr): [5.33343924 5.28069819 1.37552356 7.78716256 2.86235493 6.53732425
 5.26947718 8.86685911 1.73466042 8.24547136]
DEBUG: cosmo_colibre ages (Gyr): [5.33230135 5.27964559 1.37749916 7.7805851  2.86390014 6.53388148
 5.26844255 8.85696492 1.73661329 8.23755422]
DEBUG: us.look_back_time -> ages (Gyr): [5.33230135 5.27964559 1.37749916 7.7805851  2.86390014 6.53388149
 5.26844256 8.85696492 1.7366133  8.23755422]
[42/100] subhalo 162393 done; total_formed=1.218e+01
Building SWIFTGalaxy for subhalo 4143234 (soap_index=1652945)
Read masses: Nstars=17341, sum_current=2.289898e+10 Msun
DEBUG: sample z (first valid): [5.38565722 5.98231408 3.26278132 0.21768859 0.22892289 3.90392098
 3.11813498 1.43882108 5.99647699 2.99463611]
DEBUG: Planck15 ages (Gyr): [ 1.06886057  0.93493024  1.95472838 11.09781511 10.9795647   1.58639473
  2.05766963  4.43245605  0.93209406  2.15285328]
DEBUG: cosmo_colibre ages (Gyr): [ 1.07080562  0.93684414  1.95664036 11.07937059 10.96162737  1.5883639
  2.05955587  4.43260055  0.93400717  2.15471207]
DEBUG: us.look_back_time -> ages (Gyr): [ 1.07080562  0.93684415  1.95664036 11.07937059 10.96162737  1.5883639
  2.05955587  4.43260055  0.93400717  2.15471207]
[43/100] subhalo 4143234 done; total_formed=3.807e+00
Building SWIFTGalaxy for subhalo 13468 (soap_index=1686610)
Read masses: Nstars=31671, sum_current=4.650524e+10 Msun
DEBUG: sample z (first valid): [0.12496567 2.72829673 1.0395867  0.59486031 1.32628141 0.99197568
 0.22515516 2.74320311 3.36790189 0.17760368]
DEBUG: Planck15 ages (Gyr): [12.14720254  2.38473537  5.70530769  7.95042675  4.74156799  5.8952522
 11.01902064  2.37068808  1.88514126 11.53494827]
DEBUG: cosmo_colibre ages (Gyr): [12.1240136   2.38651274  5.70353152  7.94338369  4.74131383  5.8931248
 11.00091472  2.37247097  1.88706827 11.51457973]
DEBUG: us.look_back_time -> ages (Gyr): [12.1240136   2.38651274  5.70353152  7.94338369  4.74131383  5.8931248
 11.00091472  2.37247097  1.88706827 11.51457973]
[44/100] subhalo 13468 done; total_formed=7.371e+00
Building SWIFTGalaxy for subhalo 6669 (soap_index=1746268)
Read masses: Nstars=94041, sum_current=1.192797e+11 Msun
DEBUG: sample z (first valid): [0.36510582 4.93515667 0.41192692 4.03000998 0.54902146 6.15458515
 3.42153556 5.52944107 0.38179978 0.36681405]
DEBUG: Planck15 ages (Gyr): [9.68028894 1.19262156 9.28519508 1.52739727 8.25653963 0.90137836
 1.85119985 1.03378947 9.5366319  9.66544376]
DEBUG: cosmo_colibre ages (Gyr): [9.66753362 1.19458519 9.27386752 1.52937028 8.24858889 0.90328246
 1.85313349 1.03572753 9.52440394 9.65274336]
DEBUG: us.look_back_time -> ages (Gyr): [9.66753362 1.1945852  9.27386752 1.52937028 8.24858889 0.90328246
 1.85313349 1.03572754 9.52440394 9.65274336]
[45/100] subhalo 6669 done; total_formed=1.985e+01
Building SWIFTGalaxy for subhalo 14792 (soap_index=1746269)
Read masses: Nstars=42157, sum_current=5.147393e+10 Msun
DEBUG: sample z (first valid): [0.1012973  0.10137134 0.25788868 4.99597438 1.60642698 2.25725646
 0.19871232 0.44939844 0.88148829 2.95319098]
DEBUG: Planck15 ages (Gyr): [12.4375937  12.43667015 10.68291163  1.17455828  4.02856221  2.91073996
 11.30174443  8.98589142  6.37620277  2.18643551]
DEBUG: cosmo_colibre ages (Gyr): [12.41301787 12.41209878 10.66622122  1.17651975  4.02916467  2.91225679
 11.28241186  8.97559769  6.37310878  2.18828378]
DEBUG: us.look_back_time -> ages (Gyr): [12.41301787 12.41209878 10.66622122  1.17651976  4.02916467  2.91225679
 11.28241186  8.97559769  6.37310878  2.18828378]
[46/100] subhalo 14792 done; total_formed=8.638e+00
Building SWIFTGalaxy for subhalo 6072130 (soap_index=1746341)
Read masses: Nstars=52758, sum_current=7.300013e+10 Msun
DEBUG: sample z (first valid): [5.42446819 0.71722042 0.40034188 1.12958991 0.46678603 0.37116077
 1.1881803  1.65456902 0.84234791 0.76304746]
DEBUG: Planck15 ages (Gyr): [1.05920137 7.21265821 9.38071381 5.37158148 8.85184367 9.62781936
 5.17060977 3.92344863 6.56137056 6.96301845]
DEBUG: cosmo_colibre ages (Gyr): [1.06114456 7.20761619 9.3690476  5.37038111 8.84199941 9.61525773
 5.16973103 3.92415884 6.55787466 6.95859349]
DEBUG: us.look_back_time -> ages (Gyr): [1.06114457 7.20761619 9.36904761 5.37038111 8.84199941 9.61525773
 5.16973103 3.92415884 6.55787466 6.95859349]
[47/100] subhalo 6072130 done; total_formed=1.205e+01
Building SWIFTGalaxy for subhalo 68183 (soap_index=1815473)
Read masses: Nstars=14370, sum_current=1.870550e+10 Msun
DEBUG: sample z (first valid): [3.84447073 1.30972017 5.1565054  4.75735746 3.91384869 3.87401458
 2.85914498 4.12400313 2.85143394 2.41297781]
DEBUG: Planck15 ages (Gyr): [1.61553428 4.78996552 1.12899916 1.24816389 1.58161349 1.60094352
 2.26592766 1.48574334 2.27265639 2.71732876]
DEBUG: cosmo_colibre ages (Gyr): [1.61750098 4.78964508 1.13095437 1.25013301 1.58358302 1.60291151
 2.26774931 1.48771813 2.27447567 2.71895365]
DEBUG: us.look_back_time -> ages (Gyr): [1.61750098 4.78964508 1.13095437 1.25013301 1.58358302 1.60291151
 2.26774931 1.48771813 2.27447568 2.71895366]
[48/100] subhalo 68183 done; total_formed=3.137e+00
Building SWIFTGalaxy for subhalo 463269 (soap_index=1861914)
Read masses: Nstars=72964, sum_current=9.638133e+10 Msun
DEBUG: sample z (first valid): [0.43029245 4.20126984 0.26654298 0.48137432 0.4980342  2.86688695
 2.53636952 2.89863177 1.11939719 5.13116288]
DEBUG: Planck15 ages (Gyr): [ 9.13668747  1.45289238 10.59652085  8.74165699  8.61830438  2.25920491
  2.5785874   2.23198012  5.40780675  1.13599459]
DEBUG: cosmo_colibre ages (Gyr): [ 9.12587807  1.45486801 10.58018663  8.73217587  8.60922302  2.2610289
  2.58028101  2.23381343  5.4065464   1.13795085]
DEBUG: us.look_back_time -> ages (Gyr): [ 9.12587807  1.45486801 10.58018663  8.73217588  8.60922302  2.26102891
  2.58028101  2.23381343  5.40654641  1.13795085]
[49/100] subhalo 463269 done; total_formed=1.607e+01
Building SWIFTGalaxy for subhalo 449885 (soap_index=1935879)
Read masses: Nstars=25694, sum_current=3.646470e+10 Msun
DEBUG: sample z (first valid): [3.48477383 2.62357625 6.69743951 7.70332005 3.03944773 1.55700351
 4.1909703  3.46887146 0.90445194 1.70765163]
DEBUG: Planck15 ages (Gyr): [1.81246051 2.48740817 0.80772493 0.67174201 2.11749063 4.14128977
 1.45720147 1.82207515 6.27131781 3.81260157]
DEBUG: cosmo_colibre ages (Gyr): [1.81440116 2.48914296 0.80959679 0.67355237 2.11936002 4.14177147
 1.45917701 1.82401412 6.26844411 3.81342037]
DEBUG: us.look_back_time -> ages (Gyr): [1.81440117 2.48914296 0.8095968  0.67355237 2.11936003 4.14177148
 1.45917702 1.82401413 6.26844411 3.81342038]
[50/100] subhalo 449885 done; total_formed=6.032e+00
Building SWIFTGalaxy for subhalo 468092 (soap_index=1966327)
Read masses: Nstars=50686, sum_current=7.133411e+10 Msun
DEBUG: sample z (first valid): [5.77304671 2.28698967 2.06931435 0.97350036 0.55063411 2.8806253
 0.82959241 1.80980964 4.55060557 5.52294217]
DEBUG: Planck15 ages (Gyr): [0.97856748 2.87209856 3.17600182 5.97164475 8.24547136 2.24735587
 6.62352136 3.61305345 1.31835365 1.03533321]
DEBUG: cosmo_colibre ages (Gyr): [0.98049289 2.87363812 3.17734691 5.96937124 8.23755422 2.24918395
 6.61988683 3.61405491 1.32032736 1.03727159]
DEBUG: us.look_back_time -> ages (Gyr): [0.98049289 2.87363813 3.17734691 5.96937124 8.23755422 2.24918395
 6.61988683 3.61405492 1.32032737 1.0372716 ]
[51/100] subhalo 468092 done; total_formed=1.182e+01
Building SWIFTGalaxy for subhalo 19033 (soap_index=2062629)
Read masses: Nstars=85750, sum_current=1.135597e+11 Msun
DEBUG: sample z (first valid): [5.82808919 3.93382519 5.60978316 0.43757129 3.8348211  5.85594727
 1.91141715 3.67080037 5.18789538 1.29692976]
DEBUG: Planck15 ages (Gyr): [0.9667666  1.57206473 1.01501655 9.07879962 1.6203477  0.96088375
 3.43088487 1.70594355 1.12043307 4.82788599]
DEBUG: cosmo_colibre ages (Gyr): [0.96868904 1.57403497 1.01695054 9.06818942 1.62231396 0.96280467
 3.43203887 1.70790031 1.12238696 4.82751288]
DEBUG: us.look_back_time -> ages (Gyr): [0.96868904 1.57403497 1.01695055 9.06818942 1.62231397 0.96280467
 3.43203887 1.70790031 1.12238697 4.82751288]
[52/100] subhalo 19033 done; total_formed=1.883e+01
Building SWIFTGalaxy for subhalo 382432 (soap_index=2158330)
Read masses: Nstars=56658, sum_current=7.771273e+10 Msun
DEBUG: sample z (first valid): [0.44645537 5.10659709 2.33075828 3.52596685 0.85970488 2.66983985
 1.99689043 5.68734694 1.61767055 1.44227473]
DEBUG: Planck15 ages (Gyr): [9.00887856 1.14284459 2.81672678 1.78794153 6.47824048 2.44116908
 3.28893665 0.99742393 4.00360862 4.42348493]
DEBUG: cosmo_colibre ages (Gyr): [8.9985069  1.14480183 2.81829793 1.7898863  6.47492707 2.44292353
 3.29020026 0.9993539  4.00423709 4.42364038]
DEBUG: us.look_back_time -> ages (Gyr): [8.9985069  1.14480183 2.81829793 1.78988631 6.47492707 2.44292354
 3.29020026 0.9993539  4.00423709 4.42364038]
[53/100] subhalo 382432 done; total_formed=1.282e+01
Building SWIFTGalaxy for subhalo 381811 (soap_index=2172575)
Read masses: Nstars=94213, sum_current=1.253760e+11 Msun
DEBUG: sample z (first valid): [4.49475979 0.58238362 0.46259597 2.55093195 5.78637258 9.458985
 1.91141715 1.60767149 1.5872878  1.65585994]
DEBUG: Planck15 ages (Gyr): [1.33844214 8.03202969 8.8838736  2.5629827  0.97568859 0.50970362
 3.43088487 4.02578782 4.07162117 3.92069128]
DEBUG: cosmo_colibre ages (Gyr): [1.3404167  8.02474907 8.87392271 2.56468358 0.97761329 0.51141069
 3.43203887 4.02639319 4.07217814 3.92140425]
DEBUG: us.look_back_time -> ages (Gyr): [1.3404167  8.02474907 8.87392271 2.56468358 0.97761329 0.5114107
 3.43203887 4.02639319 4.07217814 3.92140425]
[54/100] subhalo 381811 done; total_formed=2.086e+01
Building SWIFTGalaxy for subhalo 7721075 (soap_index=2227859)
Read masses: Nstars=59994, sum_current=8.604813e+10 Msun
DEBUG: sample z (first valid): [1.67232099 1.41901668 0.65177941 2.51135877 0.33073424 0.29897725
 0.42705339 0.88235294 4.84568727 2.30455829]
DEBUG: Planck15 ages (Gyr): [ 3.88580439  4.48446846  7.59361156  2.60575544  9.98622281 10.28158511
  9.16262305  6.37220421  1.22004618  2.8496598 ]
DEBUG: cosmo_colibre ages (Gyr): [ 3.88655206  4.48454885  7.58756933  2.60743617  9.9723135  10.26652241
  9.15172389  6.36911871  1.22201273  2.85121231]
DEBUG: us.look_back_time -> ages (Gyr): [ 3.88655206  4.48454885  7.58756933  2.60743617  9.97231351 10.26652241
  9.15172389  6.36911871  1.22201273  2.85121231]
[55/100] subhalo 7721075 done; total_formed=1.414e+01
Building SWIFTGalaxy for subhalo 75939 (soap_index=2235771)
Read masses: Nstars=57383, sum_current=7.460335e+10 Msun
DEBUG: sample z (first valid): [1.56480902 3.08273112 5.4503937  3.07232958 1.9667723  3.00293183
 2.07046477 3.55364091 2.14110429 2.63967566]
DEBUG: Planck15 ages (Gyr): [4.12315025 2.08423509 1.05282954 2.09214772 3.33784434 2.14623359
 3.1742592  1.77177589 3.07017625 2.47115493]
DEBUG: cosmo_colibre ages (Gyr): [4.12365175 2.08611402 1.05477149 2.09402442 3.3390711  2.1480944
 3.17560551 1.77372324 3.07159314 2.47289672]
DEBUG: us.look_back_time -> ages (Gyr): [4.12365176 2.08611402 1.05477149 2.09402442 3.3390711  2.1480944
 3.17560551 1.77372324 3.07159314 2.47289673]
[56/100] subhalo 75939 done; total_formed=1.258e+01
Building SWIFTGalaxy for subhalo 395418 (soap_index=2235805)
Read masses: Nstars=24280, sum_current=3.338434e+10 Msun
DEBUG: sample z (first valid): [1.58320851 2.10950845 1.66623271 2.07305636 3.16128008 1.74945461
 1.56842765 2.42367569 1.84321041 2.42474916]
DEBUG: Planck15 ages (Gyr): [4.08089481 3.11603051 3.89864888 3.17033924 2.02604366 3.72883483
 4.11478422 2.70481935 3.55146769 2.70356931]
DEBUG: cosmo_colibre ages (Gyr): [4.08144189 3.11741682 3.89938383 3.17168829 2.02793824 3.72973231
 4.11529481 2.70645074 3.55252223 2.70520135]
DEBUG: us.look_back_time -> ages (Gyr): [4.08144189 3.11741683 3.89938384 3.17168829 2.02793825 3.72973231
 4.11529481 2.70645074 3.55252224 2.70520135]
[57/100] subhalo 395418 done; total_formed=5.612e+00
Building SWIFTGalaxy for subhalo 3401867 (soap_index=2297637)
Read masses: Nstars=31617, sum_current=4.319439e+10 Msun
DEBUG: sample z (first valid): [2.04535316 0.06819664 0.07260229 0.03933012 0.59688109 5.03240059
 0.39807151 0.29292929 0.20906206 6.06816221]
DEBUG: Planck15 ages (Gyr): [ 3.21265588 12.86041912 12.80298345 13.24586664  7.93732789  1.16395577
  9.39960267 10.33927233 11.1898611   0.91795561]
DEBUG: cosmo_colibre ages (Gyr): [ 3.21397508 12.83376971 12.7766194  13.21727303  7.93032265  1.1659159
  9.387869   10.32397991 11.17101782  0.91986466]
DEBUG: us.look_back_time -> ages (Gyr): [ 3.21397508 12.83376971 12.7766194  13.21727303  7.93032266  1.1659159
  9.387869   10.32397991 11.17101782  0.91986466]
[58/100] subhalo 3401867 done; total_formed=7.162e+00
Building SWIFTGalaxy for subhalo 75530 (soap_index=2336579)
Read masses: Nstars=25377, sum_current=3.448366e+10 Msun
DEBUG: sample z (first valid): [0.38249937 9.71725266 1.11775351 0.16330588 4.35424837 0.30612245
 2.3802352  5.23202739 2.85143394 2.82803738]
DEBUG: Planck15 ages (Gyr): [ 9.53068021  0.49135508  5.41368465 11.69682792  1.39129641 10.2140323
  2.75621222  1.10857096  2.27265639  2.29327542]
DEBUG: cosmo_colibre ages (Gyr): [ 9.5184739   0.4930478   5.41241452 11.67572767  1.39327224 10.19923675
  2.75781654  1.11052296  2.27447567  2.29508735]
DEBUG: us.look_back_time -> ages (Gyr): [ 9.5184739   0.4930478   5.41241452 11.67572767  1.39327225 10.19923676
  2.75781655  1.11052297  2.27447568  2.29508736]
[59/100] subhalo 75530 done; total_formed=5.737e+00
Building SWIFTGalaxy for subhalo 103391 (soap_index=2336580)
Read masses: Nstars=23324, sum_current=3.183402e+10 Msun
DEBUG: sample z (first valid): [2.36807483 1.28189415 8.78149254 0.7837779  0.27402799 0.85970488
 0.49529981 1.44555564 0.81018672 0.49639236]
DEBUG: Planck15 ages (Gyr): [ 2.77088638  4.87307947  0.56366554  6.85443047 10.52261421  6.47824048
  8.63837148  4.41498951  6.71983791  8.63034508]
DEBUG: cosmo_colibre ages (Gyr): [ 2.77248278  4.87264274  0.56541138  6.85026444 10.50658219  6.47492707
  8.62922557  4.41515528  6.71598483  8.62122501]
DEBUG: us.look_back_time -> ages (Gyr): [ 2.77248278  4.87264275  0.56541139  6.85026444 10.50658219  6.47492707
  8.62922557  4.41515528  6.71598484  8.62122501]
[60/100] subhalo 103391 done; total_formed=5.259e+00
Building SWIFTGalaxy for subhalo 14301336 (soap_index=2337583)
Read masses: Nstars=9527, sum_current=1.313043e+10 Msun
DEBUG: sample z (first valid): [0.48742624 0.39497659 1.75824916 0.859916   1.89982301 0.79945085
 1.86734337 1.37397667 1.17988292 0.57190828]
DEBUG: Planck15 ages (Gyr): [8.69654488 9.4254419  3.71159176 6.47723944 3.45090793 6.77405686
 3.50802515 4.60647133 5.19833927 8.10152285]
DEBUG: cosmo_colibre ages (Gyr): [8.6872108  9.41361568 3.71250508 6.4739282  3.45204582 6.77007878
 3.5091162  4.60639662 5.19741726 8.0940374 ]
DEBUG: us.look_back_time -> ages (Gyr): [8.6872108  9.41361568 3.71250508 6.47392821 3.45204583 6.77007878
 3.50911621 4.60639662 5.19741727 8.09403741]
[61/100] subhalo 14301336 done; total_formed=2.161e+00
Building SWIFTGalaxy for subhalo 25289 (soap_index=2359109)
Read masses: Nstars=23891, sum_current=3.107474e+10 Msun
DEBUG: sample z (first valid): [1.76243467 7.13101737 0.49108118 0.32449475 1.70630988 0.33659651
 0.70666667 8.09211987 1.66927338 1.37157125]
DEBUG: Planck15 ages (Gyr): [ 3.70343083  0.74395953  8.66946813 10.04327066  3.81534065  9.93305361
  7.27209358  0.62907121  3.89222538  4.61313637]
DEBUG: cosmo_colibre ages (Gyr): [ 3.7043516   0.74580494  8.66022183 10.02914157  3.81615684  9.91934786
  7.26690017  0.63085797  3.8929667   4.61305299]
DEBUG: us.look_back_time -> ages (Gyr): [ 3.7043516   0.74580494  8.66022183 10.02914157  3.81615684  9.91934786
  7.26690017  0.63085797  3.8929667   4.613053  ]
[62/100] subhalo 25289 done; total_formed=5.118e+00
Building SWIFTGalaxy for subhalo 178949 (soap_index=2359134)
Read masses: Nstars=27182, sum_current=3.744174e+10 Msun
DEBUG: sample z (first valid): [1.62964449 2.27614477 1.08156524 2.43912678 1.82263761 2.03913931
 1.40428498 1.70586292 1.98542274 1.852616  ]
DEBUG: Planck15 ages (Gyr): [3.97730772 2.88609471 5.54569845 2.68691799 3.58919681 3.22227429
 4.5237971  3.81625378 3.30741996 3.53443284]
DEBUG: cosmo_colibre ages (Gyr): [3.9779633  2.88762611 5.5442042  2.68855858 3.59021901 3.22358661
 4.52382821 3.81706909 3.30866975 3.53550178]
DEBUG: us.look_back_time -> ages (Gyr): [3.9779633  2.88762611 5.5442042  2.68855858 3.59021901 3.22358661
 4.52382821 3.8170691  3.30866975 3.53550179]
[63/100] subhalo 178949 done; total_formed=6.281e+00
Building SWIFTGalaxy for subhalo 504879 (soap_index=2359176)
Read masses: Nstars=949906, sum_current=1.194945e+12 Msun
DEBUG: sample z (first valid): [1.54232291 1.23932208 0.43668888 0.42892029 7.16393647 0.43719298
 0.43417367 5.34669766 6.74382607 5.7181958 ]
DEBUG: Planck15 ages (Gyr): [4.17575735 5.00476835 9.08578836 9.1476613  0.73946144 9.08179487
 9.10575278 1.07870479 0.80047609 0.99056727]
DEBUG: cosmo_colibre ages (Gyr): [4.17620105 5.00414098 9.0751542  9.13681395 0.74130483 9.0711744
 9.09505002 1.08065165 0.80234514 0.99249561]
DEBUG: us.look_back_time -> ages (Gyr): [4.17620105 5.00414098 9.0751542  9.13681395 0.74130484 9.0711744
 9.09505002 1.08065165 0.80234515 0.99249561]
[64/100] subhalo 504879 done; total_formed=1.985e+02
Building SWIFTGalaxy for subhalo 1031530 (soap_index=2359234)
Read masses: Nstars=32192, sum_current=4.297796e+10 Msun
DEBUG: sample z (first valid): [1.24993134 0.78650093 1.64620851 2.09365559 1.50519878 1.65006066
 2.14110429 2.43408091 3.278924   1.95233805]
DEBUG: Planck15 ages (Gyr): [4.97142446 6.84036107 3.94138255 3.13946085 4.26501257 3.93310297
 3.07017625 2.69274261 1.94376872 3.36170548]
DEBUG: cosmo_colibre ages (Gyr): [4.9708461  6.83622816 3.94207471 3.14083122 4.26535548 3.93380348
 3.07159314 2.69438021 1.94568319 3.36291391]
DEBUG: us.look_back_time -> ages (Gyr): [4.97084611 6.83622816 3.94207471 3.14083123 4.26535548 3.93380348
 3.07159314 2.69438022 1.94568319 3.36291391]
[65/100] subhalo 1031530 done; total_formed=7.224e+00
Building SWIFTGalaxy for subhalo 8429573 (soap_index=2359796)
Read masses: Nstars=43455, sum_current=5.717631e+10 Msun
DEBUG: sample z (first valid): [3.19618389 1.31559607 0.73467443 2.79874797 4.28942696 1.56581317
 5.04464121 2.49339019 1.26533011 4.22240816]
DEBUG: Planck15 ages (Gyr): [2.00104169 4.77270414 7.11598278 2.31952571 1.41685758 4.12082597
 1.16042854 2.62556563 4.92365344 1.4441145 ]
DEBUG: cosmo_colibre ages (Gyr): [2.0029426  4.77240746 7.11118333 2.32132804 1.41883355 4.12133
 1.1623882  2.62723679 4.92314444 1.44609026]
DEBUG: us.look_back_time -> ages (Gyr): [2.00294261 4.77240746 7.11118333 2.32132805 1.41883355 4.12133
 1.16238821 2.6272368  4.92314444 1.44609026]
[66/100] subhalo 8429573 done; total_formed=9.621e+00
Building SWIFTGalaxy for subhalo 394045 (soap_index=2389267)
Read masses: Nstars=47909, sum_current=6.430852e+10 Msun
DEBUG: sample z (first valid): [0.31778332 6.34626163 3.97426945 7.28102098 6.16162168 4.14896292
 3.48477383 3.10987081 1.13932232 3.28872456]
DEBUG: Planck15 ages (Gyr): [10.10516506  0.86633694  1.55302233  0.7238235   0.90005057  1.47499781
  1.81246051  2.06382046  5.3373493   1.93716433]
DEBUG: cosmo_colibre ages (Gyr): [10.09079588  0.86822983  1.55499386  0.72565971  0.90195426  1.47697292
  1.81440116  2.06570504  5.33620503  1.93908028]
DEBUG: us.look_back_time -> ages (Gyr): [10.09079588  0.86822984  1.55499386  0.72565971  0.90195426  1.47697293
  1.81440117  2.06570504  5.33620504  1.93908028]
[67/100] subhalo 394045 done; total_formed=1.073e+01
Building SWIFTGalaxy for subhalo 3405712 (soap_index=2403402)
Read masses: Nstars=48646, sum_current=6.555947e+10 Msun
DEBUG: sample z (first valid): [0.68872397 0.03512762 0.04250445 0.04783832 1.35115161 0.855913
 0.82307778 0.7041814  0.52098032 5.58322451]
DEBUG: Planck15 ages (Gyr): [ 7.37487497 13.30333042 13.20269239 13.13059002  4.67034368  6.4962614
  6.65561605  7.28619884  8.45261823  1.02115923]
DEBUG: cosmo_colibre ages (Gyr): [ 7.36941568 13.27444269 13.17431903 13.10258313  4.67018514  6.49290872
  6.6519092   7.28096925  8.44406243  1.02309458]
DEBUG: us.look_back_time -> ages (Gyr): [ 7.36941569 13.27444269 13.17431903 13.10258313  4.67018515  6.49290872
  6.6519092   7.28096925  8.44406243  1.02309458]
[68/100] subhalo 3405712 done; total_formed=1.094e+01
Building SWIFTGalaxy for subhalo 1684113 (soap_index=2437584)
Read masses: Nstars=34259, sum_current=4.710253e+10 Msun
DEBUG: sample z (first valid): [1.0150043  4.83683648 3.795551   7.0570445  0.34372181 4.35162502
 2.85143394 2.59613696 5.02020944 6.25678219]
DEBUG: Planck15 ages (Gyr): [5.80215854 1.22281602 1.64018367 0.75423482 9.86898371 1.39231599
 2.27265639 2.5155182  1.16748648 0.88240814]
DEBUG: cosmo_colibre ages (Gyr): [5.80020542 1.22478284 1.64214801 0.75608476 9.85552157 1.39429184
 2.27447567 2.51724063 1.16944706 0.8843063 ]
DEBUG: us.look_back_time -> ages (Gyr): [5.80020542 1.22478285 1.64214801 0.75608476 9.85552157 1.39429184
 2.27447568 2.51724063 1.16944706 0.8843063 ]
[69/100] subhalo 1684113 done; total_formed=7.800e+00
Building SWIFTGalaxy for subhalo 421381 (soap_index=2545676)
Read masses: Nstars=14094, sum_current=1.913570e+10 Msun
DEBUG: sample z (first valid): [4.243719   0.13071084 5.86960168 2.87466004 5.1565054  2.86688695
 6.81492964 4.94754515 0.12388531 0.25030525]
DEBUG: Planck15 ages (Gyr): [ 1.43535363 12.07816386  0.95802201  2.25248816  1.12899916  2.25920491
  0.7895726   1.18890485 12.16024752 10.75945066]
DEBUG: cosmo_colibre ages (Gyr): [ 1.43732949 12.05530007  0.95994218  2.25431447  1.13095437  2.2610289
  0.79143733  1.19086805 12.13699694 10.74244205]
DEBUG: us.look_back_time -> ages (Gyr): [ 1.4373295  12.05530008  0.95994218  2.25431448  1.13095437  2.26102891
  0.79143734  1.19086806 12.13699694 10.74244205]
[70/100] subhalo 421381 done; total_formed=3.175e+00
Building SWIFTGalaxy for subhalo 1075 (soap_index=2607011)
Read masses: Nstars=90830, sum_current=1.232743e+11 Msun
DEBUG: sample z (first valid): [3.54448374 4.51696271 2.97043499 2.03070662 0.74446337 5.54313099
 6.01069748 0.63464033 2.79698725 0.7188418 ]
DEBUG: Planck15 ages (Gyr): [1.77709813 1.33039502 2.17235871 3.23540264 7.06263044 1.03055007
 0.92926071 7.69845499 2.3211195  7.20359305]
DEBUG: cosmo_colibre ages (Gyr): [1.77904464 1.33236926 2.17421143 3.2367055  7.05796291 1.03248745
 0.93117302 7.6921251  2.32292124 7.19857397]
DEBUG: us.look_back_time -> ages (Gyr): [1.77904465 1.33236927 2.17421144 3.2367055  7.05796291 1.03248745
 0.93117302 7.6921251  2.32292124 7.19857397]
[71/100] subhalo 1075 done; total_formed=2.057e+01
Building SWIFTGalaxy for subhalo 26187316 (soap_index=2615451)
Read masses: Nstars=22214, sum_current=2.959976e+10 Msun
DEBUG: sample z (first valid): [4.21202481 0.4449246  0.34031414 4.6589241  1.06152878 0.38953439
 0.25154686 0.2465003  0.58559954 1.83141796]
DEBUG: Planck15 ages (Gyr): [ 1.44841526  9.02086931  9.89954957  1.28078705  5.62099046  9.47113252
 10.74686509 10.79815192  8.01087568  3.57301491]
DEBUG: cosmo_colibre ages (Gyr): [ 1.45039096  9.01045691  9.88597144  1.28275862  5.61936472  9.4591419
 10.72990897 10.78098148  8.00365696  3.57405105]
DEBUG: us.look_back_time -> ages (Gyr): [ 1.45039096  9.01045691  9.88597144  1.28275862  5.61936472  9.4591419
 10.72990897 10.78098148  8.00365696  3.57405106]
[72/100] subhalo 26187316 done; total_formed=4.917e+00
Building SWIFTGalaxy for subhalo 1488096 (soap_index=2624851)
Read masses: Nstars=25253, sum_current=3.404093e+10 Msun
DEBUG: sample z (first valid): [5.26958768 5.70445013 1.16662259 3.07663598 0.44276154 0.01023554
 0.53956023 0.04144419 1.85734217 0.07967051]
DEBUG: Planck15 ages (Gyr): [ 1.09863857  0.99361276  5.24314744  2.08886576  9.0378532  13.65097093
  8.32192783 13.21709108  3.52592318 12.71158869]
DEBUG: cosmo_colibre ages (Gyr): [ 1.10058892  0.99554183  5.24215477  2.09074339  9.02738297 13.6202809
  8.31377735 13.18864434  3.52699928 12.68567634]
DEBUG: us.look_back_time -> ages (Gyr): [ 1.10058893  0.99554184  5.24215477  2.09074339  9.02738297 13.6202809
  8.31377735 13.18864434  3.52699929 12.68567634]
[73/100] subhalo 1488096 done; total_formed=5.679e+00
Building SWIFTGalaxy for subhalo 422727 (soap_index=2655192)
Read masses: Nstars=45504, sum_current=6.129590e+10 Msun
DEBUG: sample z (first valid): [4.43912358 4.18030195 4.16723173 4.81611644 0.7372495  0.56008379
 0.71022965 0.61849254 0.41010414 0.62314246]
DEBUG: Planck15 ages (Gyr): [1.35896528 1.46168724 1.46721423 1.2293413  7.10188818 8.18106026
 7.25194446 7.7992582  9.30012858 7.77002666]
DEBUG: cosmo_colibre ages (Gyr): [1.3609405  1.46366269 1.46918955 1.23130875 7.09712371 8.17333752
 7.24680257 7.79264669 9.28874835 7.76349732]
DEBUG: us.look_back_time -> ages (Gyr): [1.3609405  1.46366269 1.46918955 1.23130875 7.09712371 8.17333752
 7.24680257 7.79264669 9.28874835 7.76349732]
[74/100] subhalo 422727 done; total_formed=1.019e+01
Building SWIFTGalaxy for subhalo 4124666 (soap_index=2664854)
Read masses: Nstars=14219, sum_current=1.888162e+10 Msun
DEBUG: sample z (first valid): [7.45953272 0.3369237  0.35528166 0.35472135 0.47086812 0.24234152
 5.28281085 1.0108002  1.13667188 0.41803704]
DEBUG: Planck15 ages (Gyr): [ 0.70101582  9.93009821  9.7663166   9.77125682  8.820804   10.84068201
  1.09517697  5.81898076  5.34663749  9.235394  ]
DEBUG: cosmo_colibre ages (Gyr): [ 0.70284108  9.91640374  9.75324102  9.75816274  8.81106262 10.823333
  1.09712674  5.81699645  5.34547806  9.22424134]
DEBUG: us.look_back_time -> ages (Gyr): [ 0.70284109  9.91640374  9.75324102  9.75816274  8.81106262 10.823333
  1.09712674  5.81699645  5.34547806  9.22424134]
[75/100] subhalo 4124666 done; total_formed=3.149e+00
Building SWIFTGalaxy for subhalo 194486 (soap_index=2693876)
Read masses: Nstars=57176, sum_current=7.093203e+10 Msun
DEBUG: sample z (first valid): [4.40592263 8.35426777 2.89030037 0.80380931 1.08567246 1.68018976
 4.57326303 2.66245669 2.8124491  1.70765163]
DEBUG: Planck15 ages (Gyr): [1.37146253 0.60277925 2.23907268 6.75196429 5.53046101 3.86930484
 1.31034568 2.44845302 2.30718492 3.81260157]
DEBUG: cosmo_colibre ages (Gyr): [1.37343804 0.6045503  2.24090359 6.74803731 5.52899305 3.87006873
 1.31231899 2.45020443 2.3089918  3.81342037]
DEBUG: us.look_back_time -> ages (Gyr): [1.37343804 0.6045503  2.24090359 6.74803731 5.52899305 3.87006874
 1.31231899 2.45020444 2.3089918  3.81342038]
[76/100] subhalo 194486 done; total_formed=1.193e+01
Building SWIFTGalaxy for subhalo 425818 (soap_index=2695294)
Read masses: Nstars=62413, sum_current=8.166449e+10 Msun
DEBUG: sample z (first valid): [1.24223347 2.45398967 2.11334917 5.75907591 3.18760383 2.05842822
 0.56724699 2.74877016 3.39809409 3.78120668]
DEBUG: Planck15 ages (Gyr): [4.99558273 2.669881   3.11039696 0.98160088 2.00714025 3.19256949
 8.13273743 2.36547679 1.86590914 1.64752972]
DEBUG: cosmo_colibre ages (Gyr): [4.99496891 2.67153022 3.11178708 0.98352704 2.00903964 3.19390294
 8.12515922 2.3672617  1.86783997 1.6494933 ]
DEBUG: us.look_back_time -> ages (Gyr): [4.99496892 2.67153022 3.11178708 0.98352704 2.00903964 3.19390294
 8.12515922 2.3672617  1.86783997 1.6494933 ]
[77/100] subhalo 425818 done; total_formed=1.374e+01
Building SWIFTGalaxy for subhalo 751105 (soap_index=2695322)
Read masses: Nstars=16155, sum_current=2.237116e+10 Msun
DEBUG: sample z (first valid): [1.76127075 2.88246445 1.29548161 2.57963732 1.33739924 1.51481197
 3.72910954 1.48449465 2.37536053 1.70452294]
DEBUG: Planck15 ages (Gyr): [3.70569731 2.24577741 4.83220961 2.53267376 4.709515   4.2416072
 1.67467372 4.31613325 2.76207923 3.8189935 ]
DEBUG: cosmo_colibre ages (Gyr): [3.70661601 2.24760603 4.83183046 2.5343885  4.70930415 4.24197687
 1.6766343  4.31641688 2.7636804  3.81980618]
DEBUG: us.look_back_time -> ages (Gyr): [3.70661602 2.24760603 4.83183046 2.5343885  4.70930415 4.24197687
 1.67663431 4.31641688 2.7636804  3.81980618]
[78/100] subhalo 751105 done; total_formed=3.746e+00
Building SWIFTGalaxy for subhalo 881588 (soap_index=2695343)
Read masses: Nstars=6769, sum_current=1.096843e+10 Msun
DEBUG: sample z (first valid): [1.96167751 2.32400081 2.30089654 3.44673633 3.41587494 1.58790081
 3.54542932 1.95180614 2.00045783 1.82653325]
DEBUG: Planck15 ages (Gyr): [3.34623487 2.82516088 2.85431284 1.83559933 1.85473422 4.07023054
 1.77654732 3.36259008 3.28322116 3.58200258]
DEBUG: cosmo_colibre ages (Gyr): [3.3474552  2.82672729 2.85586268 1.83753587 1.8566672  4.07078899
 1.77849392 3.36379782 3.28448902 3.583031  ]
DEBUG: us.look_back_time -> ages (Gyr): [3.3474552  2.82672729 2.85586268 1.83753587 1.8566672  4.07078899
 1.77849393 3.36379782 3.28448902 3.583031  ]
[79/100] subhalo 881588 done; total_formed=1.835e+00
Building SWIFTGalaxy for subhalo 1743973 (soap_index=2695499)
Read masses: Nstars=12755, sum_current=1.721350e+10 Msun
DEBUG: sample z (first valid): [2.62357625 0.50754509 3.14339002 2.09745723 0.87567258 0.41730104
 9.67361564 5.60978316 0.44786144 7.43394891]
DEBUG: Planck15 ages (Gyr): [2.48740817 8.54904542 2.03905923 3.13381588 6.40319898 9.24137196
 0.49437749 1.01501655 8.99788551 0.7042107 ]
DEBUG: cosmo_colibre ages (Gyr): [2.48914296 8.54018533 2.04095043 3.13519012 6.40004743 9.23019836
 0.49607261 1.01695054 8.98755114 0.70603753]
DEBUG: us.look_back_time -> ages (Gyr): [2.48914296 8.54018533 2.04095043 3.13519012 6.40004743 9.23019837
 0.49607261 1.01695055 8.98755114 0.70603753]
[80/100] subhalo 1743973 done; total_formed=2.855e+00
Building SWIFTGalaxy for subhalo 2860534 (soap_index=2695539)
Read masses: Nstars=17605, sum_current=2.241379e+10 Msun
DEBUG: sample z (first valid): [3.23031242 2.24467769 2.3777961  3.61716218 2.46934886 3.49708365
 2.48262302 5.00531476 2.34435599 4.16600977]
DEBUG: Planck15 ages (Gyr): [1.97708414 2.92734453 2.75914528 1.73557164 2.65246075 1.80507543
 2.63755524 1.17182435 2.79987994 1.46773273]
DEBUG: cosmo_colibre ages (Gyr): [1.97899088 2.92885141 2.76074803 1.73752438 2.65411869 1.80701735
 2.63922054 1.17378548 2.80146046 1.46970803]
DEBUG: us.look_back_time -> ages (Gyr): [1.97899088 2.92885141 2.76074803 1.73752438 2.65411869 1.80701735
 2.63922054 1.17378549 2.80146047 1.46970804]
[81/100] subhalo 2860534 done; total_formed=3.786e+00
Building SWIFTGalaxy for subhalo 12480 (soap_index=2723050)
Read masses: Nstars=72929, sum_current=9.865102e+10 Msun
DEBUG: sample z (first valid): [5.86960168 0.39950457 1.84148456 1.50271137 0.8771769  2.95844407
 2.98056365 0.38145025 2.06386162 4.60711841]
DEBUG: Planck15 ages (Gyr): [0.95802201 9.38767349 3.55460795 4.27110258 6.39619899 2.18213135
 2.16415995 9.53960753 3.18428277 1.29852939]
DEBUG: cosmo_colibre ages (Gyr): [0.95994218 9.37598244 3.55565982 4.27143848 6.39306239 2.18398099
 2.16601524 9.52736874 3.18562205 1.30050206]
DEBUG: us.look_back_time -> ages (Gyr): [0.95994218 9.37598244 3.55565982 4.27143848 6.3930624  2.18398099
 2.16601524 9.52736874 3.18562206 1.30050207]
[82/100] subhalo 12480 done; total_formed=1.648e+01
Building SWIFTGalaxy for subhalo 1708664 (soap_index=2792079)
Read masses: Nstars=15764, sum_current=2.267382e+10 Msun
DEBUG: sample z (first valid): [3.81528288 3.22840183 6.65071212 3.98410526 2.59416475 2.11157535
 4.85142857 1.56701919 3.37694517 5.25701738]
DEBUG: Planck15 ages (Gyr): [1.63016681 1.97841279 0.815138   1.54844906 2.51755874 3.11299672
 1.21825501 4.11803722 1.87934652 1.10194613]
DEBUG: cosmo_colibre ages (Gyr): [1.63213214 1.98031921 0.81701269 1.55042087 2.51928026 3.11438508
 1.22022138 4.11854428 1.88127469 1.10389704]
DEBUG: us.look_back_time -> ages (Gyr): [1.63213214 1.98031921 0.8170127  1.55042088 2.51928027 3.11438508
 1.22022139 4.11854428 1.8812747  1.10389705]
[83/100] subhalo 1708664 done; total_formed=3.752e+00
Building SWIFTGalaxy for subhalo 196615 (soap_index=2821817)
Read masses: Nstars=130318, sum_current=1.751804e+11 Msun
DEBUG: sample z (first valid): [6.04612407 5.7800538  5.28281085 3.41260436 4.780718   1.40058608
 6.37602701 1.86458607 0.87954572 2.10862347]
DEBUG: Planck15 ages (Gyr): [0.92226404 0.97705193 1.09517697 1.8567814  1.24062376 4.53375888
 0.86109837 3.51294481 6.38520038 3.11733095]
DEBUG: cosmo_colibre ages (Gyr): [0.92417435 0.97897697 1.09712674 1.85871398 1.24259223 4.53377739
 0.86298951 3.51403176 6.38208724 3.11871639]
DEBUG: us.look_back_time -> ages (Gyr): [0.92417435 0.97897697 1.09712674 1.85871398 1.24259224 4.5337774
 0.86298951 3.51403176 6.38208724 3.11871639]
[84/100] subhalo 196615 done; total_formed=2.890e+01
Building SWIFTGalaxy for subhalo 1139 (soap_index=2867384)
Read masses: Nstars=34010, sum_current=4.496859e+10 Msun
DEBUG: sample z (first valid): [0.1187436  3.15178967 0.13533366 7.45080593 1.27192678 3.86930678
 3.36790189 0.81660938 2.04761905 0.87976136]
DEBUG: Planck15 ages (Gyr): [12.22260457  2.03293108 12.02301554  0.7021029   4.90341234  1.6032539
  1.88514126  6.6877217   3.20916018  6.38420059]
DEBUG: cosmo_colibre ages (Gyr): [12.19905849  2.03482388 12.0004102   0.7039287   4.90293241  1.60522168
  1.88706827  6.683942    3.21048187  6.38108958]
DEBUG: us.look_back_time -> ages (Gyr): [12.1990585   2.03482388 12.0004102   0.7039287   4.90293241  1.60522169
  1.88706827  6.683942    3.21048187  6.38108958]
[85/100] subhalo 1139 done; total_formed=7.445e+00
Building SWIFTGalaxy for subhalo 887707 (soap_index=2867392)
Read masses: Nstars=9575, sum_current=1.319172e+10 Msun
DEBUG: sample z (first valid): [1.70742791 1.42779877 7.48527222 1.20823506 1.74346952 1.98515077
 2.25563835 1.35216424 2.14502351 2.35119656]
DEBUG: Planck15 ages (Gyr): [3.81305805 4.4612837  0.69782575 5.10454954 3.74064397 3.30786037
 2.91286729 4.66748001 3.06456535 2.79146723]
DEBUG: cosmo_colibre ages (Gyr): [3.81387642 4.46139281 0.69964943 5.10377244 3.74153054 3.30910983
 2.91438284 4.66732527 3.06598593 2.79305239]
DEBUG: us.look_back_time -> ages (Gyr): [3.81387642 4.46139281 0.69964943 5.10377244 3.74153054 3.30910983
 2.91438284 4.66732527 3.06598593 2.79305239]
[86/100] subhalo 887707 done; total_formed=2.191e+00
Building SWIFTGalaxy for subhalo 1752299 (soap_index=2867394)
Read masses: Nstars=42953, sum_current=5.803319e+10 Msun
DEBUG: sample z (first valid): [0.72408713 0.85780701 0.63545618 0.62217822 0.67748541 0.58636716
 9.78249424 0.7259033  0.78923228 0.68785413]
DEBUG: Planck15 ages (Gyr): [7.17438557 6.48725042 7.69341455 7.77607467 7.44038746 8.00583877
 0.48689323 7.16431493 6.82629333 7.37991405]
DEBUG: cosmo_colibre ages (Gyr): [7.16944013 6.4839174  7.6870986  7.76952837 7.43475603 7.99863474
 0.48858235 7.15939478 6.82219345 7.3744416 ]
DEBUG: us.look_back_time -> ages (Gyr): [7.16944013 6.4839174  7.6870986  7.76952837 7.43475603 7.99863475
 0.48858236 7.15939478 6.82219345 7.3744416 ]
[87/100] subhalo 1752299 done; total_formed=9.621e+00
Building SWIFTGalaxy for subhalo 900658 (soap_index=2929198)
Read masses: Nstars=28826, sum_current=4.066912e+10 Msun
DEBUG: sample z (first valid): [4.04461331e-03 4.74574785e+00 5.67712685e+00 1.64546165e-01
 2.48967847e-02 4.11794611e-02 3.53892821e-02 5.63507415e-02
 5.74415903e-02 4.01218893e-02]
DEBUG: Planck15 ages (Gyr): [13.73940635  1.25193948  0.99971292 11.68265759 13.44469408 13.22068961
 13.29974235 13.0166617  13.00216256 13.23507922]
DEBUG: cosmo_colibre ages (Gyr): [13.70825165  1.25390891  1.00164342 11.6616218  13.41507819 13.19222452
 13.27087302 12.98923027 12.97480406 13.2065407 ]
DEBUG: us.look_back_time -> ages (Gyr): [13.70825165  1.25390892  1.00164342 11.6616218  13.41507819 13.19222452
 13.27087302 12.98923027 12.97480406 13.2065407 ]
[88/100] subhalo 900658 done; total_formed=6.698e+00
Building SWIFTGalaxy for subhalo 4473501 (soap_index=2929215)
Read masses: Nstars=24681, sum_current=3.596008e+10 Msun
DEBUG: sample z (first valid): [6.9351011  4.18563064 6.46593757 0.29292929 5.10034441 5.54313099
 4.83995723 6.24234722 5.18147519 4.37312454]
DEBUG: Planck15 ages (Gyr): [ 0.77169686  1.45944381  0.84558995 10.33927233  1.14459906  1.03055007
  1.2218382   0.8850472   1.12217629  1.38399642]
DEBUG: cosmo_colibre ages (Gyr): [ 0.77355426  1.4614193   0.84747574 10.32397991  1.14655655  1.03248745
  1.22380492  0.88694619  1.12413046  1.38597216]
DEBUG: us.look_back_time -> ages (Gyr): [ 0.77355427  1.46141931  0.84747574 10.32397991  1.14655655  1.03248745
  1.22380493  0.8869462   1.12413046  1.38597216]
[89/100] subhalo 4473501 done; total_formed=5.709e+00
Building SWIFTGalaxy for subhalo 13033 (soap_index=2939243)
Read masses: Nstars=24208, sum_current=3.499222e+10 Msun
DEBUG: sample z (first valid): [4.25465042 0.83348254 4.61865569 0.89017074 0.36158896 3.45762481
 4.91106702 6.48555111 4.46133333 7.81927062]
DEBUG: Planck15 ages (Gyr): [1.43089387 6.60447049 1.29454296 6.33622742 9.71095711 1.82892598
 1.19990424 0.84226847 1.35071033 0.65852433]
DEBUG: cosmo_colibre ages (Gyr): [1.43286977 6.60087865 1.2965154  6.33321801 9.698088   1.83086373
 1.20186869 0.84415309 1.3526853  0.66032762]
DEBUG: us.look_back_time -> ages (Gyr): [1.43286977 6.60087865 1.2965154  6.33321802 9.698088   1.83086373
 1.20186869 0.8441531  1.35268531 0.66032762]
[90/100] subhalo 13033 done; total_formed=5.796e+00
Building SWIFTGalaxy for subhalo 53 (soap_index=2957389)
Read masses: Nstars=49741, sum_current=6.994279e+10 Msun
DEBUG: sample z (first valid): [5.20664836 0.33420195 3.01077111 5.60978316 1.85734217 0.79295251
 2.43984883 1.7835542  4.28644027 2.04280806]
DEBUG: Planck15 ages (Gyr): [1.11536688 9.95472156 2.14000894 1.01501655 3.52592318 6.80720412
 2.6860862  3.66269262 1.41805407 3.21658976]
DEBUG: cosmo_colibre ages (Gyr): [1.11731998 9.940933   2.14187163 1.01695054 3.52699928 6.80314891
 2.68772721 3.66365018 1.42003004 3.21790615]
DEBUG: us.look_back_time -> ages (Gyr): [1.11731998 9.94093301 2.14187163 1.01695055 3.52699929 6.80314891
 2.68772721 3.66365018 1.42003004 3.21790615]
[91/100] subhalo 53 done; total_formed=1.160e+01
Building SWIFTGalaxy for subhalo 13752 (soap_index=2974318)
Read masses: Nstars=45277, sum_current=6.175396e+10 Msun
DEBUG: sample z (first valid): [0.34515599 0.03617506 0.39950457 6.30857589 2.04903694 4.91106702
 0.38812166 0.33149126 5.12543228 0.56246424]
DEBUG: Planck15 ages (Gyr): [ 9.85616068 13.2889754   9.38767349  0.87304582  3.20697588  1.19990424
  9.48304651  9.97933351  1.13758642  8.16495397]
DEBUG: cosmo_colibre ages (Gyr): [ 9.84274708 13.26016125  9.37598244  0.87494094  3.20829913  1.20186869
  9.47101286  9.96545066  1.13954291  8.15727952]
DEBUG: us.look_back_time -> ages (Gyr): [ 9.84274708 13.26016125  9.37598244  0.87494094  3.20829913  1.20186869
  9.47101287  9.96545066  1.13954291  8.15727952]
[92/100] subhalo 13752 done; total_formed=1.030e+01
Building SWIFTGalaxy for subhalo 439903 (soap_index=3036870)
Read masses: Nstars=37127, sum_current=4.721503e+10 Msun
DEBUG: sample z (first valid): [1.58402334 0.22699019 0.19173698 4.79246951 5.9682084  1.7464588
 2.95414505 3.62335097 0.65545115 0.65461523]
DEBUG: Planck15 ages (Gyr): [ 4.0790397  10.9997787  11.37805501  1.23685924  0.93776923  3.73473826
  2.18565275  1.73210982  7.57143313  7.57647367]
DEBUG: cosmo_colibre ages (Gyr): [ 4.07958876 10.98175508 11.35838582  1.23882738  0.93968393  3.73563029
  2.18750126  1.73406305  7.56545107  7.57047795]
DEBUG: us.look_back_time -> ages (Gyr): [ 4.07958876 10.98175508 11.35838582  1.23882738  0.93968393  3.7356303
  2.18750127  1.73406306  7.56545108  7.57047796]
[93/100] subhalo 439903 done; total_formed=7.952e+00
Building SWIFTGalaxy for subhalo 1792631 (soap_index=3041437)
Read masses: Nstars=12145, sum_current=1.699708e+10 Msun
DEBUG: sample z (first valid): [3.1854643  4.56191123 2.86688695 2.75866024 1.43447251 1.22578454
 3.55364091 5.50352287 1.45361288 3.04144055]
DEBUG: Planck15 ages (Gyr): [2.00866578 1.3143477  2.25920491 2.35626515 4.44379342 5.04783542
 1.77177589 1.03996892 4.39423741 2.11594031]
DEBUG: cosmo_colibre ages (Gyr): [2.01056479 1.31632122 2.2610289  2.35805362 4.44392405 5.04714398
 1.77372324 1.04190827 4.39442828 2.11781016]
DEBUG: us.look_back_time -> ages (Gyr): [2.01056479 1.31632122 2.26102891 2.35805362 4.44392405 5.04714398
 1.77372324 1.04190828 4.39442828 2.11781016]
[94/100] subhalo 1792631 done; total_formed=2.813e+00
Building SWIFTGalaxy for subhalo 1800441 (soap_index=3041449)
Read masses: Nstars=21992, sum_current=2.997447e+10 Msun
DEBUG: sample z (first valid): [5.74030649 1.37380469 1.99196494 2.22234241 1.09876385 2.72872098
 1.7274846  2.44744871 1.94015253 2.38512397]
DEBUG: Planck15 ages (Gyr): [0.98570083 4.60694734 3.29685473 2.95721324 5.48233158 2.38433368
 3.77248293 2.67735683 3.38206652 2.75034876]
DEBUG: cosmo_colibre ages (Gyr): [0.987628   4.60687201 3.29811244 2.95870195 5.48094593 2.38611121
 3.77333978 2.67900227 3.38325913 2.75195622]
DEBUG: us.look_back_time -> ages (Gyr): [0.987628   4.60687201 3.29811244 2.95870195 5.48094593 2.38611121
 3.77333978 2.67900228 3.38325913 2.75195622]
[95/100] subhalo 1800441 done; total_formed=5.037e+00
Building SWIFTGalaxy for subhalo 910460 (soap_index=3059443)
Read masses: Nstars=25081, sum_current=3.472666e+10 Msun
DEBUG: sample z (first valid): [0.97041491 0.4165658  0.31672426 3.69926861 5.85594727 0.1895738
 0.53178758 0.28310753 6.1694563  0.16215066]
DEBUG: Planck15 ages (Gyr): [ 5.98455371  9.24734942 10.11498264  1.69055703  0.96088375 11.40186997
  8.37622924 10.43396032  0.898576   11.71004839]
DEBUG: cosmo_colibre ages (Gyr): [ 5.98225523  9.23615488 10.10057523  1.69251572  0.96280467 11.38209525
  8.36791134 10.41828773  0.90047923 11.68888794]
DEBUG: us.look_back_time -> ages (Gyr): [ 5.98225524  9.23615488 10.10057523  1.69251572  0.96280467 11.38209525
  8.36791134 10.41828773  0.90047923 11.68888794]
[96/100] subhalo 910460 done; total_formed=5.704e+00
Building SWIFTGalaxy for subhalo 924956 (soap_index=3091355)
Read masses: Nstars=23986, sum_current=3.144008e+10 Msun
DEBUG: sample z (first valid): [2.26049751 1.77577298 1.8807033  2.94842752 1.57104747 4.49475979
 2.63080332 6.05370789 4.97138952 0.13761978]
DEBUG: Planck15 ages (Gyr): [ 2.90648662  3.67761706  3.484346    2.19035061  4.10874448  1.33844214
  2.48009035  0.92077763  1.18180511 11.99587507]
DEBUG: cosmo_colibre ages (Gyr): [ 2.90800597  3.67856122  3.48545663  2.19219762  4.1092616   1.3404167
  2.4818283   0.9226875   1.18376747 11.97339651]
DEBUG: us.look_back_time -> ages (Gyr): [ 2.90800598  3.67856122  3.48545664  2.19219762  4.1092616   1.3404167
  2.4818283   0.9226875   1.18376747 11.97339651]
[97/100] subhalo 924956 done; total_formed=5.233e+00
Building SWIFTGalaxy for subhalo 1540871 (soap_index=3091360)
Read masses: Nstars=46617, sum_current=6.095626e+10 Msun
DEBUG: sample z (first valid): [5.2761923  6.20175824 1.86308432 5.73822743 3.8004688  3.76175252
 4.20126984 5.48999802 4.47227789 1.35115161]
DEBUG: Planck15 ages (Gyr): [1.09690733 0.89253854 3.51562899 0.98615673 1.63767764 1.65758005
 1.45289238 1.04321794 1.34667298 4.67034368]
DEBUG: cosmo_colibre ages (Gyr): [1.09885739 0.8944399  3.5167137  0.988084   1.63964223 1.65954256
 1.45486801 1.04515796 1.34864783 4.67018514]
DEBUG: us.look_back_time -> ages (Gyr): [1.09885739 0.8944399  3.51671371 0.98808401 1.63964223 1.65954256
 1.45486801 1.04515796 1.34864783 4.67018515]
[98/100] subhalo 1540871 done; total_formed=1.020e+01
Building SWIFTGalaxy for subhalo 17804013 (soap_index=3235406)
Read masses: Nstars=18765, sum_current=2.427854e+10 Msun
DEBUG: sample z (first valid): [4.28132807 3.67080037 5.18147519 4.56191123 3.11813498 3.85451852
 5.5964771  3.16869156 7.76559888 3.50295451]
DEBUG: Planck15 ages (Gyr): [1.42010595 1.70594355 1.12217629 1.3143477  2.05766963 1.61054736
 1.01808638 2.02069173 0.66458835 1.80157082]
DEBUG: cosmo_colibre ages (Gyr): [1.42208191 1.70790031 1.12413046 1.31632122 2.05955587 1.61251451
 1.02002105 2.02258769 0.6663949  1.80351332]
DEBUG: us.look_back_time -> ages (Gyr): [1.42208191 1.70790031 1.12413046 1.31632122 2.05955587 1.61251452
 1.02002106 2.02258769 0.6663949  1.80351333]
[99/100] subhalo 17804013 done; total_formed=4.056e+00
Building SWIFTGalaxy for subhalo 217101 (soap_index=3289019)
Read masses: Nstars=11327, sum_current=1.751043e+10 Msun
DEBUG: sample z (first valid): [2.9460501  0.20187793 2.12671756 0.81459741 1.1376476  0.45171008
 0.74483493 2.31928687 0.57796398 2.22583186]
DEBUG: Planck15 ages (Gyr): [ 2.19230895 11.26735392  3.09091758  6.6977569   5.34321523  8.96789708
  7.06061746  2.83106896  8.06123945  2.95251402]
DEBUG: cosmo_colibre ages (Gyr): [ 2.19415533 11.24817228  3.09232074  6.69395433  5.34206139  8.95766417
  7.05595488  2.83263204  8.05387302  2.95400562]
DEBUG: us.look_back_time -> ages (Gyr): [ 2.19415533 11.24817228  3.09232074  6.69395433  5.34206139  8.95766417
  7.05595488  2.83263205  8.05387302  2.95400562]
[100/100] subhalo 217101 done; total_formed=2.753e+00
All halos processed. Writing CSV.
Wrote relicness_extras_0_100.csv (100 rows) in 7074.0s
