Starting pure-swift relicness script
Loaded SOAP mapping for 91142867 halos
Batch mode: processing 100 halos (slice 2300:2400)
Building SWIFTGalaxy for subhalo 1323256 (soap_index=71319638)
Read masses: Nstars=23653, sum_current=3.203362e+10 Msun
DEBUG: sample z (first valid): [0.39664138 2.10538287 4.14896292 1.32975471 6.12580189 2.77946943
 5.65002537 6.11111111 1.67079632 1.78426374]
DEBUG: Planck15 ages (Gyr): [9.41152972 3.12210048 1.47499781 4.73151701 0.90684381 2.33707531
 1.00582526 0.9096546  3.88901458 3.6613366 ]
DEBUG: cosmo_colibre ages (Gyr): [9.39975337 3.12348269 1.47697292 4.73127647 0.90874956 2.33887108
 1.00775717 0.9115612  3.88975907 3.66229537]
DEBUG: us.look_back_time -> ages (Gyr): [9.39975337 3.1234827  1.47697293 4.73127648 0.90874957 2.33887109
 1.00775718 0.9115612  3.88975907 3.66229537]
[1/100] subhalo 1323256 done; total_formed=5.299e+00
Building SWIFTGalaxy for subhalo 5672582 (soap_index=71429907)
Read masses: Nstars=87356, sum_current=1.199857e+11 Msun
DEBUG: sample z (first valid): [0.73817102 1.1743862  4.275801   5.55622249 0.93481342 6.18360189
 0.28240451 0.08460214 0.56874761 1.18993517]
DEBUG: Planck15 ages (Gyr): [ 7.09685465  5.2168393   1.42232989  1.02746802  6.13671851  0.89592376
 10.44078599 12.64836452  8.12266871  5.16477515]
DEBUG: cosmo_colibre ages (Gyr): [ 7.09210266  5.21588823  1.42430584  1.02940474  6.13411973  0.89782618
 10.42508584 12.62276294  8.11512047  5.16390546]
DEBUG: us.look_back_time -> ages (Gyr): [ 7.09210266  5.21588823  1.42430584  1.02940474  6.13411973  0.89782618
 10.42508584 12.62276294  8.11512048  5.16390546]
[2/100] subhalo 5672582 done; total_formed=1.993e+01
Building SWIFTGalaxy for subhalo 2584388 (soap_index=71462056)
Read masses: Nstars=8292, sum_current=1.259359e+10 Msun
DEBUG: sample z (first valid): [1.60187391 1.53700836 1.60270056 1.63027773 1.37002748 1.2670541
 2.07709644 1.74945461 1.80812409 2.28468324]
DEBUG: Planck15 ages (Gyr): [4.03873872 4.18834921 4.036888   3.97592458 4.61742205 4.91835073
 3.16424411 3.72883483 3.61620728 2.87506585]
DEBUG: cosmo_colibre ages (Gyr): [4.0393305  4.1887789  4.03748173 3.97658158 4.6173331  4.91784936
 3.1655974  3.72973231 3.61720598 2.87660369]
DEBUG: us.look_back_time -> ages (Gyr): [4.0393305  4.1887789  4.03748173 3.97658158 4.6173331  4.91784936
 3.1655974  3.72973231 3.61720599 2.87660369]
[3/100] subhalo 2584388 done; total_formed=2.105e+00
Building SWIFTGalaxy for subhalo 2942691 (soap_index=71495344)
Read masses: Nstars=54699, sum_current=7.717018e+10 Msun
DEBUG: sample z (first valid): [0.6894205  1.75477091 0.58513932 0.49570933 1.01599606 0.92798305
 4.71070059 0.47537145 2.78908418 7.9634138 ]
DEBUG: Planck15 ages (Gyr): [7.37084375 3.7183959  8.01389779 8.63536165 5.79820128 6.16660348
 1.26345305 8.78674868 2.32829558 0.64268574]
DEBUG: cosmo_colibre ages (Gyr): [7.36539499 3.71930298 8.00667023 8.62622543 5.79625548 6.16394441
 1.26542339 8.77711965 2.33009465 0.64448028]
DEBUG: us.look_back_time -> ages (Gyr): [7.36539499 3.71930298 8.00667023 8.62622543 5.79625548 6.16394441
 1.26542339 8.77711965 2.33009466 0.64448028]
[4/100] subhalo 2942691 done; total_formed=1.269e+01
Building SWIFTGalaxy for subhalo 170274 (soap_index=71608273)
Read masses: Nstars=20698, sum_current=2.820210e+10 Msun
DEBUG: sample z (first valid): [0.46481895 5.29548511 0.33834341 0.00663554 0.76856649 0.72845237
 1.95473399 0.30737312 0.68299949 0.51942873]
DEBUG: Planck15 ages (Gyr): [ 8.86685911  1.09187604  9.9172896  13.70229854  6.93385184  7.15021685
  3.35772555 10.2022744   7.408134    8.46367093]
DEBUG: cosmo_colibre ages (Gyr): [ 8.85696492  1.09382523  9.90364395 13.67133912  6.92949699  7.14533203
  3.35893704 10.18752515  7.40258758  8.45508047]
DEBUG: us.look_back_time -> ages (Gyr): [ 8.85696492  1.09382524  9.90364395 13.67133912  6.929497    7.14533203
  3.35893705 10.18752515  7.40258758  8.45508047]
[5/100] subhalo 170274 done; total_formed=4.738e+00
Building SWIFTGalaxy for subhalo 69740 (soap_index=71637555)
Read masses: Nstars=416158, sum_current=5.314426e+11 Msun
DEBUG: sample z (first valid): [1.53465347 5.95415959 0.46233488 5.92549931 0.44314278 1.30858109
 0.54902146 1.84074556 3.80539669 5.65002537]
DEBUG: Planck15 ages (Gyr): [4.1939483  0.94061105 8.88587509 0.94645306 9.0348563  4.79332327
 8.25653963 3.55595399 1.63517282 1.00582526]
DEBUG: cosmo_colibre ages (Gyr): [4.19437173 0.94252653 8.87591752 0.94837014 9.02439628 4.7929982
 8.24858889 3.55700471 1.63713766 1.00775717]
DEBUG: us.look_back_time -> ages (Gyr): [4.19437174 0.94252654 8.87591752 0.94837015 9.02439628 4.7929982
 8.24858889 3.55700472 1.63713766 1.00775718]
[6/100] subhalo 69740 done; total_formed=8.841e+01
Building SWIFTGalaxy for subhalo 68551 (soap_index=71728479)
Read masses: Nstars=496056, sum_current=6.454880e+11 Msun
DEBUG: sample z (first valid): [0.41229204 5.98976109 4.95944348 6.60366632 0.87674685 0.80759047
 4.12801252 1.00673648 4.44997921 4.91106702]
DEBUG: Planck15 ages (Gyr): [9.282208   0.93343716 1.18535326 0.82271652 6.39819892 6.73288805
 1.48400851 5.83531414 1.35492002 1.19990424]
DEBUG: cosmo_colibre ages (Gyr): [9.27089096 0.93535065 1.18731604 0.82459406 6.39505805 6.72900501
 1.48598335 5.83329942 1.35689512 1.20186869]
DEBUG: us.look_back_time -> ages (Gyr): [9.27089096 0.93535065 1.18731605 0.82459406 6.39505805 6.72900501
 1.48598335 5.83329942 1.35689513 1.20186869]
[7/100] subhalo 68551 done; total_formed=1.075e+02
Building SWIFTGalaxy for subhalo 70111 (soap_index=71728484)
Read masses: Nstars=23676, sum_current=3.283484e+10 Msun
DEBUG: sample z (first valid): [3.71346375 7.46827756 0.42024965 0.85675431 3.77632826 2.87878788
 0.97802728 4.56191123 1.25643851 0.78067601]
DEBUG: Planck15 ages (Gyr): [1.68297047 0.6999293  9.21745717 6.4922564  1.65004049 2.24893466
 5.95278372 1.3143477  4.95114778 6.87051179]
DEBUG: cosmo_colibre ages (Gyr): [1.68493008 0.70175403 9.20636722 6.48891245 1.65200381 2.2507622
 5.95054654 1.31632122 4.95059898 6.86630778]
DEBUG: us.look_back_time -> ages (Gyr): [1.68493008 0.70175403 9.20636722 6.48891246 1.65200381 2.2507622
 5.95054655 1.31632122 4.95059899 6.86630778]
[8/100] subhalo 70111 done; total_formed=5.439e+00
Building SWIFTGalaxy for subhalo 2984160 (soap_index=71728558)
Read masses: Nstars=21030, sum_current=2.817424e+10 Msun
DEBUG: sample z (first valid): [1.97431243 1.17107268 1.42761891 1.78048367 2.09745723 4.96486757
 4.97138952 3.54448374 1.7254429  5.18147519]
DEBUG: Planck15 ages (Gyr): [3.32548941 5.22804196 4.46175661 3.66857015 3.13381588 1.18374004
 1.18180511 1.77709813 3.77658126 1.12217629]
DEBUG: cosmo_colibre ages (Gyr): [3.32672557 5.22707321 4.46186514 3.66952244 3.13519012 1.18570263
 1.18376747 1.77904464 3.77743425 1.12413046]
DEBUG: us.look_back_time -> ages (Gyr): [3.32672557 5.22707322 4.46186514 3.66952245 3.13519012 1.18570263
 1.18376747 1.77904465 3.77743426 1.12413046]
[9/100] subhalo 2984160 done; total_formed=4.733e+00
Building SWIFTGalaxy for subhalo 1550294 (soap_index=71739107)
Read masses: Nstars=25729, sum_current=3.562984e+10 Msun
DEBUG: sample z (first valid): [2.16262909 7.35705177 4.47227789 2.82982702 5.14380801 8.96214943
 7.59826817 2.43012666 5.77304671 7.27265842]
DEBUG: Planck15 ages (Gyr): [3.03956627 0.71396071 1.34667298 2.29168737 1.13249512 0.54837779
 0.68410266 2.69732162 0.97856748 0.72492212]
DEBUG: cosmo_colibre ages (Gyr): [3.04100312 0.71579225 1.34864783 2.29349987 1.13445086 0.55011314
 0.68591943 2.69895688 0.98049289 0.72675884]
DEBUG: us.look_back_time -> ages (Gyr): [3.04100312 0.71579225 1.34864783 2.29349987 1.13445086 0.55011314
 0.68591943 2.69895688 0.98049289 0.72675884]
[10/100] subhalo 1550294 done; total_formed=5.906e+00
Building SWIFTGalaxy for subhalo 5695534 (soap_index=71739119)
Read masses: Nstars=13502, sum_current=1.802148e+10 Msun
DEBUG: sample z (first valid): [6.80748153 0.35606688 4.46133333 3.37694517 0.15388408 3.728086
 3.00268735 6.96790274 0.25856506 0.27402799]
DEBUG: Planck15 ages (Gyr): [ 0.79070314  9.75939959  1.35071033  1.87934652 11.8052759   1.67521442
  2.1464282   0.76693415 10.67612309 10.52261421]
DEBUG: cosmo_colibre ages (Gyr): [ 0.79256832  9.74634987  1.3526853   1.88127469 11.78367976  1.67717494
  2.14828895  0.76878955 10.65946078 10.50658219]
DEBUG: us.look_back_time -> ages (Gyr): [ 0.79256833  9.74634987  1.35268531  1.8812747  11.78367976  1.67717494
  2.14828895  0.76878955 10.65946078 10.50658219]
[11/100] subhalo 5695534 done; total_formed=2.985e+00
Building SWIFTGalaxy for subhalo 10059216 (soap_index=71836827)
Read masses: Nstars=37334, sum_current=5.200982e+10 Msun
DEBUG: sample z (first valid): [7.26431274 4.0350338  5.43772102 5.25701738 0.59006211 0.59688109
 0.77739206 4.12801252 1.03654444 0.90733411]
DEBUG: Planck15 ages (Gyr): [0.72602129 1.52512216 1.05593618 1.10194613 7.98166028 7.93732789
 6.88760049 1.48400851 5.71715535 6.25834363]
DEBUG: cosmo_colibre ages (Gyr): [0.72785852 1.52709529 1.05787874 1.10389704 7.97452667 7.93032265
 6.88335597 1.48598335 5.71535778 6.2554968 ]
DEBUG: us.look_back_time -> ages (Gyr): [0.72785852 1.52709529 1.05787875 1.10389705 7.97452667 7.93032266
 6.88335597 1.48598335 5.71535778 6.25549681]
[12/100] subhalo 10059216 done; total_formed=8.505e+00
Building SWIFTGalaxy for subhalo 2659054 (soap_index=71866584)
Read masses: Nstars=29180, sum_current=3.771258e+10 Msun
DEBUG: sample z (first valid): [2.31391586 9.08401293 1.30387401 1.58667509 2.1030303  3.8004688
 0.84587652 2.78689472 1.50500726 1.60518365]
DEBUG: Planck15 ages (Gyr): [2.83782531 0.53845035 4.80723872 4.07301191 3.12557048 1.63767764
 6.54433704 2.33029011 4.26548097 4.03133703]
DEBUG: cosmo_colibre ages (Gyr): [2.83938456 0.54017868 4.80689437 4.0735674  3.12695033 1.63964223
 6.54087881 2.33208844 4.26582333 4.03193659]
DEBUG: us.look_back_time -> ages (Gyr): [2.83938457 0.54017869 4.80689438 4.0735674  3.12695033 1.63964223
 6.54087881 2.33208844 4.26582334 4.03193659]
[13/100] subhalo 2659054 done; total_formed=6.344e+00
Building SWIFTGalaxy for subhalo 330108 (soap_index=71874643)
Read masses: Nstars=195436, sum_current=2.472692e+11 Msun
DEBUG: sample z (first valid): [0.00818411 0.04891165 0.19078421 0.153072   0.14629539 0.08023999
 0.12127019 0.21506971 0.25470976 0.12558395]
DEBUG: Planck15 ages (Gyr): [13.68018644 13.1161478  11.38853548 11.81469009 11.89366708 12.7042651
 12.1919064  11.12564368 10.71490034 12.13974592]
DEBUG: cosmo_colibre ages (Gyr): [13.64934318 13.08821409 11.36881988 11.79305069 11.87166343 12.67838883
 12.16850598 11.10707896 10.69807724 12.11659218]
DEBUG: us.look_back_time -> ages (Gyr): [13.64934318 13.08821409 11.36881988 11.79305069 11.87166343 12.67838883
 12.16850598 11.10707896 10.69807724 12.11659218]
[14/100] subhalo 330108 done; total_formed=4.129e+01
Building SWIFTGalaxy for subhalo 805784 (soap_index=71910217)
Read masses: Nstars=24724, sum_current=3.518406e+10 Msun
DEBUG: sample z (first valid): [3.42153556 8.43031873 3.98410526 6.46593757 5.65002537 5.10659709
 2.69050569 5.42446819 6.79170134 1.63577864]
DEBUG: Planck15 ages (Gyr): [1.85119985 0.59549204 1.54844906 0.84558995 1.00582526 1.14284459
 2.42096947 1.05920137 0.7931073  3.96394204]
DEBUG: cosmo_colibre ages (Gyr): [1.85313349 0.59725856 1.55042087 0.84747574 1.00775717 1.14480183
 2.42273227 1.06114456 0.79497344 3.96461129]
DEBUG: us.look_back_time -> ages (Gyr): [1.85313349 0.59725857 1.55042088 0.84747574 1.00775718 1.14480183
 2.42273227 1.06114457 0.79497345 3.9646113 ]
[15/100] subhalo 805784 done; total_formed=5.802e+00
Building SWIFTGalaxy for subhalo 71583 (soap_index=71912474)
Read masses: Nstars=40143, sum_current=5.517898e+10 Msun
DEBUG: sample z (first valid): [ 3.00684764  6.19859402  3.95921302  1.30679338  0.67200735  1.54825414
  1.38851228  0.76399655  2.62357625 10.13894791]
DEBUG: Planck15 ages (Gyr): [2.14312058 0.89312697 1.56006649 4.79860065 7.47264283 4.16177631
 4.5665218  6.95798929 2.48740817 0.46366179]
DEBUG: cosmo_colibre ages (Gyr): [2.14498233 0.89502852 1.56203756 4.79826827 7.46692588 4.16223548
 4.5664986  6.95357645 2.48914296 0.46533158]
DEBUG: us.look_back_time -> ages (Gyr): [2.14498233 0.89502852 1.56203756 4.79826827 7.46692588 4.16223548
 4.5664986  6.95357645 2.48914296 0.46533158]
[16/100] subhalo 71583 done; total_formed=9.202e+00
Building SWIFTGalaxy for subhalo 3035672 (soap_index=71924317)
Read masses: Nstars=17528, sum_current=2.338016e+10 Msun
DEBUG: sample z (first valid): [5.11286261 2.49973299 1.12530808 2.71014493 1.88577719 1.16562025
 1.08143302 4.93515667 4.74574785 2.77381089]
DEBUG: Planck15 ages (Gyr): [1.14109099 2.61854457 5.38675235 2.40202707 3.47542112 5.24655934
 5.54619008 1.19262156 1.25193948 2.34226795]
DEBUG: cosmo_colibre ages (Gyr): [1.14304798 2.62021914 5.38552693 2.40379755 3.47653907 5.24556125
 5.54469498 1.19458519 1.25390891 2.34406176]
DEBUG: us.look_back_time -> ages (Gyr): [1.14304799 2.62021914 5.38552693 2.40379755 3.47653907 5.24556125
 5.54469498 1.1945852  1.25390892 2.34406176]
[17/100] subhalo 3035672 done; total_formed=3.906e+00
Building SWIFTGalaxy for subhalo 1609243 (soap_index=71951583)
Read masses: Nstars=35761, sum_current=5.220869e+10 Msun
DEBUG: sample z (first valid): [6.30124777 0.30737312 0.71722042 0.25030525 0.34581896 0.38671181
 0.29949239 1.45122681 1.25986207 1.35115161]
DEBUG: Planck15 ages (Gyr): [ 0.87436042 10.2022744   7.21265821 10.75945066  9.85024135  9.49495829
 10.27669316  4.40036656  4.94053264  4.67034368]
DEBUG: cosmo_colibre ages (Gyr): [ 0.87625597 10.18752515  7.20761619 10.74244205  9.83685013  9.48288156
 10.26164986  4.40055004  4.93999925  4.67018514]
DEBUG: us.look_back_time -> ages (Gyr): [ 0.87625597 10.18752515  7.20761619 10.74244205  9.83685013  9.48288156
 10.26164987  4.40055004  4.93999925  4.67018515]
[18/100] subhalo 1609243 done; total_formed=8.522e+00
Building SWIFTGalaxy for subhalo 151849 (soap_index=71966129)
Read masses: Nstars=141438, sum_current=1.820027e+11 Msun
DEBUG: sample z (first valid): [ 3.31498551  1.06360602  1.4552675   1.37002748  0.8780376   1.0872667
  1.08939616 10.02928307  0.96239071  1.16062244]
DEBUG: Planck15 ages (Gyr): [1.91964929 5.61311004 4.38999521 4.61742205 6.3921993  5.52456429
 5.51670343 0.47060946 6.01833088 5.26362427]
DEBUG: cosmo_colibre ages (Gyr): [1.92156908 5.61149819 4.39019118 4.6173331  6.38907124 5.52310647
 5.51525911 0.47228515 6.01596671 5.262599  ]
DEBUG: us.look_back_time -> ages (Gyr): [1.92156909 5.61149819 4.39019118 4.6173331  6.38907124 5.52310648
 5.51525911 0.47228515 6.01596671 5.262599  ]
[19/100] subhalo 151849 done; total_formed=3.051e+01
Building SWIFTGalaxy for subhalo 21553361 (soap_index=71971739)
Read masses: Nstars=54455, sum_current=7.852370e+10 Msun
DEBUG: sample z (first valid): [3.8348211  3.69926861 0.07584214 4.36213386 0.40082079 0.4559673
 3.68985258 0.30674749 0.29221547 0.30477025]
DEBUG: Planck15 ages (Gyr): [ 1.6203477   1.69055703 12.76097639  1.3882391   9.37673653  8.93489755
  1.69562069 10.2081537  10.34611192 10.22676683]
DEBUG: cosmo_colibre ages (Gyr): [ 1.62231396  1.69251572 12.73482032  1.3902149   9.36508451  8.92477579
  1.69757875 10.19338131 10.33079217 10.21192108]
DEBUG: us.look_back_time -> ages (Gyr): [ 1.62231397  1.69251572 12.73482032  1.3902149   9.36508451  8.92477579
  1.69757876 10.19338131 10.33079217 10.21192108]
[20/100] subhalo 21553361 done; total_formed=1.283e+01
Building SWIFTGalaxy for subhalo 1608482 (soap_index=71980113)
Read masses: Nstars=65567, sum_current=8.653841e+10 Msun
DEBUG: sample z (first valid): [0.52324284 0.78145047 0.32374566 5.34669766 0.52636482 0.4727191
 0.46416443 5.02020944 0.54057358 2.63483084]
DEBUG: Planck15 ages (Gyr): [ 8.43653991  6.86649127 10.05015151  1.07870479  8.41442907  8.8067827
  8.87186371  1.16748648  8.31488732  2.47602762]
DEBUG: cosmo_colibre ages (Gyr): [ 8.42803442  6.86229676 10.03599581  1.08065165  8.40599255  8.79708764
  8.86195285  1.16944706  8.30675845  2.47776732]
DEBUG: us.look_back_time -> ages (Gyr): [ 8.42803442  6.86229676 10.03599581  1.08065165  8.40599256  8.79708765
  8.86195285  1.16944706  8.30675845  2.47776733]
[21/100] subhalo 1608482 done; total_formed=1.435e+01
Building SWIFTGalaxy for subhalo 5794694 (soap_index=72022908)
Read masses: Nstars=46192, sum_current=6.261756e+10 Msun
DEBUG: sample z (first valid): [0.45674402 5.1565054  1.17655264 1.03806444 1.0395867  2.50760009
 0.19260445 5.39875024 0.24083611 0.47086812]
DEBUG: Planck15 ages (Gyr): [ 8.92889627  1.12899916  5.20953536  5.71123111  5.70530769  2.60987899
 11.36852474  1.06558571 10.8561367   8.820804  ]
DEBUG: cosmo_colibre ages (Gyr): [ 8.91879467  1.13095437  5.20859578  5.70944424  5.70353152  2.61155774
 11.34889771  1.06753013 10.83872262  8.81106262]
DEBUG: us.look_back_time -> ages (Gyr): [ 8.91879468  1.13095437  5.20859578  5.70944425  5.70353152  2.61155774
 11.34889771  1.06753013 10.83872262  8.81106262]
[22/100] subhalo 5794694 done; total_formed=1.042e+01
Building SWIFTGalaxy for subhalo 390570 (soap_index=72099369)
Read masses: Nstars=28820, sum_current=3.912760e+10 Msun
DEBUG: sample z (first valid): [2.02148456 6.25678219 4.79246951 5.1565054  6.95146809 4.00465827
 1.66927338 1.94570298 0.86160664 0.44365142]
DEBUG: Planck15 ages (Gyr): [3.24986018 0.88240814 1.23685924 1.12899916 0.76931429 1.53896442
 3.89222538 3.3727673  6.46923157 9.03086026]
DEBUG: cosmo_colibre ages (Gyr): [3.25115255 0.8843063  1.23882738 1.13095437 0.77117069 1.5409368
 3.8929667  3.37396715 6.46593774 9.02041386]
DEBUG: us.look_back_time -> ages (Gyr): [3.25115255 0.8843063  1.23882738 1.13095437 0.7711707  1.5409368
 3.8929667  3.37396715 6.46593774 9.02041386]
[23/100] subhalo 390570 done; total_formed=6.541e+00
Building SWIFTGalaxy for subhalo 4026829 (soap_index=72119298)
Read masses: Nstars=82424, sum_current=1.110790e+11 Msun
DEBUG: sample z (first valid): [5.50352287 0.79826583 3.00684764 3.53504948 7.16393647 1.44500821
 0.86903947 0.35606688 1.0412384  1.04378469]
DEBUG: Planck15 ages (Gyr): [1.03996892 6.7800829  2.14312058 1.78260915 0.73946144 4.41640517
 6.43420702 9.75939959 5.69889158 5.68902257]
DEBUG: cosmo_colibre ages (Gyr): [1.04190827 6.77609083 2.14498233 1.78455478 0.74130483 4.41656922
 6.43098892 9.74634987 5.69712698 5.68727571]
DEBUG: us.look_back_time -> ages (Gyr): [1.04190828 6.77609083 2.14498233 1.78455479 0.74130484 4.41656923
 6.43098892 9.74634987 5.69712698 5.68727572]
[24/100] subhalo 4026829 done; total_formed=1.853e+01
Building SWIFTGalaxy for subhalo 1469979 (soap_index=72219145)
Read masses: Nstars=155487, sum_current=2.045064e+11 Msun
DEBUG: sample z (first valid): [2.53293801 1.37518121 7.2181955  6.83923445 0.6631814  0.49040298
 0.72845237 0.2471645  6.03931257 2.01370367]
DEBUG: Planck15 ages (Gyr): [ 2.58228727  4.60313953  0.73214543  0.78590204  7.52506098  8.67448287
  7.15021685 10.79138178  0.92360249  3.26214058]
DEBUG: cosmo_colibre ages (Gyr): [ 2.58397915  4.60306914  0.73398549  0.78776529  7.51920395  8.66522034
  7.14533203 10.77423969  0.92551318  3.26342398]
DEBUG: us.look_back_time -> ages (Gyr): [ 2.58397915  4.60306915  0.73398549  0.78776529  7.51920395  8.66522034
  7.14533203 10.77423969  0.92551318  3.26342398]
[25/100] subhalo 1469979 done; total_formed=3.395e+01
Building SWIFTGalaxy for subhalo 732808 (soap_index=72284933)
Read masses: Nstars=13121, sum_current=1.776360e+10 Msun
DEBUG: sample z (first valid): [1.97809688 2.29757472 2.12880741 2.4930178  3.66348822 2.92948795
 3.11554886 2.90979597 2.04761905 2.86050895]
DEBUG: Planck15 ages (Gyr): [3.31931645 2.85854473 3.08789044 2.6259788  1.70993308 2.2060321
 2.05959116 2.22253391 3.20916018 2.26474086]
DEBUG: cosmo_colibre ages (Gyr): [3.32055728 2.86009213 3.08929561 2.62764977 1.71188932 2.20787403
 2.06147688 2.22437039 3.21048187 2.26656292]
DEBUG: us.look_back_time -> ages (Gyr): [3.32055728 2.86009214 3.08929562 2.62764977 1.71188932 2.20787403
 2.06147688 2.22437039 3.21048187 2.26656292]
[26/100] subhalo 732808 done; total_formed=2.987e+00
Building SWIFTGalaxy for subhalo 157876 (soap_index=72308077)
Read masses: Nstars=36125, sum_current=4.772543e+10 Msun
DEBUG: sample z (first valid): [0.28703849 0.57281367 1.10483042 1.40675725 0.97635706 1.33456825
 1.0169888  2.1228438  0.69676885 0.69729618]
DEBUG: Planck15 ages (Gyr): [10.39591308  8.0954808   5.46025228  4.51715841  5.9597317   4.71764386
  5.79424436  3.09654154  7.32851861  7.32549558]
DEBUG: cosmo_colibre ages (Gyr): [10.38039371  8.08801325  5.45890402  4.51719788  5.95748116  4.71742207
  5.79230587  3.09794096  7.32317988  7.32016468]
DEBUG: us.look_back_time -> ages (Gyr): [10.38039371  8.08801325  5.45890403  4.51719789  5.95748116  4.71742207
  5.79230588  3.09794096  7.32317988  7.32016468]
[27/100] subhalo 157876 done; total_formed=8.007e+00
Building SWIFTGalaxy for subhalo 2790856 (soap_index=72313295)
Read masses: Nstars=32176, sum_current=4.133067e+10 Msun
DEBUG: sample z (first valid): [4.50583886 2.59416475 4.37312454 6.4362873  0.17701149 0.12211492
 0.04250445 7.57183964 9.41659382 3.74726548]
DEBUG: Planck15 ages (Gyr): [ 1.33441663  2.51755874  1.38399642  0.8506526  11.54158938 12.1816672
 13.20269239  0.68727191  0.51282418  1.66513044]
DEBUG: cosmo_colibre ages (Gyr): [ 1.33639103  2.51928026  1.38597216  0.85254016 11.52119102 12.15831528
 13.17431903  0.6890903   0.51453363  1.66709211]
DEBUG: us.look_back_time -> ages (Gyr): [ 1.33639104  2.51928027  1.38597216  0.85254016 11.52119102 12.15831528
 13.17431903  0.6890903   0.51453363  1.66709212]
[28/100] subhalo 2790856 done; total_formed=6.948e+00
Building SWIFTGalaxy for subhalo 62321 (soap_index=72338791)
Read masses: Nstars=44930, sum_current=6.091452e+10 Msun
DEBUG: sample z (first valid): [2.64777914 5.18147519 0.5132539  4.80426889 2.47045118 6.22000661
 6.19859402 2.76600391 5.58322451 0.26566242]
DEBUG: Planck15 ages (Gyr): [ 2.46304004  1.12217629  8.50787215  1.23309842  2.6512177   0.88915753
  0.89312697  2.34946341  1.02115923 10.60526478]
DEBUG: cosmo_colibre ages (Gyr): [ 2.46478529  1.12413046  8.49914253  1.23506621  2.65287626  0.89105783
  0.89502852  2.35125449  1.02309458 10.58889465]
DEBUG: us.look_back_time -> ages (Gyr): [ 2.4647853   1.12413046  8.49914254  1.23506622  2.65287626  0.89105783
  0.89502852  2.35125449  1.02309458 10.58889465]
[29/100] subhalo 62321 done; total_formed=1.015e+01
Building SWIFTGalaxy for subhalo 4621 (soap_index=72383291)
Read masses: Nstars=324988, sum_current=4.098602e+11 Msun
DEBUG: sample z (first valid): [4.47227789 5.18147519 0.39950457 5.02629885 2.17704092 1.16233338
 6.09648078 1.53210726 2.17889018 3.68013997]
DEBUG: Planck15 ages (Gyr): [1.34667298 1.12217629 9.38767349 1.16572069 3.01934954 5.25777242
 0.91246824 4.20001585 3.01677134 1.70087021]
DEBUG: cosmo_colibre ages (Gyr): [1.34864783 1.12413046 9.37598244 1.16768105 3.02079936 5.25675649
 0.91437568 4.20043249 3.0182228  1.70282762]
DEBUG: us.look_back_time -> ages (Gyr): [1.34864783 1.12413046 9.37598244 1.16768105 3.02079936 5.25675649
 0.91437568 4.2004325  3.01822281 1.70282762]
[30/100] subhalo 4621 done; total_formed=6.801e+01
Building SWIFTGalaxy for subhalo 635036 (soap_index=72410350)
Read masses: Nstars=40818, sum_current=5.950394e+10 Msun
DEBUG: sample z (first valid): [5.16229431 1.67537557 0.37831244 7.24767178 1.29227002 0.08517684
 7.92739409 0.65461523 2.1586659  2.39213251]
DEBUG: Planck15 ages (Gyr): [ 1.12741125  3.87938592  9.5663818   0.72822127  4.84182027 12.64102566
  0.64658383  7.57647367  3.04516465  2.74197854]
DEBUG: cosmo_colibre ages (Gyr): [ 1.12936622  3.88013991  9.5540454   0.73005952  4.84142764 12.61546006
  0.64838055  7.57047795  3.04659787  2.74359046]
DEBUG: us.look_back_time -> ages (Gyr): [ 1.12936622  3.88013992  9.5540454   0.73005953  4.84142764 12.61546006
  0.64838055  7.57047796  3.04659788  2.74359046]
[31/100] subhalo 635036 done; total_formed=9.766e+00
Building SWIFTGalaxy for subhalo 160247 (soap_index=72459385)
Read masses: Nstars=195984, sum_current=2.494695e+11 Msun
DEBUG: sample z (first valid): [1.18206033 1.09313318 4.89936088 1.28986723 4.19632096 4.243719
 5.73199795 2.91633799 1.74922393 0.90268262]
DEBUG: Planck15 ages (Gyr): [5.19103963 5.50295089 1.20346989 4.8490306  1.45496024 1.43535363
 0.98752483 2.21702919 3.72928886 6.27930323]
DEBUG: cosmo_colibre ages (Gyr): [5.19012905 5.5015301  1.20543472 4.84862784 1.45693582 1.43732949
 0.98945244 2.2188675  3.73018592 6.27641294]
DEBUG: us.look_back_time -> ages (Gyr): [5.19012905 5.5015301  1.20543473 4.84862785 1.45693582 1.4373295
 0.98945244 2.2188675  3.73018593 6.27641295]
[32/100] subhalo 160247 done; total_formed=4.167e+01
Building SWIFTGalaxy for subhalo 354024 (soap_index=72459396)
Read masses: Nstars=86503, sum_current=1.158011e+11 Msun
DEBUG: sample z (first valid): [3.00464406 1.0562249  1.39008023 0.46259597 1.33041747 1.35605407
 0.76285776 0.51171803 0.57175748 1.06751215]
DEBUG: Planck15 ages (Gyr): [2.14487148 5.64119107 4.56224566 8.8838736  4.729603   4.6565058
 6.9640243  8.51892001 8.10252985 5.59833847]
DEBUG: cosmo_colibre ages (Gyr): [2.1467327  5.63952959 4.56222793 8.87392271 4.72936506 4.65636558
 6.95959692 8.51015547 8.09504141 5.59675257]
DEBUG: us.look_back_time -> ages (Gyr): [2.1467327  5.6395296  4.56222793 8.87392271 4.72936506 4.65636558
 6.95959692 8.51015547 8.09504141 5.59675257]
[33/100] subhalo 354024 done; total_formed=1.933e+01
Building SWIFTGalaxy for subhalo 741503 (soap_index=72459400)
Read masses: Nstars=71257, sum_current=9.440274e+10 Msun
DEBUG: sample z (first valid): [0.77739206 0.00355262 3.05594752 0.21156548 3.54889984 0.2235997
 0.21461932 0.08460214 0.3505894  0.3657886 ]
DEBUG: Planck15 ages (Gyr): [ 6.88760049 13.74646874  2.10471084 11.16303694  1.77452815 11.03536899
 11.1304397  12.64836452  9.80780101  9.67435131]
DEBUG: cosmo_colibre ages (Gyr): [ 6.88335597 13.71527683  2.10658395 11.14431022  1.77647507 11.01719302
 11.11185424 12.62276294  9.79456979  9.66161797]
DEBUG: us.look_back_time -> ages (Gyr): [ 6.88335597 13.71527683  2.10658395 11.14431023  1.77647507 11.01719302
 11.11185424 12.62276294  9.79456979  9.66161797]
[34/100] subhalo 741503 done; total_formed=1.576e+01
Building SWIFTGalaxy for subhalo 7434537 (soap_index=72459531)
Read masses: Nstars=22978, sum_current=3.038531e+10 Msun
DEBUG: sample z (first valid): [0.83656541 5.39875024 0.52168664 0.54187841 2.1981261  0.82044444
 0.53107186 0.791972   1.30047739 2.35497082]
DEBUG: Planck15 ages (Gyr): [6.5894332  1.06558571 8.44759397 8.30583476 2.99016545 6.66865767
 8.38125612 6.81222729 4.81732019 2.78684328]
DEBUG: cosmo_colibre ages (Gyr): [6.58587494 1.06753013 8.4390539  8.29773364 2.99163372 6.66492129
 8.37292266 6.80816034 4.81696182 2.78843099]
DEBUG: us.look_back_time -> ages (Gyr): [6.58587494 1.06753013 8.4390539  8.29773364 2.99163372 6.66492129
 8.37292266 6.80816034 4.81696182 2.78843099]
[35/100] subhalo 7434537 done; total_formed=5.058e+00
Building SWIFTGalaxy for subhalo 740999 (soap_index=72467983)
Read masses: Nstars=40979, sum_current=5.758367e+10 Msun
DEBUG: sample z (first valid): [7.12295488 1.4471994  7.36558591 3.56760524 0.67748541 2.9786304
 4.43912358 4.56191123 0.55372214 0.84234791]
DEBUG: Planck15 ages (Gyr): [0.74506813 4.41074308 0.7128676  1.76371029 7.44038746 2.16572089
 1.35896528 1.3143477  8.22433903 6.56137056]
DEBUG: cosmo_colibre ages (Gyr): [0.74691403 4.410914   0.71469862 1.76565889 7.43475603 2.1675757
 1.3609405  1.31632122 8.21648588 6.55787466]
DEBUG: us.look_back_time -> ages (Gyr): [0.74691404 4.41091401 0.71469862 1.76565889 7.43475603 2.1675757
 1.3609405  1.31632122 8.21648588 6.55787466]
[36/100] subhalo 740999 done; total_formed=9.482e+00
Building SWIFTGalaxy for subhalo 4630 (soap_index=72513815)
Read masses: Nstars=55722, sum_current=6.867379e+10 Msun
DEBUG: sample z (first valid): [6.11111111 3.74726548 0.4165658  7.537224   7.58925295 2.39213251
 2.06787754 1.17655264 1.90986591 1.23260884]
DEBUG: Planck15 ages (Gyr): [0.9096546  1.66513044 9.24734942 0.69146003 0.68518101 2.74197854
 3.17818046 5.20953536 3.43355288 5.0260518 ]
DEBUG: cosmo_colibre ages (Gyr): [0.9115612  1.66709211 9.23615488 0.69328053 0.68699833 2.74359046
 3.17952402 5.20859578 3.43470474 5.02539287]
DEBUG: us.look_back_time -> ages (Gyr): [0.9115612  1.66709212 9.23615488 0.69328053 0.68699833 2.74359046
 3.17952403 5.20859578 3.43470474 5.02539287]
[37/100] subhalo 4630 done; total_formed=1.154e+01
Building SWIFTGalaxy for subhalo 62914 (soap_index=72513819)
Read masses: Nstars=17823, sum_current=2.245360e+10 Msun
DEBUG: sample z (first valid): [1.26799557 2.44165529 3.82201457 2.93893497 2.66573442 0.81258989
 7.06547289 4.03194103 1.69806505 9.17639752]
DEBUG: Planck15 ages (Gyr): [4.91545878 2.68400704 1.62677263 2.19818714 2.44521492 6.70779312
 0.75305219 1.5265221  3.8322421  0.53112177]
DEBUG: cosmo_colibre ages (Gyr): [4.91496156 2.68564911 1.62873829 2.20003162 2.44696769 6.70396762
 0.75490161 1.52849515 3.83304204 0.53284482]
DEBUG: us.look_back_time -> ages (Gyr): [4.91496157 2.68564911 1.62873829 2.20003162 2.44696769 6.70396762
 0.75490161 1.52849516 3.83304204 0.53284483]
[38/100] subhalo 62914 done; total_formed=3.788e+00
Building SWIFTGalaxy for subhalo 758309 (soap_index=72580344)
Read masses: Nstars=203342, sum_current=2.558059e+11 Msun
DEBUG: sample z (first valid): [0.67748541 1.1512605  4.42247228 4.13846636 0.71452491 1.07458056
 1.07931975 5.33381657 0.63627285 0.08791501]
DEBUG: Planck15 ages (Gyr): [ 7.44038746  5.29582825  1.36520931  1.47950097  7.22776757  5.57176357
  5.55405704  1.08199272  7.68837408 12.60614196]
DEBUG: cosmo_colibre ages (Gyr): [ 7.43475603  5.29475131  1.36718469  1.48147595  7.22268722  5.5702241
  5.55254832  1.08394017  7.68207208 12.58074713]
DEBUG: us.look_back_time -> ages (Gyr): [ 7.43475603  5.29475131  1.36718469  1.48147596  7.22268723  5.5702241
  5.55254832  1.08394018  7.68207208 12.58074713]
[39/100] subhalo 758309 done; total_formed=4.282e+01
Building SWIFTGalaxy for subhalo 312830 (soap_index=72628385)
Read masses: Nstars=33902, sum_current=4.787696e+10 Msun
DEBUG: sample z (first valid): [0.66996229 0.78884158 5.00806747 0.54741216 0.04038608 0.71632097
 7.54557309 0.30083366 3.60483418 0.76228891]
DEBUG: Planck15 ages (Gyr): [ 7.48473902  6.8283029   1.17102065  8.26760718 13.2314825   7.21769456
  0.690446   10.26397174  1.74250176  6.9670419 ]
DEBUG: cosmo_colibre ages (Gyr): [ 7.47898985  6.82419831  1.17298168  8.25962278 13.20296234  7.21263977
  0.69226599 10.24897888  1.74445351  6.96260724]
DEBUG: us.look_back_time -> ages (Gyr): [ 7.47898986  6.82419831  1.17298168  8.25962278 13.20296234  7.21263977
  0.692266   10.24897888  1.74445352  6.96260724]
[40/100] subhalo 312830 done; total_formed=7.877e+00
Building SWIFTGalaxy for subhalo 7508561 (soap_index=72673267)
Read masses: Nstars=35703, sum_current=4.665956e+10 Msun
DEBUG: sample z (first valid): [1.47866868 0.75417559 2.06931435 1.6037346  0.42420028 3.98410526
 1.07300563 2.20877399 1.89956641 2.02399409]
DEBUG: Planck15 ages (Gyr): [4.33069618 7.01030101 3.17600182 4.03457489 9.18555861 1.54844906
 5.57766754 2.9756027  3.45135323 3.24591552]
DEBUG: cosmo_colibre ages (Gyr): [4.33096271 7.00576151 3.17734691 4.03517104 9.17457982 1.55042087
 5.57611779 2.97708006 3.45249076 3.24721076]
DEBUG: us.look_back_time -> ages (Gyr): [4.33096271 7.00576151 3.17734691 4.03517105 9.17457982 1.55042088
 5.57611779 2.97708006 3.45249076 3.24721076]
[41/100] subhalo 7508561 done; total_formed=7.838e+00
Building SWIFTGalaxy for subhalo 2882272 (soap_index=72697499)
Read masses: Nstars=18529, sum_current=2.359734e+10 Msun
DEBUG: sample z (first valid): [8.22197988 4.87556034 7.67681716 4.39524162 1.02835036 5.06927209
 1.69651086 2.59969241 4.73418497 2.69591699]
DEBUG: Planck15 ages (Gyr): [0.61581373 1.21077391 0.67482519 1.37552356 5.74925924 1.1533845
 3.83544168 2.51184644 1.25571875 2.41572569]
DEBUG: cosmo_colibre ages (Gyr): [0.61759269 1.21273952 0.67663716 1.37749916 5.74740332 1.15534322
 3.83623853 2.5135705  1.25768849 2.41749063]
DEBUG: us.look_back_time -> ages (Gyr): [0.61759269 1.21273952 0.67663716 1.37749916 5.74740333 1.15534322
 3.83623854 2.5135705  1.2576885  2.41749063]
[42/100] subhalo 2882272 done; total_formed=3.945e+00
Building SWIFTGalaxy for subhalo 164476 (soap_index=72705743)
Read masses: Nstars=37092, sum_current=5.105147e+10 Msun
DEBUG: sample z (first valid): [5.78637258 4.72216886 1.8807033  2.02148456 2.07709644 3.70872252
 3.61423643 2.63080332 1.84567955 1.64385993]
DEBUG: Planck15 ages (Gyr): [0.97568859 1.25966626 3.484346   3.24986018 3.16424411 1.68549813
 1.7372122  2.48009035 3.54698283 3.9464443 ]
DEBUG: cosmo_colibre ages (Gyr): [0.97761329 1.26163631 3.48545663 3.25115255 3.1655974  1.68745744
 1.73916471 2.4818283  3.54804117 3.94713134]
DEBUG: us.look_back_time -> ages (Gyr): [0.97761329 1.26163632 3.48545664 3.25115255 3.1655974  1.68745744
 1.73916471 2.4818283  3.54804118 3.94713134]
[43/100] subhalo 164476 done; total_formed=8.457e+00
Building SWIFTGalaxy for subhalo 141383 (soap_index=72740298)
Read masses: Nstars=16851, sum_current=2.277966e+10 Msun
DEBUG: sample z (first valid): [8.44935477 2.67560292 3.50295451 1.87615202 1.39462146 1.41776728
 3.62335097 0.70506817 2.13539374 0.29980167]
DEBUG: Planck15 ages (Gyr): [ 0.5936909   2.4355082   1.80157082  3.49238339  4.54989693  4.4877826
  1.73210982  7.28116117  3.07838182 10.27375775]
DEBUG: cosmo_colibre ages (Gyr): [ 0.59545629  2.43726501  1.80351332  3.4934874   4.54989496  4.48785886
  1.73406305  7.27594451  3.0797933  10.2587261 ]
DEBUG: us.look_back_time -> ages (Gyr): [ 0.5954563   2.43726502  1.80351333  3.49348741  4.54989496  4.48785886
  1.73406306  7.27594451  3.0797933  10.2587261 ]
[44/100] subhalo 141383 done; total_formed=3.737e+00
Building SWIFTGalaxy for subhalo 67351 (soap_index=72748283)
Read masses: Nstars=61464, sum_current=8.646911e+10 Msun
DEBUG: sample z (first valid): [4.11760112 6.71283983 2.85505882 1.75060858 1.71303196 0.33289945
 3.51225558 4.95944348 5.37261766 0.28371073]
DEBUG: Planck15 ages (Gyr): [ 1.48852042  0.80530626  2.26948919  3.72656489  3.80164997  9.96653673
  1.79604154  1.18535326  1.07213871 10.42810894]
DEBUG: cosmo_colibre ages (Gyr): [ 1.49049511  0.80717719  2.27130958  3.72746446  3.80247923  9.95270293
  1.79798497  1.18731604  1.07408437 10.41245996]
DEBUG: us.look_back_time -> ages (Gyr): [ 1.49049511  0.8071772   2.27130959  3.72746446  3.80247923  9.95270293
  1.79798498  1.18731605  1.07408437 10.41245996]
[45/100] subhalo 67351 done; total_formed=1.431e+01
Building SWIFTGalaxy for subhalo 67285 (soap_index=72778541)
Read masses: Nstars=43752, sum_current=5.765864e+10 Msun
DEBUG: sample z (first valid): [4.75735746 0.36023246 0.29681811 2.03998516 4.91106702 2.39917012
 7.90918978 0.20231893 4.50722689 1.54627399]
DEBUG: Planck15 ages (Gyr): [ 1.24816389  9.72282433 10.30212587  3.22096224  1.19990424  2.73361558
  0.64856889 11.26257498  1.33391371  4.16643549]
DEBUG: cosmo_colibre ages (Gyr): [ 1.25013301  9.70991107 10.28698154  3.2222755   1.20186869  2.73523193
  0.65036672 11.24341428  1.3358881   4.16688952]
DEBUG: us.look_back_time -> ages (Gyr): [ 1.25013301  9.70991107 10.28698154  3.2222755   1.20186869  2.73523193
  0.65036672 11.24341428  1.3358881   4.16688952]
[46/100] subhalo 67285 done; total_formed=9.645e+00
Building SWIFTGalaxy for subhalo 367468 (soap_index=72778547)
Read masses: Nstars=154377, sum_current=2.040642e+11 Msun
DEBUG: sample z (first valid): [0.53652818 0.55298578 7.9634138  1.68700287 0.63301106 0.52196935
 0.28633116 0.27531719 1.67079632 5.82808919]
DEBUG: Planck15 ages (Gyr): [ 8.3430474   8.22937077  0.64268574  3.85511028  7.70853583  8.44558421
 10.40274438 10.50996     3.88901458  0.9667666 ]
DEBUG: cosmo_colibre ages (Gyr): [ 8.33483198  8.2215024   0.64448028  3.85588805  7.70217799  8.43705043
 10.38719755 10.49397949  3.88975907  0.96868904]
DEBUG: us.look_back_time -> ages (Gyr): [ 8.33483198  8.22150241  0.64448028  3.85588805  7.702178    8.43705043
 10.38719755 10.49397949  3.88975907  0.96868904]
[47/100] subhalo 367468 done; total_formed=3.410e+01
Building SWIFTGalaxy for subhalo 7567244 (soap_index=72788126)
Read masses: Nstars=54052, sum_current=7.340730e+10 Msun
DEBUG: sample z (first valid): [2.31416761e-01 5.83148130e-01 6.65071212e+00 3.06109955e-03
 3.33550383e-01 3.30842336e-01 4.86616459e-01 2.97845374e-01
 6.44649669e-01 5.07683813e-01]
DEBUG: Planck15 ages (Gyr): [10.95356031  8.02699318  0.815138   13.75352929  9.96062947  9.98523868
  8.70256098 10.29234566  7.63696058  8.54804136]
DEBUG: cosmo_colibre ages (Gyr): [10.93573374  8.01972731  0.81701269 13.72230016  9.9468183   9.97133315
  8.69320735 10.27724021  7.63080006  8.53918447]
DEBUG: us.look_back_time -> ages (Gyr): [10.93573374  8.01972732  0.8170127  13.72230016  9.9468183   9.97133315
  8.69320735 10.27724021  7.63080006  8.53918447]
[48/100] subhalo 7567244 done; total_formed=1.220e+01
Building SWIFTGalaxy for subhalo 2923391 (soap_index=72805432)
Read masses: Nstars=26304, sum_current=3.634435e+10 Msun
DEBUG: sample z (first valid): [0.29620253 0.25982314 0.25730949 0.07746942 3.10987081 1.00981354
 5.11286261 3.78574558 0.21895692 0.11478533]
DEBUG: Planck15 ages (Gyr): [10.30799304 10.66351295 10.68872954 12.73995079  2.06382046  5.82293983
  1.14109099  1.64519936 11.08437355 12.27091816]
DEBUG: cosmo_colibre ages (Gyr): [10.29282535 10.64690279 10.67201502 12.71389858  2.06570504  5.82094817
  1.14304798  1.64716318 11.06598696 12.24714214]
DEBUG: us.look_back_time -> ages (Gyr): [10.29282535 10.64690279 10.67201503 12.71389858  2.06570504  5.82094817
  1.14304799  1.64716319 11.06598696 12.24714214]
[49/100] subhalo 2923391 done; total_formed=6.001e+00
Building SWIFTGalaxy for subhalo 67750 (soap_index=72809917)
Read masses: Nstars=16149, sum_current=2.289232e+10 Msun
DEBUG: sample z (first valid): [3.39455509 7.34853503 7.39935918 2.85914498 8.87136617 0.38249937
 4.6760783  1.28986723 1.30972017 6.4362873 ]
DEBUG: Planck15 ages (Gyr): [1.86814663 0.71505437 0.70856887 2.26592766 0.5559728  9.53068021
 1.27500058 4.8490306  4.78996552 0.8506526 ]
DEBUG: cosmo_colibre ages (Gyr): [1.87007702 0.71688643 0.71039782 2.26774931 0.55771341 9.5184739
 1.27697176 4.84862784 4.78964508 0.85254016]
DEBUG: us.look_back_time -> ages (Gyr): [1.87007702 0.71688644 0.71039782 2.26774931 0.55771341 9.5184739
 1.27697176 4.84862785 4.78964508 0.85254016]
[50/100] subhalo 67750 done; total_formed=3.750e+00
Building SWIFTGalaxy for subhalo 7579211 (soap_index=72859607)
Read masses: Nstars=20755, sum_current=2.778500e+10 Msun
DEBUG: sample z (first valid): [5.24449738 0.51942873 6.80748153 2.69800248 6.02497588 0.54434914
 5.34669766 0.57720447 4.29755072 0.53494473]
DEBUG: Planck15 ages (Gyr): [1.10525693 8.46367093 0.79070314 2.41370975 0.92643018 8.28873408
 1.07870479 8.06627526 1.4136116  8.35410885]
DEBUG: cosmo_colibre ages (Gyr): [1.10720839 8.45508047 0.79256832 2.4154755  0.92834168 8.28068525
 1.08065165 8.058894   1.41558756 8.34585933]
DEBUG: us.look_back_time -> ages (Gyr): [1.1072084  8.45508047 0.79256833 2.4154755  0.92834169 8.28068525
 1.08065165 8.058894   1.41558757 8.34585933]
[51/100] subhalo 7579211 done; total_formed=4.636e+00
Building SWIFTGalaxy for subhalo 1531263 (soap_index=72891625)
Read masses: Nstars=11983, sum_current=1.623474e+10 Msun
DEBUG: sample z (first valid): [2.79800031e-01 1.95040117e-01 2.65662418e-01 3.79309588e+00
 8.18411175e-03 3.61750569e-02 4.85142857e+00 1.79566590e+00
 9.37454488e+00 4.46314716e-02]
DEBUG: Planck15 ages (Gyr): [10.46612954 11.34182695 10.60526478  1.64143714 13.68018644 13.2889754
  1.21825501  3.63965717  0.51595104 13.17387321]
DEBUG: cosmo_colibre ages (Gyr): [10.45032692 11.32231786 10.58889465  1.64340135 13.64934318 13.26016125
  1.22022138  3.64063523  0.51766286 13.14564654]
DEBUG: us.look_back_time -> ages (Gyr): [10.45032692 11.32231786 10.58889465  1.64340135 13.64934318 13.26016125
  1.22022139  3.64063523  0.51766286 13.14564654]
[52/100] subhalo 1531263 done; total_formed=2.701e+00
Building SWIFTGalaxy for subhalo 1542579 (soap_index=72898561)
Read masses: Nstars=143809, sum_current=1.888969e+11 Msun
DEBUG: sample z (first valid): [5.06309557 2.88246445 4.72216886 1.13722932 0.99512908 0.61817284
 0.81761704 6.59661528 3.99931345 4.40592263]
DEBUG: Planck15 ages (Gyr): [1.15514421 2.24577741 1.25966626 5.34468187 5.88236654 7.80127412
 6.68270449 0.82386245 1.54142163 1.37146253]
DEBUG: cosmo_colibre ages (Gyr): [1.15710316 2.24760603 1.26163631 5.34352564 5.88026351 7.79465692
 6.6789362  0.82574041 1.54339386 1.37343804]
DEBUG: us.look_back_time -> ages (Gyr): [1.15710317 2.24760603 1.26163632 5.34352564 5.88026351 7.79465692
 6.6789362  0.82574041 1.54339386 1.37343804]
[53/100] subhalo 1542579 done; total_formed=3.156e+01
Building SWIFTGalaxy for subhalo 67946 (soap_index=72921209)
Read masses: Nstars=27132, sum_current=3.743774e+10 Msun
DEBUG: sample z (first valid): [4.76901408 0.54507733 5.09410452 4.87556034 0.7188418  7.41661851
 1.77412801 0.81943365 0.69029196 2.06300243]
DEBUG: Planck15 ages (Gyr): [1.24439198 8.28370411 1.1463544  1.21077391 7.20359305 0.70638867
 3.68078477 6.67367416 7.36580479 3.18559081]
DEBUG: cosmo_colibre ages (Gyr): [1.24636078 8.27567064 1.14831214 1.21273952 7.19857397 0.70821656
 3.68172608 6.66992639 7.36036918 3.18692918]
DEBUG: us.look_back_time -> ages (Gyr): [1.24636078 8.27567064 1.14831215 1.21273952 7.19857397 0.70821657
 3.68172608 6.66992639 7.36036918 3.18692918]
[54/100] subhalo 67946 done; total_formed=6.241e+00
Building SWIFTGalaxy for subhalo 69491 (soap_index=72997884)
Read masses: Nstars=1024087, sum_current=1.294486e+12 Msun
DEBUG: sample z (first valid): [10.79023118  4.29755072  0.20178977  0.60990469  0.36955613  4.49475979
  0.25982314  1.071957    0.26879888  0.48958996]
DEBUG: Planck15 ages (Gyr): [ 0.42569485  1.4136116  11.26830963  7.85368519  9.64168374  1.33844214
 10.66351295  5.58160402 10.57416736  8.68050025]
DEBUG: cosmo_colibre ages (Gyr): [ 0.42733051  1.41558756 11.24912381  7.84691958  9.62907105  1.3404167
 10.64690279  5.5800474  10.55792479  8.67121822]
DEBUG: us.look_back_time -> ages (Gyr): [ 0.42733051  1.41558757 11.24912381  7.84691958  9.62907105  1.3404167
 10.64690279  5.5800474  10.55792479  8.67121822]
[55/100] subhalo 69491 done; total_formed=2.162e+02
Building SWIFTGalaxy for subhalo 2977053 (soap_index=73050474)
Read masses: Nstars=61172, sum_current=8.788818e+10 Msun
DEBUG: sample z (first valid): [8.14732361 0.54274953 0.38249937 0.37970526 1.03086458 2.12195122
 1.40428498 0.94215268 2.33143554 0.94261323]
DEBUG: Planck15 ages (Gyr): [0.623378   8.29979944 9.53068021 9.55448355 5.73937858 3.09783978
 4.5237971  6.10485831 2.81588376 6.10286764]
DEBUG: cosmo_colibre ages (Gyr): [0.62516144 8.29171678 9.5184739  9.54219057 5.73754067 3.09923832
 4.52382821 6.10232332 2.81745538 6.10033663]
DEBUG: us.look_back_time -> ages (Gyr): [0.62516144 8.29171679 9.5184739  9.54219057 5.73754067 3.09923833
 4.52382821 6.10232333 2.81745539 6.10033663]
[56/100] subhalo 2977053 done; total_formed=1.444e+01
Building SWIFTGalaxy for subhalo 2957463 (soap_index=73061603)
Read masses: Nstars=11761, sum_current=1.550180e+10 Msun
DEBUG: sample z (first valid): [4.40592263 4.13846636 0.46560515 4.93515667 3.25420318 1.30630631
 6.49668268 2.91821117 6.25678219 7.29779691]
DEBUG: Planck15 ages (Gyr): [1.37146253 1.47950097 8.86085323 1.19262156 1.96059392 4.80004012
 0.84039302 2.21545717 0.88240814 0.72162791]
DEBUG: cosmo_colibre ages (Gyr): [1.37343804 1.48147595 8.85097903 1.19458519 1.96250454 4.79970575
 0.84227697 2.217296   0.8843063  0.72346309]
DEBUG: us.look_back_time -> ages (Gyr): [1.37343804 1.48147596 8.85097903 1.1945852  1.96250454 4.79970576
 0.84227698 2.217296   0.8843063  0.72346309]
[57/100] subhalo 2957463 done; total_formed=2.597e+00
Building SWIFTGalaxy for subhalo 10006399 (soap_index=73089323)
Read masses: Nstars=29396, sum_current=3.992626e+10 Msun
DEBUG: sample z (first valid): [4.92924998 2.91446661 0.63545618 5.75907591 1.12848327 4.22782387
 4.63024055 1.55023737 4.50583886 3.71821454]
DEBUG: Planck15 ages (Gyr): [1.19440045 2.21860155 7.69341455 0.98160088 5.3754959  1.44187972
 1.29056048 4.15711829 1.33441663 1.68044401]
DEBUG: cosmo_colibre ages (Gyr): [1.19636428 2.22043933 7.6870986  0.98352704 5.37428908 1.44385551
 1.29253268 4.1575826  1.33639103 1.68240392]
DEBUG: us.look_back_time -> ages (Gyr): [1.19636428 2.22043934 7.6870986  0.98352704 5.37428908 1.44385551
 1.29253268 4.1575826  1.33639104 1.68240392]
[58/100] subhalo 10006399 done; total_formed=6.567e+00
Building SWIFTGalaxy for subhalo 331258 (soap_index=73102779)
Read masses: Nstars=30032, sum_current=4.249664e+10 Msun
DEBUG: sample z (first valid): [2.12433257 1.66666667 4.89936088 3.9290012  1.00366883 1.98787271
 3.21968965 1.52177928 2.13060094 2.9863747 ]
DEBUG: Planck15 ages (Gyr): [3.09437815 3.89773109 1.20346989 1.57436183 5.84769176 3.30345696
 1.98449009 4.22477285 3.08529639 2.15947915]
DEBUG: cosmo_colibre ages (Gyr): [3.09577901 3.89846695 1.20543472 1.5763319  5.84565392 3.30470972
 1.98639505 4.22516162 3.08670329 2.1613359 ]
DEBUG: us.look_back_time -> ages (Gyr): [3.09577901 3.89846695 1.20543473 1.57633191 5.84565392 3.30470973
 1.98639506 4.22516163 3.08670329 2.1613359 ]
[59/100] subhalo 331258 done; total_formed=7.048e+00
Building SWIFTGalaxy for subhalo 779938 (soap_index=73125592)
Read masses: Nstars=401593, sum_current=5.008951e+11 Msun
DEBUG: sample z (first valid): [5.20018921 0.61164667 0.47086812 5.15015015 0.70329556 4.42786152
 4.34072203 2.07248008 0.69923252 0.60015627]
DEBUG: Planck15 ages (Gyr): [1.11710754 7.84259871 8.820804   1.1307467  7.2912366  1.36318322
 1.39656682 3.17121023 7.31441139 7.91616708]
DEBUG: cosmo_colibre ages (Gyr): [1.11906092 7.8358646  8.81106262 1.13270218 7.28599406 1.36515854
 1.39854271 3.17255867 7.30910913 7.90922279]
DEBUG: us.look_back_time -> ages (Gyr): [1.11906092 7.8358646  8.81106262 1.13270218 7.28599406 1.36515855
 1.39854271 3.17255867 7.30910913 7.90922279]
[60/100] subhalo 779938 done; total_formed=8.399e+01
Building SWIFTGalaxy for subhalo 68558 (soap_index=73164175)
Read masses: Nstars=25918, sum_current=3.615619e+10 Msun
DEBUG: sample z (first valid): [3.31498551 0.50408519 3.66581233 2.13389441 0.97254996 6.82332577
 0.95653212 6.37022042 0.68872397 4.63605091]
DEBUG: Planck15 ages (Gyr): [1.91964929 8.57414408 1.70866337 3.08054217 5.97561639 0.78830138
 6.04318092 0.86211616 7.37487497 1.28857072]
DEBUG: cosmo_colibre ages (Gyr): [1.92156908 8.56520406 1.71061977 3.08195222 5.97333521 0.7901656
 6.04076805 0.86400764 7.36941568 1.2905428 ]
DEBUG: us.look_back_time -> ages (Gyr): [1.92156909 8.56520406 1.71061977 3.08195222 5.97333521 0.79016561
 6.04076805 0.86400765 7.36941569 1.2905428 ]
[61/100] subhalo 68558 done; total_formed=6.000e+00
Building SWIFTGalaxy for subhalo 776478 (soap_index=73164182)
Read masses: Nstars=68118, sum_current=9.412305e+10 Msun
DEBUG: sample z (first valid): [5.28281085 3.01077111 0.15510434 3.82983271 0.70506817 0.61769352
 5.55622249 4.50583886 0.51858374 0.61561976]
DEBUG: Planck15 ages (Gyr): [ 1.09517697  2.14000894 11.79114978  1.62284533  7.28116117  7.80429798
  1.02746802  1.33441663  8.46969927  7.81740118]
DEBUG: cosmo_colibre ages (Gyr): [ 1.09712674  2.14187163 11.76961849  1.62481136  7.27594451  7.79767226
  1.02940474  1.33639103  8.46108989  7.81073846]
DEBUG: us.look_back_time -> ages (Gyr): [ 1.09712674  2.14187163 11.76961849  1.62481136  7.27594451  7.79767226
  1.02940474  1.33639104  8.4610899   7.81073846]
[62/100] subhalo 776478 done; total_formed=1.572e+01
Building SWIFTGalaxy for subhalo 69436 (soap_index=73221630)
Read masses: Nstars=117921, sum_current=1.539509e+11 Msun
DEBUG: sample z (first valid): [0.70595585 3.13502429 0.0868325  0.09292242 6.31591873 0.3193751
 0.20906206 0.09900724 0.04144419 0.00663554]
DEBUG: Planck15 ages (Gyr): [ 7.27612359  2.04519303 12.6199166  12.54269883  0.87173188 10.09043511
 11.1898611  12.46621009 13.21709108 13.70229854]
DEBUG: cosmo_colibre ages (Gyr): [ 7.27091984  2.0470826  12.59445439 12.51761347  0.87362656 10.07612322
 11.17101782 12.44149593 13.18864434 13.67133912]
DEBUG: us.look_back_time -> ages (Gyr): [ 7.27091985  2.04708261 12.59445439 12.51761347  0.87362657 10.07612322
 11.17101782 12.44149593 13.18864434 13.67133912]
[63/100] subhalo 69436 done; total_formed=2.582e+01
Building SWIFTGalaxy for subhalo 790966 (soap_index=73243548)
Read masses: Nstars=109209, sum_current=1.391416e+11 Msun
DEBUG: sample z (first valid): [0.88062443 1.52430475 0.50976778 1.6237489  4.22240816 6.8467433
 1.75060858 1.05313283 2.63846325 1.8543554 ]
DEBUG: Planck15 ages (Gyr): [6.38020157 4.21869741 8.53297948 3.99022243 1.4441145  0.78477376
 3.72656489 5.65302049 2.47237284 3.5312971 ]
DEBUG: cosmo_colibre ages (Gyr): [6.37709907 4.21909304 8.52417039 3.99086474 1.44609026 0.78663656
 3.72746446 5.651338   2.47411411 3.53236868]
DEBUG: us.look_back_time -> ages (Gyr): [6.37709907 4.21909305 8.5241704  3.99086474 1.44609026 0.78663656
 3.72746446 5.651338   2.47411411 3.53236869]
[64/100] subhalo 790966 done; total_formed=2.330e+01
Building SWIFTGalaxy for subhalo 7067 (soap_index=73320576)
Read masses: Nstars=1332188, sum_current=1.629424e+12 Msun
DEBUG: sample z (first valid): [8.16587413 0.9221023  1.7687368  0.7716263  1.48883488 7.18075147
 2.75091575 2.45654008 1.14253956 8.33494765]
DEBUG: Planck15 ages (Gyr): [0.62148407 6.19251604 3.69119771 6.91776257 4.30533534 0.73718124
 2.36347335 2.66697535 5.32610911 0.60465415]
DEBUG: cosmo_colibre ages (Gyr): [0.62326639 6.18980435 3.6921296  6.91344623 4.30563158 0.7390236
 2.36525904 2.66862603 5.32498315 0.60642635]
DEBUG: us.look_back_time -> ages (Gyr): [0.62326639 6.18980435 3.6921296  6.91344623 4.30563158 0.73902361
 2.36525904 2.66862604 5.32498315 0.60642635]
[65/100] subhalo 7067 done; total_formed=2.703e+02
Building SWIFTGalaxy for subhalo 175262 (soap_index=73320604)
Read masses: Nstars=18652, sum_current=2.399601e+10 Msun
DEBUG: sample z (first valid): [2.2299655  4.21202481 2.22202557 3.01494823 2.14834743 2.64574989
 1.74346952 1.6856815  2.62357625 6.72830189]
DEBUG: Planck15 ages (Gyr): [2.94696307 1.44841526 2.95764054 2.13670432 3.05981985 2.46506803
 3.74064397 3.85785664 2.48740817 0.80288998]
DEBUG: cosmo_colibre ages (Gyr): [2.94845806 1.45039096 2.95912899 2.13856801 3.06124354 2.46681242
 3.74153054 3.85863173 2.48914296 0.80475998]
DEBUG: us.look_back_time -> ages (Gyr): [2.94845806 1.45039096 2.959129   2.13856801 3.06124354 2.46681242
 3.74153054 3.85863174 2.48914296 0.80475998]
[66/100] subhalo 175262 done; total_formed=4.038e+00
Building SWIFTGalaxy for subhalo 1602315 (soap_index=73320799)
Read masses: Nstars=8715, sum_current=1.229219e+10 Msun
DEBUG: sample z (first valid): [3.98410526 3.29097099 3.66780627 2.53598791 4.27792542 3.49399986
 1.825802   3.21778865 3.23386524 3.1475856 ]
DEBUG: Planck15 ages (Gyr): [1.54844906 1.93565573 1.70757528 2.57899842 1.4214744  1.80692082
 3.58335123 1.98582027 1.97461739 2.03599445]
DEBUG: cosmo_colibre ages (Gyr): [1.55042087 1.93757201 1.70953182 2.58069184 1.42345035 1.80886242
 3.58437848 1.98772491 1.97652471 2.03788645]
DEBUG: us.look_back_time -> ages (Gyr): [1.55042088 1.93757202 1.70953183 2.58069184 1.42345035 1.80886243
 3.58437848 1.98772491 1.97652471 2.03788645]
[67/100] subhalo 1602315 done; total_formed=2.072e+00
Building SWIFTGalaxy for subhalo 2992914 (soap_index=73320854)
Read masses: Nstars=105751, sum_current=1.417443e+11 Msun
DEBUG: sample z (first valid): [0.19251765 0.37773293 0.38495351 0.38448538 0.36818372 0.38075173
 0.37889244 0.37518885 0.38530481 0.38425144]
DEBUG: Planck15 ages (Gyr): [11.36947788  9.57133873  9.50984488  9.51381404  9.65356493  9.54555837
  9.56142448  9.59314448  9.50686784  9.51579853]
DEBUG: cosmo_colibre ages (Gyr): [11.34984664  9.55898422  9.49771421  9.50166898  9.64090842  9.53329791
  9.54910617  9.58071017  9.49474797  9.50364627]
DEBUG: us.look_back_time -> ages (Gyr): [11.34984664  9.55898422  9.49771422  9.50166899  9.64090842  9.53329791
  9.54910617  9.58071018  9.49474797  9.50364627]
[68/100] subhalo 2992914 done; total_formed=2.347e+01
Building SWIFTGalaxy for subhalo 2993231 (soap_index=73320865)
Read masses: Nstars=6831, sum_current=9.943634e+09 Msun
DEBUG: sample z (first valid): [2.93988217 2.05301407 1.46542773 3.53066021 1.65715212 1.40164175
 3.56505991 2.69216901 3.8103347  3.13163535]
DEBUG: Planck15 ages (Gyr): [2.1974031  3.20086196 4.36408956 1.78518278 3.91793437 4.5309122
 1.76517591 2.41935564 1.63266921 2.04768649]
DEBUG: cosmo_colibre ages (Gyr): [2.19924784 3.20218955 4.36431655 1.787128   3.91865011 4.53093432
 1.76712428 2.4211191  1.63463429 2.04957541]
DEBUG: us.look_back_time -> ages (Gyr): [2.19924784 3.20218955 4.36431655 1.787128   3.91865011 4.53093432
 1.76712428 2.4211191  1.6346343  2.04957541]
[69/100] subhalo 2993231 done; total_formed=1.662e+00
Building SWIFTGalaxy for subhalo 4232333 (soap_index=73320990)
Read masses: Nstars=25432, sum_current=3.275462e+10 Msun
DEBUG: sample z (first valid): [3.41706544 1.69873168 1.41047521 1.17698645 2.63483084 0.93939394
 3.38455877 1.11188451 3.99512195 4.10962108]
DEBUG: Planck15 ages (Gyr): [1.85398997 3.83087104 4.50720413 5.20807477 2.47602762 6.11680379
 1.87449068 5.43475513 1.54335316 1.49199409]
DEBUG: cosmo_colibre ages (Gyr): [1.85592308 3.8316723  4.50725611 5.20713749 2.47776732 6.11424495
 1.87641982 5.43344978 1.54532528 1.49396865]
DEBUG: us.look_back_time -> ages (Gyr): [1.85592309 3.83167231 4.50725611 5.20713749 2.47776733 6.11424495
 1.87641983 5.43344978 1.54532528 1.49396866]
[70/100] subhalo 4232333 done; total_formed=5.525e+00
Building SWIFTGalaxy for subhalo 4269221 (soap_index=73321050)
Read masses: Nstars=25664, sum_current=3.503175e+10 Msun
DEBUG: sample z (first valid): [2.28929934 3.0337293  2.51211147 2.6056338  4.69779169 4.16153422
 3.32039027 2.92901679 1.78568392 2.08578962]
DEBUG: Planck15 ages (Gyr): [2.86913213 2.12194971 2.60493095 2.50573033 1.26773817 1.46963438
 1.916077   2.20642457 3.65862492 3.15119375]
DEBUG: cosmo_colibre ages (Gyr): [2.87067341 2.1238178  2.60661208 2.50745709 1.26970883 1.47160964
 1.91799756 2.20826637 3.65958612 3.15255607]
DEBUG: us.look_back_time -> ages (Gyr): [2.87067342 2.1238178  2.60661208 2.50745709 1.26970884 1.47160964
 1.91799757 2.20826637 3.65958612 3.15255607]
[71/100] subhalo 4269221 done; total_formed=5.903e+00
Building SWIFTGalaxy for subhalo 171352 (soap_index=73373800)
Read masses: Nstars=33925, sum_current=4.567585e+10 Msun
DEBUG: sample z (first valid): [0.78203176 4.15422729 1.78001188 6.76768994 3.72059353 1.23596042
 1.38486172 0.74168173 6.54240994 0.50754509]
DEBUG: Planck15 ages (Gyr): [6.86347596 1.47274787 3.6694746  0.79678889 1.67918122 5.01540808
 4.57650261 7.07772854 0.83276117 8.54904542]
DEBUG: cosmo_colibre ages (Gyr): [6.85928857 1.47472305 3.67042608 0.79865649 1.68114128 5.01476496
 4.5764666  7.07302381 0.83464239 8.54018533]
DEBUG: us.look_back_time -> ages (Gyr): [6.85928858 1.47472305 3.67042608 0.7986565  1.68114128 5.01476496
 4.57646661 7.07302381 0.83464239 8.54018533]
[72/100] subhalo 171352 done; total_formed=7.646e+00
Building SWIFTGalaxy for subhalo 3053935 (soap_index=73406536)
Read masses: Nstars=60310, sum_current=8.589073e+10 Msun
DEBUG: sample z (first valid): [0.90157846 1.80836476 4.60711841 0.39095    4.09690465 4.50583886
 0.29620253 2.85143394 2.85143394 3.07334203]
DEBUG: Planck15 ages (Gyr): [ 6.28429462  3.61575669  1.29852939  9.45921632  1.49755732  1.33441663
 10.30799304  2.27265639  2.27265639  2.09137536]
DEBUG: cosmo_colibre ages (Gyr): [ 6.28139395  3.61675579  1.30050206  9.44726867  1.49953168  1.33639103
 10.29282535  2.27447567  2.27447567  2.09325227]
DEBUG: us.look_back_time -> ages (Gyr): [ 6.28139395  3.61675579  1.30050207  9.44726867  1.49953168  1.33639104
 10.29282535  2.27447568  2.27447568  2.09325228]
[73/100] subhalo 3053935 done; total_formed=1.409e+01
Building SWIFTGalaxy for subhalo 72823 (soap_index=73428414)
Read masses: Nstars=135574, sum_current=1.744035e+11 Msun
DEBUG: sample z (first valid): [0.47537145 5.84878253 0.50174152 8.54569951 1.81415321 0.93481342
 7.41661851 0.97254996 1.02835036 1.56581317]
DEBUG: Planck15 ages (Gyr): [8.78674868 0.96239105 8.59120806 0.58471234 3.60494676 6.13671851
 0.70638867 5.97561639 5.74925924 4.12082597]
DEBUG: cosmo_colibre ages (Gyr): [8.77711965 0.96431237 8.58221353 0.58647203 3.6059553  6.13411973
 0.70821656 5.97333521 5.74740332 4.12133   ]
DEBUG: us.look_back_time -> ages (Gyr): [8.77711965 0.96431237 8.58221353 0.58647203 3.6059553  6.13411973
 0.70821657 5.97333521 5.74740333 4.12133   ]
[74/100] subhalo 72823 done; total_formed=2.908e+01
Building SWIFTGalaxy for subhalo 175532 (soap_index=73477790)
Read masses: Nstars=39530, sum_current=5.534111e+10 Msun
DEBUG: sample z (first valid): [1.88653982 0.48661646 0.02675942 4.46133333 0.97445168 2.45107952
 6.30124777 2.07075251 5.52944107 1.64385993]
DEBUG: Planck15 ages (Gyr): [ 3.47408289  8.70256098 13.41880102  1.35071033  5.96767343  2.67320285
  0.87436042  3.17382358  1.03378947  3.9464443 ]
DEBUG: cosmo_colibre ages (Gyr): [ 3.47520194  8.69320735 13.38931899  1.3526853   5.96540758  2.6748504
  0.87625597  3.1751702   1.03572753  3.94713134]
DEBUG: us.look_back_time -> ages (Gyr): [ 3.47520194  8.69320735 13.38931899  1.35268531  5.96540758  2.6748504
  0.87625597  3.1751702   1.03572754  3.94713134]
[75/100] subhalo 175532 done; total_formed=9.203e+00
Building SWIFTGalaxy for subhalo 158160 (soap_index=73652614)
Read masses: Nstars=89007, sum_current=1.204852e+11 Msun
DEBUG: sample z (first valid): [1.2200542  3.31498551 0.40659341 0.59207074 0.76799396 5.03240059
 0.39664138 0.30342084 0.60832433 3.17400166]
DEBUG: Planck15 ages (Gyr): [ 5.06624332  1.91964929  9.32899095  7.96856274  6.93686879  1.16395577
  9.41152972 10.23949804  7.86376357  2.01687158]
DEBUG: cosmo_colibre ages (Gyr): [ 5.06552424  1.92156908  9.31750864  7.96146716  6.93250671  1.1659159
  9.39975337 10.22460202  7.85696927  2.01876852]
DEBUG: us.look_back_time -> ages (Gyr): [ 5.06552424  1.92156909  9.31750864  7.96146717  6.93250671  1.1659159
  9.39975337 10.22460202  7.85696927  2.01876852]
[76/100] subhalo 158160 done; total_formed=1.996e+01
Building SWIFTGalaxy for subhalo 350543 (soap_index=73667910)
Read masses: Nstars=10988, sum_current=1.535788e+10 Msun
DEBUG: sample z (first valid): [1.82482759 2.28633036 1.73705312 3.18305993 1.98678334 4.16600977
 2.23410975 2.32636281 2.23890481 2.73722628]
DEBUG: Planck15 ages (Gyr): [3.58514961 2.87294627 3.75337168 2.01038242 3.30521814 1.46773273
 2.94141502 2.82220813 2.93501702 2.37630405]
DEBUG: cosmo_colibre ages (Gyr): [3.58617531 2.87448534 3.75424642 2.012281   3.30646958 1.46970803
 2.94291338 2.82377621 2.93651927 2.37808473]
DEBUG: us.look_back_time -> ages (Gyr): [3.58617532 2.87448534 3.75424642 2.012281   3.30646958 1.46970804
 2.94291339 2.82377621 2.93651927 2.37808474]
[77/100] subhalo 350543 done; total_formed=2.585e+00
Building SWIFTGalaxy for subhalo 1472007 (soap_index=73677469)
Read masses: Nstars=28916, sum_current=4.027919e+10 Msun
DEBUG: sample z (first valid): [6.79170134 0.46928527 3.46673937 0.46037971 5.34669766 6.83923445
 6.54240994 0.45299752 1.12365522 3.73765633]
DEBUG: Planck15 ages (Gyr): [0.7931073  8.83282059 1.82337064 8.90088486 1.07870479 0.78590204
 0.83276117 8.95789857 5.39262672 1.67017003]
DEBUG: cosmo_colibre ages (Gyr): [0.79497344 8.82303943 1.82530938 8.89087714 1.08065165 0.78776529
 0.83464239 8.94769939 5.39139158 1.67213114]
DEBUG: us.look_back_time -> ages (Gyr): [0.79497345 8.82303943 1.82530938 8.89087714 1.08065165 0.78776529
 0.83464239 8.94769939 5.39139158 1.67213114]
[78/100] subhalo 1472007 done; total_formed=6.614e+00
Building SWIFTGalaxy for subhalo 1465535 (soap_index=73749128)
Read masses: Nstars=37822, sum_current=4.865323e+10 Msun
DEBUG: sample z (first valid): [6.31591873 4.34072203 0.14054995 0.82877553 4.31904878 4.21202481
 2.20156326 0.84650062 0.86351228 3.1854643 ]
DEBUG: Planck15 ages (Gyr): [ 0.87173188  1.39656682 11.96121549  6.62753259  1.40508093  1.44841526
  2.98545182  6.54133149  6.46022372  2.00866578]
DEBUG: cosmo_colibre ages (Gyr): [ 0.87362656  1.39854271 11.93889841  6.62388904  1.40705687  1.45039096
  2.98692305  6.53787989  6.45694942  2.01056479]
DEBUG: us.look_back_time -> ages (Gyr): [ 0.87362657  1.39854271 11.93889841  6.62388905  1.40705688  1.45039096
  2.98692305  6.53787989  6.45694942  2.01056479]
[79/100] subhalo 1465535 done; total_formed=8.172e+00
Building SWIFTGalaxy for subhalo 749838 (soap_index=73828584)
Read masses: Nstars=34058, sum_current=4.896837e+10 Msun
DEBUG: sample z (first valid): [0.23262113 0.28764539 1.72680369 3.66116643 2.89863177 5.5964771
 0.68524995 1.1816245  4.58466127 0.43392263]
DEBUG: Planck15 ages (Gyr): [10.9410337  10.39005688  3.77384892  1.71120309  2.23198012  1.01808638
  7.39503165  5.19249942  1.30634758  9.10774894]
DEBUG: cosmo_colibre ages (Gyr): [10.92326039 10.37456104  3.77470449  1.71315916  2.23381343  1.02002105
  7.38951962  5.19158656  1.30832069  9.09703931]
DEBUG: us.look_back_time -> ages (Gyr): [10.92326039 10.37456104  3.77470449  1.71315916  2.23381343  1.02002106
  7.38951962  5.19158656  1.30832069  9.09703931]
[80/100] subhalo 749838 done; total_formed=8.000e+00
Building SWIFTGalaxy for subhalo 63741 (soap_index=73863505)
Read masses: Nstars=61206, sum_current=8.196437e+10 Msun
DEBUG: sample z (first valid): [3.20264204 0.47152865 0.39095    0.39012388 0.65211253 0.4266806
 0.44747769 3.14339002 3.67080037 0.34031414]
DEBUG: Planck15 ages (Gyr): [1.99647152 8.81579663 9.45921632 9.46616771 7.59159533 9.16561504
 9.00088376 2.03905923 1.70594355 9.89954957]
DEBUG: cosmo_colibre ages (Gyr): [1.99837356 8.80607181 9.44726867 9.45419499 7.58555858 9.15470551
 8.99053923 2.04095043 1.70790031 9.88597144]
DEBUG: us.look_back_time -> ages (Gyr): [1.99837356 8.80607181 9.44726867 9.454195   7.58555858 9.15470551
 8.99053923 2.04095043 1.70790031 9.88597144]
[81/100] subhalo 63741 done; total_formed=1.364e+01
Building SWIFTGalaxy for subhalo 160520 (soap_index=73878905)
Read masses: Nstars=56427, sum_current=7.859886e+10 Msun
DEBUG: sample z (first valid): [6.58869847 2.07565234 0.30977696 0.31440032 0.31735949 1.60767149
 7.31464095 5.35963125 1.85734217 0.04516458]
DEBUG: Planck15 ages (Gyr): [ 0.82515225  3.16642058 10.17973056 10.1365746  10.10909232  4.02578782
  0.71943453  1.07542012  3.52592318 13.16666388]
DEBUG: cosmo_colibre ages (Gyr): [ 0.82703069  3.16777236 10.16506991 10.12208294 10.09470785  4.02639319
  0.72126867  1.07736638  3.52699928 13.13847386]
DEBUG: us.look_back_time -> ages (Gyr): [ 0.82703069  3.16777236 10.16506991 10.12208295 10.09470785  4.02639319
  0.72126867  1.07736638  3.52699929 13.13847386]
[82/100] subhalo 160520 done; total_formed=1.288e+01
Building SWIFTGalaxy for subhalo 2821311 (soap_index=73914960)
Read masses: Nstars=52546, sum_current=7.330725e+10 Msun
DEBUG: sample z (first valid): [0.33289945 0.16215066 0.09066702 0.00663554 3.11813498 0.07584214
 0.07584214 0.16272798 0.24271845 3.38573245]
DEBUG: Planck15 ages (Gyr): [ 9.96653673 11.71004839 12.57121846 13.70229854  2.05766963 12.76097639
 12.76097639 11.70343878 10.83681743  1.87374398]
DEBUG: cosmo_colibre ages (Gyr): [ 9.95270293 11.68888794 12.54599417 13.67133912  2.05955587 12.73482032
 12.73482032 11.68230844 10.81948469  1.87567327]
DEBUG: us.look_back_time -> ages (Gyr): [ 9.95270293 11.68888794 12.54599417 13.67133912  2.05955587 12.73482032
 12.73482032 11.68230844 10.81948469  1.87567327]
[83/100] subhalo 2821311 done; total_formed=1.213e+01
Building SWIFTGalaxy for subhalo 743074 (soap_index=73958025)
Read masses: Nstars=104338, sum_current=1.328351e+11 Msun
DEBUG: sample z (first valid): [1.64578119 2.41120133 5.58322451 8.90119353 7.80091318 9.43816198
 1.57347051 1.31330745 0.25538273 0.24773437]
DEBUG: Planck15 ages (Gyr): [ 3.94230276  2.71941526  1.02115923  0.55345822  0.66058803  0.51123252
  4.10317111  4.77941549 10.70811685 10.78557792]
DEBUG: cosmo_colibre ages (Gyr): [ 3.94299398  2.72103907  1.02309458  0.5551971   0.66239244  0.51294076
  4.10369425  4.77910958 10.69132193 10.76846013]
DEBUG: us.look_back_time -> ages (Gyr): [ 3.94299399  2.72103907  1.02309458  0.5551971   0.66239244  0.51294076
  4.10369426  4.77910959 10.69132193 10.76846013]
[84/100] subhalo 743074 done; total_formed=2.230e+01
Building SWIFTGalaxy for subhalo 354240 (soap_index=73969882)
Read masses: Nstars=156291, sum_current=2.046714e+11 Msun
DEBUG: sample z (first valid): [5.4503937  0.68438367 0.70152664 4.81611644 5.75907591 3.86424701
 0.59052519 5.42446819 3.80539669 6.29799555]
DEBUG: Planck15 ages (Gyr): [1.05282954 7.40007097 7.30131238 1.2293413  0.98160088 1.60574317
 7.97863782 1.05920137 1.63517282 0.87494489]
DEBUG: cosmo_colibre ages (Gyr): [1.05477149 7.39454572 7.29604391 1.23130875 0.98352704 1.60771074
 7.971513   1.06114456 1.63713766 0.87684063]
DEBUG: us.look_back_time -> ages (Gyr): [1.05477149 7.39454573 7.29604391 1.23130875 0.98352704 1.60771075
 7.971513   1.06114457 1.63713766 0.87684063]
[85/100] subhalo 354240 done; total_formed=3.419e+01
Building SWIFTGalaxy for subhalo 6334 (soap_index=73997124)
Read masses: Nstars=15193, sum_current=1.886386e+10 Msun
DEBUG: sample z (first valid): [0.01637717 5.69076059 4.99597438 5.04464121 7.29779691 6.1694563
 4.89352518 3.69926861 3.31498551 4.1909703 ]
DEBUG: Planck15 ages (Gyr): [13.56402516  0.99666131  1.17455828  1.16042854  0.72162791  0.898576
  1.20525399  1.69055703  1.91964929  1.45720147]
DEBUG: cosmo_colibre ages (Gyr): [13.53378954  0.9985911   1.17651975  1.1623882   0.72346309  0.90047923
  1.20721902  1.69251572  1.92156908  1.45917701]
DEBUG: us.look_back_time -> ages (Gyr): [13.53378954  0.99859111  1.17651976  1.16238821  0.72346309  0.90047923
  1.20721903  1.69251572  1.92156909  1.45917702]
[86/100] subhalo 6334 done; total_formed=3.193e+00
Building SWIFTGalaxy for subhalo 26454610 (soap_index=74022437)
Read masses: Nstars=82151, sum_current=1.164288e+11 Msun
DEBUG: sample z (first valid): [4.18030195 0.81862582 3.89403331 0.48580756 5.95415959 2.15289137
 4.10723192 0.44786144 0.64464967 1.68304266]
DEBUG: Planck15 ages (Gyr): [1.46168724 6.67768753 1.59118054 8.70857673 0.94061105 3.05335196
 1.49303669 8.99788551 7.63696058 3.86335077]
DEBUG: cosmo_colibre ages (Gyr): [1.46366269 6.67393065 1.59314933 8.69920353 0.94252653 3.05477986
 1.49501122 8.98755114 7.63080006 3.86412049]
DEBUG: us.look_back_time -> ages (Gyr): [1.46366269 6.67393066 1.59314933 8.69920353 0.94252654 3.05477986
 1.49501122 8.98755114 7.63080006 3.8641205 ]
[87/100] subhalo 26454610 done; total_formed=1.921e+01
Building SWIFTGalaxy for subhalo 756815 (soap_index=74036802)
Read masses: Nstars=27885, sum_current=4.035909e+10 Msun
DEBUG: sample z (first valid): [0.29815387 4.6760783  4.47227789 2.40234659 6.24234722 7.74746396
 3.79064327 3.12331697 2.35703309 7.37413749]
DEBUG: Planck15 ages (Gyr): [10.28941121  1.27500058  1.34667298  2.72985462  0.8850472   0.6666583
  1.64269091  2.0538282   2.78432205  0.71177505]
DEBUG: cosmo_colibre ages (Gyr): [10.27431742  1.27697176  1.34864783  2.73147295  0.88694619  0.66846596
  1.64465499  2.05571548  2.78591114  0.71360554]
DEBUG: us.look_back_time -> ages (Gyr): [10.27431742  1.27697176  1.34864783  2.73147296  0.8869462   0.66846596
  1.644655    2.05571548  2.78591114  0.71360554]
[88/100] subhalo 756815 done; total_formed=6.581e+00
Building SWIFTGalaxy for subhalo 2875916 (soap_index=74036803)
Read masses: Nstars=50281, sum_current=6.685424e+10 Msun
DEBUG: sample z (first valid): [0.26693474 4.89936088 1.45434799 8.05506045 1.44994393 1.3417423
 0.91223156 2.08462769 0.76437648 0.93367166]
DEBUG: Planck15 ages (Gyr): [10.5926341   1.20346989  4.39235188  0.63294185  4.40366762  4.6970879
  6.23639334  3.15293296  6.95597768  6.14169828]
DEBUG: cosmo_colibre ages (Gyr): [10.57631583  1.20543472  4.39254502  0.63473085  4.40384711  4.69689373
  6.23359182  3.15429408  6.95156968  6.13908948]
DEBUG: us.look_back_time -> ages (Gyr): [10.57631583  1.20543473  4.39254502  0.63473085  4.40384711  4.69689373
  6.23359182  3.15429408  6.95156968  6.13908948]
[89/100] subhalo 2875916 done; total_formed=1.115e+01
Building SWIFTGalaxy for subhalo 65080 (soap_index=74098546)
Read masses: Nstars=49630, sum_current=6.799897e+10 Msun
DEBUG: sample z (first valid): [ 2.2992348  10.32175866  2.19906277  3.8004688   4.6992782   0.83061453
  1.49375951  1.15210824  3.22295251  1.32628141]
DEBUG: Planck15 ages (Gyr): [2.85642857 0.4524526  2.98887971 1.63767764 1.2672435  6.61850758
 4.29313605 5.29289931 1.98221043 4.74156799]
DEBUG: cosmo_colibre ages (Gyr): [2.85797719 0.45411265 2.99034879 1.63964223 1.26921412 6.61488431
 4.29344648 5.29182709 1.98411594 4.74131383]
DEBUG: us.look_back_time -> ages (Gyr): [2.85797719 0.45411266 2.99034879 1.63964223 1.26921412 6.61488431
 4.29344649 5.29182709 1.98411595 4.74131383]
[90/100] subhalo 65080 done; total_formed=1.135e+01
Building SWIFTGalaxy for subhalo 363053 (soap_index=74144651)
Read masses: Nstars=19279, sum_current=2.518823e+10 Msun
DEBUG: sample z (first valid): [0.08102402 0.06576465 4.82801245 3.96409635 2.05842822 2.64940417
 0.48756129 3.69556495 2.59416475 5.24449738]
DEBUG: Planck15 ages (Gyr): [12.69419228 12.89227991  1.22558789  1.55777603  3.19256949  2.461418
  8.69554217  1.69254575  2.51755874  1.10525693]
DEBUG: cosmo_colibre ages (Gyr): [12.66836559 12.86547171  1.22755498  1.55974725  3.19390294  2.46316395
  8.68621134  1.6945042   2.51928026  1.10720839]
DEBUG: us.look_back_time -> ages (Gyr): [12.66836559 12.86547171  1.22755499  1.55974725  3.19390294  2.46316395
  8.68621134  1.6945042   2.51928027  1.1072084 ]
[91/100] subhalo 363053 done; total_formed=4.225e+00
Building SWIFTGalaxy for subhalo 1324522 (soap_index=74144659)
Read masses: Nstars=98722, sum_current=1.337323e+11 Msun
DEBUG: sample z (first valid): [1.8819701  1.73773916 0.59937524 1.27492363 0.18595729 0.18716035
 0.19538888 0.20064488 1.00784314 0.77392811]
DEBUG: Planck15 ages (Gyr): [ 3.48211423  3.75200749  7.92120549  4.89426068 11.44184446 11.42852446
 11.33801142 11.28073173  5.830859    6.9056969 ]
DEBUG: cosmo_colibre ages (Gyr): [ 3.4832267   3.7528835   7.9142467   4.89379383 11.4218921  11.40863137
 11.31851916 11.26149144  5.82885259  6.90140934]
DEBUG: us.look_back_time -> ages (Gyr): [ 3.4832267   3.7528835   7.91424671  4.89379383 11.4218921  11.40863137
 11.31851916 11.26149144  5.8288526   6.90140934]
[92/100] subhalo 1324522 done; total_formed=2.224e+01
Building SWIFTGalaxy for subhalo 2913615 (soap_index=74245024)
Read masses: Nstars=81343, sum_current=1.125690e+11 Msun
DEBUG: sample z (first valid): [5.7181958  0.81058681 0.81299104 0.682481   4.243719   0.84462959
 0.81399469 0.79295251 1.10699588 6.63466915]
DEBUG: Planck15 ages (Gyr): [0.99056727 6.71783034 6.70578579 7.41115767 1.43535363 6.55034848
 6.70076766 6.80720412 5.45240509 0.81770925]
DEBUG: cosmo_colibre ages (Gyr): [0.99249561 6.71398187 6.70196488 7.4056033  1.43732949 6.54687697
 6.69695821 6.80314891 5.45107007 0.81958491]
DEBUG: us.look_back_time -> ages (Gyr): [0.99249561 6.71398187 6.70196489 7.4056033  1.4373295  6.54687697
 6.69695821 6.80314891 5.45107007 0.81958492]
[93/100] subhalo 2913615 done; total_formed=1.857e+01
Building SWIFTGalaxy for subhalo 773701 (soap_index=74273399)
Read masses: Nstars=28822, sum_current=3.899746e+10 Msun
DEBUG: sample z (first valid): [3.24016563 1.14858042 0.23513004 1.56320401 2.94225217 2.86096383
 3.80293148 2.54516932 3.25641359 1.66970833]
DEBUG: Planck15 ages (Gyr): [ 1.97025545  5.30510494 10.91500451  4.12686972  2.19544339  2.2643453
  1.63642508  2.56913916  1.95907972  3.89130795]
DEBUG: cosmo_colibre ages (Gyr): [ 1.97216381  5.30401303 10.89734166  4.12736717  2.19728876  2.2661675
  1.63838979  2.57083719  1.96099069  3.89205017]
DEBUG: us.look_back_time -> ages (Gyr): [ 1.97216381  5.30401303 10.89734166  4.12736717  2.19728876  2.2661675
  1.6383898   2.57083719  1.96099069  3.89205017]
[94/100] subhalo 773701 done; total_formed=6.558e+00
Building SWIFTGalaxy for subhalo 168026 (soap_index=74327629)
Read masses: Nstars=34512, sum_current=4.606500e+10 Msun
DEBUG: sample z (first valid): [0.51942873 5.1686747  4.52813159 7.57183964 4.6760783  1.04684865
 3.8103347  0.27402799 0.34858836 0.58882855]
DEBUG: Planck15 ages (Gyr): [ 8.46367093  1.12566538  1.32637732  0.68727191  1.27500058  5.67718282
  1.63266921 10.52261421  9.82557067  7.98972001]
DEBUG: cosmo_colibre ages (Gyr): [ 8.45508047  1.12762009  1.32835139  0.6890903   1.27697176  5.6754572
  1.63463429 10.50658219  9.81227256  7.98256296]
DEBUG: us.look_back_time -> ages (Gyr): [ 8.45508047  1.12762009  1.32835139  0.6890903   1.27697176  5.6754572
  1.6346343  10.50658219  9.81227256  7.98256296]
[95/100] subhalo 168026 done; total_formed=7.690e+00
Building SWIFTGalaxy for subhalo 68257 (soap_index=74350765)
Read masses: Nstars=589196, sum_current=7.340291e+11 Msun
DEBUG: sample z (first valid): [2.26212046 1.84790544 4.55060557 0.3719645  0.61977261 0.44276154
 0.4559673  1.18993517 0.71812081 5.7181958 ]
DEBUG: Planck15 ages (Gyr): [2.90436059 3.54294768 1.31835365 9.62088597 7.79119446 9.0378532
 8.93489755 5.16477515 7.20762197 0.99056727]
DEBUG: cosmo_colibre ages (Gyr): [2.90588121 3.54400944 1.32032736 9.60834985 7.78460566 9.02738297
 8.92477579 5.16390546 7.2025927  0.99249561]
DEBUG: us.look_back_time -> ages (Gyr): [2.90588122 3.54400944 1.32032737 9.60834985 7.78460566 9.02738297
 8.92477579 5.16390546 7.2025927  0.99249561]
[96/100] subhalo 68257 done; total_formed=1.226e+02
Building SWIFTGalaxy for subhalo 770394 (soap_index=74392421)
Read masses: Nstars=38766, sum_current=4.974386e+10 Msun
DEBUG: sample z (first valid): [3.71821454 0.78203176 1.9667723  1.94782296 1.90470703 1.66406504
 1.8758996  6.37602701 1.75338207 5.39875024]
DEBUG: Planck15 ages (Gyr): [1.68044401 6.86347596 3.33784434 3.36922649 3.44245009 3.90323863
 3.49283005 0.86109837 3.72111841 1.06558571]
DEBUG: cosmo_colibre ages (Gyr): [1.68240392 6.85928857 3.3390711  3.37042909 3.44359481 3.90396902
 3.4939337  0.86298951 3.72202299 1.06753013]
DEBUG: us.look_back_time -> ages (Gyr): [1.68240392 6.85928858 3.3390711  3.37042909 3.44359481 3.90396902
 3.4939337  0.86298951 3.72202299 1.06753013]
[97/100] subhalo 770394 done; total_formed=8.346e+00
Building SWIFTGalaxy for subhalo 373772 (soap_index=74495560)
Read masses: Nstars=331471, sum_current=4.209063e+11 Msun
DEBUG: sample z (first valid): [3.04768081 3.20264204 0.34781178 4.36784339 0.0382763  2.27712771
 1.99387848 3.78574558 1.80116259 2.06787754]
DEBUG: Planck15 ages (Gyr): [ 2.1110978   1.99647152  9.83247957  1.38603239 13.26024351  2.88482155
  3.29377488  1.64519936  3.62928045  3.17818046]
DEBUG: cosmo_colibre ages (Gyr): [ 2.11296905  1.99837356  9.81915541  1.38800816 13.23157642  2.88635369
  3.29503489  1.64716318  3.63026767  3.17952402]
DEBUG: us.look_back_time -> ages (Gyr): [ 2.11296906  1.99837356  9.81915541  1.38800816 13.23157642  2.88635369
  3.29503489  1.64716319  3.63026767  3.17952403]
[98/100] subhalo 373772 done; total_formed=7.062e+01
Building SWIFTGalaxy for subhalo 13058820 (soap_index=74517710)
Read masses: Nstars=55711, sum_current=7.567835e+10 Msun
DEBUG: sample z (first valid): [5.1937435  0.2908919  0.38812166 0.28310753 0.27531719 2.08637091
 0.54274953 2.44418751 6.37602701 0.24963771]
DEBUG: Planck15 ages (Gyr): [ 1.11884908 10.35881137  9.48304651 10.43396032 10.50996     3.15032424
  8.29979944  2.68109699  0.86109837 10.76622595]
DEBUG: cosmo_colibre ages (Gyr): [ 1.12080273 10.34344082  9.47101286 10.41828773 10.49397949  3.15168716
  8.29171678  2.68274054  0.86298951 10.74918905]
DEBUG: us.look_back_time -> ages (Gyr): [ 1.12080274 10.34344082  9.47101287 10.41828773 10.49397949  3.15168716
  8.29171679  2.68274054  0.86298951 10.74918905]
[99/100] subhalo 13058820 done; total_formed=1.261e+01
Building SWIFTGalaxy for subhalo 7594010 (soap_index=74539065)
Read masses: Nstars=28470, sum_current=4.153145e+10 Msun
DEBUG: sample z (first valid): [5.88403361 0.99367243 0.78552746 0.86287663 1.46357417 1.52061538
 0.34803357 0.97540391 1.33224199 3.66116643]
DEBUG: Planck15 ages (Gyr): [0.95501267 5.88831334 6.84538566 6.46322622 4.36879725 4.22757755
 9.83050569 5.96370241 4.72434025 1.71120309]
DEBUG: cosmo_colibre ages (Gyr): [0.95693204 5.88619907 6.84124094 6.45994541 4.36901863 4.22796315
 9.81718897 5.96144422 4.72410943 1.71315916]
DEBUG: us.look_back_time -> ages (Gyr): [0.95693204 5.88619907 6.84124094 6.45994541 4.36901863 4.22796315
 9.81718897 5.96144422 4.72410943 1.71315916]
[100/100] subhalo 7594010 done; total_formed=6.888e+00
All halos processed. Writing CSV.
Wrote relicness_extras_2300_2400.csv (100 rows) in 9132.3s
