Will process 30 subhalos (test=False)
Mapping requested subhalos -> SOAP rows (chunked scan)...
Found SOAP rows for 30 / 30 requested subhalos
Reading SOAP StellarMass & HalfMassRadiusStars for requested rows (applying Mu/Lu conversions)...
Summing PartType4/Masses via mapping NPZ (particle-level current stellar mass -> Msun)...
Analysing subhalo 5546367
Analysing subhalo 735922
Analysing subhalo 450
Analysing subhalo 744812
Analysing subhalo 761509
Analysing subhalo 761928
Analysing subhalo 4154372
Analysing subhalo 2892371
Analysing subhalo 359578
Analysing subhalo 67121
Analysing subhalo 2920402
Analysing subhalo 2969809
Analysing subhalo 1560918
Analysing subhalo 789867
Analysing subhalo 171940
Analysing subhalo 70632
Analysing subhalo 171065
Analysing subhalo 383037
Analysing subhalo 73730
Analysing subhalo 3104480
Analysing subhalo 158168
Analysing subhalo 2798856
Analysing subhalo 735917
Analysing subhalo 1457871
Analysing subhalo 5591367
Analysing subhalo 776018
Analysing subhalo 68591
Analysing subhalo 4207280
Analysing subhalo 168887
Analysing subhalo 170007
halos:   0%|                                                                 | 0/30 [00:00<?, ?it/s]Flushed 30 rows to outfiles/relic_chunk_068.csv
halos: 100%|███████████████████████████████████████████████████████| 30/30 [00:00<00:00, 453.90it/s]
Done. Wrote 30 rows to outfiles/relic_chunk_068.csv
