Will process 30 subhalos (test=False)
Mapping requested subhalos -> SOAP rows (chunked scan)...
Found SOAP rows for 30 / 30 requested subhalos
Reading SOAP StellarMass & HalfMassRadiusStars for requested rows (applying Mu/Lu conversions)...
Summing PartType4/Masses via mapping NPZ (particle-level current stellar mass -> Msun)...
Analysing subhalo 93121
Analysing subhalo 928964
Analysing subhalo 10858706
Analysing subhalo 96584
Analysing subhalo 1875105
Analysing subhalo 94921
Analysing subhalo 1902638
Analysing subhalo 4599977
Analysing subhalo 95032
Analysing subhalo 100252
Analysing subhalo 956651
Analysing subhalo 481649
Analysing subhalo 22926
Analysing subhalo 236688
Analysing subhalo 236750
Analysing subhalo 3367832
Analysing subhalo 103807
Analysing subhalo 481574
Analysing subhalo 233326
Analysing subhalo 5093786
Analysing subhalo 24896
Analysing subhalo 8903
Analysing subhalo 4356496
Analysing subhalo 9128
Analysing subhalo 840334
Analysing subhalo 1669290
Analysing subhalo 26978
Analysing subhalo 5899523
Analysing subhalo 193339
Analysing subhalo 4472321
halos:   0%|                                                                 | 0/30 [00:00<?, ?it/s]Flushed 30 rows to outfiles/relic_chunk_019.csv
halos: 100%|███████████████████████████████████████████████████████| 30/30 [00:00<00:00, 578.09it/s]
Done. Wrote 30 rows to outfiles/relic_chunk_019.csv
