Task 10: rendering galaxies 150 to 164
Using PARTRIDGE at: /home/mzemsch/COLIBRE-analysis/PARTRIDGE
Found 267 relic IDs in z0_relics_trackids.csv using column 'track_id'
Rendering IDs in range [150, 165) -> 15 galaxies
[1/15] Rendering halo 40638
Calculating stellar luminosities from FSPS tables.
Luminosity generation for all bands done. Time taken: 1.888 s (read-in time: 1.683 s).
Loaded in and pre-processed the data. Total pre-processing time taken: 70.599 s.
Generated star smoothing lengths. Time taken: 1.136 s.
Rendered the stars onto the grid. Time taken: 140.854 s.
Rendered the dust onto the grid. Time taken: 137.596 s.
Computed the projected luminosity maps. Total time taken: 289.572 s.
Created the RGB image.
Created the RGB image.
Done! Total time taken: 361.392 s.
[2/15] Rendering halo 126915
Calculating stellar luminosities from FSPS tables.
Luminosity generation for all bands done. Time taken: 0.933 s (read-in time: 0.898 s).
Loaded in and pre-processed the data. Total pre-processing time taken: 70.600 s.
Generated star smoothing lengths. Time taken: 0.089 s.
Rendered the stars onto the grid. Time taken: 111.214 s.
Rendered the dust onto the grid. Time taken: 143.795 s.
Computed the projected luminosity maps. Total time taken: 267.985 s.
Created the RGB image.
Created the RGB image.
Done! Total time taken: 338.815 s.
[3/15] Rendering halo 4323
Calculating stellar luminosities from FSPS tables.
Luminosity generation for all bands done. Time taken: 1.987 s (read-in time: 1.967 s).
Loaded in and pre-processed the data. Total pre-processing time taken: 83.768 s.
Generated star smoothing lengths. Time taken: 0.054 s.
Rendered the stars onto the grid. Time taken: 123.458 s.
Rendered the dust onto the grid. Time taken: 163.550 s.
Computed the projected luminosity maps. Total time taken: 296.575 s.
Created the RGB image.
Created the RGB image.
Done! Total time taken: 380.581 s.
[4/15] Rendering halo 250132
Calculating stellar luminosities from FSPS tables.
Luminosity generation for all bands done. Time taken: 6.808 s (read-in time: 6.733 s).
Loaded in and pre-processed the data. Total pre-processing time taken: 128.522 s.
Generated star smoothing lengths. Time taken: 0.382 s.
Rendered the stars onto the grid. Time taken: 146.243 s.
Rendered the dust onto the grid. Time taken: 191.852 s.
Computed the projected luminosity maps. Total time taken: 346.384 s.
Created the RGB image.
Created the RGB image.
Done! Total time taken: 475.377 s.
[5/15] Rendering halo 42536
Calculating stellar luminosities from FSPS tables.
Luminosity generation for all bands done. Time taken: 0.981 s (read-in time: 0.952 s).
Loaded in and pre-processed the data. Total pre-processing time taken: 73.269 s.
Generated star smoothing lengths. Time taken: 0.591 s.
Rendered the stars onto the grid. Time taken: 116.987 s.
Rendered the dust onto the grid. Time taken: 124.557 s.
Computed the projected luminosity maps. Total time taken: 250.093 s.
Created the RGB image.
Created the RGB image.
Done! Total time taken: 324.095 s.
[6/15] Rendering halo 645160
Calculating stellar luminosities from FSPS tables.
Luminosity generation for all bands done. Time taken: 0.837 s (read-in time: 0.778 s).
Loaded in and pre-processed the data. Total pre-processing time taken: 74.900 s.
Generated star smoothing lengths. Time taken: 0.089 s.
Rendered the stars onto the grid. Time taken: 123.875 s.
Rendered the dust onto the grid. Time taken: 128.438 s.
Computed the projected luminosity maps. Total time taken: 259.270 s.
Created the RGB image.
Created the RGB image.
Done! Total time taken: 334.340 s.
[7/15] Rendering halo 308423
Calculating stellar luminosities from FSPS tables.
Luminosity generation for all bands done. Time taken: 8.882 s (read-in time: 8.802 s).
Loaded in and pre-processed the data. Total pre-processing time taken: 125.889 s.
Generated star smoothing lengths. Time taken: 0.167 s.
Rendered the stars onto the grid. Time taken: 125.732 s.
Rendered the dust onto the grid. Time taken: 162.095 s.
Computed the projected luminosity maps. Total time taken: 295.107 s.
Created the RGB image.
Created the RGB image.
Done! Total time taken: 421.269 s.
[8/15] Rendering halo 48750
Calculating stellar luminosities from FSPS tables.
Luminosity generation for all bands done. Time taken: 0.803 s (read-in time: 0.779 s).
Loaded in and pre-processed the data. Total pre-processing time taken: 68.554 s.
Generated star smoothing lengths. Time taken: 0.044 s.
Rendered the stars onto the grid. Time taken: 151.847 s.
Rendered the dust onto the grid. Time taken: 166.341 s.
Computed the projected luminosity maps. Total time taken: 325.829 s.
Created the RGB image.
Created the RGB image.
Done! Total time taken: 394.511 s.
[9/15] Rendering halo 34442
Calculating stellar luminosities from FSPS tables.
Luminosity generation for all bands done. Time taken: 4.739 s (read-in time: 4.225 s).
Loaded in and pre-processed the data. Total pre-processing time taken: 93.385 s.
Generated star smoothing lengths. Time taken: 0.852 s.
Rendered the stars onto the grid. Time taken: 138.303 s.
Rendered the dust onto the grid. Time taken: 148.796 s.
Computed the projected luminosity maps. Total time taken: 295.195 s.
Created the RGB image.
Created the RGB image.
Done! Total time taken: 389.513 s.
[10/15] Rendering halo 271684
Calculating stellar luminosities from FSPS tables.
Luminosity generation for all bands done. Time taken: 0.743 s (read-in time: 0.734 s).
Loaded in and pre-processed the data. Total pre-processing time taken: 63.806 s.
Generated star smoothing lengths. Time taken: 0.041 s.
Rendered the stars onto the grid. Time taken: 123.605 s.
Rendered the dust onto the grid. Time taken: 128.458 s.
Computed the projected luminosity maps. Total time taken: 260.487 s.
Created the RGB image.
Created the RGB image.
Done! Total time taken: 324.494 s.
[11/15] Rendering halo 3173
Calculating stellar luminosities from FSPS tables.
Luminosity generation for all bands done. Time taken: 15.827 s (read-in time: 13.823 s).
Loaded in and pre-processed the data. Total pre-processing time taken: 195.886 s.
Generated star smoothing lengths. Time taken: 5.582 s.
Rendered the stars onto the grid. Time taken: 153.789 s.
Rendered the dust onto the grid. Time taken: 152.288 s.
Computed the projected luminosity maps. Total time taken: 313.488 s.
Created the RGB image.
Created the RGB image.
Done! Total time taken: 515.241 s.
[12/15] Rendering halo 31990
Calculating stellar luminosities from FSPS tables.
Luminosity generation for all bands done. Time taken: 15.344 s (read-in time: 13.569 s).
Loaded in and pre-processed the data. Total pre-processing time taken: 202.008 s.
Generated star smoothing lengths. Time taken: 3.202 s.
Rendered the stars onto the grid. Time taken: 148.829 s.
Rendered the dust onto the grid. Time taken: 191.763 s.
Computed the projected luminosity maps. Total time taken: 347.778 s.
Created the RGB image.
Created the RGB image.
Done! Total time taken: 553.069 s.
[13/15] Rendering halo 32330
Calculating stellar luminosities from FSPS tables.
Luminosity generation for all bands done. Time taken: 15.342 s (read-in time: 13.459 s).
Loaded in and pre-processed the data. Total pre-processing time taken: 213.551 s.
Generated star smoothing lengths. Time taken: 6.168 s.
Rendered the stars onto the grid. Time taken: 122.635 s.
Rendered the dust onto the grid. Time taken: 163.857 s.
Computed the projected luminosity maps. Total time taken: 294.231 s.
Created the RGB image.
Created the RGB image.
Done! Total time taken: 514.111 s.
[14/15] Rendering halo 49186
Calculating stellar luminosities from FSPS tables.
Luminosity generation for all bands done. Time taken: 15.001 s (read-in time: 14.630 s).
Loaded in and pre-processed the data. Total pre-processing time taken: 198.676 s.
Generated star smoothing lengths. Time taken: 0.930 s.
Rendered the stars onto the grid. Time taken: 164.110 s.
Rendered the dust onto the grid. Time taken: 209.700 s.
Computed the projected luminosity maps. Total time taken: 381.553 s.
Created the RGB image.
Created the RGB image.
Done! Total time taken: 581.262 s.
[15/15] Rendering halo 49188
Calculating stellar luminosities from FSPS tables.
Luminosity generation for all bands done. Time taken: 16.207 s (read-in time: 14.938 s).
Loaded in and pre-processed the data. Total pre-processing time taken: 197.324 s.
Generated star smoothing lengths. Time taken: 2.539 s.
Rendered the stars onto the grid. Time taken: 165.799 s.
Rendered the dust onto the grid. Time taken: 165.368 s.
Computed the projected luminosity maps. Total time taken: 341.377 s.
Created the RGB image.
Created the RGB image.
Done! Total time taken: 541.372 s.
Done.
