Starting pure-swift relicness script
Loaded SOAP mapping for 91142867 halos
Batch mode: processing 100 halos (slice 2400:2500)
Building SWIFTGalaxy for subhalo 3005000 (soap_index=74545237)
Read masses: Nstars=105215, sum_current=1.390532e+11 Msun
DEBUG: sample z (first valid): [4.01999234 1.75685681 3.29744262 0.29815387 0.41156199 0.31408406
 7.09786235 6.49668268 2.39037765 0.60832433]
DEBUG: Planck15 ages (Gyr): [ 1.53195072  3.71431305  1.93132052 10.28941121  9.28818203 10.13951824
  0.74853601  0.84039302  2.74407041  7.86376357]
DEBUG: cosmo_colibre ages (Gyr): [ 1.53392348  3.71522387  1.93323777 10.27431742  9.27684395 10.12501508
  0.75038345  0.84227697  2.74568122  7.85696927]
DEBUG: us.look_back_time -> ages (Gyr): [ 1.53392349  3.71522388  1.93323777 10.27431742  9.27684395 10.12501508
  0.75038346  0.84227698  2.74568122  7.85696927]
[1/100] subhalo 3005000 done; total_formed=2.323e+01
Building SWIFTGalaxy for subhalo 785393 (soap_index=74562869)
Read masses: Nstars=37657, sum_current=5.370315e+10 Msun
DEBUG: sample z (first valid): [9.20730473 8.22197988 4.21202481 3.47100559 2.26049751 3.75553298
 2.51135877 6.39100034 3.12773194 5.2761923 ]
DEBUG: Planck15 ages (Gyr): [0.52870694 0.61581373 1.44841526 1.82077995 2.90648662 1.66081461
 2.60575544 0.858483   2.05056472 1.09690733]
DEBUG: cosmo_colibre ages (Gyr): [0.53042823 0.61759269 1.45039096 1.82271915 2.90800597 1.66277676
 2.60743617 0.86037325 2.05245287 1.09885739]
DEBUG: us.look_back_time -> ages (Gyr): [0.53042824 0.61759269 1.45039096 1.82271915 2.90800598 1.66277677
 2.60743617 0.86037326 2.05245287 1.09885739]
[2/100] subhalo 785393 done; total_formed=8.898e+00
Building SWIFTGalaxy for subhalo 2946016 (soap_index=74562871)
Read masses: Nstars=39893, sum_current=5.591142e+10 Msun
DEBUG: sample z (first valid): [1.83705628 2.77294185 3.43950684 0.73375661 8.37299771 4.780718
 5.65002537 6.91880135 5.33381657 4.00465827]
DEBUG: Planck15 ages (Gyr): [3.56268611 2.34306712 1.84005243 7.12101683 0.60097084 1.24062376
 1.00582526 0.77408185 1.08199272 1.53896442]
DEBUG: cosmo_colibre ages (Gyr): [3.56373109 2.34486063 1.84198815 7.11620486 0.60274077 1.24259223
 1.00775717 0.77594025 1.08394017 1.5409368 ]
DEBUG: us.look_back_time -> ages (Gyr): [3.56373109 2.34486063 1.84198816 7.11620486 0.60274077 1.24259224
 1.00775718 0.77594025 1.08394018 1.5409368 ]
[3/100] subhalo 2946016 done; total_formed=9.246e+00
Building SWIFTGalaxy for subhalo 7064 (soap_index=74586845)
Read masses: Nstars=30744, sum_current=3.879872e+10 Msun
DEBUG: sample z (first valid): [2.38058393 1.81512027 7.5544968  2.4649466  2.38862461 1.96730961
 2.01786701 3.37344011 2.61239114 3.18225909]
DEBUG: Planck15 ages (Gyr): [2.75579329 3.60314589 0.68936492 2.65743462 2.74616274 3.33696145
 3.25556027 1.88158899 2.498804   2.01095474]
DEBUG: cosmo_colibre ages (Gyr): [2.75739783 3.604156   0.69118437 2.65909008 2.74777244 3.33818888
 3.25684848 1.88351671 2.50053381 2.01285317]
DEBUG: us.look_back_time -> ages (Gyr): [2.75739783 3.604156   0.69118437 2.65909009 2.74777244 3.33818888
 3.25684848 1.88351672 2.50053381 2.01285317]
[4/100] subhalo 7064 done; total_formed=6.549e+00
Building SWIFTGalaxy for subhalo 70847 (soap_index=74586850)
Read masses: Nstars=194997, sum_current=2.533053e+11 Msun
DEBUG: sample z (first valid): [1.26972363 1.12365522 0.40118019 1.02234154 0.29354177 0.88799263
 0.9500119  2.14020125 1.74622863 1.69739875]
DEBUG: Planck15 ages (Gyr): [ 4.91015768  5.39262672  9.37375342  5.77298195 10.33340904  6.34621909
  6.07102663  3.07147147  3.73519246  3.83361327]
DEBUG: cosmo_colibre ages (Gyr): [ 4.90966808  5.39139158  9.36211203  5.77108261 10.31814003  6.34318862
  6.06855886  3.07288751  3.73608408  3.83441189]
DEBUG: us.look_back_time -> ages (Gyr): [ 4.90966808  5.39139158  9.36211203  5.77108262 10.31814003  6.34318862
  6.06855886  3.07288751  3.73608408  3.83441189]
[5/100] subhalo 70847 done; total_formed=4.246e+01
Building SWIFTGalaxy for subhalo 171805 (soap_index=74586862)
Read masses: Nstars=37299, sum_current=4.822154e+10 Msun
DEBUG: sample z (first valid): [0.59454988 0.46259597 0.45998931 4.83995723 4.99597438 4.10723192
 2.33075828 2.19003115 1.74071596 2.263095  ]
DEBUG: Planck15 ages (Gyr): [7.95244192 8.8838736  8.90388651 1.2218382  1.17455828 1.49303669
 2.81672678 3.00131487 3.74609741 2.90308519]
DEBUG: cosmo_colibre ages (Gyr): [7.94539303 8.87392271 8.89386875 1.22380492 1.17651975 1.49501122
 2.81829793 3.00277613 3.74697892 2.90460656]
DEBUG: us.look_back_time -> ages (Gyr): [7.94539303 8.87392271 8.89386875 1.22380493 1.17651976 1.49501122
 2.81829793 3.00277613 3.74697892 2.90460657]
[6/100] subhalo 171805 done; total_formed=8.099e+00
Building SWIFTGalaxy for subhalo 378932 (soap_index=74586902)
Read masses: Nstars=16368, sum_current=2.154816e+10 Msun
DEBUG: sample z (first valid): [9.95919732 2.36288998 1.53073834 5.08166295 2.45435378 1.26110958
 4.35687428 1.93225951 9.14567691 1.84000693]
DEBUG: Planck15 ages (Gyr): [0.47514082 2.77718206 4.2032838  1.14986771 2.66946585 4.93667361
 1.39027707 3.39536265 0.53354024 3.55730016]
DEBUG: cosmo_colibre ages (Gyr): [0.4768203  2.77877504 4.20369678 1.15182594 2.67111528 4.9361458
 1.39225289 3.39654483 0.53526505 3.55834973]
DEBUG: us.look_back_time -> ages (Gyr): [0.4768203  2.77877504 4.20369678 1.15182594 2.67111528 4.93614581
 1.39225289 3.39654484 0.53526505 3.55834974]
[7/100] subhalo 378932 done; total_formed=3.628e+00
Building SWIFTGalaxy for subhalo 1578325 (soap_index=74587021)
Read masses: Nstars=13922, sum_current=1.847313e+10 Msun
DEBUG: sample z (first valid): [ 1.42331016  1.97269346  5.94016732  1.39707388  1.41047521 10.48344139
  2.31559243  1.66233344  2.53560639  1.43013942]
DEBUG: Planck15 ages (Gyr): [4.47310955 3.32813589 0.94345568 4.54325044 4.50720413 0.44290915
 2.83571347 3.90691134 2.57940946 4.45513683]
DEBUG: cosmo_colibre ages (Gyr): [4.47320403 3.32937003 0.94537194 4.54325692 4.50725611 0.44456069
 2.83727392 3.90763808 2.58110269 4.45525352]
DEBUG: us.look_back_time -> ages (Gyr): [4.47320404 3.32937004 0.94537195 4.54325692 4.50725611 0.4445607
 2.83727392 3.90763808 2.58110269 4.45525353]
[8/100] subhalo 1578325 done; total_formed=3.090e+00
Building SWIFTGalaxy for subhalo 4241717 (soap_index=74587294)
Read masses: Nstars=8502, sum_current=1.290731e+10 Msun
DEBUG: sample z (first valid): [1.81270386 3.2091201  2.12821002 2.74877016 1.4490284  1.47361667
 2.25984879 2.78296006 2.31827848 1.4245653 ]
DEBUG: Planck15 ages (Gyr): [3.60764849 1.99190455 3.08875525 2.36547679 4.40602584 4.3433886
 2.90733715 2.33388154 2.83233543 4.46979766]
DEBUG: cosmo_colibre ages (Gyr): [3.60865467 1.99380771 3.09015985 2.3672617  4.40620248 4.34364016
 2.908856   2.33567852 2.8338978  4.46989624]
DEBUG: us.look_back_time -> ages (Gyr): [3.60865467 1.99380771 3.09015986 2.3672617  4.40620248 4.34364016
 2.908856   2.33567852 2.8338978  4.46989625]
[9/100] subhalo 4241717 done; total_formed=2.161e+00
Building SWIFTGalaxy for subhalo 5749142 (soap_index=74587409)
Read masses: Nstars=42528, sum_current=5.556953e+10 Msun
DEBUG: sample z (first valid): [1.10808029 0.97254996 0.65344636 6.36856308 1.34040426 1.52061538
 1.32265381 3.79064327 5.7181958  0.67081379]
DEBUG: Planck15 ages (Gyr): [5.44848213 5.97561639 7.58353043 0.86240703 4.70091094 4.22757755
 4.752102   1.64269091 0.99056727 7.47969892]
DEBUG: cosmo_colibre ages (Gyr): [5.44715371 5.97333521 7.57751558 0.86429861 4.70071164 4.22796315
 4.7518335  1.64465499 0.99249561 7.47396318]
DEBUG: us.look_back_time -> ages (Gyr): [5.44715371 5.97333521 7.57751558 0.86429862 4.70071165 4.22796315
 4.7518335  1.644655   0.99249561 7.47396318]
[10/100] subhalo 5749142 done; total_formed=9.327e+00
Building SWIFTGalaxy for subhalo 371486 (soap_index=74632186)
Read masses: Nstars=16524, sum_current=2.184180e+10 Msun
DEBUG: sample z (first valid): [4.58466127 5.55294471 2.27385353 5.50998311 1.80116259 5.50998311
 5.50352287 3.40134318 3.40904198 6.19859402]
DEBUG: Planck15 ages (Gyr): [1.30634758 1.02823825 2.88906604 1.03842294 3.62928045 1.03842294
 1.03996892 1.86385885 1.85901548 0.89312697]
DEBUG: cosmo_colibre ages (Gyr): [1.30832069 1.03017513 2.89059569 1.04036197 3.63026767 1.04036197
 1.04190827 1.86579007 1.86094763 0.89502852]
DEBUG: us.look_back_time -> ages (Gyr): [1.30832069 1.03017514 2.89059569 1.04036197 3.63026767 1.04036197
 1.04190828 1.86579007 1.86094764 0.89502852]
[11/100] subhalo 371486 done; total_formed=3.664e+00
Building SWIFTGalaxy for subhalo 16822200 (soap_index=74733866)
Read masses: Nstars=74670, sum_current=1.022028e+11 Msun
DEBUG: sample z (first valid): [6.09648078 0.5936193  1.08700083 1.32248919 1.09366814 2.01536763
 5.94016732 4.75735746 1.32265381 6.80748153]
DEBUG: Planck15 ages (Gyr): [0.91246824 7.95848733 5.52554702 4.75258093 5.50098665 3.25950803
 0.94345568 1.24816389 4.752102   0.79070314]
DEBUG: cosmo_colibre ages (Gyr): [0.91437568 7.95142094 5.52408751 4.75231177 5.49956922 3.26079336
 0.94537194 1.25013301 4.7518335  0.79256832]
DEBUG: us.look_back_time -> ages (Gyr): [0.91437568 7.95142094 5.52408751 4.75231177 5.49956922 3.26079336
 0.94537195 1.25013301 4.7518335  0.79256833]
[12/100] subhalo 16822200 done; total_formed=1.695e+01
Building SWIFTGalaxy for subhalo 21399143 (soap_index=74770394)
Read masses: Nstars=27991, sum_current=3.830494e+10 Msun
DEBUG: sample z (first valid): [1.0822266  6.40603458 1.28412101 1.04200162 2.7055298  0.48810173
 3.04144055 0.35125773 1.66666667 1.01910161]
DEBUG: Planck15 ages (Gyr): [5.54324038 0.85587025 4.86634355 5.69593064 2.40645646 8.6915312
 2.11594031 9.80187653 3.89773109 5.78583708]
DEBUG: cosmo_colibre ages (Gyr): [5.54175038 0.85775961 4.86591637 5.69417136 2.40822515 8.6822134
 2.11781016 9.78866759 3.89846695 5.7839141 ]
DEBUG: us.look_back_time -> ages (Gyr): [5.54175038 0.85775961 4.86591637 5.69417137 2.40822515 8.6822134
 2.11781016 9.78866759 3.89846695 5.7839141 ]
[13/100] subhalo 21399143 done; total_formed=6.384e+00
Building SWIFTGalaxy for subhalo 377481 (soap_index=74781307)
Read masses: Nstars=67672, sum_current=8.856635e+10 Msun
DEBUG: sample z (first valid): [0.7372495  2.00403374 5.4643914  0.52013361 0.49954238 1.96140985
 3.00709263 1.2347405  0.65897124 0.42742638]
DEBUG: Planck15 ages (Gyr): [7.10188818 3.2775083  1.04941568 8.45864709 8.60726593 3.34667663
 2.14292606 5.01927806 7.55026305 9.15963094]
DEBUG: cosmo_colibre ages (Gyr): [7.09712371 3.27878038 1.05135695 8.45007239 8.59821998 3.34789662
 2.14478787 5.0186292  7.5443382  9.14874214]
DEBUG: us.look_back_time -> ages (Gyr): [7.09712371 3.27878038 1.05135696 8.4500724  8.59821998 3.34789662
 2.14478787 5.0186292  7.5443382  9.14874215]
[14/100] subhalo 377481 done; total_formed=1.489e+01
Building SWIFTGalaxy for subhalo 1572727 (soap_index=74812891)
Read masses: Nstars=37123, sum_current=5.032740e+10 Msun
DEBUG: sample z (first valid): [0.01947607 0.02624491 0.0332997  1.23306529 1.39025458 2.89538754
 0.97754979 2.98588979 3.73526012 3.2968791 ]
DEBUG: Planck15 ages (Gyr): [13.52044887 13.42594634 13.32843414  5.02460015  4.56177058  2.23473753
  5.95476876  2.1598691   1.67143068  1.93169738]
DEBUG: cosmo_colibre ages (Gyr): [13.49044008 13.39642739 13.29941758  5.02394338  4.56175346  2.23656991
  5.95252777  2.16172572  1.67339164  1.93361454]
DEBUG: us.look_back_time -> ages (Gyr): [13.49044008 13.39642739 13.29941758  5.02394338  4.56175347  2.23656991
  5.95252777  2.16172573  1.67339164  1.93361454]
[15/100] subhalo 1572727 done; total_formed=8.438e+00
Building SWIFTGalaxy for subhalo 384709 (soap_index=74826392)
Read masses: Nstars=89894, sum_current=1.203002e+11 Msun
DEBUG: sample z (first valid): [6.95146809 2.62357625 1.00981354 1.81125601 1.01599606 1.90110668
 2.47597327 3.03944773 4.51139517 1.37277335]
DEBUG: Planck15 ages (Gyr): [0.76931429 2.48740817 5.82293983 3.61035072 5.79820128 3.44868167
 2.64500498 2.11749063 1.33240534 4.60980361]
DEBUG: cosmo_colibre ages (Gyr): [0.77117069 2.48914296 5.82094817 3.61135454 5.79625548 3.44982136
 2.64666661 2.11936002 1.33437966 4.60972457]
DEBUG: us.look_back_time -> ages (Gyr): [0.7711707  2.48914296 5.82094817 3.61135454 5.79625548 3.44982136
 2.64666661 2.11936003 1.33437966 4.60972457]
[16/100] subhalo 384709 done; total_formed=1.986e+01
Building SWIFTGalaxy for subhalo 72742 (soap_index=74894319)
Read masses: Nstars=34554, sum_current=4.956421e+10 Msun
DEBUG: sample z (first valid): [3.34588859 0.38460238 0.39664138 0.19078421 0.26948706 5.06309557
 6.48127854 0.29949239 0.2264391  0.30083366]
DEBUG: Planck15 ages (Gyr): [ 1.89937108  9.51282177  9.41152972 11.38853548 10.56736188  1.15514421
  0.84299017 10.27669316 11.00555226 10.26397174]
DEBUG: cosmo_colibre ages (Gyr): [ 1.90129517  9.50068032  9.39975337 11.36881988 10.55114717  1.15710316
  0.84487504 10.26164986 10.98750396 10.24897888]
DEBUG: us.look_back_time -> ages (Gyr): [ 1.90129518  9.50068032  9.39975337 11.36881988 10.55114717  1.15710317
  0.84487505 10.26164987 10.98750396 10.24897888]
[17/100] subhalo 72742 done; total_formed=8.132e+00
Building SWIFTGalaxy for subhalo 335229 (soap_index=74922978)
Read masses: Nstars=45848, sum_current=6.534003e+10 Msun
DEBUG: sample z (first valid): [3.53066021 5.7181958  2.13389441 2.87466004 1.58341217 2.78165032
 8.70256866 6.37602701 1.16062244 0.48432687]
DEBUG: Planck15 ages (Gyr): [1.78518278 0.99056727 3.08054217 2.25248816 4.08043102 2.33507905
 0.57056812 0.86109837 5.26362427 8.71960468]
DEBUG: cosmo_colibre ages (Gyr): [1.787128   0.99249561 3.08195222 2.25431447 4.08097859 2.33687558
 0.57231858 0.86298951 5.262599   8.71019557]
DEBUG: us.look_back_time -> ages (Gyr): [1.787128   0.99249561 3.08195222 2.25431448 4.08097859 2.33687558
 0.57231858 0.86298951 5.262599   8.71019557]
[18/100] subhalo 335229 done; total_formed=1.079e+01
Building SWIFTGalaxy for subhalo 1599279 (soap_index=74926921)
Read masses: Nstars=51749, sum_current=7.184899e+10 Msun
DEBUG: sample z (first valid): [0.34207077 0.33834341 0.37058725 4.73418497 4.243719   4.56191123
 1.61829804 1.10064748 0.98955677 0.53566407]
DEBUG: Planck15 ages (Gyr): [9.88377578 9.9172896  9.63277129 1.25571875 1.43535363 1.3143477
 4.00222336 5.47546104 5.9051666  8.34908102]
DEBUG: cosmo_colibre ages (Gyr): [9.87025756 9.90364395 9.62019144 1.25768849 1.43732949 1.31632122
 4.00285326 5.47408705 5.9030204  8.34084701]
DEBUG: us.look_back_time -> ages (Gyr): [9.87025756 9.90364395 9.62019144 1.2576885  1.4373295  1.31632122
 4.00285326 5.47408705 5.9030204  8.34084701]
[19/100] subhalo 1599279 done; total_formed=1.196e+01
Building SWIFTGalaxy for subhalo 73351 (soap_index=74934932)
Read masses: Nstars=20216, sum_current=2.485695e+10 Msun
DEBUG: sample z (first valid): [ 3.90906367  6.77598481  7.08188433  0.47910084  0.19260445  2.2210754
 12.98399659  4.61288112  2.55093195  2.90048804]
DEBUG: Planck15 ages (Gyr): [ 1.58391499  0.79551386  0.75075824  8.75869406 11.36852474  2.95892256
  0.3293254   1.29653568  2.5629827   2.23040492]
DEBUG: cosmo_colibre ages (Gyr): [ 1.58588435  0.79738096  0.75260666  8.74915718 11.34889771  2.96041022
  0.33085714  1.29850824  2.56468358  2.23223875]
DEBUG: us.look_back_time -> ages (Gyr): [ 1.58588436  0.79738096  0.75260666  8.74915718 11.34889771  2.96041022
  0.33085715  1.29850824  2.56468358  2.23223876]
[20/100] subhalo 73351 done; total_formed=4.205e+00
Building SWIFTGalaxy for subhalo 808326 (soap_index=74934949)
Read masses: Nstars=158413, sum_current=2.043848e+11 Msun
DEBUG: sample z (first valid): [0.63301106 0.62185706 0.64547554 4.92335503 4.44997921 3.93382519
 0.04197405 2.05529138 0.38953439 6.72830189]
DEBUG: Planck15 ages (Gyr): [ 7.70853583  7.77809067  7.63191999  1.19618019  1.35492002  1.57206473
 13.20989264  3.19736969  9.47113252  0.80288998]
DEBUG: cosmo_colibre ages (Gyr): [ 7.70217799  7.7715387   7.62577328  1.19814422  1.35689512  1.57403497
 13.1814826   3.19869975  9.4591419   0.80475998]
DEBUG: us.look_back_time -> ages (Gyr): [ 7.702178    7.7715387   7.62577328  1.19814423  1.35689513  1.57403497
 13.1814826   3.19869975  9.4591419   0.80475998]
[21/100] subhalo 808326 done; total_formed=3.407e+01
Building SWIFTGalaxy for subhalo 1623967 (soap_index=74983513)
Read masses: Nstars=37162, sum_current=5.037429e+10 Msun
DEBUG: sample z (first valid): [3.10138307 3.35021573 0.51633503 2.70930496 2.27876726 3.70534176
 5.64328434 0.57599077 4.00465827 7.72998535]
DEBUG: Planck15 ages (Gyr): [2.07016939 1.89655994 8.48577347 2.40283223 2.88269996 1.68730433
 1.00735524 8.07433233 1.53896442 0.66866351]
DEBUG: cosmo_colibre ages (Gyr): [2.07205222 1.89848461 8.47711355 2.40460239 2.88423334 1.68926342
 1.00928751 8.06692731 1.5409368  0.67047223]
DEBUG: us.look_back_time -> ages (Gyr): [2.07205222 1.89848462 8.47711355 2.40460239 2.88423335 1.68926342
 1.00928751 8.06692731 1.5409368  0.67047223]
[22/100] subhalo 1623967 done; total_formed=8.403e+00
Building SWIFTGalaxy for subhalo 1626675 (soap_index=75000148)
Read masses: Nstars=92750, sum_current=1.304542e+11 Msun
DEBUG: sample z (first valid): [4.78939929 1.0047721  4.3337674  2.63483084 2.97043499 5.35963125
 2.96947305 1.15352261 7.33155352 7.1063764 ]
DEBUG: Planck15 ages (Gyr): [1.23784093 5.84323544 1.39928953 2.47602762 2.17235871 1.07542012
 2.17314003 5.28801832 0.71724334 0.74735634]
DEBUG: cosmo_colibre ages (Gyr): [1.23980916 5.84120593 1.40126544 2.47776732 2.17421143 1.07736638
 2.17499251 5.28695395 0.71907645 0.74920326]
DEBUG: us.look_back_time -> ages (Gyr): [1.23980916 5.84120593 1.40126544 2.47776733 2.17421144 1.07736638
 2.17499252 5.28695395 0.71907645 0.74920326]
[23/100] subhalo 1626675 done; total_formed=2.163e+01
Building SWIFTGalaxy for subhalo 5836674 (soap_index=75087320)
Read masses: Nstars=494860, sum_current=6.278296e+11 Msun
DEBUG: sample z (first valid): [0.51521317 5.41817648 0.93572779 1.55142879 5.22551534 0.82003999
 5.55622249 2.35462735 5.12199907 1.220656  ]
DEBUG: Planck15 ages (Gyr): [8.49380981 1.06075737 6.13273502 4.15432404 1.11030816 6.67066423
 1.02746802 2.78726355 1.13854187 5.06430509]
DEBUG: cosmo_colibre ages (Gyr): [8.48512457 1.06270087 6.13014424 4.15479143 1.11226045 6.6669233
 1.02940474 2.78885103 1.14049849 5.06358893]
DEBUG: us.look_back_time -> ages (Gyr): [8.48512457 1.06270087 6.13014424 4.15479143 1.11226045 6.6669233
 1.02940474 2.78885103 1.14049849 5.06358893]
[24/100] subhalo 5836674 done; total_formed=1.045e+02
Building SWIFTGalaxy for subhalo 4065473 (soap_index=75150548)
Read masses: Nstars=119160, sum_current=1.581912e+11 Msun
DEBUG: sample z (first valid): [5.9682084  5.65002537 4.63024055 5.91162202 1.98487885 3.97426945
 7.99972535 1.3180532  0.46928527 5.85594727]
DEBUG: Planck15 ages (Gyr): [0.93776923 1.00582526 1.29056048 0.94930346 3.3083008  1.55302233
 0.63879545 4.76551541 8.83282059 0.96088375]
DEBUG: cosmo_colibre ages (Gyr): [0.93968393 1.00775717 1.29253268 0.95122131 3.30954993 1.55499386
 0.64058779 4.76522858 8.82303943 0.96280467]
DEBUG: us.look_back_time -> ages (Gyr): [0.93968393 1.00775718 1.29253268 0.95122132 3.30954993 1.55499386
 0.6405878  4.76522858 8.82303943 0.96280467]
[25/100] subhalo 4065473 done; total_formed=2.636e+01
Building SWIFTGalaxy for subhalo 61618 (soap_index=75157897)
Read masses: Nstars=79185, sum_current=1.048270e+11 Msun
DEBUG: sample z (first valid): [5.85594727 9.29064929 1.95154026 8.82106998 4.55625265 4.68740779
 2.57612136 5.94016732 3.4755856  3.55839188]
DEBUG: Planck15 ages (Gyr): [0.96088375 0.52228527 3.3630324  0.56025624 1.31635019 1.27120265
 2.53635437 0.94345568 1.81800549 1.76902496]
DEBUG: cosmo_colibre ages (Gyr): [0.96280467 0.52400183 3.3642398  0.56199977 1.3183238  1.27317356
 2.53806745 0.94537194 1.81994517 1.77097274]
DEBUG: us.look_back_time -> ages (Gyr): [0.96280467 0.52400183 3.3642398  0.56199977 1.3183238  1.27317357
 2.53806745 0.94537195 1.81994517 1.77097274]
[26/100] subhalo 61618 done; total_formed=1.758e+01
Building SWIFTGalaxy for subhalo 351462 (soap_index=75213876)
Read masses: Nstars=18215, sum_current=2.468174e+10 Msun
DEBUG: sample z (first valid): [8.14732361e+00 4.98392988e+00 5.28281085e+00 3.48477383e+00
 4.36784339e+00 3.71821454e+00 3.23249806e+00 5.33381657e+00
 2.52174457e-02 1.52821077e-03]
DEBUG: Planck15 ages (Gyr): [ 0.623378    1.17809937  1.09517697  1.81246051  1.38603239  1.68044401
  1.97556603  1.08199272 13.44023148 13.7755816 ]
DEBUG: cosmo_colibre ages (Gyr): [ 0.62516144  1.18006128  1.09712674  1.81440116  1.38800816  1.68240392
  1.97747313  1.08394017 13.41063867 13.74423613]
DEBUG: us.look_back_time -> ages (Gyr): [ 0.62516144  1.18006128  1.09712674  1.81440117  1.38800816  1.68240392
  1.97747313  1.08394018 13.41063867 13.74423613]
[27/100] subhalo 351462 done; total_formed=4.010e+00
Building SWIFTGalaxy for subhalo 1470047 (soap_index=75247301)
Read masses: Nstars=63072, sum_current=8.782876e+10 Msun
DEBUG: sample z (first valid): [2.5185225  0.66183183 0.52098032 1.03996763 1.32150195 1.34761427
 1.14422196 0.47126437 2.91821117 7.        ]
DEBUG: Planck15 ages (Gyr): [2.59792589 7.53312558 8.45261823 5.70382696 4.75545467 4.68036926
 5.32024615 8.81779961 2.21545717 0.76232083]
DEBUG: cosmo_colibre ages (Gyr): [2.59961036 7.52724688 8.44406243 5.70205346 4.7551816  4.6801974
 5.31912972 8.80806816 2.217296   0.76417426]
DEBUG: us.look_back_time -> ages (Gyr): [2.59961036 7.52724689 8.44406243 5.70205347 4.7551816  4.6801974
 5.31912972 8.80806817 2.217296   0.76417426]
[28/100] subhalo 1470047 done; total_formed=1.452e+01
Building SWIFTGalaxy for subhalo 2816480 (soap_index=75267681)
Read masses: Nstars=27266, sum_current=3.598533e+10 Msun
DEBUG: sample z (first valid): [5.91891892 3.74348581 4.85142857 5.41817648 0.63382529 5.04464121
 2.65306577 3.01888759 2.9460501  4.04550004]
DEBUG: Planck15 ages (Gyr): [0.9478029  1.6671097  1.21825501 1.06075737 7.70349542 1.16042854
 2.45776957 2.13359551 2.19230895 1.52040039]
DEBUG: cosmo_colibre ages (Gyr): [0.94972035 1.66907116 1.22022138 1.06270087 7.69715156 1.1623882
 2.45951706 2.13546013 2.19415533 1.52237375]
DEBUG: us.look_back_time -> ages (Gyr): [0.94972035 1.66907116 1.22022139 1.06270087 7.69715156 1.16238821
 2.45951706 2.13546013 2.19415533 1.52237375]
[29/100] subhalo 2816480 done; total_formed=6.042e+00
Building SWIFTGalaxy for subhalo 162495 (soap_index=75380940)
Read masses: Nstars=70442, sum_current=8.693485e+10 Msun
DEBUG: sample z (first valid): [1.32628141 1.94570298 3.64234611 1.84567955 3.05996779 2.00927542
 2.25047118 1.95766766 1.37828422 2.25047118]
DEBUG: Planck15 ages (Gyr): [4.74156799 3.3727673  1.7215556  3.54698283 2.10161626 3.26916345
 2.91967762 3.35286285 4.59457427 2.91967762]
DEBUG: cosmo_colibre ages (Gyr): [4.74131383 3.37396715 1.72351028 3.54804117 2.10349026 3.27044169
 2.92118911 3.35407809 4.59451498 2.92118911]
DEBUG: us.look_back_time -> ages (Gyr): [4.74131383 3.37396715 1.72351029 3.54804118 2.10349026 3.27044169
 2.92118911 3.3540781  4.59451498 2.92118911]
[30/100] subhalo 162495 done; total_formed=1.464e+01
Building SWIFTGalaxy for subhalo 4105996 (soap_index=75420609)
Read masses: Nstars=21017, sum_current=2.847387e+10 Msun
DEBUG: sample z (first valid): [2.14864995 1.77131258 1.91582132 1.74507833 2.7461987  2.2401859
 1.94385051 1.90625277 1.73865441 1.75848135]
DEBUG: Planck15 ages (Gyr): [3.05938855 3.68621671 3.42332841 3.73746369 2.36788158 2.93331154
 3.3758663  3.43978031 3.75018876 3.71113826]
DEBUG: cosmo_colibre ages (Gyr): [3.06081251 3.6871531  3.42448845 3.7383532  2.36966555 2.93481482
 3.37706374 3.44092717 3.75106647 3.71205199]
DEBUG: us.look_back_time -> ages (Gyr): [3.06081251 3.68715311 3.42448845 3.7383532  2.36966556 2.93481482
 3.37706374 3.44092717 3.75106647 3.71205199]
[31/100] subhalo 4105996 done; total_formed=4.783e+00
Building SWIFTGalaxy for subhalo 356495 (soap_index=75476450)
Read masses: Nstars=48986, sum_current=6.545776e+10 Msun
DEBUG: sample z (first valid): [ 5.70445013  6.65071212  0.01123318  3.86424701  5.1686747  10.29833635
  8.78149254  2.12910619  3.83981981  7.72998535]
DEBUG: Planck15 ages (Gyr): [ 0.99361276  0.815138   13.63679456  1.60574317  1.12566538  0.45386347
  0.56366554  3.08745805  1.61785129  0.66866351]
DEBUG: cosmo_colibre ages (Gyr): [ 0.99554183  0.81701269 13.60617878  1.60771074  1.12762009  0.45552476
  0.56541138  3.08886352  1.61981778  0.67047223]
DEBUG: us.look_back_time -> ages (Gyr): [ 0.99554184  0.8170127  13.60617878  1.60771075  1.12762009  0.45552476
  0.56541139  3.08886352  1.61981778  0.67047223]
[32/100] subhalo 356495 done; total_formed=1.090e+01
Building SWIFTGalaxy for subhalo 1512523 (soap_index=75517122)
Read masses: Nstars=26667, sum_current=3.555551e+10 Msun
DEBUG: sample z (first valid): [1.11242909 2.00293255 4.29755072 0.72681282 3.55839188 5.28281085
 2.38197956 0.84837545 2.01925735 2.51474847]
DEBUG: Planck15 ages (Gyr): [5.43279456 3.27926582 1.4136116  7.15927979 1.76902496 1.09517697
 2.75411772 6.53231548 3.25336761 2.60204585]
DEBUG: cosmo_colibre ages (Gyr): [5.43149249 3.2805366  1.41558756 7.15437227 1.77097274 1.09712674
 2.75572316 6.52888374 3.25465743 2.60372836]
DEBUG: us.look_back_time -> ages (Gyr): [5.43149249 3.28053661 1.41558757 7.15437227 1.77097274 1.09712674
 2.75572317 6.52888374 3.25465743 2.60372836]
[33/100] subhalo 1512523 done; total_formed=5.948e+00
Building SWIFTGalaxy for subhalo 359497 (soap_index=75527933)
Read masses: Nstars=132031, sum_current=1.675404e+11 Msun
DEBUG: sample z (first valid): [0.29160426 3.99436062 0.33899967 1.49262133 3.59547016 3.35918585
 4.02499617 3.2800418  5.25701738 0.98041823]
DEBUG: Planck15 ages (Gyr): [10.35197363  1.54370443  9.9113769   4.2959506   1.74779636  1.89075433
  1.52967345  1.94301358  1.10194613  5.94285971]
DEBUG: cosmo_colibre ages (Gyr): [10.33663044  1.54567653  9.89775377  4.29625777  1.74974734  1.8926802
  1.53164634  1.94492822  1.10389704  5.94064158]
DEBUG: us.look_back_time -> ages (Gyr): [10.33663044  1.54567653  9.89775377  4.29625777  1.74974734  1.89268021
  1.53164635  1.94492822  1.10389705  5.94064158]
[34/100] subhalo 359497 done; total_formed=2.797e+01
Building SWIFTGalaxy for subhalo 1506317 (soap_index=75555929)
Read masses: Nstars=65190, sum_current=8.768690e+10 Msun
DEBUG: sample z (first valid): [3.61423643 0.45003983 0.07910163 5.05693161 0.31271533 3.59547016
 3.35918585 2.30389191 5.29548511 1.40675725]
DEBUG: Planck15 ages (Gyr): [ 1.7372122   8.98089338 12.71891049  1.15690478 10.15227201  1.74779636
  1.89075433  2.85050565  1.09187604  4.51715841]
DEBUG: cosmo_colibre ages (Gyr): [ 1.73916471  8.97061655 12.69296207  1.15886397 10.13771898  1.74974734
  1.8926802   2.85205767  1.09382523  4.51719788]
DEBUG: us.look_back_time -> ages (Gyr): [ 1.73916471  8.97061656 12.69296207  1.15886398 10.13771898  1.74974734
  1.89268021  2.85205767  1.09382524  4.51719789]
[35/100] subhalo 1506317 done; total_formed=1.466e+01
Building SWIFTGalaxy for subhalo 9944404 (soap_index=75579510)
Read masses: Nstars=17059, sum_current=2.330194e+10 Msun
DEBUG: sample z (first valid): [4.11760112 3.63282907 7.4252748  1.77154698 4.49475979 0.25605642
 0.13936022 0.06230954 0.03775019 0.01511772]
DEBUG: Planck15 ages (Gyr): [ 1.48852042  1.72683018  0.70529941  3.68576397  1.33844214 10.70133229
 11.975271   12.93773579 13.26742922 13.58179161]
DEBUG: cosmo_colibre ages (Gyr): [ 1.49049511  1.72878415  0.70712677  3.68670078  1.3404167  10.68456552
 11.95288849 12.91070044 13.23872537 13.55146333]
DEBUG: us.look_back_time -> ages (Gyr): [ 1.49049511  1.72878415  0.70712677  3.68670078  1.3404167  10.68456552
 11.95288849 12.91070044 13.23872537 13.55146333]
[36/100] subhalo 9944404 done; total_formed=3.843e+00
Building SWIFTGalaxy for subhalo 362267 (soap_index=75619018)
Read masses: Nstars=94286, sum_current=1.214819e+11 Msun
DEBUG: sample z (first valid): [1.20333513 1.24161992 2.81600093 5.85594727 3.42601472 4.71070059
 2.47929497 0.21461932 1.0562249  0.14910927]
DEBUG: Planck15 ages (Gyr): [ 5.12056556  4.9975163   2.30400339  0.96088375  1.84841103  1.26345305
  2.64127935 11.1304397   5.64119107 11.86078224]
DEBUG: cosmo_colibre ages (Gyr): [ 5.11976401  4.99689963  2.30581143  0.96280467  1.8503452   1.26542339
  2.64294282 11.11185424  5.63952959 11.83893055]
DEBUG: us.look_back_time -> ages (Gyr): [ 5.11976401  4.99689963  2.30581144  0.96280467  1.8503452   1.26542339
  2.64294282 11.11185424  5.6395296  11.83893055]
[37/100] subhalo 362267 done; total_formed=2.044e+01
Building SWIFTGalaxy for subhalo 65907 (soap_index=75652095)
Read masses: Nstars=105662, sum_current=1.360217e+11 Msun
DEBUG: sample z (first valid): [0.96639462 6.11111111 6.9351011  6.30124777 2.30056406 1.89521117
 4.275801   4.43912358 7.04912798 3.28872456]
DEBUG: Planck15 ages (Gyr): [6.00143955 0.9096546  0.77169686 0.87436042 2.85473595 3.45892553
 1.42232989 1.35896528 0.75534844 1.93716433]
DEBUG: cosmo_colibre ages (Gyr): [5.9991083  0.9115612  0.77355426 0.87625597 2.85628555 3.46005693
 1.42430584 1.3609405  0.75719886 1.93908028]
DEBUG: us.look_back_time -> ages (Gyr): [5.9991083  0.9115612  0.77355427 0.87625597 2.85628555 3.46005693
 1.42430584 1.3609405  0.75719887 1.93908028]
[38/100] subhalo 65907 done; total_formed=2.283e+01
Building SWIFTGalaxy for subhalo 26535444 (soap_index=75661494)
Read masses: Nstars=42950, sum_current=5.929422e+10 Msun
DEBUG: sample z (first valid): [4.84568727 4.08661906 5.96080722 4.38416037 5.35963125 4.44997921
 3.98941759 3.44854738 2.76211251 5.10659709]
DEBUG: Planck15 ages (Gyr): [1.22004618 1.5020823  0.93926457 1.37975791 1.07542012 1.35492002
 1.5459883  1.83448658 2.35306361 1.14284459]
DEBUG: cosmo_colibre ages (Gyr): [1.22201273 1.50405647 0.94117969 1.38173358 1.07736638 1.35689512
 1.54796027 1.83642332 2.3548533  1.14480183]
DEBUG: us.look_back_time -> ages (Gyr): [1.22201273 1.50405648 0.94117969 1.38173358 1.07736638 1.35689513
 1.54796027 1.83642333 2.3548533  1.14480183]
[39/100] subhalo 26535444 done; total_formed=9.844e+00
Building SWIFTGalaxy for subhalo 771684 (soap_index=75703504)
Read masses: Nstars=32943, sum_current=4.509088e+10 Msun
DEBUG: sample z (first valid): [3.66116643 3.2800418  3.03546798 9.16613666 4.61865569 0.50325718
 5.38565722 0.31208457 0.52013361 0.4383285 ]
DEBUG: Planck15 ages (Gyr): [ 1.71120309  1.94301358  2.1205923   0.53192752  1.29454296  8.58016695
  1.06886057 10.15815726  8.45864709  9.07280877]
DEBUG: cosmo_colibre ages (Gyr): [ 1.71315916  1.94492822  2.12246078  0.53365116  1.2965154   8.57120771
  1.07080562 10.14358119  8.45007239  9.0622191 ]
DEBUG: us.look_back_time -> ages (Gyr): [ 1.71315916  1.94492822  2.12246078  0.53365116  1.2965154   8.57120771
  1.07080562 10.14358119  8.4500724   9.0622191 ]
[40/100] subhalo 771684 done; total_formed=7.526e+00
Building SWIFTGalaxy for subhalo 167516 (soap_index=75736190)
Read masses: Nstars=21360, sum_current=2.992347e+10 Msun
DEBUG: sample z (first valid): [0.15624559 0.56320962 0.76399655 1.73385617 3.10138307 1.93383472
 0.13761978 0.01173274 0.12157722 4.61865569]
DEBUG: Planck15 ages (Gyr): [11.77796017  8.15992048  6.95798929  3.75973947  2.07016939  3.39270234
 11.99587507 13.62970361 12.18818343  1.29454296]
DEBUG: cosmo_colibre ages (Gyr): [11.75648936  8.1522611   6.95357645  3.76060827  2.07205222  3.39388662
 11.97339651 13.59912495 12.16480065  1.2965154 ]
DEBUG: us.look_back_time -> ages (Gyr): [11.75648936  8.1522611   6.95357645  3.76060827  2.07205222  3.39388662
 11.97339651 13.59912495 12.16480065  1.2965154 ]
[41/100] subhalo 167516 done; total_formed=4.938e+00
Building SWIFTGalaxy for subhalo 21216652 (soap_index=75754600)
Read masses: Nstars=46694, sum_current=6.282435e+10 Msun
DEBUG: sample z (first valid): [4.91106702 1.88653982 0.45894924 0.10100128 1.8427171  0.72772329
 4.12520529 0.55934139 3.41260436 6.03931257]
DEBUG: Planck15 ages (Gyr): [ 1.19990424  3.47408289  8.91189041 12.44128761  3.55236484  7.15424478
  1.48522283  8.1860932   1.8567814   0.92360249]
DEBUG: cosmo_colibre ages (Gyr): [ 1.20186869  3.47520194  8.90184585 12.41669394  3.55341862  7.14934987
  1.48719763  8.17835533  1.85871398  0.92551318]
DEBUG: us.look_back_time -> ages (Gyr): [ 1.20186869  3.47520194  8.90184585 12.41669394  3.55341862  7.14934987
  1.48719763  8.17835534  1.85871398  0.92551318]
[42/100] subhalo 21216652 done; total_formed=1.043e+01
Building SWIFTGalaxy for subhalo 369840 (soap_index=75777633)
Read masses: Nstars=166481, sum_current=2.214058e+11 Msun
DEBUG: sample z (first valid): [0.82959241 0.44352423 0.92300469 3.15178967 5.02020944 3.38338573
 4.94754515 0.36510582 4.52813159 3.41587494]
DEBUG: Planck15 ages (Gyr): [6.62352136 9.03185929 6.18852876 2.03293108 1.16748648 1.87523748
 1.18890485 9.68028894 1.32637732 1.85473422]
DEBUG: cosmo_colibre ages (Gyr): [6.61988683 9.02140948 6.18582519 2.03482388 1.16944706 1.87716647
 1.19086805 9.66753362 1.32835139 1.8566672 ]
DEBUG: us.look_back_time -> ages (Gyr): [6.61988683 9.02140948 6.18582519 2.03482388 1.16944706 1.87716648
 1.19086806 9.66753362 1.32835139 1.8566672 ]
[43/100] subhalo 369840 done; total_formed=3.684e+01
Building SWIFTGalaxy for subhalo 6765 (soap_index=75783832)
Read masses: Nstars=27680, sum_current=3.856094e+10 Msun
DEBUG: sample z (first valid): [1.81972292 2.73935867 5.42446819 0.89344736 0.97754979 3.69926861
 5.1565054  7.33155352 0.23012238 1.24622978]
DEBUG: Planck15 ages (Gyr): [ 3.59459484  2.37429789  1.05920137  6.32124266  5.95476876  1.69055703
  1.12899916  0.71724334 10.96704616  4.98301781]
DEBUG: cosmo_colibre ages (Gyr): [ 3.59561238  2.37607937  1.06114456  6.31826476  5.95252777  1.69251572
  1.13095437  0.71907645 10.94916219  4.98242247]
DEBUG: us.look_back_time -> ages (Gyr): [ 3.59561238  2.37607937  1.06114457  6.31826476  5.95252777  1.69251572
  1.13095437  0.71907645 10.94916219  4.98242248]
[44/100] subhalo 6765 done; total_formed=6.321e+00
Building SWIFTGalaxy for subhalo 2910552 (soap_index=75787534)
Read masses: Nstars=26123, sum_current=3.420267e+10 Msun
DEBUG: sample z (first valid): [4.03000998 2.58708265 6.40603458 1.61307815 4.90520815 4.52813159
 0.80938708 0.74799957 0.81761704 6.25678219]
DEBUG: Planck15 ages (Gyr): [1.52739727 2.5249087  0.85587025 4.01377058 1.20168664 1.32637732
 6.72385316 7.04350812 6.68270449 0.88240814]
DEBUG: cosmo_colibre ages (Gyr): [1.52937028 2.52662693 0.85775961 4.01438848 1.20365128 1.32835139
 6.71999087 7.03888753 6.6789362  0.8843063 ]
DEBUG: us.look_back_time -> ages (Gyr): [1.52937028 2.52662693 0.85775961 4.01438849 1.20365128 1.32835139
 6.71999088 7.03888753 6.6789362  0.8843063 ]
[45/100] subhalo 2910552 done; total_formed=5.737e+00
Building SWIFTGalaxy for subhalo 769399 (soap_index=75826371)
Read masses: Nstars=46808, sum_current=6.391133e+10 Msun
DEBUG: sample z (first valid): [0.9209755  0.73909351 0.31009116 0.29292929 0.21282108 0.60266067
 2.49339019 0.49339167 0.53336453 3.27139412]
DEBUG: Planck15 ages (Gyr): [ 6.19750051  7.09182127 10.1767893  10.33927233 11.14961787  7.9000437
  2.62556563  8.65241624  8.36516947  1.94886827]
DEBUG: cosmo_colibre ages (Gyr): [ 6.19477866  7.08708173 10.1621402  10.32397991 11.13094935  7.89314569
  2.62723679  8.64322505  8.35688578  1.95078158]
DEBUG: us.look_back_time -> ages (Gyr): [ 6.19477866  7.08708173 10.1621402  10.32397991 11.13094935  7.8931457
  2.6272368   8.64322505  8.35688579  1.95078158]
[46/100] subhalo 769399 done; total_formed=1.065e+01
Building SWIFTGalaxy for subhalo 774360 (soap_index=75849211)
Read masses: Nstars=39537, sum_current=5.464450e+10 Msun
DEBUG: sample z (first valid): [3.57685593 4.04550004 5.63655696 5.28883984 5.23202739 1.79209271
 5.73545735 3.728086   4.37312454 6.61957912]
DEBUG: Planck15 ages (Gyr): [1.75840063 1.52040039 1.00888599 1.09360469 1.10857096 3.64642856
 0.98676469 1.67521442 1.38399642 0.8201401 ]
DEBUG: cosmo_colibre ages (Gyr): [1.76035004 1.52237375 1.0108186  1.09555419 1.11052296 3.64740061
 0.98869212 1.67717494 1.38597216 0.82201667]
DEBUG: us.look_back_time -> ages (Gyr): [1.76035004 1.52237375 1.0108186  1.09555419 1.11052297 3.64740061
 0.98869212 1.67717494 1.38597216 0.82201668]
[47/100] subhalo 774360 done; total_formed=9.113e+00
Building SWIFTGalaxy for subhalo 2976378 (soap_index=75851233)
Read masses: Nstars=83774, sum_current=1.162431e+11 Msun
DEBUG: sample z (first valid): [3.50295451 1.6237489  0.70064355 0.59284464 2.34606351 1.0230907
 1.02421547 0.90733411 0.84089888 1.096347  ]
DEBUG: Planck15 ages (Gyr): [1.80157082 3.99022243 7.30635039 7.96352508 2.79777609 5.77001592
 5.76556723 6.25834363 6.56838536 5.49116702]
DEBUG: cosmo_colibre ages (Gyr): [1.80351332 3.99086474 7.30106894 7.9564441  2.79935778 5.76812202
 5.76368149 6.2554968  6.56487391 5.48976634]
DEBUG: us.look_back_time -> ages (Gyr): [1.80351333 3.99086474 7.30106894 7.9564441  2.79935778 5.76812202
 5.76368149 6.25549681 6.56487391 5.48976634]
[48/100] subhalo 2976378 done; total_formed=1.915e+01
Building SWIFTGalaxy for subhalo 2927427 (soap_index=75863911)
Read masses: Nstars=20234, sum_current=2.588802e+10 Msun
DEBUG: sample z (first valid): [1.80547945 2.76600391 5.33381657 3.58614416 2.82803738 4.91747178
 2.73765256 7.90918978 1.89674682 1.97485247]
DEBUG: Planck15 ages (Gyr): [3.62116468 2.34946341 1.08199272 1.75309598 2.29327542 1.19796079
 2.37590278 0.64856889 3.45625247 3.32460738]
DEBUG: cosmo_colibre ages (Gyr): [3.62215904 2.35125449 1.08394017 1.75504619 2.29508735 1.19992502
 2.37768362 0.65036672 3.45738603 3.3258442 ]
DEBUG: us.look_back_time -> ages (Gyr): [3.62215904 2.35125449 1.08394018 1.75504619 2.29508736 1.19992503
 2.37768362 0.65036672 3.45738604 3.3258442 ]
[49/100] subhalo 2927427 done; total_formed=4.342e+00
Building SWIFTGalaxy for subhalo 374810 (soap_index=75914983)
Read masses: Nstars=38129, sum_current=5.129010e+10 Msun
DEBUG: sample z (first valid): [2.02287823 3.62824859 2.86278439 0.04356688 4.39524162 1.63577864
 1.36199813 1.34946583 1.96516152 0.8030153 ]
DEBUG: Planck15 ages (Gyr): [ 3.24766854  1.72937834  2.26276327 13.18828643  1.37552356  3.96394204
  4.63981572  4.67511724  3.34049339  6.75598078]
DEBUG: cosmo_colibre ages (Gyr): [ 3.24896251  1.73133195  2.26458602 13.15998643  1.37749916  3.96461129
  4.63969747  4.67495236  3.34171812  6.75204453]
DEBUG: us.look_back_time -> ages (Gyr): [ 3.24896251  1.73133196  2.26458602 13.15998643  1.37749916  3.9646113
  4.63969747  4.67495237  3.34171812  6.75204453]
[50/100] subhalo 374810 done; total_formed=8.599e+00
Building SWIFTGalaxy for subhalo 1561861 (soap_index=75914993)
Read masses: Nstars=20672, sum_current=2.782760e+10 Msun
DEBUG: sample z (first valid): [1.59980958 3.94126517 0.54580621 1.59610204 1.76034033 2.59692645
 1.70765163 1.80475905 2.99609756 1.54726368]
DEBUG: Planck15 ages (Gyr): [4.04336635 1.56853281 8.27867399 4.05169915 3.70751074 2.51470212
 3.81260157 3.622517   2.15168465 4.16410575]
DEBUG: cosmo_colibre ages (Gyr): [4.04395326 1.5705033  8.27065587 4.05227727 3.70842779 2.51642491
 3.81342037 3.62351017 2.1535438  4.16456235]
DEBUG: us.look_back_time -> ages (Gyr): [4.04395326 1.5705033  8.27065587 4.05227727 3.70842779 2.51642491
 3.81342038 3.62351017 2.1535438  4.16456236]
[51/100] subhalo 1561861 done; total_formed=4.671e+00
Building SWIFTGalaxy for subhalo 172565 (soap_index=76022461)
Read masses: Nstars=13928, sum_current=2.027486e+10 Msun
DEBUG: sample z (first valid): [0.12954154 0.15040022 5.28281085 0.11191042 1.39707388 1.95606676
 4.22782387 1.06829515 4.09928416 5.31124807]
DEBUG: Planck15 ages (Gyr): [12.09216994 11.84573858  1.09517697 12.30617822  4.54325044  3.355515
  1.44187972  5.59538481  1.49651371  1.08779366]
DEBUG: cosmo_colibre ages (Gyr): [12.06924033 11.82395627  1.09712674 12.28223385  4.54325692  3.3567282
  1.44385551  5.59380409  1.49848811  1.08974215]
DEBUG: us.look_back_time -> ages (Gyr): [12.06924033 11.82395627  1.09712674 12.28223385  4.54325692  3.35672821
  1.44385551  5.59380409  1.49848811  1.08974215]
[52/100] subhalo 172565 done; total_formed=3.204e+00
Building SWIFTGalaxy for subhalo 1553337 (soap_index=76074442)
Read masses: Nstars=195814, sum_current=2.484404e+11 Msun
DEBUG: sample z (first valid): [0.56634799 0.57085331 0.56320962 3.97426945 0.34648258 0.37970526
 1.5042415  0.54434914 0.41877381 1.05416249]
DEBUG: Planck15 ages (Gyr): [8.13877842 8.10857171 8.15992048 1.55302233 9.84432139 9.55448355
 4.26735466 8.28873408 9.22941555 5.64907697]
DEBUG: cosmo_colibre ages (Gyr): [8.1311822  8.10106535 8.1522611  1.55499386 9.83095254 9.54219057
 4.26769487 8.28068525 9.21828381 5.64740149]
DEBUG: us.look_back_time -> ages (Gyr): [8.1311822  8.10106535 8.1522611  1.55499386 9.83095254 9.54219057
 4.26769487 8.28068525 9.21828381 5.64740149]
[53/100] subhalo 1553337 done; total_formed=4.168e+01
Building SWIFTGalaxy for subhalo 10010000 (soap_index=76074521)
Read masses: Nstars=34805, sum_current=4.808476e+10 Msun
DEBUG: sample z (first valid): [0.6496174  1.83926869 1.01290006 3.60257041 1.01798251 1.18744993
 2.03519822 1.1512605  1.0345213  2.2886391 ]
DEBUG: Planck15 ages (Gyr): [7.60671706 3.55864645 5.81056887 1.74377931 5.7902878  5.17304119
 3.22839909 5.29582825 5.72505562 2.86997959]
DEBUG: cosmo_colibre ages (Gyr): [7.60063916 3.55969488 5.80860018 1.74573087 5.78835661 5.17215867
 3.229707   5.29475131 5.72324374 2.87152039]
DEBUG: us.look_back_time -> ages (Gyr): [7.60063917 3.55969488 5.80860018 1.74573088 5.78835661 5.17215867
 3.229707   5.29475131 5.72324374 2.87152039]
[54/100] subhalo 10010000 done; total_formed=7.980e+00
Building SWIFTGalaxy for subhalo 10018813 (soap_index=76074536)
Read masses: Nstars=25789, sum_current=3.325595e+10 Msun
DEBUG: sample z (first valid): [0.18031842 3.70399081 1.6911958  0.44416042 1.5065402  3.35918585
 1.07090944 1.06256688 6.27208167 0.61069603]
DEBUG: Planck15 ages (Gyr): [11.50457331  1.68802698  3.84641654  9.02686403  4.26173413  1.89075433
  5.5855409   5.61705006  0.87962528  7.84864591]
DEBUG: cosmo_colibre ages (Gyr): [11.48434092  1.68998598  3.84720276  9.01643123  4.26208079  1.8926802
  5.5839774   5.61543126  0.88152254  7.84189463]
DEBUG: us.look_back_time -> ages (Gyr): [11.48434093  1.68998599  3.84720276  9.01643123  4.2620808   1.89268021
  5.5839774   5.61543127  0.88152255  7.84189463]
[55/100] subhalo 10018813 done; total_formed=5.590e+00
Building SWIFTGalaxy for subhalo 1565716 (soap_index=76128520)
Read masses: Nstars=181948, sum_current=2.399350e+11 Msun
DEBUG: sample z (first valid): [0.72463158 2.08637091 1.03338504 0.20479447 6.85520796 7.
 8.7219997  2.88246445 0.02361614 0.09790257]
DEBUG: Planck15 ages (Gyr): [ 7.17136433  3.15032424  5.72950017 11.23580179  0.7835051   0.76232083
  0.56885572  2.24577741 13.46253735 12.48004731]
DEBUG: cosmo_colibre ages (Gyr): [ 7.16642648  3.15168716  5.72768022 11.21675821  0.78536738  0.76417426
  0.57060504  2.24760603 13.43282908 12.45526615]
DEBUG: us.look_back_time -> ages (Gyr): [ 7.16642648  3.15168716  5.72768022 11.21675821  0.78536738  0.76417426
  0.57060504  2.24760603 13.43282908 12.45526615]
[56/100] subhalo 1565716 done; total_formed=4.013e+01
Building SWIFTGalaxy for subhalo 70097 (soap_index=76138367)
Read masses: Nstars=49285, sum_current=6.544807e+10 Msun
DEBUG: sample z (first valid): [4.65306651 0.22077341 0.13991512 0.41375442 0.2792005  0.2792005
 0.08188061 5.42446819 2.63846325 0.31440032]
DEBUG: Planck15 ages (Gyr): [ 1.28277292 11.06516333 11.96871249  9.27025841 10.47197605 10.47197605
 12.68319993  1.05920137  2.47237284 10.1365746 ]
DEBUG: cosmo_colibre ages (Gyr): [ 1.28474463 11.04685942 11.94636053  9.25898343 10.45614975 10.45614975
 12.6574273   1.06114456  2.47411411 10.12208294]
DEBUG: us.look_back_time -> ages (Gyr): [ 1.28474463 11.04685942 11.94636053  9.25898343 10.45614975 10.45614975
 12.6574273   1.06114457  2.47411411 10.12208295]
[57/100] subhalo 70097 done; total_formed=1.087e+01
Building SWIFTGalaxy for subhalo 4277842 (soap_index=76146147)
Read masses: Nstars=31570, sum_current=4.089684e+10 Msun
DEBUG: sample z (first valid): [2.68014376 4.94754515 0.68351829 0.94468843 5.02020944 7.67681716
 4.43912358 5.95415959 4.04783178 6.19069563]
DEBUG: Planck15 ages (Gyr): [2.43106309 1.18890485 7.40511034 6.09391051 1.16748648 0.67482519
 1.35896528 0.94061105 1.51935174 0.89459861]
DEBUG: cosmo_colibre ages (Gyr): [2.43282174 1.19086805 7.39957187 6.09139733 1.16944706 0.67663716
 1.3609405  0.94252653 1.52132515 0.89650061]
DEBUG: us.look_back_time -> ages (Gyr): [2.43282174 1.19086806 7.39957187 6.09139734 1.16944706 0.67663716
 1.3609405  0.94252654 1.52132515 0.89650062]
[58/100] subhalo 4277842 done; total_formed=6.855e+00
Building SWIFTGalaxy for subhalo 788714 (soap_index=76181584)
Read masses: Nstars=21849, sum_current=2.784211e+10 Msun
DEBUG: sample z (first valid): [4.258445   2.0363232  2.02399409 9.12529934 1.70407658 3.2112839
 2.09161242 3.73013353 4.57515951 1.97458243]
DEBUG: Planck15 ages (Gyr): [1.42935114 3.22664883 3.24591552 0.53515458 3.81990684 1.99038295
 3.14250158 1.67413307 1.30967905 3.32504839]
DEBUG: cosmo_colibre ages (Gyr): [1.43132705 3.227958   3.24721076 0.53688055 3.82071865 1.99228648
 3.14386987 1.67609372 1.31165233 3.32628487]
DEBUG: us.look_back_time -> ages (Gyr): [1.43132705 3.227958   3.24721076 0.53688055 3.82071865 1.99228648
 3.14386987 1.67609373 1.31165234 3.32628488]
[59/100] subhalo 788714 done; total_formed=4.697e+00
Building SWIFTGalaxy for subhalo 1582866 (soap_index=76211494)
Read masses: Nstars=18301, sum_current=2.453570e+10 Msun
DEBUG: sample z (first valid): [1.17988292 1.07458056 2.76211251 1.20407614 1.98107715 2.44926316
 2.04648568 2.00293255 2.13119924 4.47319192]
DEBUG: Planck15 ages (Gyr): [5.19833927 5.57176357 2.35306361 5.11813834 3.31446838 2.67527961
 3.21090791 3.27926582 3.08443183 1.34633671]
DEBUG: cosmo_colibre ages (Gyr): [5.19741726 5.5702241  2.3548533  5.1173405  3.31571287 2.6769261
 3.21222835 3.2805366  3.08583931 1.34831155]
DEBUG: us.look_back_time -> ages (Gyr): [5.19741727 5.5702241  2.3548533  5.1173405  3.31571287 2.67692611
 3.21222835 3.28053661 3.08583931 1.34831155]
[60/100] subhalo 1582866 done; total_formed=4.115e+00
Building SWIFTGalaxy for subhalo 72829 (soap_index=76248813)
Read masses: Nstars=120084, sum_current=1.656761e+11 Msun
DEBUG: sample z (first valid): [2.22583186 4.66430424 1.90007965 1.16147757 2.50422415 0.13141358
 1.46135356 1.29082774 1.5742792  0.88821021]
DEBUG: Planck15 ages (Gyr): [ 2.95251402  1.27896753  3.45046265  5.26069822  2.61359179 12.06975736
  4.37444791  4.84614622  4.1013137   6.34521986]
DEBUG: cosmo_colibre ages (Gyr): [ 2.95400562  1.28093898  3.4516009   5.25967761  2.61526876 12.04693304
  4.37466253  4.84574753  4.10183885  6.34219149]
DEBUG: us.look_back_time -> ages (Gyr): [ 2.95400562  1.28093899  3.4516009   5.25967762  2.61526876 12.04693304
  4.37466253  4.84574753  4.10183885  6.3421915 ]
[61/100] subhalo 72829 done; total_formed=2.772e+01
Building SWIFTGalaxy for subhalo 384701 (soap_index=76248848)
Read masses: Nstars=216793, sum_current=2.740802e+11 Msun
DEBUG: sample z (first valid): [6.10724319e-04 2.44200244e-04 4.62444216e+00 8.29532686e-02
 8.18806128e-02 3.53713955e-01 1.33213446e-01 1.29307968e-01
 1.77014118e+00 1.25706020e+00]
DEBUG: Planck15 ages (Gyr): [13.78880434 13.79409162  1.29255122 12.66945388 12.68319993  9.78014812
 12.04826432 12.09497044  3.6884806   4.94921744]
DEBUG: cosmo_colibre ages (Gyr): [13.75738903 13.76264837  1.29452354 12.6437488  12.6574273   9.76702073
 12.0255408  12.07202766  3.68941494  4.94867146]
DEBUG: us.look_back_time -> ages (Gyr): [13.75738903 13.76264837  1.29452355 12.6437488  12.6574273   9.76702073
 12.0255408  12.07202766  3.68941495  4.94867146]
[62/100] subhalo 384701 done; total_formed=4.543e+01
Building SWIFTGalaxy for subhalo 385038 (soap_index=76248855)
Read masses: Nstars=12697, sum_current=1.705112e+10 Msun
DEBUG: sample z (first valid): [1.90986591 2.1148289  1.98623895 5.84878253 2.78733241 2.40340673
 1.71146049 2.95033153 4.40859949 4.85770468]
DEBUG: Planck15 ages (Gyr): [3.43355288 3.10823095 3.30609882 0.96239105 2.32989117 2.7286013
 3.8048434  2.18878432 1.37044787 1.21630198]
DEBUG: cosmo_colibre ages (Gyr): [3.43470474 3.10962252 3.3073496  0.96431237 2.33168964 2.73022029
 3.80566962 2.19063183 1.37242336 1.21826816]
DEBUG: us.look_back_time -> ages (Gyr): [3.43470474 3.10962253 3.30734961 0.96431237 2.33168964 2.73022029
 3.80566962 2.19063183 1.37242337 1.21826816]
[63/100] subhalo 385038 done; total_formed=2.864e+00
Building SWIFTGalaxy for subhalo 3040698 (soap_index=76248997)
Read masses: Nstars=3397, sum_current=5.760708e+09 Msun
DEBUG: sample z (first valid): [1.74071596 2.1822861  1.25209622 1.87842586 3.27028084 1.33074899
 3.84268085 1.90599503 1.69695473 3.16313048]
DEBUG: Planck15 ages (Gyr): [3.74609741 3.01204622 4.9646639  3.48836411 1.94962411 4.72864605
 1.61642531 3.44022523 3.83452745 2.02470527]
DEBUG: cosmo_colibre ages (Gyr): [3.74697892 3.01350069 4.96409543 3.48947143 1.95153725 4.72840941
 1.61839193 3.44137174 3.83532518 2.0266002 ]
DEBUG: us.look_back_time -> ages (Gyr): [3.74697892 3.01350069 4.96409543 3.48947143 1.95153725 4.72840941
 1.61839194 3.44137174 3.83532519 2.0266002 ]
[64/100] subhalo 3040698 done; total_formed=9.672e-01
Building SWIFTGalaxy for subhalo 1602600 (soap_index=76270761)
Read masses: Nstars=52837, sum_current=7.115476e+10 Msun
DEBUG: sample z (first valid): [4.72216886 7.81927062 3.91384869 3.1854643  0.24811457 0.25250363
 0.25279095 2.64574989 5.2761923  0.42098873]
DEBUG: Planck15 ages (Gyr): [ 1.25966626  0.65852433  1.58161349  2.00866578 10.78170824 10.73718134
 10.73427579  2.46506803  1.09690733  9.21147725]
DEBUG: cosmo_colibre ages (Gyr): [ 1.26163631  0.66032762  1.58358302  2.01056479 10.76460664 10.72026557
 10.71737211  2.46681242  1.09885739  9.20040817]
DEBUG: us.look_back_time -> ages (Gyr): [ 1.26163632  0.66032762  1.58358302  2.01056479 10.76460664 10.72026557
 10.71737211  2.46681242  1.09885739  9.20040817]
[65/100] subhalo 1602600 done; total_formed=1.187e+01
Building SWIFTGalaxy for subhalo 3030773 (soap_index=76302388)
Read masses: Nstars=41043, sum_current=5.832866e+10 Msun
DEBUG: sample z (first valid): [0.63382529 0.90933458 1.85559913 0.80480282 0.69116433 1.21510174
 0.51985158 4.37576901 0.24140021 0.76761247]
DEBUG: Planck15 ages (Gyr): [ 7.70349542  6.24936304  3.52905772  6.74694388  7.36076589  5.08223858
  8.46065665  1.3829788  10.85034186  6.93888013]
DEBUG: cosmo_colibre ages (Gyr): [ 7.69715156  6.24653478  3.53013118  6.74302849  7.35534341  5.08149535
  8.45207565  1.38495452 10.8329522   6.93451322]
DEBUG: us.look_back_time -> ages (Gyr): [ 7.69715156  6.24653478  3.53013119  6.74302849  7.35534341  5.08149535
  8.45207565  1.38495452 10.8329522   6.93451323]
[66/100] subhalo 3030773 done; total_formed=9.708e+00
Building SWIFTGalaxy for subhalo 4272970 (soap_index=76372531)
Read masses: Nstars=53853, sum_current=7.366595e+10 Msun
DEBUG: sample z (first valid): [0.61164667 5.10659709 0.21398933 0.87138778 0.02157376 6.01069748
 1.49186312 0.68611711 0.92684935 0.44416042]
DEBUG: Planck15 ages (Gyr): [ 7.84259871  1.14284459 11.13715313  6.42320267 13.49106276  0.92926071
  4.2978272   7.38999239  6.17158579  9.02686403]
DEBUG: cosmo_colibre ages (Gyr): [ 7.8358646   1.14480183 11.11853862  6.42000824 13.46120661  0.93117302
  4.29813218  7.38449357  6.16891663  9.01643123]
DEBUG: us.look_back_time -> ages (Gyr): [ 7.8358646   1.14480183 11.11853862  6.42000824 13.46120661  0.93117302
  4.29813218  7.38449357  6.16891663  9.01643123]
[67/100] subhalo 4272970 done; total_formed=1.213e+01
Building SWIFTGalaxy for subhalo 815555 (soap_index=76402259)
Read masses: Nstars=80164, sum_current=1.032025e+11 Msun
DEBUG: sample z (first valid): [4.81611644 1.20096722 1.29227002 3.66581233 2.59062021 1.46116869
 9.24880757 2.59811134 1.38364734 0.17279885]
DEBUG: Planck15 ages (Gyr): [ 1.2293413   5.128334    4.84182027  1.70866337  2.52123294  4.37491887
  0.52549285  2.51347814  4.57983052 11.58899014]
DEBUG: cosmo_colibre ages (Gyr): [ 1.23130875  5.12752053  4.84142764  1.71061977  2.52295282  4.37513293
  0.52721179  2.51520148  4.57979024 11.56837847]
DEBUG: us.look_back_time -> ages (Gyr): [ 1.23130875  5.12752054  4.84142764  1.71061977  2.52295282  4.37513293
  0.52721179  2.51520148  4.57979024 11.56837847]
[68/100] subhalo 815555 done; total_formed=1.729e+01
Building SWIFTGalaxy for subhalo 4320671 (soap_index=76458983)
Read masses: Nstars=33236, sum_current=4.363067e+10 Msun
DEBUG: sample z (first valid): [3.0516847  0.48137432 0.48137432 3.50295451 1.96060716 1.90110668
 1.83411175 1.1881803  1.99251142 2.13299551]
DEBUG: Planck15 ages (Gyr): [2.10800036 8.74165699 8.74165699 1.80157082 3.348002   3.44868167
 3.56807411 5.17060977 3.2959747  3.08183857]
DEBUG: cosmo_colibre ages (Gyr): [2.10987251 8.73217587 8.73217587 1.80351332 3.34922097 3.44982136
 3.56911449 5.16973103 3.29723306 3.08324777]
DEBUG: us.look_back_time -> ages (Gyr): [2.10987252 8.73217588 8.73217588 1.80351333 3.34922098 3.44982136
 3.56911449 5.16973103 3.29723306 3.08324777]
[69/100] subhalo 4320671 done; total_formed=7.316e+00
Building SWIFTGalaxy for subhalo 7454 (soap_index=76494531)
Read masses: Nstars=93484, sum_current=1.190418e+11 Msun
DEBUG: sample z (first valid): [4.98392988 0.52721849 0.39378988 7.537224   0.53724901 2.09423985
 0.37345964 0.40659341 1.40675725 1.80523928]
DEBUG: Planck15 ages (Gyr): [1.17809937 8.40839822 9.43537736 0.69146003 8.3380192  3.13859221
 9.60800757 9.32899095 4.51715841 3.62161544]
DEBUG: cosmo_colibre ages (Gyr): [1.18006128 8.39998047 9.42351548 0.69328053 8.32981926 3.13996318
 9.59551876 9.31750864 4.51719788 3.6226094 ]
DEBUG: us.look_back_time -> ages (Gyr): [1.18006128 8.39998047 9.42351548 0.69328053 8.32981926 3.13996319
 9.59551876 9.31750864 4.51719789 3.62260941]
[70/100] subhalo 7454 done; total_formed=1.969e+01
Building SWIFTGalaxy for subhalo 1625137 (soap_index=76494550)
Read masses: Nstars=84269, sum_current=1.121467e+11 Msun
DEBUG: sample z (first valid): [2.2979066  5.46375382 0.60832433 1.37880218 1.51635693 1.50080134
 1.65779869 4.94754515 1.26674045 1.76243467]
DEBUG: Planck15 ages (Gyr): [2.85812146 1.04957078 7.86376357 4.59314704 4.23786496 4.27578848
 3.9165561  1.18890485 4.91931478 3.70343083]
DEBUG: cosmo_colibre ages (Gyr): [2.85966911 1.05151208 7.85696927 4.59308959 4.23823889 4.27611899
 3.91727321 1.19086805 4.91881202 3.7043516 ]
DEBUG: us.look_back_time -> ages (Gyr): [2.85966911 1.05151209 7.85696927 4.59308959 4.23823889 4.27611899
 3.91727321 1.19086806 4.91881202 3.7043516 ]
[71/100] subhalo 1625137 done; total_formed=1.875e+01
Building SWIFTGalaxy for subhalo 6144 (soap_index=76607198)
Read masses: Nstars=294985, sum_current=3.653151e+11 Msun
DEBUG: sample z (first valid): [0.3044586  0.29681811 0.33659651 0.31103465 0.28703849 0.31103465
 0.27402799 0.35606688 0.32578087 3.08069738]
DEBUG: Planck15 ages (Gyr): [10.2297051  10.30212587  9.93305361 10.16796447 10.39591308 10.16796447
 10.52261421  9.75939959 10.03147279  2.0857783 ]
DEBUG: cosmo_colibre ages (Gyr): [10.21484775 10.28698154  9.91934786 10.15334998 10.38039371 10.15334998
 10.50658219  9.74634987 10.01738927  2.08765679]
DEBUG: us.look_back_time -> ages (Gyr): [10.21484775 10.28698154  9.91934786 10.15334998 10.38039371 10.15334998
 10.50658219  9.74634987 10.01738927  2.0876568 ]
[72/100] subhalo 6144 done; total_formed=6.093e+01
Building SWIFTGalaxy for subhalo 1465752 (soap_index=76607244)
Read masses: Nstars=17753, sum_current=2.341567e+10 Msun
DEBUG: sample z (first valid): [1.17770984 1.19213273 6.80748153 3.35918585 5.28281085 2.45107952
 0.59688109 2.45107952 3.95396477 0.11813281]
DEBUG: Planck15 ages (Gyr): [ 5.20564061  5.15748343  0.79070314  1.89075433  1.09517697  2.67320285
  7.93732789  2.67320285  1.56253433 12.23004216]
DEBUG: cosmo_colibre ages (Gyr): [ 5.20470715  5.15662504  0.79256832  1.8926802   1.09712674  2.6748504
  7.93032265  2.6748504   1.56450523 12.20646074]
DEBUG: us.look_back_time -> ages (Gyr): [ 5.20470716  5.15662504  0.79256833  1.89268021  1.09712674  2.6748504
  7.93032266  2.6748504   1.56450524 12.20646074]
[73/100] subhalo 1465752 done; total_formed=3.917e+00
Building SWIFTGalaxy for subhalo 748916 (soap_index=76765426)
Read masses: Nstars=154700, sum_current=1.946123e+11 Msun
DEBUG: sample z (first valid): [4.05561984 0.80938708 1.0230907  1.1026694  0.98545807 1.45858343
 0.4737789  0.86351228 1.02671945 1.25986207]
DEBUG: Planck15 ages (Gyr): [1.5158579  6.72385316 5.77001592 5.46810117 5.92202573 4.38151341
 8.7987696  6.46022372 5.75568288 4.94053264]
DEBUG: cosmo_colibre ages (Gyr): [1.51783148 6.71999087 5.76812202 5.46673965 5.91984744 4.38171957
 8.78910097 6.45694942 5.75381523 4.93999925]
DEBUG: us.look_back_time -> ages (Gyr): [1.51783148 6.71999088 5.76812202 5.46673965 5.91984744 4.38171957
 8.78910097 6.45694942 5.75381523 4.93999925]
[74/100] subhalo 748916 done; total_formed=3.252e+01
Building SWIFTGalaxy for subhalo 9846930 (soap_index=76765533)
Read masses: Nstars=8049, sum_current=1.162824e+10 Msun
DEBUG: sample z (first valid): [1.78639456 2.02818593 3.73868402 3.09523214 1.34190966 2.35359738
 2.28238005 1.19654109 2.29624786 3.45823129]
DEBUG: Planck15 ages (Gyr): [3.65726927 3.2393439  1.66962984 2.07479052 4.69661007 2.78852447
 2.878034   5.14290521 2.86023798 1.82855546]
DEBUG: cosmo_colibre ages (Gyr): [3.65823168 3.24064391 1.67159101 2.07667208 4.69641653 2.79011125
 2.87957011 5.14206934 2.86178441 1.83049328]
DEBUG: us.look_back_time -> ages (Gyr): [3.65823168 3.24064392 1.67159101 2.07667208 4.69641653 2.79011125
 2.87957011 5.14206934 2.86178441 1.83049328]
[75/100] subhalo 9846930 done; total_formed=1.944e+00
Building SWIFTGalaxy for subhalo 463 (soap_index=76775106)
Read masses: Nstars=368064, sum_current=4.721778e+11 Msun
DEBUG: sample z (first valid): [2.52192605 1.26454734 1.23032943 4.275801   1.70899471 1.71595524
 5.37261766 6.24234722 4.80426889 2.63080332]
DEBUG: Planck15 ages (Gyr): [2.59421954 4.92606411 5.03331117 1.42232989 3.80986296 3.79572102
 1.07213871 0.8850472  1.23309842 2.48009035]
DEBUG: cosmo_colibre ages (Gyr): [2.59590577 4.92555163 5.03264143 1.42430584 3.81068438 3.79655592
 1.07408437 0.88694619 1.23506621 2.4818283 ]
DEBUG: us.look_back_time -> ages (Gyr): [2.59590577 4.92555163 5.03264143 1.42430584 3.81068438 3.79655592
 1.07408437 0.8869462  1.23506622 2.4818283 ]
[76/100] subhalo 463 done; total_formed=7.812e+01
Building SWIFTGalaxy for subhalo 352785 (soap_index=76782784)
Read masses: Nstars=42484, sum_current=5.662903e+10 Msun
DEBUG: sample z (first valid): [2.97043499 3.54889984 1.14689117 1.01141735 2.9460501  3.51225558
 1.34643752 1.40675725 7.08188433 0.57842004]
DEBUG: Planck15 ages (Gyr): [2.17235871 1.77452815 5.31096524 5.81650651 2.19230895 1.79604154
 4.68371205 4.51715841 0.75075824 8.05821791]
DEBUG: cosmo_colibre ages (Gyr): [2.17421143 1.77647507 5.30986385 5.8145268  2.19415533 1.79798497
 4.68353574 4.51719788 0.75260666 8.05086038]
DEBUG: us.look_back_time -> ages (Gyr): [2.17421144 1.77647507 5.30986385 5.8145268  2.19415533 1.79798498
 4.68353574 4.51719789 0.75260666 8.05086038]
[77/100] subhalo 352785 done; total_formed=9.417e+00
Building SWIFTGalaxy for subhalo 1488862 (soap_index=76875101)
Read masses: Nstars=31385, sum_current=4.382853e+10 Msun
DEBUG: sample z (first valid): [3.33267222 4.80426889 3.8248546  4.08661906 0.01536936 5.78637258
 5.77304671 5.08166295 3.53066021 4.16967737]
DEBUG: Planck15 ages (Gyr): [ 1.90799995  1.23309842  1.62534418  1.5020823  13.57823924  0.97568859
  0.97856748  1.14986771  1.78518278  1.46617741]
DEBUG: cosmo_colibre ages (Gyr): [ 1.90992223  1.23506621  1.62730997  1.50405647 13.54792949  0.97761329
  0.98049289  1.15182594  1.787128    1.46815276]
DEBUG: us.look_back_time -> ages (Gyr): [ 1.90992224  1.23506622  1.62730997  1.50405648 13.54792949  0.97761329
  0.98049289  1.15182594  1.787128    1.46815276]
[78/100] subhalo 1488862 done; total_formed=7.281e+00
Building SWIFTGalaxy for subhalo 2839649 (soap_index=76875103)
Read masses: Nstars=38477, sum_current=4.919448e+10 Msun
DEBUG: sample z (first valid): [3.21534701 4.6760783  1.11556589 4.80426889 5.56936648 5.30821061
 1.15295664 0.75323703 6.68120019 6.55806712]
DEBUG: Planck15 ages (Gyr): [1.98753089 1.27500058 5.42152337 1.23309842 1.02438897 1.08857835
 5.28997063 7.01533194 0.81028847 0.83017444]
DEBUG: cosmo_colibre ages (Gyr): [1.98943512 1.27697176 5.42024016 1.23506621 1.02632503 1.09052697
 5.28890312 7.01078019 0.81216132 0.83205471]
DEBUG: us.look_back_time -> ages (Gyr): [1.98943512 1.27697176 5.42024016 1.23506622 1.02632503 1.09052697
 5.28890312 7.01078019 0.81216132 0.83205471]
[79/100] subhalo 2839649 done; total_formed=8.232e+00
Building SWIFTGalaxy for subhalo 16593543 (soap_index=76917179)
Read masses: Nstars=18849, sum_current=2.594160e+10 Msun
DEBUG: sample z (first valid): [5.28281085e+00 4.82801245e+00 1.58616788e-01 5.90136384e-02
 4.14441902e-02 8.40997816e-02 5.09171216e-03 3.19979844e-02
 6.71283983e+00 1.15316542e-01]
DEBUG: Planck15 ages (Gyr): [ 1.09517697  1.22558789 11.7506228  12.98130744 13.21709108 12.65478457
 13.72439264 13.34635169  0.80530626 12.26441864]
DEBUG: cosmo_colibre ages (Gyr): [ 1.09712674  1.22755498 11.72927714 12.95405369 13.18864434 12.6291515
 13.69331701 13.31724305  0.80717719 12.2406736 ]
DEBUG: us.look_back_time -> ages (Gyr): [ 1.09712674  1.22755499 11.72927714 12.95405369 13.18864434 12.6291515
 13.69331701 13.31724305  0.8071772  12.2406736 ]
[80/100] subhalo 16593543 done; total_formed=4.279e+00
Building SWIFTGalaxy for subhalo 754462 (soap_index=76978457)
Read masses: Nstars=22218, sum_current=3.016563e+10 Msun
DEBUG: sample z (first valid): [1.8289735  2.02483153 2.90420589 2.03801224 2.14774256 3.48354656
 2.81822419 1.27019537 2.26374502 1.62711457]
DEBUG: Planck15 ages (Gyr): [3.57750804 3.24460091 2.22725551 3.22402392 3.06068252 1.81319954
 2.30201561 4.90871211 2.902235   3.98284141]
DEBUG: cosmo_colibre ages (Gyr): [3.57854032 3.24589711 2.22909041 3.22533498 3.06210564 1.81514006
 2.30382437 4.90822458 2.90375688 3.98349131]
DEBUG: us.look_back_time -> ages (Gyr): [3.57854033 3.24589711 2.22909041 3.22533498 3.06210564 1.81514006
 2.30382437 4.90822458 2.90375689 3.98349131]
[81/100] subhalo 754462 done; total_formed=5.069e+00
Building SWIFTGalaxy for subhalo 7496244 (soap_index=76978702)
Read masses: Nstars=18436, sum_current=2.621516e+10 Msun
DEBUG: sample z (first valid): [0.35337849 0.21335999 0.22947621 0.2908919  0.05901364 0.05424361
 0.15804354 0.08849322 1.72680369 1.66666667]
DEBUG: Planck15 ages (Gyr): [ 9.78311158 11.14386541 10.9737874  10.35881137 12.98130744 13.04473324
 11.75722345 12.59879295  3.77384892  3.89773109]
DEBUG: cosmo_colibre ages (Gyr): [ 9.76997308 11.12522182 10.9558747  10.34344082 12.95405369 13.01716043
 11.7358476  12.57343404  3.77470449  3.89846695]
DEBUG: us.look_back_time -> ages (Gyr): [ 9.76997308 11.12522182 10.9558747  10.34344082 12.95405369 13.01716043
 11.7358476  12.57343404  3.77470449  3.89846695]
[82/100] subhalo 7496244 done; total_formed=4.314e+00
Building SWIFTGalaxy for subhalo 40323836 (soap_index=76980066)
Read masses: Nstars=25652, sum_current=3.490755e+10 Msun
DEBUG: sample z (first valid): [11.19274419  1.82848511  1.20496602  1.00599939  0.55711842  1.63726358
  1.0225912   1.72136866  1.09795762  1.65779869]
DEBUG: Planck15 ages (Gyr): [0.40473888 3.57840683 5.11522593 5.83828446 8.20119119 3.96071741
 5.77199325 3.78478115 5.48527649 3.9165561 ]
DEBUG: cosmo_colibre ages (Gyr): [0.40635422 3.57943835 5.11443254 5.83626421 8.19340791 3.96138995
 5.77009573 3.78562641 5.48388584 3.91727321]
DEBUG: us.look_back_time -> ages (Gyr): [0.40635423 3.57943835 5.11443254 5.83626421 8.19340791 3.96138996
 5.77009573 3.78562641 5.48388584 3.91727321]
[83/100] subhalo 40323836 done; total_formed=5.822e+00
Building SWIFTGalaxy for subhalo 761172 (soap_index=76998962)
Read masses: Nstars=128340, sum_current=1.644416e+11 Msun
DEBUG: sample z (first valid): [1.83705628 6.5268175  1.96972993 2.06787754 1.99552061 1.96811594
 7.81927062 0.49954238 1.59980958 5.43772102]
DEBUG: Planck15 ages (Gyr): [3.56268611 0.83535055 3.33298919 3.17818046 3.29113562 3.33563723
 0.65852433 8.60726593 4.04336635 1.05593618]
DEBUG: cosmo_colibre ages (Gyr): [3.56373109 0.8372327  3.33421964 3.17952402 3.29239759 3.33686566
 0.66032762 8.59821998 4.04395326 1.05787874]
DEBUG: us.look_back_time -> ages (Gyr): [3.56373109 0.83723271 3.33421965 3.17952403 3.29239759 3.33686567
 0.66032762 8.59821998 4.04395326 1.05787875]
[84/100] subhalo 761172 done; total_formed=2.739e+01
Building SWIFTGalaxy for subhalo 65300 (soap_index=77013697)
Read masses: Nstars=6405, sum_current=1.051886e+10 Msun
DEBUG: sample z (first valid): [1.80523928 2.22044226 4.0763749  2.18630883 1.78971565 2.13000287
 2.51211147 1.60352773 1.243308   2.27909537]
DEBUG: Planck15 ages (Gyr): [3.62161544 2.95977732 1.50661162 3.0064646  3.65094455 3.086161
 2.60493095 4.03503748 4.99219931 2.88227569]
DEBUG: cosmo_colibre ages (Gyr): [3.6226094  2.96126445 1.50858561 3.00792261 3.65191259 3.08756733
 2.60661208 4.03563316 4.99159048 2.88380933]
DEBUG: us.look_back_time -> ages (Gyr): [3.62260941 2.96126446 1.50858561 3.00792261 3.6519126  3.08756733
 2.60661208 4.03563316 4.99159048 2.88380933]
[85/100] subhalo 65300 done; total_formed=1.752e+00
Building SWIFTGalaxy for subhalo 67157 (soap_index=77013700)
Read masses: Nstars=39072, sum_current=5.034271e+10 Msun
DEBUG: sample z (first valid): [0.49529981 2.16905222 0.77296829 2.95509958 1.74346952 1.29467787
 1.88806628 0.67013252 3.58614416 1.92180116]
DEBUG: Planck15 ages (Gyr): [8.63837148 3.0305287  6.91072413 2.18487007 3.74064397 4.83461194
 3.47140683 7.483731   1.75309598 3.41311182]
DEBUG: cosmo_colibre ages (Gyr): [8.62922557 3.03197136 6.90642458 2.18671883 3.74153054 4.83422942
 3.47252806 7.47798452 1.75504619 3.41427998]
DEBUG: us.look_back_time -> ages (Gyr): [8.62922557 3.03197136 6.90642458 2.18671883 3.74153054 4.83422943
 3.47252807 7.47798452 1.75504619 3.41427999]
[86/100] subhalo 67157 done; total_formed=8.458e+00
Building SWIFTGalaxy for subhalo 163181 (soap_index=77013701)
Read masses: Nstars=8961, sum_current=1.454447e+10 Msun
DEBUG: sample z (first valid): [2.36288998 3.05118378 2.62718619 4.98885132 1.77014118 1.19183946
 1.91634033 2.35944228 2.16018902 1.27429206]
DEBUG: Planck15 ages (Gyr): [2.77718206 2.10838746 2.48374847 1.17665032 3.6884806  5.15845556
 3.4224397  2.78138142 3.0430111  4.89618708]
DEBUG: cosmo_colibre ages (Gyr): [2.77877504 2.11025951 2.48548484 1.17861206 3.68941494 5.15759566
 3.42360045 2.78297212 3.04444571 4.89571748]
DEBUG: us.look_back_time -> ages (Gyr): [2.77877504 2.11025951 2.48548485 1.17861206 3.68941495 5.15759567
 3.42360045 2.78297212 3.04444571 4.89571748]
[87/100] subhalo 163181 done; total_formed=2.423e+00
Building SWIFTGalaxy for subhalo 1529213 (soap_index=77036523)
Read masses: Nstars=52486, sum_current=7.457740e+10 Msun
DEBUG: sample z (first valid): [0.47976879 1.21450294 1.06999368 1.04825603 0.41083269 0.41521983
 0.41046832 0.48553813 0.38918094 0.48553813]
DEBUG: Planck15 ages (Gyr): [8.75368346 5.08417799 5.58898599 5.67175739 9.29415556 9.25830681
 9.29714213 8.7105819  9.47411123 8.7105819 ]
DEBUG: cosmo_colibre ages (Gyr): [8.74416299 5.08343183 5.58741647 5.67004148 9.28279641 9.24707382
 9.28577245 8.70120217 9.46210985 8.70120217]
DEBUG: us.look_back_time -> ages (Gyr): [8.744163   5.08343183 5.58741647 5.67004148 9.28279641 9.24707382
 9.28577245 8.70120218 9.46210985 8.70120218]
[88/100] subhalo 1529213 done; total_formed=1.228e+01
Building SWIFTGalaxy for subhalo 1526615 (soap_index=77054731)
Read masses: Nstars=22110, sum_current=3.093058e+10 Msun
DEBUG: sample z (first valid): [0.85297444 1.82409722 2.36219988 1.03933284 1.66666667 0.82226671
 1.18133404 1.61620758 0.96639462 1.16992252]
DEBUG: Planck15 ages (Gyr): [6.51028052 3.58649855 2.77802179 5.70629487 3.89773109 6.65962867
 5.19347266 4.00684133 6.00143955 5.23193946]
DEBUG: cosmo_colibre ages (Gyr): [6.50689717 3.58752309 2.77961431 5.70451692 3.89846695 6.65591274
 5.19255827 4.00746644 5.9991083  5.23096455]
DEBUG: us.look_back_time -> ages (Gyr): [6.50689717 3.58752309 2.77961432 5.70451692 3.89846695 6.65591274
 5.19255827 4.00746644 5.9991083  5.23096456]
[89/100] subhalo 1526615 done; total_formed=5.133e+00
Building SWIFTGalaxy for subhalo 363482 (soap_index=77078595)
Read masses: Nstars=22853, sum_current=3.250704e+10 Msun
DEBUG: sample z (first valid): [2.75866024 0.07690285 3.42153556 0.19260445 0.1012973  3.78574558
 0.12273008 3.30195615 0.35337849 5.37261766]
DEBUG: Planck15 ages (Gyr): [ 2.35626515 12.74726571  1.85119985 11.36852474 12.4375937   1.64519936
 12.17421848  1.9283065   9.78311158  1.07213871]
DEBUG: cosmo_colibre ages (Gyr): [ 2.35805362 12.72117738  1.85313349 11.34889771 12.41301787  1.64716318
 12.15090182  1.93022441  9.76997308  1.07408437]
DEBUG: us.look_back_time -> ages (Gyr): [ 2.35805362 12.72117738  1.85313349 11.34889771 12.41301787  1.64716319
 12.15090182  1.93022441  9.76997308  1.07408437]
[90/100] subhalo 363482 done; total_formed=5.374e+00
Building SWIFTGalaxy for subhalo 2913314 (soap_index=77085656)
Read masses: Nstars=121152, sum_current=1.553095e+11 Msun
DEBUG: sample z (first valid): [3.795551   1.44373182 1.93514869 1.16333267 4.47227789 0.72991236
 0.920075   0.93275923 1.8170564  2.98249878]
DEBUG: Planck15 ages (Gyr): [1.64018367 4.41970876 3.39048583 5.25435933 1.34667298 7.14216124
 6.20148838 6.14568239 3.59954483 2.16259934]
DEBUG: cosmo_colibre ages (Gyr): [1.64214801 4.4198688  3.39167185 5.25334884 1.34864783 7.13729656
 6.1987584  6.14306557 3.60055807 2.16445512]
DEBUG: us.look_back_time -> ages (Gyr): [1.64214801 4.4198688  3.39167185 5.25334884 1.34864783 7.13729656
 6.1987584  6.14306558 3.60055807 2.16445512]
[91/100] subhalo 2913314 done; total_formed=2.603e+01
Building SWIFTGalaxy for subhalo 365537 (soap_index=77109455)
Read masses: Nstars=40716, sum_current=5.241067e+10 Msun
DEBUG: sample z (first valid): [3.74726548 6.63466915 4.73418497 6.55023041 4.94754515 4.04550004
 3.62335097 1.7687368  6.4362873  1.25535137]
DEBUG: Planck15 ages (Gyr): [1.66513044 0.81770925 1.25571875 0.83146747 1.18890485 1.52040039
 1.73210982 3.69119771 0.8506526  4.95452618]
DEBUG: cosmo_colibre ages (Gyr): [1.66709211 0.81958491 1.25768849 0.83334822 1.19086805 1.52237375
 1.73406305 3.6921296  0.85254016 4.95397248]
DEBUG: us.look_back_time -> ages (Gyr): [1.66709212 0.81958492 1.2576885  0.83334822 1.19086806 1.52237375
 1.73406306 3.6921296  0.85254016 4.95397248]
[92/100] subhalo 365537 done; total_formed=8.753e+00
Building SWIFTGalaxy for subhalo 2919050 (soap_index=77116901)
Read masses: Nstars=20638, sum_current=3.046737e+10 Msun
DEBUG: sample z (first valid): [6.90352147 4.15950244 4.30827798 6.21285494 4.1643814  5.66354855
 4.40057684 4.68740779 5.11914099 6.12580189]
DEBUG: Planck15 ages (Gyr): [0.77632877 1.47049903 1.4093442  0.89048003 1.46842415 1.00276756
 1.37349256 1.27120265 1.13933827 0.90684381]
DEBUG: cosmo_colibre ages (Gyr): [0.7781881  1.47247426 1.41132016 0.89238075 1.47039943 1.00469878
 1.37546812 1.27317356 1.14129501 0.90874956]
DEBUG: us.look_back_time -> ages (Gyr): [0.7781881  1.47247427 1.41132016 0.89238075 1.47039944 1.00469878
 1.37546812 1.27317357 1.14129501 0.90874957]
[93/100] subhalo 2919050 done; total_formed=4.727e+00
Building SWIFTGalaxy for subhalo 67179 (soap_index=77136461)
Read masses: Nstars=88459, sum_current=1.122822e+11 Msun
DEBUG: sample z (first valid): [2.39213251 4.0350338  4.27070935 1.19875193 6.85520796 5.26958768
 6.31591873 1.80836476 5.25701738 5.94016732]
DEBUG: Planck15 ages (Gyr): [2.74197854 1.52512216 1.42438374 5.13561872 0.7835051  1.09863857
 0.87173188 3.61575669 1.10194613 0.94345568]
DEBUG: cosmo_colibre ages (Gyr): [2.74359046 1.52709529 1.42635969 5.13479407 0.78536738 1.10058892
 0.87362656 3.61675579 1.10389704 0.94537194]
DEBUG: us.look_back_time -> ages (Gyr): [2.74359046 1.52709529 1.42635969 5.13479407 0.78536738 1.10058893
 0.87362657 3.61675579 1.10389705 0.94537195]
[94/100] subhalo 67179 done; total_formed=1.887e+01
Building SWIFTGalaxy for subhalo 67617 (soap_index=77216171)
Read masses: Nstars=57617, sum_current=7.347292e+10 Msun
DEBUG: sample z (first valid): [1.66927338 6.46593757 2.11631003 2.34777278 2.51663447 3.85919775
 3.21968965 0.4559673  7.94506244 5.5964771 ]
DEBUG: Planck15 ages (Gyr): [3.89222538 0.84558995 3.10606534 2.79567269 2.59998564 1.60823367
 1.98449009 8.93489755 0.64466684 1.01808638]
DEBUG: cosmo_colibre ages (Gyr): [3.8929667  0.84747574 3.10745837 2.79725554 2.60166913 1.61020102
 1.98639505 8.92477579 0.64646249 1.02002105]
DEBUG: us.look_back_time -> ages (Gyr): [3.8929667  0.84747574 3.10745838 2.79725554 2.60166913 1.61020103
 1.98639506 8.92477579 0.6464625  1.02002106]
[95/100] subhalo 67617 done; total_formed=1.233e+01
Building SWIFTGalaxy for subhalo 168222 (soap_index=77246447)
Read masses: Nstars=35693, sum_current=5.207229e+10 Msun
DEBUG: sample z (first valid): [6.42113011 6.30124777 0.35270806 0.18655852 4.64138762 0.32879157
 0.29681811 0.28110095 0.54902146 0.4325435 ]
DEBUG: Planck15 ages (Gyr): [ 0.85326012  0.87436042  9.78903803 11.43518506  1.28674765 10.00393399
 10.30212587 10.45345952  8.25653963  9.1187269 ]
DEBUG: cosmo_colibre ages (Gyr): [ 0.85514858  0.87625597  9.77587729 11.41526235  1.28871961  9.9899566
 10.28698154 10.43770816  8.24858889  9.10797947]
DEBUG: us.look_back_time -> ages (Gyr): [ 0.85514858  0.87625597  9.7758773  11.41526235  1.28871961  9.9899566
 10.28698154 10.43770817  8.24858889  9.10797947]
[96/100] subhalo 168222 done; total_formed=8.423e+00
Building SWIFTGalaxy for subhalo 67480 (soap_index=77272423)
Read masses: Nstars=54209, sum_current=7.281047e+10 Msun
DEBUG: sample z (first valid): [4.39524162 1.47623366 0.90157846 1.34643752 0.22332562 1.6856815
 3.55839188 5.41126981 3.90392098 1.23200054]
DEBUG: Planck15 ages (Gyr): [ 1.37552356  4.33680635  6.28429462  4.68371205 11.03825329  3.85785664
  1.76902496  1.06246983  1.58639473  5.02798745]
DEBUG: cosmo_colibre ages (Gyr): [ 1.37749916  4.33706568  6.28139395  4.68353574 11.02006495  3.85863173
  1.77097274  1.06441366  1.5883639   5.02732564]
DEBUG: us.look_back_time -> ages (Gyr): [ 1.37749916  4.33706568  6.28139395  4.68353574 11.02006495  3.85863174
  1.77097274  1.06441366  1.5883639   5.02732565]
[97/100] subhalo 67480 done; total_formed=1.207e+01
Building SWIFTGalaxy for subhalo 1547217 (soap_index=77305971)
Read masses: Nstars=32191, sum_current=4.141488e+10 Msun
DEBUG: sample z (first valid): [3.98410526 5.25701738 2.04139595 4.08661906 6.46593757 1.28523607
 1.56380565 4.30827798 4.14896292 1.32743803]
DEBUG: Planck15 ages (Gyr): [1.54844906 1.10194613 3.2187758  1.5020823  0.84558995 4.86297625
 4.12547483 1.4093442  1.47499781 4.73821721]
DEBUG: cosmo_colibre ages (Gyr): [1.55042087 1.10389704 3.22009063 1.50405647 0.84747574 4.86255383
 4.1259738  1.41132016 1.47697292 4.73796759]
DEBUG: us.look_back_time -> ages (Gyr): [1.55042088 1.10389705 3.22009063 1.50405648 0.84747574 4.86255383
 4.1259738  1.41132016 1.47697293 4.73796759]
[98/100] subhalo 1547217 done; total_formed=6.947e+00
Building SWIFTGalaxy for subhalo 781031 (soap_index=77313993)
Read masses: Nstars=44843, sum_current=5.865718e+10 Msun
DEBUG: sample z (first valid): [4.59610622 5.92549931 3.74245604 4.92924998 0.52098032 5.10659709
 3.38573245 4.42786152 0.43984533 4.46133333]
DEBUG: Planck15 ages (Gyr): [1.30235342 0.94645306 1.66764963 1.19440045 8.45261823 1.14284459
 1.87374398 1.36318322 9.06082572 1.35071033]
DEBUG: cosmo_colibre ages (Gyr): [1.30432631 0.94837014 1.66961103 1.19636428 8.44406243 1.14480183
 1.87567327 1.36515854 9.05027706 1.3526853 ]
DEBUG: us.look_back_time -> ages (Gyr): [1.30432632 0.94837015 1.66961103 1.19636428 8.44406243 1.14480183
 1.87567327 1.36515855 9.05027706 1.35268531]
[99/100] subhalo 781031 done; total_formed=9.843e+00
Building SWIFTGalaxy for subhalo 7628724 (soap_index=77334200)
Read masses: Nstars=16904, sum_current=2.252588e+10 Msun
DEBUG: sample z (first valid): [0.06987071 0.06861466 0.06011    0.0223387  0.02374406 0.02419204
 0.00509171 2.52192605 0.81299104 3.4755856 ]
DEBUG: Planck15 ages (Gyr): [12.83855193 12.85495384 12.96679075 13.48036917 13.46075354 13.4545093
 13.72439264  2.59421954  6.70578579  1.81800549]
DEBUG: cosmo_colibre ages (Gyr): [12.8120113  12.82833162 12.93960984 13.45056848 13.43105451 13.4248426
 13.69331701  2.59590577  6.70196488  1.81994517]
DEBUG: us.look_back_time -> ages (Gyr): [12.8120113  12.82833162 12.93960984 13.45056848 13.43105451 13.4248426
 13.69331701  2.59590577  6.70196489  1.81994517]
[100/100] subhalo 7628724 done; total_formed=3.782e+00
All halos processed. Writing CSV.
Wrote relicness_extras_2400_2500.csv (100 rows) in 6592.5s
