Will process 30 subhalos (test=False)
Mapping requested subhalos -> SOAP rows (chunked scan)...
Found SOAP rows for 30 / 30 requested subhalos
Reading SOAP StellarMass & HalfMassRadiusStars for requested rows (applying Mu/Lu conversions)...
Summing PartType4/Masses via mapping NPZ (particle-level current stellar mass -> Msun)...
Analysing subhalo 503070
Analysing subhalo 503454
Analysing subhalo 8417666
Analysing subhalo 3403796
Analysing subhalo 399197
Analysing subhalo 8815
Analysing subhalo 8961
Analysing subhalo 2046121
Analysing subhalo 512766
Analysing subhalo 27269
Analysing subhalo 3187486
Analysing subhalo 5955362
Analysing subhalo 868100
Analysing subhalo 1698547
Analysing subhalo 14017
Analysing subhalo 195113
Analysing subhalo 868822
Analysing subhalo 890760
Analysing subhalo 4490335
Analysing subhalo 910286
Analysing subhalo 1807195
Analysing subhalo 439711
Analysing subhalo 88014
Analysing subhalo 204670
Analysing subhalo 912605
Analysing subhalo 929942
Analysing subhalo 6113226
Analysing subhalo 89972
Analysing subhalo 16215
Analysing subhalo 452464
halos:   0%|                                                                 | 0/30 [00:00<?, ?it/s]Flushed 30 rows to outfiles/relic_chunk_018.csv
halos: 100%|███████████████████████████████████████████████████████| 30/30 [00:00<00:00, 460.10it/s]
Done. Wrote 30 rows to outfiles/relic_chunk_018.csv
