Starting pure-swift relicness script
Loaded SOAP mapping for 91142867 halos
Batch mode: processing 100 halos (slice 1700:1800)
Building SWIFTGalaxy for subhalo 635798 (soap_index=50056304)
Read masses: Nstars=48835, sum_current=6.798827e+10 Msun
DEBUG: sample z (first valid): [4.58466127 0.34174105 0.4383285  0.16803308 0.20293686 7.537224
 5.81459915 4.85142857 4.36213386 6.66592584]
DEBUG: Planck15 ages (Gyr): [ 1.30634758  9.88673371  9.07280877 11.6429502  11.25588345  0.69146003
  0.96963686  1.21825501  1.3882391   0.81271204]
DEBUG: cosmo_colibre ages (Gyr): [ 1.30832069  9.87320426  9.0622191  11.62209462 11.23675205  0.69328053
  0.97156003  1.22022138  1.3902149   0.81458582]
DEBUG: us.look_back_time -> ages (Gyr): [ 1.30832069  9.87320427  9.0622191  11.62209462 11.23675205  0.69328053
  0.97156003  1.22022139  1.3902149   0.81458582]
[1/100] subhalo 635798 done; total_formed=1.116e+01
Building SWIFTGalaxy for subhalo 2421282 (soap_index=50062499)
Read masses: Nstars=58903, sum_current=7.994484e+10 Msun
DEBUG: sample z (first valid): [4.85142857 3.93382519 0.17221149 3.91384869 6.27208167 0.17045292
 0.12496567 0.5178803  3.4755856  2.00293255]
DEBUG: Planck15 ages (Gyr): [ 1.21825501  1.57206473 11.59562124  1.58161349  0.87962528 11.6155071
 12.14720254  8.47472268  1.81800549  3.27926582]
DEBUG: cosmo_colibre ages (Gyr): [ 1.22022138  1.57403497 11.57497965  1.58358302  0.88152254 11.5947757
 12.1240136   8.46609752  1.81994517  3.2805366 ]
DEBUG: us.look_back_time -> ages (Gyr): [ 1.22022139  1.57403497 11.57497965  1.58358302  0.88152255 11.5947757
 12.1240136   8.46609752  1.81994517  3.28053661]
[2/100] subhalo 2421282 done; total_formed=1.329e+01
Building SWIFTGalaxy for subhalo 132754 (soap_index=50083399)
Read masses: Nstars=23974, sum_current=3.097425e+10 Msun
DEBUG: sample z (first valid): [5.29548511 2.17889018 5.1565054  5.15015015 7.1971232  4.243719
 0.4165658  0.90888967 1.11447377 2.55787188]
DEBUG: Planck15 ages (Gyr): [1.09187604 3.01677134 1.12899916 1.1307467  0.73497236 1.43535363
 9.24734942 6.25135862 5.42544338 2.5556006 ]
DEBUG: cosmo_colibre ages (Gyr): [1.09382523 3.0182228  1.13095437 1.13270218 0.73681371 1.43732949
 9.23615488 6.24852623 5.42415362 2.55730489]
DEBUG: us.look_back_time -> ages (Gyr): [1.09382524 3.01822281 1.13095437 1.13270218 0.73681372 1.4373295
 9.23615488 6.24852624 5.42415362 2.55730489]
[3/100] subhalo 132754 done; total_formed=5.162e+00
Building SWIFTGalaxy for subhalo 1269080 (soap_index=50139706)
Read masses: Nstars=17504, sum_current=2.277271e+10 Msun
DEBUG: sample z (first valid): [4.0763749  2.84150059 5.24449738 2.19345093 7.0083094  4.71070059
 3.96672982 5.84163274 4.65306651 5.05693161]
DEBUG: Planck15 ages (Gyr): [1.50661162 2.28137303 1.10525693 2.99659641 0.76113403 1.26345305
 1.55654314 0.96389913 1.28277292 1.15690478]
DEBUG: cosmo_colibre ages (Gyr): [1.50858561 2.28318922 1.10720839 2.99806065 0.76298696 1.26542339
 1.55851445 0.96582083 1.28474463 1.15886397]
DEBUG: us.look_back_time -> ages (Gyr): [1.50858561 2.28318922 1.1072084  2.99806065 0.76298696 1.26542339
 1.55851445 0.96582083 1.28474463 1.15886398]
[4/100] subhalo 1269080 done; total_formed=3.813e+00
Building SWIFTGalaxy for subhalo 648540 (soap_index=50352249)
Read masses: Nstars=60700, sum_current=8.233172e+10 Msun
DEBUG: sample z (first valid): [6.30857589 0.86160664 3.35021573 1.35334674 0.24083611 5.1686747
 0.18655852 0.25030525 0.18655852 0.22763375]
DEBUG: Planck15 ages (Gyr): [ 0.87304582  6.46923157  1.89655994  4.66413949 10.8561367   1.12566538
 11.43518506 10.75945066 11.43518506 10.99304184]
DEBUG: cosmo_colibre ages (Gyr): [ 0.87494094  6.46593774  1.89848461  4.66398918 10.83872262  1.12762009
 11.41526235 10.74244205 11.41526235 10.97504699]
DEBUG: us.look_back_time -> ages (Gyr): [ 0.87494094  6.46593774  1.89848462  4.66398918 10.83872262  1.12762009
 11.41526235 10.74244205 11.41526235 10.97504699]
[5/100] subhalo 648540 done; total_formed=1.363e+01
Building SWIFTGalaxy for subhalo 661125 (soap_index=50394077)
Read masses: Nstars=21292, sum_current=2.875183e+10 Msun
DEBUG: sample z (first valid): [6.68120019 0.20417463 0.25030525 0.17523851 0.17523851 1.78568392
 0.20178977 3.1854643  5.24449738 1.28189415]
DEBUG: Planck15 ages (Gyr): [ 0.81028847 11.24249686 10.75945066 11.56150534 11.56150534  3.65862492
 11.26830963  2.00866578  1.10525693  4.87307947]
DEBUG: cosmo_colibre ages (Gyr): [ 0.81216132 11.22342402 10.74244205 11.54101747 11.54101747  3.65958612
 11.24912381  2.01056479  1.10720839  4.87264274]
DEBUG: us.look_back_time -> ages (Gyr): [ 0.81216132 11.22342402 10.74244205 11.54101747 11.54101747  3.65958612
 11.24912381  2.01056479  1.1072084   4.87264275]
[6/100] subhalo 661125 done; total_formed=4.775e+00
Building SWIFTGalaxy for subhalo 141406 (soap_index=50412037)
Read masses: Nstars=27838, sum_current=3.778628e+10 Msun
DEBUG: sample z (first valid): [1.52313852 0.23952186 0.23076923 0.72155091 4.61865569 0.73430719
 1.80547945 5.74516262 0.72155091 0.6509472 ]
DEBUG: Planck15 ages (Gyr): [ 4.22150122 10.86965481 10.9603038   7.18848526  1.29454296  7.11799639
  3.62116468  0.98463734  7.18848526  7.59865213]
DEBUG: cosmo_colibre ages (Gyr): [ 4.22189369 10.85218373 10.94244854  7.18350432  1.2965154   7.11319193
  3.62215904  0.98656425  7.18350432  7.59259619]
DEBUG: us.look_back_time -> ages (Gyr): [ 4.22189369 10.85218373 10.94244854  7.18350432  1.2965154   7.11319193
  3.62215904  0.98656425  7.18350432  7.5925962 ]
[7/100] subhalo 141406 done; total_formed=6.224e+00
Building SWIFTGalaxy for subhalo 1338789 (soap_index=50479493)
Read masses: Nstars=24166, sum_current=3.330649e+10 Msun
DEBUG: sample z (first valid): [2.50910259 2.55247181 1.71146049 0.7114802  1.25395515 1.87489033
 3.29857012 2.91306425 2.21949302 1.8633345 ]
DEBUG: Planck15 ages (Gyr): [2.60822934 2.5613417  3.8048434  7.24489263 4.95887046 3.49461684
 1.93056688 2.21978104 2.96105959 3.51518159]
DEBUG: cosmo_colibre ages (Gyr): [2.60990889 2.56304334 3.80566962 7.23976872 4.95831044 3.49571901
 1.93248429 2.22161843 2.96254594 3.51626668]
DEBUG: us.look_back_time -> ages (Gyr): [2.60990889 2.56304334 3.80566962 7.23976872 4.95831044 3.49571901
 1.9324843  2.22161843 2.96254594 3.51626668]
[8/100] subhalo 1338789 done; total_formed=5.577e+00
Building SWIFTGalaxy for subhalo 5289749 (soap_index=50479709)
Read masses: Nstars=7344, sum_current=1.079673e+10 Msun
DEBUG: sample z (first valid): [2.59969241 1.87741482 2.48373379 1.65156174 1.98053484 1.83877675
 1.79638164 2.03716749 1.78663152 2.00817038]
DEBUG: Planck15 ages (Gyr): [2.51184644 3.49015031 2.63631421 3.92988424 3.31534971 3.55954405
 3.63830326 3.2253363  3.65681742 3.27091979]
DEBUG: cosmo_colibre ages (Gyr): [2.5135705  3.49125616 2.63798012 3.93058799 3.31659353 3.56059172
 3.63928252 3.22664642 3.65778022 3.27219674]
DEBUG: us.look_back_time -> ages (Gyr): [2.5135705  3.49125617 2.63798012 3.93058799 3.31659353 3.56059172
 3.63928252 3.22664642 3.65778023 3.27219674]
[9/100] subhalo 5289749 done; total_formed=1.806e+00
Building SWIFTGalaxy for subhalo 664718 (soap_index=50642362)
Read masses: Nstars=187046, sum_current=2.439786e+11 Msun
DEBUG: sample z (first valid): [2.17242715 1.82020828 1.26940924 3.94387447 4.16967737 0.97635706
 1.38607733 1.52430475 0.33387609 0.33801552]
DEBUG: Planck15 ages (Gyr): [3.02579767 3.59369503 4.91112144 1.56729723 1.46617741 5.9597317
 4.57317518 4.21869741 9.9576756  9.9202457 ]
DEBUG: cosmo_colibre ages (Gyr): [3.02724337 3.59471334 4.91063045 1.56926781 1.46815276 5.95748116
 4.57314345 4.21909304 9.94387574 9.90658879]
DEBUG: us.look_back_time -> ages (Gyr): [3.02724337 3.59471335 4.91063045 1.56926781 1.46815276 5.95748116
 4.57314346 4.21909305 9.94387574 9.9065888 ]
[10/100] subhalo 664718 done; total_formed=4.092e+01
Building SWIFTGalaxy for subhalo 668170 (soap_index=50673216)
Read masses: Nstars=98275, sum_current=1.313294e+11 Msun
DEBUG: sample z (first valid): [7.16393647 6.76033156 2.22742047 7.27265842 5.5627879  5.34669766
 1.91297004 4.71070059 2.58512035 1.49451888]
DEBUG: Planck15 ages (Gyr): [0.73946144 0.79792282 2.9503787  0.72492212 1.02592812 1.07870479
 3.42821739 1.26345305 2.52695146 4.2912599 ]
DEBUG: cosmo_colibre ages (Gyr): [0.74130483 0.79979087 2.9518716  0.72675884 1.02786451 1.08065165
 3.42937353 1.26542339 2.52866878 4.29157251]
DEBUG: us.look_back_time -> ages (Gyr): [0.74130484 0.79979087 2.9518716  0.72675884 1.02786451 1.08065165
 3.42937353 1.26542339 2.52866878 4.29157252]
[11/100] subhalo 668170 done; total_formed=2.196e+01
Building SWIFTGalaxy for subhalo 145912 (soap_index=50720095)
Read masses: Nstars=5940, sum_current=1.143780e+10 Msun
DEBUG: sample z (first valid): [1.07313678 0.45700311 0.42098873 2.83700234 1.22050552 1.06049173
 1.58117369 2.40022829 2.44346364 2.02678736]
DEBUG: Planck15 ages (Gyr): [5.57717551 8.92689575 9.21147725 2.28533844 5.06478964 5.62493124
 4.08553344 2.73236176 2.68192834 3.24153405]
DEBUG: cosmo_colibre ages (Gyr): [5.57562662 8.91680087 9.20040817 2.28715321 5.06407275 5.62329855
 4.08607554 2.73397877 2.68357147 3.24283247]
DEBUG: us.look_back_time -> ages (Gyr): [5.57562662 8.91680087 9.20040817 2.28715322 5.06407275 5.62329855
 4.08607555 2.73397878 2.68357147 3.24283247]
[12/100] subhalo 145912 done; total_formed=1.845e+00
Building SWIFTGalaxy for subhalo 53517 (soap_index=50741799)
Read masses: Nstars=24269, sum_current=3.056685e+10 Msun
DEBUG: sample z (first valid): [0.88712278 1.49832266 0.87868364 1.19213273 1.096347   2.01231844
 5.50029756 2.04846963 1.22231265 1.43158207]
DEBUG: Planck15 ages (Gyr): [6.35021617 4.28188183 6.38919968 5.15748343 5.49116702 3.2643348
 1.0407422  3.20784956 5.05897564 4.45135502]
DEBUG: cosmo_colibre ages (Gyr): [6.34717725 4.2822053  6.38607802 5.15662504 5.48976634 3.26561658
 1.04268171 3.20917218 5.0582675  4.45147637]
DEBUG: us.look_back_time -> ages (Gyr): [6.34717725 4.28220531 6.38607802 5.15662504 5.48976634 3.26561659
 1.04268171 3.20917218 5.0582675  4.45147637]
[13/100] subhalo 53517 done; total_formed=5.147e+00
Building SWIFTGalaxy for subhalo 5336672 (soap_index=50758706)
Read masses: Nstars=39734, sum_current=5.406046e+10 Msun
DEBUG: sample z (first valid): [2.56173913 4.50583886 3.67313177 7.29779691 0.36023246 4.65306651
 3.67780157 2.69591699 3.01691695 2.22742047]
DEBUG: Planck15 ages (Gyr): [2.55150211 1.33441663 1.70467477 0.72162791 9.72282433 1.28277292
 1.7021381  2.41572569 2.13514974 2.9503787 ]
DEBUG: cosmo_colibre ages (Gyr): [2.55320829 1.33639103 1.70663169 0.72346309 9.70991107 1.28474463
 1.70409535 2.41749063 2.1370139  2.9518716 ]
DEBUG: us.look_back_time -> ages (Gyr): [2.55320829 1.33639104 1.70663169 0.72346309 9.70991107 1.28474463
 1.70409535 2.41749063 2.1370139  2.9518716 ]
[14/100] subhalo 5336672 done; total_formed=8.993e+00
Building SWIFTGalaxy for subhalo 53178 (soap_index=50778315)
Read masses: Nstars=114095, sum_current=1.452595e+11 Msun
DEBUG: sample z (first valid): [6.21285494 1.32859579 0.72336173 1.29467787 0.3657886  7.1476969
 5.52944107 5.52944107 1.38486172 8.44935477]
DEBUG: Planck15 ages (Gyr): [0.89048003 4.73486688 7.17841396 4.83461194 9.67435131 0.74167476
 1.03378947 1.03378947 4.57650261 0.5936909 ]
DEBUG: cosmo_colibre ages (Gyr): [0.89238075 4.73462181 7.17345838 4.83422942 9.66161797 0.74351915
 1.03572753 1.03572753 4.5764666  0.59545629]
DEBUG: us.look_back_time -> ages (Gyr): [0.89238075 4.73462181 7.17345839 4.83422943 9.66161797 0.74351915
 1.03572754 1.03572754 4.57646661 0.5954563 ]
[15/100] subhalo 53178 done; total_formed=2.420e+01
Building SWIFTGalaxy for subhalo 675925 (soap_index=50846884)
Read masses: Nstars=22497, sum_current=3.031937e+10 Msun
DEBUG: sample z (first valid): [2.9460501  2.69800248 3.13502429 5.5627879  0.29949239 0.32610279
 0.20417463 0.21282108 0.23327061 0.39378988]
DEBUG: Planck15 ages (Gyr): [ 2.19230895  2.41370975  2.04519303  1.02592812 10.27669316 10.0285229
 11.24249686 11.14961787 10.93428699  9.43537736]
DEBUG: cosmo_colibre ages (Gyr): [ 2.19415533  2.4154755   2.0470826   1.02786451 10.26164986 10.01445076
 11.22342402 11.13094935 10.91654234  9.42351548]
DEBUG: us.look_back_time -> ages (Gyr): [ 2.19415533  2.4154755   2.04708261  1.02786451 10.26164987 10.01445077
 11.22342402 11.13094935 10.91654234  9.42351548]
[16/100] subhalo 675925 done; total_formed=5.060e+00
Building SWIFTGalaxy for subhalo 56421 (soap_index=50866075)
Read masses: Nstars=22308, sum_current=3.058207e+10 Msun
DEBUG: sample z (first valid): [0.74520665 0.1901787  5.54313099 2.2653712  2.78470778 1.21136456
 3.14548675 1.75060858 5.45420524 4.32986337]
DEBUG: Planck15 ages (Gyr): [ 7.05860451 11.39520333  1.03055007  2.90010985  2.33228515  5.09436201
  2.03752666  3.72656489  1.05189813  1.4008218 ]
DEBUG: cosmo_colibre ages (Gyr): [ 7.05394687 11.37545817  1.03248745  2.90163299  2.33408273  5.0936004
  2.03941826  3.72746446  1.0538399   1.40279772]
DEBUG: us.look_back_time -> ages (Gyr): [ 7.05394687 11.37545817  1.03248745  2.90163299  2.33408273  5.09360041
  2.03941827  3.72746446  1.0538399   1.40279773]
[17/100] subhalo 56421 done; total_formed=5.096e+00
Building SWIFTGalaxy for subhalo 150616 (soap_index=50866079)
Read masses: Nstars=236506, sum_current=3.082504e+11 Msun
DEBUG: sample z (first valid): [6.46593757 4.39524162 0.94054246 1.29403528 5.10659709 5.10659709
 2.44165529 2.79698725 1.41349341 0.90356686]
DEBUG: Planck15 ages (Gyr): [0.84558995 1.37552356 6.1118262  4.83653396 1.14284459 1.14284459
 2.68400704 2.3211195  4.4991492  6.2753104 ]
DEBUG: cosmo_colibre ages (Gyr): [0.84747574 1.37749916 6.1092773  4.83614875 1.14480183 1.14480183
 2.68564911 2.32292124 4.49921127 6.27242841]
DEBUG: us.look_back_time -> ages (Gyr): [0.84747574 1.37749916 6.10927731 4.83614876 1.14480183 1.14480183
 2.68564911 2.32292124 4.49921127 6.27242841]
[18/100] subhalo 150616 done; total_formed=5.116e+01
Building SWIFTGalaxy for subhalo 12266112 (soap_index=50892818)
Read masses: Nstars=45058, sum_current=6.514289e+10 Msun
DEBUG: sample z (first valid): [ 0.49108118  0.75024036  2.13060094  4.02730899  9.60882234  3.13502429
  0.25605642  3.44854738 11.03268154  1.09366814]
DEBUG: Planck15 ages (Gyr): [ 8.66946813  7.03143201  3.08529639  1.52862277  0.4989226   2.04519303
 10.70133229  1.83448658  0.41286247  5.50098665]
DEBUG: cosmo_colibre ages (Gyr): [ 8.66022183  7.02684097  3.08670329  1.53059572  0.50062131  2.0470826
 10.68456552  1.83642332  0.41448582  5.49956922]
DEBUG: us.look_back_time -> ages (Gyr): [ 8.66022183  7.02684097  3.08670329  1.53059572  0.50062132  2.04708261
 10.68456552  1.83642333  0.41448582  5.49956922]
[19/100] subhalo 12266112 done; total_formed=1.031e+01
Building SWIFTGalaxy for subhalo 147828 (soap_index=50897652)
Read masses: Nstars=34148, sum_current=4.556585e+10 Msun
DEBUG: sample z (first valid): [0.61561976 0.74706761 3.46673937 0.57115458 0.76570751 0.58805854
 0.36715621 0.36715621 1.54765977 0.59207074]
DEBUG: Planck15 ages (Gyr): [7.81740118 7.0485401  1.82337064 8.10655777 6.94893726 7.99475722
 9.66247427 9.66247427 4.16317394 7.96856274]
DEBUG: cosmo_colibre ages (Gyr): [7.81073846 7.04390717 1.82530938 8.09905739 6.9445462  7.98758551
 9.64978485 9.64978485 4.16363157 7.96146716]
DEBUG: us.look_back_time -> ages (Gyr): [7.81073846 7.04390717 1.82530938 8.09905739 6.9445462  7.98758551
 9.64978486 9.64978486 4.16363157 7.96146717]
[20/100] subhalo 147828 done; total_formed=7.575e+00
Building SWIFTGalaxy for subhalo 3970310 (soap_index=50951595)
Read masses: Nstars=80790, sum_current=1.075528e+11 Msun
DEBUG: sample z (first valid): [0.78611141 0.79295251 0.16869962 0.26566242 0.04516458 5.04464121
 2.61997349 0.93025448 0.93962353 5.70445013]
DEBUG: Planck15 ages (Gyr): [ 6.84237088  6.80720412 11.63538182 10.60526478 13.16666388  1.16042854
  2.49106946  6.15664012  6.11580824  0.99361276]
DEBUG: cosmo_colibre ages (Gyr): [ 6.83823325  6.80314891 11.61456051 10.58889465 13.13847386  1.1623882
  2.49280265  6.1540012   6.11325138  0.99554183]
DEBUG: us.look_back_time -> ages (Gyr): [ 6.83823325  6.80314891 11.61456051 10.58889465 13.13847386  1.16238821
  2.49280265  6.1540012   6.11325139  0.99554184]
[21/100] subhalo 3970310 done; total_formed=1.781e+01
Building SWIFTGalaxy for subhalo 2664903 (soap_index=50964453)
Read masses: Nstars=47699, sum_current=6.316139e+10 Msun
DEBUG: sample z (first valid): [3.51692053 0.81419555 9.0631094  5.70445013 0.79649123 0.98257502
 0.55210307 4.6992782  2.82803738 2.46531303]
DEBUG: Planck15 ages (Gyr): [1.79327889 6.69976406 0.5401319  0.99361276 6.78912257 5.93392978
 8.23540866 1.2672435  2.29327542 2.65702003]
DEBUG: cosmo_colibre ages (Gyr): [1.79522278 6.69595691 0.54186143 0.99554183 6.7851095  5.93172875
 8.22752202 1.26921412 2.29508735 2.6586757 ]
DEBUG: us.look_back_time -> ages (Gyr): [1.79522279 6.69595691 0.54186144 0.99554184 6.7851095  5.93172876
 8.22752202 1.26921412 2.29508736 2.6586757 ]
[22/100] subhalo 2664903 done; total_formed=1.061e+01
Building SWIFTGalaxy for subhalo 58626 (soap_index=51140879)
Read masses: Nstars=65374, sum_current=8.773303e+10 Msun
DEBUG: sample z (first valid): [0.48918378 4.98392988 0.1823627  3.728086   0.24526868 3.59064164
 1.91737892 0.83533102 1.87615202 0.54916793]
DEBUG: Planck15 ages (Gyr): [ 8.6835088   1.17809937 11.48177533  1.67521442 10.81072215  1.75053692
  3.42066245  6.59544781  3.49238339  8.25553346]
DEBUG: cosmo_colibre ages (Gyr): [ 8.67421703  1.18006128 11.4616449   1.67717494 10.79349901  1.7524875
  3.42182462  6.59187613  3.4934874   8.24758577]
DEBUG: us.look_back_time -> ages (Gyr): [ 8.67421703  1.18006128 11.4616449   1.67717494 10.79349901  1.7524875
  3.42182462  6.59187613  3.49348741  8.24758577]
[23/100] subhalo 58626 done; total_formed=1.449e+01
Building SWIFTGalaxy for subhalo 12470648 (soap_index=51146940)
Read masses: Nstars=23009, sum_current=3.192849e+10 Msun
DEBUG: sample z (first valid): [1.88933956 0.52098032 7.36558591 4.28644027 4.8813605  0.49339167
 0.1764199  4.93515667 0.37058725 4.60711841]
DEBUG: Planck15 ages (Gyr): [ 3.46917718  8.45261823  0.7128676   1.41805407  1.20898716  8.65241624
 11.54822926  1.19262156  9.63277129  1.29852939]
DEBUG: cosmo_colibre ages (Gyr): [ 3.47030024  8.44406243  0.71469862  1.42003004  1.21095259  8.64322505
 11.52780108  1.19458519  9.62019144  1.30050206]
DEBUG: us.look_back_time -> ages (Gyr): [ 3.47030024  8.44406243  0.71469862  1.42003004  1.21095259  8.64322505
 11.52780108  1.1945852   9.62019144  1.30050207]
[24/100] subhalo 12470648 done; total_formed=5.311e+00
Building SWIFTGalaxy for subhalo 1414107 (soap_index=51150606)
Read masses: Nstars=190026, sum_current=2.500788e+11 Msun
DEBUG: sample z (first valid): [0.79432702 7.29779691 5.84163274 1.21330632 0.42742638 1.07879211
 1.3180532  0.9209755  0.53797052 0.48244662]
DEBUG: Planck15 ages (Gyr): [6.80017206 0.72162791 0.96389913 5.0880572  9.15963094 5.55602403
 4.76551541 6.19750051 8.33299083 8.73363853]
DEBUG: cosmo_colibre ages (Gyr): [6.79613325 0.72346309 0.96582083 5.08730516 9.14874214 5.5545119
 4.76522858 6.19477866 8.32480636 8.72418362]
DEBUG: us.look_back_time -> ages (Gyr): [6.79613325 0.72346309 0.96582083 5.08730517 9.14874215 5.55451191
 4.76522858 6.19477866 8.32480636 8.72418362]
[25/100] subhalo 1414107 done; total_formed=4.178e+01
Building SWIFTGalaxy for subhalo 336385 (soap_index=51176515)
Read masses: Nstars=30388, sum_current=4.078988e+10 Msun
DEBUG: sample z (first valid): [3.69321111 3.728086   4.55060557 7.04912798 1.76313349 3.85919775
 1.51288344 4.13323412 0.92684935 4.55060557]
DEBUG: Planck15 ages (Gyr): [1.69381169 1.67521442 1.31835365 0.75534844 3.7020711  1.60823367
 4.24628602 1.4817542  6.17158579 1.31835365]
DEBUG: cosmo_colibre ages (Gyr): [1.69576998 1.67717494 1.32032736 0.75719886 3.70299311 1.61020102
 4.24665036 1.48372911 6.16891663 1.32032736]
DEBUG: us.look_back_time -> ages (Gyr): [1.69576998 1.67717494 1.32032737 0.75719887 3.70299311 1.61020103
 4.24665036 1.48372911 6.16891663 1.32032737]
[26/100] subhalo 336385 done; total_formed=6.778e+00
Building SWIFTGalaxy for subhalo 340723 (soap_index=51239886)
Read masses: Nstars=122772, sum_current=1.671477e+11 Msun
DEBUG: sample z (first valid): [4.55060557 1.1306977  1.56762263 0.55845144 0.44123856 1.32975471
 1.86884959 1.15323958 0.51018527 2.51135877]
DEBUG: Planck15 ages (Gyr): [1.31835365 5.3676675  4.11664301 8.19213254 9.04983968 4.73151701
 3.50534245 5.28899446 8.52996687 2.60575544]
DEBUG: cosmo_colibre ages (Gyr): [1.32032736 5.36647357 4.11715158 8.18437652 9.03932856 4.73127647
 3.50643572 5.28792852 8.52116734 2.60743617]
DEBUG: us.look_back_time -> ages (Gyr): [1.32032737 5.36647357 4.11715158 8.18437652 9.03932856 4.73127648
 3.50643573 5.28792852 8.52116734 2.60743617]
[27/100] subhalo 340723 done; total_formed=2.768e+01
Building SWIFTGalaxy for subhalo 726407 (soap_index=51313640)
Read masses: Nstars=17486, sum_current=2.358195e+10 Msun
DEBUG: sample z (first valid): [2.78165032e+00 4.18030195e+00 3.47558560e+00 4.35162502e+00
 5.94016732e+00 3.96409635e+00 5.02020944e+00 3.06109955e-03
 3.77632826e+00 3.80046880e+00]
DEBUG: Planck15 ages (Gyr): [ 2.33507905  1.46168724  1.81800549  1.39231599  0.94345568  1.55777603
  1.16748648 13.75352929  1.65004049  1.63767764]
DEBUG: cosmo_colibre ages (Gyr): [ 2.33687558  1.46366269  1.81994517  1.39429184  0.94537194  1.55974725
  1.16944706 13.72230016  1.65200381  1.63964223]
DEBUG: us.look_back_time -> ages (Gyr): [ 2.33687558  1.46366269  1.81994517  1.39429184  0.94537195  1.55974725
  1.16944706 13.72230016  1.65200381  1.63964223]
[28/100] subhalo 726407 done; total_formed=3.950e+00
Building SWIFTGalaxy for subhalo 2751377 (soap_index=51368334)
Read masses: Nstars=692332, sum_current=8.584021e+11 Msun
DEBUG: sample z (first valid): [1.42384792 0.97041491 0.91805198 1.04378469 1.46487137 0.69291176
 3.53066021 0.61164667 0.71938294 1.23702895]
DEBUG: Planck15 ages (Gyr): [4.4716901  5.98455371 6.21046205 5.68902257 4.36550175 7.3506883
 1.78518278 7.84259871 7.20057141 5.01202228]
DEBUG: cosmo_colibre ages (Gyr): [4.47178635 5.98225523 6.20771373 5.68727571 4.36572706 7.34529205
 1.787128   7.8358646  7.19555997 5.01138417]
DEBUG: us.look_back_time -> ages (Gyr): [4.47178635 5.98225524 6.20771373 5.68727572 4.36572706 7.34529205
 1.787128   7.8358646  7.19555997 5.01138417]
[29/100] subhalo 2751377 done; total_formed=1.425e+02
Building SWIFTGalaxy for subhalo 46471 (soap_index=51386523)
Read masses: Nstars=26884, sum_current=3.883132e+10 Msun
DEBUG: sample z (first valid): [1.52177928 0.98859085 6.18360189 4.04550004 0.09621303 0.05648697
 3.73765633 0.1968734  1.0230907  1.55282019]
DEBUG: Planck15 ages (Gyr): [ 4.22477285  5.90913293  0.89592376  1.52040039 12.50125244 13.0148497
  1.67017003 11.32179106  5.77001592  4.15106461]
DEBUG: cosmo_colibre ages (Gyr): [ 4.22516162  5.90697919  0.89782618  1.52237375 12.47636848 12.98742739
  1.67213114 11.30237028  5.76812202  4.15153559]
DEBUG: us.look_back_time -> ages (Gyr): [ 4.22516163  5.90697919  0.89782618  1.52237375 12.47636848 12.98742739
  1.67213114 11.30237028  5.76812202  4.15153559]
[30/100] subhalo 46471 done; total_formed=6.396e+00
Building SWIFTGalaxy for subhalo 46192 (soap_index=51401867)
Read masses: Nstars=36665, sum_current=5.096815e+10 Msun
DEBUG: sample z (first valid): [5.85594727 2.35119656 1.35724049 0.2714574  4.97138952 2.48040361
 2.30056406 4.57326303 0.95210294 1.35724049]
DEBUG: Planck15 ages (Gyr): [ 0.96088375  2.79146723  4.65316684 10.54791189  1.18180511  2.64003781
  2.85473595  1.31034568  6.06207466  4.65316684]
DEBUG: cosmo_colibre ages (Gyr): [ 0.96280467  2.79305239  4.65303102 10.53177669  1.18376747  2.64170189
  2.85628555  1.31231899  6.05962458  4.65303102]
DEBUG: us.look_back_time -> ages (Gyr): [ 0.96280467  2.79305239  4.65303102 10.53177669  1.18376747  2.6417019
  2.85628555  1.31231899  6.05962458  4.65303102]
[31/100] subhalo 46192 done; total_formed=8.385e+00
Building SWIFTGalaxy for subhalo 4508 (soap_index=51413461)
Read masses: Nstars=57544, sum_current=7.633732e+10 Msun
DEBUG: sample z (first valid): [0.92798305 6.65071212 0.43392263 0.73909351 0.45158147 1.63175649
 0.02675942 1.13180665 1.5065402  1.490916  ]
DEBUG: Planck15 ages (Gyr): [ 6.16660348  0.815138    9.10774894  7.09182127  8.96889687  3.97269768
 13.41880102  5.36375396  4.26173413  4.30017319]
DEBUG: cosmo_colibre ages (Gyr): [ 6.16394441  0.81701269  9.09703931  7.08708173  8.95866058  3.97335799
 13.38931899  5.36256646  4.26208079  4.30047544]
DEBUG: us.look_back_time -> ages (Gyr): [ 6.16394441  0.8170127   9.09703931  7.08708173  8.95866058  3.97335799
 13.38931899  5.36256647  4.2620808   4.30047544]
[32/100] subhalo 4508 done; total_formed=1.277e+01
Building SWIFTGalaxy for subhalo 3814977 (soap_index=51553319)
Read masses: Nstars=29352, sum_current=3.974756e+10 Msun
DEBUG: sample z (first valid): [0.04649974 1.07826473 3.39691379 6.68120019 0.03251828 0.02023787
 0.00818411 0.03853955 0.02598785 0.02131904]
DEBUG: Planck15 ages (Gyr): [13.14863262  5.55799112  1.86665488  0.81028847 13.33918604 13.50976662
 13.68018644 13.25664998 13.42951831 13.49462638]
DEBUG: cosmo_colibre ages (Gyr): [13.12053418  5.55647559  1.86858556  0.81216132 13.31011424 13.47981335
 13.64934318 13.22800126 13.3999809  13.46475173]
DEBUG: us.look_back_time -> ages (Gyr): [13.12053418  5.55647559  1.86858556  0.81216132 13.31011424 13.47981335
 13.64934318 13.22800126 13.3999809  13.46475173]
[33/100] subhalo 3814977 done; total_formed=6.663e+00
Building SWIFTGalaxy for subhalo 1287298 (soap_index=51612234)
Read masses: Nstars=88488, sum_current=1.209860e+11 Msun
DEBUG: sample z (first valid): [3.99436062 0.18330204 0.21651322 0.21524996 0.22699019 0.18116935
 1.71123614 0.97635706 1.64172847 2.0814369 ]
DEBUG: Planck15 ages (Gyr): [ 1.54370443 11.47132147 11.11029244 11.1237251  10.9997787  11.49507589
  3.80529966  5.9597317   3.95104722  3.15771712]
DEBUG: cosmo_colibre ages (Gyr): [ 1.54567653 11.45123773 11.09179406 11.10516868 10.98175508 11.47488601
  3.80612544  5.95748116  3.95172959  3.15907493]
DEBUG: us.look_back_time -> ages (Gyr): [ 1.54567653 11.45123773 11.09179407 11.10516868 10.98175508 11.47488601
  3.80612544  5.95748116  3.95172959  3.15907493]
[34/100] subhalo 1287298 done; total_formed=2.018e+01
Building SWIFTGalaxy for subhalo 47343 (soap_index=51623359)
Read masses: Nstars=202006, sum_current=2.710475e+11 Msun
DEBUG: sample z (first valid): [2.93798822 1.67144954 6.08267589 3.08909964 1.04276541 0.81761704
 1.42636061 1.10537137 2.02148456 3.57206642]
DEBUG: Planck15 ages (Gyr): [2.19897125 3.88763871 0.91513642 2.07941479 5.6929699  6.68270449
 4.46506726 5.45829033 3.24986018 1.76114638]
DEBUG: cosmo_colibre ages (Gyr): [2.20081548 3.88838456 0.91704465 2.08129507 5.69121595 6.6789362
 4.4651717  5.45694538 3.25115255 1.76309537]
DEBUG: us.look_back_time -> ages (Gyr): [2.20081548 3.88838456 0.91704465 2.08129507 5.69121595 6.6789362
 4.46517171 5.45694538 3.25115255 1.76309538]
[35/100] subhalo 47343 done; total_formed=4.526e+01
Building SWIFTGalaxy for subhalo 136251 (soap_index=51623360)
Read masses: Nstars=81347, sum_current=1.051610e+11 Msun
DEBUG: sample z (first valid): [0.54187841 9.69538964 0.60093805 1.51577735 2.04054932 0.96852097
 2.15623194 2.61239114 2.25790416 1.55980002]
DEBUG: Planck15 ages (Gyr): [8.30583476 0.49286552 7.9111286  4.23926822 3.22008762 5.9924993
 3.04861121 2.498804   2.90988916 4.13477609]
DEBUG: cosmo_colibre ages (Gyr): [8.29773364 0.49455943 7.90419879 4.23964055 3.2214015  5.99018542
 3.05004219 2.50053381 2.91140649 4.13526492]
DEBUG: us.look_back_time -> ages (Gyr): [8.29773364 0.49455944 7.90419879 4.23964055 3.2214015  5.99018542
 3.05004219 2.50053381 2.91140649 4.13526492]
[36/100] subhalo 136251 done; total_formed=1.765e+01
Building SWIFTGalaxy for subhalo 1315510 (soap_index=51681320)
Read masses: Nstars=49915, sum_current=6.748456e+10 Msun
DEBUG: sample z (first valid): [5.03240059 0.90555943 2.09745723 0.87481405 0.94054246 6.9351011
 0.26302806 0.52013361 0.70933751 7.03235691]
DEBUG: Planck15 ages (Gyr): [ 1.16395577  6.26632743  3.13381588  6.40719928  6.1118262   0.77169686
 10.63148609  8.45864709  7.2569816   0.75771668]
DEBUG: cosmo_colibre ages (Gyr): [ 1.1659159   6.26346408  3.13519012  6.40403917  6.1092773   0.77355426
 10.61500809  8.45007239  7.25182684  0.75956813]
DEBUG: us.look_back_time -> ages (Gyr): [ 1.1659159   6.26346408  3.13519012  6.40403917  6.10927731  0.77355427
 10.61500809  8.4500724   7.25182685  0.75956814]
[37/100] subhalo 1315510 done; total_formed=1.122e+01
Building SWIFTGalaxy for subhalo 49272 (soap_index=51684948)
Read masses: Nstars=79716, sum_current=1.088671e+11 Msun
DEBUG: sample z (first valid): [0.37692243 3.32809404 3.03422592 8.2032018  1.0407299  4.44997921
 0.32075776 1.02109418 5.1937435  0.29753702]
DEBUG: Planck15 ages (Gyr): [ 9.57827777  1.91100413  2.12156186  0.61770193  5.70086567  1.35492002
 10.07766569  5.77792579  1.11884908 10.29527993]
DEBUG: cosmo_colibre ages (Gyr): [ 9.56589789  1.91292578  2.12343005  0.61948202  5.69909751  1.35689512
 10.06340339  5.77601737  1.12080273 10.28016282]
DEBUG: us.look_back_time -> ages (Gyr): [ 9.56589789  1.91292578  2.12343005  0.61948202  5.69909751  1.35689513
 10.06340339  5.77601737  1.12080274 10.28016282]
[38/100] subhalo 49272 done; total_formed=1.797e+01
Building SWIFTGalaxy for subhalo 38493416 (soap_index=51691578)
Read masses: Nstars=14169, sum_current=2.012493e+10 Msun
DEBUG: sample z (first valid): [5.65002537 5.5164562  0.2245142  5.80045657 1.944115   5.37261766
 0.28110095 4.98392988 2.61239114 0.78747545]
DEBUG: Planck15 ages (Gyr): [ 1.00582526  1.0368777  11.02575313  0.97266118  3.37542354  1.07213871
 10.45345952  1.17809937  2.498804    6.83533668]
DEBUG: cosmo_colibre ages (Gyr): [ 1.00775717  1.03881641 11.00761837  0.97458512  3.37662132  1.07408437
 10.43770816  1.18006128  2.50053381  6.83121558]
DEBUG: us.look_back_time -> ages (Gyr): [ 1.00775718  1.03881641 11.00761837  0.97458513  3.37662133  1.07408437
 10.43770817  1.18006128  2.50053381  6.83121558]
[39/100] subhalo 38493416 done; total_formed=3.135e+00
Building SWIFTGalaxy for subhalo 1326697 (soap_index=51786647)
Read masses: Nstars=93398, sum_current=1.209957e+11 Msun
DEBUG: sample z (first valid): [4.22240816 0.08023999 0.15861679 0.00509171 0.006141   0.10657841
 0.3505894  1.24392248 0.01998381 0.0627919 ]
DEBUG: Planck15 ages (Gyr): [ 1.4441145  12.7042651  11.7506228  13.72439264 13.70937061 12.37195433
  9.80780101  4.99026612 13.51332783 12.93137619]
DEBUG: cosmo_colibre ages (Gyr): [ 1.44609026 12.67838883 11.72927714 13.69331701 13.67837401 12.34769468
  9.79456979  4.98966013 13.48335606 12.90437266]
DEBUG: us.look_back_time -> ages (Gyr): [ 1.44609026 12.67838883 11.72927714 13.69331701 13.67837401 12.34769468
  9.79456979  4.98966013 13.48335606 12.90437266]
[40/100] subhalo 1326697 done; total_formed=2.026e+01
Building SWIFTGalaxy for subhalo 666416 (soap_index=51831547)
Read masses: Nstars=66639, sum_current=8.847239e+10 Msun
DEBUG: sample z (first valid): [0.16099773 0.86520947 0.91334813 0.54741216 5.60978316 1.32743803
 0.45003983 0.25221645 0.31672426 0.33224915]
DEBUG: Planck15 ages (Gyr): [11.72326386  6.45221763  6.23140571  8.26760718  1.01501655  4.73821721
  8.98089338 10.7400867  10.11498264  9.97244332]
DEBUG: cosmo_colibre ages (Gyr): [11.70204315  6.44896066  6.22861444  8.25962278  1.01695054  4.73796759
  8.97061655 10.72315882 10.10057523  9.95858689]
DEBUG: us.look_back_time -> ages (Gyr): [11.70204315  6.44896066  6.22861445  8.25962278  1.01695055  4.73796759
  8.97061656 10.72315882 10.10057523  9.95858689]
[41/100] subhalo 666416 done; total_formed=1.472e+01
Building SWIFTGalaxy for subhalo 311287 (soap_index=51845442)
Read masses: Nstars=67512, sum_current=9.394228e+10 Msun
DEBUG: sample z (first valid): [4.32986337 0.02882261 4.76901408 2.90234608 0.17397535 4.57326303
 4.6589241  1.21555105 3.14339002 0.27204969]
DEBUG: Planck15 ages (Gyr): [ 1.4008218  13.39020145  1.24439198  2.22883004 11.57572426  1.31034568
  1.28078705  5.0807841   2.03905923 10.54207524]
DEBUG: cosmo_colibre ages (Gyr): [ 1.40279772 13.36086703  1.24636078  2.23066441 11.55517238  1.31231899
  1.28275862  5.08004308  2.04095043 10.52596387]
DEBUG: us.look_back_time -> ages (Gyr): [ 1.40279773 13.36086703  1.24636078  2.23066442 11.55517238  1.31231899
  1.28275862  5.08004308  2.04095043 10.52596387]
[42/100] subhalo 311287 done; total_formed=1.560e+01
Building SWIFTGalaxy for subhalo 1320206 (soap_index=51850487)
Read masses: Nstars=49651, sum_current=6.713232e+10 Msun
DEBUG: sample z (first valid): [3.39455509 6.15458515 0.855913   8.31636932 0.4559673  5.41126981
 0.38812166 4.76901408 5.40500391 5.7181958 ]
DEBUG: Planck15 ages (Gyr): [1.86814663 0.90137836 6.4962614  0.60646622 8.93489755 1.06246983
 9.48304651 1.24439198 1.0640274  0.99056727]
DEBUG: cosmo_colibre ages (Gyr): [1.87007702 0.90328246 6.49290872 0.60823953 8.92477579 1.06441366
 9.47101286 1.24636078 1.06597152 0.99249561]
DEBUG: us.look_back_time -> ages (Gyr): [1.87007702 0.90328246 6.49290872 0.60823953 8.92477579 1.06441366
 9.47101287 1.24636078 1.06597153 0.99249561]
[43/100] subhalo 1320206 done; total_formed=1.118e+01
Building SWIFTGalaxy for subhalo 659044 (soap_index=51921516)
Read masses: Nstars=20575, sum_current=2.767747e+10 Msun
DEBUG: sample z (first valid): [4.86346963 3.0972804  0.30207423 6.28663553 0.15567468 1.47623366
 0.08460214 0.04038608 0.08352622 0.01173274]
DEBUG: Planck15 ages (Gyr): [ 1.2145126   2.07324979 10.25222591  0.87699155 11.7845556   4.33680635
 12.64836452 13.2314825  12.66212011 13.62970361]
DEBUG: cosmo_colibre ages (Gyr): [ 1.21647859  2.07513178 10.23727956  0.87888796 11.76305456  4.33706568
 12.62276294 13.20296234 12.63645104 13.59912495]
DEBUG: us.look_back_time -> ages (Gyr): [ 1.2164786   2.07513178 10.23727956  0.87888796 11.76305456  4.33706568
 12.62276294 13.20296234 12.63645104 13.59912495]
[44/100] subhalo 659044 done; total_formed=4.566e+00
Building SWIFTGalaxy for subhalo 51192 (soap_index=51932343)
Read masses: Nstars=33150, sum_current=4.492596e+10 Msun
DEBUG: sample z (first valid): [0.5553446  3.88418542 4.82801245 5.38565722 3.89915527 3.76660121
 7.5200208  0.53797052 3.81988674 0.75323703]
DEBUG: Planck15 ages (Gyr): [8.2132687  1.59597092 1.22558789 1.06886057 1.58869844 1.65506566
 0.69355723 8.33299083 1.62784424 7.01533194]
DEBUG: cosmo_colibre ages (Gyr): [8.20544899 1.59793931 1.22755498 1.07080562 1.59066742 1.65702844
 0.69537879 8.32480636 1.62980979 7.01078019]
DEBUG: us.look_back_time -> ages (Gyr): [8.20544899 1.59793932 1.22755499 1.07080562 1.59066743 1.65702845
 0.69537879 8.32480636 1.62980979 7.01078019]
[45/100] subhalo 51192 done; total_formed=7.490e+00
Building SWIFTGalaxy for subhalo 315939 (soap_index=51955980)
Read masses: Nstars=57606, sum_current=7.840198e+10 Msun
DEBUG: sample z (first valid): [9.80471519 3.5813352  2.62077348 0.24811457 1.36319054 1.35690139
 0.4325435  3.10549395 0.58636716 0.84276234]
DEBUG: Planck15 ages (Gyr): [ 0.4853889   1.75583914  2.4902557  10.78170824  4.63647912  4.65412078
  9.1187269   2.06709038  8.00583877  6.55936644]
DEBUG: cosmo_colibre ages (Gyr): [ 0.4870768   1.75778893  2.49198925 10.76460664  4.63636526  4.6539837
  9.10797947  2.06897406  7.99863474  6.55587498]
DEBUG: us.look_back_time -> ages (Gyr): [ 0.48707681  1.75778894  2.49198925 10.76460664  4.63636526  4.6539837
  9.10797947  2.06897406  7.99863475  6.55587498]
[46/100] subhalo 315939 done; total_formed=1.295e+01
Building SWIFTGalaxy for subhalo 317770 (soap_index=52020405)
Read masses: Nstars=54981, sum_current=7.523581e+10 Msun
DEBUG: sample z (first valid): [4.73418497 3.31498551 4.55060557 1.20333513 5.55622249 0.20843782
 7.5200208  4.21202481 0.39095    0.12674507]
DEBUG: Planck15 ages (Gyr): [ 1.25571875  1.91964929  1.31835365  5.12056556  1.02746802 11.19656421
  0.69355723  1.44841526  9.45921632 12.12576016]
DEBUG: cosmo_colibre ages (Gyr): [ 1.25768849  1.92156908  1.32032736  5.11976401  1.02940474 11.17769177
  0.69537879  1.45039096  9.44726867 12.1026724 ]
DEBUG: us.look_back_time -> ages (Gyr): [ 1.2576885   1.92156909  1.32032737  5.11976401  1.02940474 11.17769177
  0.69537879  1.45039096  9.44726867 12.1026724 ]
[47/100] subhalo 317770 done; total_formed=1.250e+01
Building SWIFTGalaxy for subhalo 2577289 (soap_index=52069209)
Read masses: Nstars=74620, sum_current=9.619815e+10 Msun
DEBUG: sample z (first valid): [6.24234722 5.25701738 0.35337849 3.48477383 2.10450024 0.33899967
 0.74967962 1.39095221 1.40252218 2.14653351]
DEBUG: Planck15 ages (Gyr): [0.8850472  1.10194613 9.78311158 1.81246051 3.12340161 9.9113769
 7.03445095 4.55987038 4.52854025 3.06240806]
DEBUG: cosmo_colibre ages (Gyr): [0.88694619 1.10389704 9.76997308 1.81440116 3.12478294 9.89775377
 7.02985253 4.55985569 4.52856536 3.06383005]
DEBUG: us.look_back_time -> ages (Gyr): [0.8869462  1.10389705 9.76997308 1.81440117 3.12478294 9.89775377
 7.02985253 4.55985569 4.52856537 3.06383005]
[48/100] subhalo 2577289 done; total_formed=1.601e+01
Building SWIFTGalaxy for subhalo 53084 (soap_index=52163822)
Read masses: Nstars=77992, sum_current=1.026335e+11 Msun
DEBUG: sample z (first valid): [2.61997349 8.14732361 0.97041491 3.86424701 1.0225912  6.0605473
 0.68785413 0.62057369 0.56724699 4.15950244]
DEBUG: Planck15 ages (Gyr): [2.49106946 0.623378   5.98455371 1.60574317 5.77199325 0.91944053
 7.37991405 7.78615457 8.13273743 1.47049903]
DEBUG: cosmo_colibre ages (Gyr): [2.49280265 0.62516144 5.98225523 1.60771074 5.77009573 0.92135001
 7.3744416  7.77957995 8.12515922 1.47247426]
DEBUG: us.look_back_time -> ages (Gyr): [2.49280265 0.62516144 5.98225524 1.60771075 5.77009573 0.92135001
 7.3744416  7.77957995 8.12515922 1.47247427]
[49/100] subhalo 53084 done; total_formed=1.718e+01
Building SWIFTGalaxy for subhalo 144985 (soap_index=52163824)
Read masses: Nstars=209690, sum_current=2.682561e+11 Msun
DEBUG: sample z (first valid): [2.42689814 1.24284736 0.14927048 2.10214901 3.45308147 0.15388408
 2.8217868  0.43946582 3.33697307 2.20156326]
DEBUG: Planck15 ages (Gyr): [ 2.70106974  4.9936493  11.85890214  3.12687199  1.83170563 11.8052759
  2.29883621  9.06382166  1.90518486  2.98545182]
DEBUG: cosmo_colibre ages (Gyr): [ 2.70270307  4.99303833 11.83705913  3.12825096  1.83364287 11.78367976
  2.30064613  9.05326275  1.90710774  2.98692305]
DEBUG: us.look_back_time -> ages (Gyr): [ 2.70270307  4.99303833 11.83705913  3.12825096  1.83364287 11.78367976
  2.30064613  9.05326275  1.90710774  2.98692305]
[50/100] subhalo 144985 done; total_formed=4.496e+01
Building SWIFTGalaxy for subhalo 147147 (soap_index=52205431)
Read masses: Nstars=17175, sum_current=2.426494e+10 Msun
DEBUG: sample z (first valid): [0.60360184 4.91106702 0.83471445 0.91850117 3.45762481 6.28663553
 7.81927062 3.02926529 1.02109418 0.3811009 ]
DEBUG: Planck15 ages (Gyr): [7.89399724 1.19990424 6.59845526 6.20846779 1.82892598 0.87699155
 0.65852433 2.12544142 5.77792579 9.54258302]
DEBUG: cosmo_colibre ages (Gyr): [7.88711657 1.20186869 6.59487687 6.20572354 1.83086373 0.87888796
 0.66032762 2.12730847 5.77601737 9.5303334 ]
DEBUG: us.look_back_time -> ages (Gyr): [7.88711657 1.20186869 6.59487687 6.20572355 1.83086373 0.87888796
 0.66032762 2.12730847 5.77601737 9.5303334 ]
[51/100] subhalo 147147 done; total_formed=3.950e+00
Building SWIFTGalaxy for subhalo 325819 (soap_index=52254113)
Read masses: Nstars=11903, sum_current=1.583708e+10 Msun
DEBUG: sample z (first valid): [1.68370188 3.13920293 4.76292649 6.09648078 2.97236029 0.65211253
 1.80836476 9.56606207 0.72772329 3.3924933 ]
DEBUG: Planck15 ages (Gyr): [3.86197706 2.04212542 1.24635947 0.91246824 2.17079632 7.59159533
 3.61575669 0.50196034 7.15424478 1.86945221]
DEBUG: cosmo_colibre ages (Gyr): [3.86274813 2.04401581 1.24832844 0.91437568 2.17264953 7.58555858
 3.61675579 0.50366143 7.14934987 1.87138234]
DEBUG: us.look_back_time -> ages (Gyr): [3.86274813 2.04401582 1.24832844 0.91437568 2.17264954 7.58555858
 3.61675579 0.50366143 7.14934987 1.87138235]
[52/100] subhalo 325819 done; total_formed=2.626e+00
Building SWIFTGalaxy for subhalo 52963 (soap_index=52278520)
Read masses: Nstars=27272, sum_current=3.704189e+10 Msun
DEBUG: sample z (first valid): [3.60710018 7.13101737 0.47537145 1.07510607 1.11188451 0.27076708
 3.85451852 3.51692053 1.99853587 0.38953439]
DEBUG: Planck15 ages (Gyr): [ 1.74122451  0.74395953  8.78674868  5.56979578  5.43475513 10.55472036
  1.61054736  1.79327889  3.28629841  9.47113252]
DEBUG: cosmo_colibre ages (Gyr): [ 1.74317645  0.74580494  8.77711965  5.56825973  5.43344978 10.53855734
  1.61251451  1.79522278  3.28756398  9.4591419 ]
DEBUG: us.look_back_time -> ages (Gyr): [ 1.74317645  0.74580494  8.77711965  5.56825974  5.43344978 10.53855734
  1.61251452  1.79522279  3.28756398  9.4591419 ]
[53/100] subhalo 52963 done; total_formed=6.139e+00
Building SWIFTGalaxy for subhalo 1355199 (soap_index=52281615)
Read masses: Nstars=254003, sum_current=3.278341e+11 Msun
DEBUG: sample z (first valid): [9.39593909 0.30841719 0.05261805 1.7254429  0.13360548 0.18449971
 0.18449971 0.19173698 0.30145365 0.15453456]
DEBUG: Planck15 ages (Gyr): [ 0.51435617 10.192474   13.06644744  3.77658126 12.04359007 11.45801222
 11.45801222 11.37805501 10.25809918 11.79774269]
DEBUG: cosmo_colibre ages (Gyr): [ 0.51606678 10.1777633  13.03876508  3.77743425 12.02088845 11.43798784
 11.43798784 11.35838582 10.24312958 11.77618115]
DEBUG: us.look_back_time -> ages (Gyr): [ 0.51606678 10.1777633  13.03876508  3.77743426 12.02088845 11.43798784
 11.43798784 11.35838582 10.24312958 11.77618115]
[54/100] subhalo 1355199 done; total_formed=5.455e+01
Building SWIFTGalaxy for subhalo 331065 (soap_index=52330560)
Read masses: Nstars=87779, sum_current=1.171171e+11 Msun
DEBUG: sample z (first valid): [0.75888352 3.04343534 0.7539878  5.33381657 3.48477383 4.0069524
 0.97898297 5.43772102 1.42636061 1.1322228 ]
DEBUG: Planck15 ages (Gyr): [6.98514883 2.11439034 7.01130718 1.08199272 1.81246051 1.53791172
 5.94881388 1.05593618 4.46506726 5.3622865 ]
DEBUG: cosmo_colibre ages (Gyr): [6.9806704  2.11626064 7.00676523 1.08394017 1.81440116 1.53988416
 5.94658433 1.05787874 4.4651717  5.36110141]
DEBUG: us.look_back_time -> ages (Gyr): [6.9806704  2.11626064 7.00676524 1.08394018 1.81440117 1.53988416
 5.94658433 1.05787875 4.46517171 5.36110142]
[55/100] subhalo 331065 done; total_formed=1.960e+01
Building SWIFTGalaxy for subhalo 7246700 (soap_index=52341265)
Read masses: Nstars=18686, sum_current=2.698995e+10 Msun
DEBUG: sample z (first valid): [0.36886958 0.26050162 0.37058725 0.67149561 6.09648078 5.99647699
 4.3242343  0.704536   4.56191123 3.91384869]
DEBUG: Planck15 ages (Gyr): [ 9.64762463 10.65672135  9.63277129  7.47566686  0.91246824  0.93209406
  1.40303603  7.28418376  1.3143477   1.58161349]
DEBUG: cosmo_colibre ages (Gyr): [ 9.63499004 10.64013925  9.62019144  7.46994186  0.91437568  0.93400717
  1.40501197  7.27895934  1.31632122  1.58358302]
DEBUG: us.look_back_time -> ages (Gyr): [ 9.63499004 10.64013925  9.62019144  7.46994186  0.91437568  0.93400717
  1.40501197  7.27895934  1.31632122  1.58358302]
[56/100] subhalo 7246700 done; total_formed=4.424e+00
Building SWIFTGalaxy for subhalo 700999 (soap_index=52362795)
Read masses: Nstars=29490, sum_current=4.010790e+10 Msun
DEBUG: sample z (first valid): [4.74574785 3.20264204 3.3545515  5.30821061 3.38573245 3.50295451
 4.73418497 5.90506796 6.06816221 1.77436288]
DEBUG: Planck15 ages (Gyr): [1.25193948 1.99647152 1.89375009 1.08857835 1.87374398 1.80157082
 1.25571875 0.95065463 0.91795561 3.6803322 ]
DEBUG: cosmo_colibre ages (Gyr): [1.25390891 1.99837356 1.89567534 1.09052697 1.87567327 1.80351332
 1.25768849 0.95257284 0.91986466 3.68127391]
DEBUG: us.look_back_time -> ages (Gyr): [1.25390892 1.99837356 1.89567534 1.09052697 1.87567327 1.80351333
 1.2576885  0.95257285 0.91986466 3.68127392]
[57/100] subhalo 700999 done; total_formed=6.686e+00
Building SWIFTGalaxy for subhalo 337794 (soap_index=52468611)
Read masses: Nstars=60891, sum_current=7.661792e+10 Msun
DEBUG: sample z (first valid): [1.11283771 1.32975471 5.56936648 4.47227789 3.42153556 1.63705134
 2.34777278 9.22801405 4.75735746 4.780718  ]
DEBUG: Planck15 ages (Gyr): [5.4313242  4.73151701 1.02438897 1.34667298 1.85119985 3.96117804
 2.79567269 0.52709909 1.24816389 1.24062376]
DEBUG: cosmo_colibre ages (Gyr): [5.4300246  4.73127647 1.02632503 1.34864783 1.85313349 3.96185011
 2.79725554 0.5288192  1.25013301 1.24259223]
DEBUG: us.look_back_time -> ages (Gyr): [5.4300246  4.73127648 1.02632503 1.34864783 1.85313349 3.96185011
 2.79725554 0.5288192  1.25013301 1.24259224]
[58/100] subhalo 337794 done; total_formed=1.287e+01
Building SWIFTGalaxy for subhalo 57503 (soap_index=52509350)
Read masses: Nstars=24509, sum_current=3.371642e+10 Msun
DEBUG: sample z (first valid): [6.11111111 7.92739409 8.0363323  5.13747893 4.15950244 6.08267589
 1.0920641  5.74516262 6.91880135 7.80091318]
DEBUG: Planck15 ages (Gyr): [0.9096546  0.64658383 0.63491298 1.13424442 1.47049903 0.91513642
 5.50687967 0.98463734 0.77408185 0.66058803]
DEBUG: cosmo_colibre ages (Gyr): [0.9115612  0.64838055 0.63670311 1.13620041 1.47247426 0.91704465
 5.50545217 0.98656425 0.77594025 0.66239244]
DEBUG: us.look_back_time -> ages (Gyr): [0.9115612  0.64838055 0.63670312 1.13620042 1.47247427 0.91704465
 5.50545217 0.98656425 0.77594025 0.66239244]
[59/100] subhalo 57503 done; total_formed=5.613e+00
Building SWIFTGalaxy for subhalo 335913 (soap_index=52528514)
Read masses: Nstars=121435, sum_current=1.590067e+11 Msun
DEBUG: sample z (first valid): [0.664026   2.89030037 3.97162798 1.88730285 0.88864553 0.40659341
 0.86012716 0.03199798 0.53178758 0.46337978]
DEBUG: Planck15 ages (Gyr): [ 7.52002064  2.23907268  1.55425433  3.47274479  6.34322144  9.32899095
  6.47623841 13.34635169  8.37622924  8.87786885]
DEBUG: cosmo_colibre ages (Gyr): [ 7.51417713  2.24090359  1.55622578  3.47386493  6.34019729  9.31750864
  6.47292935 13.31724305  8.36791134  8.86793799]
DEBUG: us.look_back_time -> ages (Gyr): [ 7.51417714  2.24090359  1.55622578  3.47386494  6.34019729  9.31750864
  6.47292935 13.31724305  8.36791134  8.86793799]
[60/100] subhalo 335913 done; total_formed=2.649e+01
Building SWIFTGalaxy for subhalo 1419340 (soap_index=52537846)
Read masses: Nstars=67750, sum_current=8.919321e+10 Msun
DEBUG: sample z (first valid): [4.47227789 3.12643244 0.85297444 0.96450839 7.45080593 0.65011582
 8.43031873 3.69455587 4.64722103 1.2347405 ]
DEBUG: Planck15 ages (Gyr): [1.34667298 2.0515244  6.51028052 6.00938773 0.7021029  7.60369271
 0.59549204 1.69308826 1.28475979 5.01927806]
DEBUG: cosmo_colibre ages (Gyr): [1.34864783 2.05341229 6.50689717 6.007041   0.7039287  7.59762305
 0.59725856 1.69504664 1.28673162 5.0186292 ]
DEBUG: us.look_back_time -> ages (Gyr): [1.34864783 2.0534123  6.50689717 6.00704101 0.7039287  7.59762305
 0.59725857 1.69504665 1.28673162 5.0186292 ]
[61/100] subhalo 1419340 done; total_formed=1.490e+01
Building SWIFTGalaxy for subhalo 4016927 (soap_index=52543491)
Read masses: Nstars=51365, sum_current=7.315110e+10 Msun
DEBUG: sample z (first valid): [0.03147822 6.77598481 3.35021573 2.93420579 0.24621587 0.30789495
 0.31208457 0.24744937 0.26302806 0.25788868]
DEBUG: Planck15 ages (Gyr): [13.35351552  0.79551386  1.89655994  2.20210856 10.80105308 10.19737444
 10.15815726 10.78847995 10.63148609 10.68291163]
DEBUG: cosmo_colibre ages (Gyr): [13.32437003  0.79738096  1.89848461  2.20395177 10.78387048 10.18264447
 10.14358119 10.77135001 10.61500809 10.66622122]
DEBUG: us.look_back_time -> ages (Gyr): [13.32437003  0.79738096  1.89848462  2.20395178 10.78387048 10.18264447
 10.14358119 10.77135001 10.61500809 10.66622122]
[62/100] subhalo 4016927 done; total_formed=1.196e+01
Building SWIFTGalaxy for subhalo 57841 (soap_index=52573766)
Read masses: Nstars=132997, sum_current=1.703227e+11 Msun
DEBUG: sample z (first valid): [0.35337849 2.90234608 7.58925295 0.93481342 3.62335097 5.26359553
 1.61578989 3.01888759 5.16229431 3.37694517]
DEBUG: Planck15 ages (Gyr): [9.78311158 2.22883004 0.68518101 6.13671851 1.73210982 1.1002132
 4.00776507 2.13359551 1.12741125 1.87934652]
DEBUG: cosmo_colibre ages (Gyr): [9.76997308 2.23066441 0.68699833 6.13411973 1.73406305 1.10216382
 4.00838922 2.13546013 1.12936622 1.88127469]
DEBUG: us.look_back_time -> ages (Gyr): [9.76997308 2.23066442 0.68699833 6.13411973 1.73406306 1.10216382
 4.00838922 2.13546013 1.12936622 1.8812747 ]
[63/100] subhalo 57841 done; total_formed=2.859e+01
Building SWIFTGalaxy for subhalo 153143 (soap_index=52599419)
Read masses: Nstars=19584, sum_current=2.542842e+10 Msun
DEBUG: sample z (first valid): [1.55920025 2.76340875 2.49637217 4.76039378 1.52158523 1.70698059
 2.52116914 2.07940983 2.30555836 2.04988831]
DEBUG: Planck15 ages (Gyr): [4.13617168 2.35186336 2.62226092 1.24717955 4.22524027 3.81397105
 2.59504304 3.1607626  2.84839116 3.2056655 ]
DEBUG: cosmo_colibre ages (Gyr): [4.13665899 2.35365352 2.6239337  1.24914859 4.22562852 3.81478855
 2.59672888 3.1621183  2.84994439 3.20698967]
DEBUG: us.look_back_time -> ages (Gyr): [4.13665899 2.35365352 2.6239337  1.2491486  4.22562852 3.81478855
 2.59672888 3.1621183  2.84994439 3.20698967]
[64/100] subhalo 153143 done; total_formed=4.285e+00
Building SWIFTGalaxy for subhalo 344123 (soap_index=52599442)
Read masses: Nstars=31540, sum_current=4.419085e+10 Msun
DEBUG: sample z (first valid): [5.94016732 0.02438414 0.07584214 0.04038608 0.11592426 0.03933012
 0.15477869 0.20417463 0.04676719 0.20603607]
DEBUG: Planck15 ages (Gyr): [ 0.94345568 13.45183277 12.76097639 13.2314825  12.256989   13.24586664
 11.79491731 11.24249686 13.145025   11.22240812]
DEBUG: cosmo_colibre ages (Gyr): [ 0.94537194 13.42217993 12.73482032 13.20296234 12.23327937 13.21727303
 11.77336874 11.22342402 13.11694488 11.20342303]
DEBUG: us.look_back_time -> ages (Gyr): [ 0.94537195 13.42217993 12.73482032 13.20296234 12.23327937 13.21727303
 11.77336874 11.22342402 13.11694488 11.20342303]
[65/100] subhalo 344123 done; total_formed=7.331e+00
Building SWIFTGalaxy for subhalo 9675288 (soap_index=52656628)
Read masses: Nstars=37211, sum_current=5.224623e+10 Msun
DEBUG: sample z (first valid): [0.15804354 0.15534871 3.17719421 4.29755072 4.31904878 4.6760783
 2.69800248 0.74446337 5.11914099 3.29744262]
DEBUG: Planck15 ages (Gyr): [11.75722345 11.78832386  2.01458056  1.4136116   1.40508093  1.27500058
  2.41370975  7.06263044  1.13933827  1.93132052]
DEBUG: cosmo_colibre ages (Gyr): [11.7358476  11.76680554  2.01647807  1.41558756  1.40705687  1.27697176
  2.4154755   7.05796291  1.14129501  1.93323777]
DEBUG: us.look_back_time -> ages (Gyr): [11.7358476  11.76680554  2.01647808  1.41558757  1.40705688  1.27697176
  2.4154755   7.05796291  1.14129501  1.93323777]
[66/100] subhalo 9675288 done; total_formed=8.567e+00
Building SWIFTGalaxy for subhalo 1450281 (soap_index=52705085)
Read masses: Nstars=12127, sum_current=1.616827e+10 Msun
DEBUG: sample z (first valid): [4.49475979 4.42786152 4.05561984 0.11025276 4.98392988 0.5541643
 0.41229204 5.75907591 3.52596685 0.60674708]
DEBUG: Planck15 ages (Gyr): [ 1.33844214  1.36318322  1.5158579  12.32657413  1.17809937  8.22131991
  9.282208    0.98160088  1.78794153  7.87384172]
DEBUG: cosmo_colibre ages (Gyr): [ 1.3404167   1.36515854  1.51783148 12.30253217  1.18006128  8.2134759
  9.27089096  0.98352704  1.7898863   7.86701867]
DEBUG: us.look_back_time -> ages (Gyr): [ 1.3404167   1.36515855  1.51783148 12.30253217  1.18006128  8.2134759
  9.27089096  0.98352704  1.78988631  7.86701867]
[67/100] subhalo 1450281 done; total_formed=2.669e+00
Building SWIFTGalaxy for subhalo 2768669 (soap_index=52725075)
Read masses: Nstars=328408, sum_current=4.150162e+11 Msun
DEBUG: sample z (first valid): [4.05869229e-01 6.16945630e+00 1.03867538e-03 9.96587863e-01
 7.85527463e-01 3.25834958e+00 3.09589731e-02 8.13093981e-02
 3.75535220e-01 7.49679624e-01]
DEBUG: Planck15 ages (Gyr): [ 9.33496098  0.898576   13.78263454  5.87642049  6.84538566  1.95775508
 13.36067752 12.69052861  9.59017142  7.03445095]
DEBUG: cosmo_colibre ages (Gyr): [ 9.3234575   0.90047923 13.75125182  5.87432867  6.84124094  1.95966636
 13.33149518 12.66471994  9.57774801  7.02985253]
DEBUG: us.look_back_time -> ages (Gyr): [ 9.3234575   0.90047923 13.75125182  5.87432868  6.84124094  1.95966636
 13.33149518 12.66471994  9.57774801  7.02985253]
[68/100] subhalo 2768669 done; total_formed=6.952e+01
Building SWIFTGalaxy for subhalo 299374 (soap_index=52764914)
Read masses: Nstars=32460, sum_current=4.400634e+10 Msun
DEBUG: sample z (first valid): [3.95396477 6.88735107 0.41083269 1.92780558 2.64940417 0.04463147
 0.31145441 0.3505894  3.48017501 4.47227789]
DEBUG: Planck15 ages (Gyr): [ 1.56253433  0.77871846  9.29415556  3.40290312  2.461418   13.17387321
 10.16404182  9.80780101  1.81523234  1.34667298]
DEBUG: cosmo_colibre ages (Gyr): [ 1.56450523  0.78057878  9.28279641  3.40407936  2.46316395 13.14564654
 10.1494427   9.79456979  1.81717251  1.34864783]
DEBUG: us.look_back_time -> ages (Gyr): [ 1.56450524  0.78057878  9.28279641  3.40407937  2.46316395 13.14564654
 10.1494427   9.79456979  1.81717251  1.34864783]
[69/100] subhalo 299374 done; total_formed=7.350e+00
Building SWIFTGalaxy for subhalo 2749897 (soap_index=52800947)
Read masses: Nstars=16433, sum_current=2.230026e+10 Msun
DEBUG: sample z (first valid): [4.09690465 1.96114224 1.0150043  4.64722103 5.20664836 2.87374394
 2.89538754 1.39935564 0.6509472  0.6675827 ]
DEBUG: Planck15 ages (Gyr): [1.49755732 3.3471184  5.80215854 1.28475979 1.11536688 2.25327805
 2.23473753 4.53708046 7.59865213 7.49885149]
DEBUG: cosmo_colibre ages (Gyr): [1.49953168 3.34833806 5.80020542 1.28673162 1.11731998 2.2551041
 2.23656991 4.53709477 7.59259619 7.49306466]
DEBUG: us.look_back_time -> ages (Gyr): [1.49953168 3.34833806 5.80020542 1.28673162 1.11731998 2.2551041
 2.23656991 4.53709477 7.5925962  7.49306466]
[70/100] subhalo 2749897 done; total_formed=3.710e+00
Building SWIFTGalaxy for subhalo 632085 (soap_index=52837112)
Read masses: Nstars=20148, sum_current=2.605212e+10 Msun
DEBUG: sample z (first valid): [3.70872252 0.33561588 4.80426889 2.62357625 5.35963125 0.50865562
 4.76901408 6.51215039 4.36213386 2.29194294]
DEBUG: Planck15 ages (Gyr): [1.68549813 9.94191884 1.23309842 2.48740817 1.07542012 8.54101272
 1.24439198 0.8377985  1.3882391  2.86574297]
DEBUG: cosmo_colibre ages (Gyr): [1.68745744 9.92817923 1.23506621 2.48914296 1.07736638 8.53217815
 1.24636078 0.83968153 1.3902149  2.86728622]
DEBUG: us.look_back_time -> ages (Gyr): [1.68745744 9.92817923 1.23506622 2.48914296 1.07736638 8.53217815
 1.24636078 0.83968154 1.3902149  2.86728622]
[71/100] subhalo 632085 done; total_formed=4.344e+00
Building SWIFTGalaxy for subhalo 4519 (soap_index=52917509)
Read masses: Nstars=701765, sum_current=8.531921e+11 Msun
DEBUG: sample z (first valid): [3.55142718 1.75755281 4.11760112 2.68386734 6.11806234 1.04902451
 0.55298578 0.94261323 2.49339019 1.9592703 ]
DEBUG: Planck15 ages (Gyr): [1.77306011 3.71295234 1.48852042 2.42742796 0.90832282 5.66879836
 8.22937077 6.10286764 2.62556563 3.35021125]
DEBUG: cosmo_colibre ages (Gyr): [1.77500726 3.71386441 1.49049511 2.42918811 0.91022902 5.66708774
 8.2215024  6.10033663 2.62723679 3.35142853]
DEBUG: us.look_back_time -> ages (Gyr): [1.77500726 3.71386442 1.49049511 2.42918811 0.91022902 5.66708775
 8.22150241 6.10033663 2.6272368  3.35142853]
[72/100] subhalo 4519 done; total_formed=1.428e+02
Building SWIFTGalaxy for subhalo 1285756 (soap_index=53004313)
Read masses: Nstars=53424, sum_current=7.180763e+10 Msun
DEBUG: sample z (first valid): [4.37312454 0.70364979 0.67972114 1.97188464 0.57281367 1.47361667
 0.57175748 0.42457178 0.55815502 9.04306183]
DEBUG: Planck15 ages (Gyr): [1.38399642 7.28922149 7.42728424 3.32945933 8.0954808  4.3433886
 8.10252985 9.18256742 8.19414561 0.54175281]
DEBUG: cosmo_colibre ages (Gyr): [1.38597216 7.28398413 7.42168741 3.33069247 8.08801325 4.34364016
 8.09504141 9.17159902 8.18638354 0.5434835 ]
DEBUG: us.look_back_time -> ages (Gyr): [1.38597216 7.28398413 7.42168741 3.33069247 8.08801325 4.34364016
 8.09504141 9.17159902 8.18638354 0.5434835 ]
[73/100] subhalo 1285756 done; total_formed=1.192e+01
Building SWIFTGalaxy for subhalo 47233 (soap_index=53058273)
Read masses: Nstars=57464, sum_current=7.727714e+10 Msun
DEBUG: sample z (first valid): [0.35281975 2.32568761 2.07565234 1.97053758 2.84917185 2.11157535
 2.13359472 2.17396358 3.68985258 0.39664138]
DEBUG: Planck15 ages (Gyr): [9.78805033 2.82305169 3.16642058 3.33166538 2.27463657 3.11299672
 3.08097429 3.02364788 1.69562069 9.41152972]
DEBUG: cosmo_colibre ages (Gyr): [9.7748933  2.82461929 3.16777236 3.33289684 2.27645515 3.11438508
 3.08238405 3.02509495 1.69757875 9.39975337]
DEBUG: us.look_back_time -> ages (Gyr): [9.7748933  2.82461929 3.16777236 3.33289684 2.27645515 3.11438508
 3.08238405 3.02509495 1.69757876 9.39975337]
[74/100] subhalo 47233 done; total_formed=1.297e+01
Building SWIFTGalaxy for subhalo 47358 (soap_index=53088016)
Read masses: Nstars=250060, sum_current=3.244281e+11 Msun
DEBUG: sample z (first valid): [1.82263761 2.69425028 2.33482597 0.49639236 3.3061962  3.29659739
 3.26916813 3.8984229  2.26374502 3.97351446]
DEBUG: Planck15 ages (Gyr): [3.58919681 2.41733881 2.81166974 8.63034508 1.92548217 1.93188581
 1.95038004 1.58905295 2.902235   1.5533743 ]
DEBUG: cosmo_colibre ages (Gyr): [3.59021901 2.41910308 2.81324371 8.62122501 1.9274007  1.93380294
 1.95229301 1.59102191 2.90375688 1.5553458 ]
DEBUG: us.look_back_time -> ages (Gyr): [3.59021901 2.41910309 2.81324371 8.62122501 1.92740071 1.93380294
 1.95229301 1.59102191 2.90375689 1.55534581]
[75/100] subhalo 47358 done; total_formed=5.422e+01
Building SWIFTGalaxy for subhalo 2474903 (soap_index=53088040)
Read masses: Nstars=29375, sum_current=4.072600e+10 Msun
DEBUG: sample z (first valid): [3.05594752 0.1096512  0.49040298 2.7055298  0.86520947 4.0350338
 2.14020125 1.88349173 0.17338681 0.16803308]
DEBUG: Planck15 ages (Gyr): [ 2.10471084 12.33398758  8.67448287  2.40645646  6.45221763  1.52512216
  3.07147147  3.47943659 11.58235782 11.6429502 ]
DEBUG: cosmo_colibre ages (Gyr): [ 2.10658395 12.30991011  8.66522034  2.40822515  6.44896066  1.52709529
  3.07288751  3.48055125 11.56177605 11.62209462]
DEBUG: us.look_back_time -> ages (Gyr): [ 2.10658395 12.30991011  8.66522034  2.40822515  6.44896066  1.52709529
  3.07288751  3.48055126 11.56177605 11.62209462]
[76/100] subhalo 2474903 done; total_formed=6.784e+00
Building SWIFTGalaxy for subhalo 137985 (soap_index=53117528)
Read masses: Nstars=65730, sum_current=8.324938e+10 Msun
DEBUG: sample z (first valid): [3.15178967 2.01536763 1.66406504 2.21128969 2.10214901 3.04768081
 1.28062361 1.67887508 1.51925886 2.30056406]
DEBUG: Planck15 ages (Gyr): [2.03293108 3.25950803 3.90323863 2.97217902 3.12687199 2.1110978
 4.87692933 3.87205361 4.23085022 2.85473595]
DEBUG: cosmo_colibre ages (Gyr): [2.03482388 3.26079336 3.90396902 2.9736585  3.12825096 2.11296905
 4.87648715 3.87281481 4.23123211 2.85628555]
DEBUG: us.look_back_time -> ages (Gyr): [2.03482388 3.26079336 3.90396902 2.9736585  3.12825096 2.11296906
 4.87648715 3.87281481 4.23123212 2.85628555]
[77/100] subhalo 137985 done; total_formed=1.403e+01
Building SWIFTGalaxy for subhalo 140226 (soap_index=53132981)
Read masses: Nstars=34923, sum_current=4.531630e+10 Msun
DEBUG: sample z (first valid): [6.13977557 0.82125389 3.06828481 0.33965658 1.93383472 2.67560292
 0.22515516 5.02020944 4.72216886 4.41709373]
DEBUG: Planck15 ages (Gyr): [ 0.90418359  6.66464468  2.09523806  9.90546356  3.39270234  2.4355082
 11.01902064  1.16748648  1.25966626  1.36723638]
DEBUG: cosmo_colibre ages (Gyr): [ 0.90608854  6.66091739  2.09711388  9.89186293  3.39388662  2.43726501
 11.00091472  1.16944706  1.26163631  1.3692118 ]
DEBUG: us.look_back_time -> ages (Gyr): [ 0.90608854  6.66091739  2.09711388  9.89186294  3.39388662  2.43726502
 11.00091472  1.16944706  1.26163632  1.3692118 ]
[78/100] subhalo 140226 done; total_formed=7.559e+00
Building SWIFTGalaxy for subhalo 307986 (soap_index=53143953)
Read masses: Nstars=59693, sum_current=8.136283e+10 Msun
DEBUG: sample z (first valid): [2.76513846 5.67712685 0.4022595  0.93275923 0.94653677 1.25986207
 6.5268175  2.95605457 8.27811991 7.1063764 ]
DEBUG: Planck15 ages (Gyr): [2.35026331 0.99971292 9.36480328 6.14568239 6.08594982 4.94053264
 0.83535055 2.18408747 0.6102255  0.74735634]
DEBUG: cosmo_colibre ages (Gyr): [2.35205408 1.00164342 9.35319377 6.14306557 6.08345247 4.93999925
 0.8372327  2.18593649 0.61200109 0.74920326]
DEBUG: us.look_back_time -> ages (Gyr): [2.35205409 1.00164342 9.35319377 6.14306558 6.08345247 4.93999925
 0.83723271 2.18593649 0.6120011  0.74920326]
[79/100] subhalo 307986 done; total_formed=1.354e+01
Building SWIFTGalaxy for subhalo 1315864 (soap_index=53194149)
Read masses: Nstars=38704, sum_current=5.328768e+10 Msun
DEBUG: sample z (first valid): [5.7181958  1.33274009 2.56872141 5.65002537 1.8170564  4.56191123
 4.98994607 7.87300298 3.45762481 3.28872456]
DEBUG: Planck15 ages (Gyr): [0.99056727 4.72290516 2.54412966 1.00582526 3.59954483 1.3143477
 1.17632839 0.65254505 1.82892598 1.93716433]
DEBUG: cosmo_colibre ages (Gyr): [0.99249561 4.72267627 2.5458392  1.00775717 3.60055807 1.31632122
 1.17829009 0.65434507 1.83086373 1.93908028]
DEBUG: us.look_back_time -> ages (Gyr): [0.99249561 4.72267627 2.54583921 1.00775718 3.60055807 1.31632122
 1.17829009 0.65434508 1.83086373 1.93908028]
[80/100] subhalo 1315864 done; total_formed=8.878e+00
Building SWIFTGalaxy for subhalo 1328967 (soap_index=53217425)
Read masses: Nstars=89024, sum_current=1.158192e+11 Msun
DEBUG: sample z (first valid): [0.78552746 3.95396477 5.74516262 4.41172585 0.72408713 5.88403361
 1.0150043  0.46298777 0.44645537 0.43580755]
DEBUG: Planck15 ages (Gyr): [6.84538566 1.56253433 0.98463734 1.36926441 7.17438557 0.95501267
 5.80215854 8.88087128 9.00887856 9.09277649]
DEBUG: cosmo_colibre ages (Gyr): [6.84124094 1.56450523 0.98656425 1.37123987 7.16944013 0.95693204
 5.80020542 8.8709304  8.9985069  9.08211833]
DEBUG: us.look_back_time -> ages (Gyr): [6.84124094 1.56450524 0.98656425 1.37123988 7.16944013 0.95693204
 5.80020542 8.8709304  8.9985069  9.08211833]
[81/100] subhalo 1328967 done; total_formed=1.904e+01
Building SWIFTGalaxy for subhalo 5276224 (soap_index=53217464)
Read masses: Nstars=13946, sum_current=1.854705e+10 Msun
DEBUG: sample z (first valid): [0.84650062 3.75933188 3.88673477 1.67472043 3.10138307 7.46827756
 0.01455198 4.14613271 2.24628492 8.48765834]
DEBUG: Planck15 ages (Gyr): [ 6.54133149  1.6588377   1.59472853  3.8807611   2.07016939  0.6999293
 13.58978276  1.47620977  2.92521427  0.59009404]
DEBUG: cosmo_colibre ages (Gyr): [ 6.53787989  1.66080007  1.59669703  3.88151373  2.07205222  0.70175403
 13.55941277  1.47818485  2.92672243  0.59185716]
DEBUG: us.look_back_time -> ages (Gyr): [ 6.53787989  1.66080007  1.59669703  3.88151374  2.07205222  0.70175403
 13.55941277  1.47818485  2.92672244  0.59185717]
[82/100] subhalo 5276224 done; total_formed=3.098e+00
Building SWIFTGalaxy for subhalo 1311891 (soap_index=53232649)
Read masses: Nstars=41638, sum_current=5.788396e+10 Msun
DEBUG: sample z (first valid): [0.48580756 0.75061438 4.29455486 4.12801252 7.11440599 3.98410526
 5.03240059 5.42446819 1.10428975 4.1909703 ]
DEBUG: Planck15 ages (Gyr): [8.70857673 7.02941941 1.41480721 1.48400851 0.74624662 1.54844906
 1.16395577 1.05920137 5.46221435 1.45720147]
DEBUG: cosmo_colibre ages (Gyr): [8.69920353 7.02483329 1.41678318 1.48598335 0.74809304 1.55042087
 1.1659159  1.06114456 5.46086277 1.45917701]
DEBUG: us.look_back_time -> ages (Gyr): [8.69920353 7.02483329 1.41678318 1.48598335 0.74809304 1.55042088
 1.1659159  1.06114457 5.46086278 1.45917702]
[83/100] subhalo 1311891 done; total_formed=9.582e+00
Building SWIFTGalaxy for subhalo 309914 (soap_index=53235611)
Read masses: Nstars=37220, sum_current=5.411811e+10 Msun
DEBUG: sample z (first valid): [0.80480282 4.86346963 4.74574785 1.83068417 1.95766766 2.1462314
 2.52723358 0.81439646 1.98923554 2.01981384]
DEBUG: Planck15 ages (Gyr): [6.74694388 1.2145126  1.25193948 3.5743627  3.35286285 3.06283948
 2.58845714 6.69876048 3.30125583 3.25249066]
DEBUG: cosmo_colibre ages (Gyr): [6.74302849 1.21647859 1.25390891 3.57539769 3.35407809 3.06426119
 2.59014611 6.69495561 3.30251024 3.25378111]
DEBUG: us.look_back_time -> ages (Gyr): [6.74302849 1.2164786  1.25390892 3.57539769 3.3540781  3.06426119
 2.59014611 6.69495561 3.30251025 3.25378112]
[84/100] subhalo 309914 done; total_formed=8.948e+00
Building SWIFTGalaxy for subhalo 2523418 (soap_index=53254235)
Read masses: Nstars=101193, sum_current=1.351667e+11 Msun
DEBUG: sample z (first valid): [4.94754515 4.74574785 1.17280021 3.84769584 1.90547969 2.91821117
 1.13722932 1.38607733 0.74446337 1.52313852]
DEBUG: Planck15 ages (Gyr): [1.18890485 1.25193948 5.2221966  1.61393081 3.44111513 2.21545717
 5.34468187 4.57317518 7.06263044 4.22150122]
DEBUG: cosmo_colibre ages (Gyr): [1.19086805 1.25390891 5.22123708 1.61589766 3.44226093 2.217296
 5.34352564 4.57314345 7.05796291 4.22189369]
DEBUG: us.look_back_time -> ages (Gyr): [1.19086806 1.25390892 5.22123709 1.61589766 3.44226093 2.217296
 5.34352564 4.57314346 7.05796291 4.22189369]
[85/100] subhalo 2523418 done; total_formed=2.258e+01
Building SWIFTGalaxy for subhalo 138871 (soap_index=53288433)
Read masses: Nstars=253125, sum_current=3.259325e+11 Msun
DEBUG: sample z (first valid): [9.002442   1.04748813 0.2714574  1.2167501  1.78568392 0.28835417
 0.28310753 0.23643499 0.25346186 7.3869977 ]
DEBUG: Planck15 ages (Gyr): [ 0.54506196  5.67471662 10.54791189  5.07690585  3.65862492 10.38322371
 10.43396032 10.90150135 10.72749538  0.71013725]
DEBUG: cosmo_colibre ages (Gyr): [ 0.54679499  5.67299542 10.53177669  5.07617069  3.65958612 10.36775531
 10.41828773 10.88389569 10.71061992  0.71196696]
DEBUG: us.look_back_time -> ages (Gyr): [ 0.54679499  5.67299542 10.53177669  5.07617069  3.65958612 10.36775531
 10.41828773 10.88389569 10.71061992  0.71196696]
[86/100] subhalo 138871 done; total_formed=5.436e+01
Building SWIFTGalaxy for subhalo 667026 (soap_index=53347015)
Read masses: Nstars=72296, sum_current=9.452582e+10 Msun
DEBUG: sample z (first valid): [2.8124491  1.06256688 0.29980167 2.37501287 2.00293255 5.60978316
 6.63466915 2.26374502 0.44671082 2.04280806]
DEBUG: Planck15 ages (Gyr): [ 2.30718492  5.61705006 10.27375775  2.76249844  3.27926582  1.01501655
  0.81770925  2.902235    9.00687993  3.21658976]
DEBUG: cosmo_colibre ages (Gyr): [ 2.3089918   5.61543126 10.2587261   2.76409938  3.2805366   1.01695054
  0.81958491  2.90375688  8.99651506  3.21790615]
DEBUG: us.look_back_time -> ages (Gyr): [ 2.3089918   5.61543127 10.2587261   2.76409938  3.28053661  1.01695055
  0.81958492  2.90375689  8.99651506  3.21790615]
[87/100] subhalo 667026 done; total_formed=1.585e+01
Building SWIFTGalaxy for subhalo 50810 (soap_index=53407650)
Read masses: Nstars=116620, sum_current=1.473469e+11 Msun
DEBUG: sample z (first valid): [4.64138762 1.36080692 3.12955261 1.04953715 1.82995077 1.57691098
 0.44965493 0.36091037 0.84837545 1.36319054]
DEBUG: Planck15 ages (Gyr): [1.28674765 4.64315278 2.04922139 5.6668258  3.57571062 4.09527844
 8.98389224 9.71689102 6.53231548 4.63647912]
DEBUG: cosmo_colibre ages (Gyr): [1.28871961 4.64303015 2.0511099  5.6651187  3.57674445 4.09581009
 8.97360527 9.70399984 6.52888374 4.63636526]
DEBUG: us.look_back_time -> ages (Gyr): [1.28871961 4.64303016 2.0511099  5.6651187  3.57674445 4.09581009
 8.97360527 9.70399985 6.52888374 4.63636526]
[88/100] subhalo 50810 done; total_formed=2.457e+01
Building SWIFTGalaxy for subhalo 52552 (soap_index=53507679)
Read masses: Nstars=38650, sum_current=5.407719e+10 Msun
DEBUG: sample z (first valid): [ 5.02020944  8.46846782  6.11111111  3.49399986  2.81600093  3.24538447
  5.28281085  0.70595585  4.60711841 11.10603122]
DEBUG: Planck15 ages (Gyr): [1.16748648 0.59189157 0.9096546  1.80692082 2.30400339 1.96665435
 1.09517697 7.27612359 1.29852939 0.40910645]
DEBUG: cosmo_colibre ages (Gyr): [1.16944706 0.59365582 0.9115612  1.80886242 2.30581143 1.96856355
 1.09712674 7.27091984 1.30050206 0.41072612]
DEBUG: us.look_back_time -> ages (Gyr): [1.16944706 0.59365583 0.9115612  1.80886243 2.30581144 1.96856355
 1.09712674 7.27091985 1.30050207 0.41072613]
[89/100] subhalo 52552 done; total_formed=8.978e+00
Building SWIFTGalaxy for subhalo 321139 (soap_index=53606259)
Read masses: Nstars=66563, sum_current=8.559404e+10 Msun
DEBUG: sample z (first valid): [4.06578032 0.82409263 1.62627234 2.33720338 3.59547016 2.39740798
 0.80559841 4.73418497 4.56191123 2.09511665]
DEBUG: Planck15 ages (Gyr): [1.51131974 6.65060053 3.98468637 2.80872098 1.74779636 2.73570564
 6.74292774 1.25571875 1.3143477  3.13728938]
DEBUG: cosmo_colibre ages (Gyr): [1.51329352 6.64690501 3.98533437 2.8102966  1.74974734 2.73732088
 6.7390216  1.25768849 1.31632122 3.13866125]
DEBUG: us.look_back_time -> ages (Gyr): [1.51329353 6.64690501 3.98533437 2.8102966  1.74974734 2.73732088
 6.7390216  1.2576885  1.31632122 3.13866125]
[90/100] subhalo 321139 done; total_formed=1.435e+01
Building SWIFTGalaxy for subhalo 685345 (soap_index=53638440)
Read masses: Nstars=303823, sum_current=4.055465e+11 Msun
DEBUG: sample z (first valid): [4.15950244 0.88821021 9.89271171 2.34777278 1.03654444 4.6760783
 5.63655696 0.65813177 0.88581952 7.69466003]
DEBUG: Planck15 ages (Gyr): [1.47049903 6.34521986 0.47950685 2.79567269 5.71715535 1.27500058
 1.00888599 7.55530352 6.35621222 0.67274689]
DEBUG: cosmo_colibre ages (Gyr): [1.47247426 6.34219149 0.48118995 2.79725554 5.71535778 1.27697176
 1.0108186  7.54936507 6.35316062 0.67455777]
DEBUG: us.look_back_time -> ages (Gyr): [1.47247427 6.3421915  0.48118995 2.79725554 5.71535778 1.27697176
 1.0108186  7.54936507 6.35316062 0.67455777]
[91/100] subhalo 685345 done; total_formed=6.769e+01
Building SWIFTGalaxy for subhalo 2628507 (soap_index=53638449)
Read masses: Nstars=20478, sum_current=2.989537e+10 Msun
DEBUG: sample z (first valid): [ 2.21949302  1.04684865  2.69800248 12.81450253  1.8427171   0.71974389
  3.38573245  2.53484358  4.99597438  2.14502351]
DEBUG: Planck15 ages (Gyr): [2.96105959 5.67718282 2.41370975 0.33542392 3.55236484 7.19855701
 1.87374398 2.5802316  1.17455828 3.06456535]
DEBUG: cosmo_colibre ages (Gyr): [2.96254594 5.6754572  2.4154755  0.33696312 3.55341862 7.19355065
 1.87567327 2.58192444 1.17651975 3.06598593]
DEBUG: us.look_back_time -> ages (Gyr): [2.96254594 5.6754572  2.4154755  0.33696312 3.55341862 7.19355066
 1.87567327 2.58192444 1.17651976 3.06598593]
[92/100] subhalo 2628507 done; total_formed=4.954e+00
Building SWIFTGalaxy for subhalo 320891 (soap_index=53672905)
Read masses: Nstars=48722, sum_current=6.868014e+10 Msun
DEBUG: sample z (first valid): [11.50567694  0.63138504  0.44709415  5.89780023  4.20126984  5.29548511
  6.48127854  4.23325082  4.4832664   0.48891312]
DEBUG: Planck15 ages (Gyr): [0.3896036  7.71861658 9.0038819  0.95215666 1.45289238 1.09187604
 0.84299017 1.43964604 1.34263952 8.68551446]
DEBUG: cosmo_colibre ages (Gyr): [0.39120355 7.71223075 8.9935272  0.95407528 1.45486801 1.09382523
 0.84487504 1.44162186 1.34461423 8.67621618]
DEBUG: us.look_back_time -> ages (Gyr): [0.39120355 7.71223075 8.9935272  0.95407528 1.45486801 1.09382524
 0.84487505 1.44162186 1.34461423 8.67621618]
[93/100] subhalo 320891 done; total_formed=1.138e+01
Building SWIFTGalaxy for subhalo 2659125 (soap_index=53712257)
Read masses: Nstars=46360, sum_current=6.371125e+10 Msun
DEBUG: sample z (first valid): [0.50560559 5.02020944 5.30821061 3.77145977 1.47119155 3.55839188
 1.00981354 1.05210421 1.3180532  0.53221734]
DEBUG: Planck15 ages (Gyr): [8.56310133 1.16748648 1.08857835 1.65255247 4.3495026  1.76902496
 5.82293983 5.65696439 4.76551541 8.37321302]
DEBUG: cosmo_colibre ages (Gyr): [8.55419652 1.16944706 1.09052697 1.65451553 4.34974692 1.77097274
 5.82094817 5.65527488 4.76522858 8.36490446]
DEBUG: us.look_back_time -> ages (Gyr): [8.55419652 1.16944706 1.09052697 1.65451553 4.34974692 1.77097274
 5.82094817 5.65527488 4.76522858 8.36490446]
[94/100] subhalo 2659125 done; total_formed=1.063e+01
Building SWIFTGalaxy for subhalo 1377784 (soap_index=53737812)
Read masses: Nstars=21319, sum_current=2.872263e+10 Msun
DEBUG: sample z (first valid): [4.47227789 4.29755072 0.85759637 5.52944107 2.15623194 0.93962353
 2.70930496 3.70872252 4.04278239 0.90689013]
DEBUG: Planck15 ages (Gyr): [1.34667298 1.4136116  6.48825159 1.03378947 3.04861121 6.11580824
 2.40283223 1.68549813 1.52162411 6.26033948]
DEBUG: cosmo_colibre ages (Gyr): [1.34864783 1.41558756 6.48491638 1.03572753 3.05004219 6.11325138
 2.40460239 1.68745744 1.52359741 6.25748853]
DEBUG: us.look_back_time -> ages (Gyr): [1.34864783 1.41558757 6.48491639 1.03572754 3.05004219 6.11325139
 2.40460239 1.68745744 1.52359741 6.25748853]
[95/100] subhalo 1377784 done; total_formed=4.804e+00
Building SWIFTGalaxy for subhalo 2663038 (soap_index=53765087)
Read masses: Nstars=51067, sum_current=6.627804e+10 Msun
DEBUG: sample z (first valid): [5.78637258 7.23058085 1.47361667 5.91162202 4.35162502 4.92335503
 2.08957194 5.52944107 4.49475979 6.13977557]
DEBUG: Planck15 ages (Gyr): [0.97568859 0.7304923  4.3433886  0.94930346 1.39231599 1.19618019
 3.1455431  1.03378947 1.33844214 0.90418359]
DEBUG: cosmo_colibre ages (Gyr): [0.97761329 0.7323316  4.34364016 0.95122131 1.39429184 1.19814422
 3.14690931 1.03572753 1.3404167  0.90608854]
DEBUG: us.look_back_time -> ages (Gyr): [0.97761329 0.73233161 4.34364016 0.95122132 1.39429184 1.19814423
 3.14690931 1.03572754 1.3404167  0.90608854]
[96/100] subhalo 2663038 done; total_formed=1.102e+01
Building SWIFTGalaxy for subhalo 150911 (soap_index=53774815)
Read masses: Nstars=23152, sum_current=3.036795e+10 Msun
DEBUG: sample z (first valid): [0.15510434 0.36294817 1.98787271 4.6760783  2.8124491  1.79853104
 2.68303923 3.96409635 1.48883488 7.1476969 ]
DEBUG: Planck15 ages (Gyr): [11.79114978  9.69908747  3.30345696  1.27500058  2.30718492  3.63424231
  2.42823563  1.55777603  4.30533534  0.74167476]
DEBUG: cosmo_colibre ages (Gyr): [11.76961849  9.68626244  3.30470972  1.27697176  2.3089918   3.63522515
  2.42999545  1.55974725  4.30563158  0.74351915]
DEBUG: us.look_back_time -> ages (Gyr): [11.76961849  9.68626244  3.30470973  1.27697176  2.3089918   3.63522516
  2.42999545  1.55974725  4.30563158  0.74351915]
[97/100] subhalo 150911 done; total_formed=5.026e+00
Building SWIFTGalaxy for subhalo 151303 (soap_index=53862805)
Read masses: Nstars=13005, sum_current=1.707802e+10 Msun
DEBUG: sample z (first valid): [0.3369237  1.8982841  0.85633356 1.72408346 2.04139595 1.96221298
 1.1743862  5.91162202 0.96639462 1.67341111]
DEBUG: Planck15 ages (Gyr): [9.93009821 3.45357993 6.49425888 3.77931408 3.2187758  3.3453514
 5.2168393  0.94930346 6.00143955 3.88351179]
DEBUG: cosmo_colibre ages (Gyr): [9.91640374 3.45471566 6.49091056 3.7801645  3.22009063 3.34657241
 5.21588823 0.95122131 5.9991083  3.88426172]
DEBUG: us.look_back_time -> ages (Gyr): [9.91640374 3.45471567 6.49091056 3.7801645  3.22009063 3.34657241
 5.21588823 0.95122132 5.9991083  3.88426172]
[98/100] subhalo 151303 done; total_formed=2.862e+00
Building SWIFTGalaxy for subhalo 709812 (soap_index=53910902)
Read masses: Nstars=31125, sum_current=4.286311e+10 Msun
DEBUG: sample z (first valid): [0.54668177 3.728086   9.91538974 3.8248546  0.41448675 3.49399986
 1.3518266  1.61829804 1.13555787 1.13277792]
DEBUG: Planck15 ages (Gyr): [8.27263764 1.67521442 0.47801014 1.62534418 9.26428286 1.80692082
 4.66843453 4.00222336 5.35054907 5.36032998]
DEBUG: cosmo_colibre ages (Gyr): [8.26463792 1.67717494 0.479692   1.62730997 9.25302888 1.80886242
 4.66827852 4.00285326 5.34938324 5.35914811]
DEBUG: us.look_back_time -> ages (Gyr): [8.26463792 1.67717494 0.479692   1.62730997 9.25302888 1.80886243
 4.66827852 4.00285326 5.34938324 5.35914811]
[99/100] subhalo 709812 done; total_formed=7.114e+00
Building SWIFTGalaxy for subhalo 336904 (soap_index=53925033)
Read masses: Nstars=33867, sum_current=4.726194e+10 Msun
DEBUG: sample z (first valid): [1.29227002 0.82632928 3.3061962  1.67756169 0.15096593 0.26429508
 0.23643499 1.6237489  1.06049173 0.63219765]
DEBUG: Planck15 ages (Gyr): [ 4.84182027  6.63956731  1.92548217  3.87480284 11.83915489 10.61886298
 10.90150135  3.99022243  5.62493124  7.71357622]
DEBUG: cosmo_colibre ages (Gyr): [ 4.84142764  6.63589669  1.9274007   3.87556134 11.81740291 10.60243694
 10.88389569  3.99086474  5.62329855  7.70720439]
DEBUG: us.look_back_time -> ages (Gyr): [ 4.84142764  6.63589669  1.92740071  3.87556134 11.81740292 10.60243694
 10.88389569  3.99086474  5.62329855  7.70720439]
[100/100] subhalo 336904 done; total_formed=7.867e+00
All halos processed. Writing CSV.
Wrote relicness_extras_1700_1800.csv (100 rows) in 8137.4s
