Will process 30 subhalos (test=False)
Mapping requested subhalos -> SOAP rows (chunked scan)...
Found SOAP rows for 30 / 30 requested subhalos
Reading SOAP StellarMass & HalfMassRadiusStars for requested rows (applying Mu/Lu conversions)...
Summing PartType4/Masses via mapping NPZ (particle-level current stellar mass -> Msun)...
Analysing subhalo 88547
Analysing subhalo 1432
Analysing subhalo 207528
Analysing subhalo 18044
Analysing subhalo 1819
Analysing subhalo 20320
Analysing subhalo 226643
Analysing subhalo 97718
Analysing subhalo 1036567
Analysing subhalo 1986105
Analysing subhalo 511310
Analysing subhalo 1040964
Analysing subhalo 2031044
Analysing subhalo 6313651
Analysing subhalo 101148
Analysing subhalo 3137917
Analysing subhalo 411815
Analysing subhalo 867
Analysing subhalo 187762
Analysing subhalo 410403
Analysing subhalo 849453
Analysing subhalo 1644124
Analysing subhalo 3167768
Analysing subhalo 3198019
Analysing subhalo 3169261
Analysing subhalo 3199131
Analysing subhalo 5986887
Analysing subhalo 432682
Analysing subhalo 888952
Analysing subhalo 443354
halos:   0%|                                                                 | 0/30 [00:00<?, ?it/s]Flushed 30 rows to outfiles/relic_chunk_012.csv
halos: 100%|███████████████████████████████████████████████████████| 30/30 [00:00<00:00, 457.09it/s]
Done. Wrote 30 rows to outfiles/relic_chunk_012.csv
