Will process 30 subhalos (test=False)
Mapping requested subhalos -> SOAP rows (chunked scan)...
Found SOAP rows for 30 / 30 requested subhalos
Reading SOAP StellarMass & HalfMassRadiusStars for requested rows (applying Mu/Lu conversions)...
Summing PartType4/Masses via mapping NPZ (particle-level current stellar mass -> Msun)...
Analysing subhalo 2050506
Analysing subhalo 537268
Analysing subhalo 1092906
Analysing subhalo 31291
Analysing subhalo 113391
Analysing subhalo 534493
Analysing subhalo 1107735
Analysing subhalo 3549640
Analysing subhalo 33058
Analysing subhalo 557228
Analysing subhalo 1148193
Analysing subhalo 34594
Analysing subhalo 35903
Analysing subhalo 3527
Analysing subhalo 569454
Analysing subhalo 2238688
Analysing subhalo 268387
Analysing subhalo 581720
Analysing subhalo 578448
Analysing subhalo 1195883
Analysing subhalo 38960
Analysing subhalo 276722
Analysing subhalo 1190207
Analysing subhalo 2296701
Analysing subhalo 2299855
Analysing subhalo 2300264
Analysing subhalo 6787736
Analysing subhalo 39339
Analysing subhalo 590565
Analysing subhalo 1192409
halos:   0%|                                                                 | 0/30 [00:00<?, ?it/s]Flushed 30 rows to outfiles/relic_chunk_026.csv
halos: 100%|███████████████████████████████████████████████████████| 30/30 [00:00<00:00, 379.61it/s]
Done. Wrote 30 rows to outfiles/relic_chunk_026.csv
