Will process 30 subhalos (test=False)
Mapping requested subhalos -> SOAP rows (chunked scan)...
Found SOAP rows for 30 / 30 requested subhalos
Reading SOAP StellarMass & HalfMassRadiusStars for requested rows (applying Mu/Lu conversions)...
Summing PartType4/Masses via mapping NPZ (particle-level current stellar mass -> Msun)...
Analysing subhalo 8074141
Analysing subhalo 4518081
Analysing subhalo 14516
Analysing subhalo 450952
Analysing subhalo 16689
Analysing subhalo 6691755
Analysing subhalo 456418
Analysing subhalo 453436
Analysing subhalo 210319
Analysing subhalo 275028
Analysing subhalo 95714
Analysing subhalo 280889
Analysing subhalo 124269
Analysing subhalo 4201
Analysing subhalo 96800
Analysing subhalo 25643
Analysing subhalo 505821
Analysing subhalo 22910
Analysing subhalo 227734
Analysing subhalo 491529
Analysing subhalo 2368177
Analysing subhalo 2370827
Analysing subhalo 1936157
Analysing subhalo 237677
Analysing subhalo 1961508
Analysing subhalo 15226003
Analysing subhalo 2009639
Analysing subhalo 2014949
Analysing subhalo 5092304
Analysing subhalo 9133
halos:   0%|                                                                 | 0/30 [00:00<?, ?it/s]Flushed 30 rows to outfiles/relic_chunk_020.csv
halos: 100%|███████████████████████████████████████████████████████| 30/30 [00:00<00:00, 576.05it/s]
Done. Wrote 30 rows to outfiles/relic_chunk_020.csv
