Starting pure-swift relicness script
Loaded SOAP mapping for 91142867 halos
Batch mode: processing 100 halos (slice 200:300)
Building SWIFTGalaxy for subhalo 229295 (soap_index=6227282)
Read masses: Nstars=21544, sum_current=2.891359e+10 Msun
DEBUG: sample z (first valid): [2.583944   1.97188464 3.70872252 2.93798822 1.57934509 2.59219469
 1.4348343  2.14592934 5.1593985  2.51474847]
DEBUG: Planck15 ages (Gyr): [2.52817735 3.32945933 1.68549813 2.19897125 4.08970922 2.51959977
 4.4428484  3.06327093 1.12820511 2.60204585]
DEBUG: cosmo_colibre ages (Gyr): [2.52989411 3.33069247 1.68745744 2.20081548 4.09024685 2.52132038
 4.44298019 3.06469235 1.1301602  2.60372836]
DEBUG: us.look_back_time -> ages (Gyr): [2.52989412 3.33069247 1.68745744 2.20081548 4.09024685 2.52132038
 4.44298019 3.06469235 1.13016021 2.60372836]
[1/100] subhalo 229295 done; total_formed=4.859e+00
Building SWIFTGalaxy for subhalo 229539 (soap_index=6227291)
Read masses: Nstars=20013, sum_current=2.594093e+10 Msun
DEBUG: sample z (first valid): [1.85286436 4.79246951 1.90547969 5.70445013 5.00806747 5.75907591
 4.07166073 3.74485954 7.82342646 9.5337941 ]
DEBUG: Planck15 ages (Gyr): [3.53398483 1.23685924 3.44111513 0.99361276 1.17102065 0.98160088
 1.50870354 1.66638989 0.65805863 0.5042731 ]
DEBUG: cosmo_colibre ages (Gyr): [3.53505415 1.23882738 3.44226093 0.99554183 1.17298168 0.98352704
 1.51067744 1.66835142 0.65986167 0.50597599]
DEBUG: us.look_back_time -> ages (Gyr): [3.53505416 1.23882738 3.44226093 0.99554184 1.17298168 0.98352704
 1.51067744 1.66835142 0.65986167 0.50597599]
[2/100] subhalo 229539 done; total_formed=4.380e+00
Building SWIFTGalaxy for subhalo 230102 (soap_index=6227301)
Read masses: Nstars=35547, sum_current=4.728347e+10 Msun
DEBUG: sample z (first valid): [2.52685394 2.75952272 4.65599379 3.85308057 2.36530759 1.47026008
 3.48600178 2.70511081 2.14110429 3.62172073]
DEBUG: Planck15 ages (Gyr): [2.58886862 2.35546464 1.28177986 1.61125948 2.77424357 4.35185463
 1.81172158 2.40685925 3.07017625 1.73302061]
DEBUG: cosmo_colibre ages (Gyr): [2.59055739 2.35725342 1.2837515  1.61322657 2.77583815 4.35209616
 1.81366236 2.40862778 3.07159314 1.73497372]
DEBUG: us.look_back_time -> ages (Gyr): [2.59055739 2.35725342 1.2837515  1.61322657 2.77583815 4.35209616
 1.81366236 2.40862778 3.07159314 1.73497372]
[3/100] subhalo 230102 done; total_formed=7.958e+00
Building SWIFTGalaxy for subhalo 1970315 (soap_index=6227715)
Read masses: Nstars=6030, sum_current=8.514147e+09 Msun
DEBUG: sample z (first valid): [3.57685593 3.48938211 1.73659596 2.37327568 2.11660643 2.48558664
 1.68304266 4.63314423 2.51625711 4.0350338 ]
DEBUG: Planck15 ages (Gyr): [1.75840063 1.80969001 3.7542812  2.76459475 3.10563227 2.63424619
 3.86335077 1.28956548 2.60039764 1.52512216]
DEBUG: cosmo_colibre ages (Gyr): [1.76035004 1.81163113 3.75515509 2.76619456 3.10702559 2.63591311
 3.86412049 1.29153761 2.60208094 1.52709529]
DEBUG: us.look_back_time -> ages (Gyr): [1.76035004 1.81163114 3.75515509 2.76619456 3.1070256  2.63591312
 3.8641205  1.29153762 2.60208094 1.52709529]
[4/100] subhalo 1970315 done; total_formed=1.428e+00
Building SWIFTGalaxy for subhalo 1973555 (soap_index=6227797)
Read masses: Nstars=9509, sum_current=1.239091e+10 Msun
DEBUG: sample z (first valid): [3.15758422 2.87099823 2.70176231 2.26082197 2.47781787 2.63160811
 3.16286604 8.82106998 3.00219847 3.81528288]
DEBUG: Planck15 ages (Gyr): [2.02872125 2.25564824 2.4100823  2.90606138 2.642935   2.47927765
 2.02489645 0.56025624 2.14681743 1.63016681]
DEBUG: cosmo_colibre ages (Gyr): [2.03061514 2.25747346 2.41184952 2.90758099 2.64459765 2.48101595
 2.02679133 0.56199977 2.14867806 1.63213214]
DEBUG: us.look_back_time -> ages (Gyr): [2.03061515 2.25747346 2.41184953 2.90758099 2.64459765 2.48101595
 2.02679134 0.56199977 2.14867806 1.63213214]
[5/100] subhalo 1973555 done; total_formed=2.087e+00
Building SWIFTGalaxy for subhalo 1978231 (soap_index=6227888)
Read masses: Nstars=4890, sum_current=7.197834e+09 Msun
DEBUG: sample z (first valid): [1.76990702 1.73979933 3.28143986 1.65736761 1.75291943 1.61662541
 1.32677697 1.59939711 1.667535   1.75964292]
DEBUG: Planck15 ages (Gyr): [3.68893341 3.74791566 1.94206978 3.91747494 3.72202602 4.00591764
 4.74013188 4.04429202 3.89589565 3.70887096]
DEBUG: cosmo_colibre ages (Gyr): [3.68986735 3.74879547 1.94398464 3.91819113 3.72292977 4.0065437
 4.73987967 4.04487796 3.89663333 3.70978676]
DEBUG: us.look_back_time -> ages (Gyr): [3.68986736 3.74879548 1.94398464 3.91819113 3.72292977 4.00654371
 4.73987967 4.04487796 3.89663333 3.70978677]
[6/100] subhalo 1978231 done; total_formed=1.205e+00
Building SWIFTGalaxy for subhalo 1979751 (soap_index=6227929)
Read masses: Nstars=11279, sum_current=1.648160e+10 Msun
DEBUG: sample z (first valid): [0.57887636 0.56964936 1.01872844 1.41402682 0.9893152  0.98185557
 0.76551724 0.82449889 0.78106316 1.19213273]
DEBUG: Planck15 ages (Gyr): [8.05519634 8.11662725 5.78732061 4.49772805 5.90615815 5.93690625
 6.94994301 6.64859439 6.86850151 5.15748343]
DEBUG: cosmo_colibre ages (Gyr): [8.0478477  8.10909697 5.78539489 4.4977919  5.90401006 5.93469952
 6.94554953 6.6449034  6.86430225 5.15662504]
DEBUG: us.look_back_time -> ages (Gyr): [8.0478477  8.10909698 5.78539489 4.4977919  5.90401007 5.93469952
 6.94554953 6.6449034  6.86430225 5.15662504]
[7/100] subhalo 1979751 done; total_formed=2.724e+00
Building SWIFTGalaxy for subhalo 100052 (soap_index=6271192)
Read masses: Nstars=44102, sum_current=5.973124e+10 Msun
DEBUG: sample z (first valid): [2.26960686 4.67509525 1.5315204  3.02505835 1.35385389 2.13060094
 1.5142331  1.04979357 4.62444216 1.64920365]
DEBUG: Planck15 ages (Gyr): [2.89458647 1.27533101 4.20141633 2.12874074 4.66270799 3.08529639
 4.24301073 5.66583955 1.29255122 3.93494253]
DEBUG: cosmo_colibre ages (Gyr): [2.89611287 1.27730221 4.2018314  2.13060681 4.66255957 3.08670329
 4.2433788  5.66413422 1.29452354 3.93564118]
DEBUG: us.look_back_time -> ages (Gyr): [2.89611288 1.27730221 4.20183141 2.13060682 4.66255957 3.08670329
 4.2433788  5.66413422 1.29452355 3.93564118]
[8/100] subhalo 100052 done; total_formed=1.001e+01
Building SWIFTGalaxy for subhalo 5863661 (soap_index=6352329)
Read masses: Nstars=23241, sum_current=3.129072e+10 Msun
DEBUG: sample z (first valid): [6.40603458 0.1051602  0.73559322 3.66116643 0.79099257 0.66065275
 0.70755602 1.08886339 0.80024173 0.79925324]
DEBUG: Planck15 ages (Gyr): [ 0.85587025 12.38953322  7.11094887  1.71120309  6.81725068  7.54018216
  7.26705616  5.5186685   6.77003969  6.77506118]
DEBUG: cosmo_colibre ages (Gyr): [ 0.85775961 12.36518905  7.10616193  1.71315916  6.81317198  7.53428447
  7.26187565  5.5172208   6.76607092  6.77108077]
DEBUG: us.look_back_time -> ages (Gyr): [ 0.85775961 12.36518905  7.10616193  1.71315916  6.81317198  7.53428447
  7.26187565  5.5172208   6.76607092  6.77108077]
[9/100] subhalo 5863661 done; total_formed=5.169e+00
Building SWIFTGalaxy for subhalo 2261 (soap_index=6361330)
Read masses: Nstars=225479, sum_current=2.822175e+11 Msun
DEBUG: sample z (first valid): [2.23570653 1.71303196 1.46357417 0.82775547 1.44738218 2.13389441
 1.58137703 0.33561588 2.03688601 1.220656  ]
DEBUG: Planck15 ages (Gyr): [2.93928193 3.80164997 4.36879725 6.63254686 4.41027131 3.08054217
 4.08506952 9.94191884 3.2257738  5.06430509]
DEBUG: cosmo_colibre ages (Gyr): [2.94078158 3.80247923 4.36901863 6.62889205 4.4104428  3.08195222
 4.08561213 9.92817923 3.2270836  5.06358893]
DEBUG: us.look_back_time -> ages (Gyr): [2.94078159 3.80247923 4.36901863 6.62889205 4.41044281 3.08195222
 4.08561213 9.92817923 3.2270836  5.06358893]
[10/100] subhalo 2261 done; total_formed=4.740e+01
Building SWIFTGalaxy for subhalo 1987280 (soap_index=6367308)
Read masses: Nstars=33835, sum_current=4.486763e+10 Msun
DEBUG: sample z (first valid): [0.99246017 0.91625731 0.85297444 0.2257968  0.86903947 0.19321244
 0.89191686 1.54232291 0.79708237 0.53956023]
DEBUG: Planck15 ages (Gyr): [ 5.89326957  6.21843975  6.51028052 11.01228702  6.43420702 11.36185209
  6.32823513  4.17575735  6.78610927  8.32192783]
DEBUG: cosmo_colibre ages (Gyr): [ 5.89114592  6.21567509  6.50689717 10.99420991  6.43098892 11.34225457
  6.32524255  4.17620105  6.7821032   8.31377735]
DEBUG: us.look_back_time -> ages (Gyr): [ 5.89114592  6.2156751   6.50689717 10.99420991  6.43098892 11.34225457
  6.32524255  4.17620105  6.7821032   8.31377735]
[11/100] subhalo 1987280 done; total_formed=7.439e+00
Building SWIFTGalaxy for subhalo 2003949 (soap_index=6376226)
Read masses: Nstars=74491, sum_current=1.017894e+11 Msun
DEBUG: sample z (first valid): [5.03240059 7.         0.19321244 0.43029245 2.02594884 0.34372181
 1.48978041 2.3012291  1.22805467 0.04250445]
DEBUG: Planck15 ages (Gyr): [ 1.16395577  0.76232083 11.36185209  9.13668747  3.24284832  9.86898371
  4.30298874  2.85388975  5.04057237 13.20269239]
DEBUG: cosmo_colibre ages (Gyr): [ 1.1659159   0.76417426 11.34225457  9.12587807  3.24414579  9.85552157
  4.30328772  2.85543983  5.0398918  13.17431903]
DEBUG: us.look_back_time -> ages (Gyr): [ 1.1659159   0.76417426 11.34225457  9.12587807  3.2441458   9.85552157
  4.30328772  2.85543984  5.0398918  13.17431903]
[12/100] subhalo 2003949 done; total_formed=1.694e+01
Building SWIFTGalaxy for subhalo 503336 (soap_index=6411754)
Read masses: Nstars=67543, sum_current=9.166229e+10 Msun
DEBUG: sample z (first valid): [0.59532619 0.53336453 0.62507439 0.57659738 1.18206033 0.62346413
 0.53336453 0.4559673  0.48137432 0.61323356]
DEBUG: Planck15 ages (Gyr): [7.94740399 8.36516947 7.75793047 8.07030383 5.19103963 7.76801064
 8.36516947 8.93489755 8.74165699 7.83251985]
DEBUG: cosmo_colibre ages (Gyr): [7.94036966 8.35688578 7.75143501 8.06291069 5.19012905 7.76148695
 8.35688578 8.92477579 8.73217587 7.82581434]
DEBUG: us.look_back_time -> ages (Gyr): [7.94036966 8.35688579 7.75143501 8.06291069 5.19012905 7.76148695
 8.35688579 8.92477579 8.73217588 7.82581434]
[13/100] subhalo 503336 done; total_formed=1.519e+01
Building SWIFTGalaxy for subhalo 2007778 (soap_index=6422196)
Read masses: Nstars=40003, sum_current=5.423996e+10 Msun
DEBUG: sample z (first valid): [0.79295251 0.58085681 6.85520796 1.5932257  6.05370789 3.85919775
 1.05107661 1.16333267 4.31344252 0.32481604]
DEBUG: Planck15 ages (Gyr): [ 6.80720412  8.04210241  0.7835051   4.05818294  0.92077763  1.60823367
  5.66090867  5.25435933  1.40729731 10.04032145]
DEBUG: cosmo_colibre ages (Gyr): [ 6.80314891  8.03479225  0.78536738  4.05875419  0.9226875   1.61020102
  5.65921213  5.25334884  1.40927327 10.02620375]
DEBUG: us.look_back_time -> ages (Gyr): [ 6.80314891  8.03479225  0.78536738  4.0587542   0.9226875   1.61020103
  5.65921213  5.25334884  1.40927327 10.02620375]
[14/100] subhalo 2007778 done; total_formed=9.073e+00
Building SWIFTGalaxy for subhalo 502753 (soap_index=6452128)
Read masses: Nstars=71707, sum_current=9.989148e+10 Msun
DEBUG: sample z (first valid): [0.73210699 3.15178967 2.45836412 0.40082079 0.41156199 0.41156199
 0.24583682 1.37759396 3.3061962  3.35021573]
DEBUG: Planck15 ages (Gyr): [ 7.13007844  2.03293108  2.66490044  9.37673653  9.28818203  9.28818203
 10.80492098  4.59647739  1.92548217  1.89655994]
DEBUG: cosmo_colibre ages (Gyr): [ 7.1252439   2.03482388  2.66655217  9.36508451  9.27684395  9.27684395
 10.78772217  4.59641563  1.9274007   1.89848461]
DEBUG: us.look_back_time -> ages (Gyr): [ 7.12524391  2.03482388  2.66655217  9.36508451  9.27684395  9.27684395
 10.78772217  4.59641563  1.92740071  1.89848462]
[15/100] subhalo 502753 done; total_formed=1.655e+01
Building SWIFTGalaxy for subhalo 24539 (soap_index=6488750)
Read masses: Nstars=166716, sum_current=2.285966e+11 Msun
DEBUG: sample z (first valid): [0.75680892 1.25643851 6.33146884 1.9592703  2.63725164 1.03755752
 3.60839603 1.9667723  1.096347   2.31123686]
DEBUG: Planck15 ages (Gyr): [6.99621527 4.95114778 0.86896013 3.35021125 2.47359092 5.71320576
 1.74049478 3.33784434 5.49116702 2.84120518]
DEBUG: cosmo_colibre ages (Gyr): [6.99171001 4.95059898 0.8708539  3.35142853 2.47533167 5.71141533
 1.74244682 3.3390711  5.48976634 2.84276251]
DEBUG: us.look_back_time -> ages (Gyr): [6.99171001 4.95059899 0.8708539  3.35142853 2.47533168 5.71141533
 1.74244683 3.3390711  5.48976634 2.84276252]
[16/100] subhalo 24539 done; total_formed=3.795e+01
Building SWIFTGalaxy for subhalo 102880 (soap_index=6506432)
Read masses: Nstars=683191, sum_current=8.671912e+11 Msun
DEBUG: sample z (first valid): [4.29755072 0.49189583 0.39378988 0.36442372 8.0363323  1.50137405
 0.74576452 5.23202739 8.44935477 1.34526195]
DEBUG: Planck15 ages (Gyr): [1.4136116  8.66345013 9.43537736 9.68622597 0.63491298 4.27438259
 7.05558512 1.10857096 0.5936909  4.68705532]
DEBUG: cosmo_colibre ages (Gyr): [1.41558756 8.65422329 9.42351548 9.67344865 0.63670311 4.27471472
 7.0509349  1.11052296 0.59545629 4.68687454]
DEBUG: us.look_back_time -> ages (Gyr): [1.41558757 8.6542233  9.42351548 9.67344865 0.63670312 4.27471472
 7.0509349  1.11052297 0.5954563  4.68687455]
[17/100] subhalo 102880 done; total_formed=1.453e+02
Building SWIFTGalaxy for subhalo 9407 (soap_index=6609104)
Read masses: Nstars=112637, sum_current=1.392704e+11 Msun
DEBUG: sample z (first valid): [9.0631094  0.19932655 0.20790327 2.37327568 1.45729284 4.12801252
 3.66116643 1.11994566 4.0763749  0.60990469]
DEBUG: Planck15 ages (Gyr): [ 0.5401319  11.29505985 11.20230881  2.76459475  4.38481148  1.48400851
  1.71120309  5.40584767  1.50661162  7.85368519]
DEBUG: cosmo_colibre ages (Gyr): [ 0.54186143 11.27575665 11.18341135  2.76619456  4.38501368  1.48598335
  1.71315916  5.40459058  1.50858561  7.84691958]
DEBUG: us.look_back_time -> ages (Gyr): [ 0.54186144 11.27575665 11.18341135  2.76619456  4.38501368  1.48598335
  1.71315916  5.40459058  1.50858561  7.84691958]
[18/100] subhalo 9407 done; total_formed=2.317e+01
Building SWIFTGalaxy for subhalo 77343 (soap_index=6639115)
Read masses: Nstars=289045, sum_current=3.631897e+11 Msun
DEBUG: sample z (first valid): [3.372273   6.8712467  5.98231408 0.06444906 0.5568225  0.54434914
 0.30737312 0.20231893 3.5212832  1.05313283]
DEBUG: Planck15 ages (Gyr): [ 1.88233666  0.78111057  0.93493024 12.9095614   8.20320417  8.28873408
 10.2022744  11.26257498  1.79070162  5.65302049]
DEBUG: cosmo_colibre ages (Gyr): [ 1.88426424  0.78297187  0.93684414 12.88266692  8.19541481  8.28068525
 10.18752515 11.24341428  1.79264593  5.651338  ]
DEBUG: us.look_back_time -> ages (Gyr): [ 1.88426424  0.78297187  0.93684415 12.88266692  8.19541482  8.28068525
 10.18752515 11.24341428  1.79264594  5.651338  ]
[19/100] subhalo 77343 done; total_formed=6.072e+01
Building SWIFTGalaxy for subhalo 828569 (soap_index=6639126)
Read masses: Nstars=59450, sum_current=7.631908e+10 Msun
DEBUG: sample z (first valid): [0.30093695 1.03553236 1.0169888  3.50295451 0.86712251 1.11134021
 1.32100864 0.77739206 0.55815502 0.06548742]
DEBUG: Planck15 ages (Gyr): [10.26299303  5.72110531  5.79424436  1.80157082  6.44321179  5.43671581
  4.75689167  6.88760049  8.19414561 12.89591896]
DEBUG: cosmo_colibre ages (Gyr): [10.24800405  5.71930058  5.79230587  1.80351332  6.43997427  5.43540717
  4.75661664  6.88335597  8.18638354 12.8690926 ]
DEBUG: us.look_back_time -> ages (Gyr): [10.24800405  5.71930058  5.79230588  1.80351333  6.43997427  5.43540717
  4.75661664  6.88335597  8.18638354 12.8690926 ]
[20/100] subhalo 828569 done; total_formed=1.278e+01
Building SWIFTGalaxy for subhalo 444 (soap_index=6689791)
Read masses: Nstars=648573, sum_current=8.162731e+11 Msun
DEBUG: sample z (first valid): [1.21840092 1.27366084 1.12613548 1.20883047 4.29755072 1.88653982
 5.29548511 0.51018527 1.22638946 7.03235691]
DEBUG: Planck15 ages (Gyr): [5.0715741  4.89811363 5.38381553 5.10260878 1.4136116  3.47408289
 1.09187604 8.52996687 5.04589843 0.75771668]
DEBUG: cosmo_colibre ages (Gyr): [5.07084698 4.89764127 5.38259497 5.10183464 1.41558756 3.47520194
 1.09382523 8.52116734 5.04520989 0.75956813]
DEBUG: us.look_back_time -> ages (Gyr): [5.07084699 4.89764127 5.38259497 5.10183464 1.41558757 3.47520194
 1.09382524 8.52116734 5.04520989 0.75956814]
[21/100] subhalo 444 done; total_formed=1.349e+02
Building SWIFTGalaxy for subhalo 8085 (soap_index=6689794)
Read masses: Nstars=12439, sum_current=1.609056e+10 Msun
DEBUG: sample z (first valid): [3.81457537 2.23602607 1.94861873 3.33095427 6.34626163 2.56057807
 2.968031   2.75091575 3.53850416 4.09413136]
DEBUG: Planck15 ages (Gyr): [1.63052422 2.93885536 3.36789893 1.90912635 0.86633694 2.55273146
 2.17431218 2.36347335 1.78058782 1.49877515]
DEBUG: cosmo_colibre ages (Gyr): [1.63248952 2.94035528 3.36910256 1.91104839 0.86822983 2.55443707
 2.17616429 2.36525904 1.78253378 1.50074946]
DEBUG: us.look_back_time -> ages (Gyr): [1.63248952 2.94035528 3.36910257 1.91104839 0.86822984 2.55443707
 2.17616429 2.36525904 1.78253378 1.50074947]
[22/100] subhalo 8085 done; total_formed=2.711e+00
Building SWIFTGalaxy for subhalo 76680 (soap_index=6689801)
Read masses: Nstars=30963, sum_current=4.179359e+10 Msun
DEBUG: sample z (first valid): [2.11690288 3.27250799 2.38197956 1.27840356 1.68062827 0.40937634
 1.64151552 1.3417423  1.74853213 2.2754898 ]
DEBUG: Planck15 ages (Gyr): [3.10519922 1.94811252 2.75411772 4.88366795 3.86838868 9.30610109
 3.95150758 4.6970879  3.73065103 2.88694358]
DEBUG: cosmo_colibre ages (Gyr): [3.10659283 1.950026   2.75572316 4.88321619 3.86915348 9.29469977
 3.95218948 4.69689373 3.73154683 2.88847447]
DEBUG: us.look_back_time -> ages (Gyr): [3.10659283 1.95002601 2.75572317 4.88321619 3.86915348 9.29469977
 3.95218948 4.69689373 3.73154684 2.88847448]
[23/100] subhalo 76680 done; total_formed=7.005e+00
Building SWIFTGalaxy for subhalo 76775 (soap_index=6707287)
Read masses: Nstars=40408, sum_current=5.480159e+10 Msun
DEBUG: sample z (first valid): [7.0570445  2.05074015 0.64630225 4.60711841 0.65294592 7.
 0.52013361 0.89017074 0.74613663 0.52949963]
DEBUG: Planck15 ages (Gyr): [0.75423482 3.20435525 7.62687941 1.29852939 7.58655477 0.76232083
 8.45864709 6.33622742 7.05357223 8.39231465]
DEBUG: cosmo_colibre ages (Gyr): [0.75608476 3.20568036 7.62074648 1.30050206 7.58053171 0.76417426
 8.45007239 6.33321801 7.04892695 8.38394689]
DEBUG: us.look_back_time -> ages (Gyr): [0.75608476 3.20568036 7.62074648 1.30050207 7.58053171 0.76417426
 8.4500724  6.33321802 7.04892695 8.38394689]
[24/100] subhalo 76775 done; total_formed=9.144e+00
Building SWIFTGalaxy for subhalo 850446 (soap_index=6752149)
Read masses: Nstars=22760, sum_current=3.196708e+10 Msun
DEBUG: sample z (first valid): [0.94054246 3.6492622  3.71787488 1.11052428 3.93271112 3.94760682
 8.92142911 7.26431274 3.4872304  2.79698725]
DEBUG: Planck15 ages (Gyr): [6.1118262  1.71773924 1.68062443 5.43965703 1.57259474 1.56553266
 0.55176302 0.72602129 1.81098274 2.3211195 ]
DEBUG: cosmo_colibre ages (Gyr): [6.1092773  1.71969444 1.68258432 5.43834345 1.57456494 1.56750336
 0.55350072 0.72785852 1.81292365 2.32292124]
DEBUG: us.look_back_time -> ages (Gyr): [6.10927731 1.71969444 1.68258432 5.43834345 1.57456494 1.56750336
 0.55350073 0.72785852 1.81292365 2.32292124]
[25/100] subhalo 850446 done; total_formed=5.300e+00
Building SWIFTGalaxy for subhalo 1181 (soap_index=6919135)
Read masses: Nstars=132763, sum_current=1.736734e+11 Msun
DEBUG: sample z (first valid): [0.50865562 2.59258853 0.41302285 4.42786152 3.92381668 0.2954851
 0.33626947 2.07709644 1.72136866 2.78165032]
DEBUG: Planck15 ages (Gyr): [ 8.54101272  2.51919153  9.27623346  1.36318322  1.57683682 10.31483715
  9.93600885  3.16424411  3.78478115  2.33507905]
DEBUG: cosmo_colibre ages (Gyr): [ 8.53217815  2.52091232  9.26493745  1.36515854  1.57880671 10.2996422
  9.92229182  3.1655974   3.78562641  2.33687558]
DEBUG: us.look_back_time -> ages (Gyr): [ 8.53217815  2.52091232  9.26493745  1.36515855  1.57880671 10.29964221
  9.92229182  3.1655974   3.78562641  2.33687558]
[26/100] subhalo 1181 done; total_formed=2.911e+01
Building SWIFTGalaxy for subhalo 1764990 (soap_index=6942024)
Read masses: Nstars=54840, sum_current=7.526311e+10 Msun
DEBUG: sample z (first valid): [7.61522282 0.03775019 7.16393647 0.19932655 0.2908919  2.62357625
 5.02020944 1.03857161 1.20096722 0.21705542]
DEBUG: Planck15 ages (Gyr): [ 0.68208226 13.26742922  0.73946144 11.29505985 10.35881137  2.48740817
  1.16748648  5.70925654  5.128334   11.10453417]
DEBUG: cosmo_colibre ages (Gyr): [ 0.68389799 13.23872537  0.74130483 11.27575665 10.34344082  2.48914296
  1.16944706  5.70747325  5.12752053 11.08606065]
DEBUG: us.look_back_time -> ages (Gyr): [ 0.683898   13.23872537  0.74130484 11.27575665 10.34344082  2.48914296
  1.16944706  5.70747325  5.12752054 11.08606065]
[27/100] subhalo 1764990 done; total_formed=1.248e+01
Building SWIFTGalaxy for subhalo 201650 (soap_index=6955335)
Read masses: Nstars=21002, sum_current=2.868124e+10 Msun
DEBUG: sample z (first valid): [2.57924631 1.71280735 2.45326167 3.90355406 2.64129348 4.19838185
 2.56911012 1.97053758 2.19625439 1.78402719]
DEBUG: Planck15 ages (Gyr): [2.53308264 3.80210613 2.67071135 1.5865719  2.46953133 1.45409852
 2.54372026 3.33166538 2.99273738 3.66178859]
DEBUG: cosmo_colibre ages (Gyr): [2.53479719 3.80293496 2.67236015 1.58854105 2.47127381 1.45607412
 2.54542999 3.33289684 2.99420404 3.66274696]
DEBUG: us.look_back_time -> ages (Gyr): [2.5347972  3.80293496 2.67236016 1.58854106 2.47127382 1.45607412
 2.54543    3.33289684 2.99420404 3.66274696]
[28/100] subhalo 201650 done; total_formed=4.828e+00
Building SWIFTGalaxy for subhalo 435755 (soap_index=6955342)
Read masses: Nstars=7662, sum_current=1.024850e+10 Msun
DEBUG: sample z (first valid): [5.55294471 2.79742728 3.00146538 4.12520529 3.11813498 3.72569945
 2.58551264 2.69050569 2.63563741 7.31253171]
DEBUG: Planck15 ages (Gyr): [1.02823825 2.32072102 2.14740132 1.48522283 2.05766963 1.67647626
 2.52654287 2.42096947 2.47521531 0.71970858]
DEBUG: cosmo_colibre ages (Gyr): [1.03017513 2.32252291 2.14926177 1.48719763 2.05955587 1.67843664
 2.52826037 2.42273227 2.47695536 0.72154285]
DEBUG: us.look_back_time -> ages (Gyr): [1.03017514 2.32252291 2.14926178 1.48719763 2.05955587 1.67843664
 2.52826037 2.42273227 2.47695537 0.72154285]
[29/100] subhalo 435755 done; total_formed=1.729e+00
Building SWIFTGalaxy for subhalo 905385 (soap_index=6955412)
Read masses: Nstars=36858, sum_current=4.904458e+10 Msun
DEBUG: sample z (first valid): [2.42797364 3.04668107 2.18506998 1.52061538 2.06960187 1.29467787
 2.22012579 3.41319865 2.11334917 1.92937601]
DEBUG: Planck15 ages (Gyr): [2.6998202  2.11187237 3.00818172 4.22757755 3.17556614 4.83461194
 2.96020472 1.85640913 3.11039696 3.40024128]
DEBUG: cosmo_colibre ages (Gyr): [2.70145417 2.11374341 3.00963864 4.22796315 3.17691154 4.83422942
 2.9616916  1.85834179 3.11178708 3.40141963]
DEBUG: us.look_back_time -> ages (Gyr): [2.70145418 2.11374341 3.00963864 4.22796315 3.17691154 4.83422943
 2.9616916  1.85834179 3.11178708 3.40141963]
[30/100] subhalo 905385 done; total_formed=8.248e+00
Building SWIFTGalaxy for subhalo 1782159 (soap_index=6955480)
Read masses: Nstars=37316, sum_current=5.157092e+10 Msun
DEBUG: sample z (first valid): [1.75153245 2.49711846 0.6121224  0.85717524 1.61829804 2.3566892
 0.88451806 8.39180281 3.50636045 3.49492455]
DEBUG: Planck15 ages (Gyr): [3.72474918 2.62143494 7.83957507 6.49025397 4.00222336 2.78474221
 6.36220878 0.59916423 1.7995428  1.80636714]
DEBUG: cosmo_colibre ages (Gyr): [3.72565042 2.62310811 7.83284955 6.4869144  4.00285326 2.78633107
 6.35914449 0.60093304 1.80148565 1.80830884]
DEBUG: us.look_back_time -> ages (Gyr): [3.72565043 2.62310811 7.83284955 6.4869144  4.00285326 2.78633107
 6.35914449 0.60093304 1.80148565 1.80830884]
[31/100] subhalo 1782159 done; total_formed=8.600e+00
Building SWIFTGalaxy for subhalo 86802 (soap_index=6970250)
Read masses: Nstars=16930, sum_current=2.258343e+10 Msun
DEBUG: sample z (first valid): [3.99436062 3.73765633 3.90392098 5.1565054  3.98410526 3.12643244
 4.79246951 9.20730473 7.74746396 2.47929497]
DEBUG: Planck15 ages (Gyr): [1.54370443 1.67017003 1.58639473 1.12899916 1.54844906 2.0515244
 1.23685924 0.52870694 0.6666583  2.64127935]
DEBUG: cosmo_colibre ages (Gyr): [1.54567653 1.67213114 1.5883639  1.13095437 1.55042087 2.05341229
 1.23882738 0.53042823 0.66846596 2.64294282]
DEBUG: us.look_back_time -> ages (Gyr): [1.54567653 1.67213114 1.5883639  1.13095437 1.55042088 2.0534123
 1.23882738 0.53042824 0.66846596 2.64294282]
[32/100] subhalo 86802 done; total_formed=3.784e+00
Building SWIFTGalaxy for subhalo 427431 (soap_index=6975822)
Read masses: Nstars=16107, sum_current=2.166396e+10 Msun
DEBUG: sample z (first valid): [1.58402334 6.20888791 2.92619219 4.68740779 0.80759047 6.20888791
 3.58614416 0.68265379 0.37276917 3.40370918]
DEBUG: Planck15 ages (Gyr): [4.0790397  0.89121503 2.20877983 1.27120265 6.73288805 0.89121503
 1.75309598 7.41014978 9.61395179 1.86236816]
DEBUG: cosmo_colibre ages (Gyr): [4.07958876 0.89311598 2.21062086 1.27317356 6.72900501 0.89311598
 1.75504619 7.40459806 9.60144115 1.86429967]
DEBUG: us.look_back_time -> ages (Gyr): [4.07958876 0.89311598 2.21062086 1.27317357 6.72900501 0.89311598
 1.75504619 7.40459806 9.60144115 1.86429968]
[33/100] subhalo 427431 done; total_formed=3.604e+00
Building SWIFTGalaxy for subhalo 907157 (soap_index=7004111)
Read masses: Nstars=471010, sum_current=6.052067e+11 Msun
DEBUG: sample z (first valid): [2.32063235 1.98787271 2.72236737 3.94387447 4.86346963 0.20020511
 1.7254429  1.01798251 1.68832554 0.50782257]
DEBUG: Planck15 ages (Gyr): [ 2.82938058  3.30345696  2.39036117  1.56729723  1.2145126  11.28550838
  3.77658126  5.7902878   3.85236438  8.5470373 ]
DEBUG: cosmo_colibre ages (Gyr): [ 2.83094462  3.30470972  2.39213631  1.56926781  1.21647859 11.26624712
  3.77743425  5.78835661  3.85314482  8.53818359]
DEBUG: us.look_back_time -> ages (Gyr): [ 2.83094462  3.30470973  2.39213631  1.56926781  1.2164786  11.26624712
  3.77743426  5.78835661  3.85314483  8.53818359]
[34/100] subhalo 907157 done; total_formed=1.009e+02
Building SWIFTGalaxy for subhalo 1770938 (soap_index=7020379)
Read masses: Nstars=36591, sum_current=5.305769e+10 Msun
DEBUG: sample z (first valid): [1.77365837 1.37759396 2.35737705 3.65190233 1.55720306 0.44671082
 0.84131265 0.57040161 2.79698725 1.55142879]
DEBUG: Planck15 ages (Gyr): [3.68168996 4.59647739 2.78390191 1.71628608 4.14082443 9.00687993
 6.56638107 8.11159257 2.3211195  4.15432404]
DEBUG: cosmo_colibre ages (Gyr): [3.68263045 4.59641563 2.78549122 1.71824148 4.14130664 8.99651506
 6.56287407 8.10407725 2.32292124 4.15479143]
DEBUG: us.look_back_time -> ages (Gyr): [3.68263045 4.59641563 2.78549123 1.71824148 4.14130665 8.99651506
 6.56287407 8.10407725 2.32292124 4.15479143]
[35/100] subhalo 1770938 done; total_formed=8.736e+00
Building SWIFTGalaxy for subhalo 1222 (soap_index=7033253)
Read masses: Nstars=812563, sum_current=9.931543e+11 Msun
DEBUG: sample z (first valid): [4.65306651 4.99597438 1.32035123 2.1950078  1.16119245 1.13277792
 1.14253956 1.38729419 1.26220228 0.51018527]
DEBUG: Planck15 ages (Gyr): [1.28277292 1.17455828 4.7588078  2.99445233 5.26167354 5.36032998
 5.32610911 4.56984825 4.93329741 8.52996687]
DEBUG: cosmo_colibre ages (Gyr): [1.28474463 1.17651975 4.75853015 2.99591792 5.26065138 5.35914811
 5.32498315 4.56982078 4.93277449 8.52116734]
DEBUG: us.look_back_time -> ages (Gyr): [1.28474463 1.17651976 4.75853015 2.99591792 5.26065138 5.35914811
 5.32498315 4.56982079 4.93277449 8.52116734]
[36/100] subhalo 1222 done; total_formed=1.662e+02
Building SWIFTGalaxy for subhalo 8041161 (soap_index=7033561)
Read masses: Nstars=15718, sum_current=2.273194e+10 Msun
DEBUG: sample z (first valid): [1.50118312 1.04391218 1.71865925 1.92702099 1.39304754 1.50596513
 1.98896288 1.17496349 0.94653677 1.23321747]
DEBUG: Planck15 ages (Gyr): [4.27485121 5.68852918 3.79025013 3.40423424 4.55417073 4.26313911
 3.30169602 5.21489142 6.08594982 5.02411628]
DEBUG: cosmo_colibre ages (Gyr): [4.2751828  5.68678321 3.79109022 3.40540943 4.55416331 4.26348416
 3.30295011 5.21394341 6.08345247 5.02346023]
DEBUG: us.look_back_time -> ages (Gyr): [4.2751828  5.68678321 3.79109022 3.40540944 4.55416331 4.26348417
 3.30295011 5.21394342 6.08345247 5.02346023]
[37/100] subhalo 8041161 done; total_formed=3.794e+00
Building SWIFTGalaxy for subhalo 86650 (soap_index=7047509)
Read masses: Nstars=334660, sum_current=4.169693e+11 Msun
DEBUG: sample z (first valid): [0.8910434  0.1797235  0.82206406 1.00735114 3.11658291 2.16110361
 0.78806068 1.53759777 1.34090584 0.93458496]
DEBUG: Planck15 ages (Gyr): [ 6.33223116 11.51122001  6.66063185  5.83283901  2.05882248  3.04171916
  6.83232215  4.1869497   4.69947723  6.13771443]
DEBUG: cosmo_colibre ages (Gyr): [ 6.32923017 11.49095787  6.65691365  5.83082891  2.06070841  3.04315461
  6.82820813  4.18738095  4.69927985  6.13511365]
DEBUG: us.look_back_time -> ages (Gyr): [ 6.32923017 11.49095787  6.65691365  5.83082891  2.06070841  3.04315462
  6.82820813  4.18738095  4.69927986  6.13511365]
[38/100] subhalo 86650 done; total_formed=6.953e+01
Building SWIFTGalaxy for subhalo 201467 (soap_index=7047510)
Read masses: Nstars=58345, sum_current=8.142432e+10 Msun
DEBUG: sample z (first valid): [1.19404084 4.63024055 0.26244414 3.81139417 3.1300731  2.32063235
 0.83020554 2.57534097 1.24854182 0.92345621]
DEBUG: Planck15 ages (Gyr): [ 5.15116534  1.29056048 10.63731091  1.63213288  2.04883763  2.82938058
  6.62051306  2.5371725   4.9757714   6.18653522]
DEBUG: cosmo_colibre ages (Gyr): [ 5.15031673  1.29253268 10.62080891  1.63409802  2.05072624  2.83094462
  6.61688528  2.5388852   4.97518668  6.18383571]
DEBUG: us.look_back_time -> ages (Gyr): [ 5.15031673  1.29253268 10.62080891  1.63409802  2.05072624  2.83094462
  6.61688529  2.5388852   4.97518669  6.18383571]
[39/100] subhalo 201467 done; total_formed=1.354e+01
Building SWIFTGalaxy for subhalo 221677 (soap_index=7483583)
Read masses: Nstars=60668, sum_current=8.275955e+10 Msun
DEBUG: sample z (first valid): [0.52721849 0.85444256 0.85402286 4.30827798 0.2465003  0.23952186
 0.90733411 0.90733411 0.11025276 4.49475979]
DEBUG: Planck15 ages (Gyr): [ 8.40839822  6.50327065  6.50527341  1.4093442  10.79815192 10.86965481
  6.25834363  6.25834363 12.32657413  1.33844214]
DEBUG: cosmo_colibre ages (Gyr): [ 8.39998047  6.49990265  6.50190102  1.41132016 10.78098148 10.85218373
  6.2554968   6.2554968  12.30253217  1.3404167 ]
DEBUG: us.look_back_time -> ages (Gyr): [ 8.39998047  6.49990265  6.50190103  1.41132016 10.78098148 10.85218373
  6.25549681  6.25549681 12.30253217  1.3404167 ]
[40/100] subhalo 221677 done; total_formed=1.371e+01
Building SWIFTGalaxy for subhalo 215760 (soap_index=7545161)
Read masses: Nstars=29046, sum_current=3.700989e+10 Msun
DEBUG: sample z (first valid): [5.54313099 1.23932208 3.74726548 7.58925295 1.69385071 3.13059372
 3.84948942 1.91141715 3.36353952 2.39213251]
DEBUG: Planck15 ages (Gyr): [1.03055007 5.00476835 1.66513044 0.68518101 3.84092817 2.0484539
 1.61304021 3.43088487 1.88794715 2.74197854]
DEBUG: cosmo_colibre ages (Gyr): [1.03248745 5.00414098 1.66709211 0.68699833 3.84171972 2.05034261
 1.61500714 3.43203887 1.88987359 2.74359046]
DEBUG: us.look_back_time -> ages (Gyr): [1.03248745 5.00414098 1.66709212 0.68699833 3.84171972 2.05034261
 1.61500714 3.43203887 1.88987359 2.74359046]
[41/100] subhalo 215760 done; total_formed=6.229e+00
Building SWIFTGalaxy for subhalo 20589 (soap_index=7584985)
Read masses: Nstars=130794, sum_current=1.716934e+11 Msun
DEBUG: sample z (first valid): [5.28281085 6.48897269 1.19904704 2.28698967 5.06927209 1.73248833
 2.20156326 5.25701738 0.89541879 1.7359105 ]
DEBUG: Planck15 ages (Gyr): [1.09517697 0.84169126 5.13464733 2.87209856 1.1533845  3.76246933
 2.98545182 1.10194613 6.3122534  3.75564559]
DEBUG: cosmo_colibre ages (Gyr): [1.09712674 0.84357568 5.13382417 2.87363812 1.15534322 3.76333558
 2.98692305 1.10389704 6.30929436 3.75651821]
DEBUG: us.look_back_time -> ages (Gyr): [1.09712674 0.84357568 5.13382417 2.87363813 1.15534322 3.76333558
 2.98692305 1.10389705 6.30929436 3.75651821]
[42/100] subhalo 20589 done; total_formed=2.855e+01
Building SWIFTGalaxy for subhalo 225662 (soap_index=7626179)
Read masses: Nstars=14976, sum_current=2.269195e+10 Msun
DEBUG: sample z (first valid): [0.51213659 0.69589069 0.7387244  0.44276154 0.47457475 0.53379517
 0.50671326 0.60879811 0.67200735 2.65306577]
DEBUG: Planck15 ages (Gyr): [8.51590706 7.33355705 7.0938346  9.0378532  8.79275933 8.36215302
 8.55506959 7.86074008 7.47264283 2.45776957]
DEBUG: cosmo_colibre ages (Gyr): [8.50715204 7.32820527 7.08909008 9.02738297 8.78311051 8.35387866
 8.54619035 7.85395439 7.46692588 2.45951706]
DEBUG: us.look_back_time -> ages (Gyr): [8.50715204 7.32820527 7.08909009 9.02738297 8.78311051 8.35387866
 8.54619035 7.85395439 7.46692588 2.45951706]
[43/100] subhalo 225662 done; total_formed=3.629e+00
Building SWIFTGalaxy for subhalo 1944409 (soap_index=7626186)
Read masses: Nstars=28479, sum_current=3.799952e+10 Msun
DEBUG: sample z (first valid): [8.60445519 6.28663553 0.18176572 0.13880587 0.15161313 0.6263649
 0.18716035 0.02412802 0.17221149 0.1187436 ]
DEBUG: Planck15 ages (Gyr): [ 0.57934699  0.87699155 11.48842622 11.98182822 11.83162912  7.74986623
 11.42852446 13.45540142 11.59562124 12.22260457]
DEBUG: cosmo_colibre ages (Gyr): [ 0.58110321  0.87888796 11.46826607 11.95941516 11.8099118   7.74339332
 11.40863137 13.42573011 11.57497965 12.19905849]
DEBUG: us.look_back_time -> ages (Gyr): [ 0.58110321  0.87888796 11.46826607 11.95941516 11.8099118   7.74339332
 11.40863137 13.42573011 11.57497965 12.1990585 ]
[44/100] subhalo 1944409 done; total_formed=6.320e+00
Building SWIFTGalaxy for subhalo 995297 (soap_index=7650127)
Read masses: Nstars=39375, sum_current=5.376085e+10 Msun
DEBUG: sample z (first valid): [7.5544968  2.69050569 2.66983985 3.84447073 4.49475979 8.24083474
 1.67210307 2.26374502 0.56320962 1.02722098]
DEBUG: Planck15 ages (Gyr): [0.68936492 2.42096947 2.44116908 1.61553428 1.33844214 0.61392744
 3.88626295 2.902235   8.15992048 5.75370627]
DEBUG: cosmo_colibre ages (Gyr): [0.69118437 2.42273227 2.44292353 1.61750098 1.3404167  0.61570527
 3.88701017 2.90375688 8.1522611  5.75184224]
DEBUG: us.look_back_time -> ages (Gyr): [0.69118437 2.42273227 2.44292354 1.61750098 1.3404167  0.61570527
 3.88701017 2.90375689 8.1522611  5.75184224]
[45/100] subhalo 995297 done; total_formed=8.981e+00
Building SWIFTGalaxy for subhalo 225155 (soap_index=7743097)
Read masses: Nstars=13765, sum_current=1.842750e+10 Msun
DEBUG: sample z (first valid): [4.41709373 5.81459915 5.623143   8.78149254 5.20018921 5.20664836
 4.40592263 5.21901689 0.41521983 4.95944348]
DEBUG: Planck15 ages (Gyr): [1.36723638 0.96963686 1.01194975 0.56366554 1.11710754 1.11536688
 1.37146253 1.11204625 9.25830681 1.18535326]
DEBUG: cosmo_colibre ages (Gyr): [1.3692118  0.97156003 1.01388306 0.56541138 1.11906092 1.11731998
 1.37343804 1.11399882 9.24707382 1.18731604]
DEBUG: us.look_back_time -> ages (Gyr): [1.3692118  0.97156003 1.01388306 0.56541139 1.11906092 1.11731998
 1.37343804 1.11399883 9.24707382 1.18731605]
[46/100] subhalo 225155 done; total_formed=3.088e+00
Building SWIFTGalaxy for subhalo 237421 (soap_index=7760653)
Read masses: Nstars=38250, sum_current=4.924974e+10 Msun
DEBUG: sample z (first valid): [5.39875024 1.37037037 0.63057325 1.13277792 0.7626681  3.74726548
 0.62314246 1.07090944 4.02499617 2.00293255]
DEBUG: Planck15 ages (Gyr): [1.06558571 4.61646961 7.72365692 5.36032998 6.96503016 1.66513044
 7.77002666 5.5855409  1.52967345 3.27926582]
DEBUG: cosmo_colibre ages (Gyr): [1.06753013 4.6163819  7.71725708 5.35914811 6.96060035 1.66709211
 7.76349732 5.5839774  1.53164634 3.2805366 ]
DEBUG: us.look_back_time -> ages (Gyr): [1.06753013 4.6163819  7.71725708 5.35914811 6.96060035 1.66709212
 7.76349732 5.5839774  1.53164635 3.28053661]
[47/100] subhalo 237421 done; total_formed=8.270e+00
Building SWIFTGalaxy for subhalo 508202 (soap_index=7774364)
Read masses: Nstars=18935, sum_current=2.617929e+10 Msun
DEBUG: sample z (first valid): [2.50684932 4.06852282 2.00183217 3.70162852 3.2456595  2.37119342
 2.20877399 2.64291273 2.47855626 2.55247181]
DEBUG: Planck15 ages (Gyr): [2.61070392 1.51009867 3.2810236  1.68929186 1.96646487 2.76711091
 2.9756027  2.46790803 2.64210714 2.5613417 ]
DEBUG: cosmo_colibre ages (Gyr): [2.61238228 1.51207251 3.28229308 1.6912507  1.96837412 2.76870936
 2.97708006 2.46965121 2.6437702  2.56304334]
DEBUG: us.look_back_time -> ages (Gyr): [2.61238228 1.51207251 3.28229308 1.6912507  1.96837412 2.76870936
 2.97708006 2.46965122 2.6437702  2.56304334]
[48/100] subhalo 508202 done; total_formed=4.402e+00
Building SWIFTGalaxy for subhalo 1005371 (soap_index=7774386)
Read masses: Nstars=16716, sum_current=2.328409e+10 Msun
DEBUG: sample z (first valid): [0.46783731 0.38882767 0.36192851 6.48127854 5.14380801 0.59284464
 0.6017206  0.54187841 0.56008379 4.0350338 ]
DEBUG: Planck15 ages (Gyr): [8.84383443 9.47708979 9.70798992 0.84299017 1.13249512 7.96352508
 7.90609005 8.30583476 8.18106026 1.52512216]
DEBUG: cosmo_colibre ages (Gyr): [8.83401676 9.46507766 9.69513184 0.84487504 1.13445086 7.9564441
 7.8991747  8.29773364 8.17333752 1.52709529]
DEBUG: us.look_back_time -> ages (Gyr): [8.83401676 9.46507767 9.69513184 0.84487505 1.13445086 7.9564441
 7.8991747  8.29773364 8.17333752 1.52709529]
[49/100] subhalo 1005371 done; total_formed=3.813e+00
Building SWIFTGalaxy for subhalo 1976295 (soap_index=7774468)
Read masses: Nstars=66151, sum_current=8.723683e+10 Msun
DEBUG: sample z (first valid): [4.27707545 1.83068417 1.56180127 1.50692372 1.86133426 2.44563617
 2.04280806 2.54670419 5.10659709 1.79328276]
DEBUG: Planck15 ages (Gyr): [1.42181657 3.5743627  4.13012487 4.26079753 3.5187612  2.67943451
 3.21658976 2.56749702 1.14284459 3.64417108]
DEBUG: cosmo_colibre ages (Gyr): [1.42379253 3.57539769 4.13061877 4.26114527 3.5198433  2.6810789
 3.21790615 2.56919581 1.14480183 3.64514514]
DEBUG: us.look_back_time -> ages (Gyr): [1.42379253 3.57539769 4.13061878 4.26114527 3.5198433  2.68107891
 3.21790615 2.56919581 1.14480183 3.64514514]
[50/100] subhalo 1976295 done; total_formed=1.464e+01
Building SWIFTGalaxy for subhalo 2029805 (soap_index=7774521)
Read masses: Nstars=19225, sum_current=2.704677e+10 Msun
DEBUG: sample z (first valid): [1.16119245 4.51464153 1.92154066 3.32295515 4.28132807 1.04022165
 3.70027971 2.42367569 1.11830112 4.22115997]
DEBUG: Planck15 ages (Gyr): [5.26167354 1.33123253 3.41355585 1.91438558 1.42010595 5.70283984
 1.69001477 2.70481935 5.41172524 1.44463037]
DEBUG: cosmo_colibre ages (Gyr): [5.26065138 1.33320681 3.41472367 1.91630651 1.42208191 5.70106812
 1.69197353 2.70645074 5.41045837 1.44660613]
DEBUG: us.look_back_time -> ages (Gyr): [5.26065138 1.33320681 3.41472367 1.91630651 1.42208191 5.70106812
 1.69197353 2.70645074 5.41045837 1.44660613]
[51/100] subhalo 2029805 done; total_formed=4.535e+00
Building SWIFTGalaxy for subhalo 234999 (soap_index=7803495)
Read masses: Nstars=57198, sum_current=7.665599e+10 Msun
DEBUG: sample z (first valid): [0.29292929 0.04356688 0.05635074 0.25538273 5.03240059 0.74799957
 4.98392988 0.3741508  1.72680369 2.44781145]
DEBUG: Planck15 ages (Gyr): [10.33927233 13.18828643 13.0166617  10.70811685  1.16395577  7.04350812
  1.17809937  9.60206277  3.77384892  2.67694135]
DEBUG: cosmo_colibre ages (Gyr): [10.32397991 13.15998643 12.98923027 10.69132193  1.1659159   7.03888753
  1.18006128  9.58959577  3.77470449  2.678587  ]
DEBUG: us.look_back_time -> ages (Gyr): [10.32397991 13.15998643 12.98923027 10.69132193  1.1659159   7.03888753
  1.18006128  9.58959577  3.77470449  2.67858701]
[52/100] subhalo 234999 done; total_formed=1.283e+01
Building SWIFTGalaxy for subhalo 24620 (soap_index=7865876)
Read masses: Nstars=98529, sum_current=1.330202e+11 Msun
DEBUG: sample z (first valid): [1.83460208 1.17988292 2.11334917 5.92549931 6.25678219 2.44781145
 0.73119189 0.4449246  4.50583886 0.72155091]
DEBUG: Planck15 ages (Gyr): [3.56717596 5.19833927 3.11039696 0.94645306 0.88240814 2.67694135
 7.13511285 9.02086931 1.33441663 7.18848526]
DEBUG: cosmo_colibre ages (Gyr): [3.56821711 5.19741726 3.11178708 0.94837014 0.8843063  2.678587
 7.13026576 9.01045691 1.33639103 7.18350432]
DEBUG: us.look_back_time -> ages (Gyr): [3.56821712 5.19741727 3.11178708 0.94837015 0.8843063  2.67858701
 7.13026576 9.01045691 1.33639104 7.18350432]
[53/100] subhalo 24620 done; total_formed=2.200e+01
Building SWIFTGalaxy for subhalo 103422 (soap_index=7878247)
Read masses: Nstars=27561, sum_current=3.709186e+10 Msun
DEBUG: sample z (first valid): [1.15891422 3.28620013 7.08986545 1.1755411  6.27208167 1.37759396
 4.93515667 5.17506831 1.67341111 0.58728929]
DEBUG: Planck15 ages (Gyr): [5.26947718 1.93886194 0.74964686 5.21294365 0.87962528 4.59647739
 1.19262156 1.1239204  3.88351179 7.99979434]
DEBUG: cosmo_colibre ages (Gyr): [5.26844255 1.94077751 0.75149478 5.21199872 0.88152254 4.59641563
 1.19458519 1.12587484 3.88426172 7.99260795]
DEBUG: us.look_back_time -> ages (Gyr): [5.26844256 1.94077751 0.75149479 5.21199872 0.88152255 4.59641563
 1.1945852  1.12587484 3.88426172 7.99260795]
[54/100] subhalo 103422 done; total_formed=6.218e+00
Building SWIFTGalaxy for subhalo 2496 (soap_index=7911684)
Read masses: Nstars=477086, sum_current=6.018207e+11 Msun
DEBUG: sample z (first valid): [2.68798885e-01 1.91130498e-01 2.07075251e+00 6.05802215e-01
 1.95766766e+00 7.18120805e-01 4.88519785e-04 8.05506045e+00
 1.89688413e-02 3.46046982e-02]
DEBUG: Planck15 ages (Gyr): [10.57416736 11.38472475  3.17382358  7.87988848  3.35286285  7.20762197
 13.79056688  0.63294185 13.52756807 13.31050519]
DEBUG: cosmo_colibre ages (Gyr): [10.55792479 11.36502602  3.1751702   7.87304817  3.35407809  7.2025927
 13.75914226  0.63473085 13.49752227 13.28158066]
DEBUG: us.look_back_time -> ages (Gyr): [10.55792479 11.36502603  3.1751702   7.87304817  3.3540781   7.2025927
 13.75914226  0.63473085 13.49752227 13.28158066]
[55/100] subhalo 2496 done; total_formed=9.896e+01
Building SWIFTGalaxy for subhalo 1016831 (soap_index=8028121)
Read masses: Nstars=65567, sum_current=8.967585e+10 Msun
DEBUG: sample z (first valid): [0.39130435 1.28412101 2.33075828 5.84163274 2.08928066 1.25194145
 0.74316417 1.37604235 0.30342084 1.38973162]
DEBUG: Planck15 ages (Gyr): [ 9.45623693  4.86634355  2.81672678  0.96389913  3.14597767  4.96514675
  7.06967605  4.60075997 10.23949804  4.56319584]
DEBUG: cosmo_colibre ages (Gyr): [ 9.44430001  4.86591637  2.81829793  0.96582083  3.14734358  4.96457757
  7.06499118  4.60069267 10.22460202  4.5631769 ]
DEBUG: us.look_back_time -> ages (Gyr): [ 9.44430001  4.86591637  2.81829793  0.96582083  3.14734358  4.96457757
  7.06499118  4.60069267 10.22460202  4.5631769 ]
[56/100] subhalo 1016831 done; total_formed=1.495e+01
Building SWIFTGalaxy for subhalo 1985443 (soap_index=8028178)
Read masses: Nstars=76133, sum_current=1.017253e+11 Msun
DEBUG: sample z (first valid): [1.58137703 0.74967962 0.16836626 0.16778332 5.09410452 1.92937601
 6.57291426 4.06578032 6.45150654 3.21317904]
DEBUG: Planck15 ages (Gyr): [ 4.08506952  7.03445095 11.63916621 11.64578793  1.1463544   3.40024128
  0.82773384  1.51131974  0.84804771  1.98905183]
DEBUG: cosmo_colibre ages (Gyr): [ 4.08561213  7.02985253 11.61832777 11.62491949  1.14831214  3.40141963
  0.82961322  1.51329352  0.84993436  1.99095569]
DEBUG: us.look_back_time -> ages (Gyr): [ 4.08561213  7.02985253 11.61832777 11.62491949  1.14831215  3.40141963
  0.82961322  1.51329353  0.84993437  1.99095569]
[57/100] subhalo 1985443 done; total_formed=1.705e+01
Building SWIFTGalaxy for subhalo 77468 (soap_index=8101144)
Read masses: Nstars=59478, sum_current=7.582026e+10 Msun
DEBUG: sample z (first valid): [0.61069603 3.36790189 0.38530481 5.04185489 0.3410821  5.4503937
 3.53066021 8.90119353 0.4002222  4.926569  ]
DEBUG: Planck15 ages (Gyr): [7.84864591 1.88514126 9.50686784 1.16122988 9.8926491  1.05282954
 1.78518278 0.55345822 9.38170809 1.19520932]
DEBUG: cosmo_colibre ages (Gyr): [7.84189463 1.88706827 9.49474797 1.16318965 9.87909719 1.05477149
 1.787128   0.5551971  9.37003834 1.19717324]
DEBUG: us.look_back_time -> ages (Gyr): [7.84189463 1.88706827 9.49474797 1.16318965 9.87909719 1.05477149
 1.787128   0.5551971  9.37003834 1.19717324]
[58/100] subhalo 77468 done; total_formed=1.272e+01
Building SWIFTGalaxy for subhalo 77472 (soap_index=8101145)
Read masses: Nstars=214165, sum_current=2.843571e+11 Msun
DEBUG: sample z (first valid): [0.41229204 2.66409482 3.23031242 0.02310478 0.19809872 0.24394503
 0.27076708 0.08899967 0.03880294 0.067153  ]
DEBUG: Planck15 ages (Gyr): [ 9.282208    2.44683381  1.97708414 13.46967145 11.30842783 10.82425508
 10.55472036 12.59236112 13.25305599 12.87407794]
DEBUG: cosmo_colibre ages (Gyr): [ 9.27089096  2.44858591  1.97899088 13.43992622 11.28906587 10.80697513
 10.53855734 12.56703363 13.22442564 12.8473605 ]
DEBUG: us.look_back_time -> ages (Gyr): [ 9.27089096  2.44858591  1.97899088 13.43992622 11.28906587 10.80697514
 10.53855734 12.56703363 13.22442564 12.8473605 ]
[59/100] subhalo 77472 done; total_formed=4.746e+01
Building SWIFTGalaxy for subhalo 4377300 (soap_index=8118222)
Read masses: Nstars=65038, sum_current=8.641642e+10 Msun
DEBUG: sample z (first valid): [6.83923445 3.09114177 0.21524996 4.14249843 0.2490661  1.31920164
 0.21335999 0.17701149 0.18296029 4.95348837]
DEBUG: Planck15 ages (Gyr): [ 0.78590204  2.07787302 11.1237251   1.47776847 10.77203248  4.76216138
 11.14386541 11.54158938 11.47512322  1.18712863]
DEBUG: cosmo_colibre ages (Gyr): [ 0.78776529  2.07975373 11.10516868  1.4797435  10.75497132  4.76187914
 11.12522182 11.52119102 11.4550225   1.18909162]
DEBUG: us.look_back_time -> ages (Gyr): [ 0.78776529  2.07975373 11.10516868  1.47974351 10.75497132  4.76187914
 11.12522182 11.52119102 11.45502251  1.18909162]
[60/100] subhalo 4377300 done; total_formed=1.443e+01
Building SWIFTGalaxy for subhalo 186964 (soap_index=8126913)
Read masses: Nstars=38915, sum_current=5.502304e+10 Msun
DEBUG: sample z (first valid): [0.22515516 0.34858836 0.50408519 0.50298138 0.41229204 0.33019404
 0.13188256 0.42234569 3.68985258 0.27660901]
DEBUG: Planck15 ages (Gyr): [11.01902064  9.82557067  8.57414408  8.5821745   9.282208    9.99114318
 12.06415183  9.20051278  1.69562069 10.49730223]
DEBUG: cosmo_colibre ages (Gyr): [11.00091472  9.81227256  8.56520406  8.57320885  9.27089096  9.97721498
 12.04135381  9.18948193  1.69757875 10.48137318]
DEBUG: us.look_back_time -> ages (Gyr): [11.00091472  9.81227256  8.56520406  8.57320885  9.27089096  9.97721498
 12.04135381  9.18948194  1.69757876 10.48137318]
[61/100] subhalo 186964 done; total_formed=9.052e+00
Building SWIFTGalaxy for subhalo 407238 (soap_index=8153776)
Read masses: Nstars=11570, sum_current=1.530342e+10 Msun
DEBUG: sample z (first valid): [3.59418156 4.47502089 3.42810811 8.28337701 4.51417753 8.7219997
 8.90119353 3.59418156 1.74048674 8.35426777]
DEBUG: Planck15 ages (Gyr): [1.74852704 1.34566425 1.84711003 0.60970652 1.33140006 0.56885572
 0.55345822 1.74852704 3.74655195 0.60277925]
DEBUG: cosmo_colibre ages (Gyr): [1.75047792 1.34763906 1.84904444 0.6114818  1.33337434 0.57060504
 0.5551971  1.75047792 3.74743304 0.6045503 ]
DEBUG: us.look_back_time -> ages (Gyr): [1.75047792 1.34763907 1.84904445 0.6114818  1.33337434 0.57060504
 0.5551971  1.75047792 3.74743304 0.6045503 ]
[62/100] subhalo 407238 done; total_formed=2.577e+00
Building SWIFTGalaxy for subhalo 4377158 (soap_index=8154009)
Read masses: Nstars=16869, sum_current=2.374543e+10 Msun
DEBUG: sample z (first valid): [1.60146078 1.82166538 1.56722031 4.11880028 1.59425224 2.89538754
 2.88246445 1.72680369 1.7254429  1.82190837]
DEBUG: Planck15 ages (Gyr): [4.03966415 3.59099593 4.11757247 1.48799959 4.05586703 2.23473753
 2.24577741 3.77384892 3.77658126 3.59054612]
DEBUG: cosmo_colibre ages (Gyr): [4.04025495 3.59201658 4.11808003 1.4899743  4.05644074 2.23656991
 2.24760603 3.77470449 3.77743425 3.59156716]
DEBUG: us.look_back_time -> ages (Gyr): [4.04025496 3.59201658 4.11808003 1.4899743  4.05644074 2.23656991
 2.24760603 3.77470449 3.77743426 3.59156717]
[63/100] subhalo 4377158 done; total_formed=3.986e+00
Building SWIFTGalaxy for subhalo 79117 (soap_index=8165649)
Read masses: Nstars=66358, sum_current=9.015119e+10 Msun
DEBUG: sample z (first valid): [0.88148829 4.15950244 0.80759047 0.68092746 0.84089888 1.47623366
 0.77565839 1.10483042 1.00673648 1.34291434]
DEBUG: Planck15 ages (Gyr): [6.37620277 1.47049903 6.73288805 7.4202288  6.56838536 4.33680635
 6.89664837 5.46025228 5.83531414 4.69374324]
DEBUG: cosmo_colibre ages (Gyr): [6.37310878 1.47247426 6.72900501 7.41465056 6.56487391 4.33706568
 6.89238236 5.45890402 5.83329942 4.69355354]
DEBUG: us.look_back_time -> ages (Gyr): [6.37310878 1.47247427 6.72900501 7.41465057 6.56487391 4.33706568
 6.89238236 5.45890403 5.83329942 4.69355354]
[64/100] subhalo 79117 done; total_formed=1.502e+01
Building SWIFTGalaxy for subhalo 186088 (soap_index=8165653)
Read masses: Nstars=26110, sum_current=3.752047e+10 Msun
DEBUG: sample z (first valid): [0.72681282 1.77014118 0.79138421 3.58325757 2.34674701 0.76020627
 1.00219968 3.60483418 0.71740042 0.9361853 ]
DEBUG: Planck15 ages (Gyr): [7.15927979 3.6884806  6.8152413  1.75474172 2.79693468 6.97810698
 5.85363419 1.74250176 7.21165095 6.13074337]
DEBUG: cosmo_colibre ages (Gyr): [7.15437227 3.68941494 6.8111673  1.75669167 2.79851683 6.97364559
 5.85158522 1.74445351 7.20661148 6.12815659]
DEBUG: us.look_back_time -> ages (Gyr): [7.15437227 3.68941495 6.8111673  1.75669168 2.79851683 6.97364559
 5.85158522 1.74445352 7.20661148 6.12815659]
[65/100] subhalo 186088 done; total_formed=6.210e+00
Building SWIFTGalaxy for subhalo 193690 (soap_index=8165657)
Read masses: Nstars=29879, sum_current=3.992337e+10 Msun
DEBUG: sample z (first valid): [4.54496996 4.780718   1.11365542 3.32381078 2.1981261  1.74346952
 3.03646218 0.50823898 0.56724699 3.18760383]
DEBUG: Planck15 ages (Gyr): [1.3203581  1.24062376 5.42838367 1.91382188 2.99016545 3.74064397
 2.11981675 8.54402505 8.13273743 2.00714025]
DEBUG: cosmo_colibre ages (Gyr): [1.3223319  1.24259223 5.42708899 1.91574293 2.99163372 3.74153054
 2.12168546 8.53518091 8.12515922 2.00903964]
DEBUG: us.look_back_time -> ages (Gyr): [1.32233191 1.24259224 5.42708899 1.91574293 2.99163372 3.74153054
 2.12168547 8.53518091 8.12515922 2.00903964]
[66/100] subhalo 193690 done; total_formed=6.642e+00
Building SWIFTGalaxy for subhalo 1690948 (soap_index=8178337)
Read masses: Nstars=25546, sum_current=3.495968e+10 Msun
DEBUG: sample z (first valid): [ 5.82808919  2.37849263 10.20656635  1.89521117  2.14955786  3.39779895
  2.59258853  1.41171708  5.25701738  1.26564337]
DEBUG: Planck15 ages (Gyr): [0.9667666  2.75830718 0.45946244 3.45892553 3.05809472 1.86609557
 2.51919153 4.50388704 1.10194613 4.92268924]
DEBUG: cosmo_colibre ages (Gyr): [0.96868904 2.75991037 0.46112861 3.46005693 3.05951953 1.86802636
 2.52091232 4.50394317 1.10389704 4.92218162]
DEBUG: us.look_back_time -> ages (Gyr): [0.96868904 2.75991038 0.46112862 3.46005693 3.05951953 1.86802636
 2.52091232 4.50394317 1.10389705 4.92218162]
[67/100] subhalo 1690948 done; total_formed=5.843e+00
Building SWIFTGalaxy for subhalo 3182413 (soap_index=8232969)
Read masses: Nstars=51772, sum_current=7.638507e+10 Msun
DEBUG: sample z (first valid): [0.91044776 3.4755856  5.58322451 1.9667723  1.68304266 1.08037585
 4.99871854 0.73119189 0.59610326 4.38416037]
DEBUG: Planck15 ages (Gyr): [6.24437438 1.81800549 1.02115923 3.33784434 3.86335077 5.55012336
 1.17375397 7.13511285 7.94236598 1.37975791]
DEBUG: cosmo_colibre ages (Gyr): [6.24155641 1.81994517 1.02309458 3.3390711  3.86412049 5.54862145
 1.17571534 7.13026576 7.9353462  1.38173358]
DEBUG: us.look_back_time -> ages (Gyr): [6.24155641 1.81994517 1.02309458 3.3390711  3.8641205  5.54862145
 1.17571535 7.13026576 7.9353462  1.38173358]
[68/100] subhalo 3182413 done; total_formed=1.260e+01
Building SWIFTGalaxy for subhalo 3165191 (soap_index=8243668)
Read masses: Nstars=22850, sum_current=3.113636e+10 Msun
DEBUG: sample z (first valid): [4.48877722 6.65071212 0.6263649  0.70595585 0.74799957 4.780718
 1.16992252 3.36790189 0.11395159 1.86884959]
DEBUG: Planck15 ages (Gyr): [ 1.34062425  0.815138    7.74986623  7.27612359  7.04350812  1.24062376
  5.23193946  1.88514126 12.28112902  3.50534245]
DEBUG: cosmo_colibre ages (Gyr): [ 1.34259889  0.81701269  7.74339332  7.27091984  7.03888753  1.24259223
  5.23096455  1.88706827 12.25730429  3.50643572]
DEBUG: us.look_back_time -> ages (Gyr): [ 1.34259889  0.8170127   7.74339332  7.27091985  7.03888753  1.24259224
  5.23096456  1.88706827 12.25730429  3.50643573]
[69/100] subhalo 3165191 done; total_formed=5.182e+00
Building SWIFTGalaxy for subhalo 10445942 (soap_index=8273227)
Read masses: Nstars=91260, sum_current=1.235370e+11 Msun
DEBUG: sample z (first valid): [3.05594752 0.90888967 5.18147519 4.01461474 6.72830189 0.24963771
 8.09211987 2.22265932 1.77436288 0.34515599]
DEBUG: Planck15 ages (Gyr): [ 2.10471084  6.25135862  1.12217629  1.53440436  0.80288998 10.76622595
  0.62907121  2.95678595  3.6803322   9.85616068]
DEBUG: cosmo_colibre ages (Gyr): [ 2.10658395  6.24852623  1.12413046  1.53637699  0.80475998 10.74918905
  0.63085797  2.95827493  3.68127391  9.84274708]
DEBUG: us.look_back_time -> ages (Gyr): [ 2.10658395  6.24852624  1.12413046  1.53637699  0.80475998 10.74918905
  0.63085797  2.95827493  3.68127392  9.84274708]
[70/100] subhalo 10445942 done; total_formed=2.059e+01
Building SWIFTGalaxy for subhalo 12930 (soap_index=8316094)
Read masses: Nstars=43055, sum_current=5.476976e+10 Msun
DEBUG: sample z (first valid): [3.50884073 1.85833915 2.25305272 1.73728176 0.88343488 1.58687929
 1.82531471 2.60048346 2.28238005 3.03845206]
DEBUG: Planck15 ages (Gyr): [1.79806832 3.52413234 2.9162719  3.75291693 6.36720632 4.07254832
 3.58425039 2.51103071 2.878034   2.11826592]
DEBUG: cosmo_colibre ages (Gyr): [1.80001142 3.52520994 2.91778542 3.7537921  6.36413143 4.0731043
 3.58527687 2.51275513 2.87957011 2.12013508]
DEBUG: us.look_back_time -> ages (Gyr): [1.80001142 3.52520995 2.91778543 3.7537921  6.36413143 4.0731043
 3.58527687 2.51275513 2.87957011 2.12013509]
[71/100] subhalo 12930 done; total_formed=9.238e+00
Building SWIFTGalaxy for subhalo 80741 (soap_index=8316097)
Read masses: Nstars=46752, sum_current=6.310248e+10 Msun
DEBUG: sample z (first valid): [0.15364033 0.12188442 0.08073879 0.15600085 0.05045842 0.02489678
 0.00818411 0.10011415 0.16454617 0.14054995]
DEBUG: Planck15 ages (Gyr): [11.80810043 12.18446003 12.69785552 11.78078694 13.09537441 13.44469408
 13.68018644 12.45236672 11.68265759 11.96121549]
DEBUG: cosmo_colibre ages (Gyr): [11.78649132 12.16109489 12.67201079 11.75930318 13.06754586 13.41507819
 13.64934318 12.42771951 11.6616218  11.93889841]
DEBUG: us.look_back_time -> ages (Gyr): [11.78649132 12.16109489 12.6720108  11.75930318 13.06754586 13.41507819
 13.64934318 12.42771951 11.6616218  11.93889841]
[72/100] subhalo 80741 done; total_formed=1.058e+01
Building SWIFTGalaxy for subhalo 84087 (soap_index=8316103)
Read masses: Nstars=101036, sum_current=1.378521e+11 Msun
DEBUG: sample z (first valid): [0.89257248 0.82836737 0.81339236 0.85949381 1.11242909 5.4771694
 0.80480282 1.07090944 0.29712612 1.942793  ]
DEBUG: Planck15 ages (Gyr): [ 6.32523827  6.62953826  6.70377851  6.47924153  5.43279456  1.04631532
  6.74694388  5.5855409  10.29919202  3.37763749]
DEBUG: cosmo_colibre ages (Gyr): [ 6.32225198  6.62589021  6.69996219  6.47592594  5.43149249  1.04825596
  6.74302849  5.5839774  10.28405935  3.37883355]
DEBUG: us.look_back_time -> ages (Gyr): [ 6.32225199  6.62589022  6.69996219  6.47592595  5.43149249  1.04825597
  6.74302849  5.5839774  10.28405935  3.37883355]
[73/100] subhalo 84087 done; total_formed=2.291e+01
Building SWIFTGalaxy for subhalo 427285 (soap_index=8316129)
Read masses: Nstars=37541, sum_current=5.246864e+10 Msun
DEBUG: sample z (first valid): [3.10780995 1.84000693 1.64642223 3.16551198 6.51215039 8.11044693
 1.00526284 1.00624503 1.0108002  3.49399986]
DEBUG: Planck15 ages (Gyr): [2.06535905 3.55730016 3.94092247 2.02298488 0.8377985  0.62717157
 5.84125498 5.83729433 5.81898076 1.80692082]
DEBUG: cosmo_colibre ages (Gyr): [2.0672432  3.55834973 3.94161509 2.02488026 0.83968153 0.62895723
 5.83922918 5.83527592 5.81699645 1.80886242]
DEBUG: us.look_back_time -> ages (Gyr): [2.06724321 3.55834974 3.94161509 2.02488026 0.83968154 0.62895723
 5.83922918 5.83527593 5.81699645 1.80886243]
[74/100] subhalo 427285 done; total_formed=8.780e+00
Building SWIFTGalaxy for subhalo 4393122 (soap_index=8316261)
Read masses: Nstars=22097, sum_current=2.900210e+10 Msun
DEBUG: sample z (first valid): [0.42271622 0.4165658  0.31672426 0.98762586 6.61957912 0.40442311
 0.4165658  0.33834341 0.38882767 0.34306091]
DEBUG: Planck15 ages (Gyr): [ 9.19752219  9.24734942 10.11498264  5.91309958  0.8201401   9.34689946
  9.24734942  9.9172896   9.47708979  9.87490102]
DEBUG: cosmo_colibre ages (Gyr): [ 9.18650176  9.23615488 10.10057523  5.91093829  0.82201667  9.33535362
  9.23615488  9.90364395  9.46507766  9.86141645]
DEBUG: us.look_back_time -> ages (Gyr): [ 9.18650176  9.23615488 10.10057523  5.9109383   0.82201668  9.33535362
  9.23615488  9.90364395  9.46507767  9.86141645]
[75/100] subhalo 4393122 done; total_formed=4.870e+00
Building SWIFTGalaxy for subhalo 4396760 (soap_index=8316277)
Read masses: Nstars=27266, sum_current=3.809745e+10 Msun
DEBUG: sample z (first valid): [0.95840306 0.95840306 9.08401293 3.63282907 0.96051215 0.5147929
 0.49489051 4.04550004 1.65585994 0.89915382]
DEBUG: Planck15 ages (Gyr): [6.03522764 6.03522764 0.53845035 1.72683018 6.02628163 8.4968233
 8.64138122 1.52040039 3.92069128 6.29527701]
DEBUG: cosmo_colibre ages (Gyr): [6.03283039 6.03283039 0.54017868 1.72878415 6.0239019  8.48812856
 8.63222562 1.52237375 3.92140425 6.29235345]
DEBUG: us.look_back_time -> ages (Gyr): [6.03283039 6.03283039 0.54017869 1.72878415 6.02390191 8.48812856
 8.63222562 1.52237375 3.92140425 6.29235346]
[76/100] subhalo 4396760 done; total_formed=6.234e+00
Building SWIFTGalaxy for subhalo 13630357 (soap_index=8366459)
Read masses: Nstars=39447, sum_current=5.738053e+10 Msun
DEBUG: sample z (first valid): [0.21651322 3.41260436 0.54464033 0.81923162 1.02772277 0.23104666
 0.24432293 0.98859085 0.24773437 5.63655696]
DEBUG: Planck15 ages (Gyr): [11.11029244  1.8567814   8.28672211  6.67467748  5.75172976 10.95741387
 10.82038898  5.90913293 10.78557792  1.00888599]
DEBUG: cosmo_colibre ages (Gyr): [11.09179406  1.85871398  8.27867943  6.67092744  5.74986933 10.93957091
 10.80312527  5.90697919 10.76846013  1.0108186 ]
DEBUG: us.look_back_time -> ages (Gyr): [11.09179407  1.85871398  8.27867943  6.67092744  5.74986933 10.93957091
 10.80312527  5.90697919 10.76846013  1.0108186 ]
[77/100] subhalo 13630357 done; total_formed=9.376e+00
Building SWIFTGalaxy for subhalo 12641 (soap_index=8375568)
Read masses: Nstars=2658699, sum_current=3.370104e+12 Msun
DEBUG: sample z (first valid): [0.7372495  2.71856559 4.05561984 1.56963614 2.10862347 0.94561216
 0.71022965 2.13539374 1.0350267  1.54330953]
DEBUG: Planck15 ages (Gyr): [7.10188818 2.39397982 1.5158579  4.1119964  3.11733095 6.08993002
 7.25194446 3.07838182 5.72308042 4.17342645]
DEBUG: cosmo_colibre ages (Gyr): [7.09712371 2.39575352 1.51783148 4.11251    3.11871639 6.08742477
 7.24680257 3.0797933  5.72127211 4.17387273]
DEBUG: us.look_back_time -> ages (Gyr): [7.09712371 2.39575352 1.51783148 4.11251    3.11871639 6.08742477
 7.24680257 3.0797933  5.72127212 4.17387273]
[78/100] subhalo 12641 done; total_formed=5.593e+02
Building SWIFTGalaxy for subhalo 13057 (soap_index=8375577)
Read masses: Nstars=30036, sum_current=4.015724e+10 Msun
DEBUG: sample z (first valid): [3.58967715 1.26376511 2.04591932 2.51550263 1.81657212 1.42420655
 1.87741482 1.47286997 1.5372048  1.56080025]
DEBUG: Planck15 ages (Gyr): [1.75108519 4.928475   3.21178186 2.60122171 3.60044501 4.47074386
 3.49015031 4.34526963 4.18788269 4.13245033]
DEBUG: cosmo_colibre ages (Gyr): [1.75303569 4.92795904 3.21310168 2.60290461 3.60145747 4.47084128
 3.49125616 4.34551897 4.1883129  4.1329417 ]
DEBUG: us.look_back_time -> ages (Gyr): [1.75303569 4.92795904 3.21310169 2.60290461 3.60145747 4.47084128
 3.49125617 4.34551897 4.1883129  4.1329417 ]
[79/100] subhalo 13057 done; total_formed=6.738e+00
Building SWIFTGalaxy for subhalo 84111 (soap_index=8375585)
Read masses: Nstars=9228, sum_current=1.199298e+10 Msun
DEBUG: sample z (first valid): [2.4829932  2.66409482 2.74534232 2.30622541 1.81439492 8.41609195
 2.66614455 2.46348166 4.72516817 2.56445121]
DEBUG: Planck15 ages (Gyr): [2.63714154 2.44683381 2.36868334 2.84754548 3.60449652 0.59684408
 2.44481025 2.65909317 1.25867901 2.54863431]
DEBUG: cosmo_colibre ages (Gyr): [2.63880705 2.44858591 2.370467   2.8490992  3.60550545 0.59861145
 2.44656319 2.66074781 1.26064898 2.5503418 ]
DEBUG: us.look_back_time -> ages (Gyr): [2.63880705 2.44858591 2.370467   2.8490992  3.60550546 0.59861145
 2.44656319 2.66074781 1.26064899 2.5503418 ]
[80/100] subhalo 84111 done; total_formed=2.018e+00
Building SWIFTGalaxy for subhalo 412834 (soap_index=8375643)
Read masses: Nstars=9373, sum_current=1.480659e+10 Msun
DEBUG: sample z (first valid): [2.44057119 1.53073834 3.89403331 1.41260492 2.24307205 1.27856199
 1.49699002 1.49756098 1.11242909 1.16090741]
DEBUG: Planck15 ages (Gyr): [2.68525448 4.2032838  1.59118054 4.50151799 2.92947522 4.88318657
 4.28516365 4.28375709 5.43279456 5.26264889]
DEBUG: cosmo_colibre ages (Gyr): [2.68689591 4.20369678 1.59314933 4.50157709 2.93098081 4.88273549
 4.28548333 4.28407839 5.43149249 5.26162518]
DEBUG: us.look_back_time -> ages (Gyr): [2.68689592 4.20369678 1.59314933 4.5015771  2.93098082 4.88273549
 4.28548333 4.2840784  5.43149249 5.26162518]
[81/100] subhalo 412834 done; total_formed=2.475e+00
Building SWIFTGalaxy for subhalo 1709973 (soap_index=8375952)
Read masses: Nstars=49218, sum_current=6.942033e+10 Msun
DEBUG: sample z (first valid): [4.66430424 1.34997131 6.36856308 1.36438415 0.59517087 0.66419502
 2.21696446 1.65930855 4.44454598 0.63709033]
DEBUG: Planck15 ages (Gyr): [1.27896753 4.67368507 0.86240703 4.63314301 7.94841158 7.51901257
 2.96447972 3.91334055 1.35694217 7.6833336 ]
DEBUG: cosmo_colibre ages (Gyr): [1.28093898 4.6735221  0.86429861 4.63303352 7.94137434 7.51317177
 2.96596397 3.91406088 1.35891733 7.67704552]
DEBUG: us.look_back_time -> ages (Gyr): [1.28093899 4.6735221  0.86429862 4.63303352 7.94137434 7.51317177
 2.96596397 3.91406088 1.35891733 7.67704552]
[82/100] subhalo 1709973 done; total_formed=1.151e+01
Building SWIFTGalaxy for subhalo 1710232 (soap_index=8375957)
Read masses: Nstars=31467, sum_current=4.472179e+10 Msun
DEBUG: sample z (first valid): [0.97254996 2.23538705 1.39689854 1.47492447 3.59418156 0.73137483
 3.22431352 2.1822861  3.54732168 4.49983216]
DEBUG: Planck15 ages (Gyr): [5.97561639 2.93970851 4.54372512 4.3400972  1.74852704 7.13410596
 1.98126081 3.01204622 1.77544587 1.33659663]
DEBUG: cosmo_colibre ages (Gyr): [5.97333521 2.94120791 4.543731   4.34035265 1.75047792 7.12926138
 1.98316655 3.01350069 1.77739264 1.33857112]
DEBUG: us.look_back_time -> ages (Gyr): [5.97333521 2.94120791 4.543731   4.34035266 1.75047792 7.12926138
 1.98316655 3.01350069 1.77739264 1.33857112]
[83/100] subhalo 1710232 done; total_formed=7.499e+00
Building SWIFTGalaxy for subhalo 427686 (soap_index=8413005)
Read masses: Nstars=32739, sum_current=4.399539e+10 Msun
DEBUG: sample z (first valid): [0.1591906  0.18836585 0.39378988 0.21524996 1.91141715 0.68092746
 5.22551534 1.855848   0.36023246 1.13722932]
DEBUG: Planck15 ages (Gyr): [11.74402089 11.41519963  9.43537736 11.1237251   3.43088487  7.4202288
  1.11030816  3.52860988  9.72282433  5.34468187]
DEBUG: cosmo_colibre ages (Gyr): [11.72270541 11.39536575  9.42351548 11.10516868  3.43203887  7.41465056
  1.11226045  3.52968373  9.70991107  5.34352564]
DEBUG: us.look_back_time -> ages (Gyr): [11.72270541 11.39536575  9.42351548 11.10516868  3.43203887  7.41465057
  1.11226045  3.52968373  9.70991107  5.34352564]
[84/100] subhalo 427686 done; total_formed=7.333e+00
Building SWIFTGalaxy for subhalo 1004 (soap_index=8429402)
Read masses: Nstars=198093, sum_current=2.491000e+11 Msun
DEBUG: sample z (first valid): [0.65813177 0.81078691 0.41338854 0.56874761 2.39564767 2.76211251
 0.32481604 0.30477025 0.5895993  5.69076059]
DEBUG: Planck15 ages (Gyr): [ 7.55530352  6.71682658  9.273246    8.12266871  2.73779615  2.35306361
 10.04032145 10.22676683  7.9846827   0.99666131]
DEBUG: cosmo_colibre ages (Gyr): [ 7.54936507  6.7129804   9.2619605   8.11512047  2.73941029  2.3548533
 10.02620375 10.21192108  7.97754031  0.9985911 ]
DEBUG: us.look_back_time -> ages (Gyr): [ 7.54936507  6.7129804   9.2619605   8.11512048  2.73941029  2.3548533
 10.02620375 10.21192108  7.97754031  0.99859111]
[85/100] subhalo 1004 done; total_formed=4.171e+01
Building SWIFTGalaxy for subhalo 13429 (soap_index=8429404)
Read masses: Nstars=17901, sum_current=2.512154e+10 Msun
DEBUG: sample z (first valid): [ 1.70095615  5.30821061  2.46714633  0.76020627  1.71708126  2.64656132
  2.16415604  0.65411408  0.55845144 10.12193466]
DEBUG: Planck15 ages (Gyr): [3.82630171 1.08857835 2.65494735 6.97810698 3.79344125 2.46425677
 3.0374138  7.57949799 8.19213254 0.46472843]
DEBUG: cosmo_colibre ages (Gyr): [3.82710737 1.09052697 2.65660405 6.97364559 3.79427831 2.46600151
 3.03885203 7.57349408 8.18437652 0.46639913]
DEBUG: us.look_back_time -> ages (Gyr): [3.82710737 1.09052697 2.65660406 6.97364559 3.79427832 2.46600151
 3.03885204 7.57349408 8.18437652 0.46639913]
[86/100] subhalo 13429 done; total_formed=4.188e+00
Building SWIFTGalaxy for subhalo 1720758 (soap_index=8429440)
Read masses: Nstars=40622, sum_current=5.416662e+10 Msun
DEBUG: sample z (first valid): [0.31810137 6.49668268 0.76228891 1.01141735 1.33091478 1.27429206
 1.78639456 1.01723713 1.64108971 0.72155091]
DEBUG: Planck15 ages (Gyr): [10.10221941  0.84039302  6.9670419   5.81650651  4.72816759  4.89618708
  3.65726927  5.79325519  3.95242834  7.18848526]
DEBUG: cosmo_colibre ages (Gyr): [10.08786169  0.84227697  6.96260724  5.8145268   4.72793159  4.89571748
  3.65823168  5.79131853  3.9531093   7.18350432]
DEBUG: us.look_back_time -> ages (Gyr): [10.0878617   0.84227698  6.96260724  5.8145268   4.7279316   4.89571748
  3.65823168  5.79131853  3.95310931  7.18350432]
[87/100] subhalo 1720758 done; total_formed=9.059e+00
Building SWIFTGalaxy for subhalo 893992 (soap_index=8472343)
Read masses: Nstars=28948, sum_current=3.864084e+10 Msun
DEBUG: sample z (first valid): [7.78322053 0.96450839 3.53976171 1.06881748 1.58545053 0.82632928
 2.21443987 4.63024055 6.25678219 0.87524322]
DEBUG: Planck15 ages (Gyr): [0.66258719 6.00938773 1.77985297 5.59341583 4.07579371 6.63956731
 2.96790095 1.29056048 0.88240814 6.4051991 ]
DEBUG: cosmo_colibre ages (Gyr): [0.66439267 6.007041   1.78179905 5.59183856 4.07634624 6.63589669
 2.96938308 1.29253268 0.8843063  6.40204327]
DEBUG: us.look_back_time -> ages (Gyr): [0.66439268 6.00704101 1.78179905 5.59183856 4.07634624 6.63589669
 2.96938308 1.29253268 0.8843063  6.40204327]
[88/100] subhalo 893992 done; total_formed=6.457e+00
Building SWIFTGalaxy for subhalo 1198 (soap_index=8505766)
Read masses: Nstars=195841, sum_current=2.550078e+11 Msun
DEBUG: sample z (first valid): [3.3061962  1.21615041 0.54274953 1.16776925 0.42966841 4.86346963
 0.55136824 0.0868325  4.42247228 2.20626223]
DEBUG: Planck15 ages (Gyr): [ 1.92548217  5.07884491  8.29979944  5.23924856  9.14167577  1.2145126
  8.24044008 12.6199166   1.36520931  2.97902746]
DEBUG: cosmo_colibre ages (Gyr): [ 1.9274007   5.07810682  8.29171678  5.23826208  9.13084913  1.21647859
  8.2325382  12.59445439  1.36718469  2.98050269]
DEBUG: us.look_back_time -> ages (Gyr): [ 1.92740071  5.07810682  8.29171679  5.23826208  9.13084913  1.2164786
  8.2325382  12.59445439  1.36718469  2.98050269]
[89/100] subhalo 1198 done; total_formed=4.234e+01
Building SWIFTGalaxy for subhalo 907294 (soap_index=8518004)
Read masses: Nstars=118397, sum_current=1.477533e+11 Msun
DEBUG: sample z (first valid): [5.44405113 1.80908701 5.38565722 3.20264204 2.33584445 2.76124885
 3.40815228 2.12105915 7.85501959 0.97254996]
DEBUG: Planck15 ages (Gyr): [1.05438249 3.61440501 1.06886057 1.99647152 2.81040588 2.35386387
 1.85957413 3.09913816 0.65453614 5.97561639]
DEBUG: cosmo_colibre ages (Gyr): [1.05632475 3.61540529 1.07080562 1.99837356 2.81198056 2.35565326
 1.86150618 3.10053583 0.65633726 5.97333521]
DEBUG: us.look_back_time -> ages (Gyr): [1.05632475 3.61540529 1.07080562 1.99837356 2.81198056 2.35565326
 1.86150618 3.10053584 0.65633726 5.97333521]
[90/100] subhalo 907294 done; total_formed=2.481e+01
Building SWIFTGalaxy for subhalo 893813 (soap_index=8606221)
Read masses: Nstars=61636, sum_current=8.540995e+10 Msun
DEBUG: sample z (first valid): [1.2245757  4.88717212 1.34408756 2.08928066 3.46217744 0.5936193
 2.88845378 0.24526868 6.28663553 6.39100034]
DEBUG: Planck15 ages (Gyr): [ 5.05170979  1.20720127  4.69039905  3.14597767  1.82614766  7.95848733
  2.24064972 10.81072215  0.87699155  0.858483  ]
DEBUG: cosmo_colibre ages (Gyr): [ 5.05101255  1.2091665   4.69021381  3.14734358  1.8280859   7.95142094
  2.24248009 10.79349901  0.87888796  0.86037325]
DEBUG: us.look_back_time -> ages (Gyr): [ 5.05101255  1.20916651  4.69021381  3.14734358  1.8280859   7.95142094
  2.2424801  10.79349901  0.87888796  0.86037326]
[91/100] subhalo 893813 done; total_formed=1.422e+01
Building SWIFTGalaxy for subhalo 918314 (soap_index=8774407)
Read masses: Nstars=15370, sum_current=1.975896e+10 Msun
DEBUG: sample z (first valid): [5.25104922 3.04768081 3.16022345 1.99990845 4.45587746 5.2761923
 9.10422448 3.34128246 4.21202481 3.8790947 ]
DEBUG: Planck15 ages (Gyr): [1.1035223  2.1110978  2.02680857 3.2841003  1.35273045 1.09690733
 0.53683272 1.90237105 1.44841526 1.59845661]
DEBUG: cosmo_colibre ages (Gyr): [1.10547347 2.11296905 2.02870296 3.2853675  1.35470549 1.09885739
 0.53855989 1.90429452 1.45039096 1.6004248 ]
DEBUG: us.look_back_time -> ages (Gyr): [1.10547348 2.11296906 2.02870297 3.2853675  1.3547055  1.09885739
 0.5385599  1.90429452 1.45039096 1.6004248 ]
[92/100] subhalo 918314 done; total_formed=3.324e+00
Building SWIFTGalaxy for subhalo 929286 (soap_index=8853389)
Read masses: Nstars=38514, sum_current=5.285718e+10 Msun
DEBUG: sample z (first valid): [2.06472129 0.46928527 1.3824342  1.98487885 0.55667458 0.51493296
 1.22125813 1.1854075  1.77436288 3.08069738]
DEBUG: Planck15 ages (Gyr): [3.18297486 8.83282059 4.58315892 3.3083008  8.20421064 8.49581881
 5.062367   5.17985018 3.6803322  2.0857783 ]
DEBUG: cosmo_colibre ages (Gyr): [3.18431507 8.82303943 4.58311436 3.30954993 8.19641826 8.48712724
 5.06165375 5.17895706 3.68127391 2.08765679]
DEBUG: us.look_back_time -> ages (Gyr): [3.18431507 8.82303943 4.58311436 3.30954993 8.19641826 8.48712724
 5.06165375 5.17895706 3.68127392 2.0876568 ]
[93/100] subhalo 929286 done; total_formed=8.787e+00
Building SWIFTGalaxy for subhalo 453888 (soap_index=8864617)
Read masses: Nstars=16198, sum_current=2.228457e+10 Msun
DEBUG: sample z (first valid): [2.69425028 5.36580864 8.82106998 2.70176231 5.35963125 1.76313349
 2.13060094 1.44118304 0.47537145 0.09790257]
DEBUG: Planck15 ages (Gyr): [ 2.41733881  1.07385714  0.56025624  2.4100823   1.07542012  3.7020711
  3.08529639  4.4263175   8.78674868 12.48004731]
DEBUG: cosmo_colibre ages (Gyr): [ 2.41910308  1.07580311  0.56199977  2.41184952  1.07736638  3.70299311
  3.08670329  4.4264695   8.77711965 12.45526615]
DEBUG: us.look_back_time -> ages (Gyr): [ 2.41910309  1.07580311  0.56199977  2.41184953  1.07736638  3.70299311
  3.08670329  4.4264695   8.77711965 12.45526615]
[94/100] subhalo 453888 done; total_formed=3.676e+00
Building SWIFTGalaxy for subhalo 467347 (soap_index=8914536)
Read masses: Nstars=29119, sum_current=3.970354e+10 Msun
DEBUG: sample z (first valid): [5.09410452 5.3148969  4.36213386 0.19139034 0.1823627  0.11364872
 0.24271845 3.53066021 7.71199734 1.21900183]
DEBUG: Planck15 ages (Gyr): [ 1.1463544   1.08685229  1.3882391  11.38186644 11.48177533 12.28484125
 10.83681743  1.78518278  0.67073764  5.06963552]
DEBUG: cosmo_colibre ages (Gyr): [ 1.14831214  1.0888006   1.3902149  11.36218037 11.4616449  12.26099881
 10.81948469  1.787128    0.67254746  5.06891133]
DEBUG: us.look_back_time -> ages (Gyr): [ 1.14831215  1.08880061  1.3902149  11.36218037 11.4616449  12.26099881
 10.81948469  1.787128    0.67254746  5.06891133]
[95/100] subhalo 467347 done; total_formed=6.592e+00
Building SWIFTGalaxy for subhalo 22485 (soap_index=9072608)
Read masses: Nstars=31889, sum_current=3.956078e+10 Msun
DEBUG: sample z (first valid): [0.97041491 4.89936088 2.69800248 1.0150043  1.1650479  1.67537557
 5.7181958  8.39180281 6.76033156 6.01069748]
DEBUG: Planck15 ages (Gyr): [5.98455371 1.20346989 2.41370975 5.80215854 5.24850916 3.87938592
 0.99056727 0.59916423 0.79792282 0.92926071]
DEBUG: cosmo_colibre ages (Gyr): [5.98225523 1.20543472 2.4154755  5.80020542 5.24750797 3.88013991
 0.99249561 0.60093304 0.79979087 0.93117302]
DEBUG: us.look_back_time -> ages (Gyr): [5.98225524 1.20543473 2.4154755  5.80020542 5.24750797 3.88013992
 0.99249561 0.60093304 0.79979087 0.93117302]
[96/100] subhalo 22485 done; total_formed=6.630e+00
Building SWIFTGalaxy for subhalo 994948 (soap_index=9140304)
Read masses: Nstars=47964, sum_current=6.376332e+10 Msun
DEBUG: sample z (first valid): [1.52761493 0.96852097 2.28106539 2.76903612 2.05216095 1.50845901
 4.39924205 2.12761287 0.70205693 4.98392988]
DEBUG: Planck15 ages (Gyr): [4.2107555  5.9924993  2.87973047 2.3466644  3.20217183 4.25705158
 1.37400022 3.08962013 7.29828961 1.17809937]
DEBUG: cosmo_colibre ages (Gyr): [4.21116009 5.99018542 2.88126559 2.34845654 3.20349848 4.25740362
 1.37597579 3.09102416 7.29302892 1.18006128]
DEBUG: us.look_back_time -> ages (Gyr): [4.21116009 5.99018542 2.88126559 2.34845654 3.20349849 4.25740362
 1.37597579 3.09102416 7.29302893 1.18006128]
[97/100] subhalo 994948 done; total_formed=1.070e+01
Building SWIFTGalaxy for subhalo 234571 (soap_index=9279273)
Read masses: Nstars=183841, sum_current=2.401896e+11 Msun
DEBUG: sample z (first valid): [3.8248546  1.95766766 2.76211251 1.62732521 1.41901668 1.11994566
 2.51324113 2.22012579 2.266999   1.64642223]
DEBUG: Planck15 ages (Gyr): [1.62534418 3.35286285 2.35306361 3.9823802  4.48446846 5.40584767
 2.60369437 2.96020472 2.89798513 3.94092247]
DEBUG: cosmo_colibre ages (Gyr): [1.62730997 3.35407809 2.3548533  3.98303057 4.48454885 5.40459058
 2.60537609 2.9616916  2.89950952 3.94161509]
DEBUG: us.look_back_time -> ages (Gyr): [1.62730997 3.3540781  2.3548533  3.98303057 4.48454885 5.40459058
 2.60537609 2.9616916  2.89950952 3.94161509]
[98/100] subhalo 234571 done; total_formed=4.021e+01
Building SWIFTGalaxy for subhalo 26461 (soap_index=9296256)
Read masses: Nstars=31065, sum_current=4.336118e+10 Msun
DEBUG: sample z (first valid): [3.57206642 3.41260436 0.26429508 0.0509975  0.27591309 0.37831244
 3.16869156 3.42481939 0.56008379 0.34372181]
DEBUG: Planck15 ages (Gyr): [ 1.76114638  1.8567814  10.61886298 13.08814538 10.5041184   9.5663818
  2.02069173  1.84915459  8.18106026  9.86898371]
DEBUG: cosmo_colibre ages (Gyr): [ 1.76309537  1.85871398 10.60243694 13.06035339 10.48816164  9.5540454
  2.02258769  1.85108862  8.17333752  9.85552157]
DEBUG: us.look_back_time -> ages (Gyr): [ 1.76309538  1.85871398 10.60243694 13.06035339 10.48816164  9.5540454
  2.02258769  1.85108862  8.17333752  9.85552157]
[99/100] subhalo 26461 done; total_formed=7.209e+00
Building SWIFTGalaxy for subhalo 24333 (soap_index=9399907)
Read masses: Nstars=57318, sum_current=7.715053e+10 Msun
DEBUG: sample z (first valid): [9.39593909 1.27840356 3.31498551 7.34853503 0.91917535 0.91625731
 4.09175666 0.44901389 8.09211987 0.58882855]
DEBUG: Planck15 ages (Gyr): [0.51435617 4.88366795 1.91964929 0.71505437 6.20547652 6.21843975
 1.49981926 8.98889011 0.62907121 7.98972001]
DEBUG: cosmo_colibre ages (Gyr): [0.51606678 4.88321619 1.92156908 0.71688643 6.20273839 6.21567509
 1.50179353 8.97858622 0.63085797 7.98256296]
DEBUG: us.look_back_time -> ages (Gyr): [0.51606678 4.88321619 1.92156909 0.71688644 6.20273839 6.2156751
 1.50179354 8.97858622 0.63085797 7.98256296]
[100/100] subhalo 24333 done; total_formed=1.286e+01
All halos processed. Writing CSV.
Wrote relicness_extras_200_300.csv (100 rows) in 9612.3s
