Will process 30 subhalos (test=False)
Mapping requested subhalos -> SOAP rows (chunked scan)...
Found SOAP rows for 30 / 30 requested subhalos
Reading SOAP StellarMass & HalfMassRadiusStars for requested rows (applying Mu/Lu conversions)...
Summing PartType4/Masses via mapping NPZ (particle-level current stellar mass -> Msun)...
Analysing subhalo 720278
Analysing subhalo 1438587
Analysing subhalo 9710763
Analysing subhalo 300664
Analysing subhalo 3778695
Analysing subhalo 633767
Analysing subhalo 297004
Analysing subhalo 297036
Analysing subhalo 2496972
Analysing subhalo 644869
Analysing subhalo 47108
Analysing subhalo 46605
Analysing subhalo 6991770
Analysing subhalo 682784
Analysing subhalo 321819
Analysing subhalo 7184545
Analysing subhalo 676776
Analysing subhalo 321821
Analysing subhalo 1373485
Analysing subhalo 1376350
Analysing subhalo 2627942
Analysing subhalo 1374997
Analysing subhalo 1402716
Analysing subhalo 16035601
Analysing subhalo 1402188
Analysing subhalo 170664
Analysing subhalo 333857
Analysing subhalo 56351
Analysing subhalo 5612
Analysing subhalo 56334
halos:   0%|                                                                 | 0/30 [00:00<?, ?it/s]Flushed 30 rows to outfiles/relic_chunk_055.csv
halos: 100%|███████████████████████████████████████████████████████| 30/30 [00:00<00:00, 442.72it/s]
Done. Wrote 30 rows to outfiles/relic_chunk_055.csv
