Starting pure-swift relicness script
Loaded SOAP mapping for 91142867 halos
Batch mode: processing 100 halos (slice 100:200)
Building SWIFTGalaxy for subhalo 223975 (soap_index=3438494)
Read masses: Nstars=54187, sum_current=7.428124e+10 Msun
DEBUG: sample z (first valid): [0.47763348 0.18390057 1.35368482 2.12821002 0.47883383 0.48810173
 2.51663447 0.70329556 0.48325186 3.3813344 ]
DEBUG: Planck15 ages (Gyr): [ 8.76971649 11.46466745  4.66318515  3.08875525  8.76069823  8.6915312
  2.59998564  7.2912366   8.72762426  1.8765446 ]
DEBUG: cosmo_colibre ages (Gyr): [ 8.76014344 11.4446134   4.66303609  3.09015985  8.75115478  8.6822134
  2.60166913  7.28599406  8.71818899  1.87847333]
DEBUG: us.look_back_time -> ages (Gyr): [ 8.76014344 11.4446134   4.6630361   3.09015986  8.75115478  8.6822134
  2.60166913  7.28599406  8.71818899  1.87847334]
[1/100] subhalo 223975 done; total_formed=1.236e+01
Building SWIFTGalaxy for subhalo 226473 (soap_index=3497033)
Read masses: Nstars=26163, sum_current=3.776981e+10 Msun
DEBUG: sample z (first valid): [5.94016732 4.82801245 3.94387447 3.76660121 1.52703015 2.45836412
 5.24152381 4.72216886 3.66116643 0.16745048]
DEBUG: Planck15 ages (Gyr): [ 0.94345568  1.22558789  1.56729723  1.65506566  4.21215678  2.66490044
  1.10604569  1.25966626  1.71120309 11.64957121]
DEBUG: cosmo_colibre ages (Gyr): [ 0.94537194  1.22755498  1.56926781  1.65702844  4.21255979  2.66655217
  1.10799728  1.26163631  1.71315916 11.62868562]
DEBUG: us.look_back_time -> ages (Gyr): [ 0.94537195  1.22755499  1.56926781  1.65702845  4.21255979  2.66655217
  1.10799729  1.26163632  1.71315916 11.62868562]
[2/100] subhalo 226473 done; total_formed=6.154e+00
Building SWIFTGalaxy for subhalo 24557 (soap_index=3607414)
Read masses: Nstars=106440, sum_current=1.347435e+11 Msun
DEBUG: sample z (first valid): [3.37782231 0.6894205  4.0763749  1.65715212 1.31249118 1.66125233
 4.31904878 1.81972292 2.46165223 1.25070403]
DEBUG: Planck15 ages (Gyr): [1.87878603 7.37084375 1.50661162 3.91793437 4.78181283 3.9092072
 1.40508093 3.59459484 2.66116678 4.96900978]
DEBUG: cosmo_colibre ages (Gyr): [1.88071432 7.36539499 1.50858561 3.91865011 4.78150363 3.90993165
 1.40705687 3.59561238 2.66282038 4.96843496]
DEBUG: us.look_back_time -> ages (Gyr): [1.88071432 7.36539499 1.50858561 3.91865011 4.78150363 3.90993166
 1.40705688 3.59561238 2.66282038 4.96843496]
[3/100] subhalo 24557 done; total_formed=2.254e+01
Building SWIFTGalaxy for subhalo 8428688 (soap_index=3628471)
Read masses: Nstars=54903, sum_current=8.066811e+10 Msun
DEBUG: sample z (first valid): [3.46673937 0.62185706 1.35774932 8.60445519 0.7478131  2.85233953
 0.53293413 3.17293855 0.60690467 2.04591932]
DEBUG: Planck15 ages (Gyr): [1.82337064 7.77809067 4.65173599 0.57934699 7.0445145  2.27186447
 8.36818585 2.01763544 7.87283391 3.21178186]
DEBUG: cosmo_colibre ages (Gyr): [1.82530938 7.7715387  4.65160207 0.58110321 7.03989144 2.27368403
 8.35989284 2.01953218 7.86601374 3.21310168]
DEBUG: us.look_back_time -> ages (Gyr): [1.82530938 7.7715387  4.65160207 0.58110321 7.03989144 2.27368403
 8.35989285 2.01953218 7.86601374 3.21310169]
[4/100] subhalo 8428688 done; total_formed=1.321e+01
Building SWIFTGalaxy for subhalo 184956 (soap_index=3685528)
Read masses: Nstars=159264, sum_current=2.125777e+11 Msun
DEBUG: sample z (first valid): [4.71070059 0.75869472 0.86627178 4.44726124 7.28102098 3.67080037
 1.37037037 1.61578989 0.44709415 4.89936088]
DEBUG: Planck15 ages (Gyr): [1.26345305 6.98615484 6.44721425 1.35593097 0.7238235  1.70594355
 4.61646961 4.00776507 9.0038819  1.20346989]
DEBUG: cosmo_colibre ages (Gyr): [1.26542339 6.98167397 6.44396809 1.35790611 0.72565971 1.70790031
 4.6163819  4.00838922 8.9935272  1.20543472]
DEBUG: us.look_back_time -> ages (Gyr): [1.26542339 6.98167397 6.44396809 1.35790611 0.72565971 1.70790031
 4.6163819  4.00838922 8.9935272  1.20543473]
[5/100] subhalo 184956 done; total_formed=3.547e+01
Building SWIFTGalaxy for subhalo 3144976 (soap_index=3685543)
Read masses: Nstars=35481, sum_current=4.930132e+10 Msun
DEBUG: sample z (first valid): [1.44245677 0.65011582 2.49078513 1.13250033 1.76733384 1.92780558
 2.96179422 6.73286136 2.04535316 3.48354656]
DEBUG: Planck15 ages (Gyr): [4.42301287 7.60369271 2.62845823 5.36130823 3.69391532 3.40290312
 2.17939368 0.80217976 3.21265588 1.81319954]
DEBUG: cosmo_colibre ages (Gyr): [4.42316889 7.59762305 2.63012799 5.36012475 3.69484475 3.40407936
 2.18124418 0.80404948 3.21397508 1.81514006]
DEBUG: us.look_back_time -> ages (Gyr): [4.4231689  7.59762305 2.63012799 5.36012475 3.69484475 3.40407937
 2.18124418 0.80404949 3.21397508 1.81514006]
[6/100] subhalo 3144976 done; total_formed=8.242e+00
Building SWIFTGalaxy for subhalo 393878 (soap_index=3691126)
Read masses: Nstars=16958, sum_current=2.260074e+10 Msun
DEBUG: sample z (first valid): [4.80426889 4.93515667 4.34072203 0.57553611 0.13071084 3.2112839
 4.73418497 2.54900899 3.01888759 1.73522538]
DEBUG: Planck15 ages (Gyr): [ 1.23309842  1.19262156  1.39656682  8.07735366 12.07816386  1.99038295
  1.25571875  2.56503437  2.13359551  3.7570101 ]
DEBUG: cosmo_colibre ages (Gyr): [ 1.23506621  1.19458519  1.39854271  8.06993972 12.05530007  1.99228648
  1.25768849  2.56673431  2.13546013  3.75788144]
DEBUG: us.look_back_time -> ages (Gyr): [ 1.23506622  1.1945852   1.39854271  8.06993972 12.05530008  1.99228648
  1.2576885   2.56673431  2.13546013  3.75788144]
[7/100] subhalo 393878 done; total_formed=3.779e+00
Building SWIFTGalaxy for subhalo 403091 (soap_index=3737032)
Read masses: Nstars=86777, sum_current=1.138538e+11 Msun
DEBUG: sample z (first valid): [0.46560515 2.55903117 3.36790189 1.27666227 9.48072925 1.63768816
 1.71753193 4.20126984 1.47866868 1.43230404]
DEBUG: Planck15 ages (Gyr): [8.86085323 2.55437085 1.88514126 4.88896379 0.50811518 3.95979621
 3.79252944 1.45289238 4.33069618 4.44946437]
DEBUG: cosmo_colibre ages (Gyr): [8.85097903 2.55607571 1.88706827 4.88850449 0.50982104 3.96046968
 3.79336736 1.45486801 4.33096271 4.44958804]
DEBUG: us.look_back_time -> ages (Gyr): [8.85097903 2.55607571 1.88706827 4.88850449 0.50982104 3.96046969
 3.79336737 1.45486801 4.33096271 4.44958804]
[8/100] subhalo 403091 done; total_formed=1.897e+01
Building SWIFTGalaxy for subhalo 839991 (soap_index=3737049)
Read masses: Nstars=17015, sum_current=2.157818e+10 Msun
DEBUG: sample z (first valid): [0.20968695 2.89955968 1.43972899 2.68469583 1.40728769 1.95766766
 1.50271137 1.92623683 6.68120019 2.61717629]
DEBUG: Planck15 ages (Gyr): [11.18315681  2.23119248  4.43009486  2.42662037  4.5157361   3.35286285
  4.27110258  3.40556549  0.81028847  2.49391821]
DEBUG: cosmo_colibre ages (Gyr): [11.16434269  2.23302605  4.43024224  2.42838085  4.51577736  3.35407809
  4.27143848  3.40673964  0.81216132  2.49565016]
DEBUG: us.look_back_time -> ages (Gyr): [11.1643427   2.23302605  4.43024225  2.42838086  4.51577736  3.3540781
  4.27143848  3.40673964  0.81216132  2.49565016]
[9/100] subhalo 839991 done; total_formed=3.634e+00
Building SWIFTGalaxy for subhalo 1666573 (soap_index=3737077)
Read masses: Nstars=15447, sum_current=2.086809e+10 Msun
DEBUG: sample z (first valid): [3.16022345 3.40370918 2.08114716 1.03073872 1.92937601 1.72839301
 1.86383499 1.31445119 1.20957519 2.1039121 ]
DEBUG: Planck15 ages (Gyr): [2.02680857 1.86236816 3.15815214 5.73987256 3.40024128 3.77066179
 3.51428683 4.77605959 5.10018302 3.12426911]
DEBUG: cosmo_colibre ages (Gyr): [2.02870296 1.86429967 3.15950965 5.73803375 3.40141963 3.77152036
 3.51537267 4.7757583  5.09941257 3.12564985]
DEBUG: us.look_back_time -> ages (Gyr): [2.02870297 1.86429968 3.15950965 5.73803375 3.40141963 3.77152036
 3.51537267 4.7757583  5.09941257 3.12564985]
[10/100] subhalo 1666573 done; total_formed=3.493e+00
Building SWIFTGalaxy for subhalo 1658332 (soap_index=3754896)
Read masses: Nstars=36838, sum_current=4.989941e+10 Msun
DEBUG: sample z (first valid): [1.14253956 6.08267589 2.17457857 5.55622249 2.66041108 6.68120019
 2.64210292 0.83143304 8.29720528 3.31072815]
DEBUG: Planck15 ages (Gyr): [5.32610911 0.91513642 3.02278807 1.02746802 2.45047747 0.81028847
 2.46871964 6.61449676 0.6083449  1.92247097]
DEBUG: cosmo_colibre ages (Gyr): [5.32498315 0.91704465 3.0242357  1.02940474 2.45222803 0.81216132
 2.47046247 6.61088248 0.61011935 1.92439015]
DEBUG: us.look_back_time -> ages (Gyr): [5.32498315 0.91704465 3.0242357  1.02940474 2.45222804 0.81216132
 2.47046248 6.61088248 0.61011936 1.92439016]
[11/100] subhalo 1658332 done; total_formed=8.335e+00
Building SWIFTGalaxy for subhalo 411422 (soap_index=3874765)
Read masses: Nstars=14762, sum_current=1.929247e+10 Msun
DEBUG: sample z (first valid): [2.11394089 3.18439535 4.42247228 1.97431243 0.85088116 2.87374394
 2.70846537 2.33550489 4.86189624 3.0972804 ]
DEBUG: Planck15 ages (Gyr): [3.10953051 2.00942868 1.36520931 3.32548941 6.52029567 2.25327805
 2.40363748 2.81082714 1.21500053 2.07324979]
DEBUG: cosmo_colibre ages (Gyr): [3.11092121 2.01132749 1.36718469 3.32672557 6.51689036 2.2551041
 2.40540731 2.81240159 1.21696657 2.07513178]
DEBUG: us.look_back_time -> ages (Gyr): [3.11092121 2.01132749 1.36718469 3.32672557 6.51689036 2.2551041
 2.40540731 2.81240159 1.21696658 2.07513178]
[12/100] subhalo 411422 done; total_formed=3.239e+00
Building SWIFTGalaxy for subhalo 1693445 (soap_index=3913359)
Read masses: Nstars=66886, sum_current=9.039677e+10 Msun
DEBUG: sample z (first valid): [0.94862036 0.12042673 0.7837779  6.85520796 3.59547016 0.855913
 1.17222406 0.36294817 0.97850501 3.9290012 ]
DEBUG: Planck15 ages (Gyr): [ 6.07699542 12.20214237  6.85443047  0.7835051   1.74779636  6.4962614
  5.22414493  9.69908747  5.95079876  1.57436183]
DEBUG: cosmo_colibre ages (Gyr): [ 6.07451583 12.17869341  6.85026444  0.78536738  1.74974734  6.49290872
  5.22318234  9.68626244  5.9485654   1.5763319 ]
DEBUG: us.look_back_time -> ages (Gyr): [ 6.07451583 12.17869341  6.85026444  0.78536738  1.74974734  6.49290872
  5.22318234  9.68626244  5.9485654   1.57633191]
[13/100] subhalo 1693445 done; total_formed=1.512e+01
Building SWIFTGalaxy for subhalo 194012 (soap_index=3928230)
Read masses: Nstars=19791, sum_current=2.687692e+10 Msun
DEBUG: sample z (first valid): [3.36790189 3.16022345 4.50306491 0.42308695 9.12529934 0.36294817
 3.35918585 0.11927859 3.38573245 0.46116115]
DEBUG: Planck15 ages (Gyr): [ 1.88514126  2.02680857  1.33542264  9.19453148  0.53515458  9.69908747
  1.89075433 12.21609528  1.87374398  8.89488126]
DEBUG: cosmo_colibre ages (Gyr): [ 1.88706827  2.02870296  1.33739708  9.18352146  0.53688055  9.68626244
  1.8926802  12.19258011  1.87567327  8.88489361]
DEBUG: us.look_back_time -> ages (Gyr): [ 1.88706827  2.02870297  1.33739709  9.18352146  0.53688055  9.68626244
  1.89268021 12.19258011  1.87567327  8.88489361]
[14/100] subhalo 194012 done; total_formed=4.443e+00
Building SWIFTGalaxy for subhalo 4427927 (soap_index=3932406)
Read masses: Nstars=20624, sum_current=2.896382e+10 Msun
DEBUG: sample z (first valid): [2.67436645 2.99025816 0.98017887 0.90069606 0.58177254 0.50050371
 2.06271614 0.90644636 3.91642911 1.3621684 ]
DEBUG: Planck15 ages (Gyr): [2.43672092 2.15636033 5.94385202 6.288288   8.03605882 8.60024089
 3.18602686 6.2623354  1.58037465 4.63933903]
DEBUG: cosmo_colibre ages (Gyr): [2.43847723 2.15821803 5.94163199 6.28537902 8.0287664  8.59121745
 3.18736492 6.25948032 1.58234428 4.63922141]
DEBUG: us.look_back_time -> ages (Gyr): [2.43847723 2.15821804 5.94163199 6.28537902 8.0287664  8.59121746
 3.18736492 6.25948032 1.58234428 4.63922141]
[15/100] subhalo 4427927 done; total_formed=4.807e+00
Building SWIFTGalaxy for subhalo 12015 (soap_index=3967503)
Read masses: Nstars=165762, sum_current=2.060404e+11 Msun
DEBUG: sample z (first valid): [2.43012666 4.47227789 7.43394891 6.65071212 4.95944348 5.52944107
 3.89403331 2.93043061 3.94387447 2.36807483]
DEBUG: Planck15 ages (Gyr): [2.69732162 1.34667298 0.7042107  0.815138   1.18535326 1.03378947
 1.59118054 2.20524723 1.56729723 2.77088638]
DEBUG: cosmo_colibre ages (Gyr): [2.69895688 1.34864783 0.70603753 0.81701269 1.18731604 1.03572753
 1.59314933 2.20708941 1.56926781 2.77248278]
DEBUG: us.look_back_time -> ages (Gyr): [2.69895688 1.34864783 0.70603753 0.8170127  1.18731605 1.03572754
 1.59314933 2.20708941 1.56926781 2.77248278]
[16/100] subhalo 12015 done; total_formed=3.459e+01
Building SWIFTGalaxy for subhalo 1719889 (soap_index=3988247)
Read masses: Nstars=50607, sum_current=6.872054e+10 Msun
DEBUG: sample z (first valid): [2.38197956 0.94353499 3.23249806 1.60187391 5.78637258 0.77028633
 1.63175649 4.13323412 0.77296829 0.5568225 ]
DEBUG: Planck15 ages (Gyr): [2.75411772 6.09888652 1.97556603 4.03873872 0.97568859 6.92480139
 3.97269768 1.4817542  6.91072413 8.20320417]
DEBUG: cosmo_colibre ages (Gyr): [2.75572316 6.09636344 1.97747313 4.0393305  0.97761329 6.92046822
 3.97335799 1.48372911 6.90642458 8.19541481]
DEBUG: us.look_back_time -> ages (Gyr): [2.75572317 6.09636344 1.97747313 4.0393305  0.97761329 6.92046822
 3.97335799 1.48372911 6.90642458 8.19541482]
[17/100] subhalo 1719889 done; total_formed=1.141e+01
Building SWIFTGalaxy for subhalo 879988 (soap_index=4034947)
Read masses: Nstars=49560, sum_current=6.944799e+10 Msun
DEBUG: sample z (first valid): [0.14693735 2.65306577 2.6735426  3.9290012  3.39455509 1.41047521
 1.84889584 0.28764539 0.27076708 2.7168784 ]
DEBUG: Planck15 ages (Gyr): [11.88615335  2.45776957  2.4375295   1.57436183  1.86814663  4.50720413
  3.54115465 10.39005688 10.55472036  2.39558863]
DEBUG: cosmo_colibre ages (Gyr): [11.86418446  2.45951706  2.43928547  1.5763319   1.87007702  4.50725611
  3.54221792 10.37456104 10.53855734  2.39736169]
DEBUG: us.look_back_time -> ages (Gyr): [11.86418446  2.45951706  2.43928547  1.57633191  1.87007702  4.50725611
  3.54221793 10.37456104 10.53855734  2.39736169]
[18/100] subhalo 879988 done; total_formed=1.150e+01
Building SWIFTGalaxy for subhalo 194862 (soap_index=4036859)
Read masses: Nstars=47091, sum_current=6.592835e+10 Msun
DEBUG: sample z (first valid): [0.55563995 5.33381657 1.39935564 1.39935564 0.30873073 4.61865569
 0.50256787 8.80124131 0.2245142  3.92381668]
DEBUG: Planck15 ages (Gyr): [ 8.21125583  1.08199272  4.53708046  4.53708046 10.1895335   1.29454296
  8.58518577  0.56196003 11.02575313  1.57683682]
DEBUG: cosmo_colibre ages (Gyr): [ 8.20344221  1.08394017  4.53709477  4.53709477 10.17483435  1.2965154
  8.57621049  0.56370472 11.00761837  1.57880671]
DEBUG: us.look_back_time -> ages (Gyr): [ 8.20344221  1.08394018  4.53709477  4.53709477 10.17483435  1.2965154
  8.5762105   0.56370473 11.00761837  1.57880671]
[19/100] subhalo 194862 done; total_formed=1.091e+01
Building SWIFTGalaxy for subhalo 860572 (soap_index=4056632)
Read masses: Nstars=205351, sum_current=2.646426e+11 Msun
DEBUG: sample z (first valid): [0.91917535 2.14986062 0.18355848 6.42113011 1.06672974 0.16256297
 0.1666192  0.15771622 0.16215066 1.53465347]
DEBUG: Planck15 ages (Gyr): [ 6.20547652  3.05766347 11.4684699   0.85326012  5.60129234 11.70532737
 11.65902764 11.76099469 11.71004839  4.1939483 ]
DEBUG: cosmo_colibre ages (Gyr): [ 6.20273839  3.05908856 11.44839888  0.85514858  5.59970126 11.68418842
 11.63809916 11.73960158 11.68888794  4.19437173]
DEBUG: us.look_back_time -> ages (Gyr): [ 6.20273839  3.05908857 11.44839888  0.85514858  5.59970126 11.68418842
 11.63809916 11.73960158 11.68888794  4.19437174]
[20/100] subhalo 860572 done; total_formed=4.434e+01
Building SWIFTGalaxy for subhalo 10543825 (soap_index=4095975)
Read masses: Nstars=14863, sum_current=2.004836e+10 Msun
DEBUG: sample z (first valid): [1.4861912  7.83710895 2.8240168  5.29548511 6.76033156 6.05370789
 1.64770524 0.7084463  6.73651281 1.58790081]
DEBUG: Planck15 ages (Gyr): [4.31190728 0.65652924 2.29684975 1.09187604 0.79792282 0.92077763
 3.93816223 7.26201884 0.80161174 4.07023054]
DEBUG: cosmo_colibre ages (Gyr): [4.31219586 0.65833144 2.29866039 1.09382523 0.79979087 0.9226875
 3.93885764 7.25685121 0.80348124 4.07078899]
DEBUG: us.look_back_time -> ages (Gyr): [4.31219586 0.65833144 2.29866039 1.09382524 0.79979087 0.9226875
 3.93885764 7.25685121 0.80348124 4.07078899]
[21/100] subhalo 10543825 done; total_formed=3.338e+00
Building SWIFTGalaxy for subhalo 1733412 (soap_index=4105785)
Read masses: Nstars=42868, sum_current=5.371828e+10 Msun
DEBUG: sample z (first valid): [1.24499863 2.08811611 1.31330745 4.95944348 1.74346952 3.99436062
 3.99436062 2.85914498 3.56760524 1.37949314]
DEBUG: Planck15 ages (Gyr): [4.98688334 3.14771611 4.77941549 1.18535326 3.74064397 1.54370443
 1.54370443 2.26592766 1.76371029 4.59124421]
DEBUG: cosmo_colibre ages (Gyr): [4.98628232 3.14908082 4.77910958 1.18731604 3.74153054 1.54567653
 1.54567653 2.26774931 1.76565889 4.59118921]
DEBUG: us.look_back_time -> ages (Gyr): [4.98628233 3.14908082 4.77910959 1.18731605 3.74153054 1.54567653
 1.54567653 2.26774931 1.76565889 4.59118922]
[22/100] subhalo 1733412 done; total_formed=9.033e+00
Building SWIFTGalaxy for subhalo 13596719 (soap_index=4127853)
Read masses: Nstars=17514, sum_current=2.401094e+10 Msun
DEBUG: sample z (first valid): [5.5164562  2.50048072 1.59445764 5.73199795 1.26674045 1.11556589
 2.35806518 4.20664177 6.30124777 3.40370918]
DEBUG: Planck15 ages (Gyr): [1.0368777  2.61771892 4.05540388 0.98752483 4.91931478 5.42152337
 2.78306167 1.45065327 0.87436042 1.86236816]
DEBUG: cosmo_colibre ages (Gyr): [1.03881641 2.61939389 4.05597808 0.98945244 4.91881202 5.42024016
 2.78465145 1.45262893 0.87625597 1.86429967]
DEBUG: us.look_back_time -> ages (Gyr): [1.03881641 2.61939389 4.05597808 0.98945244 4.91881202 5.42024016
 2.78465145 1.45262893 0.87625597 1.86429968]
[23/100] subhalo 13596719 done; total_formed=3.920e+00
Building SWIFTGalaxy for subhalo 901877 (soap_index=4134561)
Read masses: Nstars=43435, sum_current=6.098515e+10 Msun
DEBUG: sample z (first valid): [1.80260007 1.78284501 2.11009871 1.41776728 7.39935918 1.61182847
 3.19403558 2.08114716 1.57326842 2.13060094]
DEBUG: Planck15 ages (Gyr): [3.62657469 3.66404877 3.11516363 4.4877826  0.70856887 4.01654305
 2.0025658  3.15815214 4.10363549 3.08529639]
DEBUG: cosmo_colibre ages (Gyr): [3.62756429 3.66500511 3.11655053 4.48785886 0.71039782 4.01715807
 2.00446633 3.15950965 4.10415813 3.08670329]
DEBUG: us.look_back_time -> ages (Gyr): [3.6275643  3.66500511 3.11655053 4.48785886 0.71039782 4.01715807
 2.00446633 3.15950965 4.10415814 3.08670329]
[24/100] subhalo 901877 done; total_formed=1.008e+01
Building SWIFTGalaxy for subhalo 13768 (soap_index=4154503)
Read masses: Nstars=41242, sum_current=5.797276e+10 Msun
DEBUG: sample z (first valid): [4.89352518 3.86424701 3.04768081 1.53367355 1.42331016 1.6898703
 3.35918585 1.03755752 1.13667188 1.63429536]
DEBUG: Planck15 ages (Gyr): [1.20525399 1.60574317 2.1110978  4.19628174 4.47310955 3.84916142
 1.89075433 5.71320576 5.34663749 3.96716728]
DEBUG: cosmo_colibre ages (Gyr): [1.20721902 1.60771074 2.11296905 4.19670257 4.47320403 3.84994498
 1.8926802  5.71141533 5.34547806 3.96783324]
DEBUG: us.look_back_time -> ages (Gyr): [1.20721903 1.60771075 2.11296906 4.19670257 4.47320404 3.84994498
 1.89268021 5.71141533 5.34547806 3.96783324]
[25/100] subhalo 13768 done; total_formed=9.564e+00
Building SWIFTGalaxy for subhalo 1779970 (soap_index=4160057)
Read masses: Nstars=63851, sum_current=8.617925e+10 Msun
DEBUG: sample z (first valid): [4.97138952 1.16005274 0.89871364 0.74353517 0.94515018 5.91162202
 2.65510318 0.87202925 0.87010615 4.6589241 ]
DEBUG: Planck15 ages (Gyr): [1.18180511 5.26557512 6.29727401 7.06766299 6.09192023 0.94930346
 2.45574335 6.42020177 6.42920484 1.28078705]
DEBUG: cosmo_colibre ages (Gyr): [1.18376747 5.26454674 6.29434628 7.06298307 6.08941102 0.95122131
 2.45749169 6.41701378 6.42599751 1.28275862]
DEBUG: us.look_back_time -> ages (Gyr): [1.18376747 5.26454674 6.29434628 7.06298307 6.08941102 0.95122132
 2.45749169 6.41701379 6.42599751 1.28275862]
[26/100] subhalo 1779970 done; total_formed=1.432e+01
Building SWIFTGalaxy for subhalo 896049 (soap_index=4190544)
Read masses: Nstars=134149, sum_current=1.758078e+11 Msun
DEBUG: sample z (first valid): [1.33091478 0.85067209 1.08461098 3.38573245 3.33697307 1.97269346
 1.20333513 0.2202279  3.32495215 6.77137436]
DEBUG: Planck15 ages (Gyr): [ 4.72816759  6.52129725  5.53439267  1.87374398  1.90518486  3.32813589
  5.12056556 11.07092738  1.91307035  0.79622212]
DEBUG: cosmo_colibre ages (Gyr): [ 4.72793159  6.51788974  5.53291793  1.87567327  1.90710774  3.32937003
  5.11976401 11.05259868  1.91499156  0.79808951]
DEBUG: us.look_back_time -> ages (Gyr): [ 4.7279316   6.51788974  5.53291794  1.87567327  1.90710774  3.32937004
  5.11976401 11.05259868  1.91499156  0.79808951]
[27/100] subhalo 896049 done; total_formed=2.947e+01
Building SWIFTGalaxy for subhalo 14993 (soap_index=4318105)
Read masses: Nstars=48159, sum_current=6.181641e+10 Msun
DEBUG: sample z (first valid): [10.29833635  2.22265932  4.70225355  0.87096037  2.52875296  0.82938812
  2.25499156  3.30421647  0.5178803   1.1026694 ]
DEBUG: Planck15 ages (Gyr): [0.45386347 2.95678595 1.26625433 6.42520334 2.58681143 6.62452415
 2.91371834 1.92680003 8.47472268 5.46810117]
DEBUG: cosmo_colibre ages (Gyr): [0.45552476 2.95827493 1.26822488 6.42200461 2.58850117 6.62088737
 2.91523338 1.92871827 8.46609752 5.46673965]
DEBUG: us.look_back_time -> ages (Gyr): [0.45552476 2.95827493 1.26822488 6.42200461 2.58850117 6.62088737
 2.91523339 1.92871828 8.46609752 5.46673965]
[28/100] subhalo 14993 done; total_formed=1.042e+01
Building SWIFTGalaxy for subhalo 203043 (soap_index=4318113)
Read masses: Nstars=149085, sum_current=1.846835e+11 Msun
DEBUG: sample z (first valid): [ 0.2344786   0.21651322  0.25279095  4.08149182  1.40499083  2.31056779
  0.93184766  1.091797   10.25274725  1.29403528]
DEBUG: Planck15 ages (Gyr): [10.92175442 11.11029244 10.73427579  1.50434641  4.52190013  2.84205033
  6.14966678  5.50786193  0.45663064  4.83653396]
DEBUG: cosmo_colibre ages (Gyr): [10.90406295 11.09179406 10.71737211  1.5063205   4.52193363  2.84360718
  6.14704193  5.50643275  0.45829435  4.83614875]
DEBUG: us.look_back_time -> ages (Gyr): [10.90406296 11.09179407 10.71737211  1.5063205   4.52193363  2.84360718
  6.14704194  5.50643275  0.45829435  4.83614876]
[29/100] subhalo 203043 done; total_formed=3.105e+01
Building SWIFTGalaxy for subhalo 93037 (soap_index=4429184)
Read masses: Nstars=16732, sum_current=2.247294e+10 Msun
DEBUG: sample z (first valid): [0.03565107 0.45454545 1.34291434 0.93481342 5.48999802 1.11134021
 1.88857546 3.08476689 4.25170286 7.09786235]
DEBUG: Planck15 ages (Gyr): [13.29615382  8.9458988   4.69374324  6.13671851  1.04321794  5.43671581
  3.47051493  2.08269222  1.43209413  0.74853601]
DEBUG: cosmo_colibre ages (Gyr): [13.26730288  8.93574005  4.69355354  6.13411973  1.04515796  5.43540717
  3.47163689  2.08457158  1.43407003  0.75038345]
DEBUG: us.look_back_time -> ages (Gyr): [13.26730288  8.93574005  4.69355354  6.13411973  1.04515796  5.43540717
  3.47163689  2.08457159  1.43407003  0.75038346]
[30/100] subhalo 93037 done; total_formed=3.747e+00
Building SWIFTGalaxy for subhalo 3304864 (soap_index=4429215)
Read masses: Nstars=184774, sum_current=2.417796e+11 Msun
DEBUG: sample z (first valid): [0.11706552 0.30011109 0.51171803 0.31577257 0.95443159 3.97426945
 3.66116643 3.3061962  0.39950457 0.03985783]
DEBUG: Planck15 ages (Gyr): [12.2430538  10.27082215  8.51892001 10.12381684  6.05212976  1.55302233
  1.71120309  1.92548217  9.38767349 13.23867548]
DEBUG: cosmo_colibre ages (Gyr): [12.2194105  10.25580214  8.51015547 10.10937498  6.04969929  1.55499386
  1.71315916  1.9274007   9.37598244 13.2101186 ]
DEBUG: us.look_back_time -> ages (Gyr): [12.2194105  10.25580215  8.51015547 10.10937498  6.04969929  1.55499386
  1.71315916  1.92740071  9.37598244 13.2101186 ]
[31/100] subhalo 3304864 done; total_formed=4.044e+01
Building SWIFTGalaxy for subhalo 1837550 (soap_index=4438120)
Read masses: Nstars=53044, sum_current=7.363526e+10 Msun
DEBUG: sample z (first valid): [0.27820253 0.94169234 0.99853623 3.56760524 0.67149561 4.86346963
 4.53934579 0.38355008 2.16599034 1.1350013 ]
DEBUG: Planck15 ages (Gyr): [10.48171857  6.10684905  5.86849357  1.76371029  7.47566686  1.2145126
  1.32236353  9.52175163  3.03483139  5.35250503]
DEBUG: cosmo_colibre ages (Gyr): [10.46585277  6.10431009  5.86641669  1.76565889  7.46994186  1.21647859
  1.32433742  9.50957776  3.03627128  5.35133599]
DEBUG: us.look_back_time -> ages (Gyr): [10.46585277  6.10431009  5.86641669  1.76565889  7.46994186  1.2164786
  1.32433743  9.50957776  3.03627129  5.35133599]
[32/100] subhalo 1837550 done; total_formed=1.222e+01
Building SWIFTGalaxy for subhalo 214747 (soap_index=4449180)
Read masses: Nstars=35379, sum_current=4.974012e+10 Msun
DEBUG: sample z (first valid): [1.87766752 1.94861873 0.27106284 0.23262113 1.14366087 0.88821021
 1.05107661 4.0763749  4.70473538 6.22796956]
DEBUG: Planck15 ages (Gyr): [ 3.48970374  3.36789893 10.55180257 10.9410337   5.32220036  6.34521986
  5.66090867  1.50661162  1.26543022  0.88768883]
DEBUG: cosmo_colibre ages (Gyr): [ 3.49080996  3.36910256 10.53565148 10.92326039  5.32108075  6.34219149
  5.65921213  1.50858561  1.2674007   0.88958867]
DEBUG: us.look_back_time -> ages (Gyr): [ 3.49080996  3.36910257 10.53565148 10.92326039  5.32108075  6.3421915
  5.65921213  1.50858561  1.26740071  0.88958867]
[33/100] subhalo 214747 done; total_formed=8.109e+00
Building SWIFTGalaxy for subhalo 17066 (soap_index=4539183)
Read masses: Nstars=71941, sum_current=8.919129e+10 Msun
DEBUG: sample z (first valid): [7.38270657 2.13389441 5.1937435  3.74245604 4.90520815 3.77632826
 4.42786152 8.57498722 4.59037789 5.37261766]
DEBUG: Planck15 ages (Gyr): [0.71068305 3.08054217 1.11884908 1.66764963 1.20168664 1.65004049
 1.36318322 0.58202762 1.30435001 1.07213871]
DEBUG: cosmo_colibre ages (Gyr): [0.71251301 3.08195222 1.12080273 1.66961103 1.20365128 1.65200381
 1.36515854 0.58378558 1.30632301 1.07408437]
DEBUG: us.look_back_time -> ages (Gyr): [0.71251302 3.08195222 1.12080274 1.66961103 1.20365128 1.65200381
 1.36515855 0.58378558 1.30632301 1.07408437]
[34/100] subhalo 17066 done; total_formed=1.503e+01
Building SWIFTGalaxy for subhalo 938758 (soap_index=4539189)
Read masses: Nstars=20623, sum_current=2.858187e+10 Msun
DEBUG: sample z (first valid): [2.17396358 2.45836412 5.29548511 0.25924218 3.97426945 4.26266763
 2.24403524 3.08909964 4.91106702 5.92549931]
DEBUG: Planck15 ages (Gyr): [ 3.02364788  2.66490044  1.09187604 10.66933347  1.55302233  1.42763762
  2.92819676  2.07941479  1.19990424  0.94645306]
DEBUG: cosmo_colibre ages (Gyr): [ 3.02509495  2.66655217  1.09382523 10.65269925  1.55499386  1.42961354
  2.92970312  2.08129507  1.20186869  0.94837014]
DEBUG: us.look_back_time -> ages (Gyr): [ 3.02509495  2.66655217  1.09382524 10.65269925  1.55499386  1.42961355
  2.92970312  2.08129507  1.20186869  0.94837015]
[35/100] subhalo 938758 done; total_formed=4.689e+00
Building SWIFTGalaxy for subhalo 3313339 (soap_index=4597583)
Read masses: Nstars=24164, sum_current=3.206640e+10 Msun
DEBUG: sample z (first valid): [0.76570751 3.48477383 0.9500119  0.92684935 0.99246017 1.0150043
 0.920075   0.67081379 4.73970923 0.96145098]
DEBUG: Planck15 ages (Gyr): [6.94893726 1.81246051 6.07102663 6.17158579 5.89326957 5.80215854
 6.20148838 7.47969892 1.25391082 6.02230611]
DEBUG: cosmo_colibre ages (Gyr): [6.9445462  1.81440116 6.06855886 6.16891663 5.89114592 5.80020542
 6.1987584  7.47396318 1.25588041 6.01993416]
DEBUG: us.look_back_time -> ages (Gyr): [6.9445462  1.81440117 6.06855886 6.16891663 5.89114592 5.80020542
 6.1987584  7.47396318 1.25588041 6.01993416]
[36/100] subhalo 3313339 done; total_formed=5.265e+00
Building SWIFTGalaxy for subhalo 1775 (soap_index=4630556)
Read masses: Nstars=31652, sum_current=4.110834e+10 Msun
DEBUG: sample z (first valid): [5.80045657 3.83981981 3.81882353 1.82409722 2.01675566 3.03124808
 5.21901689 4.275801   3.50543105 1.82848511]
DEBUG: Planck15 ages (Gyr): [0.97266118 1.61785129 1.62838012 3.58649855 3.25731467 2.12388934
 1.11204625 1.42232989 1.80009582 3.57840683]
DEBUG: cosmo_colibre ages (Gyr): [0.97458512 1.61981778 1.63034563 3.58752309 3.2586016  2.12575684
 1.11399882 1.42430584 1.80203858 3.57943835]
DEBUG: us.look_back_time -> ages (Gyr): [0.97458513 1.61981778 1.63034563 3.58752309 3.25860161 2.12575685
 1.11399883 1.42430584 1.80203858 3.57943835]
[37/100] subhalo 1775 done; total_formed=6.878e+00
Building SWIFTGalaxy for subhalo 3320016 (soap_index=4631482)
Read masses: Nstars=30472, sum_current=4.158627e+10 Msun
DEBUG: sample z (first valid): [0.54274953 4.46133333 6.78799762 2.30722648 4.46133333 4.75735746
 1.98026376 1.06464621 9.13547788 3.32809404]
DEBUG: Planck15 ages (Gyr): [8.29979944 1.35071033 0.79367333 2.84627711 1.35071033 1.24816389
 3.3157904  5.60917042 0.53434721 1.91100413]
DEBUG: cosmo_colibre ages (Gyr): [8.29171678 1.3526853  0.7955397  2.84783155 1.3526853  1.25013301
 3.31703389 5.6075655  0.5360726  1.91292578]
DEBUG: us.look_back_time -> ages (Gyr): [8.29171679 1.35268531 0.7955397  2.84783155 1.35268531 1.25013301
 3.31703389 5.6075655  0.5360726  1.91292578]
[38/100] subhalo 3320016 done; total_formed=6.963e+00
Building SWIFTGalaxy for subhalo 8231679 (soap_index=4632859)
Read masses: Nstars=54686, sum_current=7.521513e+10 Msun
DEBUG: sample z (first valid): [5.86960168 2.26049751 0.32481604 0.2490661  0.42098873 1.26674045
 0.34858836 0.79826583 0.81299104 0.28663421]
DEBUG: Planck15 ages (Gyr): [ 0.95802201  2.90648662 10.04032145 10.77203248  9.21147725  4.91931478
  9.82557067  6.7800829   6.70578579 10.3998168 ]
DEBUG: cosmo_colibre ages (Gyr): [ 0.95994218  2.90800597 10.02620375 10.75497132  9.20040817  4.91881202
  9.81227256  6.77609083  6.70196488 10.38428174]
DEBUG: us.look_back_time -> ages (Gyr): [ 0.95994218  2.90800598 10.02620375 10.75497132  9.20040817  4.91881202
  9.81227256  6.77609083  6.70196489 10.38428175]
[39/100] subhalo 8231679 done; total_formed=1.242e+01
Building SWIFTGalaxy for subhalo 793317 (soap_index=4635189)
Read masses: Nstars=34143, sum_current=4.693599e+10 Msun
DEBUG: sample z (first valid): [0.56395571 1.61099602 0.60093805 0.99926785 2.55247181 3.99436062
 0.87202925 0.06444906 0.05045842 2.32400081]
DEBUG: Planck15 ages (Gyr): [ 8.15488686  4.01839161  7.9111286   5.86552132  2.5613417   1.54370443
  6.42020177 12.9095614  13.09537441  2.82516088]
DEBUG: cosmo_colibre ages (Gyr): [ 8.14724254  4.01900471  7.90419879  5.86345003  2.56304334  1.54567653
  6.41701378 12.88266692 13.06754586  2.82672729]
DEBUG: us.look_back_time -> ages (Gyr): [ 8.14724254  4.01900471  7.90419879  5.86345003  2.56304334  1.54567653
  6.41701379 12.88266692 13.06754586  2.82672729]
[40/100] subhalo 793317 done; total_formed=7.751e+00
Building SWIFTGalaxy for subhalo 72053 (soap_index=4778412)
Read masses: Nstars=8773, sum_current=1.316869e+10 Msun
DEBUG: sample z (first valid): [4.43371196 4.78684327 2.96419066 4.73820156 3.24291079 2.47892558
 2.78820809 4.32769694 4.15787817 3.93903082]
DEBUG: Planck15 ages (Gyr): [1.36098937 1.2386592  2.17743883 1.25440381 1.96835988 2.64169323
 2.32909333 1.4016733  1.47119086 1.56959212]
DEBUG: cosmo_colibre ages (Gyr): [1.36296464 1.2406275  2.17928995 1.25637344 1.97026868 2.6433565
 2.33089211 1.40364922 1.47316608 1.57156254]
DEBUG: us.look_back_time -> ages (Gyr): [1.36296464 1.2406275  2.17928996 1.25637344 1.97026869 2.6433565
 2.33089211 1.40364923 1.47316608 1.57156254]
[41/100] subhalo 72053 done; total_formed=2.219e+00
Building SWIFTGalaxy for subhalo 74170 (soap_index=4778413)
Read masses: Nstars=31820, sum_current=4.133555e+10 Msun
DEBUG: sample z (first valid): [2.90234608 2.18476042 5.0580514  3.35397289 3.82947679 2.23251455
 3.89293714 4.20457433 2.85143394 4.84725196]
DEBUG: Planck15 ages (Gyr): [2.22883004 3.00861104 1.15658461 1.89412466 1.62302378 2.94354854
 1.59171258 1.45151434 2.27265639 1.21955759]
DEBUG: cosmo_colibre ages (Gyr): [2.23066441 3.01006769 1.15854376 1.89604984 1.62498979 2.94504561
 1.59368132 1.45348998 2.27447567 1.2215241 ]
DEBUG: us.look_back_time -> ages (Gyr): [2.23066442 3.01006769 1.15854376 1.89604984 1.6249898  2.94504561
 1.59368133 1.45348999 2.27447568 1.2215241 ]
[42/100] subhalo 74170 done; total_formed=6.984e+00
Building SWIFTGalaxy for subhalo 388668 (soap_index=4778449)
Read masses: Nstars=60907, sum_current=8.371569e+10 Msun
DEBUG: sample z (first valid): [0.56306048 0.28240451 0.37622848 0.2892666  0.25634537 1.32859579
 1.29339306 1.70206976 0.53264733 1.22684336]
DEBUG: Planck15 ages (Gyr): [ 8.16092719 10.44078599  9.58422488 10.37443674 10.69842429  4.73486688
  4.83845613  3.82401753  8.37019674  5.04444577]
DEBUG: cosmo_colibre ages (Gyr): [ 8.1532648  10.42508584  9.57182324 10.35900359 10.68166959  4.73462181
  4.83806823  3.82482539  8.36189751  5.04375941]
DEBUG: us.look_back_time -> ages (Gyr): [ 8.1532648  10.42508584  9.57182325 10.35900359 10.68166959  4.73462181
  4.83806823  3.8248254   8.36189752  5.04375941]
[43/100] subhalo 388668 done; total_formed=1.387e+01
Building SWIFTGalaxy for subhalo 1615965 (soap_index=4778551)
Read masses: Nstars=12425, sum_current=1.894298e+10 Msun
DEBUG: sample z (first valid): [2.46824725 5.81318224 2.10420614 2.17457857 2.34265021 2.40411386
 2.55093195 2.06014195 3.70770778 3.795551  ]
DEBUG: Planck15 ages (Gyr): [2.65370397 0.96993915 3.12383535 3.02278807 2.80198423 2.72776584
 2.5629827  3.189952   1.68603993 1.64018367]
DEBUG: cosmo_colibre ages (Gyr): [2.65536129 0.9718624  3.12521638 3.0242357  2.80356359 2.72938527
 2.56468358 3.1912873  1.68799917 1.64214801]
DEBUG: us.look_back_time -> ages (Gyr): [2.65536129 0.9718624  3.12521639 3.0242357  2.8035636  2.72938527
 2.56468358 3.1912873  1.68799917 1.64214801]
[44/100] subhalo 1615965 done; total_formed=3.181e+00
Building SWIFTGalaxy for subhalo 1616279 (soap_index=4778552)
Read masses: Nstars=3277, sum_current=5.185203e+09 Msun
DEBUG: sample z (first valid): [1.75616116 2.64412811 2.39635158 2.0710403  2.15349822 2.17365617
 2.91306425 2.99171641 2.65632671 2.40482128]
DEBUG: Planck15 ages (Gyr): [3.71567387 2.46669077 2.73695989 3.17338799 3.05248985 3.0240778
 2.21978104 2.15519112 2.45452785 2.72693045]
DEBUG: cosmo_colibre ages (Gyr): [3.71658345 2.46843447 2.73857447 3.1747349  3.05391832 3.0255246
 2.22161843 2.15704919 2.45627671 2.72855032]
DEBUG: us.look_back_time -> ages (Gyr): [3.71658346 2.46843447 2.73857447 3.17473491 3.05391832 3.0255246
 2.22161843 2.15704919 2.45627671 2.72855032]
[45/100] subhalo 1616279 done; total_formed=8.722e-01
Building SWIFTGalaxy for subhalo 1970674 (soap_index=4778587)
Read masses: Nstars=6836, sum_current=1.007026e+10 Msun
DEBUG: sample z (first valid): [1.95180614 4.30526997 2.20783162 2.60682444 2.35016869 2.6056338
 3.68616375 2.28534189 2.33550489 2.36116525]
DEBUG: Planck15 ages (Gyr): [3.36259008 1.41053865 2.97688686 2.50450763 2.79272868 2.50573033
 1.69761129 2.87421797 2.81082714 2.77928152]
DEBUG: cosmo_colibre ages (Gyr): [3.36379782 1.41251461 2.97836342 2.50623493 2.79431315 2.50745709
 1.6995691  2.8757563  2.81240159 2.78087336]
DEBUG: us.look_back_time -> ages (Gyr): [3.36379782 1.41251462 2.97836342 2.50623493 2.79431315 2.50745709
 1.69956911 2.8757563  2.81240159 2.78087336]
[46/100] subhalo 1970674 done; total_formed=1.691e+00
Building SWIFTGalaxy for subhalo 3027341 (soap_index=4778630)
Read masses: Nstars=8346, sum_current=1.149152e+10 Msun
DEBUG: sample z (first valid): [2.31895067 3.35368365 3.40459708 1.73911226 3.01175318 1.80836476
 2.20469438 2.06071362 2.06787754 1.77483275]
DEBUG: Planck15 ages (Gyr): [2.8314911  1.89431195 1.86180925 3.74927948 2.13923124 3.61575669
 2.98116849 3.18907964 3.17818046 3.6794271 ]
DEBUG: cosmo_colibre ages (Gyr): [2.83305394 1.89623709 1.86374087 3.75015803 2.14109417 3.61675579
 2.98264239 3.19041555 3.17952402 3.68036963]
DEBUG: us.look_back_time -> ages (Gyr): [2.83305395 1.8962371  1.86374087 3.75015803 2.14109417 3.61675579
 2.98264239 3.19041555 3.17952403 3.68036963]
[47/100] subhalo 3027341 done; total_formed=1.931e+00
Building SWIFTGalaxy for subhalo 4295431 (soap_index=4778757)
Read masses: Nstars=39770, sum_current=5.162704e+10 Msun
DEBUG: sample z (first valid): [4.28388293 2.93090211 2.68345324 2.92431138 5.37757882 2.64981065
 3.32552307 2.81733458 4.01653399 2.7461987 ]
DEBUG: Planck15 ages (Gyr): [1.41907989 2.20485482 2.42783179 2.21035042 1.07088951 2.46101254
 1.91269463 2.30281066 1.53352791 2.36788158]
DEBUG: cosmo_colibre ages (Gyr): [1.42105585 2.20669713 2.42959177 2.21219093 1.07283493 2.46275866
 1.91461591 2.30461913 1.53550059 2.36966555]
DEBUG: us.look_back_time -> ages (Gyr): [1.42105586 2.20669713 2.42959177 2.21219094 1.07283494 2.46275866
 1.91461592 2.30461914 1.5355006  2.36966556]
[48/100] subhalo 4295431 done; total_formed=8.707e+00
Building SWIFTGalaxy for subhalo 134 (soap_index=4819136)
Read masses: Nstars=212945, sum_current=2.720775e+11 Msun
DEBUG: sample z (first valid): [0.41083269 5.66354855 3.04768081 6.98343282 3.55142718 1.29227002
 2.6437229  3.11090202 3.53285378 1.0169888 ]
DEBUG: Planck15 ages (Gyr): [9.29415556 1.00276756 2.1110978  0.76469624 1.77306011 4.84182027
 2.46709651 2.0630513  1.78389582 5.79424436]
DEBUG: cosmo_colibre ages (Gyr): [9.28279641 1.00469878 2.11296905 0.76655069 1.77500726 4.84142764
 2.46884003 2.06493608 1.78584125 5.79230587]
DEBUG: us.look_back_time -> ages (Gyr): [9.28279641 1.00469878 2.11296906 0.76655069 1.77500726 4.84142764
 2.46884004 2.06493609 1.78584125 5.79230588]
[49/100] subhalo 134 done; total_formed=4.548e+01
Building SWIFTGalaxy for subhalo 811345 (soap_index=4827089)
Read masses: Nstars=62795, sum_current=7.823350e+10 Msun
DEBUG: sample z (first valid): [0.22268657 0.13016486 0.12954154 1.79423552 1.36319054 0.12411664
 0.12581598 0.1012973  1.01290006 0.22607199]
DEBUG: Planck15 ages (Gyr): [11.04498252 12.08470077 12.09216994  3.64236535  4.63647912 12.1574526
 12.13694924 12.4375937   5.81056887 11.00940083]
DEBUG: cosmo_colibre ages (Gyr): [11.02676531 12.06180628 12.06924033  3.64334101  4.63636526 12.13421524
 12.11380871 12.41301787  5.80860018 10.99133607]
DEBUG: us.look_back_time -> ages (Gyr): [11.02676531 12.06180628 12.06924033  3.64334101  4.63636526 12.13421524
 12.11380871 12.41301787  5.80860018 10.99133607]
[50/100] subhalo 811345 done; total_formed=1.315e+01
Building SWIFTGalaxy for subhalo 104554 (soap_index=4844918)
Read masses: Nstars=620083, sum_current=7.656047e+11 Msun
DEBUG: sample z (first valid): [1.06152878 1.56320401 4.80426889 1.8543554  1.11884901 1.71078756
 1.58830964 1.68150573 1.10699588 1.17828891]
DEBUG: Planck15 ages (Gyr): [5.62099046 4.12686972 1.23309842 3.5312971  5.40976594 3.80621221
 4.06930351 3.86655653 5.45240509 5.20369342]
DEBUG: cosmo_colibre ages (Gyr): [5.61936472 4.12736717 1.23506621 3.53236868 5.40850233 3.80703712
 4.06986295 3.86732312 5.45107007 5.20276302]
DEBUG: us.look_back_time -> ages (Gyr): [5.61936472 4.12736717 1.23506622 3.53236869 5.40850234 3.80703713
 4.06986295 3.86732313 5.45107007 5.20276302]
[51/100] subhalo 104554 done; total_formed=1.278e+02
Building SWIFTGalaxy for subhalo 3116235 (soap_index=4845138)
Read masses: Nstars=11936, sum_current=1.558504e+10 Msun
DEBUG: sample z (first valid): [3.24236147 3.91016708 1.53465347 2.36288998 3.86569159 6.18360189
 7.77440086 3.48262654 2.53980771 2.56328839]
DEBUG: Planck15 ages (Gyr): [1.96873895 1.58338378 4.1939483  2.77718206 1.60503183 0.89592376
 0.66358752 1.81375387 2.57488906 2.54986326]
DEBUG: cosmo_colibre ages (Gyr): [1.97064766 1.58535318 4.19437173 2.77877504 1.60699946 0.89782618
 0.66539354 1.81569429 2.57658441 2.55157018]
DEBUG: us.look_back_time -> ages (Gyr): [1.97064767 1.58535319 4.19437174 2.77877504 1.60699946 0.89782618
 0.66539354 1.8156943  2.57658441 2.55157018]
[52/100] subhalo 3116235 done; total_formed=2.619e+00
Building SWIFTGalaxy for subhalo 3441646 (soap_index=4845172)
Read masses: Nstars=22958, sum_current=3.100212e+10 Msun
DEBUG: sample z (first valid): [6.51215039 1.80260007 2.58433603 3.60127782 2.86597452 2.57339149
 2.2037544  1.66082014 1.75361345 3.93903082]
DEBUG: Planck15 ages (Gyr): [0.8377985  3.62657469 2.5277687  1.74450946 2.25999551 2.53921815
 2.98245331 3.91012564 3.72066462 1.56959212]
DEBUG: cosmo_colibre ages (Gyr): [0.83968153 3.62756429 2.52948565 1.74646093 2.26181923 2.54092992
 2.98392641 3.91084917 3.72156962 1.57156254]
DEBUG: us.look_back_time -> ages (Gyr): [0.83968154 3.6275643  2.52948565 1.74646093 2.26181923 2.54092992
 2.98392641 3.91084917 3.72156962 1.57156254]
[53/100] subhalo 3441646 done; total_formed=5.204e+00
Building SWIFTGalaxy for subhalo 2023060 (soap_index=4902546)
Read masses: Nstars=14661, sum_current=2.039942e+10 Msun
DEBUG: sample z (first valid): [ 3.49399986 10.62398013  2.77381089  0.85865003  1.63027773  3.87401458
  7.43394891  1.91893818  2.50760009  1.50405013]
DEBUG: Planck15 ages (Gyr): [1.80692082 0.4348824  2.34226795 6.48324588 3.97592458 1.60094352
 0.7042107  3.41799703 2.60987899 4.26782311]
DEBUG: cosmo_colibre ages (Gyr): [1.80886242 0.43652663 2.34406176 6.47992157 3.97658158 1.60291151
 0.70603753 3.41916132 2.61155774 4.26816278]
DEBUG: us.look_back_time -> ages (Gyr): [1.80886243 0.43652663 2.34406176 6.47992157 3.97658158 1.60291151
 0.70603753 3.41916132 2.61155774 4.26816279]
[54/100] subhalo 2023060 done; total_formed=3.400e+00
Building SWIFTGalaxy for subhalo 235296 (soap_index=4930886)
Read masses: Nstars=20665, sum_current=2.809604e+10 Msun
DEBUG: sample z (first valid): [5.65678009 4.72216886 2.56600283 2.14170662 6.90352147 4.86346963
 1.713706   1.58137703 1.52061538 1.64108971]
DEBUG: Planck15 ages (Gyr): [1.00429603 1.25966626 2.54699599 3.06931285 0.77632877 1.2145126
 3.80028155 4.08506952 4.22757755 3.95242834]
DEBUG: cosmo_colibre ages (Gyr): [1.0062276  1.26163631 2.54870422 3.07073031 0.7781881  1.21647859
 3.80111211 4.08561213 4.22796315 3.9531093 ]
DEBUG: us.look_back_time -> ages (Gyr): [1.0062276  1.26163632 2.54870423 3.07073031 0.7781881  1.2164786
 3.80111212 4.08561213 4.22796315 3.95310931]
[55/100] subhalo 235296 done; total_formed=4.655e+00
Building SWIFTGalaxy for subhalo 2556 (soap_index=4936729)
Read masses: Nstars=84444, sum_current=1.053778e+11 Msun
DEBUG: sample z (first valid): [2.46165223 2.33754329 2.43372105 2.8044816  0.32749959 0.33019404
 3.15178967 4.26520447 4.58466127 0.28501961]
DEBUG: Planck15 ages (Gyr): [ 2.66116678  2.8082998   2.69315879  2.31434815 10.01573812  9.99114318
  2.03293108  1.42660982  1.30634758 10.41542841]
DEBUG: cosmo_colibre ages (Gyr): [ 2.66282038  2.80987565  2.69479618  2.3161524  10.00171528  9.97721498
  2.03482388  1.42858575  1.30832069 10.39983052]
DEBUG: us.look_back_time -> ages (Gyr): [ 2.66282038  2.80987565  2.69479619  2.3161524  10.00171528  9.97721498
  2.03482388  1.42858576  1.30832069 10.39983053]
[56/100] subhalo 2556 done; total_formed=1.756e+01
Building SWIFTGalaxy for subhalo 24214 (soap_index=4943942)
Read masses: Nstars=19950, sum_current=2.902173e+10 Msun
DEBUG: sample z (first valid): [2.8044816  8.87136617 3.10138307 0.60297427 4.01461474 0.78338957
 7.03235691 2.16599034 2.44418751 5.95415959]
DEBUG: Planck15 ages (Gyr): [2.31434815 0.5559728  2.07016939 7.89802822 1.53440436 6.85644052
 0.75771668 3.03483139 2.68109699 0.94061105]
DEBUG: cosmo_colibre ages (Gyr): [2.3161524  0.55771341 2.07205222 7.891136   1.53637699 6.85226975
 0.75956813 3.03627128 2.68274054 0.94252653]
DEBUG: us.look_back_time -> ages (Gyr): [2.3161524  0.55771341 2.07205222 7.891136   1.53637699 6.85226975
 0.75956814 3.03627129 2.68274054 0.94252654]
[57/100] subhalo 24214 done; total_formed=4.573e+00
Building SWIFTGalaxy for subhalo 3401319 (soap_index=4988463)
Read masses: Nstars=79026, sum_current=1.092057e+11 Msun
DEBUG: sample z (first valid): [0.09124817 6.96790274 0.08295327 2.89168646 4.83371907 1.03136817
 2.63281596 0.94261323 0.13102306 0.33224915]
DEBUG: Planck15 ages (Gyr): [12.56386108  0.76693415 12.66945388  2.23789012  1.22379409  5.73740271
  2.47805874  6.10286764 12.0744279   9.97244332]
DEBUG: cosmo_colibre ages (Gyr): [12.53867266  0.76878955 12.6437488   2.23972143  1.22576101  5.7355684
  2.47979757  6.10033663 12.05158166  9.95858689]
DEBUG: us.look_back_time -> ages (Gyr): [12.53867266  0.76878955 12.6437488   2.23972143  1.22576102  5.7355684
  2.47979757  6.10033663 12.05158166  9.95858689]
[58/100] subhalo 3401319 done; total_formed=1.806e+01
Building SWIFTGalaxy for subhalo 3088034 (soap_index=4993806)
Read masses: Nstars=23493, sum_current=3.075159e+10 Msun
DEBUG: sample z (first valid): [0.36023246 0.36784104 1.24561404 0.69553969 1.2167501  0.1480625
 2.7055298  9.80471519 0.96239071 2.69967258]
DEBUG: Planck15 ages (Gyr): [ 9.72282433  9.65653486  4.98495051  7.33557245  5.07690585 11.87300032
  2.40645646  0.4853889   6.01833088  2.41209735]
DEBUG: cosmo_colibre ages (Gyr): [ 9.70991107  9.64386738  4.98435233  7.33021544  5.07617069 11.85109223
  2.40822515  0.4870768   6.01596671  2.41386376]
DEBUG: us.look_back_time -> ages (Gyr): [ 9.70991107  9.64386738  4.98435234  7.33021544  5.07617069 11.85109223
  2.40822515  0.48707681  6.01596671  2.41386376]
[59/100] subhalo 3088034 done; total_formed=5.122e+00
Building SWIFTGalaxy for subhalo 2479 (soap_index=5004751)
Read masses: Nstars=166555, sum_current=2.186094e+11 Msun
DEBUG: sample z (first valid): [1.79280661 1.41527235 0.14693735 0.06903302 1.44811356 1.43628253
 3.78574558 2.36807483 1.62627234 4.86346963]
DEBUG: Planck15 ages (Gyr): [ 3.64507403  4.4944124  11.88615335 12.84948754  4.40838433  4.43906878
  1.64519936  2.77088638  3.98468637  1.2145126 ]
DEBUG: cosmo_colibre ages (Gyr): [ 3.64604729  4.49448039 11.86418446 12.82289253  4.40855811  4.43920519
  1.64716318  2.77248278  3.98533437  1.21647859]
DEBUG: us.look_back_time -> ages (Gyr): [ 3.64604729  4.49448039 11.86418446 12.82289253  4.40855811  4.4392052
  1.64716319  2.77248278  3.98533437  1.2164786 ]
[60/100] subhalo 2479 done; total_formed=3.663e+01
Building SWIFTGalaxy for subhalo 25656 (soap_index=5035432)
Read masses: Nstars=449487, sum_current=5.669100e+11 Msun
DEBUG: sample z (first valid): [0.02624491 0.06819664 1.16604971 1.21900183 1.40923462 1.43013942
 1.21900183 1.0968836  1.08886339 0.34372181]
DEBUG: Planck15 ages (Gyr): [13.42594634 12.86041912  5.24509705  5.06963552  4.51052172  4.45513683
  5.06963552  5.48920341  5.5186685   9.86898371]
DEBUG: cosmo_colibre ages (Gyr): [13.39642739 12.83376971  5.24410128  5.06891133  4.51056954  4.45525352
  5.06891133  5.48780607  5.5172208   9.85552157]
DEBUG: us.look_back_time -> ages (Gyr): [13.39642739 12.83376971  5.24410129  5.06891133  4.51056954  4.45525353
  5.06891133  5.48780607  5.5172208   9.85552157]
[61/100] subhalo 25656 done; total_formed=9.502e+01
Building SWIFTGalaxy for subhalo 506014 (soap_index=5035445)
Read masses: Nstars=31644, sum_current=4.218062e+10 Msun
DEBUG: sample z (first valid): [4.02499617 6.22796956 1.88933956 7.50233524 3.70872252 6.8712467
 3.43950684 4.53934579 0.73027775 1.59199494]
DEBUG: Planck15 ages (Gyr): [1.52967345 0.88768883 3.46917718 0.69572429 1.68549813 0.78111057
 1.84005243 1.32236353 7.14014739 4.06096243]
DEBUG: cosmo_colibre ages (Gyr): [1.53164634 0.88958867 3.47030024 0.69754692 1.68745744 0.78297187
 1.84198815 1.32433742 7.13528774 4.06153074]
DEBUG: us.look_back_time -> ages (Gyr): [1.53164635 0.88958867 3.47030024 0.69754693 1.68745744 0.78297187
 1.84198816 1.32433743 7.13528774 4.06153074]
[62/100] subhalo 506014 done; total_formed=7.017e+00
Building SWIFTGalaxy for subhalo 4298768 (soap_index=5071218)
Read masses: Nstars=31119, sum_current=4.220935e+10 Msun
DEBUG: sample z (first valid): [0.69553969 2.97525173 3.65190233 2.48632833 4.31344252 3.37694517
 3.73286632 3.1697525  4.22782387 3.2091201 ]
DEBUG: Planck15 ages (Gyr): [7.33557245 2.16845337 1.71628608 2.63341911 1.40729731 1.87934652
 1.67269162 2.01992752 1.44187972 1.99190455]
DEBUG: cosmo_colibre ages (Gyr): [7.33021544 2.17030732 1.71824148 2.63508644 1.40927327 1.88127469
 1.67465244 2.02182368 1.44385551 1.99380771]
DEBUG: us.look_back_time -> ages (Gyr): [7.33021544 2.17030732 1.71824148 2.63508645 1.40927327 1.8812747
 1.67465244 2.02182368 1.44385551 1.99380771]
[63/100] subhalo 4298768 done; total_formed=7.018e+00
Building SWIFTGalaxy for subhalo 9598 (soap_index=5088026)
Read masses: Nstars=495187, sum_current=6.325107e+11 Msun
DEBUG: sample z (first valid): [1.47119155 0.66149478 3.68985258 1.05945572 2.27778334 1.40622705
 1.50137405 2.61239114 2.23986553 2.70469192]
DEBUG: Planck15 ages (Gyr): [4.3495026  7.53514174 1.69562069 5.62887242 2.88397286 4.51858082
 4.27438259 2.498804   2.93373789 2.40726206]
DEBUG: cosmo_colibre ages (Gyr): [4.34974692 7.52925762 1.69757875 5.62723276 2.8855055  4.5186185
 4.27471472 2.50053381 2.93524091 2.40903043]
DEBUG: us.look_back_time -> ages (Gyr): [4.34974692 7.52925762 1.69757876 5.62723276 2.8855055  4.5186185
 4.27471472 2.50053381 2.93524091 2.40903043]
[64/100] subhalo 9598 done; total_formed=1.057e+02
Building SWIFTGalaxy for subhalo 402854 (soap_index=5140278)
Read masses: Nstars=88757, sum_current=1.150686e+11 Msun
DEBUG: sample z (first valid): [ 5.52944107  0.6042299   1.78284501  0.57205911  4.83995723  1.64920365
 10.76694497  1.58402334  2.98056365  3.64234611]
DEBUG: Planck15 ages (Gyr): [1.03378947 7.88996622 3.66404877 8.10051586 1.2218382  3.93494253
 0.42696219 4.0790397  2.16415995 1.7215556 ]
DEBUG: cosmo_colibre ages (Gyr): [1.03572753 7.88309709 3.66500511 8.09303339 1.22380492 3.93564118
 0.42859905 4.07958876 2.16601524 1.72351028]
DEBUG: us.look_back_time -> ages (Gyr): [1.03572754 7.88309709 3.66500511 8.09303339 1.22380493 3.93564118
 0.42859905 4.07958876 2.16601524 1.72351029]
[65/100] subhalo 402854 done; total_formed=1.916e+01
Building SWIFTGalaxy for subhalo 76796 (soap_index=5209117)
Read masses: Nstars=21940, sum_current=2.946321e+10 Msun
DEBUG: sample z (first valid): [1.93436017 1.19037433 1.48656852 1.92023884 1.85360968 1.65779869
 1.0586794  8.41135923 1.85360968 2.06472129]
DEBUG: Planck15 ages (Gyr): [3.39181569 5.16331666 4.3109683  3.41577625 3.5326409  3.9165561
 5.63182855 0.59729499 3.5326409  3.18297486]
DEBUG: cosmo_colibre ages (Gyr): [3.39300066 5.16244924 4.31125797 3.41694231 3.53371135 3.91727321
 5.63018366 0.59906264 3.53371135 3.18431507]
DEBUG: us.look_back_time -> ages (Gyr): [3.39300067 5.16244924 4.31125797 3.41694231 3.53371136 3.91727321
 5.63018367 0.59906264 3.53371136 3.18431507]
[66/100] subhalo 76796 done; total_formed=4.930e+00
Building SWIFTGalaxy for subhalo 156846 (soap_index=5209118)
Read masses: Nstars=23527, sum_current=3.324997e+10 Msun
DEBUG: sample z (first valid): [0.32342488 0.2245142  0.45454545 0.05471868 0.56485196 2.42331801
 0.80938708 3.5419641  0.32610279 0.13991512]
DEBUG: Planck15 ages (Gyr): [10.05310016 11.02575313  8.9458988  13.03839687  8.14884635  2.70523606
  6.72385316  1.77856722 10.0285229  11.96871249]
DEBUG: cosmo_colibre ages (Gyr): [10.03893305 11.00761837  8.93574005 13.010856    8.14122008  2.70686724
  6.71999087  1.78051349 10.01445076 11.94636053]
DEBUG: us.look_back_time -> ages (Gyr): [10.03893306 11.00761837  8.93574005 13.010856    8.14122008  2.70686724
  6.71999088  1.7805135  10.01445077 11.94636053]
[67/100] subhalo 156846 done; total_formed=5.495e+00
Building SWIFTGalaxy for subhalo 3141633 (soap_index=5234874)
Read masses: Nstars=66037, sum_current=8.604626e+10 Msun
DEBUG: sample z (first valid): [5.1686747  8.19416386 0.26176357 5.05693161 0.05424361 4.41709373
 3.96409635 5.03240059 0.04463147 6.02497588]
DEBUG: Planck15 ages (Gyr): [ 1.12566538  0.61861416 10.64410555  1.15690478 13.04473324  1.36723638
  1.55777603  1.16395577 13.17387321  0.92643018]
DEBUG: cosmo_colibre ages (Gyr): [ 1.12762009  0.62039479 10.62757553  1.15886397 13.01716043  1.3692118
  1.55974725  1.1659159  13.14564654  0.92834168]
DEBUG: us.look_back_time -> ages (Gyr): [ 1.12762009  0.62039479 10.62757553  1.15886398 13.01716043  1.3692118
  1.55974725  1.1659159  13.14564654  0.92834169]
[68/100] subhalo 3141633 done; total_formed=1.427e+01
Building SWIFTGalaxy for subhalo 77613 (soap_index=5252239)
Read masses: Nstars=12234, sum_current=1.524073e+10 Msun
DEBUG: sample z (first valid): [5.24449738 6.03931257 3.40370918 6.9351011  4.86924593 6.67400468
 2.07709644 2.68303923 5.26958768 4.98392988]
DEBUG: Planck15 ages (Gyr): [1.10525693 0.92360249 1.86236816 0.77169686 1.21272406 0.81142868
 3.16424411 2.42823563 1.09863857 1.17809937]
DEBUG: cosmo_colibre ages (Gyr): [1.10720839 0.92551318 1.86429967 0.77355426 1.21468988 0.81330196
 3.1655974  2.42999545 1.10058892 1.18006128]
DEBUG: us.look_back_time -> ages (Gyr): [1.1072084  0.92551318 1.86429968 0.77355427 1.21468988 0.81330197
 3.1655974  2.42999545 1.10058893 1.18006128]
[69/100] subhalo 77613 done; total_formed=2.569e+00
Building SWIFTGalaxy for subhalo 193672 (soap_index=5288667)
Read masses: Nstars=273286, sum_current=3.523135e+11 Msun
DEBUG: sample z (first valid): [0.87288523 6.72830189 5.91162202 1.08355058 0.42234569 5.12543228
 2.67560292 3.84447073 1.048      0.25317424]
DEBUG: Planck15 ages (Gyr): [ 6.41620076  0.80288998  0.94930346  5.53832473  9.20051278  1.13758642
  2.4355082   1.61553428  5.67274378 10.7304014 ]
DEBUG: cosmo_colibre ages (Gyr): [ 6.41302136  0.80475998  0.95122131  5.53684322  9.18948193  1.13954291
  2.43726501  1.61750098  5.6710261  10.71351385]
DEBUG: us.look_back_time -> ages (Gyr): [ 6.41302136  0.80475998  0.95122132  5.53684322  9.18948194  1.13954291
  2.43726502  1.61750098  5.67102611 10.71351385]
[70/100] subhalo 193672 done; total_formed=5.865e+01
Building SWIFTGalaxy for subhalo 4426881 (soap_index=5288724)
Read masses: Nstars=39613, sum_current=5.091026e+10 Msun
DEBUG: sample z (first valid): [2.89863177 0.16745048 3.2112839  2.12761287 4.14896292 4.30827798
 1.10483042 0.26791518 0.26527145 0.21004431]
DEBUG: Planck15 ages (Gyr): [ 2.23198012 11.64957121  1.99038295  3.08962013  1.47499781  1.4093442
  5.46025228 10.58291573 10.60915041 11.17932526]
DEBUG: cosmo_colibre ages (Gyr): [ 2.23381343 11.62868562  1.99228648  3.09102416  1.47697292  1.41132016
  5.45890402 10.56663731 10.59276431 11.16052781]
DEBUG: us.look_back_time -> ages (Gyr): [ 2.23381343 11.62868562  1.99228648  3.09102416  1.47697293  1.41132016
  5.45890403 10.56663731 10.59276431 11.16052781]
[71/100] subhalo 4426881 done; total_formed=8.545e+00
Building SWIFTGalaxy for subhalo 5986878 (soap_index=5391323)
Read masses: Nstars=12173, sum_current=1.826792e+10 Msun
DEBUG: sample z (first valid): [0.30737312 6.56592011 0.15185602 1.32035123 1.61578989 3.98410526
 5.88403361 0.09233949 8.0363323  6.55806712]
DEBUG: Planck15 ages (Gyr): [10.2022744   0.82888206 11.82880653  4.7588078   4.00776507  1.54844906
  0.95501267 12.55006126  0.63491298  0.83017444]
DEBUG: cosmo_colibre ages (Gyr): [10.18752515  0.83076186 11.8071022   4.75853015  4.00838922  1.55042087
  0.95693204 12.52494007  0.63670311  0.83205471]
DEBUG: us.look_back_time -> ages (Gyr): [10.18752515  0.83076187 11.8071022   4.75853015  4.00838922  1.55042088
  0.95693204 12.52494007  0.63670312  0.83205471]
[72/100] subhalo 5986878 done; total_formed=2.852e+00
Building SWIFTGalaxy for subhalo 1767587 (soap_index=5446309)
Read masses: Nstars=129597, sum_current=1.760204e+11 Msun
DEBUG: sample z (first valid): [0.2532701  0.27462269 0.08023999 0.26566242 0.5047759  0.09015903
 5.41126981 0.72681282 3.98410526 0.49954238]
DEBUG: Planck15 ages (Gyr): [10.72943275 10.51677425 12.7042651  10.60526478  8.56912478 12.57765472
  1.06246983  7.15927979  1.54844906  8.60726593]
DEBUG: cosmo_colibre ages (Gyr): [10.71254923 10.50076601 12.67838883 10.58889465  8.56020077 12.55239903
  1.06441366  7.15437227  1.55042087  8.59821998]
DEBUG: us.look_back_time -> ages (Gyr): [10.71254923 10.50076601 12.67838883 10.58889465  8.56020077 12.55239903
  1.06441366  7.15437227  1.55042088  8.59821998]
[73/100] subhalo 1767587 done; total_formed=2.934e+01
Building SWIFTGalaxy for subhalo 11876 (soap_index=5453348)
Read masses: Nstars=114525, sum_current=1.430885e+11 Msun
DEBUG: sample z (first valid): [3.70872252 7.60673715 5.75907591 3.01077111 3.4755856  2.07075251
 3.02728446 4.38416037 4.40057684 4.91106702]
DEBUG: Planck15 ages (Gyr): [1.68549813 0.68309221 0.98160088 2.14000894 1.81800549 3.17382358
 2.12699385 1.37975791 1.37349256 1.19990424]
DEBUG: cosmo_colibre ages (Gyr): [1.68745744 0.68490846 0.98352704 2.14187163 1.81994517 3.1751702
 2.12886044 1.38173358 1.37546812 1.20186869]
DEBUG: us.look_back_time -> ages (Gyr): [1.68745744 0.68490847 0.98352704 2.14187163 1.81994517 3.1751702
 2.12886044 1.38173358 1.37546812 1.20186869]
[74/100] subhalo 11876 done; total_formed=2.381e+01
Building SWIFTGalaxy for subhalo 13159 (soap_index=5498765)
Read masses: Nstars=42258, sum_current=5.705582e+10 Msun
DEBUG: sample z (first valid): [0.19748575 5.5164562  3.70872252 0.42024965 0.43066713 0.43179236
 5.03240059 6.5268175  0.         5.20664836]
DEBUG: Planck15 ages (Gyr): [11.31511004  1.0368777   1.68549813  9.21745717  9.13369434  9.12471423
  1.16395577  0.83535055 13.7976159   1.11536688]
DEBUG: cosmo_colibre ages (Gyr): [11.29571868  1.03881641  1.68745744  9.20636722  9.12289527  9.11394615
  1.1659159   0.8372327  13.76615402  1.11731998]
DEBUG: us.look_back_time -> ages (Gyr): [11.29571868  1.03881641  1.68745744  9.20636722  9.12289527  9.11394615
  1.1659159   0.83723271 13.76615402  1.11731998]
[75/100] subhalo 13159 done; total_formed=9.501e+00
Building SWIFTGalaxy for subhalo 1779508 (soap_index=5538206)
Read masses: Nstars=17664, sum_current=2.478987e+10 Msun
DEBUG: sample z (first valid): [4.08661906 2.54363577 5.88403361 3.45762481 1.94861873 4.50583886
 6.60366632 2.00761817 6.51215039 6.51215039]
DEBUG: Planck15 ages (Gyr): [1.5020823  2.57078161 0.95501267 1.82892598 3.36789893 1.33441663
 0.82271652 3.27179806 0.8377985  0.8377985 ]
DEBUG: cosmo_colibre ages (Gyr): [1.50405647 2.57247887 0.95693204 1.83086373 3.36910256 1.33639103
 0.82459406 3.27307436 0.83968153 0.83968153]
DEBUG: us.look_back_time -> ages (Gyr): [1.50405648 2.57247887 0.95693204 1.83086373 3.36910257 1.33639104
 0.82459406 3.27307436 0.83968154 0.83968154]
[76/100] subhalo 1779508 done; total_formed=4.102e+00
Building SWIFTGalaxy for subhalo 13923 (soap_index=5575017)
Read masses: Nstars=39766, sum_current=5.319641e+10 Msun
DEBUG: sample z (first valid): [0.97850501 0.24773437 2.41653634 7.95912509 4.46680013 8.33494765
 2.07709644 2.20626223 6.13977557 1.34023711]
DEBUG: Planck15 ages (Gyr): [ 5.95079876 10.78557792  2.71315712  0.64314782  1.34869117  0.60465415
  3.16424411  2.97902746  0.90418359  4.70138887]
DEBUG: cosmo_colibre ages (Gyr): [ 5.9485654  10.76846013  2.71478419  0.64494261  1.35066608  0.60642635
  3.1655974   2.98050269  0.90608854  4.70118893]
DEBUG: us.look_back_time -> ages (Gyr): [ 5.9485654  10.76846013  2.7147842   0.64494262  1.35066608  0.60642635
  3.1655974   2.98050269  0.90608854  4.70118893]
[77/100] subhalo 13923 done; total_formed=8.887e+00
Building SWIFTGalaxy for subhalo 15459 (soap_index=5646718)
Read masses: Nstars=207116, sum_current=2.718742e+11 Msun
DEBUG: sample z (first valid): [5.00806747 1.2347405  2.9460501  7.24767178 3.10369443 1.23825137
 4.68740779 0.58636716 4.6819837  2.05216095]
DEBUG: Planck15 ages (Gyr): [1.17102065 5.01927806 2.19230895 0.72822127 2.06843727 5.00815328
 1.27120265 8.00583877 1.2730186  3.20217183]
DEBUG: cosmo_colibre ages (Gyr): [1.17298168 5.0186292  2.19415533 0.73005952 2.07032058 5.00752091
 1.27317356 7.99863474 1.27498964 3.20349848]
DEBUG: us.look_back_time -> ages (Gyr): [1.17298168 5.0186292  2.19415533 0.73005953 2.07032058 5.00752091
 1.27317357 7.99863475 1.27498964 3.20349849]
[78/100] subhalo 15459 done; total_formed=4.551e+01
Building SWIFTGalaxy for subhalo 86915 (soap_index=5665071)
Read masses: Nstars=71660, sum_current=9.034366e+10 Msun
DEBUG: sample z (first valid): [0.68351829 3.15178967 1.63302531 2.1595796  1.23260884 0.7259033
 0.54187841 0.56008379 0.57205911 0.50712906]
DEBUG: Planck15 ages (Gyr): [7.40511034 2.03293108 3.96993225 3.04387247 5.0260518  7.16431493
 8.30583476 8.18106026 8.10051586 8.55205754]
DEBUG: cosmo_colibre ages (Gyr): [7.39957187 2.03482388 3.97059539 3.04530653 5.02539287 7.15939478
 8.29773364 8.17333752 8.09303339 8.54318788]
DEBUG: us.look_back_time -> ages (Gyr): [7.39957187 2.03482388 3.97059539 3.04530653 5.02539287 7.15939478
 8.29773364 8.17333752 8.09303339 8.54318788]
[79/100] subhalo 86915 done; total_formed=1.508e+01
Building SWIFTGalaxy for subhalo 87128 (soap_index=5665075)
Read masses: Nstars=32154, sum_current=4.286252e+10 Msun
DEBUG: sample z (first valid): [2.05529138 2.67931731 1.70073354 1.4175889  0.13833113 1.32562101
 2.63725164 3.9290012  1.78284501 6.21285494]
DEBUG: Planck15 ages (Gyr): [ 3.19736969  2.43187112  3.82675858  4.48825609 11.98744767  4.74348293
  2.47359092  1.57436183  3.66404877  0.89048003]
DEBUG: cosmo_colibre ages (Gyr): [ 3.19869975  2.43362943  3.82756381  4.48833176 11.96500841  4.74322616
  2.47533167  1.5763319   3.66500511  0.89238075]
DEBUG: us.look_back_time -> ages (Gyr): [ 3.19869975  2.43362943  3.82756381  4.48833176 11.96500842  4.74322617
  2.47533168  1.57633191  3.66500511  0.89238075]
[80/100] subhalo 87128 done; total_formed=7.186e+00
Building SWIFTGalaxy for subhalo 3240490 (soap_index=5665204)
Read masses: Nstars=295883, sum_current=3.802551e+11 Msun
DEBUG: sample z (first valid): [0.02157376 1.28523607 0.53652818 1.94570298 2.59416475 0.45933909
 0.46298777 0.87954572 1.54232291 0.78203176]
DEBUG: Planck15 ages (Gyr): [13.49106276  4.86297625  8.3430474   3.3727673   2.51755874  8.90888903
  8.88087128  6.38520038  4.17575735  6.86347596]
DEBUG: cosmo_colibre ages (Gyr): [13.46120661  4.86255383  8.33483198  3.37396715  2.51928026  8.89885452
  8.8709304   6.38208724  4.17620105  6.85928857]
DEBUG: us.look_back_time -> ages (Gyr): [13.46120661  4.86255383  8.33483198  3.37396715  2.51928027  8.89885453
  8.8709304   6.38208724  4.17620105  6.85928858]
[81/100] subhalo 3240490 done; total_formed=6.359e+01
Building SWIFTGalaxy for subhalo 14649 (soap_index=5699324)
Read masses: Nstars=261778, sum_current=3.343512e+11 Msun
DEBUG: sample z (first valid): [2.06787754 0.97065191 0.97421376 1.29918608 5.06927209 1.01910161
 0.86054963 0.75680892 4.68740779 4.82024867]
DEBUG: Planck15 ages (Gyr): [3.17818046 5.9835606  5.96866623 4.82116179 1.1533845  5.78583708
 6.47423639 6.99621527 1.27120265 1.22803534]
DEBUG: cosmo_colibre ages (Gyr): [3.17952402 5.98126404 5.96639847 4.82079807 1.15534322 5.7839141
 6.47093169 6.99171001 1.27317356 1.23000267]
DEBUG: us.look_back_time -> ages (Gyr): [3.17952403 5.98126405 5.96639847 4.82079807 1.15534322 5.7839141
 6.47093169 6.99171001 1.27317357 1.23000267]
[82/100] subhalo 14649 done; total_formed=5.593e+01
Building SWIFTGalaxy for subhalo 18340 (soap_index=5799457)
Read masses: Nstars=110782, sum_current=1.469568e+11 Msun
DEBUG: sample z (first valid): [0.44939844 1.73934125 1.16176277 1.1350013  0.86627178 9.3540564
 0.958169   3.34790685 3.53976171 7.1971232 ]
DEBUG: Planck15 ages (Gyr): [8.98589142 3.74882486 5.25972292 5.35250503 6.44721425 0.51748612
 6.03622174 1.89805906 1.77985297 0.73497236]
DEBUG: cosmo_colibre ages (Gyr): [8.97559769 3.74970383 5.25870388 5.35133599 6.44396809 0.51919909
 6.03382254 1.89998342 1.78179905 0.73681371]
DEBUG: us.look_back_time -> ages (Gyr): [8.97559769 3.74970383 5.25870388 5.35133599 6.44396809 0.5191991
 6.03382254 1.89998342 1.78179905 0.73681372]
[83/100] subhalo 18340 done; total_formed=2.444e+01
Building SWIFTGalaxy for subhalo 935315 (soap_index=5826905)
Read masses: Nstars=39599, sum_current=5.532087e+10 Msun
DEBUG: sample z (first valid): [0.96804805 4.68740779 3.91384869 7.61522282 0.30477025 0.63627285
 4.15950244 3.81528288 0.08460214 6.18360189]
DEBUG: Planck15 ages (Gyr): [ 5.99448589  1.27120265  1.58161349  0.68208226 10.22676683  7.68837408
  1.47049903  1.63016681 12.64836452  0.89592376]
DEBUG: cosmo_colibre ages (Gyr): [ 5.99216815  1.27317356  1.58358302  0.68389799 10.21192108  7.68207208
  1.47247426  1.63213214 12.62276294  0.89782618]
DEBUG: us.look_back_time -> ages (Gyr): [ 5.99216815  1.27317357  1.58358302  0.683898   10.21192108  7.68207208
  1.47247427  1.63213214 12.62276294  0.89782618]
[84/100] subhalo 935315 done; total_formed=9.088e+00
Building SWIFTGalaxy for subhalo 955464 (soap_index=5836172)
Read masses: Nstars=73251, sum_current=9.762956e+10 Msun
DEBUG: sample z (first valid): [4.72216886 0.07775293 1.18774202 3.58614416 0.97635706 1.50405013
 1.10916581 1.05738683 1.82995077 5.60978316]
DEBUG: Planck15 ages (Gyr): [ 1.25966626 12.73629266  5.1720686   1.75309598  5.9597317   4.26782311
  5.44455959  5.63675592  3.57571062  1.01501655]
DEBUG: cosmo_colibre ages (Gyr): [ 1.26163631 12.71025851  5.17118759  1.75504619  5.95748116  4.26816278
  5.44323778  5.63510231  3.57674445  1.01695054]
DEBUG: us.look_back_time -> ages (Gyr): [ 1.26163632 12.71025851  5.17118759  1.75504619  5.95748116  4.26816279
  5.44323778  5.63510231  3.57674445  1.01695055]
[85/100] subhalo 955464 done; total_formed=1.635e+01
Building SWIFTGalaxy for subhalo 1848267 (soap_index=5854210)
Read masses: Nstars=14445, sum_current=1.941901e+10 Msun
DEBUG: sample z (first valid): [2.89863177 0.41951135 4.63024055 6.42113011 7.03235691 4.0763749
 6.60366632 0.20355542 3.38573245 4.97138952]
DEBUG: Planck15 ages (Gyr): [ 2.23198012  9.22343661  1.29056048  0.85326012  0.75771668  1.50661162
  0.82271652 11.24919074  1.87374398  1.18180511]
DEBUG: cosmo_colibre ages (Gyr): [ 2.23381343  9.21232577  1.29253268  0.85514858  0.75956813  1.50858561
  0.82459406 11.23008863  1.87567327  1.18376747]
DEBUG: us.look_back_time -> ages (Gyr): [ 2.23381343  9.21232577  1.29253268  0.85514858  0.75956814  1.50858561
  0.82459406 11.23008863  1.87567327  1.18376747]
[86/100] subhalo 1848267 done; total_formed=3.223e+00
Building SWIFTGalaxy for subhalo 1459 (soap_index=5873557)
Read masses: Nstars=40540, sum_current=5.033833e+10 Msun
DEBUG: sample z (first valid): [4.79246951 4.10723192 1.11884901 3.3545515  3.9791825  0.04250445
 4.09690465 4.13846636 1.88349173 4.43912358]
DEBUG: Planck15 ages (Gyr): [ 1.23685924  1.49303669  5.40976594  1.89375009  1.55073516 13.20269239
  1.49755732  1.47950097  3.47943659  1.35896528]
DEBUG: cosmo_colibre ages (Gyr): [ 1.23882738  1.49501122  5.40850233  1.89567534  1.55270683 13.17431903
  1.49953168  1.48147595  3.48055125  1.3609405 ]
DEBUG: us.look_back_time -> ages (Gyr): [ 1.23882738  1.49501122  5.40850234  1.89567534  1.55270683 13.17431903
  1.49953168  1.48147596  3.48055126  1.3609405 ]
[87/100] subhalo 1459 done; total_formed=8.471e+00
Building SWIFTGalaxy for subhalo 1841423 (soap_index=5882969)
Read masses: Nstars=26484, sum_current=3.773734e+10 Msun
DEBUG: sample z (first valid): [1.99387848 3.31953599 2.27385353 8.87136617 0.67320261 0.92120075
 4.14370928 1.18993517 2.93420579 2.50048072]
DEBUG: Planck15 ages (Gyr): [3.29377488 1.91664091 2.88906604 0.5559728  7.46558683 6.19650358
 1.47724885 5.16477515 2.20210856 2.61771892]
DEBUG: cosmo_colibre ages (Gyr): [3.29503489 1.91856135 2.89059569 0.55771341 7.45988862 6.19378377
 1.47922389 5.16390546 2.20395177 2.61939389]
DEBUG: us.look_back_time -> ages (Gyr): [3.29503489 1.91856136 2.89059569 0.55771341 7.45988862 6.19378377
 1.4792239  5.16390546 2.20395178 2.61939389]
[88/100] subhalo 1841423 done; total_formed=6.188e+00
Building SWIFTGalaxy for subhalo 16625 (soap_index=5904212)
Read masses: Nstars=309266, sum_current=4.003426e+11 Msun
DEBUG: sample z (first valid): [0.45158147 4.44454598 3.36790189 5.04464121 0.26108374 0.4002222
 0.44786144 4.72216886 2.31895067 5.52944107]
DEBUG: Planck15 ages (Gyr): [ 8.96889687  1.35694217  1.88514126  1.16042854 10.65089913  9.38170809
  8.99788551  1.25966626  2.8314911   1.03378947]
DEBUG: cosmo_colibre ages (Gyr): [ 8.95866058  1.35891733  1.88706827  1.1623882  10.63434107  9.37003834
  8.98755114  1.26163631  2.83305394  1.03572753]
DEBUG: us.look_back_time -> ages (Gyr): [ 8.95866058  1.35891733  1.88706827  1.16238821 10.63434107  9.37003834
  8.98755114  1.26163632  2.83305395  1.03572754]
[89/100] subhalo 16625 done; total_formed=6.679e+01
Building SWIFTGalaxy for subhalo 230400 (soap_index=6203803)
Read masses: Nstars=31963, sum_current=4.235267e+10 Msun
DEBUG: sample z (first valid): [2.45726947 6.88735107 2.13629403 5.46375382 1.72476301 5.48357736
 1.30225532 6.4362873  0.38133378 3.19403558]
DEBUG: Planck15 ages (Gyr): [2.66614533 0.77871846 3.0770858  1.04957078 3.77794761 1.04476626
 4.81203892 0.8506526  9.54059937 2.0025658 ]
DEBUG: cosmo_colibre ages (Gyr): [2.66779643 0.78057878 3.07849814 1.05151208 3.77879932 1.04670659
 4.8116879  0.85254016 9.52835698 2.00446633]
DEBUG: us.look_back_time -> ages (Gyr): [2.66779644 0.78057878 3.07849814 1.05151209 3.77879932 1.04670659
 4.81168791 0.85254016 9.52835698 2.00446633]
[90/100] subhalo 230400 done; total_formed=7.060e+00
Building SWIFTGalaxy for subhalo 20775 (soap_index=6227178)
Read masses: Nstars=48497, sum_current=6.445837e+10 Msun
DEBUG: sample z (first valid): [4.4019123  3.05971629 1.22578454 2.97669903 4.91426767 2.73552212
 2.08491809 2.55131679 2.21128969 4.57468527]
DEBUG: Planck15 ages (Gyr): [1.37298496 2.10180963 5.04783542 2.16728218 1.19893239 2.37790933
 3.15249813 2.56257242 2.97217902 1.3098457 ]
DEBUG: cosmo_colibre ages (Gyr): [1.37496051 2.10368357 5.04714398 2.1691365  1.20089673 2.37968939
 3.15385955 2.56427349 2.9736585  1.31181899]
DEBUG: us.look_back_time -> ages (Gyr): [1.37496051 2.10368358 5.04714398 2.1691365  1.20089673 2.37968939
 3.15385955 2.56427349 2.9736585  1.31181899]
[91/100] subhalo 20775 done; total_formed=1.087e+01
Building SWIFTGalaxy for subhalo 23413 (soap_index=6227195)
Read masses: Nstars=41969, sum_current=5.389345e+10 Msun
DEBUG: sample z (first valid): [3.59611473 5.21901689 2.05102421 3.11917033 4.62154744 2.05500653
 1.3743207  2.65714286 2.32130549 2.33754329]
DEBUG: Planck15 ages (Gyr): [1.74743105 1.11204625 3.20391853 2.05690117 1.29354697 3.19780617
 4.60551934 2.45371762 2.8285365  2.8082998 ]
DEBUG: cosmo_colibre ages (Gyr): [1.74938209 1.11399882 3.20524395 2.05878761 1.29551935 3.19913592
 4.60544586 2.45546682 2.83010101 2.80987565]
DEBUG: us.look_back_time -> ages (Gyr): [1.74938209 1.11399883 3.20524395 2.05878762 1.29551935 3.19913592
 4.60544586 2.45546682 2.83010101 2.80987565]
[92/100] subhalo 23413 done; total_formed=9.081e+00
Building SWIFTGalaxy for subhalo 23604 (soap_index=6227203)
Read masses: Nstars=3269528, sum_current=4.144104e+12 Msun
DEBUG: sample z (first valid): [1.54765977 1.04378469 0.56246424 1.07300563 4.77460569 2.33550489
 3.27139412 2.32737612 1.98324836 3.56760524]
DEBUG: Planck15 ages (Gyr): [4.16317394 5.68902257 8.16495397 5.57766754 1.24258933 2.81082714
 1.94886827 2.82094294 3.31094368 1.76371029]
DEBUG: cosmo_colibre ages (Gyr): [4.16363157 5.68727571 8.15727952 5.57611779 1.24455797 2.81240159
 1.95078158 2.82251173 3.31219082 1.76565889]
DEBUG: us.look_back_time -> ages (Gyr): [4.16363157 5.68727572 8.15727952 5.57611779 1.24455797 2.81240159
 1.95078158 2.82251173 3.31219082 1.76565889]
[93/100] subhalo 23604 done; total_formed=6.860e+02
Building SWIFTGalaxy for subhalo 23724 (soap_index=6227208)
Read masses: Nstars=4724, sum_current=8.398463e+09 Msun
DEBUG: sample z (first valid): [0.78494389 1.36353145 1.07773762 1.40923462 1.12337999 2.08317651
 2.51927827 1.99881029 1.21585069 2.99756008]
DEBUG: Planck15 ages (Gyr): [6.84840053 4.6355259  5.55995831 4.51052172 5.39360588 3.15510734
 2.59710212 3.28585876 5.07981449 2.15051622]
DEBUG: cosmo_colibre ages (Gyr): [6.8442487  4.63541328 5.55843936 4.51056954 5.39236911 3.15646695
 2.59878699 3.28712465 5.07907493 2.15237572]
DEBUG: us.look_back_time -> ages (Gyr): [6.8442487  4.63541329 5.55843937 4.51056954 5.39236912 3.15646695
 2.59878699 3.28712465 5.07907493 2.15237572]
[94/100] subhalo 23724 done; total_formed=1.397e+00
Building SWIFTGalaxy for subhalo 23760 (soap_index=6227209)
Read masses: Nstars=15071, sum_current=2.104949e+10 Msun
DEBUG: sample z (first valid): [7.03038843 2.3494838  2.00679024 2.41653634 2.69009009 2.6437229
 2.21128969 3.61944033 4.24497799 3.5156756 ]
DEBUG: Planck15 ages (Gyr): [0.75799546 2.79356973 3.27311557 2.71315712 2.42137298 2.46709651
 2.97217902 1.73429598 1.43483881 1.79401547]
DEBUG: cosmo_colibre ages (Gyr): [0.75984703 2.79515374 3.2743909  2.71478419 2.42313561 2.46884003
 2.9736585  1.7362489  1.43681468 1.79595924]
DEBUG: us.look_back_time -> ages (Gyr): [0.75984703 2.79515375 3.2743909  2.7147842  2.42313562 2.46884004
 2.9736585  1.73624891 1.43681469 1.79595924]
[95/100] subhalo 23760 done; total_formed=3.540e+00
Building SWIFTGalaxy for subhalo 100221 (soap_index=6227237)
Read masses: Nstars=11403, sum_current=1.457557e+10 Msun
DEBUG: sample z (first valid): [3.15152667 5.36580864 4.09730108 4.4247165  3.37285648 5.72785135
 4.36740377 3.83660517 3.53944725 5.98752532]
DEBUG: Planck15 ages (Gyr): [2.03312249 1.07385714 1.49738337 1.36436499 1.88196281 0.98843724
 1.38620209 1.61945598 1.78003668 0.933885  ]
DEBUG: cosmo_colibre ages (Gyr): [2.03501525 1.07580311 1.49935773 1.36634034 1.88389046 0.99036507
 1.38817786 1.62142233 1.78198272 0.93579861]
DEBUG: us.look_back_time -> ages (Gyr): [2.03501525 1.07580311 1.49935773 1.36634035 1.88389047 0.99036507
 1.38817787 1.62142233 1.78198273 0.93579862]
[96/100] subhalo 100221 done; total_formed=2.468e+00
Building SWIFTGalaxy for subhalo 100328 (soap_index=6227240)
Read masses: Nstars=118053, sum_current=1.492737e+11 Msun
DEBUG: sample z (first valid): [1.80260007 1.33041747 1.72680369 2.74705546 2.7877702  1.50137405
 1.52313852 5.10659709 2.7055298  2.71224652]
DEBUG: Planck15 ages (Gyr): [3.62657469 4.729603   3.77384892 2.3670799  2.32949224 4.27438259
 4.22150122 1.14284459 2.40645646 2.40001451]
DEBUG: cosmo_colibre ages (Gyr): [3.62756429 4.72936506 3.77470449 2.36886419 2.33129086 4.27471472
 4.22189369 1.14480183 2.40822515 2.40178579]
DEBUG: us.look_back_time -> ages (Gyr): [3.6275643  4.72936506 3.77470449 2.36886419 2.33129087 4.27471472
 4.22189369 1.14480183 2.40822515 2.4017858 ]
[97/100] subhalo 100328 done; total_formed=2.517e+01
Building SWIFTGalaxy for subhalo 100638 (soap_index=6227253)
Read masses: Nstars=15113, sum_current=2.262168e+10 Msun
DEBUG: sample z (first valid): [2.36427105 3.20695853 1.45710858 1.64385993 1.99935927 1.84222396
 3.19510946 2.19158469 1.57488606 2.01176471]
DEBUG: Planck15 ages (Gyr): [2.77550281 1.99342652 4.38528267 3.9464443  3.2849795  3.55326204
 2.0018037  2.99916986 4.09992077 3.26521259]
DEBUG: cosmo_colibre ages (Gyr): [2.77709671 1.9953293  4.38548431 3.94713134 3.28624604 3.55431505
 2.00370442 3.00063248 4.10044742 3.26649374]
DEBUG: us.look_back_time -> ages (Gyr): [2.77709671 1.99532931 4.38548431 3.94713134 3.28624605 3.55431506
 2.00370442 3.00063248 4.10044742 3.26649374]
[98/100] subhalo 100638 done; total_formed=3.790e+00
Building SWIFTGalaxy for subhalo 100792 (soap_index=6227258)
Read masses: Nstars=27293, sum_current=3.675296e+10 Msun
DEBUG: sample z (first valid): [1.60208052 1.51674347 2.00403374 1.0651667  3.43950684 1.23078494
 2.93704193 1.28412101 3.08527615 1.31445119]
DEBUG: Planck15 ages (Gyr): [4.03827602 4.23692952 3.2775083  5.60720075 1.84005243 5.03185914
 2.19975545 4.86634355 2.08230656 4.77605959]
DEBUG: cosmo_colibre ages (Gyr): [4.03886829 4.23730451 3.27878038 5.6055993  1.84198815 5.03119157
 2.20159943 4.86591637 2.08418603 4.7757583 ]
DEBUG: us.look_back_time -> ages (Gyr): [4.03886829 4.23730451 3.27878038 5.6055993  1.84198816 5.03119157
 2.20159943 4.86591637 2.08418603 4.7757583 ]
[99/100] subhalo 100792 done; total_formed=6.158e+00
Building SWIFTGalaxy for subhalo 229037 (soap_index=6227278)
Read masses: Nstars=31650, sum_current=3.956806e+10 Msun
DEBUG: sample z (first valid): [2.12850869 4.61865569 2.49749173 2.10450024 8.860969   6.6623407
 2.24532039 2.66696509 2.11808926 1.93514869]
DEBUG: Planck15 ages (Gyr): [3.08832284 1.29454296 2.62102197 3.12340161 0.55685379 0.81328264
 2.92649238 2.44400096 3.10346716 3.39048583]
DEBUG: cosmo_colibre ages (Gyr): [3.08972773 1.2965154  2.62269534 3.12478294 0.55859501 0.81515664
 2.92799977 2.44575424 3.10486193 3.39167185]
DEBUG: us.look_back_time -> ages (Gyr): [3.08972773 1.2965154  2.62269534 3.12478294 0.55859501 0.81515664
 2.92799977 2.44575424 3.10486194 3.39167185]
[100/100] subhalo 229037 done; total_formed=6.689e+00
All halos processed. Writing CSV.
Wrote relicness_extras_100_200.csv (100 rows) in 9616.7s
