Starting pure-swift relicness script
Loaded SOAP mapping for 91142867 halos
Batch mode: processing 100 halos (slice 1500:1600)
Building SWIFTGalaxy for subhalo 8731631 (soap_index=44776753)
Read masses: Nstars=18152, sum_current=2.495843e+10 Msun
DEBUG: sample z (first valid): [1.79423552 1.07510607 1.54568055 2.7139295  1.78995317 2.05557628
 0.78786556 1.58117369 6.45829066 2.96227328]
DEBUG: Planck15 ages (Gyr): [3.64236535 5.56979578 4.16783347 2.39840482 3.65049289 3.19693323
 6.83332699 4.08553344 0.84689082 2.17900266]
DEBUG: cosmo_colibre ages (Gyr): [3.64334101 5.56825973 4.16828595 2.40017675 3.65146133 3.1982636
 6.82921061 4.08607554 0.84877707 2.18085329]
DEBUG: us.look_back_time -> ages (Gyr): [3.64334101 5.56825974 4.16828595 2.40017675 3.65146134 3.1982636
 6.82921061 4.08607555 0.84877708 2.1808533 ]
[1/100] subhalo 8731631 done; total_formed=4.173e+00
Building SWIFTGalaxy for subhalo 3575895 (soap_index=44795223)
Read masses: Nstars=20447, sum_current=2.926109e+10 Msun
DEBUG: sample z (first valid): [5.2761923  5.5164562  3.31498551 0.88062443 5.52944107 0.88300195
 6.5268175  2.58708265 0.4559673  2.52913301]
DEBUG: Planck15 ages (Gyr): [1.09690733 1.0368777  1.91964929 6.38020157 1.03378947 6.36920543
 0.83535055 2.5249087  8.93489755 2.58640005]
DEBUG: cosmo_colibre ages (Gyr): [1.09885739 1.03881641 1.92156908 6.37709907 1.03572753 6.3661263
 0.8372327  2.52662693 8.92477579 2.58808998]
DEBUG: us.look_back_time -> ages (Gyr): [1.09885739 1.03881641 1.92156909 6.37709907 1.03572754 6.3661263
 0.83723271 2.52662693 8.92477579 2.58808999]
[2/100] subhalo 3575895 done; total_formed=4.769e+00
Building SWIFTGalaxy for subhalo 116153 (soap_index=44824784)
Read masses: Nstars=116418, sum_current=1.552135e+11 Msun
DEBUG: sample z (first valid): [5.33381657 1.45858343 0.18355848 0.89300982 2.09921498 7.40797999
 1.10699588 0.84462959 0.48432687 0.5178803 ]
DEBUG: Planck15 ages (Gyr): [ 1.08199272  4.38151341 11.4684699   6.32324043  3.13121143  0.70747849
  5.45240509  6.55034848  8.71960468  8.47472268]
DEBUG: cosmo_colibre ages (Gyr): [ 1.08394017  4.38171957 11.44839888  6.32025834  3.13258745  0.70930691
  5.45107007  6.54687697  8.71019557  8.46609752]
DEBUG: us.look_back_time -> ages (Gyr): [ 1.08394018  4.38171957 11.44839888  6.32025835  3.13258745  0.70930692
  5.45107007  6.54687697  8.71019557  8.46609752]
[3/100] subhalo 116153 done; total_formed=2.590e+01
Building SWIFTGalaxy for subhalo 266352 (soap_index=44856280)
Read masses: Nstars=53175, sum_current=6.653191e+10 Msun
DEBUG: sample z (first valid): [0.31408406 3.59547016 1.10916581 2.09190413 1.86283418 0.67886054
 0.77835667 0.85486245 2.83161833 3.48354656]
DEBUG: Planck15 ages (Gyr): [10.13951824  1.74779636  5.44455959  3.14206714  3.51607641  7.43232391
  6.88257416  6.50126795  2.29009964  1.81319954]
DEBUG: cosmo_colibre ages (Gyr): [10.12501508  1.74974734  5.44323778  3.14343573  3.51716075  7.42671377
  6.87834157  6.49790432  2.29191271  1.81514006]
DEBUG: us.look_back_time -> ages (Gyr): [10.12501508  1.74974734  5.44323778  3.14343573  3.51716075  7.42671378
  6.87834157  6.49790433  2.29191272  1.81514006]
[4/100] subhalo 266352 done; total_formed=1.107e+01
Building SWIFTGalaxy for subhalo 565556 (soap_index=44874775)
Read masses: Nstars=370843, sum_current=4.654131e+11 Msun
DEBUG: sample z (first valid): [ 3.44854738 10.01537944  4.58466127  1.10916581  0.16454617  0.01795589
  4.62589063  1.65306453  3.0516847   1.73248833]
DEBUG: Planck15 ages (Gyr): [ 1.83448658  0.47150267  1.30634758  5.44455959 11.68265759 13.54180097
  1.29205344  3.92666613  2.10800036  3.76246933]
DEBUG: cosmo_colibre ages (Gyr): [ 1.83642332  0.4731791   1.30832069  5.44323778 11.6616218  13.51168111
  1.29402573  3.92737311  2.10987251  3.76333558]
DEBUG: us.look_back_time -> ages (Gyr): [ 1.83642333  0.47317911  1.30832069  5.44323778 11.6616218  13.51168111
  1.29402574  3.92737311  2.10987252  3.76333558]
[5/100] subhalo 565556 done; total_formed=7.782e+01
Building SWIFTGalaxy for subhalo 1145995 (soap_index=44874783)
Read masses: Nstars=62188, sum_current=8.290375e+10 Msun
DEBUG: sample z (first valid): [0.61657622 0.54115323 0.4266806  0.26302806 6.51215039 3.08909964
 1.46357417 2.33143554 4.39524162 2.35806518]
DEBUG: Planck15 ages (Gyr): [ 7.81135359  8.31086403  9.16561504 10.63148609  0.8377985   2.07941479
  4.36879725  2.81588376  1.37552356  2.78306167]
DEBUG: cosmo_colibre ages (Gyr): [ 7.80470795  8.30274749  9.15470551 10.61500809  0.83968153  2.08129507
  4.36901863  2.81745538  1.37749916  2.78465145]
DEBUG: us.look_back_time -> ages (Gyr): [ 7.80470796  8.30274749  9.15470551 10.61500809  0.83968154  2.08129507
  4.36901863  2.81745539  1.37749916  2.78465145]
[6/100] subhalo 1145995 done; total_formed=1.379e+01
Building SWIFTGalaxy for subhalo 4931101 (soap_index=44874861)
Read masses: Nstars=41557, sum_current=5.742675e+10 Msun
DEBUG: sample z (first valid): [2.13869732 5.70102249 0.0620341  4.23325082 2.64493882 3.01790203
 1.19096015 2.98056365 3.34358431 2.91821117]
DEBUG: Planck15 ages (Gyr): [ 3.0736305   0.99437462 12.94136923  1.43964604  2.46587936  2.13437258
  5.16137213  2.16415995  1.90087089  2.21545717]
DEBUG: cosmo_colibre ages (Gyr): [ 3.07504511  0.99630386 12.9143157   1.44162186  2.46762341  2.13623697
  5.16050772  2.16601524  1.90279466  2.217296  ]
DEBUG: us.look_back_time -> ages (Gyr): [ 3.07504512  0.99630387 12.9143157   1.44162186  2.46762341  2.13623697
  5.16050772  2.16601524  1.90279467  2.217296  ]
[7/100] subhalo 4931101 done; total_formed=9.562e+00
Building SWIFTGalaxy for subhalo 2236807 (soap_index=44930502)
Read masses: Nstars=14821, sum_current=1.940538e+10 Msun
DEBUG: sample z (first valid): [4.14896292 5.29548511 3.94387447 0.03933012 4.92335503 9.04306183
 4.09690465 3.37694517 6.42113011 3.98941759]
DEBUG: Planck15 ages (Gyr): [ 1.47499781  1.09187604  1.56729723 13.24586664  1.19618019  0.54175281
  1.49755732  1.87934652  0.85326012  1.5459883 ]
DEBUG: cosmo_colibre ages (Gyr): [ 1.47697292  1.09382523  1.56926781 13.21727303  1.19814422  0.5434835
  1.49953168  1.88127469  0.85514858  1.54796027]
DEBUG: us.look_back_time -> ages (Gyr): [ 1.47697293  1.09382524  1.56926781 13.21727303  1.19814423  0.5434835
  1.49953168  1.8812747   0.85514858  1.54796027]
[8/100] subhalo 2236807 done; total_formed=3.245e+00
Building SWIFTGalaxy for subhalo 2236359 (soap_index=44932371)
Read masses: Nstars=18528, sum_current=2.462182e+10 Msun
DEBUG: sample z (first valid): [5.09410452 3.54889984 7.33155352 2.09862884 4.61288112 5.21901689
 2.28534189 7.64191996 5.13116288 1.98189098]
DEBUG: Planck15 ages (Gyr): [1.1463544  1.77452815 0.71724334 3.13207952 1.29653568 1.11204625
 2.87421797 0.67892094 1.13599459 3.3131465 ]
DEBUG: cosmo_colibre ages (Gyr): [1.14831214 1.77647507 0.71907645 3.13345494 1.29850824 1.11399882
 2.8757563  0.68073504 1.13795085 3.31439198]
DEBUG: us.look_back_time -> ages (Gyr): [1.14831215 1.77647507 0.71907645 3.13345494 1.29850824 1.11399883
 2.8757563  0.68073504 1.13795085 3.31439199]
[9/100] subhalo 2236359 done; total_formed=4.113e+00
Building SWIFTGalaxy for subhalo 2270961 (soap_index=44954688)
Read masses: Nstars=64365, sum_current=8.418641e+10 Msun
DEBUG: sample z (first valid): [4.18030195 5.32098765 2.6016707  1.06672974 1.89240004 3.2112839
 1.92336515 7.71199734 4.70225355 1.84419755]
DEBUG: Planck15 ages (Gyr): [1.46168724 1.08528391 2.50980725 5.60129234 3.46382753 1.99038295
 3.41044791 0.67073764 1.26625433 3.54967358]
DEBUG: cosmo_colibre ages (Gyr): [1.46366269 1.08723195 2.51153221 5.59970126 3.46495494 1.99228648
 3.41161819 0.67254746 1.26822488 3.55072964]
DEBUG: us.look_back_time -> ages (Gyr): [1.46366269 1.08723195 2.51153222 5.59970126 3.46495494 1.99228648
 3.4116182  0.67254746 1.26822488 3.55072964]
[10/100] subhalo 2270961 done; total_formed=1.407e+01
Building SWIFTGalaxy for subhalo 579937 (soap_index=44983342)
Read masses: Nstars=34931, sum_current=4.550519e+10 Msun
DEBUG: sample z (first valid): [3.39249330e+00 4.42786152e+00 4.88913123e-01 1.27602973e+00
 3.98410526e+00 5.01413233e+00 3.06109955e-03 2.65673474e+00
 8.72199970e+00 9.47462261e-01]
DEBUG: Planck15 ages (Gyr): [ 1.86945221  1.36318322  8.68551446  4.89088981  1.54844906  1.16925313
 13.75352929  2.45412272  0.56885572  6.08196991]
DEBUG: cosmo_colibre ages (Gyr): [ 1.87138234  1.36515854  8.67621618  4.89042776  1.55042087  1.17121394
 13.72230016  2.45587175  0.57060504  6.07948046]
DEBUG: us.look_back_time -> ages (Gyr): [ 1.87138235  1.36515855  8.67621618  4.89042776  1.55042088  1.17121394
 13.72230016  2.45587176  0.57060504  6.07948046]
[11/100] subhalo 579937 done; total_formed=7.651e+00
Building SWIFTGalaxy for subhalo 574560 (soap_index=44999213)
Read masses: Nstars=36639, sum_current=5.011839e+10 Msun
DEBUG: sample z (first valid): [0.83348254 3.03124808 2.85143394 2.93137373 0.40153978 3.64234611
 2.59062021 3.8004688  7.9634138  3.90392098]
DEBUG: Planck15 ages (Gyr): [6.60447049 2.12388934 2.27265639 2.20446243 9.37077017 1.7215556
 2.52123294 1.63767764 0.64268574 1.58639473]
DEBUG: cosmo_colibre ages (Gyr): [6.60087865 2.12575684 2.27447567 2.20630487 9.35913941 1.72351028
 2.52295282 1.63964223 0.64448028 1.5883639 ]
DEBUG: us.look_back_time -> ages (Gyr): [6.60087865 2.12575685 2.27447568 2.20630488 9.35913941 1.72351029
 2.52295282 1.63964223 0.64448028 1.5883639 ]
[12/100] subhalo 574560 done; total_formed=8.332e+00
Building SWIFTGalaxy for subhalo 271684 (soap_index=45007523)
Read masses: Nstars=15472, sum_current=1.963151e+10 Msun
DEBUG: sample z (first valid): [6.69743951 9.54481094 4.10723192 6.4362873  3.09318593 4.56191123
 2.53636952 2.48818395 3.17719421 4.68740779]
DEBUG: Planck15 ages (Gyr): [0.80772493 0.5034815  1.49303669 0.8506526  2.0763316  1.3143477
 2.5785874  2.63135175 2.01458056 1.27120265]
DEBUG: cosmo_colibre ages (Gyr): [0.80959679 0.50518377 1.49501122 0.85254016 2.07821273 1.31632122
 2.58028101 2.63302009 2.01647807 1.27317356]
DEBUG: us.look_back_time -> ages (Gyr): [0.8095968  0.50518377 1.49501122 0.85254016 2.07821273 1.31632122
 2.58028101 2.6330201  2.01647808 1.27317357]
[13/100] subhalo 271684 done; total_formed=3.314e+00
Building SWIFTGalaxy for subhalo 121418 (soap_index=45029343)
Read masses: Nstars=92809, sum_current=1.174539e+11 Msun
DEBUG: sample z (first valid): [5.42446819 1.37277335 0.09182993 0.07450157 0.07732772 0.09372497
 0.09819693 0.09635974 0.09401709 0.70241064]
DEBUG: Planck15 ages (Gyr): [ 1.05920137  4.60980361 12.55650195 12.77833428 12.74177969 12.53257262
 12.47635799 12.49940909 12.52888953  7.29627445]
DEBUG: cosmo_colibre ages (Gyr): [ 1.06114456  4.60972457 12.53134938 12.75209233 12.71571845 12.50753652
 12.4515947  12.47453407 12.50387135  7.29101895]
DEBUG: us.look_back_time -> ages (Gyr): [ 1.06114457  4.60972457 12.53134938 12.75209234 12.71571845 12.50753652
 12.4515947  12.47453407 12.50387135  7.29101895]
[14/100] subhalo 121418 done; total_formed=1.971e+01
Building SWIFTGalaxy for subhalo 564527 (soap_index=45029356)
Read masses: Nstars=69729, sum_current=9.926554e+10 Msun
DEBUG: sample z (first valid): [0.01279594 0.01700807 0.01442635 0.01511772 0.04117946 0.02125538
 0.03108874 0.01688183 0.02170117 0.02714563]
DEBUG: Planck15 ages (Gyr): [13.61462924 13.55513764 13.59155825 13.58179161 13.22068961 13.49551721
 13.35888719 13.55691537 13.48928078 13.41344083]
DEBUG: cosmo_colibre ages (Gyr): [13.58412943 13.52494833 13.561179   13.55146333 13.19222452 13.46563793
 13.32971407 13.5267168  13.45943387 13.38398648]
DEBUG: us.look_back_time -> ages (Gyr): [13.58412943 13.52494833 13.561179   13.55146333 13.19222452 13.46563793
 13.32971407 13.5267168  13.45943387 13.38398648]
[15/100] subhalo 564527 done; total_formed=1.636e+01
Building SWIFTGalaxy for subhalo 577935 (soap_index=45029392)
Read masses: Nstars=77627, sum_current=1.070824e+11 Msun
DEBUG: sample z (first valid): [2.54363577 3.90025422 1.09795762 1.95606676 2.9844358  1.44300306
 1.06986293 7.537224   0.51689658 3.0404439 ]
DEBUG: Planck15 ages (Gyr): [2.57078161 1.58816672 5.48527649 3.355515   2.16103908 4.42159676
 5.58947817 0.69146003 8.48175511 2.11671543]
DEBUG: cosmo_colibre ages (Gyr): [2.57247887 1.59013575 5.48388584 3.3567282  2.16289534 4.42175451
 5.58790779 0.69328053 8.47310784 2.11858505]
DEBUG: us.look_back_time -> ages (Gyr): [2.57247887 1.59013575 5.48388584 3.35672821 2.16289534 4.42175451
 5.58790779 0.69328053 8.47310784 2.11858505]
[16/100] subhalo 577935 done; total_formed=1.790e+01
Building SWIFTGalaxy for subhalo 1371069 (soap_index=45029478)
Read masses: Nstars=60215, sum_current=8.018439e+10 Msun
DEBUG: sample z (first valid): [2.06157152 1.98487885 1.09072928 2.35703309 1.25256067 1.28523607
 1.45306184 1.31445119 2.23890481 1.07274337]
DEBUG: Planck15 ages (Gyr): [3.18777121 3.3083008  5.51179123 2.78432205 4.96321543 4.86297625
 4.39565167 4.77605959 2.93501702 5.57865163]
DEBUG: cosmo_colibre ages (Gyr): [3.18910804 3.30954993 5.51035532 2.78591114 4.96264907 4.86255383
 4.39584083 4.7757583  2.93651927 5.57710016]
DEBUG: us.look_back_time -> ages (Gyr): [3.18910805 3.30954993 5.51035533 2.78591114 4.96264907 4.86255383
 4.39584083 4.7757583  2.93651927 5.57710016]
[17/100] subhalo 1371069 done; total_formed=1.343e+01
Building SWIFTGalaxy for subhalo 121156 (soap_index=45086352)
Read masses: Nstars=108822, sum_current=1.428773e+11 Msun
DEBUG: sample z (first valid): [0.06805737 0.04864311 0.07626618 0.07782383 0.0880595  0.07981283
 0.08031122 0.08216645 0.0543793  0.08546442]
DEBUG: Planck15 ages (Gyr): [12.86224066 13.11975903 12.75549287 12.73537806 12.60430487 12.70975796
 12.70334953 12.67953493 13.04292299 12.63735557]
DEBUG: cosmo_colibre ages (Gyr): [12.83558218 13.09180703 12.7293639  12.70934842 12.57891903 12.68385463
 12.67747777 12.65378031 13.0153593  12.61180796]
DEBUG: us.look_back_time -> ages (Gyr): [12.83558218 13.09180703 12.7293639  12.70934842 12.57891903 12.68385463
 12.67747777 12.65378031 13.0153593  12.61180796]
[18/100] subhalo 121156 done; total_formed=2.391e+01
Building SWIFTGalaxy for subhalo 125841 (soap_index=45220374)
Read masses: Nstars=259074, sum_current=3.160158e+11 Msun
DEBUG: sample z (first valid): [1.13722932 0.7626681  4.275801   6.48127854 4.97138952 4.17498421
 0.10905029 2.12821002 0.27462269 6.46593757]
DEBUG: Planck15 ages (Gyr): [ 5.34468187  6.96503016  1.42232989  0.84299017  1.18180511  1.46393178
 12.3413993   3.08875525 10.51677425  0.84558995]
DEBUG: cosmo_colibre ages (Gyr): [ 5.34352564  6.96060035  1.42430584  0.84487504  1.18376747  1.46590718
 12.31728631  3.09015985 10.50076601  0.84747574]
DEBUG: us.look_back_time -> ages (Gyr): [ 5.34352564  6.96060035  1.42430584  0.84487505  1.18376747  1.46590718
 12.31728631  3.09015986 10.50076601  0.84747574]
[19/100] subhalo 125841 done; total_formed=5.304e+01
Building SWIFTGalaxy for subhalo 24484348 (soap_index=45407525)
Read masses: Nstars=43136, sum_current=6.150539e+10 Msun
DEBUG: sample z (first valid): [0.56008379 0.49871936 0.28210345 0.56844725 0.43984533 2.63846325
 0.52409302 0.53178758 0.41229204 0.36749854]
DEBUG: Planck15 ages (Gyr): [ 8.18106026  8.61328704 10.44371096  8.1246825   9.06082572  2.47237284
  8.43051004  8.37622924  9.282208    9.65950464]
DEBUG: cosmo_colibre ages (Gyr): [ 8.17333752  8.60422178 10.427999    8.11712827  9.05027706  2.47411411
  8.42202338  8.36791134  9.27089096  9.64682619]
DEBUG: us.look_back_time -> ages (Gyr): [ 8.17333752  8.60422178 10.427999    8.11712827  9.05027706  2.47411411
  8.42202339  8.36791134  9.27089096  9.6468262 ]
[20/100] subhalo 24484348 done; total_formed=9.970e+00
Building SWIFTGalaxy for subhalo 285659 (soap_index=45447164)
Read masses: Nstars=30806, sum_current=4.086808e+10 Msun
DEBUG: sample z (first valid): [0.91334813 4.243719   3.10138307 4.73418497 0.20906206 9.84853501
 0.72845237 0.1057569  0.91223156 0.04783832]
DEBUG: Planck15 ages (Gyr): [ 6.23140571  1.43535363  2.07016939  1.25571875 11.1898611   0.4824449
  7.15021685 12.38213278  6.23639334 13.13059002]
DEBUG: cosmo_colibre ages (Gyr): [ 6.22861444  1.43732949  2.07205222  1.25768849 11.17101782  0.48413041
  7.14533203 12.3578242   6.23359182 13.10258313]
DEBUG: us.look_back_time -> ages (Gyr): [ 6.22861445  1.4373295   2.07205222  1.2576885  11.17101782  0.48413041
  7.14533203 12.35782421  6.23359182 13.10258313]
[21/100] subhalo 285659 done; total_formed=6.859e+00
Building SWIFTGalaxy for subhalo 5117438 (soap_index=45467474)
Read masses: Nstars=18367, sum_current=2.397409e+10 Msun
DEBUG: sample z (first valid): [4.65306651 0.28896232 4.36213386 6.40603458 4.28132807 6.09648078
 4.99597438 0.44123856 0.5608269  0.99853623]
DEBUG: Planck15 ages (Gyr): [ 1.28277292 10.37736592  1.3882391   0.85587025  1.42010595  0.91246824
  1.17455828  9.04983968  8.17602719  5.86849357]
DEBUG: cosmo_colibre ages (Gyr): [ 1.28474463 10.36192101  1.3902149   0.85775961  1.42208191  0.91437568
  1.17651975  9.03932856  8.16831955  5.86641669]
DEBUG: us.look_back_time -> ages (Gyr): [ 1.28474463 10.36192102  1.3902149   0.85775961  1.42208191  0.91437568
  1.17651976  9.03932856  8.16831955  5.86641669]
[22/100] subhalo 5117438 done; total_formed=3.965e+00
Building SWIFTGalaxy for subhalo 4234 (soap_index=45481807)
Read masses: Nstars=18546, sum_current=2.526440e+10 Msun
DEBUG: sample z (first valid): [5.67372709 5.67712685 1.86158414 4.66430424 7.50233524 0.32342488
 4.73418497 4.11760112 3.17719421 4.73418497]
DEBUG: Planck15 ages (Gyr): [ 1.00047629  0.99971292  3.5183137   1.27896753  0.69572429 10.05310016
  1.25571875  1.48852042  2.01458056  1.25571875]
DEBUG: cosmo_colibre ages (Gyr): [ 1.00240698  1.00164342  3.51939617  1.28093898  0.69754692 10.03893305
  1.25768849  1.49049511  2.01647807  1.25768849]
DEBUG: us.look_back_time -> ages (Gyr): [ 1.00240698  1.00164342  3.51939617  1.28093899  0.69754693 10.03893306
  1.2576885   1.49049511  2.01647808  1.2576885 ]
[23/100] subhalo 4234 done; total_formed=4.231e+00
Building SWIFTGalaxy for subhalo 15315807 (soap_index=45519847)
Read masses: Nstars=28210, sum_current=3.854219e+10 Msun
DEBUG: sample z (first valid): [0.07860434 0.45235351 0.45894924 1.31920164 0.81218892 0.64712979
 6.39850982 0.75155014 7.2223198  2.90653314]
DEBUG: Planck15 ages (Gyr): [12.72531561  8.96289797  8.91189041  4.76216138  6.70980048  7.62183882
  0.8571763   7.02438803  0.73159425  2.22528781]
DEBUG: cosmo_colibre ages (Gyr): [12.69933561  8.95268193  8.90184585  4.76187914  6.70597039  7.61571967
  0.85906611  7.01981419  0.73343405  2.22712337]
DEBUG: us.look_back_time -> ages (Gyr): [12.69933561  8.95268193  8.90184585  4.76187914  6.7059704   7.61571967
  0.85906611  7.01981419  0.73343406  2.22712337]
[24/100] subhalo 15315807 done; total_formed=6.338e+00
Building SWIFTGalaxy for subhalo 42402 (soap_index=45553418)
Read masses: Nstars=42691, sum_current=5.414668e+10 Msun
DEBUG: sample z (first valid): [0.62137556 5.04464121 3.13502429 0.23643499 5.32098765 2.28698967
 3.35021573 2.48632833 0.19809872 2.74320311]
DEBUG: Planck15 ages (Gyr): [ 7.78111464  1.16042854  2.04519303 10.90150135  1.08528391  2.87209856
  1.89655994  2.63341911 11.30842783  2.37068808]
DEBUG: cosmo_colibre ages (Gyr): [ 7.77455418  1.1623882   2.0470826  10.88389569  1.08723195  2.87363812
  1.89848461  2.63508644 11.28906587  2.37247097]
DEBUG: us.look_back_time -> ages (Gyr): [ 7.77455419  1.16238821  2.04708261 10.88389569  1.08723195  2.87363813
  1.89848462  2.63508645 11.28906587  2.37247097]
[25/100] subhalo 42402 done; total_formed=9.103e+00
Building SWIFTGalaxy for subhalo 3754120 (soap_index=45610924)
Read masses: Nstars=41900, sum_current=5.636149e+10 Msun
DEBUG: sample z (first valid): [0.09900724 0.68524995 3.74726548 2.00927542 7.83710895 1.98487885
 3.91384869 0.11077966 4.61288112 0.72681282]
DEBUG: Planck15 ages (Gyr): [12.46621009  7.39503165  1.66513044  3.26916345  0.65652924  3.3083008
  1.58161349 12.32008594  1.29653568  7.15927979]
DEBUG: cosmo_colibre ages (Gyr): [12.44149593  7.38951962  1.66709211  3.27044169  0.65833144  3.30954993
  1.58358302 12.29607504  1.29850824  7.15437227]
DEBUG: us.look_back_time -> ages (Gyr): [12.44149593  7.38951962  1.66709212  3.27044169  0.65833144  3.30954993
  1.58358302 12.29607504  1.29850824  7.15437227]
[26/100] subhalo 3754120 done; total_formed=9.415e+00
Building SWIFTGalaxy for subhalo 615125 (soap_index=45617693)
Read masses: Nstars=65421, sum_current=8.774428e+10 Msun
DEBUG: sample z (first valid): [0.60911412 0.46416443 4.36213386 0.99756157 0.60832433 0.60911412
 0.94954783 6.82332577 2.28040845 0.04783832]
DEBUG: Planck15 ages (Gyr): [ 7.85872441  8.87186371  1.3882391   5.87245686  7.86376357  7.85872441
  6.07301616  0.78830138  2.88057881 13.13059002]
DEBUG: cosmo_colibre ages (Gyr): [ 7.85194446  8.86195285  1.3902149   5.87037252  7.85696927  7.85194446
  6.07054445  0.7901656   2.88211343 13.10258313]
DEBUG: us.look_back_time -> ages (Gyr): [ 7.85194446  8.86195285  1.3902149   5.87037252  7.85696927  7.85194446
  6.07054445  0.79016561  2.88211343 13.10258313]
[27/100] subhalo 615125 done; total_formed=1.462e+01
Building SWIFTGalaxy for subhalo 520418 (soap_index=45640129)
Read masses: Nstars=17607, sum_current=2.345186e+10 Msun
DEBUG: sample z (first valid): [3.44854738 1.34408756 0.87202925 2.25047118 3.31953599 0.82044444
 2.45726947 2.04903694 2.54900899 1.68150573]
DEBUG: Planck15 ages (Gyr): [1.83448658 4.69039905 6.42020177 2.91967762 1.91664091 6.66865767
 2.66614533 3.20697588 2.56503437 3.86655653]
DEBUG: cosmo_colibre ages (Gyr): [1.83642332 4.69021381 6.41701378 2.92118911 1.91856135 6.66492129
 2.66779643 3.20829913 2.56673431 3.86732312]
DEBUG: us.look_back_time -> ages (Gyr): [1.83642333 4.69021381 6.41701379 2.92118911 1.91856136 6.66492129
 2.66779644 3.20829913 2.56673431 3.86732313]
[28/100] subhalo 520418 done; total_formed=3.880e+00
Building SWIFTGalaxy for subhalo 2439991 (soap_index=45662663)
Read masses: Nstars=25973, sum_current=3.381558e+10 Msun
DEBUG: sample z (first valid): [4.34072203 3.63512271 2.57963732 5.38565722 0.         0.04463147
 0.23952186 0.2446065  3.43950684 0.02412802]
DEBUG: Planck15 ages (Gyr): [ 1.39656682  1.72555654  2.53267376  1.06886057 13.7976159  13.17387321
 10.86965481 10.81748916  1.84005243 13.45540142]
DEBUG: cosmo_colibre ages (Gyr): [ 1.39854271  1.72751068  2.5343885   1.07080562 13.76615402 13.14564654
 10.85218373 10.80023763  1.84198815 13.42573011]
DEBUG: us.look_back_time -> ages (Gyr): [ 1.39854271  1.72751069  2.5343885   1.07080562 13.76615402 13.14564654
 10.85218373 10.80023763  1.84198816 13.42573011]
[29/100] subhalo 2439991 done; total_formed=5.671e+00
Building SWIFTGalaxy for subhalo 2039456 (soap_index=45676986)
Read masses: Nstars=28683, sum_current=4.080547e+10 Msun
DEBUG: sample z (first valid): [ 0.28371073  1.84000693  1.45618769  3.53066021 10.24116638  5.3918853
  3.58614416  5.09410452  6.48127854  5.06927209]
DEBUG: Planck15 ages (Gyr): [10.42810894  3.55730016  4.38763881  1.78518278  0.45733804  1.06730071
  1.75309598  1.1463544   0.84299017  1.1533845 ]
DEBUG: cosmo_colibre ages (Gyr): [10.41245996  3.55834973  4.38783761  1.787128    0.45900237  1.06924545
  1.75504619  1.14831214  0.84487504  1.15534322]
DEBUG: us.look_back_time -> ages (Gyr): [10.41245996  3.55834974  4.38783761  1.787128    0.45900238  1.06924546
  1.75504619  1.14831215  0.84487505  1.15534322]
[30/100] subhalo 2039456 done; total_formed=6.735e+00
Building SWIFTGalaxy for subhalo 12050905 (soap_index=45738397)
Read masses: Nstars=39713, sum_current=5.174430e+10 Msun
DEBUG: sample z (first valid): [6.24955752 3.16869156 3.61423643 0.72155091 5.85594727 6.05370789
 2.29359735 0.90555943 4.86661892 2.8124491 ]
DEBUG: Planck15 ages (Gyr): [0.88372735 2.02069173 1.7372122  7.18848526 0.96088375 0.92077763
 2.86362531 6.26632743 1.21353693 2.30718492]
DEBUG: cosmo_colibre ages (Gyr): [0.88562592 2.02258769 1.73916471 7.18350432 0.96280467 0.9226875
 2.86516979 6.26346408 1.21550282 2.3089918 ]
DEBUG: us.look_back_time -> ages (Gyr): [0.88562593 2.02258769 1.73916471 7.18350432 0.96280467 0.9226875
 2.86516979 6.26346408 1.21550283 2.3089918 ]
[31/100] subhalo 12050905 done; total_formed=8.621e+00
Building SWIFTGalaxy for subhalo 2487686 (soap_index=45796533)
Read masses: Nstars=15536, sum_current=2.058833e+10 Msun
DEBUG: sample z (first valid): [0.88062443 2.5344623  1.76453219 0.39095    9.43816198 1.36319054
 0.90733411 8.94174757 3.1750653  3.61163887]
DEBUG: Planck15 ages (Gyr): [6.38020157 2.58064269 3.69935202 9.45921632 0.51123252 4.63647912
 6.25834363 0.55006954 2.01610782 1.73867088]
DEBUG: cosmo_colibre ages (Gyr): [6.37709907 2.58233534 3.7002765  9.44726867 0.51294076 4.63636526
 6.2554968  0.55180607 2.01800495 1.74062319]
DEBUG: us.look_back_time -> ages (Gyr): [6.37709907 2.58233534 3.7002765  9.44726867 0.51294076 4.63636526
 6.25549681 0.55180607 2.01800495 1.74062319]
[32/100] subhalo 2487686 done; total_formed=3.441e+00
Building SWIFTGalaxy for subhalo 47566 (soap_index=45883470)
Read masses: Nstars=38420, sum_current=5.586218e+10 Msun
DEBUG: sample z (first valid): [0.19443027 3.2112839  0.14285714 0.08943414 0.13991512 3.89403331
 0.08596805 0.76570751 0.13619972 0.08266702]
DEBUG: Planck15 ages (Gyr): [11.34850319  1.99038295 11.93402478 12.58684705 11.96871249  1.59118054
 12.63093184  6.94893726 12.01272349 12.6731201 ]
DEBUG: cosmo_colibre ages (Gyr): [11.32896464  1.99228648 11.91183408 12.56154649 11.94636053  1.59314933
 12.6054157   6.9445462  11.99016626 12.64739701]
DEBUG: us.look_back_time -> ages (Gyr): [11.32896464  1.99228648 11.91183408 12.56154649 11.94636053  1.59314933
 12.6054157   6.9445462  11.99016626 12.64739701]
[33/100] subhalo 47566 done; total_formed=9.125e+00
Building SWIFTGalaxy for subhalo 305185 (soap_index=45883476)
Read masses: Nstars=22621, sum_current=3.357510e+10 Msun
DEBUG: sample z (first valid): [1.33224199 4.6760783  0.07690285 0.45299752 0.41156199 5.37882032
 2.6052371  0.42382897 0.31608965 0.98497698]
DEBUG: Planck15 ages (Gyr): [ 4.72434025  1.27500058 12.74726571  8.95789857  9.28818203  1.07057729
  2.50613793  9.18854969 10.12087228  5.92400954]
DEBUG: cosmo_colibre ages (Gyr): [ 4.72410943  1.27697176 12.72117738  8.94769939  9.27684395  1.07252265
  2.50786452  9.17756049 10.10644191  5.92182746]
DEBUG: us.look_back_time -> ages (Gyr): [ 4.72410943  1.27697176 12.72117738  8.94769939  9.27684395  1.07252265
  2.50786452  9.17756049 10.10644191  5.92182746]
[34/100] subhalo 305185 done; total_formed=5.280e+00
Building SWIFTGalaxy for subhalo 2533825 (soap_index=45948598)
Read masses: Nstars=21698, sum_current=2.759074e+10 Msun
DEBUG: sample z (first valid): [1.21900183 0.25154686 2.50048072 2.90234608 1.88653982 0.23606186
 1.10699588 0.23952186 5.39875024 2.31895067]
DEBUG: Planck15 ages (Gyr): [ 5.06963552 10.74686509  2.61771892  2.22883004  3.47408289 10.90535985
  5.45240509 10.86965481  1.06558571  2.8314911 ]
DEBUG: cosmo_colibre ages (Gyr): [ 5.06891133 10.72990897  2.61939389  2.23066441  3.47520194 10.88773786
  5.45107007 10.85218373  1.06753013  2.83305394]
DEBUG: us.look_back_time -> ages (Gyr): [ 5.06891133 10.72990897  2.61939389  2.23066442  3.47520194 10.88773786
  5.45107007 10.85218373  1.06753013  2.83305395]
[35/100] subhalo 2533825 done; total_formed=4.629e+00
Building SWIFTGalaxy for subhalo 33969 (soap_index=45957378)
Read masses: Nstars=38740, sum_current=5.088094e+10 Msun
DEBUG: sample z (first valid): [2.8044816  0.6263649  3.25420318 0.37553522 2.8044816  5.95415959
 0.05207731 4.1909703  0.29221547 3.89403331]
DEBUG: Planck15 ages (Gyr): [ 2.31434815  7.74986623  1.96059392  9.59017142  2.31434815  0.94061105
 13.0736819   1.45720147 10.34611192  1.59118054]
DEBUG: cosmo_colibre ages (Gyr): [ 2.3161524   7.74339332  1.96250454  9.57774801  2.3161524   0.94252653
 13.045963    1.45917701 10.33079217  1.59314933]
DEBUG: us.look_back_time -> ages (Gyr): [ 2.3161524   7.74339332  1.96250454  9.57774801  2.3161524   0.94252654
 13.045963    1.45917702 10.33079217  1.59314933]
[36/100] subhalo 33969 done; total_formed=8.463e+00
Building SWIFTGalaxy for subhalo 346 (soap_index=45970739)
Read masses: Nstars=81066, sum_current=1.059080e+11 Msun
DEBUG: sample z (first valid): [1.74784067 1.59671923 4.80426889 0.42966841 1.96811594 1.51384733
 0.16421516 3.13920293 4.05055487 0.26273603]
DEBUG: Planck15 ages (Gyr): [ 3.73201332  4.05031008  1.23309842  9.14167577  3.33563723  4.24394647
 11.6864369   2.04212542  1.51812861 10.6343986 ]
DEBUG: cosmo_colibre ages (Gyr): [ 3.73290787  4.05088967  1.23506621  9.13084913  3.33686566  4.24431347
 11.66538393  2.04401581  1.52010208 10.6179086 ]
DEBUG: us.look_back_time -> ages (Gyr): [ 3.73290787  4.05088967  1.23506622  9.13084913  3.33686567  4.24431348
 11.66538393  2.04401582  1.52010208 10.6179086 ]
[37/100] subhalo 346 done; total_formed=1.774e+01
Building SWIFTGalaxy for subhalo 1102863 (soap_index=45984857)
Read masses: Nstars=20017, sum_current=2.574869e+10 Msun
DEBUG: sample z (first valid): [0.37127553 1.1026694  3.20479918 4.81611644 5.65002537 2.06472129
 1.83853084 2.03070662 2.38687339 4.91747178]
DEBUG: Planck15 ages (Gyr): [9.62682892 5.46810117 1.99494884 1.2293413  1.00582526 3.18297486
 3.55999287 3.23540264 2.74825552 1.19796079]
DEBUG: cosmo_colibre ages (Gyr): [9.61427094 5.46673965 1.99685125 1.23130875 1.00775717 3.18431507
 3.56104016 3.2367055  2.7498641  1.19992502]
DEBUG: us.look_back_time -> ages (Gyr): [9.61427094 5.46673965 1.99685125 1.23130875 1.00775718 3.18431507
 3.56104016 3.2367055  2.7498641  1.19992503]
[38/100] subhalo 1102863 done; total_formed=4.326e+00
Building SWIFTGalaxy for subhalo 11320007 (soap_index=45988136)
Read masses: Nstars=29514, sum_current=4.349033e+10 Msun
DEBUG: sample z (first valid): [0.73283977 1.86233403 0.4585596  2.76643678 0.46678603 0.83204741
 0.35472135 0.71668064 0.88430132 0.71758046]
DEBUG: Planck15 ages (Gyr): [7.126051   3.51697128 8.91489169 2.34906349 8.85184367 6.61148876
 9.77125682 7.21568    6.36320826 7.2106437 ]
DEBUG: cosmo_colibre ages (Gyr): [7.1212265  3.51805487 8.90483707 2.35085472 8.84199941 6.60788122
 9.75816274 7.21063033 6.36014185 7.20560678]
DEBUG: us.look_back_time -> ages (Gyr): [7.1212265  3.51805487 8.90483707 2.35085472 8.84199941 6.60788122
 9.75816274 7.21063033 6.36014185 7.20560678]
[39/100] subhalo 11320007 done; total_formed=7.092e+00
Building SWIFTGalaxy for subhalo 46736 (soap_index=46058984)
Read masses: Nstars=62900, sum_current=7.819738e+10 Msun
DEBUG: sample z (first valid): [3.5813352  2.73296879 2.14986062 3.25641359 3.91384869 1.86233403
 3.10549395 2.64210292 4.77460569 1.42636061]
DEBUG: Planck15 ages (Gyr): [1.75583914 2.38031786 3.05766347 1.95907972 1.58161349 3.51697128
 2.06709038 2.46871964 1.24258933 4.46506726]
DEBUG: cosmo_colibre ages (Gyr): [1.75778893 2.38209697 3.05908856 1.96099069 1.58358302 3.51805487
 2.06897406 2.47046247 1.24455797 4.4651717 ]
DEBUG: us.look_back_time -> ages (Gyr): [1.75778894 2.38209697 3.05908857 1.96099069 1.58358302 3.51805487
 2.06897406 2.47046248 1.24455797 4.46517171]
[40/100] subhalo 46736 done; total_formed=1.313e+01
Building SWIFTGalaxy for subhalo 31990 (soap_index=46091829)
Read masses: Nstars=43836, sum_current=5.559036e+10 Msun
DEBUG: sample z (first valid): [5.7695486  3.50233581 6.12038244 5.78848146 3.4755856  3.08323988
 2.93278925 2.64048439 4.28175371 3.17054856]
DEBUG: Planck15 ages (Gyr): [0.97932554 1.80193962 0.90787904 0.97523428 1.81800549 2.08384934
 2.2032854  2.47034309 1.41993492 2.01935443]
DEBUG: cosmo_colibre ages (Gyr): [0.98125114 1.80388207 0.9097851  0.97715887 1.81994517 2.08572837
 2.20512823 2.47208523 1.42191088 2.02125073]
DEBUG: us.look_back_time -> ages (Gyr): [0.98125114 1.80388207 0.9097851  0.97715887 1.81994517 2.08572838
 2.20512823 2.47208523 1.42191089 2.02125073]
[41/100] subhalo 31990 done; total_formed=9.396e+00
Building SWIFTGalaxy for subhalo 32130 (soap_index=46091831)
Read masses: Nstars=15910, sum_current=2.047736e+10 Msun
DEBUG: sample z (first valid): [1.62144    2.06787754 1.21735012 1.52158523 3.71109194 5.1937435
 2.90234608 1.81560406 1.18075336 2.31559243]
DEBUG: Planck15 ages (Gyr): [3.99529873 3.17818046 5.07496692 4.22524027 1.68423415 1.11884908
 2.22883004 3.60224554 5.19541921 2.83571347]
DEBUG: cosmo_colibre ages (Gyr): [3.99593579 3.17952402 5.07423469 4.22562852 1.68619361 1.12080273
 2.23066441 3.60325643 5.19450178 2.83727392]
DEBUG: us.look_back_time -> ages (Gyr): [3.9959358  3.17952403 5.07423469 4.22562852 1.68619361 1.12080274
 2.23066442 3.60325644 5.19450178 2.83727392]
[42/100] subhalo 32130 done; total_formed=3.447e+00
Building SWIFTGalaxy for subhalo 32449 (soap_index=46091844)
Read masses: Nstars=12831, sum_current=1.938778e+10 Msun
DEBUG: sample z (first valid): [1.7622018  2.87741096 1.42384792 1.38001162 1.05712851 1.44646857
 1.81899518 1.06282657 1.6777805  5.80045657]
DEBUG: Planck15 ages (Gyr): [3.7038841  2.25011897 4.4716901  4.58981718 5.63774147 4.41263028
 3.59594467 5.61606502 3.8743446  0.97266118]
DEBUG: cosmo_colibre ages (Gyr): [3.70480445 2.2519461  4.47178635 4.58976403 5.63608611 4.41279891
 3.59696104 5.61444796 3.87510355 0.97458512]
DEBUG: us.look_back_time -> ages (Gyr): [3.70480446 2.25194611 4.47178635 4.58976404 5.63608611 4.41279891
 3.59696104 5.61444796 3.87510355 0.97458513]
[43/100] subhalo 32449 done; total_formed=3.250e+00
Building SWIFTGalaxy for subhalo 49086 (soap_index=46091855)
Read masses: Nstars=19050, sum_current=2.731845e+10 Msun
DEBUG: sample z (first valid): [1.67821823 1.38572989 2.52116914 1.90290574 1.14956704 1.48789006
 1.34526195 1.48978041 2.76038559 6.74382607]
DEBUG: Planck15 ages (Gyr): [3.87342816 4.57412583 2.59504304 3.44556552 5.30168691 4.30768221
 4.68705532 4.30298874 2.35466422 0.80047609]
DEBUG: cosmo_colibre ages (Gyr): [3.87418801 4.57409288 2.59672888 3.44670773 5.30060052 4.30797572
 4.68687454 4.30328772 2.3564533  0.80234514]
DEBUG: us.look_back_time -> ages (Gyr): [3.87418802 4.57409288 2.59672888 3.44670773 5.30060052 4.30797572
 4.68687455 4.30328772 2.3564533  0.80234515]
[44/100] subhalo 49086 done; total_formed=4.580e+00
Building SWIFTGalaxy for subhalo 49188 (soap_index=46091858)
Read masses: Nstars=13331, sum_current=1.707439e+10 Msun
DEBUG: sample z (first valid): [4.2099531  3.81280752 3.88454945 2.96947305 3.89111128 9.65193011
 4.22074405 3.67213232 3.6430039  1.57286432]
DEBUG: Planck15 ages (Gyr): [1.4492759  1.63141786 1.59579341 2.17314003 1.59259944 0.49589099
 1.44480234 1.7052185  1.72119202 4.10456429]
DEBUG: cosmo_colibre ages (Gyr): [1.45125159 1.63338306 1.59776183 2.17499251 1.59456811 0.49758731
 1.4467781  1.70717535 1.72314676 4.10508593]
DEBUG: us.look_back_time -> ages (Gyr): [1.45125159 1.63338307 1.59776183 2.17499252 1.59456811 0.49758732
 1.4467781  1.70717535 1.72314676 4.10508593]
[45/100] subhalo 49188 done; total_formed=2.885e+00
Building SWIFTGalaxy for subhalo 112842 (soap_index=46091863)
Read masses: Nstars=14116, sum_current=2.181774e+10 Msun
DEBUG: sample z (first valid): [1.64066403 2.22265932 1.65113269 1.56460828 1.79709774 2.27942354
 1.1878881  1.708323   1.64343337 1.28237097]
DEBUG: Planck15 ages (Gyr): [3.95334914 2.95678595 3.93080381 4.12361514 3.63694949 2.88185145
 5.17158231 3.8112322  3.94736479 4.87163591]
DEBUG: cosmo_colibre ages (Gyr): [3.95402918 2.95827493 3.93150664 4.12411614 3.63792994 2.88338533
 5.17070206 3.81205232 3.94805089 4.87120123]
DEBUG: us.look_back_time -> ages (Gyr): [3.95402918 2.95827493 3.93150664 4.12411614 3.63792994 2.88338533
 5.17070206 3.81205232 3.94805089 4.87120124]
[46/100] subhalo 112842 done; total_formed=3.640e+00
Building SWIFTGalaxy for subhalo 113290 (soap_index=46091871)
Read masses: Nstars=39391, sum_current=5.403101e+10 Msun
DEBUG: sample z (first valid): [0.54770452 1.11994566 1.96060716 3.70872252 0.57175748 2.25369874
 2.54440238 3.96898931 0.61801304 0.81218892]
DEBUG: Planck15 ages (Gyr): [8.26559496 5.40584767 3.348002   1.68549813 8.10252985 2.91542064
 2.56996035 1.55548663 7.80228207 6.70980048]
DEBUG: cosmo_colibre ages (Gyr): [8.25761667 5.40459058 3.34922097 1.68745744 8.09504141 2.91693467
 2.57165799 1.557458   7.79566204 6.70597039]
DEBUG: us.look_back_time -> ages (Gyr): [8.25761668 5.40459058 3.34922098 1.68745744 8.09504141 2.91693468
 2.57165799 1.55745801 7.79566204 6.7059704 ]
[47/100] subhalo 113290 done; total_formed=8.972e+00
Building SWIFTGalaxy for subhalo 308753 (soap_index=46091931)
Read masses: Nstars=8430, sum_current=1.120423e+10 Msun
DEBUG: sample z (first valid): [2.54516932 2.52381977 2.18506998 1.78284501 1.70899471 2.38197956
 1.28699051 4.06852282 2.33924386 4.05055487]
DEBUG: Planck15 ages (Gyr): [2.56913916 2.59216111 3.00818172 3.66404877 3.80986296 2.75411772
 4.85768564 1.51009867 2.80619416 1.51812861]
DEBUG: cosmo_colibre ages (Gyr): [2.57083719 2.59384832 3.00963864 3.66500511 3.81068438 2.75572316
 4.85727069 1.51207251 2.80777119 1.52010208]
DEBUG: us.look_back_time -> ages (Gyr): [2.57083719 2.59384833 3.00963864 3.66500511 3.81068438 2.75572317
 4.85727069 1.51207251 2.80777119 1.52010208]
[48/100] subhalo 308753 done; total_formed=1.870e+00
Building SWIFTGalaxy for subhalo 308790 (soap_index=46091933)
Read masses: Nstars=45244, sum_current=5.913058e+10 Msun
DEBUG: sample z (first valid): [2.35291108 4.60424149 2.72999431 6.46253701 2.72744853 1.84099185
 2.39811262 3.57270444 1.90857447 3.45368671]
DEBUG: Planck15 ages (Gyr): [2.78936517 1.29952661 2.38312872 0.84616803 2.38553882 3.55550529
 2.73486956 1.7607802  3.43577662 1.83133493]
DEBUG: cosmo_colibre ages (Gyr): [2.79095149 1.30149934 2.38490673 0.84805403 2.38731587 3.5565564
 2.73648525 1.76272925 3.43692671 1.83327224]
DEBUG: us.look_back_time -> ages (Gyr): [2.79095149 1.30149935 2.38490673 0.84805403 2.38731587 3.5565564
 2.73648525 1.76272925 3.43692671 1.83327225]
[49/100] subhalo 308790 done; total_formed=9.961e+00
Building SWIFTGalaxy for subhalo 543119 (soap_index=46091964)
Read masses: Nstars=12996, sum_current=1.772051e+10 Msun
DEBUG: sample z (first valid): [5.97562533 1.96972993 1.78142772 2.14834743 2.62357625 3.79064327
 3.26722229 2.73169343 3.5212832  0.74131151]
DEBUG: Planck15 ages (Gyr): [0.93627467 3.33298919 3.66676143 3.05981985 2.48740817 1.64269091
 1.95170313 2.3815224  1.79070162 7.07974171]
DEBUG: cosmo_colibre ages (Gyr): [0.93818895 3.33421964 3.66771535 3.06124354 2.48914296 1.64465499
 1.9536158  2.38330103 1.79264593 7.07503202]
DEBUG: us.look_back_time -> ages (Gyr): [0.93818896 3.33421965 3.66771535 3.06124354 2.48914296 1.644655
 1.9536158  2.38330104 1.79264594 7.07503202]
[50/100] subhalo 543119 done; total_formed=2.959e+00
Building SWIFTGalaxy for subhalo 543266 (soap_index=46091968)
Read masses: Nstars=16850, sum_current=2.234537e+10 Msun
DEBUG: sample z (first valid): [1.66710077 2.63160811 1.89905335 1.74415878 1.38260743 1.34358461
 1.46579878 2.11157535 1.6082942  1.81439492]
DEBUG: Planck15 ages (Gyr): [3.89681334 2.47927765 3.45224387 3.73928091 4.58268341 4.69183222
 4.36314815 3.11299672 4.0244008  3.60449652]
DEBUG: cosmo_colibre ages (Gyr): [3.89755011 2.48101595 3.45338068 3.74016874 4.58263945 4.69164507
 4.36337626 3.11438508 4.02500761 3.60550545]
DEBUG: us.look_back_time -> ages (Gyr): [3.89755012 2.48101595 3.45338068 3.74016874 4.58263946 4.69164507
 4.36337626 3.11438508 4.02500761 3.60550546]
[51/100] subhalo 543266 done; total_formed=3.752e+00
Building SWIFTGalaxy for subhalo 545707 (soap_index=46092012)
Read masses: Nstars=18402, sum_current=2.528411e+10 Msun
DEBUG: sample z (first valid): [2.86643068 1.89956641 1.5885141  1.22563336 1.66710077 1.48902393
 1.55142879 2.86916991 2.76038559 2.42153075]
DEBUG: Planck15 ages (Gyr): [2.2596002  3.45135323 4.06884001 5.04831969 3.89681334 4.304866
 4.15432404 2.25722877 2.35466422 2.70731991]
DEBUG: cosmo_colibre ages (Gyr): [2.26142406 3.45249076 4.06939995 5.04762753 3.89755011 4.30516279
 4.15479143 2.25905345 2.3564533  2.70895001]
DEBUG: us.look_back_time -> ages (Gyr): [2.26142406 3.45249076 4.06939995 5.04762753 3.89755012 4.30516279
 4.15479143 2.25905345 2.3564533  2.70895001]
[52/100] subhalo 545707 done; total_formed=4.234e+00
Building SWIFTGalaxy for subhalo 546068 (soap_index=46092017)
Read masses: Nstars=159749, sum_current=2.014917e+11 Msun
DEBUG: sample z (first valid): [5.39875024 4.64138762 4.81611644 1.96623518 0.093433   2.55247181
 0.67405742 1.80068376 0.26693474 0.52253508]
DEBUG: Planck15 ages (Gyr): [ 1.06558571  1.28674765  1.2293413   3.3387273  12.53625526  2.5613417
  7.46054687  3.63018248 10.5926341   8.4415646 ]
DEBUG: cosmo_colibre ages (Gyr): [ 1.06753013  1.28871961  1.23130875  3.33995338 12.51120125  2.56304334
  7.45486204  3.63116891 10.57631583  8.4330434 ]
DEBUG: us.look_back_time -> ages (Gyr): [ 1.06753013  1.28871961  1.23130875  3.33995338 12.51120125  2.56304334
  7.45486204  3.63116891 10.57631583  8.4330434 ]
[53/100] subhalo 546068 done; total_formed=3.369e+01
Building SWIFTGalaxy for subhalo 651006 (soap_index=46092040)
Read masses: Nstars=22248, sum_current=2.999444e+10 Msun
DEBUG: sample z (first valid): [1.64236755 1.45361288 5.46375382 1.04378469 6.13977557 2.14986062
 1.83853084 2.57027675 2.47302597 1.33756599]
DEBUG: Planck15 ages (Gyr): [3.94966621 4.39423741 1.04957078 5.68902257 0.90418359 3.05766347
 3.55999287 2.54249218 2.64831791 4.70903691]
DEBUG: cosmo_colibre ages (Gyr): [3.95034998 4.39442828 1.05151208 5.68727571 0.90608854 3.05908856
 3.56104016 2.54420247 2.6499779  4.70882671]
DEBUG: us.look_back_time -> ages (Gyr): [3.95034998 4.39442828 1.05151209 5.68727572 0.90608854 3.05908857
 3.56104016 2.54420247 2.6499779  4.70882671]
[54/100] subhalo 651006 done; total_formed=5.040e+00
Building SWIFTGalaxy for subhalo 651155 (soap_index=46092041)
Read masses: Nstars=15441, sum_current=2.142359e+10 Msun
DEBUG: sample z (first valid): [1.61349498 2.42869101 1.64471348 3.52659207 4.33854676 2.39213251
 1.63620274 2.31056779 2.40765391 2.61478213]
DEBUG: Planck15 ages (Gyr): [4.01284652 2.69898727 3.94460349 1.78757362 1.39741749 2.74197854
 3.96302066 2.84205033 2.72358964 2.49636075]
DEBUG: cosmo_colibre ages (Gyr): [4.01346539 2.70062167 3.94529239 1.78951845 1.39939338 2.74359046
 3.96369085 2.84360718 2.72521126 2.49809164]
DEBUG: us.look_back_time -> ages (Gyr): [4.01346539 2.70062167 3.94529239 1.78951846 1.39939338 2.74359046
 3.96369085 2.84360718 2.72521126 2.49809164]
[55/100] subhalo 651155 done; total_formed=3.598e+00
Building SWIFTGalaxy for subhalo 1109664 (soap_index=46092181)
Read masses: Nstars=24256, sum_current=3.330752e+10 Msun
DEBUG: sample z (first valid): [3.48692318 1.58015748 3.38808169 3.41825659 2.94130382 8.16587413
 4.91106702 2.06386162 2.460921   1.44994393]
DEBUG: Planck15 ages (Gyr): [1.81116745 4.0878532  1.87225084 1.85324581 2.19622721 0.62148407
 1.19990424 3.18428277 2.66199635 4.40366762]
DEBUG: cosmo_colibre ages (Gyr): [1.81310832 4.08839282 1.87418043 1.85517906 2.19807233 0.62326639
 1.20186869 3.18562205 2.66364953 4.40384711]
DEBUG: us.look_back_time -> ages (Gyr): [1.81310832 4.08839282 1.87418043 1.85517907 2.19807233 0.62326639
 1.20186869 3.18562206 2.66364954 4.40384711]
[56/100] subhalo 1109664 done; total_formed=5.584e+00
Building SWIFTGalaxy for subhalo 2139644 (soap_index=46092260)
Read masses: Nstars=8215, sum_current=1.285008e+10 Msun
DEBUG: sample z (first valid): [2.50947842 1.4053439  1.67341111 2.25499156 1.45196049 2.12343914
 1.34442298 1.48694596 2.05216095 2.50048072]
DEBUG: Planck15 ages (Gyr): [2.60781698 4.52095171 3.88351179 2.91371834 4.39848048 3.09567614
 4.68944365 4.31002936 3.20217183 2.61771892]
DEBUG: cosmo_colibre ages (Gyr): [2.60949672 4.5209864  3.88426172 2.91523338 4.39866623 3.09707613
 4.68925969 4.31032013 3.20349848 2.61939389]
DEBUG: us.look_back_time -> ages (Gyr): [2.60949672 4.5209864  3.88426172 2.91523339 4.39866623 3.09707613
 4.68925969 4.31032013 3.20349849 2.61939389]
[57/100] subhalo 2139644 done; total_formed=2.141e+00
Building SWIFTGalaxy for subhalo 2150157 (soap_index=46092432)
Read masses: Nstars=13361, sum_current=1.909664e+10 Msun
DEBUG: sample z (first valid): [3.04968176 1.4118946  1.45214398 2.66532438 1.32397163 2.90374077
 2.79390992 3.24126327 1.49832266 3.12903226]
DEBUG: Planck15 ages (Gyr): [2.1095489  4.50341321 4.39800898 2.44561962 4.74827093 2.22764911
 2.32390941 1.96949715 4.28188183 2.04960517]
DEBUG: cosmo_colibre ages (Gyr): [2.11142061 4.50346994 4.3981953  2.44737222 4.74800765 2.22948388
 2.32571012 1.97140569 4.2822053  2.05149358]
DEBUG: us.look_back_time -> ages (Gyr): [2.11142061 4.50346994 4.3981953  2.44737222 4.74800765 2.22948388
 2.32571012 1.97140569 4.28220531 2.05149358]
[58/100] subhalo 2150157 done; total_formed=3.197e+00
Building SWIFTGalaxy for subhalo 4857816 (soap_index=46092881)
Read masses: Nstars=9147, sum_current=1.319400e+10 Msun
DEBUG: sample z (first valid): [2.31895067 1.81439492 1.6898703  2.35291108 1.53367355 1.75917817
 2.73978544 1.66428165 2.45982473 1.82702096]
DEBUG: Planck15 ages (Gyr): [2.8314911  3.60449652 3.84916142 2.78936517 4.19628174 3.70977784
 2.37389672 3.9027796  2.66324085 3.58110356]
DEBUG: cosmo_colibre ages (Gyr): [2.83305394 3.60550545 3.84994498 2.79095149 4.19670257 3.71069281
 2.37567835 3.90351044 2.66489341 3.58213275]
DEBUG: us.look_back_time -> ages (Gyr): [2.83305395 3.60550546 3.84994498 2.79095149 4.19670257 3.71069282
 2.37567836 3.90351045 2.66489341 3.58213276]
[59/100] subhalo 4857816 done; total_formed=2.208e+00
Building SWIFTGalaxy for subhalo 6528278 (soap_index=46093169)
Read masses: Nstars=16851, sum_current=2.300556e+10 Msun
DEBUG: sample z (first valid): [1.60767149 4.49475979 2.99658495 0.87545788 0.87202925 0.89783389
 2.32130549 0.86967933 2.10862347 2.16140859]
DEBUG: Planck15 ages (Gyr): [4.02578782 1.33844214 2.15129515 6.40419904 6.42020177 6.30126818
 2.8285365  6.43120567 3.11733095 3.04128855]
DEBUG: cosmo_colibre ages (Gyr): [4.02639319 1.3404167  2.15315442 6.40104534 6.41701378 6.29833212
 2.83010101 6.42799403 3.11871639 3.04272428]
DEBUG: us.look_back_time -> ages (Gyr): [4.02639319 1.3404167  2.15315442 6.40104535 6.41701379 6.29833212
 2.83010101 6.42799403 3.11871639 3.04272428]
[60/100] subhalo 6528278 done; total_formed=3.846e+00
Building SWIFTGalaxy for subhalo 11313010 (soap_index=46093814)
Read masses: Nstars=25886, sum_current=3.403939e+10 Msun
DEBUG: sample z (first valid): [6.28663553 1.57104747 1.46301864 1.47623366 2.42582331 1.30047739
 0.93481342 1.37157125 1.8439507  6.91880135]
DEBUG: Planck15 ages (Gyr): [0.87699155 4.10874448 4.37020977 4.33680635 2.70231944 4.81732019
 6.13671851 4.61313637 3.55012209 0.77408185]
DEBUG: cosmo_colibre ages (Gyr): [0.87888796 4.1092616  4.37042946 4.33706568 2.70395213 4.81696182
 6.13411973 4.61305299 3.55117777 0.77594025]
DEBUG: us.look_back_time -> ages (Gyr): [0.87888796 4.1092616  4.37042946 4.33706568 2.70395213 4.81696182
 6.13411973 4.613053   3.55117777 0.77594025]
[61/100] subhalo 11313010 done; total_formed=5.712e+00
Building SWIFTGalaxy for subhalo 32432 (soap_index=46134093)
Read masses: Nstars=11186, sum_current=1.501823e+10 Msun
DEBUG: sample z (first valid): [1.65629053 0.83041001 1.00882786 1.08779866 3.4078558  1.51230545
 0.86457266 0.9135716  1.22442468 1.10132102]
DEBUG: Planck15 ages (Gyr): [3.91977226 6.61951032 5.82689924 5.52259893 1.85976036 4.24768988
 6.45521981 6.23040824 5.05219413 5.47300759]
DEBUG: cosmo_colibre ages (Gyr): [3.92048615 6.61588479 5.82490021 5.52114448 1.86169237 4.24805262
 6.45195635 6.22761902 5.05149616 5.47163775]
DEBUG: us.look_back_time -> ages (Gyr): [3.92048615 6.61588479 5.82490022 5.52114448 1.86169237 4.24805262
 6.45195635 6.22761902 5.05149616 5.47163776]
[62/100] subhalo 32432 done; total_formed=2.521e+00
Building SWIFTGalaxy for subhalo 34480 (soap_index=46134096)
Read masses: Nstars=30466, sum_current=4.257332e+10 Msun
DEBUG: sample z (first valid): [0.05180715 0.07421977 0.02714563 0.05066051 0.05424361 0.05228003
 0.04676719 0.2280018  0.01404964 0.02157376]
DEBUG: Planck15 ages (Gyr): [13.07729844 12.78198729 13.41344083 13.09266374 13.04473324 13.07096919
 13.145025   10.98919169 13.59688405 13.49106276]
DEBUG: cosmo_colibre ages (Gyr): [13.04956128 12.75572726 13.38398648 13.0648489  13.01716043 13.04326399
 13.11694488 10.97121328 13.56647698 13.46120661]
DEBUG: us.look_back_time -> ages (Gyr): [13.04956128 12.75572726 13.38398648 13.0648489  13.01716043 13.04326399
 13.11694488 10.97121328 13.56647698 13.46120661]
[63/100] subhalo 34480 done; total_formed=7.087e+00
Building SWIFTGalaxy for subhalo 248098 (soap_index=46134105)
Read masses: Nstars=40505, sum_current=5.364853e+10 Msun
DEBUG: sample z (first valid): [ 0.39165888  4.008483    3.25420318  0.53652818  0.68351829  0.45158147
  3.43710223  5.34669766  0.61530119 10.25274725]
DEBUG: Planck15 ages (Gyr): [9.4532574  1.53721004 1.96059392 8.3430474  7.40511034 8.96889687
 1.84153754 1.07870479 7.81941703 0.45663064]
DEBUG: cosmo_colibre ages (Gyr): [9.44133121 1.53918252 1.96250454 8.33483198 7.39957187 8.95866058
 1.84347299 1.08065165 7.81274861 0.45829435]
DEBUG: us.look_back_time -> ages (Gyr): [9.44133121 1.53918252 1.96250454 8.33483198 7.39957187 8.95866058
 1.84347299 1.08065165 7.81274861 0.45829435]
[64/100] subhalo 248098 done; total_formed=9.026e+00
Building SWIFTGalaxy for subhalo 1106666 (soap_index=46175317)
Read masses: Nstars=95418, sum_current=1.289189e+11 Msun
DEBUG: sample z (first valid): [0.09204826 0.07204083 0.52480223 0.14341545 0.14007376 0.16512587
 5.03240059 0.12104003 0.08102402 0.07803658]
DEBUG: Planck15 ages (Gyr): [12.55374182 12.81028301  8.42548495 11.92745821 11.9668384  11.6760428
  1.16395577 12.19469835 12.69419228 12.73263409]
DEBUG: cosmo_colibre ages (Gyr): [12.5286027  12.78388275  8.41701397 11.90529799 11.94449516 11.65503708
  1.1659159  12.17128469 12.66836559 12.70661799]
DEBUG: us.look_back_time -> ages (Gyr): [12.5286027  12.78388275  8.41701397 11.90529799 11.94449516 11.65503708
  1.1659159  12.17128469 12.66836559 12.70661799]
[65/100] subhalo 1106666 done; total_formed=2.145e+01
Building SWIFTGalaxy for subhalo 2143927 (soap_index=46175333)
Read masses: Nstars=49835, sum_current=6.812297e+10 Msun
DEBUG: sample z (first valid): [ 1.61099602  2.0015572   4.11760112  3.12227953  1.41012062  1.50137405
 12.94086365  2.49711846  2.09599395  1.64514046]
DEBUG: Planck15 ages (Gyr): [4.01839161 3.28146308 1.48852042 2.05459631 4.50815196 4.27438259
 0.33085978 2.62143494 3.1359867  3.94368316]
DEBUG: cosmo_colibre ages (Gyr): [4.01900471 3.28273223 1.49049511 2.05648338 4.50820275 4.27471472
 0.33239341 2.62310811 3.13735945 3.94437299]
DEBUG: us.look_back_time -> ages (Gyr): [4.01900471 3.28273224 1.49049511 2.05648338 4.50820275 4.27471472
 0.33239341 2.62310811 3.13735945 3.94437299]
[66/100] subhalo 2143927 done; total_formed=1.141e+01
Building SWIFTGalaxy for subhalo 2148374 (soap_index=46184496)
Read masses: Nstars=75139, sum_current=1.014085e+11 Msun
DEBUG: sample z (first valid): [4.01999234 0.32342488 1.67887508 4.75735746 5.04464121 2.62357625
 2.21128969 0.3505894  5.55622249 3.5212832 ]
DEBUG: Planck15 ages (Gyr): [ 1.53195072 10.05310016  3.87205361  1.24816389  1.16042854  2.48740817
  2.97217902  9.80780101  1.02746802  1.79070162]
DEBUG: cosmo_colibre ages (Gyr): [ 1.53392348 10.03893305  3.87281481  1.25013301  1.1623882   2.48914296
  2.9736585   9.79456979  1.02940474  1.79264593]
DEBUG: us.look_back_time -> ages (Gyr): [ 1.53392349 10.03893306  3.87281481  1.25013301  1.16238821  2.48914296
  2.9736585   9.79456979  1.02940474  1.79264594]
[67/100] subhalo 2148374 done; total_formed=1.687e+01
Building SWIFTGalaxy for subhalo 553462 (soap_index=46250666)
Read masses: Nstars=42670, sum_current=5.590843e+10 Msun
DEBUG: sample z (first valid): [3.8348211  8.11044693 3.85451852 4.95944348 0.97850501 0.97850501
 0.04250445 5.73822743 4.29755072 4.95944348]
DEBUG: Planck15 ages (Gyr): [ 1.6203477   0.62717157  1.61054736  1.18535326  5.95079876  5.95079876
 13.20269239  0.98615673  1.4136116   1.18535326]
DEBUG: cosmo_colibre ages (Gyr): [ 1.62231396  0.62895723  1.61251451  1.18731604  5.9485654   5.9485654
 13.17431903  0.988084    1.41558756  1.18731604]
DEBUG: us.look_back_time -> ages (Gyr): [ 1.62231397  0.62895723  1.61251452  1.18731605  5.9485654   5.9485654
 13.17431903  0.98808401  1.41558757  1.18731605]
[68/100] subhalo 553462 done; total_formed=9.341e+00
Building SWIFTGalaxy for subhalo 51025 (soap_index=46261335)
Read masses: Nstars=18784, sum_current=2.548736e+10 Msun
DEBUG: sample z (first valid): [2.70259887 4.79246951 0.70241064 0.67149561 0.62717251 3.26167252
 0.84754172 0.42061909 2.78077766 2.18692861]
DEBUG: Planck15 ages (Gyr): [2.40927641 1.23685924 7.29627445 7.47566686 7.74482604 1.95548492
 6.53632247 9.21446727 2.33587749 3.00560614]
DEBUG: cosmo_colibre ages (Gyr): [2.41104397 1.23882738 7.29101895 7.46994186 7.73836721 1.95739672
 6.53288191 9.20338776 2.33767372 3.0070647 ]
DEBUG: us.look_back_time -> ages (Gyr): [2.41104397 1.23882738 7.29101895 7.46994186 7.73836721 1.95739673
 6.53288191 9.20338776 2.33767372 3.0070647 ]
[69/100] subhalo 51025 done; total_formed=4.266e+00
Building SWIFTGalaxy for subhalo 141971 (soap_index=46261340)
Read masses: Nstars=26773, sum_current=3.721453e+10 Msun
DEBUG: sample z (first valid): [0.59656987 1.41171708 3.66116643 1.26674045 1.22517995 7.83710895
 0.59937524 1.23367416 1.3180532  1.9635525 ]
DEBUG: Planck15 ages (Gyr): [7.93934313 4.50388704 1.71120309 4.91931478 5.04977254 0.65652924
 7.92120549 5.02266473 4.76551541 3.34314298]
DEBUG: cosmo_colibre ages (Gyr): [7.93233208 4.50394317 1.71315916 4.91881202 5.0490782  0.65833144
 7.9142467  5.02201084 4.76522858 3.34436568]
DEBUG: us.look_back_time -> ages (Gyr): [7.93233209 4.50394317 1.71315916 4.91881202 5.0490782  0.65833144
 7.91424671 5.02201084 4.76522858 3.34436569]
[70/100] subhalo 141971 done; total_formed=6.169e+00
Building SWIFTGalaxy for subhalo 34863 (soap_index=46303683)
Read masses: Nstars=68963, sum_current=9.782670e+10 Msun
DEBUG: sample z (first valid): [0.66571777 1.72408346 1.43374926 1.55182618 4.04550004 1.81778313
 2.46714633 2.16782676 3.03174408 1.59486855]
DEBUG: Planck15 ages (Gyr): [7.50994003 3.77931408 4.44568357 4.15339271 1.52040039 3.59819467
 2.65494735 3.03224957 2.12350137 4.05447763]
DEBUG: cosmo_colibre ages (Gyr): [7.50412354 3.7801645  4.44581188 4.15386113 1.52237375 3.59920908
 2.65660405 3.03369113 2.12536899 4.05505281]
DEBUG: us.look_back_time -> ages (Gyr): [7.50412354 3.7801645  4.44581188 4.15386113 1.52237375 3.59920908
 2.65660406 3.03369113 2.125369   4.05505281]
[71/100] subhalo 34863 done; total_formed=1.628e+01
Building SWIFTGalaxy for subhalo 51082 (soap_index=46303685)
Read masses: Nstars=487410, sum_current=6.392539e+11 Msun
DEBUG: sample z (first valid): [1.00808923 1.00932058 1.01388974 1.01290006 1.50462432 0.17836594
 0.80838852 1.16992252 6.72830189 1.53917086]
DEBUG: Planck15 ages (Gyr): [ 5.82986903  5.82491949  5.80661087  5.81056887  4.26641779 11.52640789
  6.72887244  5.23193946  0.80288998  4.18321817]
DEBUG: cosmo_colibre ages (Gyr): [ 5.82786447  5.82292415  5.80464951  5.80860018  4.26675908 11.50607768
  6.72499864  5.23096455  0.80475998  4.18365358]
DEBUG: us.look_back_time -> ages (Gyr): [ 5.82786447  5.82292415  5.80464951  5.80860018  4.26675908 11.50607768
  6.72499864  5.23096456  0.80475998  4.18365358]
[72/100] subhalo 51082 done; total_formed=1.069e+02
Building SWIFTGalaxy for subhalo 114039 (soap_index=46303693)
Read masses: Nstars=15477, sum_current=2.019274e+10 Msun
DEBUG: sample z (first valid): [2.49786507 1.70273837 3.04768081 1.51038076 6.13977557 1.73911226
 1.68942876 1.64514046 6.4362873  1.0607509 ]
DEBUG: Planck15 ages (Gyr): [2.62060902 3.82264718 2.1110978  4.25237017 0.90418359 3.74927948
 3.85007649 3.94368316 0.8506526  5.62394601]
DEBUG: cosmo_colibre ages (Gyr): [2.62228259 3.82345636 2.11296905 4.25272756 0.90608854 3.75015803
 3.85085916 3.94437299 0.85254016 5.62231505]
DEBUG: us.look_back_time -> ages (Gyr): [2.6222826  3.82345636 2.11296906 4.25272756 0.90608854 3.75015803
 3.85085916 3.94437299 0.85254016 5.62231506]
[73/100] subhalo 114039 done; total_formed=3.400e+00
Building SWIFTGalaxy for subhalo 262246 (soap_index=46303726)
Read masses: Nstars=15755, sum_current=1.987562e+10 Msun
DEBUG: sample z (first valid): [4.00580507 9.43816198 2.56716743 3.79204446 4.10962108 4.38903051
 3.22731084 3.22186433 3.32267001 2.89724072]
DEBUG: Planck15 ages (Gyr): [1.53843804 0.51123252 2.54576745 1.64197443 1.49199409 1.37789428
 1.97917214 1.98297023 1.9145735  2.23316174]
DEBUG: cosmo_colibre ages (Gyr): [1.54041045 0.51294076 2.54747624 1.64393859 1.49396865 1.37986992
 1.98107838 1.98487556 1.91649438 2.23499465]
DEBUG: us.look_back_time -> ages (Gyr): [1.54041045 0.51294076 2.54747625 1.64393859 1.49396866 1.37986992
 1.98107838 1.98487556 1.91649438 2.23499466]
[74/100] subhalo 262246 done; total_formed=3.350e+00
Building SWIFTGalaxy for subhalo 1133820 (soap_index=46303859)
Read masses: Nstars=28484, sum_current=3.823803e+10 Msun
DEBUG: sample z (first valid): [2.27221889 1.11134021 3.03944773 1.09849504 4.6992782  0.49420885
 2.67189601 0.48392356 7.48527222 1.2167501 ]
DEBUG: Planck15 ages (Gyr): [2.89118893 5.43671581 2.11749063 5.48331319 1.2672435  8.64639728
 2.43914689 8.7226121  0.69782575 5.07690585]
DEBUG: cosmo_colibre ages (Gyr): [2.89271734 5.43540717 2.11936002 5.48192587 1.26921412 8.63722551
 2.44090219 8.71319318 0.69964943 5.07617069]
DEBUG: us.look_back_time -> ages (Gyr): [2.89271734 5.43540717 2.11936003 5.48192587 1.26921412 8.63722551
 2.44090219 8.71319318 0.69964943 5.07617069]
[75/100] subhalo 1133820 done; total_formed=6.408e+00
Building SWIFTGalaxy for subhalo 3540211 (soap_index=46304154)
Read masses: Nstars=126334, sum_current=1.587388e+11 Msun
DEBUG: sample z (first valid): [ 2.79874797  0.98955677  0.75323703  2.95033153  2.29724291 11.37929732
  1.46227833  4.75735746  1.5237215   2.52571552]
DEBUG: Planck15 ages (Gyr): [2.31952571 5.9051666  7.01533194 2.18878432 2.85896801 0.39560098
 4.37209328 1.24816389 4.22009926 2.59010316]
DEBUG: cosmo_colibre ages (Gyr): [2.32132804 5.9030204  7.01078019 2.19063183 2.86051518 0.3972071
 4.37231072 1.25013301 4.22049332 2.59179135]
DEBUG: us.look_back_time -> ages (Gyr): [2.32132805 5.9030204  7.01078019 2.19063183 2.86051518 0.39720711
 4.37231072 1.25013301 4.22049332 2.59179135]
[76/100] subhalo 3540211 done; total_formed=2.668e+01
Building SWIFTGalaxy for subhalo 2193921 (soap_index=46344144)
Read masses: Nstars=63412, sum_current=8.783918e+10 Msun
DEBUG: sample z (first valid): [0.76665948 0.71040818 1.60249384 0.60721993 7.46827756 1.06777308
 3.02308165 2.85914498 1.48883488 2.30489158]
DEBUG: Planck15 ages (Gyr): [6.9439086  7.25093705 4.03735066 7.8708183  0.6999293  5.59735389
 2.1302939  2.26592766 4.30533534 2.8492369 ]
DEBUG: cosmo_colibre ages (Gyr): [6.93952963 7.24579772 4.0379439  7.86400388 0.70175403 5.59576972
 2.13215951 2.26774931 4.30563158 2.85078965]
DEBUG: us.look_back_time -> ages (Gyr): [6.93952963 7.24579772 4.03794391 7.86400388 0.70175403 5.59576972
 2.13215951 2.26774931 4.30563158 2.85078965]
[77/100] subhalo 2193921 done; total_formed=1.462e+01
Building SWIFTGalaxy for subhalo 1139797 (soap_index=46388008)
Read masses: Nstars=37354, sum_current=5.124401e+10 Msun
DEBUG: sample z (first valid): [0.21282108 0.75775131 0.22735785 2.45836412 2.21286401 2.16415604
 5.86312703 1.39339712 1.10483042 1.02722098]
DEBUG: Planck15 ages (Gyr): [11.14961787  6.99118497 10.9959292   2.66490044  2.97003977  3.0374138
  0.95937722  4.55322092  5.46025228  5.75370627]
DEBUG: cosmo_colibre ages (Gyr): [11.13094935  6.98669191 10.97792203  2.66655217  2.97152058  3.03885203
  0.96129775  4.55321472  5.45890402  5.75184224]
DEBUG: us.look_back_time -> ages (Gyr): [11.13094935  6.98669192 10.97792203  2.66655217  2.97152058  3.03885204
  0.96129775  4.55321472  5.45890403  5.75184224]
[78/100] subhalo 1139797 done; total_formed=8.530e+00
Building SWIFTGalaxy for subhalo 4901198 (soap_index=46463052)
Read masses: Nstars=35313, sum_current=4.799226e+10 Msun
DEBUG: sample z (first valid): [1.8543554  0.45003983 4.80426889 6.69743951 0.01123318 4.32986337
 0.28240451 0.51633503 5.37261766 0.07204083]
DEBUG: Planck15 ages (Gyr): [ 3.5312971   8.98089338  1.23309842  0.80772493 13.63679456  1.4008218
 10.44078599  8.48577347  1.07213871 12.81028301]
DEBUG: cosmo_colibre ages (Gyr): [ 3.53236868  8.97061655  1.23506621  0.80959679 13.60617878  1.40279772
 10.42508584  8.47711355  1.07408437 12.78388275]
DEBUG: us.look_back_time -> ages (Gyr): [ 3.53236869  8.97061656  1.23506622  0.8095968  13.60617878  1.40279773
 10.42508584  8.47711355  1.07408437 12.78388275]
[79/100] subhalo 4901198 done; total_formed=7.978e+00
Building SWIFTGalaxy for subhalo 2186965 (soap_index=46465371)
Read masses: Nstars=33111, sum_current=4.434312e+10 Msun
DEBUG: sample z (first valid): [ 6.15458515  3.66116643  5.7800538   5.01413233  3.62335097  2.96227328
  3.45762481  1.55540825 13.57813369  2.35703309]
DEBUG: Planck15 ages (Gyr): [0.90137836 1.71120309 0.97705193 1.16925313 1.73210982 2.17900266
 1.82892598 4.14501291 0.30933707 2.78432205]
DEBUG: cosmo_colibre ages (Gyr): [0.90328246 1.71315916 0.97897697 1.17121394 1.73406305 2.18085329
 1.83086373 4.14549053 0.31084338 2.78591114]
DEBUG: us.look_back_time -> ages (Gyr): [0.90328246 1.71315916 0.97897697 1.17121394 1.73406306 2.1808533
 1.83086373 4.14549053 0.31084339 2.78591114]
[80/100] subhalo 2186965 done; total_formed=7.394e+00
Building SWIFTGalaxy for subhalo 569835 (soap_index=46512736)
Read masses: Nstars=46806, sum_current=6.216172e+10 Msun
DEBUG: sample z (first valid): [0.31735949 4.71070059 4.38416037 1.89521117 6.21285494 6.57291426
 0.30539399 0.41083269 6.11111111 0.80024173]
DEBUG: Planck15 ages (Gyr): [10.10909232  1.26345305  1.37975791  3.45892553  0.89048003  0.82773384
 10.22088977  9.29415556  0.9096546   6.77003969]
DEBUG: cosmo_colibre ages (Gyr): [10.09470785  1.26542339  1.38173358  3.46005693  0.89238075  0.82961322
 10.20606719  9.28279641  0.9115612   6.76607092]
DEBUG: us.look_back_time -> ages (Gyr): [10.09470785  1.26542339  1.38173358  3.46005693  0.89238075  0.82961322
 10.2060672   9.28279641  0.9115612   6.76607092]
[81/100] subhalo 569835 done; total_formed=1.028e+01
Building SWIFTGalaxy for subhalo 574576 (soap_index=46596161)
Read masses: Nstars=29001, sum_current=3.914931e+10 Msun
DEBUG: sample z (first valid): [5.94016732 6.69743951 4.92335503 2.99463611 2.30389191 1.95021158
 2.85914498 2.44527389 1.78995317 0.92503819]
DEBUG: Planck15 ages (Gyr): [0.94345568 0.80772493 1.19618019 2.15285328 2.85050565 3.36524423
 2.26592766 2.6798501  3.65049289 6.17955835]
DEBUG: cosmo_colibre ages (Gyr): [0.94537194 0.80959679 1.19814422 2.15471207 2.85205767 3.36644992
 2.26774931 2.68149428 3.65146133 6.17687302]
DEBUG: us.look_back_time -> ages (Gyr): [0.94537195 0.8095968  1.19814423 2.15471207 2.85205767 3.36644992
 2.26774931 2.68149429 3.65146134 6.17687302]
[82/100] subhalo 574576 done; total_formed=6.577e+00
Building SWIFTGalaxy for subhalo 2255018 (soap_index=46641034)
Read masses: Nstars=42943, sum_current=5.664763e+10 Msun
DEBUG: sample z (first valid): [2.90420589 0.24935184 0.63138504 0.7372495  0.69553969 0.42531535
 0.54434914 0.36989967 4.89352518 1.18104366]
DEBUG: Planck15 ages (Gyr): [ 2.22725551 10.76912931  7.71861658  7.10188818  7.33557245  9.17658467
  8.28873408  9.63871307  1.20525399  5.19444592]
DEBUG: cosmo_colibre ages (Gyr): [ 2.22909041 10.75208029  7.71223075  7.09712371  7.33021544  9.16563706
  8.28068525  9.62611133  1.20721902  5.19353001]
DEBUG: us.look_back_time -> ages (Gyr): [ 2.22909041 10.75208029  7.71223075  7.09712371  7.33021544  9.16563706
  8.28068525  9.62611133  1.20721903  5.19353001]
[83/100] subhalo 2255018 done; total_formed=9.498e+00
Building SWIFTGalaxy for subhalo 2258495 (soap_index=46644737)
Read masses: Nstars=18141, sum_current=2.483859e+10 Msun
DEBUG: sample z (first valid): [2.29459079 2.52571552 2.96035775 3.24236147 3.11813498 3.66017208
 2.1950078  0.95419847 2.59062021 2.40340673]
DEBUG: Planck15 ages (Gyr): [2.86235493 2.59010316 2.18056684 1.96873895 2.05766963 1.71174747
 2.99445233 6.05312417 2.52123294 2.7286013 ]
DEBUG: cosmo_colibre ages (Gyr): [2.86390014 2.59179135 2.18241697 1.97064766 2.05955587 1.71370347
 2.99591792 6.05069174 2.52295282 2.73022029]
DEBUG: us.look_back_time -> ages (Gyr): [2.86390014 2.59179135 2.18241698 1.97064767 2.05955587 1.71370347
 2.99591792 6.05069174 2.52295282 2.73022029]
[84/100] subhalo 2258495 done; total_formed=4.167e+00
Building SWIFTGalaxy for subhalo 12328925 (soap_index=46644815)
Read masses: Nstars=27769, sum_current=3.766172e+10 Msun
DEBUG: sample z (first valid): [1.3890347  1.62774659 1.55441222 2.60484048 3.74760939 1.57003922
 4.23325082 2.14774256 1.56440758 2.37397035]
DEBUG: Planck15 ages (Gyr): [4.56509633 3.98145782 4.14734025 2.50654556 1.66495054 4.11106722
 1.43964604 3.06068252 4.12408005 2.76375617]
DEBUG: cosmo_colibre ages (Gyr): [4.56507496 3.98210914 4.14781532 2.50827196 1.66691224 4.11158183
 1.44162186 3.06210564 4.12458054 2.76535643]
DEBUG: us.look_back_time -> ages (Gyr): [4.56507496 3.98210914 4.14781532 2.50827196 1.66691224 4.11158183
 1.44162186 3.06210564 4.12458054 2.76535643]
[85/100] subhalo 12328925 done; total_formed=6.321e+00
Building SWIFTGalaxy for subhalo 53442 (soap_index=46666547)
Read masses: Nstars=65502, sum_current=8.701044e+10 Msun
DEBUG: sample z (first valid): [5.39875024 4.69037076 0.25097351 3.78120668 2.78165032 0.32749959
 3.16022345 0.2257968  0.4836548  2.56522685]
DEBUG: Planck15 ages (Gyr): [ 1.06558571  1.27021249 10.75267428  1.64752972  2.33507905 10.01573812
  2.02680857 11.01228702  8.72461699  2.54781511]
DEBUG: cosmo_colibre ages (Gyr): [ 1.06753013  1.27218333 10.73569394  1.6494933   2.33687558 10.00171528
  2.02870296 10.99420991  8.71519153  2.54952297]
DEBUG: us.look_back_time -> ages (Gyr): [ 1.06753013  1.27218333 10.73569394  1.6494933   2.33687558 10.00171528
  2.02870297 10.99420991  8.71519153  2.54952298]
[86/100] subhalo 53442 done; total_formed=1.452e+01
Building SWIFTGalaxy for subhalo 5398 (soap_index=46670687)
Read masses: Nstars=69190, sum_current=8.972161e+10 Msun
DEBUG: sample z (first valid): [0.32214332 0.49721283 0.52168664 0.59006211 0.36852656 0.55298578
 0.33757858 0.35606688 0.51703704 0.41521983]
DEBUG: Planck15 ages (Gyr): [10.06489309  8.6243249   8.44759397  7.98166028  9.65059485  8.22937077
  9.92418692  9.75939959  8.4807505   9.25830681]
DEBUG: cosmo_colibre ages (Gyr): [10.05068031  8.61522418  8.4390539   7.97452667  9.6379493   8.2215024
  9.91051499  9.74634987  8.47210639  9.24707382]
DEBUG: us.look_back_time -> ages (Gyr): [10.05068031  8.61522419  8.4390539   7.97452667  9.6379493   8.22150241
  9.91051499  9.74634987  8.47210639  9.24707382]
[87/100] subhalo 5398 done; total_formed=1.502e+01
Building SWIFTGalaxy for subhalo 1369817 (soap_index=46670699)
Read masses: Nstars=38935, sum_current=5.266715e+10 Msun
DEBUG: sample z (first valid): [4.55625265 1.11134021 3.1854643  0.28703849 0.6542811  0.44607237
 0.72626699 8.68249982 0.07147996 9.08401293]
DEBUG: Planck15 ages (Gyr): [ 1.31635019  5.43671581  2.00866578 10.39591308  7.57848988  9.01187641
  7.16230086  0.57234575 12.81758078  0.53845035]
DEBUG: cosmo_colibre ages (Gyr): [ 1.3183238   5.43540717  2.01056479 10.38039371  7.57248871  9.00149457
  7.15738576  0.57409738 12.79114431  0.54017868]
DEBUG: us.look_back_time -> ages (Gyr): [ 1.3183238   5.43540717  2.01056479 10.38039371  7.57248871  9.00149457
  7.15738577  0.57409739 12.79114431  0.54017869]
[88/100] subhalo 1369817 done; total_formed=8.791e+00
Building SWIFTGalaxy for subhalo 19244984 (soap_index=46676020)
Read masses: Nstars=60509, sum_current=8.534424e+10 Msun
DEBUG: sample z (first valid): [5.23202739 0.05424361 0.82510861 0.47976879 0.83903917 2.74877016
 6.34626163 2.78908418 2.73552212 1.11283771]
DEBUG: Planck15 ages (Gyr): [ 1.10857096 13.04473324  6.64558527  8.75368346  6.57740524  2.36547679
  0.86633694  2.32829558  2.37790933  5.4313242 ]
DEBUG: cosmo_colibre ages (Gyr): [ 1.11052296 13.01716043  6.64190107  8.74416299  6.57387375  2.3672617
  0.86822983  2.33009465  2.37968939  5.4300246 ]
DEBUG: us.look_back_time -> ages (Gyr): [ 1.11052297 13.01716043  6.64190107  8.744163    6.57387375  2.3672617
  0.86822984  2.33009466  2.37968939  5.4300246 ]
[89/100] subhalo 19244984 done; total_formed=1.416e+01
Building SWIFTGalaxy for subhalo 37835 (soap_index=46706338)
Read masses: Nstars=15458, sum_current=1.937299e+10 Msun
DEBUG: sample z (first valid): [1.88120988 4.54121924 4.68740779 1.7622018  4.98611619 8.70256866
 1.85759135 1.61683437 6.14678299 7.85501959]
DEBUG: Planck15 ages (Gyr): [3.48345325 1.32169494 1.27120265 3.7038841  1.17745528 0.57056812
 3.52547545 4.00545581 0.90285444 0.65453614]
DEBUG: cosmo_colibre ages (Gyr): [3.48456462 1.32366881 1.27317356 3.70480445 1.17941711 0.57231858
 3.52655193 4.00608236 0.90475899 0.65633726]
DEBUG: us.look_back_time -> ages (Gyr): [3.48456462 1.32366881 1.27317357 3.70480446 1.17941711 0.57231858
 3.52655193 4.00608236 0.90475899 0.65633726]
[90/100] subhalo 37835 done; total_formed=3.279e+00
Building SWIFTGalaxy for subhalo 1175364 (soap_index=46706422)
Read masses: Nstars=15869, sum_current=2.129630e+10 Msun
DEBUG: sample z (first valid): [4.34594991 3.26722229 6.85520796 0.70631119 1.06256688 0.91715422
 0.79432702 1.45858343 0.87202925 4.91747178]
DEBUG: Planck15 ages (Gyr): [1.3945259  1.95170313 0.7835051  7.27410858 5.61705006 6.21445077
 6.80017206 4.38151341 6.42020177 1.19796079]
DEBUG: cosmo_colibre ages (Gyr): [1.39650177 1.9536158  0.78536738 7.26891    5.61543126 6.21169429
 6.79613325 4.38171957 6.41701378 1.19992502]
DEBUG: us.look_back_time -> ages (Gyr): [1.39650178 1.9536158  0.78536738 7.26891    5.61543127 6.21169429
 6.79613325 4.38171957 6.41701379 1.19992503]
[91/100] subhalo 1175364 done; total_formed=3.571e+00
Building SWIFTGalaxy for subhalo 2325614 (soap_index=46706547)
Read masses: Nstars=94729, sum_current=1.288075e+11 Msun
DEBUG: sample z (first valid): [4.64819443 1.32331254 1.61432903 1.25550661 0.76172043 0.32782235
 2.35291108 0.81540166 2.20626223 0.65011582]
DEBUG: Planck15 ages (Gyr): [ 1.28442858  4.75018639  4.01099855  4.95404353  6.97005957 10.01278733
  2.78936517  6.6937427   2.97902746  7.60369271]
DEBUG: cosmo_colibre ages (Gyr): [1.28640039 4.7499205  4.01161934 4.95349053 6.96561762 9.99877586
 2.79095149 6.68994928 2.98050269 7.59762305]
DEBUG: us.look_back_time -> ages (Gyr): [1.28640039 4.7499205  4.01161934 4.95349053 6.96561762 9.99877586
 2.79095149 6.68994928 2.98050269 7.59762305]
[92/100] subhalo 2325614 done; total_formed=2.155e+01
Building SWIFTGalaxy for subhalo 3635978 (soap_index=46706583)
Read masses: Nstars=8164, sum_current=1.190241e+10 Msun
DEBUG: sample z (first valid): [2.59377056 3.46765287 1.87665701 3.06374403 3.2021031  3.06929525
 3.93011359 3.06198091 2.03801224 2.5890471 ]
DEBUG: Planck15 ages (Gyr): [2.51796691 1.8228154  3.49149012 2.09871634 1.99685224 2.09446534
 1.57383164 2.10006949 3.22402392 2.52286642]
DEBUG: cosmo_colibre ages (Gyr): [2.51968825 1.82475424 3.49259486 2.10059117 1.99875419 2.09634138
 1.57580175 2.10194393 3.22533498 2.52458557]
DEBUG: us.look_back_time -> ages (Gyr): [2.51968825 1.82475424 3.49259487 2.10059118 1.99875419 2.09634139
 1.57580175 2.10194393 3.22533498 2.52458557]
[93/100] subhalo 3635978 done; total_formed=1.999e+00
Building SWIFTGalaxy for subhalo 3677855 (soap_index=46706613)
Read masses: Nstars=17540, sum_current=2.498995e+10 Msun
DEBUG: sample z (first valid): [4.85142857 2.61637788 5.09410452 4.81611644 4.21202481 4.43912358
 3.99436062 6.55806712 4.02499617 1.95473399]
DEBUG: Planck15 ages (Gyr): [1.21825501 2.49473231 1.1463544  1.2293413  1.44841526 1.35896528
 1.54370443 0.83017444 1.52967345 3.35772555]
DEBUG: cosmo_colibre ages (Gyr): [1.22022138 2.49646391 1.14831214 1.23130875 1.45039096 1.3609405
 1.54567653 0.83205471 1.53164634 3.35893704]
DEBUG: us.look_back_time -> ages (Gyr): [1.22022139 2.49646391 1.14831215 1.23130875 1.45039096 1.3609405
 1.54567653 0.83205471 1.53164635 3.35893705]
[94/100] subhalo 3677855 done; total_formed=4.103e+00
Building SWIFTGalaxy for subhalo 38641 (soap_index=46752052)
Read masses: Nstars=46989, sum_current=6.255792e+10 Msun
DEBUG: sample z (first valid): [0.03225806 0.03761875 0.0382763  0.03801318 1.20778871 2.57612136
 2.68303923 0.84276234 1.91297004 2.19158469]
DEBUG: Planck15 ages (Gyr): [13.3427691  13.26922536 13.26024351 13.26383659  5.10600518  2.53635437
  2.42823563  6.55936644  3.42821739  2.99916986]
DEBUG: cosmo_colibre ages (Gyr): [13.31367888 13.24051232 13.23157642 13.23515112  5.10522586  2.53806745
  2.42999545  6.55587498  3.42937353  3.00063248]
DEBUG: us.look_back_time -> ages (Gyr): [13.31367888 13.24051232 13.23157642 13.23515112  5.10522587  2.53806745
  2.42999545  6.55587498  3.42937353  3.00063248]
[95/100] subhalo 38641 done; total_formed=1.045e+01
Building SWIFTGalaxy for subhalo 2278557 (soap_index=46781723)
Read masses: Nstars=163805, sum_current=2.253283e+11 Msun
DEBUG: sample z (first valid): [1.82263761 0.65211253 0.48810173 0.67371539 0.56995017 0.33084234
 0.66741299 0.61657622 4.50583886 0.61450532]
DEBUG: Planck15 ages (Gyr): [3.58919681 7.59159533 8.6915312  7.46256285 8.11461339 9.98523868
 7.49985953 7.81135359 1.33441663 7.82445662]
DEBUG: cosmo_colibre ages (Gyr): [3.59021901 7.58555858 8.6822134  7.45687267 8.1070891  9.97133315
 7.49407001 7.80470795 1.33639103 7.81777394]
DEBUG: us.look_back_time -> ages (Gyr): [3.59021901 7.58555858 8.6822134  7.45687267 8.1070891  9.97133315
 7.49407001 7.80470796 1.33639104 7.81777394]
[96/100] subhalo 2278557 done; total_formed=3.739e+01
Building SWIFTGalaxy for subhalo 1180278 (soap_index=46813036)
Read masses: Nstars=32563, sum_current=4.254291e+10 Msun
DEBUG: sample z (first valid): [1.16805611 3.14548675 1.88349173 1.7659323  0.75643225 0.25788868
 0.25856506 0.13360548 2.47045118 1.22578454]
DEBUG: Planck15 ages (Gyr): [ 5.23827392  2.03752666  3.47943659  3.69663342  6.99822744 10.68291163
 10.67612309 12.04359007  2.6512177   5.04783542]
DEBUG: cosmo_colibre ages (Gyr): [ 5.23728898  2.03941826  3.48055125  3.69756038  6.9937173  10.66622122
 10.65946078 12.02088845  2.65287626  5.04714398]
DEBUG: us.look_back_time -> ages (Gyr): [ 5.23728898  2.03941827  3.48055126  3.69756038  6.9937173  10.66622122
 10.65946078 12.02088845  2.65287626  5.04714398]
[97/100] subhalo 1180278 done; total_formed=7.117e+00
Building SWIFTGalaxy for subhalo 3647000 (soap_index=46823140)
Read masses: Nstars=76732, sum_current=1.023004e+11 Msun
DEBUG: sample z (first valid): [1.10862291 2.75263399 0.84462959 1.30160848 4.43912358 1.32265381
 2.78165032 4.52813159 1.22125813 5.35963125]
DEBUG: Planck15 ages (Gyr): [5.44652081 2.36187096 6.55034848 4.81395926 1.35896528 4.752102
 2.33507905 1.32637732 5.062367   1.07542012]
DEBUG: cosmo_colibre ages (Gyr): [5.44519569 2.36365727 6.54687697 4.81360557 1.3609405  4.7518335
 2.33687558 1.32835139 5.06165375 1.07736638]
DEBUG: us.look_back_time -> ages (Gyr): [5.44519569 2.36365727 6.54687697 4.81360557 1.3609405  4.7518335
 2.33687558 1.32835139 5.06165375 1.07736638]
[98/100] subhalo 3647000 done; total_formed=1.706e+01
Building SWIFTGalaxy for subhalo 2316723 (soap_index=46848058)
Read masses: Nstars=29341, sum_current=3.896912e+10 Msun
DEBUG: sample z (first valid): [1.07615789 5.52944107 7.50233524 6.33146884 0.65211253 0.55195605
 2.05842822 2.52192605 1.91322902 0.45119575]
DEBUG: Planck15 ages (Gyr): [5.56586049 1.03378947 0.69572429 0.86896013 7.59159533 8.23641496
 3.19256949 2.59421954 3.42777286 8.97189616]
DEBUG: cosmo_colibre ages (Gyr): [5.56433129 1.03572753 0.69754692 0.8708539  7.58555858 8.22852527
 3.19390294 2.59590577 3.42892936 8.96164974]
DEBUG: us.look_back_time -> ages (Gyr): [5.56433129 1.03572754 0.69754693 0.8708539  7.58555858 8.22852527
 3.19390294 2.59590577 3.42892936 8.96164974]
[99/100] subhalo 2316723 done; total_formed=6.536e+00
Building SWIFTGalaxy for subhalo 15133248 (soap_index=46924341)
Read masses: Nstars=14973, sum_current=1.982968e+10 Msun
DEBUG: sample z (first valid): [5.02020944 3.56760524 2.31391586 6.97177959 1.00268916 3.50760025
 3.5558568  4.81611644 4.30827798 9.04306183]
DEBUG: Planck15 ages (Gyr): [1.16748648 1.76371029 2.83782531 0.76637447 5.8516533  1.79880551
 1.77049195 1.2293413  1.4093442  0.54175281]
DEBUG: cosmo_colibre ages (Gyr): [1.16944706 1.76565889 2.83938456 0.76822963 5.84960803 1.80074849
 1.7724395  1.23130875 1.41132016 0.5434835 ]
DEBUG: us.look_back_time -> ages (Gyr): [1.16944706 1.76565889 2.83938457 0.76822964 5.84960804 1.80074849
 1.77243951 1.23130875 1.41132016 0.5434835 ]
[100/100] subhalo 15133248 done; total_formed=3.318e+00
All halos processed. Writing CSV.
Wrote relicness_extras_1500_1600.csv (100 rows) in 6743.9s
