Will process 30 subhalos (test=False)
Mapping requested subhalos -> SOAP rows (chunked scan)...
Found SOAP rows for 30 / 30 requested subhalos
Reading SOAP StellarMass & HalfMassRadiusStars for requested rows (applying Mu/Lu conversions)...
Summing PartType4/Masses via mapping NPZ (particle-level current stellar mass -> Msun)...
Analysing subhalo 1558244
Analysing subhalo 70095
Analysing subhalo 1588049
Analysing subhalo 1568419
Analysing subhalo 70081
Analysing subhalo 16736876
Analysing subhalo 10121892
Analysing subhalo 2985024
Analysing subhalo 2997475
Analysing subhalo 378920
Analysing subhalo 1599872
Analysing subhalo 1602619
Analysing subhalo 811822
Analysing subhalo 1602951
Analysing subhalo 3038986
Analysing subhalo 73622
Analysing subhalo 1631137
Analysing subhalo 349538
Analysing subhalo 75753
Analysing subhalo 1470015
Analysing subhalo 454
Analysing subhalo 350479
Analysing subhalo 161496
Analysing subhalo 62902
Analysing subhalo 740896
Analysing subhalo 1514116
Analysing subhalo 163348
Analysing subhalo 362533
Analysing subhalo 2535614
Analysing subhalo 163382
halos:   0%|                                                                 | 0/30 [00:00<?, ?it/s]Flushed 30 rows to outfiles/relic_chunk_061.csv
halos: 100%|███████████████████████████████████████████████████████| 30/30 [00:00<00:00, 394.41it/s]
Done. Wrote 30 rows to outfiles/relic_chunk_061.csv
