Starting pure-swift relicness script
Loaded SOAP mapping for 91142867 halos
Batch mode: processing 100 halos (slice 800:900)
Building SWIFTGalaxy for subhalo 104334 (soap_index=22911832)
Read masses: Nstars=992777, sum_current=1.216415e+12 Msun
DEBUG: sample z (first valid): [1.6911958  3.39455509 5.55622249 6.65071212 1.12641142 1.71235825
 1.01550006 1.05210421 0.98955677 1.0350267 ]
DEBUG: Planck15 ages (Gyr): [3.84641654 1.86814663 1.02746802 0.815138   5.38283665 3.8030185
 5.80017986 5.65696439 5.9051666  5.72308042]
DEBUG: cosmo_colibre ages (Gyr): [3.84720276 1.87007702 1.02940474 0.81701269 5.38161771 3.80384646
 5.79823041 5.65527488 5.9030204  5.72127211]
DEBUG: us.look_back_time -> ages (Gyr): [3.84720276 1.87007702 1.02940474 0.8170127  5.38161771 3.80384646
 5.79823041 5.65527488 5.9030204  5.72127212]
[1/100] subhalo 104334 done; total_formed=2.033e+02
Building SWIFTGalaxy for subhalo 128984 (soap_index=22911835)
Read masses: Nstars=53670, sum_current=7.743886e+10 Msun
DEBUG: sample z (first valid): [1.10970899 1.09259851 0.70595585 0.64020422 3.17293855 2.54516932
 1.09500671 8.98187495 1.4384581  2.42510714]
DEBUG: Planck15 ages (Gyr): [5.44259849 5.50491523 7.27612359 7.66417963 2.01763544 2.56913916
 5.49607651 0.54675032 4.43340059 2.70315267]
DEBUG: cosmo_colibre ages (Gyr): [5.44127997 5.50349108 7.27091984 7.65794437 2.01953218 2.57083719
 5.49466746 0.54848454 4.43354395 2.70478492]
DEBUG: us.look_back_time -> ages (Gyr): [5.44127997 5.50349109 7.27091985 7.65794437 2.01953218 2.57083719
 5.49466746 0.54848454 4.43354395 2.70478493]
[2/100] subhalo 128984 done; total_formed=1.280e+01
Building SWIFTGalaxy for subhalo 11079450 (soap_index=22912520)
Read masses: Nstars=8730, sum_current=1.277937e+10 Msun
DEBUG: sample z (first valid): [2.11631003 1.84567955 2.18043288 1.92493082 1.92728247 2.10156176
 2.56522685 2.26179574 3.70872252 1.77647856]
DEBUG: Planck15 ages (Gyr): [3.10606534 3.54698283 3.01462331 3.40778455 3.40379052 3.12773975
 2.54781511 2.90478576 1.68549813 3.67625967]
DEBUG: cosmo_colibre ages (Gyr): [3.10745837 3.54804117 3.01607614 3.40895694 3.40496606 3.12911813
 2.54952297 2.90630613 1.68745744 3.67720505]
DEBUG: us.look_back_time -> ages (Gyr): [3.10745838 3.54804118 3.01607614 3.40895694 3.40496606 3.12911813
 2.54952298 2.90630613 1.68745744 3.67720506]
[3/100] subhalo 11079450 done; total_formed=2.138e+00
Building SWIFTGalaxy for subhalo 224448 (soap_index=22937734)
Read masses: Nstars=72801, sum_current=9.183759e+10 Msun
DEBUG: sample z (first valid): [0.33084234 5.50352287 0.48580756 0.11281668 1.62227913 2.52192605
 2.36565325 6.98343282 2.22583186 0.01430075]
DEBUG: Planck15 ages (Gyr): [ 9.98523868  1.03996892  8.70857673 12.29504767  3.99345263  2.59421954
  2.77382386  0.76469624  2.95251402 13.59333364]
DEBUG: cosmo_colibre ages (Gyr): [ 9.97133315  1.04190827  8.69920353 12.27115649  3.9940916   2.59590577
  2.77541867  0.76655069  2.95400562 13.56294511]
DEBUG: us.look_back_time -> ages (Gyr): [ 9.97133315  1.04190828  8.69920353 12.27115649  3.9940916   2.59590577
  2.77541867  0.76655069  2.95400562 13.56294511]
[4/100] subhalo 224448 done; total_formed=1.540e+01
Building SWIFTGalaxy for subhalo 611482 (soap_index=23107898)
Read masses: Nstars=36533, sum_current=4.794375e+10 Msun
DEBUG: sample z (first valid): [8.5652047  6.37602701 3.24538447 4.74574785 6.80748153 0.61482358
 5.09410452 5.60978316 2.05074015 2.61637788]
DEBUG: Planck15 ages (Gyr): [0.58292207 0.86109837 1.96665435 1.25193948 0.79070314 7.82244079
 1.1463544  1.01501655 3.20435525 2.49473231]
DEBUG: cosmo_colibre ages (Gyr): [0.58468061 0.86298951 1.96856355 1.25390891 0.79256832 7.81576381
 1.14831214 1.01695054 3.20568036 2.49646391]
DEBUG: us.look_back_time -> ages (Gyr): [0.58468061 0.86298951 1.96856355 1.25390892 0.79256833 7.81576382
 1.14831215 1.01695055 3.20568036 2.49646391]
[5/100] subhalo 611482 done; total_formed=8.025e+00
Building SWIFTGalaxy for subhalo 848145 (soap_index=23176930)
Read masses: Nstars=36212, sum_current=5.363071e+10 Msun
DEBUG: sample z (first valid): [3.54889984e+00 7.87300298e+00 4.18030195e+00 1.34174230e+00
 2.46788020e+00 3.84697877e+00 1.34710981e+00 5.03851470e+00
 3.06109955e-03 3.28227914e+00]
DEBUG: Planck15 ages (Gyr): [ 1.77452815  0.65254505  1.46168724  4.6970879   2.65411841  1.61428709
  4.68180183  1.16219172 13.75352929  1.94150357]
DEBUG: cosmo_colibre ages (Gyr): [ 1.77647507  0.65434507  1.46366269  4.69689373  2.65577552  1.61625391
  4.68162806  1.16415162 13.72230016  1.94341855]
DEBUG: us.look_back_time -> ages (Gyr): [ 1.77647507  0.65434508  1.46366269  4.69689373  2.65577553  1.61625391
  4.68162806  1.16415162 13.72230016  1.94341856]
[6/100] subhalo 848145 done; total_formed=8.780e+00
Building SWIFTGalaxy for subhalo 8818 (soap_index=23206043)
Read masses: Nstars=176722, sum_current=2.263470e+11 Msun
DEBUG: sample z (first valid): [9.70674726 6.24234722 0.86903947 1.11994566 1.53465347 1.9667723
 0.29846251 0.5286434  0.35955522 3.26278132]
DEBUG: Planck15 ages (Gyr): [ 0.4920799   0.8850472   6.43420702  5.40584767  4.1939483   3.33784434
 10.28647657  8.3983462   9.72875703  1.95472838]
DEBUG: cosmo_colibre ages (Gyr): [ 0.49377319  0.88694619  6.43098892  5.40459058  4.19437173  3.3390711
 10.27139444  8.38995971  9.71582168  1.95664036]
DEBUG: us.look_back_time -> ages (Gyr): [ 0.49377319  0.8869462   6.43098892  5.40459058  4.19437174  3.3390711
 10.27139444  8.38995972  9.71582168  1.95664036]
[7/100] subhalo 8818 done; total_formed=3.775e+01
Building SWIFTGalaxy for subhalo 183738 (soap_index=23206047)
Read masses: Nstars=15094, sum_current=2.009058e+10 Msun
DEBUG: sample z (first valid): [0.58483266 0.28703849 0.83903917 2.68967459 4.69333681 0.79826583
 1.49129476 2.39740798 2.1981261  1.58137703]
DEBUG: Planck15 ages (Gyr): [ 8.01591251 10.39591308  6.57740524  2.42177651  1.26922258  6.7800829
  4.29923476  2.73570564  2.99016545  4.08506952]
DEBUG: cosmo_colibre ages (Gyr): [ 8.00867906 10.38039371  6.57387375  2.42353897  1.27119334  6.77609083
  4.2995381   2.73732088  2.99163372  4.08561213]
DEBUG: us.look_back_time -> ages (Gyr): [ 8.00867906 10.38039371  6.57387375  2.42353898  1.27119335  6.77609083
  4.29953811  2.73732088  2.99163372  4.08561213]
[8/100] subhalo 183738 done; total_formed=3.364e+00
Building SWIFTGalaxy for subhalo 78485 (soap_index=23214230)
Read masses: Nstars=20926, sum_current=2.940860e+10 Msun
DEBUG: sample z (first valid): [4.29755072 2.49339019 8.44935477 5.50352287 4.05561984 4.46133333
 0.79295251 0.80162745 3.7569137  3.95396477]
DEBUG: Planck15 ages (Gyr): [1.4136116  2.62556563 0.5936909  1.03996892 1.5158579  1.35071033
 6.80720412 6.76301001 1.66009565 1.56253433]
DEBUG: cosmo_colibre ages (Gyr): [1.41558756 2.62723679 0.59545629 1.04190827 1.51783148 1.3526853
 6.80314891 6.75905751 1.66205788 1.56450523]
DEBUG: us.look_back_time -> ages (Gyr): [1.41558757 2.6272368  0.5954563  1.04190828 1.51783148 1.35268531
 6.80314891 6.75905751 1.66205788 1.56450524]
[9/100] subhalo 78485 done; total_formed=4.688e+00
Building SWIFTGalaxy for subhalo 2084891 (soap_index=23226410)
Read masses: Nstars=229366, sum_current=2.981158e+11 Msun
DEBUG: sample z (first valid): [0.40937634 0.79925324 2.64940417 0.05635074 2.34777278 6.82332577
 4.32986337 0.09372497 0.69291176 2.38197956]
DEBUG: Planck15 ages (Gyr): [ 9.30610109  6.77506118  2.461418   13.0166617   2.79567269  0.78830138
  1.4008218  12.53257262  7.3506883   2.75411772]
DEBUG: cosmo_colibre ages (Gyr): [ 9.29469977  6.77108077  2.46316395 12.98923027  2.79725554  0.7901656
  1.40279772 12.50753652  7.34529205  2.75572316]
DEBUG: us.look_back_time -> ages (Gyr): [ 9.29469977  6.77108077  2.46316395 12.98923027  2.79725554  0.79016561
  1.40279773 12.50753652  7.34529205  2.75572317]
[10/100] subhalo 2084891 done; total_formed=4.957e+01
Building SWIFTGalaxy for subhalo 1671642 (soap_index=23252431)
Read masses: Nstars=23096, sum_current=3.272489e+10 Msun
DEBUG: sample z (first valid): [1.63705134 4.57326303 7.38270657 0.21524996 5.32098765 2.72617694
 1.78001188 5.623143   0.3741508  0.11645656]
DEBUG: Planck15 ages (Gyr): [ 3.96117804  1.31034568  0.71068305 11.1237251   1.08528391  2.38674414
  3.6694746   1.01194975  9.60206277 12.25048666]
DEBUG: cosmo_colibre ages (Gyr): [ 3.96185011  1.31231899  0.71251301 11.10516868  1.08723195  2.38852071
  3.67042608  1.01388306  9.58959577 12.22680799]
DEBUG: us.look_back_time -> ages (Gyr): [ 3.96185011  1.31231899  0.71251302 11.10516868  1.08723195  2.38852071
  3.67042608  1.01388306  9.58959577 12.22680799]
[11/100] subhalo 1671642 done; total_formed=5.371e+00
Building SWIFTGalaxy for subhalo 840184 (soap_index=23286270)
Read masses: Nstars=21756, sum_current=2.859197e+10 Msun
DEBUG: sample z (first valid): [8.35426777e+00 3.53976171e+00 9.40170940e-02 9.73878098e-02
 1.13500130e+00 4.88717212e+00 6.05370789e+00 5.09171216e-03
 2.83060315e-02 2.36116525e+00]
DEBUG: Planck15 ages (Gyr): [ 0.60277925  1.77985297 12.52888953 12.48650258  5.35250503  1.20720127
  0.92077763 13.72439264 13.39735409  2.77928152]
DEBUG: cosmo_colibre ages (Gyr): [ 0.6045503   1.78179905 12.50387135 12.46169014  5.35133599  1.2091665
  0.9226875  13.69331701 13.36798277  2.78087336]
DEBUG: us.look_back_time -> ages (Gyr): [ 0.6045503   1.78179905 12.50387135 12.46169014  5.35133599  1.20916651
  0.9226875  13.69331701 13.36798277  2.78087336]
[12/100] subhalo 840184 done; total_formed=4.808e+00
Building SWIFTGalaxy for subhalo 239994 (soap_index=23325347)
Read masses: Nstars=19088, sum_current=2.576795e+10 Msun
DEBUG: sample z (first valid): [0.24773437 0.24839988 5.18147519 0.36715621 0.30342084 0.47683432
 0.3410821  0.31271533 0.09621303 6.45150654]
DEBUG: Planck15 ages (Gyr): [10.78557792 10.77880574  1.12217629  9.66247427 10.23949804  8.77572819
  9.8926491  10.15227201 12.50125244  0.84804771]
DEBUG: cosmo_colibre ages (Gyr): [10.76846013 10.76171628  1.12413046  9.64978485 10.22460202  8.7661354
  9.87909719 10.13771898 12.47636848  0.84993436]
DEBUG: us.look_back_time -> ages (Gyr): [10.76846013 10.76171628  1.12413046  9.64978486 10.22460202  8.7661354
  9.87909719 10.13771898 12.47636848  0.84993437]
[13/100] subhalo 239994 done; total_formed=4.310e+00
Building SWIFTGalaxy for subhalo 109126 (soap_index=23409096)
Read masses: Nstars=17251, sum_current=2.415731e+10 Msun
DEBUG: sample z (first valid): [3.19403558 6.13278189 4.61865569 4.75129443 4.00465827 3.63282907
 4.23325082 6.4362873  6.25678219 8.14732361]
DEBUG: Planck15 ages (Gyr): [2.0025658  0.90551338 1.29454296 1.2501333  1.53896442 1.72683018
 1.43964604 0.8506526  0.88240814 0.623378  ]
DEBUG: cosmo_colibre ages (Gyr): [2.00446633 0.90741873 1.2965154  1.25210259 1.5409368  1.72878415
 1.44162186 0.85254016 0.8843063  0.62516144]
DEBUG: us.look_back_time -> ages (Gyr): [2.00446633 0.90741874 1.2965154  1.25210259 1.5409368  1.72878415
 1.44162186 0.85254016 0.8843063  0.62516144]
[14/100] subhalo 109126 done; total_formed=4.002e+00
Building SWIFTGalaxy for subhalo 424574 (soap_index=23427884)
Read masses: Nstars=24075, sum_current=3.473820e+10 Msun
DEBUG: sample z (first valid): [3.68985258 2.52913301 1.84864818 1.90342017 0.07640759 4.18030195
 0.12845237 3.29321978 3.63282907 3.37694517]
DEBUG: Planck15 ages (Gyr): [ 1.69562069  2.58640005  3.54160288  3.44467532 12.75366481  1.46168724
 12.10523689  1.93414749  1.72683018  1.87934652]
DEBUG: cosmo_colibre ages (Gyr): [ 1.69757875  2.58808998  3.54266578  3.44581825 12.72754487  1.46366269
 12.08224581  1.93606411  1.72878415  1.88127469]
DEBUG: us.look_back_time -> ages (Gyr): [ 1.69757876  2.58808999  3.54266578  3.44581825 12.72754487  1.46366269
 12.08224581  1.93606411  1.72878415  1.8812747 ]
[15/100] subhalo 424574 done; total_formed=5.710e+00
Building SWIFTGalaxy for subhalo 13088 (soap_index=23436586)
Read masses: Nstars=76920, sum_current=9.572095e+10 Msun
DEBUG: sample z (first valid): [2.08724326 1.98189098 3.89915527 2.03998516 1.77577298 0.74260796
 1.45618769 0.791972   1.03401614 1.944115  ]
DEBUG: Planck15 ages (Gyr): [3.1490201  3.3131465  1.58869844 3.22096224 3.67761706 7.07269569
 4.38763881 6.81222729 5.72703092 3.37542354]
DEBUG: cosmo_colibre ages (Gyr): [3.15038392 3.31439198 1.59066742 3.2222755  3.67856122 7.06800337
 4.38783761 6.80816034 5.72521545 3.37662132]
DEBUG: us.look_back_time -> ages (Gyr): [3.15038392 3.31439199 1.59066743 3.2222755  3.67856122 7.06800338
 4.38783761 6.80816034 5.72521545 3.37662133]
[16/100] subhalo 13088 done; total_formed=1.615e+01
Building SWIFTGalaxy for subhalo 417243 (soap_index=23449466)
Read masses: Nstars=65408, sum_current=8.492396e+10 Msun
DEBUG: sample z (first valid): [ 1.97269346  2.08637091  1.55720306  2.46714633  3.92381668 10.09369446
  0.84733341  1.11242909  0.46037971  0.44199965]
DEBUG: Planck15 ages (Gyr): [3.32813589 3.15032424 4.14082443 2.65494735 1.57683682 0.46650797
 6.53732425 5.43279456 8.90088486 9.04384666]
DEBUG: cosmo_colibre ages (Gyr): [3.32937003 3.15168716 4.14130664 2.65660405 1.57880671 0.46818018
 6.53388148 5.43149249 8.89087714 9.03335599]
DEBUG: us.look_back_time -> ages (Gyr): [3.32937004 3.15168716 4.14130665 2.65660406 1.57880671 0.46818019
 6.53388149 5.43149249 8.89087714 9.03335599]
[17/100] subhalo 417243 done; total_formed=1.411e+01
Building SWIFTGalaxy for subhalo 193312 (soap_index=23477996)
Read masses: Nstars=21083, sum_current=3.118039e+10 Msun
DEBUG: sample z (first valid): [5.09410452e+00 5.41126981e+00 4.30827798e+00 2.25939333e-02
 5.11914099e+00 4.35162502e+00 1.25132257e+00 6.55806712e+00
 5.33840584e-03 3.58614416e+00]
DEBUG: Planck15 ages (Gyr): [ 1.1463544   1.06246983  1.4093442  13.47680372  1.13933827  1.39231599
  4.9670782   0.83017444 13.7208588   1.75309598]
DEBUG: cosmo_colibre ages (Gyr): [ 1.14831214  1.06441366  1.41132016 13.44702152  1.14129501  1.39429184
  4.9665062   0.83205471 13.68980176  1.75504619]
DEBUG: us.look_back_time -> ages (Gyr): [ 1.14831215  1.06441366  1.41132016 13.44702152  1.14129501  1.39429184
  4.9665062   0.83205471 13.68980176  1.75504619]
[18/100] subhalo 193312 done; total_formed=5.121e+00
Building SWIFTGalaxy for subhalo 1144 (soap_index=23489087)
Read masses: Nstars=35565, sum_current=5.031328e+10 Msun
DEBUG: sample z (first valid): [0.77565839 1.56581317 2.17704092 2.48892675 3.64103109 1.42582174
 1.22578454 1.44464339 1.62227913 5.29548511]
DEBUG: Planck15 ages (Gyr): [6.89664837 4.12082597 3.01934954 2.63052494 1.72228283 4.46648627
 5.04783542 4.417349   3.99345263 1.09187604]
DEBUG: cosmo_colibre ages (Gyr): [6.89238236 4.12133    3.02079936 2.63219368 1.72423741 4.46658896
 5.04714398 4.41751191 3.9940916  1.09382523]
DEBUG: us.look_back_time -> ages (Gyr): [6.89238236 4.12133    3.02079936 2.63219369 1.72423742 4.46658896
 5.04714398 4.41751191 3.9940916  1.09382524]
[19/100] subhalo 1144 done; total_formed=8.344e+00
Building SWIFTGalaxy for subhalo 867522 (soap_index=23495316)
Read masses: Nstars=19863, sum_current=2.585499e+10 Msun
DEBUG: sample z (first valid): [2.55093195 5.78637258 3.45762481 0.7837779  3.49399986 3.01888759
 1.10064748 5.09410452 4.92335503 0.19173698]
DEBUG: Planck15 ages (Gyr): [ 2.5629827   0.97568859  1.82892598  6.85443047  1.80692082  2.13359551
  5.47546104  1.1463544   1.19618019 11.37805501]
DEBUG: cosmo_colibre ages (Gyr): [ 2.56468358  0.97761329  1.83086373  6.85026444  1.80886242  2.13546013
  5.47408705  1.14831214  1.19814422 11.35838582]
DEBUG: us.look_back_time -> ages (Gyr): [ 2.56468358  0.97761329  1.83086373  6.85026444  1.80886243  2.13546013
  5.47408705  1.14831215  1.19814423 11.35838582]
[20/100] subhalo 867522 done; total_formed=4.340e+00
Building SWIFTGalaxy for subhalo 3231981 (soap_index=23509141)
Read masses: Nstars=18925, sum_current=2.618741e+10 Msun
DEBUG: sample z (first valid): [3.51225558 7.85501959 0.63301106 5.14380801 5.18147519 7.36558591
 4.81611644 1.30047739 4.80992908 2.0817267 ]
DEBUG: Planck15 ages (Gyr): [1.79604154 0.65453614 7.70853583 1.13249512 1.12217629 0.7128676
 1.2293413  4.81732019 1.23130107 3.15728212]
DEBUG: cosmo_colibre ages (Gyr): [1.79798497 0.65633726 7.70217799 1.13445086 1.12413046 0.71469862
 1.23130875 4.81696182 1.2332687  3.15864023]
DEBUG: us.look_back_time -> ages (Gyr): [1.79798498 0.65633726 7.702178   1.13445086 1.12413046 0.71469862
 1.23130875 4.81696182 1.23326871 3.15864023]
[21/100] subhalo 3231981 done; total_formed=4.316e+00
Building SWIFTGalaxy for subhalo 1763515 (soap_index=23650445)
Read masses: Nstars=129101, sum_current=1.847556e+11 Msun
DEBUG: sample z (first valid): [1.51539111 5.42446819 3.67080037 0.75869472 3.4755856  3.15178967
 3.35918585 4.57326303 3.06828481 7.        ]
DEBUG: Planck15 ages (Gyr): [4.24020378 1.05920137 1.70594355 6.98615484 1.81800549 2.03293108
 1.89075433 1.31034568 2.09523806 0.76232083]
DEBUG: cosmo_colibre ages (Gyr): [4.24057504 1.06114456 1.70790031 6.98167397 1.81994517 2.03482388
 1.8926802  1.31231899 2.09711388 0.76417426]
DEBUG: us.look_back_time -> ages (Gyr): [4.24057505 1.06114457 1.70790031 6.98167397 1.81994517 2.03482388
 1.89268021 1.31231899 2.09711388 0.76417426]
[22/100] subhalo 1763515 done; total_formed=3.060e+01
Building SWIFTGalaxy for subhalo 199054 (soap_index=23667391)
Read masses: Nstars=60847, sum_current=7.901730e+10 Msun
DEBUG: sample z (first valid): [0.86712251 1.06464621 5.26060374 3.35802633 1.11638571 3.41468508
 6.8712467  3.49153588 1.18993517 1.29918608]
DEBUG: Planck15 ages (Gyr): [6.44321179 5.60917042 1.10100079 1.89150313 5.41858365 1.85547857
 0.78111057 1.80839756 5.16477515 4.82116179]
DEBUG: cosmo_colibre ages (Gyr): [6.43997427 5.6075655  1.10295154 1.89342885 5.41730534 1.8574114
 0.78297187 1.8103389  5.16390546 4.82079807]
DEBUG: us.look_back_time -> ages (Gyr): [6.43997427 5.6075655  1.10295154 1.89342885 5.41730534 1.8574114
 0.78297187 1.81033891 5.16390546 4.82079807]
[23/100] subhalo 199054 done; total_formed=1.322e+01
Building SWIFTGalaxy for subhalo 35762 (soap_index=23687211)
Read masses: Nstars=60778, sum_current=8.194894e+10 Msun
DEBUG: sample z (first valid): [7.46827756e+00 7.67612472e-01 1.03867538e-03 3.16724263e-01
 4.13754422e-01 4.23325082e+00 4.18037043e-01 6.05370789e+00
 3.03546798e+00 7.06547289e+00]
DEBUG: Planck15 ages (Gyr): [ 0.6999293   6.93888013 13.78263454 10.11498264  9.27025841  1.43964604
  9.235394    0.92077763  2.1205923   0.75305219]
DEBUG: cosmo_colibre ages (Gyr): [ 0.70175403  6.93451322 13.75125182 10.10057523  9.25898343  1.44162186
  9.22424134  0.9226875   2.12246078  0.75490161]
DEBUG: us.look_back_time -> ages (Gyr): [ 0.70175403  6.93451323 13.75125182 10.10057523  9.25898343  1.44162186
  9.22424134  0.9226875   2.12246078  0.75490161]
[24/100] subhalo 35762 done; total_formed=1.351e+01
Building SWIFTGalaxy for subhalo 204053 (soap_index=23716955)
Read masses: Nstars=18767, sum_current=2.648736e+10 Msun
DEBUG: sample z (first valid): [3.43950684 5.06927209 4.56191123 6.21285494 5.13116288 5.48999802
 7.64191996 0.57599077 4.6992782  4.72216886]
DEBUG: Planck15 ages (Gyr): [1.84005243 1.1533845  1.3143477  0.89048003 1.13599459 1.04321794
 0.67892094 8.07433233 1.2672435  1.25966626]
DEBUG: cosmo_colibre ages (Gyr): [1.84198815 1.15534322 1.31632122 0.89238075 1.13795085 1.04515796
 0.68073504 8.06692731 1.26921412 1.26163631]
DEBUG: us.look_back_time -> ages (Gyr): [1.84198816 1.15534322 1.31632122 0.89238075 1.13795085 1.04515796
 0.68073504 8.06692731 1.26921412 1.26163632]
[25/100] subhalo 204053 done; total_formed=4.403e+00
Building SWIFTGalaxy for subhalo 915707 (soap_index=23716965)
Read masses: Nstars=28643, sum_current=3.803626e+10 Msun
DEBUG: sample z (first valid): [4.58466127 1.41100728 1.22805467 0.9135716  0.86989272 1.05261839
 1.09046252 1.93751681 0.66453317 0.87481405]
DEBUG: Planck15 ages (Gyr): [1.30634758 4.50578245 5.04057237 6.23040824 6.43020525 5.65499239
 5.51277362 3.38649706 7.51699644 6.40719928]
DEBUG: cosmo_colibre ages (Gyr): [1.30832069 4.50583622 5.0398918  6.22761902 6.42699576 5.65330639
 5.51133603 3.3876862  7.51116105 6.40403917]
DEBUG: us.look_back_time -> ages (Gyr): [1.30832069 4.50583622 5.0398918  6.22761902 6.42699576 5.6533064
 5.51133603 3.3876862  7.51116105 6.40403917]
[26/100] subhalo 915707 done; total_formed=6.342e+00
Building SWIFTGalaxy for subhalo 267213 (soap_index=23735313)
Read masses: Nstars=57190, sum_current=8.073040e+10 Msun
DEBUG: sample z (first valid): [5.46375382 0.54741216 0.12496567 4.27070935 0.24432293 7.23058085
 0.66996229 0.74446337 0.31009116 0.71112272]
DEBUG: Planck15 ages (Gyr): [ 1.04957078  8.26760718 12.14720254  1.42438374 10.82038898  0.7304923
  7.48473902  7.06263044 10.1767893   7.24690742]
DEBUG: cosmo_colibre ages (Gyr): [ 1.05151208  8.25962278 12.1240136   1.42635969 10.80312527  0.7323316
  7.47898985  7.05796291 10.1621402   7.24177837]
DEBUG: us.look_back_time -> ages (Gyr): [ 1.05151209  8.25962278 12.1240136   1.42635969 10.80312527  0.73233161
  7.47898986  7.05796291 10.1621402   7.24177837]
[27/100] subhalo 267213 done; total_formed=1.326e+01
Building SWIFTGalaxy for subhalo 1805207 (soap_index=23746423)
Read masses: Nstars=36477, sum_current=4.976189e+10 Msun
DEBUG: sample z (first valid): [ 4.55060557  0.45817017  0.38145025  0.38249937  3.17719421 11.76260954
  4.81611644  0.01688183  0.43984533  6.75207003]
DEBUG: Planck15 ages (Gyr): [ 1.31835365  8.91789286  9.53960753  9.53068021  2.01458056  0.37786661
  1.2293413  13.55691537  9.06082572  0.79919912]
DEBUG: cosmo_colibre ages (Gyr): [ 1.32032736  8.90782818  9.52736874  9.5184739   2.01647807  0.37945417
  1.23130875 13.5267168   9.05027706  0.80106767]
DEBUG: us.look_back_time -> ages (Gyr): [ 1.32032737  8.90782818  9.52736874  9.5184739   2.01647808  0.37945418
  1.23130875 13.5267168   9.05027706  0.80106767]
[28/100] subhalo 1805207 done; total_formed=8.256e+00
Building SWIFTGalaxy for subhalo 14593 (soap_index=23761421)
Read masses: Nstars=214762, sum_current=2.855918e+11 Msun
DEBUG: sample z (first valid): [0.16215066 4.35687428 5.98231408 8.6433196  1.50175599 0.54274953
 3.3813344  1.6911958  6.80748153 7.29779691]
DEBUG: Planck15 ages (Gyr): [11.71004839  1.39027707  0.93493024  0.57584285  4.27344539  8.29979944
  1.8765446   3.84641654  0.79070314  0.72162791]
DEBUG: cosmo_colibre ages (Gyr): [11.68888794  1.39225289  0.93684414  0.57759678  4.2737786   8.29171678
  1.87847333  3.84720276  0.79256832  0.72346309]
DEBUG: us.look_back_time -> ages (Gyr): [11.68888794  1.39225289  0.93684415  0.57759678  4.2737786   8.29171679
  1.87847334  3.84720276  0.79256833  0.72346309]
[29/100] subhalo 14593 done; total_formed=4.779e+01
Building SWIFTGalaxy for subhalo 207935 (soap_index=23864121)
Read masses: Nstars=69241, sum_current=9.732380e+10 Msun
DEBUG: sample z (first valid): [4.20126984 0.37553522 7.81927062 1.19830941 0.99975589 0.65981157
 0.99756157 1.45729284 4.72817061 5.89780023]
DEBUG: Planck15 ages (Gyr): [1.45289238 9.59017142 0.65852433 5.13707588 5.86353992 7.54522259
 5.87245686 4.38481148 1.25769201 0.95215666]
DEBUG: cosmo_colibre ages (Gyr): [1.45486801 9.57774801 0.66032762 5.13624899 5.86147235 7.53931133
 5.87037252 4.38501368 1.2596619  0.95407528]
DEBUG: us.look_back_time -> ages (Gyr): [1.45486801 9.57774801 0.66032762 5.13624899 5.86147236 7.53931133
 5.87037252 4.38501368 1.25966191 0.95407528]
[30/100] subhalo 207935 done; total_formed=1.612e+01
Building SWIFTGalaxy for subhalo 10682379 (soap_index=23876134)
Read masses: Nstars=25929, sum_current=3.775168e+10 Msun
DEBUG: sample z (first valid): [7.83710895 5.70445013 0.20790327 7.83710895 0.5340824  0.53221734
 0.47910084 0.17279885 0.25059156 0.60674708]
DEBUG: Planck15 ages (Gyr): [ 0.65652924  0.99361276 11.20230881  0.65652924  8.36014202  8.37321302
  8.75869406 11.58899014 10.75654663  7.87384172]
DEBUG: cosmo_colibre ages (Gyr): [ 0.65833144  0.99554183 11.18341135  0.65833144  8.35187387  8.36490446
  8.74915718 11.56837847 10.73955014  7.86701867]
DEBUG: us.look_back_time -> ages (Gyr): [ 0.65833144  0.99554184 11.18341135  0.65833144  8.35187387  8.36490446
  8.74915718 11.56837847 10.73955014  7.86701867]
[31/100] subhalo 10682379 done; total_formed=6.145e+00
Building SWIFTGalaxy for subhalo 931301 (soap_index=23918588)
Read masses: Nstars=190053, sum_current=2.413196e+11 Msun
DEBUG: sample z (first valid): [1.30809326 1.54232291 1.27366084 6.37602701 1.11665913 1.4861912
 2.60325489 6.39100034 8.78149254 1.32035123]
DEBUG: Planck15 ages (Gyr): [4.79476245 4.17575735 4.89811363 0.86109837 5.41760379 4.31190728
 2.50817625 0.858483   0.56366554 4.7588078 ]
DEBUG: cosmo_colibre ages (Gyr): [4.79443538 4.17620105 4.89764127 0.86298951 5.41632712 4.31219586
 2.50990193 0.86037325 0.56541138 4.75853015]
DEBUG: us.look_back_time -> ages (Gyr): [4.79443538 4.17620105 4.89764127 0.86298951 5.41632713 4.31219586
 2.50990194 0.86037326 0.56541139 4.75853015]
[32/100] subhalo 931301 done; total_formed=4.047e+01
Building SWIFTGalaxy for subhalo 16338 (soap_index=23949188)
Read masses: Nstars=272568, sum_current=3.365856e+11 Msun
DEBUG: sample z (first valid): [4.08661906 0.44939844 0.00713056 0.00657369 0.00713056 0.65897124
 4.47227789 0.4325435  0.52437663 0.2805002 ]
DEBUG: Planck15 ages (Gyr): [ 1.5020823   8.98589142 13.69522463 13.70318265 13.69522463  7.55026305
  1.34667298  9.1187269   8.42850003 10.45930766]
DEBUG: cosmo_colibre ages (Gyr): [ 1.50405647  8.97559769 13.66430238 13.67221858 13.66430238  7.5443382
  1.34864783  9.10797947  8.42001964 10.44353265]
DEBUG: us.look_back_time -> ages (Gyr): [ 1.50405648  8.97559769 13.66430238 13.67221858 13.66430238  7.5443382
  1.34864783  9.10797947  8.42001964 10.44353265]
[33/100] subhalo 16338 done; total_formed=5.646e+01
Building SWIFTGalaxy for subhalo 89688 (soap_index=23949193)
Read masses: Nstars=47579, sum_current=6.313774e+10 Msun
DEBUG: sample z (first valid): [1.65048936 1.93541163 1.08037585 1.01055344 0.98690274 2.68884386
 0.4737789  0.96994108 5.81459915 0.38355008]
DEBUG: Planck15 ages (Gyr): [3.93218327 3.39004257 5.55012336 5.81997049 5.91607478 2.42258362
 8.7987696  5.98653999 0.96963686 9.52175163]
DEBUG: cosmo_colibre ages (Gyr): [3.9328847  3.39122894 5.54862145 5.81798435 5.91390783 2.42434576
 8.78910097 5.98423767 0.97156003 9.50957776]
DEBUG: us.look_back_time -> ages (Gyr): [3.93288471 3.39122894 5.54862145 5.81798435 5.91390783 2.42434576
 8.78910097 5.98423767 0.97156003 9.50957776]
[34/100] subhalo 89688 done; total_formed=1.053e+01
Building SWIFTGalaxy for subhalo 1846522 (soap_index=24002638)
Read masses: Nstars=47820, sum_current=6.681344e+10 Msun
DEBUG: sample z (first valid): [7.62429267 4.217419   0.21768859 8.70256866 1.12641142 0.16745048
 0.13478321 5.1565054  1.46246337 2.6016707 ]
DEBUG: Planck15 ages (Gyr): [ 0.68100552  1.44617835 11.09781511  0.57056812  5.38283665 11.64957121
 12.02956337  1.12899916  4.37162239  2.50980725]
DEBUG: cosmo_colibre ages (Gyr): [ 0.6828207   1.44815408 11.07937059  0.57231858  5.38161771 11.62868562
 12.0069274   1.13095437  4.37184039  2.51153221]
DEBUG: us.look_back_time -> ages (Gyr): [ 0.6828207   1.44815409 11.07937059  0.57231858  5.38161771 11.62868562
 12.0069274   1.13095437  4.37184039  2.51153222]
[35/100] subhalo 1846522 done; total_formed=1.106e+01
Building SWIFTGalaxy for subhalo 1846571 (soap_index=24025300)
Read masses: Nstars=10268, sum_current=1.352572e+10 Msun
DEBUG: sample z (first valid): [8.70256866 2.08375682 6.15068194 3.93940308 1.64706358 3.71787488
 2.42869101 1.46709833 1.76569885 2.59574235]
DEBUG: Planck15 ages (Gyr): [0.57056812 3.15423754 0.9021163  1.56941555 3.93954229 1.68062443
 2.69898727 4.35985356 3.69708649 2.51592627]
DEBUG: cosmo_colibre ages (Gyr): [0.57231858 3.15559775 0.90402062 1.57138598 3.94023631 1.68258432
 2.70062167 4.36008559 3.69801303 2.51764852]
DEBUG: us.look_back_time -> ages (Gyr): [0.57231858 3.15559776 0.90402063 1.57138599 3.94023631 1.68258432
 2.70062167 4.3600856  3.69801303 2.51764852]
[36/100] subhalo 1846571 done; total_formed=2.270e+00
Building SWIFTGalaxy for subhalo 37754 (soap_index=24030304)
Read masses: Nstars=125221, sum_current=1.662611e+11 Msun
DEBUG: sample z (first valid): [0.29815387 1.46988769 0.82226671 0.11531654 0.83615376 0.94261323
 0.94954783 0.72845237 0.60015627 0.04197405]
DEBUG: Planck15 ages (Gyr): [10.28941121  4.35279552  6.65962867 12.26441864  6.59143803  6.10286764
  6.07301616  7.15021685  7.91616708 13.20989264]
DEBUG: cosmo_colibre ages (Gyr): [10.27431742  4.35303593  6.65591274 12.2406736   6.58787529  6.10033663
  6.07054445  7.14533203  7.90922279 13.1814826 ]
DEBUG: us.look_back_time -> ages (Gyr): [10.27431742  4.35303594  6.65591274 12.2406736   6.58787529  6.10033663
  6.07054445  7.14533203  7.90922279 13.1814826 ]
[37/100] subhalo 37754 done; total_formed=2.777e+01
Building SWIFTGalaxy for subhalo 218473 (soap_index=24128474)
Read masses: Nstars=86963, sum_current=1.118740e+11 Msun
DEBUG: sample z (first valid): [0.2005569  0.91133924 0.80659389 0.1764199  0.15161313 0.25982314
 4.49475979 0.05261805 0.01430075 4.25465042]
DEBUG: Planck15 ages (Gyr): [11.28168711  6.24038374  6.73790777 11.54822926 11.83162912 10.66351295
  1.33844214 13.06644744 13.59333364  1.43089387]
DEBUG: cosmo_colibre ages (Gyr): [11.26244262  6.23757399  6.73401319 11.52780108 11.8099118  10.64690279
  1.3404167  13.03876508 13.56294511  1.43286977]
DEBUG: us.look_back_time -> ages (Gyr): [11.26244262  6.23757399  6.73401319 11.52780108 11.8099118  10.64690279
  1.3404167  13.03876508 13.56294511  1.43286977]
[38/100] subhalo 218473 done; total_formed=1.877e+01
Building SWIFTGalaxy for subhalo 30338773 (soap_index=24182080)
Read masses: Nstars=28723, sum_current=3.801347e+10 Msun
DEBUG: sample z (first valid): [2.2653712  5.1565054  0.94468843 3.22840183 2.89030037 2.65673474
 2.45289779 2.20469438 0.34858836 3.2112839 ]
DEBUG: Planck15 ages (Gyr): [2.90010985 1.12899916 6.09391051 1.97841279 2.23907268 2.45412272
 2.67112655 2.98116849 9.82557067 1.99038295]
DEBUG: cosmo_colibre ages (Gyr): [2.90163299 1.13095437 6.09139733 1.98031921 2.24090359 2.45587175
 2.67277515 2.98264239 9.81227256 1.99228648]
DEBUG: us.look_back_time -> ages (Gyr): [2.90163299 1.13095437 6.09139734 1.98031921 2.24090359 2.45587176
 2.67277515 2.98264239 9.81227256 1.99228648]
[39/100] subhalo 30338773 done; total_formed=6.336e+00
Building SWIFTGalaxy for subhalo 593107 (soap_index=24234907)
Read masses: Nstars=17412, sum_current=2.325748e+10 Msun
DEBUG: sample z (first valid): [1.87262207 2.45544659 4.75735746 3.75070678 4.09096559 1.94755779
 3.51972414 2.4094267  2.23762474 1.80116259]
DEBUG: Planck15 ages (Gyr): [3.49863796 2.66822052 1.24816389 1.66333175 1.50016735 3.36966903
 1.79162194 2.72150222 2.93672278 3.62928045]
DEBUG: cosmo_colibre ages (Gyr): [3.4997368  2.66987057 1.25013301 1.66529362 1.50214161 3.37087129
 1.7935661  2.72312494 2.93822399 3.63026767]
DEBUG: us.look_back_time -> ages (Gyr): [3.4997368  2.66987058 1.25013301 1.66529363 1.50214161 3.37087129
 1.79356611 2.72312494 2.93822399 3.63026767]
[40/100] subhalo 593107 done; total_formed=3.912e+00
Building SWIFTGalaxy for subhalo 22683 (soap_index=24277124)
Read masses: Nstars=89907, sum_current=1.175178e+11 Msun
DEBUG: sample z (first valid): [5.98231408 0.56634799 4.38947368 6.76033156 0.69291176 2.08957194
 3.80539669 0.88343488 1.26674045 0.87096037]
DEBUG: Planck15 ages (Gyr): [0.93493024 8.13877842 1.3777249  0.79792282 7.3506883  3.1455431
 1.63517282 6.36720632 4.91931478 6.42520334]
DEBUG: cosmo_colibre ages (Gyr): [0.93684414 8.1311822  1.37970054 0.79979087 7.34529205 3.14690931
 1.63713766 6.36413143 4.91881202 6.42200461]
DEBUG: us.look_back_time -> ages (Gyr): [0.93684415 8.1311822  1.37970054 0.79979087 7.34529205 3.14690931
 1.63713766 6.36413143 4.91881202 6.42200461]
[41/100] subhalo 22683 done; total_formed=1.963e+01
Building SWIFTGalaxy for subhalo 282130 (soap_index=24308601)
Read masses: Nstars=13699, sum_current=1.998495e+10 Msun
DEBUG: sample z (first valid): [0.12612551 0.20790327 0.17819646 0.21895692 3.31072815 0.19565059
 0.1749014  3.40370918 0.12814157 2.17396358]
DEBUG: Planck15 ages (Gyr): [12.13321997 11.20230881 11.52830593 11.08437355  1.92247097 11.33514951
 11.56529761  1.86236816 12.10896935  3.02364788]
DEBUG: cosmo_colibre ages (Gyr): [12.11009703 11.18341135 11.5079672  11.06598696  1.92439015 11.31566987
 11.54479267  1.86429967 12.0859607   3.02509495]
DEBUG: us.look_back_time -> ages (Gyr): [12.11009703 11.18341135 11.5079672  11.06598696  1.92439016 11.31566987
 11.54479267  1.86429968 12.0859607   3.02509495]
[42/100] subhalo 282130 done; total_formed=3.242e+00
Building SWIFTGalaxy for subhalo 622417 (soap_index=24498894)
Read masses: Nstars=14094, sum_current=1.795537e+10 Msun
DEBUG: sample z (first valid): [ 1.91737892  1.93962501  2.5185225  10.25274725  2.36461649  4.75129443
  6.08267589  8.96214943  4.73970923  6.61957912]
DEBUG: Planck15 ages (Gyr): [3.42066245 3.38295251 2.59792589 0.45663064 2.77508305 1.2501333
 0.91513642 0.54837779 1.25391082 0.8201401 ]
DEBUG: cosmo_colibre ages (Gyr): [3.42182462 3.38414442 2.59961036 0.45829435 2.77667717 1.25210259
 0.91704465 0.55011314 1.25588041 0.82201667]
DEBUG: us.look_back_time -> ages (Gyr): [3.42182462 3.38414442 2.59961036 0.45829435 2.77667718 1.25210259
 0.91704465 0.55011314 1.25588041 0.82201668]
[43/100] subhalo 622417 done; total_formed=3.028e+00
Building SWIFTGalaxy for subhalo 612368 (soap_index=24542360)
Read masses: Nstars=176386, sum_current=2.219573e+11 Msun
DEBUG: sample z (first valid): [1.05842076 0.84462959 0.65211253 0.30935827 3.03124808 0.2446065
 6.43207076 7.1971232  2.23410975 1.13611473]
DEBUG: Planck15 ages (Gyr): [ 5.63281398  6.55034848  7.59159533 10.18365197  2.12388934 10.81748916
  0.85137665  0.73497236  2.94141502  5.34859323]
DEBUG: cosmo_colibre ages (Gyr): [ 5.63116735  6.54687697  7.58555858 10.16897593  2.12575684 10.80023763
  0.85326446  0.73681371  2.94291338  5.34743059]
DEBUG: us.look_back_time -> ages (Gyr): [ 5.63116735  6.54687697  7.58555858 10.16897593  2.12575685 10.80023763
  0.85326446  0.73681372  2.94291339  5.34743059]
[44/100] subhalo 612368 done; total_formed=3.724e+01
Building SWIFTGalaxy for subhalo 612802 (soap_index=24542361)
Read masses: Nstars=65530, sum_current=8.631152e+10 Msun
DEBUG: sample z (first valid): [0.96852097 1.00171045 0.93527049 4.54496996 0.79040542 0.69029196
 7.34853503 0.9221023  1.25768224 9.1866791 ]
DEBUG: Planck15 ages (Gyr): [5.9924993  5.85561517 6.13472673 1.3203581  6.82026482 7.36580479
 0.71505437 6.19251604 4.94728725 0.53031642]
DEBUG: cosmo_colibre ages (Gyr): [5.99018542 5.85356248 6.13213195 1.3223319  6.81617906 7.36036918
 0.71688643 6.18980435 4.94674406 0.53203889]
DEBUG: us.look_back_time -> ages (Gyr): [5.99018542 5.85356248 6.13213195 1.32233191 6.81617906 7.36036918
 0.71688644 6.18980435 4.94674407 0.53203889]
[45/100] subhalo 612802 done; total_formed=1.446e+01
Building SWIFTGalaxy for subhalo 1256202 (soap_index=24565552)
Read masses: Nstars=69552, sum_current=9.390945e+10 Msun
DEBUG: sample z (first valid): [3.86424701 4.68740779 0.60062524 0.56335878 2.38197956 6.28663553
 0.64712979 0.56485196 5.41126981 4.61865569]
DEBUG: Planck15 ages (Gyr): [1.60574317 1.27120265 7.913144   8.15891377 2.75411772 0.87699155
 7.62183882 8.14884635 1.06246983 1.29454296]
DEBUG: cosmo_colibre ages (Gyr): [1.60771074 1.27317356 7.9062084  8.1512574  2.75572316 0.87888796
 7.61571967 8.14122008 1.06441366 1.2965154 ]
DEBUG: us.look_back_time -> ages (Gyr): [1.60771075 1.27317357 7.9062084  8.1512574  2.75572317 0.87888796
 7.61571967 8.14122008 1.06441366 1.2965154 ]
[46/100] subhalo 1256202 done; total_formed=1.560e+01
Building SWIFTGalaxy for subhalo 10078 (soap_index=24582245)
Read masses: Nstars=369887, sum_current=4.682925e+11 Msun
DEBUG: sample z (first valid): [1.38659869 5.4771694  0.67491311 0.97946116 0.56604856 0.56157072
 0.01896884 0.10845004 0.6430004  1.16176277]
DEBUG: Planck15 ages (Gyr): [ 4.57174929  1.04631532  7.45550695  5.94682908  8.14079205  8.17099399
 13.52756807 12.34880929  7.64704173  5.25972292]
DEBUG: cosmo_colibre ages (Gyr): [ 4.57171939  1.04825596  7.44983549  5.94460333  8.13318982  8.16330144
 13.49752227 12.32466076  7.64085357  5.25870388]
DEBUG: us.look_back_time -> ages (Gyr): [ 4.5717194   1.04825597  7.4498355   5.94460333  8.13318982  8.16330144
 13.49752227 12.32466076  7.64085357  5.25870388]
[47/100] subhalo 10078 done; total_formed=7.801e+01
Building SWIFTGalaxy for subhalo 79636 (soap_index=24582248)
Read masses: Nstars=188079, sum_current=2.500090e+11 Msun
DEBUG: sample z (first valid): [1.46061425 0.74260796 1.34559771 1.2684666  1.26736784 5.29548511
 1.16147757 2.30389191 0.46337978 0.40082079]
DEBUG: Planck15 ages (Gyr): [4.37633181 7.07269569 4.68610005 4.91401292 4.91738671 1.09187604
 5.26069822 2.85050565 8.87786885 9.37673653]
DEBUG: cosmo_colibre ages (Gyr): [4.37654417 7.06800337 4.68592055 4.91351778 4.91688673 1.09382523
 5.25967761 2.85205767 8.86793799 9.36508451]
DEBUG: us.look_back_time -> ages (Gyr): [4.37654418 7.06800338 4.68592056 4.91351779 4.91688673 1.09382524
 5.25967762 2.85205767 8.86793799 9.36508451]
[48/100] subhalo 79636 done; total_formed=4.155e+01
Building SWIFTGalaxy for subhalo 2878 (soap_index=24619523)
Read masses: Nstars=1248574, sum_current=1.546717e+12 Msun
DEBUG: sample z (first valid): [2.01842299 0.75511516 0.52522808 0.35192673 0.68524995 0.30935827
 0.26429508 0.21959208 5.4503937  0.56995017]
DEBUG: Planck15 ages (Gyr): [ 3.25468316  7.00527024  8.4224698   9.79595143  7.39503165 10.18365197
 10.61886298 11.07765104  1.05282954  8.11461339]
DEBUG: cosmo_colibre ages (Gyr): [ 3.25597201  7.00074298  8.41400822  9.78276475  7.38951962 10.16897593
 10.60243694 11.0592934   1.05477149  8.1070891 ]
DEBUG: us.look_back_time -> ages (Gyr): [ 3.25597201  7.00074298  8.41400822  9.78276475  7.38951962 10.16897593
 10.60243694 11.0592934   1.05477149  8.1070891 ]
[49/100] subhalo 2878 done; total_formed=2.577e+02
Building SWIFTGalaxy for subhalo 29515 (soap_index=24619533)
Read masses: Nstars=26245, sum_current=3.378137e+10 Msun
DEBUG: sample z (first valid): [2.50910259 4.1635676  3.36470196 4.780718   2.51814473 4.67509525
 2.62638336 4.52533513 2.23506763 5.20018921]
DEBUG: Planck15 ages (Gyr): [2.60822934 1.4687699  1.88719879 1.24062376 2.5983378  1.27533101
 2.4845616  1.32738138 2.94013511 1.11710754]
DEBUG: cosmo_colibre ages (Gyr): [2.60990889 1.47074517 1.88912538 1.24259223 2.60002208 1.27730221
 2.48629762 1.32935549 2.94163425 1.11906092]
DEBUG: us.look_back_time -> ages (Gyr): [2.60990889 1.47074518 1.88912538 1.24259224 2.60002208 1.27730221
 2.48629762 1.3293555  2.94163426 1.11906092]
[50/100] subhalo 29515 done; total_formed=5.704e+00
Building SWIFTGalaxy for subhalo 29546 (soap_index=24619536)
Read masses: Nstars=34791, sum_current=4.582898e+10 Msun
DEBUG: sample z (first valid): [1.78805411 2.05159248 1.88476098 2.74662703 0.93048191 2.58551264
 3.89147634 2.49711846 1.48016954 2.12433257]
DEBUG: Planck15 ages (Gyr): [3.65410657 3.20304515 3.47720563 2.36748073 6.15564388 2.52654287
 1.59242205 2.62143494 4.32693699 3.09437815]
DEBUG: cosmo_colibre ages (Gyr): [3.6550718  3.20437118 3.47832212 2.36926486 6.15300697 2.52826037
 1.59439074 2.62310811 4.32720795 3.09577901]
DEBUG: us.look_back_time -> ages (Gyr): [3.6550718  3.20437119 3.47832212 2.36926486 6.15300697 2.52826037
 1.59439074 2.62310811 4.32720795 3.09577901]
[51/100] subhalo 29546 done; total_formed=7.719e+00
Building SWIFTGalaxy for subhalo 108769 (soap_index=24619546)
Read masses: Nstars=35147, sum_current=4.763398e+10 Msun
DEBUG: sample z (first valid): [0.95583144 1.87186678 1.22261412 2.97043499 2.15623194 1.48336491
 0.85129944 2.14502351 1.06386597 5.10602814]
DEBUG: Planck15 ages (Gyr): [6.0461637  3.4999786  5.05800676 2.17235871 3.04861121 4.31895106
 6.51829254 3.06456535 5.6121251  1.14300405]
DEBUG: cosmo_colibre ages (Gyr): [6.04374497 3.50107633 5.05730007 2.17421143 3.05004219 4.31923138
 6.51489162 3.06598593 5.61051498 1.14496131]
DEBUG: us.look_back_time -> ages (Gyr): [6.04374497 3.50107633 5.05730007 2.17421144 3.05004219 4.31923139
 6.51489163 3.06598593 5.61051498 1.14496132]
[52/100] subhalo 108769 done; total_formed=7.972e+00
Building SWIFTGalaxy for subhalo 109016 (soap_index=24619553)
Read masses: Nstars=90060, sum_current=1.167395e+11 Msun
DEBUG: sample z (first valid): [0.13329183 0.08102402 0.11676096 0.13793582 2.30422507 1.41651917
 2.26049751 1.60249384 1.97431243 4.58466127]
DEBUG: Planck15 ages (Gyr): [12.04732953 12.69419228 12.24677045 11.99212982  2.85008272  4.49109725
  2.90648662  4.03735066  3.32548941  1.30634758]
DEBUG: cosmo_colibre ages (Gyr): [12.02461038 12.66836559 12.22310946 11.96966873  2.85163498  4.49116937
  2.90800597  4.0379439   3.32672557  1.30832069]
DEBUG: us.look_back_time -> ages (Gyr): [12.02461038 12.66836559 12.22310946 11.96966873  2.85163498  4.49116938
  2.90800598  4.03794391  3.32672557  1.30832069]
[53/100] subhalo 109016 done; total_formed=1.964e+01
Building SWIFTGalaxy for subhalo 246561 (soap_index=24619558)
Read masses: Nstars=21870, sum_current=2.952346e+10 Msun
DEBUG: sample z (first valid): [2.48040361 2.06242991 3.19108525 2.37849263 3.75070678 2.52041255
 2.76990336 2.93326131 3.2553081  2.19718997]
DEBUG: Planck15 ages (Gyr): [2.64003781 3.18646292 2.00466202 2.75830718 1.66333175 2.59586661
 2.34586486 2.2028931  1.95983677 2.99145134]
DEBUG: cosmo_colibre ages (Gyr): [2.64170189 3.18780068 2.00656203 2.75991037 1.66529362 2.59755207
 2.34765731 2.20473606 1.96174757 2.9929188 ]
DEBUG: us.look_back_time -> ages (Gyr): [2.6417019  3.18780068 2.00656204 2.75991038 1.66529363 2.59755207
 2.34765731 2.20473606 1.96174757 2.99291881]
[54/100] subhalo 246561 done; total_formed=4.963e+00
Building SWIFTGalaxy for subhalo 246924 (soap_index=24619566)
Read masses: Nstars=27751, sum_current=3.738825e+10 Msun
DEBUG: sample z (first valid): [3.54448374 4.17212533 1.36797225 2.67807835 2.64615556 2.67560292
 3.795551   2.1586659  3.25890304 2.76643678]
DEBUG: Planck15 ages (Gyr): [1.77709813 1.46514083 4.62313753 2.4330833  2.46466239 2.4355082
 1.64018367 3.04516465 1.95737667 2.34906349]
DEBUG: cosmo_colibre ages (Gyr): [1.77904464 1.4671162  4.62304112 2.43484111 2.46640696 2.43726501
 1.64214801 3.04659787 1.95928803 2.35085472]
DEBUG: us.look_back_time -> ages (Gyr): [1.77904465 1.4671162  4.62304113 2.43484112 2.46640696 2.43726502
 1.64214801 3.04659788 1.95928803 2.35085472]
[55/100] subhalo 246924 done; total_formed=6.295e+00
Building SWIFTGalaxy for subhalo 2091389 (soap_index=24619761)
Read masses: Nstars=158699, sum_current=2.051656e+11 Msun
DEBUG: sample z (first valid): [1.157919   2.00293255 1.30387401 1.73796791 0.59937524 1.42636061
 6.45150654 0.791972   1.07721078 0.66233766]
DEBUG: Planck15 ages (Gyr): [5.27289186 3.27926582 4.80723872 3.75155279 7.92120549 4.46506726
 0.84804771 6.81222729 5.56192561 7.53010135]
DEBUG: cosmo_colibre ages (Gyr): [5.27185177 3.2805366  4.80689437 3.75242922 7.9142467  4.4651717
 0.84993436 6.80816034 5.56040324 7.52423078]
DEBUG: us.look_back_time -> ages (Gyr): [5.27185177 3.28053661 4.80689438 3.75242922 7.91424671 4.46517171
 0.84993437 6.80816034 5.56040324 7.52423078]
[56/100] subhalo 2091389 done; total_formed=3.432e+01
Building SWIFTGalaxy for subhalo 4798975 (soap_index=24619946)
Read masses: Nstars=16976, sum_current=2.308253e+10 Msun
DEBUG: sample z (first valid): [1.7206908  2.13839671 2.21664867 1.34107309 2.10273648 4.42516556
 2.1541053  2.19937512 1.57347051 2.28402485]
DEBUG: Planck15 ages (Gyr): [3.78614822 3.07406235 2.96490732 4.69899935 3.1260043  1.36419614
 3.05162781 2.98845117 4.10317111 2.87591381]
DEBUG: cosmo_colibre ages (Gyr): [3.78699218 3.07547669 2.9663913  4.69880261 3.12738386 1.3661715
 3.05305684 2.98992051 4.10369425 2.87745115]
DEBUG: us.look_back_time -> ages (Gyr): [3.78699219 3.07547669 2.9663913  4.69880261 3.12738386 1.3661715
 3.05305684 2.98992052 4.10369426 2.87745115]
[57/100] subhalo 4798975 done; total_formed=3.868e+00
Building SWIFTGalaxy for subhalo 105342 (soap_index=24650528)
Read masses: Nstars=53290, sum_current=7.331219e+10 Msun
DEBUG: sample z (first valid): [9.31169853 0.5553446  0.39201359 2.58512035 1.53210726 0.47086812
 1.69518013 2.23890481 0.12042673 4.42786152]
DEBUG: Planck15 ages (Gyr): [ 0.52068392  8.2132687   9.45027774  2.52695146  4.20001585  8.820804
  3.83818469  2.93501702 12.20214237  1.36318322]
DEBUG: cosmo_colibre ages (Gyr): [ 0.52239929  8.20544899  9.43836227  2.52866878  4.20043249  8.81106262
  3.83897889  2.93651927 12.17869341  1.36515854]
DEBUG: us.look_back_time -> ages (Gyr): [ 0.52239929  8.20544899  9.43836227  2.52866878  4.2004325   8.81106262
  3.8389789   2.93651927 12.17869341  1.36515855]
[58/100] subhalo 105342 done; total_formed=1.216e+01
Building SWIFTGalaxy for subhalo 42605 (soap_index=24657593)
Read masses: Nstars=78367, sum_current=1.073280e+11 Msun
DEBUG: sample z (first valid): [6.1694563  2.13719483 1.5142331  0.71542247 1.22125813 5.12543228
 4.88717212 0.93093695 0.54668177 0.54668177]
DEBUG: Planck15 ages (Gyr): [0.898576   3.07578994 4.24301073 7.22273101 5.062367   1.13758642
 1.20720127 6.15365145 8.27263764 8.27263764]
DEBUG: cosmo_colibre ages (Gyr): [0.90047923 3.07720313 4.2433788  7.21766345 5.06165375 1.13954291
 1.2091665  6.15101856 8.26463792 8.26463792]
DEBUG: us.look_back_time -> ages (Gyr): [0.90047923 3.07720314 4.2433788  7.21766345 5.06165375 1.13954291
 1.20916651 6.15101856 8.26463792 8.26463792]
[59/100] subhalo 42605 done; total_formed=1.791e+01
Building SWIFTGalaxy for subhalo 1072858 (soap_index=24679932)
Read masses: Nstars=68909, sum_current=9.261833e+10 Msun
DEBUG: sample z (first valid): [4.61865569 4.84568727 4.59610622 0.4022595  0.36784104 0.52168664
 4.97138952 0.408044   2.754784   0.2465003 ]
DEBUG: Planck15 ages (Gyr): [ 1.29454296  1.22004618  1.30235342  9.36480328  9.65653486  8.44759397
  1.18180511  9.31704936  2.35986843 10.79815192]
DEBUG: cosmo_colibre ages (Gyr): [ 1.2965154   1.22201273  1.30432631  9.35319377  9.64386738  8.4390539
  1.18376747  9.30560933  2.36165551 10.78098148]
DEBUG: us.look_back_time -> ages (Gyr): [ 1.2965154   1.22201273  1.30432632  9.35319377  9.64386738  8.4390539
  1.18376747  9.30560933  2.36165552 10.78098148]
[60/100] subhalo 1072858 done; total_formed=1.547e+01
Building SWIFTGalaxy for subhalo 247488 (soap_index=24888711)
Read masses: Nstars=31652, sum_current=4.337693e+10 Msun
DEBUG: sample z (first valid): [0.43216783 0.43694089 0.43946582 0.44965493 0.58223081 0.45003983
 2.25369874 2.89030037 4.01999234 0.70329556]
DEBUG: Planck15 ages (Gyr): [9.12172062 9.08379164 9.06382166 8.98389224 8.03303698 8.98089338
 2.91542064 2.23907268 1.53195072 7.2912366 ]
DEBUG: cosmo_colibre ages (Gyr): [9.11096287 9.07316433 9.05326275 8.97360527 8.02575341 8.97061655
 2.91693467 2.24090359 1.53392348 7.28599406]
DEBUG: us.look_back_time -> ages (Gyr): [9.11096287 9.07316433 9.05326275 8.97360527 8.02575341 8.97061656
 2.91693468 2.24090359 1.53392349 7.28599406]
[61/100] subhalo 247488 done; total_formed=7.242e+00
Building SWIFTGalaxy for subhalo 2094514 (soap_index=24888790)
Read masses: Nstars=21325, sum_current=2.902116e+10 Msun
DEBUG: sample z (first valid): [1.9566002  3.46673937 4.4832664  2.05386766 2.18568929 2.8365531
 4.22240816 3.80539669 1.93068599 2.29029019]
DEBUG: Planck15 ages (Gyr): [3.35463089 1.82337064 1.34263952 3.19955224 3.00732313 2.28573509
 1.4441145  1.63517282 3.39802349 2.86786106]
DEBUG: cosmo_colibre ages (Gyr): [3.35584477 1.82530938 1.34461423 3.20088076 3.00878059 2.28754973
 1.44609026 1.63713766 3.39920359 2.86940308]
DEBUG: us.look_back_time -> ages (Gyr): [3.35584478 1.82530938 1.34461423 3.20088076 3.00878059 2.28754973
 1.44609026 1.63713766 3.39920359 2.86940309]
[62/100] subhalo 2094514 done; total_formed=4.876e+00
Building SWIFTGalaxy for subhalo 417535 (soap_index=24912854)
Read masses: Nstars=141820, sum_current=1.938313e+11 Msun
DEBUG: sample z (first valid): [1.05416249 0.53264733 1.94570298 4.28132807 0.89673536 5.99647699
 2.0904461  0.43618513 2.30389191 1.63705134]
DEBUG: Planck15 ages (Gyr): [5.64907697 8.37019674 3.3727673  1.42010595 6.30626124 0.93209406
 3.14423949 9.08978165 2.85050565 3.96117804]
DEBUG: cosmo_colibre ages (Gyr): [5.64740149 8.36189751 3.37396715 1.42208191 6.30331473 0.93400717
 3.1456066  9.07913378 2.85205767 3.96185011]
DEBUG: us.look_back_time -> ages (Gyr): [5.64740149 8.36189752 3.37396715 1.42208191 6.30331474 0.93400717
 3.1456066  9.07913378 2.85205767 3.96185011]
[63/100] subhalo 417535 done; total_formed=3.213e+01
Building SWIFTGalaxy for subhalo 1762780 (soap_index=24989502)
Read masses: Nstars=76499, sum_current=1.024439e+11 Msun
DEBUG: sample z (first valid): [5.86960168 1.99387848 3.24758572 3.98410526 0.21768859 2.3704999
 0.14517369 0.17997839 1.32512595 1.9635525 ]
DEBUG: Planck15 ages (Gyr): [ 0.95802201  3.29377488  1.9651387   1.54844906 11.09781511  2.76794978
 11.90681209 11.50837157  4.74491923  3.34314298]
DEBUG: cosmo_colibre ages (Gyr): [ 0.95994218  3.29503489  1.96704826  1.55042087 11.07937059  2.76954777
 11.88474758 11.48812219  4.74466051  3.34436568]
DEBUG: us.look_back_time -> ages (Gyr): [ 0.95994218  3.29503489  1.96704826  1.55042088 11.07937059  2.76954778
 11.88474758 11.48812219  4.74466052  3.34436569]
[64/100] subhalo 1762780 done; total_formed=1.706e+01
Building SWIFTGalaxy for subhalo 115264 (soap_index=25062314)
Read masses: Nstars=42504, sum_current=5.672883e+10 Msun
DEBUG: sample z (first valid): [8.46846782 2.21128969 5.61311806 3.80293148 5.75907591 0.47007627
 0.14397431 3.55839188 0.70595585 0.57281367]
DEBUG: Planck15 ages (Gyr): [ 0.59189157  2.97217902  1.01424957  1.63642508  0.98160088  8.82681249
 11.92089036  1.76902496  7.27612359  8.0954808 ]
DEBUG: cosmo_colibre ages (Gyr): [ 0.59365582  2.9736585   1.01618339  1.63838979  0.98352704  8.81705123
 11.8987606   1.77097274  7.27091984  8.08801325]
DEBUG: us.look_back_time -> ages (Gyr): [ 0.59365583  2.9736585   1.01618339  1.6383898   0.98352704  8.81705123
 11.8987606   1.77097274  7.27091985  8.08801325]
[65/100] subhalo 115264 done; total_formed=9.425e+00
Building SWIFTGalaxy for subhalo 14661808 (soap_index=25072303)
Read masses: Nstars=42506, sum_current=5.840590e+10 Msun
DEBUG: sample z (first valid): [5.5164562  3.00268735 4.60711841 5.7181958  2.89631391 6.24234722
 4.38416037 6.46593757 3.60710018 1.37277335]
DEBUG: Planck15 ages (Gyr): [1.0368777  2.1464282  1.29852939 0.99056727 2.2339496  0.8850472
 1.37975791 0.84558995 1.74122451 4.60980361]
DEBUG: cosmo_colibre ages (Gyr): [1.03881641 2.14828895 1.30050206 0.99249561 2.23578224 0.88694619
 1.38173358 0.84747574 1.74317645 4.60972457]
DEBUG: us.look_back_time -> ages (Gyr): [1.03881641 2.14828895 1.30050207 0.99249561 2.23578224 0.8869462
 1.38173358 0.84747574 1.74317645 4.60972457]
[66/100] subhalo 14661808 done; total_formed=9.653e+00
Building SWIFTGalaxy for subhalo 116053 (soap_index=25188640)
Read masses: Nstars=55643, sum_current=7.509228e+10 Msun
DEBUG: sample z (first valid): [0.5178803  0.16595502 8.35426777 2.00293255 1.10699588 0.61243972
 4.68740779 1.51153522 0.23764919 4.65306651]
DEBUG: Planck15 ages (Gyr): [ 8.47472268 11.66659095  0.60277925  3.27926582  5.45240509  7.83755931
  1.27120265  4.24956186 10.88895869  1.28277292]
DEBUG: cosmo_colibre ages (Gyr): [ 8.46609752 11.64562815  0.6045503   3.2805366   5.45107007  7.8308395
  1.27317356  4.24992246 10.87140609  1.28474463]
DEBUG: us.look_back_time -> ages (Gyr): [ 8.46609752 11.64562815  0.6045503   3.28053661  5.45107007  7.8308395
  1.27317357  4.24992247 10.87140609  1.28474463]
[67/100] subhalo 116053 done; total_formed=1.257e+01
Building SWIFTGalaxy for subhalo 3566957 (soap_index=25190953)
Read masses: Nstars=75883, sum_current=9.713810e+10 Msun
DEBUG: sample z (first valid): [0.7259033  4.52813159 5.5164562  4.89936088 4.44997921 4.0396801
 4.04394674 1.15239096 6.90352147 2.40411386]
DEBUG: Planck15 ages (Gyr): [7.16431493 1.32637732 1.0368777  1.20346989 1.35492002 1.52302302
 1.52109962 5.29192305 0.77632877 2.72776584]
DEBUG: cosmo_colibre ages (Gyr): [7.15939478 1.32835139 1.03881641 1.20543472 1.35689512 1.52499625
 1.52307294 5.2908524  0.7781881  2.72938527]
DEBUG: us.look_back_time -> ages (Gyr): [7.15939478 1.32835139 1.03881641 1.20543473 1.35689513 1.52499626
 1.52307295 5.29085241 0.7781881  2.72938527]
[68/100] subhalo 3566957 done; total_formed=1.633e+01
Building SWIFTGalaxy for subhalo 1317 (soap_index=25199158)
Read masses: Nstars=17996, sum_current=2.310277e+10 Msun
DEBUG: sample z (first valid): [2.44817426 8.03757843 8.94174757 8.09211987 3.32495215 5.23677198
 5.68325515 3.27390113 5.3503876  5.15824093]
DEBUG: Planck15 ages (Gyr): [2.67652588 0.63478151 0.55006954 0.62907121 1.91307035 1.10730809
 0.99833932 1.94716796 1.07776598 1.12852271]
DEBUG: cosmo_colibre ages (Gyr): [2.67817175 0.63657157 0.55180607 0.63085797 1.91499156 1.10925989
 1.0002695  1.94908166 1.07971267 1.13047785]
DEBUG: us.look_back_time -> ages (Gyr): [2.67817175 0.63657157 0.55180607 0.63085797 1.91499156 1.10925989
 1.00026951 1.94908166 1.07971267 1.13047785]
[69/100] subhalo 1317 done; total_formed=3.917e+00
Building SWIFTGalaxy for subhalo 14882 (soap_index=25199162)
Read masses: Nstars=34434, sum_current=4.698118e+10 Msun
DEBUG: sample z (first valid): [3.21968965 4.60711841 7.24767178 3.24538447 2.43012666 2.29724291
 4.21202481 5.41126981 0.72845237 8.66322619]
DEBUG: Planck15 ages (Gyr): [1.98449009 1.29852939 0.72822127 1.96665435 2.69732162 2.85896801
 1.44841526 1.06246983 7.15021685 0.57406163]
DEBUG: cosmo_colibre ages (Gyr): [1.98639505 1.30050206 0.73005952 1.96856355 2.69895688 2.86051518
 1.45039096 1.06441366 7.14533203 0.57581439]
DEBUG: us.look_back_time -> ages (Gyr): [1.98639506 1.30050207 0.73005953 1.96856355 2.69895688 2.86051518
 1.45039096 1.06441366 7.14533203 0.57581439]
[70/100] subhalo 14882 done; total_formed=7.842e+00
Building SWIFTGalaxy for subhalo 440310 (soap_index=25199183)
Read masses: Nstars=19799, sum_current=2.580963e+10 Msun
DEBUG: sample z (first valid): [ 1.82215141  1.6777805   1.87842586  3.7627907   1.77765534  2.63160811
  1.68458135  2.38197956  1.74025757 10.88646051]
DEBUG: Planck15 ages (Gyr): [3.59009634 3.8743446  3.48836411 1.65704115 3.67399764 2.47927765
 3.86014563 2.75411772 3.74700651 0.4205233 ]
DEBUG: cosmo_colibre ages (Gyr): [3.59111777 3.87510355 3.48947143 1.65900372 3.67494505 2.48101595
 3.86091849 2.75572316 3.74788717 0.42215406]
DEBUG: us.look_back_time -> ages (Gyr): [3.59111777 3.87510355 3.48947143 1.65900372 3.67494506 2.48101595
 3.86091849 2.75572317 3.74788717 0.42215406]
[71/100] subhalo 440310 done; total_formed=4.339e+00
Building SWIFTGalaxy for subhalo 11428232 (soap_index=25199700)
Read masses: Nstars=7321, sum_current=1.157969e+10 Msun
DEBUG: sample z (first valid): [0.91044776 1.55760225 0.9640374  0.86754816 0.81842397 3.48477383
 1.25473061 1.33873385 1.03984064 1.49262133]
DEBUG: Planck15 ages (Gyr): [6.24437438 4.13989379 6.01137497 6.44121063 6.6786909  1.81246051
 4.95645689 4.7056906  5.70432053 4.2959506 ]
DEBUG: cosmo_colibre ages (Gyr): [6.24155641 4.14037702 6.00902436 6.43797743 6.67493174 1.81440116
 4.95590038 4.70548488 5.70254614 4.29625777]
DEBUG: us.look_back_time -> ages (Gyr): [6.24155641 4.14037702 6.00902437 6.43797744 6.67493175 1.81440117
 4.95590038 4.70548489 5.70254615 4.29625777]
[72/100] subhalo 11428232 done; total_formed=1.918e+00
Building SWIFTGalaxy for subhalo 1144809 (soap_index=25294727)
Read masses: Nstars=22424, sum_current=3.049684e+10 Msun
DEBUG: sample z (first valid): [4.23325082 0.52324284 1.17222406 0.32545911 0.69116433 3.1793253
 3.29744262 1.25986207 1.10483042 4.40592263]
DEBUG: Planck15 ages (Gyr): [ 1.43964604  8.43653991  5.22414493 10.03442251  7.36076589  2.01305365
  1.93132052  4.94053264  5.46025228  1.37146253]
DEBUG: cosmo_colibre ages (Gyr): [ 1.44162186  8.42803442  5.22318234 10.0203276   7.35534341  2.01495156
  1.93323777  4.93999925  5.45890402  1.37343804]
DEBUG: us.look_back_time -> ages (Gyr): [ 1.44162186  8.42803442  5.22318234 10.0203276   7.35534341  2.01495156
  1.93323777  4.93999925  5.45890403  1.37343804]
[73/100] subhalo 1144809 done; total_formed=5.092e+00
Building SWIFTGalaxy for subhalo 89988 (soap_index=25361798)
Read masses: Nstars=55492, sum_current=7.266942e+10 Msun
DEBUG: sample z (first valid): [2.38407518 1.25768224 1.80307956 3.40755935 1.59548515 2.47265791
 2.95987915 2.5788554  2.47486744 1.27777005]
DEBUG: Planck15 ages (Gyr): [2.75160492 4.94728725 3.62567288 1.85994659 4.05308834 2.64873211
 2.18095793 2.53349154 2.64624719 4.88559359]
DEBUG: cosmo_colibre ages (Gyr): [2.7532117  4.94674406 3.62666328 1.86187857 4.05366498 2.6503919
 2.18280795 2.53520591 2.6479082  4.88513909]
DEBUG: us.look_back_time -> ages (Gyr): [2.75321171 4.94674407 3.62666328 1.86187857 4.05366499 2.6503919
 2.18280795 2.53520591 2.64790821 4.88513909]
[74/100] subhalo 89988 done; total_formed=1.222e+01
Building SWIFTGalaxy for subhalo 208654 (soap_index=25361805)
Read masses: Nstars=52215, sum_current=7.312836e+10 Msun
DEBUG: sample z (first valid): [1.90986591 0.56874761 1.53406542 4.4832664  0.23699509 0.45093872
 1.0920641  1.61057999 4.62927332 0.11258998]
DEBUG: Planck15 ages (Gyr): [ 3.43355288  8.12266871  4.19534833  1.34263952 10.89571291  8.97389562
  5.50687967  4.01931597  1.2908922  12.29783067]
DEBUG: cosmo_colibre ages (Gyr): [ 3.43470474  8.11512047  4.1957702   1.34461423 10.87813174  8.96364245
  5.50545217  4.0199281   1.29286442 12.27392619]
DEBUG: us.look_back_time -> ages (Gyr): [ 3.43470474  8.11512048  4.1957702   1.34461423 10.87813174  8.96364245
  5.50545217  4.0199281   1.29286442 12.2739262 ]
[75/100] subhalo 208654 done; total_formed=1.215e+01
Building SWIFTGalaxy for subhalo 571032 (soap_index=25361843)
Read masses: Nstars=30546, sum_current=3.950908e+10 Msun
DEBUG: sample z (first valid): [1.17496349 1.65456902 4.37576901 2.14230917 5.34669766 2.79786741
 3.05795666 1.38174153 0.89038883 4.61865569]
DEBUG: Planck15 ages (Gyr): [5.21489142 3.92344863 1.3829788  3.06844952 1.07870479 2.32032256
 2.10316338 4.58506108 6.33522833 1.29454296]
DEBUG: cosmo_colibre ages (Gyr): [5.21394341 3.92415884 1.38495452 3.06986755 1.08065165 2.3221246
 2.10503693 4.58501407 6.33222103 1.2965154 ]
DEBUG: us.look_back_time -> ages (Gyr): [5.21394342 3.92415884 1.38495452 3.06986755 1.08065165 2.3221246
 2.10503693 4.58501407 6.33222103 1.2965154 ]
[76/100] subhalo 571032 done; total_formed=6.659e+00
Building SWIFTGalaxy for subhalo 4536288 (soap_index=25362080)
Read masses: Nstars=19242, sum_current=2.711325e+10 Msun
DEBUG: sample z (first valid): [1.09527463 0.8765319  0.8584392  3.24978925 3.53285378 0.93253126
 6.1694563  1.30565719 1.38001162 2.34060557]
DEBUG: Planck15 ages (Gyr): [5.49509456 6.3991989  6.48424699 1.96362341 1.78389582 6.14667846
 0.898576   4.80195955 4.58981718 2.80450998]
DEBUG: cosmo_colibre ages (Gyr): [5.49368719 6.3960559  6.48092051 1.96553333 1.78584125 6.14405964
 0.90047923 4.80162252 4.58976403 2.80608794]
DEBUG: us.look_back_time -> ages (Gyr): [5.49368719 6.3960559  6.48092051 1.96553333 1.78584125 6.14405964
 0.90047923 4.80162252 4.58976404 2.80608794]
[77/100] subhalo 4536288 done; total_formed=4.537e+00
Building SWIFTGalaxy for subhalo 4986022 (soap_index=25390104)
Read masses: Nstars=21372, sum_current=2.773790e+10 Msun
DEBUG: sample z (first valid): [4.98392988 6.13977557 9.37454488 5.54313099 5.10659709 4.50583886
 2.72448284 5.81459915 7.75681454 3.40815228]
DEBUG: Planck15 ages (Gyr): [1.17809937 0.90418359 0.51595104 1.03055007 1.14284459 1.33441663
 2.38835151 0.96963686 0.66558967 1.85957413]
DEBUG: cosmo_colibre ages (Gyr): [1.18006128 0.90608854 0.51766286 1.03248745 1.14480183 1.33639103
 2.39012744 0.97156003 0.66739676 1.86150618]
DEBUG: us.look_back_time -> ages (Gyr): [1.18006128 0.90608854 0.51766286 1.03248745 1.14480183 1.33639104
 2.39012745 0.97156003 0.66739676 1.86150618]
[78/100] subhalo 4986022 done; total_formed=4.671e+00
Building SWIFTGalaxy for subhalo 6642607 (soap_index=25393558)
Read masses: Nstars=78359, sum_current=1.027909e+11 Msun
DEBUG: sample z (first valid): [3.98410526 5.02020944 5.95415959 0.08409978 0.07967051 0.09124817
 0.18716035 0.09066702 0.23895947 0.06875408]
DEBUG: Planck15 ages (Gyr): [ 1.54844906  1.16748648  0.94061105 12.65478457 12.71158869 12.56386108
 11.42852446 12.57121846 10.87544692 12.85313185]
DEBUG: cosmo_colibre ages (Gyr): [ 1.55042087  1.16944706  0.94252653 12.6291515  12.68567634 12.53867266
 11.40863137 12.54599417 10.8579514  12.8265187 ]
DEBUG: us.look_back_time -> ages (Gyr): [ 1.55042088  1.16944706  0.94252654 12.6291515  12.68567634 12.53867266
 11.40863137 12.54599417 10.8579514  12.8265187 ]
[79/100] subhalo 6642607 done; total_formed=1.722e+01
Building SWIFTGalaxy for subhalo 6679867 (soap_index=25409279)
Read masses: Nstars=65591, sum_current=8.388518e+10 Msun
DEBUG: sample z (first valid): [0.84172662 0.43694089 5.1565054  0.63431421 1.38364734 1.26564337
 0.63627285 1.06725128 1.3584281  0.58360719]
DEBUG: Planck15 ages (Gyr): [6.56437683 9.08379164 1.12899916 7.70047117 4.57983052 4.92268924
 7.68837408 5.59932307 4.64982834 8.02397122]
DEBUG: cosmo_colibre ages (Gyr): [6.56087427 9.07316433 1.13095437 7.69413569 4.57979024 4.92218162
 7.68207208 5.59773544 4.64969693 8.01671421]
DEBUG: us.look_back_time -> ages (Gyr): [6.56087427 9.07316433 1.13095437 7.69413569 4.57979024 4.92218162
 7.68207208 5.59773544 4.64969693 8.01671421]
[80/100] subhalo 6679867 done; total_formed=1.399e+01
Building SWIFTGalaxy for subhalo 1179164 (soap_index=25434770)
Read masses: Nstars=18214, sum_current=2.570595e+10 Msun
DEBUG: sample z (first valid): [4.71070059 3.73765633 4.66430424 8.01830191 2.63483084 5.05693161
 3.41468508 5.07884241 4.0763749  8.80124131]
DEBUG: Planck15 ages (Gyr): [1.26345305 1.67017003 1.27896753 0.63682034 2.47602762 1.15690478
 1.85547857 1.15066667 1.50661162 0.56196003]
DEBUG: cosmo_colibre ages (Gyr): [1.26542339 1.67213114 1.28093898 0.63861156 2.47776732 1.15886397
 1.8574114  1.15262502 1.50858561 0.56370472]
DEBUG: us.look_back_time -> ages (Gyr): [1.26542339 1.67213114 1.28093899 0.63861156 2.47776733 1.15886398
 1.8574114  1.15262502 1.50858561 0.56370473]
[81/100] subhalo 1179164 done; total_formed=4.286e+00
Building SWIFTGalaxy for subhalo 118874 (soap_index=25445371)
Read masses: Nstars=40877, sum_current=5.293118e+10 Msun
DEBUG: sample z (first valid): [1.00073269 0.18655852 0.30114358 0.20906206 0.81299104 1.16390411
 0.19139034 4.6589241  0.11025276 0.10151943]
DEBUG: Planck15 ages (Gyr): [ 5.85957738 11.43518506 10.26103555 11.1898611   6.70578579  5.25240916
 11.38186644  1.28078705 12.32657413 12.43482298]
DEBUG: cosmo_colibre ages (Gyr): [ 5.85751725 11.41526235 10.24605432 11.17101782  6.70196488  5.25140176
 11.36218037  1.28275862 12.30253217 12.41026053]
DEBUG: us.look_back_time -> ages (Gyr): [ 5.85751726 11.41526235 10.24605433 11.17101782  6.70196489  5.25140177
 11.36218037  1.28275862 12.30253217 12.41026053]
[82/100] subhalo 118874 done; total_formed=8.890e+00
Building SWIFTGalaxy for subhalo 455773 (soap_index=25527125)
Read masses: Nstars=19124, sum_current=2.506256e+10 Msun
DEBUG: sample z (first valid): [7.1476969  0.85486245 4.02499617 6.80748153 5.66354855 5.06927209
 4.94754515 1.62901155 9.3540564  8.14732361]
DEBUG: Planck15 ages (Gyr): [0.74167476 6.50126795 1.52967345 0.79070314 1.00276756 1.1533845
 1.18890485 3.97869097 0.51748612 0.623378  ]
DEBUG: cosmo_colibre ages (Gyr): [0.74351915 6.49790432 1.53164634 0.79256832 1.00469878 1.15534322
 1.19086805 3.97934514 0.51919909 0.62516144]
DEBUG: us.look_back_time -> ages (Gyr): [0.74351915 6.49790433 1.53164635 0.79256833 1.00469878 1.15534322
 1.19086806 3.97934514 0.5191991  0.62516144]
[83/100] subhalo 455773 done; total_formed=4.189e+00
Building SWIFTGalaxy for subhalo 1881070 (soap_index=25596474)
Read masses: Nstars=30112, sum_current=4.092873e+10 Msun
DEBUG: sample z (first valid): [0.26302806 6.13977557 0.23764919 7.29779691 1.51867794 1.59857256
 0.73651298 3.08069738 3.27139412 1.33923472]
DEBUG: Planck15 ages (Gyr): [10.63148609  0.90418359 10.88895869  0.72162791  4.23225297  4.04614351
  7.1059151   2.0857783   1.94886827  4.7042566 ]
DEBUG: cosmo_colibre ages (Gyr): [10.61500809  0.90608854 10.87140609  0.72346309  4.23263327  4.0467275
  7.10114065  2.08765679  1.95078158  4.70405281]
DEBUG: us.look_back_time -> ages (Gyr): [10.61500809  0.90608854 10.87140609  0.72346309  4.23263327  4.0467275
  7.10114065  2.0876568   1.95078158  4.70405282]
[84/100] subhalo 1881070 done; total_formed=6.842e+00
Building SWIFTGalaxy for subhalo 486650 (soap_index=25611478)
Read masses: Nstars=45150, sum_current=6.109821e+10 Msun
DEBUG: sample z (first valid): [0.50174152 0.84069206 0.60093805 0.48432687 0.19078421 0.30674749
 3.84447073 0.71578176 4.51696271 3.91384869]
DEBUG: Planck15 ages (Gyr): [ 8.59120806  6.56938752  7.9111286   8.71960468 11.38853548 10.2081537
  1.61553428  7.22071642  1.33039502  1.58161349]
DEBUG: cosmo_colibre ages (Gyr): [ 8.58221353  6.56587385  7.90419879  8.71019557 11.36881988 10.19338131
  1.61750098  7.21565397  1.33236926  1.58358302]
DEBUG: us.look_back_time -> ages (Gyr): [ 8.58221353  6.56587385  7.90419879  8.71019557 11.36881988 10.19338131
  1.61750098  7.21565397  1.33236927  1.58358302]
[85/100] subhalo 486650 done; total_formed=1.006e+01
Building SWIFTGalaxy for subhalo 39615 (soap_index=25635650)
Read masses: Nstars=224173, sum_current=2.956204e+11 Msun
DEBUG: sample z (first valid): [0.58805854 3.12643244 3.85451852 0.6783446  3.31498551 0.71273259
 0.77469671 0.68179019 5.50352287 0.8557028 ]
DEBUG: Planck15 ages (Gyr): [7.99475722 2.0515244  1.61054736 7.43534773 1.91964929 7.23784099
 6.90167525 7.41518926 1.03996892 6.49726269]
DEBUG: cosmo_colibre ages (Gyr): [7.98758551 2.05341229 1.61251451 7.42972961 1.92156908 7.23273504
 6.89739727 7.40962429 1.04190827 6.49390782]
DEBUG: us.look_back_time -> ages (Gyr): [7.98758551 2.0534123  1.61251452 7.42972961 1.92156909 7.23273504
 6.89739728 7.40962429 1.04190828 6.49390782]
[86/100] subhalo 39615 done; total_formed=4.917e+01
Building SWIFTGalaxy for subhalo 6807628 (soap_index=25673294)
Read masses: Nstars=66317, sum_current=8.946119e+10 Msun
DEBUG: sample z (first valid): [0.98810824 0.79295251 0.70898091 0.59812719 2.14351497 5.86312703
 4.00465827 5.5496702  4.61576692 1.25768224]
DEBUG: Planck15 ages (Gyr): [5.91111622 6.80720412 7.25899648 7.92926678 3.06672306 0.95937722
 1.53896442 1.02900867 1.2955392  4.94728725]
DEBUG: cosmo_colibre ages (Gyr): [5.9089587  6.80314891 7.25383658 7.92228479 3.06814222 0.96129775
 1.5409368  1.03094572 1.29751169 4.94674406]
DEBUG: us.look_back_time -> ages (Gyr): [5.9089587  6.80314891 7.25383658 7.92228479 3.06814222 0.96129775
 1.5409368  1.03094572 1.2975117  4.94674407]
[87/100] subhalo 6807628 done; total_formed=1.490e+01
Building SWIFTGalaxy for subhalo 8998556 (soap_index=25684275)
Read masses: Nstars=17780, sum_current=2.447021e+10 Msun
DEBUG: sample z (first valid): [2.30056406 2.22265932 3.91901223 1.92466976 4.64722103 1.33923472
 1.42815858 7.12295488 6.68120019 1.69673278]
DEBUG: Planck15 ages (Gyr): [2.85473595 2.95678595 1.57913612 3.40822841 1.28475979 4.7042566
 4.46033791 0.74506813 0.81028847 3.83498456]
DEBUG: cosmo_colibre ages (Gyr): [2.85628555 2.95827493 1.58110584 3.40940045 1.28673162 4.70405281
 4.46044819 0.74691403 0.81216132 3.83578185]
DEBUG: us.look_back_time -> ages (Gyr): [2.85628555 2.95827493 1.58110585 3.40940045 1.28673162 4.70405282
 4.4604482  0.74691404 0.81216132 3.83578186]
[88/100] subhalo 8998556 done; total_formed=4.106e+00
Building SWIFTGalaxy for subhalo 220105 (soap_index=25721010)
Read masses: Nstars=48873, sum_current=6.829352e+10 Msun
DEBUG: sample z (first valid): [5.7521121  1.40181778 6.77598481 2.32568761 3.7871439  4.59610622
 3.06626543 0.68698517 4.23325082 0.49926794]
DEBUG: Planck15 ages (Gyr): [0.98311873 4.53043779 0.79551386 2.82305169 1.64448254 1.30235342
 2.09678375 7.38495319 1.43964604 8.609273  ]
DEBUG: cosmo_colibre ages (Gyr): [0.98504526 4.53046051 0.79738096 2.82461929 1.64644644 1.30432631
 2.09865913 7.37946756 1.44162186 8.60022062]
DEBUG: us.look_back_time -> ages (Gyr): [0.98504527 4.53046051 0.79738096 2.82461929 1.64644644 1.30432632
 2.09865913 7.37946756 1.44162186 8.60022062]
[89/100] subhalo 220105 done; total_formed=1.129e+01
Building SWIFTGalaxy for subhalo 1212978 (soap_index=25730237)
Read masses: Nstars=27274, sum_current=3.642099e+10 Msun
DEBUG: sample z (first valid): [4.1909703  3.2800418  0.22763375 1.71595524 4.66430424 0.7041814
 4.40592263 5.26958768 3.29321978 4.69333681]
DEBUG: Planck15 ages (Gyr): [ 1.45720147  1.94301358 10.99304184  3.79572102  1.27896753  7.28619884
  1.37146253  1.09863857  1.93414749  1.26922258]
DEBUG: cosmo_colibre ages (Gyr): [ 1.45917701  1.94492822 10.97504699  3.79655592  1.28093898  7.28096925
  1.37343804  1.10058892  1.93606411  1.27119334]
DEBUG: us.look_back_time -> ages (Gyr): [ 1.45917702  1.94492822 10.97504699  3.79655592  1.28093899  7.28096925
  1.37343804  1.10058893  1.93606411  1.27119335]
[90/100] subhalo 1212978 done; total_formed=6.103e+00
Building SWIFTGalaxy for subhalo 128729 (soap_index=25769065)
Read masses: Nstars=24337, sum_current=3.379410e+10 Msun
DEBUG: sample z (first valid): [0.49339167 4.06578032 0.35337849 4.11760112 0.53652818 0.49954238
 0.48958996 3.52815588 0.44709415 0.39236849]
DEBUG: Planck15 ages (Gyr): [8.65241624 1.51131974 9.78311158 1.48852042 8.3430474  8.60726593
 8.68050025 1.78665395 9.0038819  9.44729794]
DEBUG: cosmo_colibre ages (Gyr): [8.64322505 1.51329352 9.76997308 1.49049511 8.33483198 8.59821998
 8.67121822 1.78859893 8.9935272  9.43539319]
DEBUG: us.look_back_time -> ages (Gyr): [8.64322505 1.51329353 9.76997308 1.49049511 8.33483198 8.59821998
 8.67121822 1.78859893 8.9935272  9.43539319]
[91/100] subhalo 128729 done; total_formed=5.641e+00
Building SWIFTGalaxy for subhalo 42066 (soap_index=25829118)
Read masses: Nstars=174574, sum_current=2.252479e+11 Msun
DEBUG: sample z (first valid): [1.03136817 1.20215054 0.90268262 3.58614416 0.41010414 0.30145365
 2.266999   0.82044444 3.84447073 0.61164667]
DEBUG: Planck15 ages (Gyr): [ 5.73740271  5.12444953  6.27930323  1.75309598  9.30012858 10.25809918
  2.89798513  6.66865767  1.61553428  7.84259871]
DEBUG: cosmo_colibre ages (Gyr): [ 5.7355684   5.12364202  6.27641294  1.75504619  9.28874835 10.24312958
  2.89950952  6.66492129  1.61750098  7.8358646 ]
DEBUG: us.look_back_time -> ages (Gyr): [ 5.7355684   5.12364202  6.27641295  1.75504619  9.28874835 10.24312958
  2.89950952  6.66492129  1.61750098  7.8358646 ]
[92/100] subhalo 42066 done; total_formed=3.780e+01
Building SWIFTGalaxy for subhalo 14470720 (soap_index=26026173)
Read masses: Nstars=34178, sum_current=4.879134e+10 Msun
DEBUG: sample z (first valid): [3.12227953 6.66592584 0.36442372 0.27720611 0.28633116 0.29753702
 0.40937634 0.34925471 9.02232757 4.40592263]
DEBUG: Planck15 ages (Gyr): [ 2.05459631  0.81271204  9.68622597 10.49145899 10.40274438 10.29527993
  9.30610109  9.81964808  0.54343777  1.37146253]
DEBUG: cosmo_colibre ages (Gyr): [ 2.05648338  0.81458582  9.67344865 10.47555366 10.38719755 10.28016282
  9.29469977  9.80637228  0.54516965  1.37343804]
DEBUG: us.look_back_time -> ages (Gyr): [ 2.05648338  0.81458582  9.67344865 10.47555366 10.38719755 10.28016282
  9.29469977  9.80637228  0.54516966  1.37343804]
[93/100] subhalo 14470720 done; total_formed=8.058e+00
Building SWIFTGalaxy for subhalo 842992 (soap_index=26128859)
Read masses: Nstars=17539, sum_current=2.354313e+10 Msun
DEBUG: sample z (first valid): [0.62217822 2.44599853 0.54580621 0.1877628  3.24978925 0.57842004
 0.16215066 0.4383285  2.9863747  1.37880218]
DEBUG: Planck15 ages (Gyr): [ 7.77607467  2.67901894  8.27867399 11.42186265  1.96362341  8.05821791
 11.71004839  9.07280877  2.15947915  4.59314704]
DEBUG: cosmo_colibre ages (Gyr): [ 7.76952837  2.68066354  8.27065587 11.40199917  1.96553333  8.05086038
 11.68888794  9.0622191   2.1613359   4.59308959]
DEBUG: us.look_back_time -> ages (Gyr): [ 7.76952837  2.68066354  8.27065587 11.40199917  1.96553333  8.05086038
 11.68888794  9.0622191   2.1613359   4.59308959]
[94/100] subhalo 842992 done; total_formed=3.921e+00
Building SWIFTGalaxy for subhalo 1071709 (soap_index=26155294)
Read masses: Nstars=41446, sum_current=5.545921e+10 Msun
DEBUG: sample z (first valid): [6.59661528 1.45858343 4.71070059 2.44781145 2.35462735 3.57206642
 4.31904878 4.14896292 0.76761247 0.80659389]
DEBUG: Planck15 ages (Gyr): [0.82386245 4.38151341 1.26345305 2.67694135 2.78726355 1.76114638
 1.40508093 1.47499781 6.93888013 6.73790777]
DEBUG: cosmo_colibre ages (Gyr): [0.82574041 4.38171957 1.26542339 2.678587   2.78885103 1.76309537
 1.40705687 1.47697292 6.93451322 6.73401319]
DEBUG: us.look_back_time -> ages (Gyr): [0.82574041 4.38171957 1.26542339 2.67858701 2.78885103 1.76309538
 1.40705688 1.47697293 6.93451323 6.73401319]
[95/100] subhalo 1071709 done; total_formed=9.286e+00
Building SWIFTGalaxy for subhalo 7943946 (soap_index=26169067)
Read masses: Nstars=32355, sum_current=4.411651e+10 Msun
DEBUG: sample z (first valid): [5.18147519 5.28281085 0.006141   6.08267589 0.01998381 2.03829393
 0.51703704 2.9786304  0.51018527 5.92549931]
DEBUG: Planck15 ages (Gyr): [ 1.12217629  1.09517697 13.70937061  0.91513642 13.51332783  3.22358649
  8.4807505   2.16572089  8.52996687  0.94645306]
DEBUG: cosmo_colibre ages (Gyr): [ 1.12413046  1.09712674 13.67837401  0.91704465 13.48335606  3.22489786
  8.47210639  2.1675757   8.52116734  0.94837014]
DEBUG: us.look_back_time -> ages (Gyr): [ 1.12413046  1.09712674 13.67837401  0.91704465 13.48335606  3.22489786
  8.47210639  2.1675757   8.52116734  0.94837015]
[96/100] subhalo 7943946 done; total_formed=7.279e+00
Building SWIFTGalaxy for subhalo 1085457 (soap_index=26208046)
Read masses: Nstars=47731, sum_current=6.069353e+10 Msun
DEBUG: sample z (first valid): [2.77381089 3.50295451 0.23012238 0.73375661 1.11392813 0.98305495
 6.22796956 3.27585307 5.85594727 0.77296829]
DEBUG: Planck15 ages (Gyr): [ 2.34226795  1.80157082 10.96704616  7.12101683  5.42740355  5.93194557
  0.88768883  1.94584581  0.96088375  6.91072413]
DEBUG: cosmo_colibre ages (Gyr): [ 2.34406176  1.80351332 10.94916219  7.11620486  5.4261105   5.92974834
  0.88958867  1.94775981  0.96280467  6.90642458]
DEBUG: us.look_back_time -> ages (Gyr): [ 2.34406176  1.80351333 10.94916219  7.11620486  5.42611051  5.92974834
  0.88958867  1.94775982  0.96280467  6.90642458]
[97/100] subhalo 1085457 done; total_formed=1.022e+01
Building SWIFTGalaxy for subhalo 6467554 (soap_index=26220774)
Read masses: Nstars=24502, sum_current=3.278240e+10 Msun
DEBUG: sample z (first valid): [6.11806234 2.46531303 0.42457178 1.14675052 0.40153978 0.9361853
 2.48744146 0.56157072 0.4383285  0.56694721]
DEBUG: Planck15 ages (Gyr): [0.90832282 2.65702003 9.18256742 5.31145364 9.37077017 6.13074337
 2.63217864 8.17099399 9.07280877 8.13475111]
DEBUG: cosmo_colibre ages (Gyr): [0.91022902 2.6586757  9.17159902 5.31035146 9.35913941 6.12815659
 2.63384658 8.16330144 9.0622191  8.1271669 ]
DEBUG: us.look_back_time -> ages (Gyr): [0.91022902 2.6586757  9.17159902 5.31035146 9.35913941 6.12815659
 2.63384658 8.16330144 9.0622191  8.1271669 ]
[98/100] subhalo 6467554 done; total_formed=5.433e+00
Building SWIFTGalaxy for subhalo 536596 (soap_index=26262180)
Read masses: Nstars=19497, sum_current=2.505646e+10 Msun
DEBUG: sample z (first valid): [0.50408519 5.94016732 2.1950078  3.77632826 4.72817061 0.46862675
 2.87466004 4.70473538 5.35963125 1.9026486 ]
DEBUG: Planck15 ages (Gyr): [8.57414408 0.94345568 2.99445233 1.65004049 1.25769201 8.83782704
 2.25248816 1.26543022 1.07542012 3.44601064]
DEBUG: cosmo_colibre ages (Gyr): [8.56520406 0.94537194 2.99591792 1.65200381 1.2596619  8.8280293
 2.25431447 1.2674007  1.07736638 3.44715249]
DEBUG: us.look_back_time -> ages (Gyr): [8.56520406 0.94537195 2.99591792 1.65200381 1.25966191 8.8280293
 2.25431448 1.26740071 1.07736638 3.44715249]
[99/100] subhalo 536596 done; total_formed=4.217e+00
Building SWIFTGalaxy for subhalo 1079454 (soap_index=26315632)
Read masses: Nstars=117859, sum_current=1.552889e+11 Msun
DEBUG: sample z (first valid): [5.55622249 0.29620253 0.1895738  0.50907249 3.74726548 2.49711846
 0.4980342  0.27402799 1.75755281 5.4771694 ]
DEBUG: Planck15 ages (Gyr): [ 1.02746802 10.30799304 11.40186997  8.53800032  1.66513044  2.62143494
  8.61830438 10.52261421  3.71295234  1.04631532]
DEBUG: cosmo_colibre ages (Gyr): [ 1.02940474 10.29282535 11.38209525  8.52917531  1.66709211  2.62310811
  8.60922302 10.50658219  3.71386441  1.04825596]
DEBUG: us.look_back_time -> ages (Gyr): [ 1.02940474 10.29282535 11.38209525  8.52917531  1.66709212  2.62310811
  8.60922302 10.50658219  3.71386442  1.04825597]
[100/100] subhalo 1079454 done; total_formed=2.585e+01
All halos processed. Writing CSV.
Wrote relicness_extras_800_900.csv (100 rows) in 7842.1s
