Starting pure-swift relicness script
Loaded SOAP mapping for 91142867 halos
Batch mode: processing 100 halos (slice 1100:1200)
Building SWIFTGalaxy for subhalo 620024 (soap_index=32286496)
Read masses: Nstars=304323, sum_current=3.883507e+11 Msun
DEBUG: sample z (first valid): [0.54946094 0.47856692 0.54668177 0.65127998 0.62426886 0.46704871
 1.11338278 0.69029196 0.73119189 0.03669957]
DEBUG: Planck15 ages (Gyr): [ 8.25352108  8.76270236  8.27263764  7.5966359   7.76297057  8.84984143
  5.42936382  7.36580479  7.13511285 13.28179516]
DEBUG: cosmo_colibre ages (Gyr): [ 8.24557951  8.75315233  8.26463792  7.59058545  7.75646101  8.84000382
  5.4280675   7.36036918  7.13026576 13.25301779]
DEBUG: us.look_back_time -> ages (Gyr): [ 8.24557951  8.75315233  8.26463792  7.59058545  7.75646101  8.84000382
  5.4280675   7.36036918  7.13026576 13.25301779]
[1/100] subhalo 620024 done; total_formed=6.444e+01
Building SWIFTGalaxy for subhalo 246666 (soap_index=32355135)
Read masses: Nstars=107561, sum_current=1.374129e+11 Msun
DEBUG: sample z (first valid): [2.39213251 0.55136824 3.36790189 0.36091037 0.42098873 0.4737789
 0.46862675 4.32986337 1.27602973 5.00806747]
DEBUG: Planck15 ages (Gyr): [2.74197854 8.24044008 1.88514126 9.71689102 9.21147725 8.7987696
 8.83782704 1.4008218  4.89088981 1.17102065]
DEBUG: cosmo_colibre ages (Gyr): [2.74359046 8.2325382  1.88706827 9.70399984 9.20040817 8.78910097
 8.8280293  1.40279772 4.89042776 1.17298168]
DEBUG: us.look_back_time -> ages (Gyr): [2.74359046 8.2325382  1.88706827 9.70399985 9.20040817 8.78910097
 8.8280293  1.40279773 4.89042776 1.17298168]
[2/100] subhalo 246666 done; total_formed=2.271e+01
Building SWIFTGalaxy for subhalo 2090170 (soap_index=32355155)
Read masses: Nstars=60023, sum_current=8.080511e+10 Msun
DEBUG: sample z (first valid): [ 0.62475208  0.96145098 10.02649954  2.36047585  4.29755072  1.41402682
  0.27670849  0.87481405  1.05842076  1.22231265]
DEBUG: Planck15 ages (Gyr): [ 7.75994651  6.02230611  0.47078806  2.78012142  1.4136116   4.49772805
 10.49632841  6.40719928  5.63281398  5.05897564]
DEBUG: cosmo_colibre ages (Gyr): [ 7.75344541  6.01993416  0.47246389  2.78171281  1.41558756  4.4977919
 10.48040331  6.40403917  5.63116735  5.0582675 ]
DEBUG: us.look_back_time -> ages (Gyr): [ 7.75344542  6.01993416  0.4724639   2.78171281  1.41558757  4.4977919
 10.48040331  6.40403917  5.63116735  5.0582675 ]
[3/100] subhalo 2090170 done; total_formed=1.345e+01
Building SWIFTGalaxy for subhalo 3471263 (soap_index=32371102)
Read masses: Nstars=19932, sum_current=2.522497e+10 Msun
DEBUG: sample z (first valid): [5.1937435  4.53934579 6.37602701 3.33267222 4.44997921 4.31904878
 2.30056406 1.9635525  2.22424481 1.82995077]
DEBUG: Planck15 ages (Gyr): [1.11884908 1.32236353 0.86109837 1.90799995 1.35492002 1.40508093
 2.85473595 3.34314298 2.95464977 3.57571062]
DEBUG: cosmo_colibre ages (Gyr): [1.12080273 1.32433742 0.86298951 1.90992223 1.35689512 1.40705687
 2.85628555 3.34436568 2.95614006 3.57674445]
DEBUG: us.look_back_time -> ages (Gyr): [1.12080274 1.32433743 0.86298951 1.90992224 1.35689513 1.40705688
 2.85628555 3.34436569 2.95614006 3.57674445]
[4/100] subhalo 3471263 done; total_formed=4.253e+00
Building SWIFTGalaxy for subhalo 525647 (soap_index=32375582)
Read masses: Nstars=65892, sum_current=8.230505e+10 Msun
DEBUG: sample z (first valid): [0.12845237 1.37105644 0.15096593 4.88717212 2.31391586 0.3359426
 2.02762635 0.56157072 0.48958996 0.32075776]
DEBUG: Planck15 ages (Gyr): [12.10523689  4.61456484 11.83915489  1.20720127  2.83782531  9.93896392
  3.24021991  8.17099399  8.68050025 10.07766569]
DEBUG: cosmo_colibre ages (Gyr): [12.08224581  4.61447961 11.81740291  1.2091665   2.83938456  9.92523561
  3.24151929  8.16330144  8.67121822 10.06340339]
DEBUG: us.look_back_time -> ages (Gyr): [12.08224581  4.61447961 11.81740292  1.20916651  2.83938457  9.92523561
  3.24151929  8.16330144  8.67121822 10.06340339]
[5/100] subhalo 525647 done; total_formed=1.369e+01
Building SWIFTGalaxy for subhalo 106034 (soap_index=32429063)
Read masses: Nstars=120180, sum_current=1.613767e+11 Msun
DEBUG: sample z (first valid): [9.56606207 1.42151936 3.10549395 0.43946582 0.43984533 7.9634138
 4.23325082 1.46024476 0.45713269 1.1878881 ]
DEBUG: Planck15 ages (Gyr): [0.50196034 4.4778417  2.06709038 9.06382166 9.06082572 0.64268574
 1.43964604 4.37727382 8.92589548 5.17158231]
DEBUG: cosmo_colibre ages (Gyr): [0.50366143 4.47793032 2.06897406 9.05326275 9.05027706 0.64448028
 1.44162186 4.37748506 8.91580395 5.17070206]
DEBUG: us.look_back_time -> ages (Gyr): [0.50366143 4.47793032 2.06897406 9.05326275 9.05027706 0.64448028
 1.44162186 4.37748506 8.91580396 5.17070206]
[6/100] subhalo 106034 done; total_formed=2.678e+01
Building SWIFTGalaxy for subhalo 28559 (soap_index=32438680)
Read masses: Nstars=30589, sum_current=4.242876e+10 Msun
DEBUG: sample z (first valid): [1.77436288 3.13946438 1.80740233 2.55632733 2.14986062 0.72991236
 1.56762263 1.70921869 1.24469105 1.14717253]
DEBUG: Planck15 ages (Gyr): [3.6803322  2.04193374 3.61755913 2.55724053 3.05766347 7.14216124
 4.11664301 3.80940657 4.98784981 5.30998845]
DEBUG: cosmo_colibre ages (Gyr): [3.68127391 2.04382419 3.61855665 2.55894407 3.05908856 7.13729656
 4.11715158 3.81022843 4.98724737 5.30888864]
DEBUG: us.look_back_time -> ages (Gyr): [3.68127392 2.04382419 3.61855665 2.55894407 3.05908857 7.13729656
 4.11715158 3.81022843 4.98724737 5.30888864]
[7/100] subhalo 28559 done; total_formed=7.095e+00
Building SWIFTGalaxy for subhalo 243720 (soap_index=32438698)
Read masses: Nstars=54257, sum_current=7.422332e+10 Msun
DEBUG: sample z (first valid): [1.28014752 1.00932058 1.34997131 1.29805737 1.02421547 0.69589069
 0.71758046 0.71165901 1.10794468 0.55092768]
DEBUG: Planck15 ages (Gyr): [4.87837318 5.82491949 4.67368507 4.82452367 5.76556723 7.33355705
 7.2106437  7.24388524 5.44897247 8.24345886]
DEBUG: cosmo_colibre ages (Gyr): [4.87792894 5.82292415 4.6735221  4.82415526 5.76368149 7.32820527
 7.20560678 7.2387639  5.44764323 8.23554783]
DEBUG: us.look_back_time -> ages (Gyr): [4.87792895 5.82292415 4.6735221  4.82415526 5.76368149 7.32820527
 7.20560678 7.2387639  5.44764324 8.23554783]
[8/100] subhalo 243720 done; total_formed=1.236e+01
Building SWIFTGalaxy for subhalo 3464354 (soap_index=32438844)
Read masses: Nstars=29889, sum_current=4.117846e+10 Msun
DEBUG: sample z (first valid): [1.48242424 1.95846876 1.93094812 4.95944348 3.1475856  1.25163197
 1.38451463 1.46394466 0.63317384 0.74260796]
DEBUG: Planck15 ages (Gyr): [4.32129953 3.35153698 3.39757998 1.18535326 2.03599445 4.96611246
 4.57745339 4.36785563 7.70752775 7.07269569]
DEBUG: cosmo_colibre ages (Gyr): [4.3215771  3.35275324 3.39876042 1.18731604 2.03788645 4.96554186
 4.57741617 4.36807812 7.70117271 7.06800337]
DEBUG: us.look_back_time -> ages (Gyr): [4.32157711 3.35275325 3.39876043 1.18731605 2.03788645 4.96554187
 4.57741617 4.36807813 7.70117271 7.06800338]
[9/100] subhalo 3464354 done; total_formed=6.865e+00
Building SWIFTGalaxy for subhalo 3469684 (soap_index=32455355)
Read masses: Nstars=38639, sum_current=5.127252e+10 Msun
DEBUG: sample z (first valid): [1.31183858 2.8235706  1.98705561 4.17948313 4.11640253 1.46264843
 0.32631749 2.63080332 4.87556034 7.52833626]
DEBUG: Planck15 ages (Gyr): [ 4.78373087  2.297247    3.30477782  1.46203249  1.48904131  4.3711515
 10.02655622  2.48009035  1.21077391  0.69254219]
DEBUG: cosmo_colibre ages (Gyr): [ 4.78341903  2.2990575   3.30602959  1.46400792  1.49101598  4.37137007
 10.01249167  2.4818283   1.21273952  0.69436324]
DEBUG: us.look_back_time -> ages (Gyr): [ 4.78341903  2.2990575   3.3060296   1.46400793  1.49101598  4.37137007
 10.01249167  2.4818283   1.21273952  0.69436324]
[10/100] subhalo 3469684 done; total_formed=8.603e+00
Building SWIFTGalaxy for subhalo 1047221 (soap_index=32471047)
Read masses: Nstars=17422, sum_current=2.463472e+10 Msun
DEBUG: sample z (first valid): [0.08625605 0.02985731 0.05798786 0.01073411 0.04938193 0.06444906
 0.07690285 0.02985731 0.01896884 0.00558522]
DEBUG: Planck15 ages (Gyr): [12.62726054 13.3758907  12.99491029 13.64388367 13.10982705 12.9095614
 12.74726571 13.3758907  13.52756807 13.71732449]
DEBUG: cosmo_colibre ages (Gyr): [12.60176238 13.34663003 12.96758823 13.61323076 13.08192535 12.88266692
 12.72117738 13.34663003 13.49752227 13.68628605]
DEBUG: us.look_back_time -> ages (Gyr): [12.60176238 13.34663003 12.96758824 13.61323076 13.08192535 12.88266692
 12.72117738 13.34663003 13.49752227 13.68628605]
[11/100] subhalo 1047221 done; total_formed=4.098e+00
Building SWIFTGalaxy for subhalo 529881 (soap_index=32630421)
Read masses: Nstars=148435, sum_current=1.953880e+11 Msun
DEBUG: sample z (first valid): [6.34626163e+00 2.81552210e-03 8.38007628e-01 8.47958493e-01
 1.58239420e+00 1.32397163e+00 1.62311880e+00 8.55913004e-01
 4.56191123e+00 7.71199734e+00]
DEBUG: Planck15 ages (Gyr): [ 0.86633694 13.75705887  6.58241669  6.53431895  4.08275012  4.74827093
  3.99160673  6.4962614   1.3143477   0.67073764]
DEBUG: cosmo_colibre ages (Gyr): [ 0.86822983 13.72581113  6.57887405  6.5308828   4.08329521  4.74800765
  3.99224761  6.49290872  1.31632122  0.67254746]
DEBUG: us.look_back_time -> ages (Gyr): [ 0.86822984 13.72581113  6.57887405  6.53088281  4.08329521  4.74800765
  3.99224761  6.49290872  1.31632122  0.67254746]
[12/100] subhalo 529881 done; total_formed=3.253e+01
Building SWIFTGalaxy for subhalo 248489 (soap_index=32646895)
Read masses: Nstars=47362, sum_current=6.282953e+10 Msun
DEBUG: sample z (first valid): [3.40370918 2.66245669 2.6016707  2.19968753 5.41126981 2.12552461
 3.83339479 4.28644027 4.10842622 2.15623194]
DEBUG: Planck15 ages (Gyr): [1.86236816 2.44845302 2.50980725 2.98802264 1.06246983 3.09264773
 1.62106118 1.41805407 1.49251536 3.04861121]
DEBUG: cosmo_colibre ages (Gyr): [1.86429967 2.45020443 2.51153221 2.98949225 1.06441366 3.09404974
 1.62302738 1.42003004 1.49448991 3.05004219]
DEBUG: us.look_back_time -> ages (Gyr): [1.86429968 2.45020444 2.51153222 2.98949226 1.06441366 3.09404975
 1.62302739 1.42003004 1.49448991 3.05004219]
[13/100] subhalo 248489 done; total_formed=1.056e+01
Building SWIFTGalaxy for subhalo 2098609 (soap_index=32646960)
Read masses: Nstars=26083, sum_current=3.610519e+10 Msun
DEBUG: sample z (first valid): [1.20452099 2.79874797 1.53015211 2.36254489 1.73043913 1.38973162
 1.53210726 3.4102288  1.0737928  1.46616994]
DEBUG: Planck15 ages (Gyr): [5.1166821  2.31952571 4.20468452 2.77760191 3.76656502 4.56319584
 4.20001585 1.85827069 5.57471545 4.36220679]
DEBUG: cosmo_colibre ages (Gyr): [5.11588648 2.32132804 4.20509593 2.77919467 3.76742743 4.5631769
 4.20043249 1.86020299 5.57317084 4.36243602]
DEBUG: us.look_back_time -> ages (Gyr): [5.11588649 2.32132805 4.20509593 2.77919467 3.76742743 4.5631769
 4.2004325  1.86020299 5.57317084 4.36243602]
[14/100] subhalo 2098609 done; total_formed=6.034e+00
Building SWIFTGalaxy for subhalo 110320 (soap_index=32666008)
Read masses: Nstars=43041, sum_current=5.794627e+10 Msun
DEBUG: sample z (first valid): [2.63080332 5.85594727 1.41171708 1.79137916 2.64574989 1.17930301
 7.25598388 1.63239075 0.61164667 6.66592584]
DEBUG: Planck15 ages (Gyr): [2.48009035 0.96088375 4.50388704 3.64778321 2.46506803 5.20028613
 0.727121   3.97131491 7.84259871 0.81271204]
DEBUG: cosmo_colibre ages (Gyr): [2.4818283  0.96280467 4.50394317 3.64875406 2.46681242 5.19936107
 0.72895875 3.97197663 7.8358646  0.81458582]
DEBUG: us.look_back_time -> ages (Gyr): [2.4818283  0.96280467 4.50394317 3.64875406 2.46681242 5.19936107
 0.72895875 3.97197664 7.8358646  0.81458582]
[15/100] subhalo 110320 done; total_formed=9.695e+00
Building SWIFTGalaxy for subhalo 6481970 (soap_index=32670191)
Read masses: Nstars=18699, sum_current=2.496032e+10 Msun
DEBUG: sample z (first valid): [5.25701738 0.17760368 0.41448675 0.1035226  3.68985258 0.05853469
 0.02049206 0.09233949 3.93382519 1.86308432]
DEBUG: Planck15 ages (Gyr): [ 1.10194613 11.53494827  9.26428286 12.40987548  1.69562069 12.98765622
 13.50620496 12.55006126  1.57206473  3.51562899]
DEBUG: cosmo_colibre ages (Gyr): [ 1.10389704 11.51457973  9.25302888 12.38543336  1.69757875 12.9603706
 13.47627019 12.52494007  1.57403497  3.5167137 ]
DEBUG: us.look_back_time -> ages (Gyr): [ 1.10389705 11.51457973  9.25302888 12.38543336  1.69757876 12.9603706
 13.47627019 12.52494007  1.57403497  3.51671371]
[16/100] subhalo 6481970 done; total_formed=4.140e+00
Building SWIFTGalaxy for subhalo 29967 (soap_index=32681518)
Read masses: Nstars=902916, sum_current=1.131316e+12 Msun
DEBUG: sample z (first valid): [0.0440989  1.51153522 1.33456825 1.44738218 1.59713086 3.01077111
 0.34958814 3.77145977 0.29784537 0.33322484]
DEBUG: Planck15 ages (Gyr): [13.18108073  4.24956186  4.71764386  4.41027131  4.04938409  2.14000894
  9.81668654  1.65255247 10.29234566  9.96358318]
DEBUG: cosmo_colibre ages (Gyr): [13.1528174   4.24992246  4.71742207  4.4104428   4.04996466  2.14187163
  9.8034219   1.65451553 10.27724021  9.9497607 ]
DEBUG: us.look_back_time -> ages (Gyr): [13.1528174   4.24992247  4.71742207  4.41044281  4.04996466  2.14187163
  9.8034219   1.65451553 10.27724021  9.9497607 ]
[17/100] subhalo 29967 done; total_formed=1.886e+02
Building SWIFTGalaxy for subhalo 30021 (soap_index=32681519)
Read masses: Nstars=51162, sum_current=6.631874e+10 Msun
DEBUG: sample z (first valid): [3.01913406 0.89827366 4.14896292 4.30827798 1.93173481 2.78820809
 2.87878788 1.8588379  0.99270251 2.22678484]
DEBUG: Planck15 ages (Gyr): [2.13340125 6.29927106 1.47499781 1.4093442  3.39624954 2.32909333
 2.24893466 3.52323701 5.89227828 2.95123278]
DEBUG: cosmo_colibre ages (Gyr): [2.13526593 6.29633917 1.47697292 1.41132016 3.39743103 2.33089211
 2.2507622  3.52431536 5.89015651 2.95272516]
DEBUG: us.look_back_time -> ages (Gyr): [2.13526594 6.29633917 1.47697293 1.41132016 3.39743103 2.33089211
 2.2507622  3.52431536 5.89015651 2.95272516]
[18/100] subhalo 30021 done; total_formed=1.114e+01
Building SWIFTGalaxy for subhalo 1081728 (soap_index=32681593)
Read masses: Nstars=23551, sum_current=3.117771e+10 Msun
DEBUG: sample z (first valid): [1.14422196 1.94861873 1.645354   2.25466826 1.27224187 1.53759777
 1.88908482 2.30889629 2.46714633 1.7966203 ]
DEBUG: Planck15 ages (Gyr): [5.32024615 3.36789893 3.94322301 2.91414389 4.90244886 4.1869497
 3.46962308 2.8441635  2.65494735 3.63785199]
DEBUG: cosmo_colibre ages (Gyr): [5.31912972 3.36910256 3.94391331 2.91565868 4.9019703  4.18738095
 3.47074577 2.84571914 2.65660405 3.63883165]
DEBUG: us.look_back_time -> ages (Gyr): [5.31912972 3.36910257 3.94391331 2.91565868 4.90197031 4.18738095
 3.47074577 2.84571915 2.65660406 3.63883165]
[19/100] subhalo 1081728 done; total_formed=5.227e+00
Building SWIFTGalaxy for subhalo 532198 (soap_index=32716743)
Read masses: Nstars=22763, sum_current=2.965268e+10 Msun
DEBUG: sample z (first valid): [0.20178977 3.5212832  2.34777278 6.04612407 4.53934579 4.94754515
 3.63282907 3.90392098 3.24538447 4.76901408]
DEBUG: Planck15 ages (Gyr): [11.26830963  1.79070162  2.79567269  0.92226404  1.32236353  1.18890485
  1.72683018  1.58639473  1.96665435  1.24439198]
DEBUG: cosmo_colibre ages (Gyr): [11.24912381  1.79264593  2.79725554  0.92417435  1.32433742  1.19086805
  1.72878415  1.5883639   1.96856355  1.24636078]
DEBUG: us.look_back_time -> ages (Gyr): [11.24912381  1.79264594  2.79725554  0.92417435  1.32433743  1.19086806
  1.72878415  1.5883639   1.96856355  1.24636078]
[20/100] subhalo 532198 done; total_formed=4.946e+00
Building SWIFTGalaxy for subhalo 4819678 (soap_index=32717832)
Read masses: Nstars=42522, sum_current=5.642628e+10 Msun
DEBUG: sample z (first valid): [4.18030195 2.32063235 3.98410526 2.49973299 1.35115161 0.60990469
 7.26431274 6.33146884 2.37849263 3.97426945]
DEBUG: Planck15 ages (Gyr): [1.46168724 2.82938058 1.54844906 2.61854457 4.67034368 7.85368519
 0.72602129 0.86896013 2.75830718 1.55302233]
DEBUG: cosmo_colibre ages (Gyr): [1.46366269 2.83094462 1.55042087 2.62021914 4.67018514 7.84691958
 0.72785852 0.8708539  2.75991037 1.55499386]
DEBUG: us.look_back_time -> ages (Gyr): [1.46366269 2.83094462 1.55042088 2.62021914 4.67018515 7.84691958
 0.72785852 0.8708539  2.75991038 1.55499386]
[21/100] subhalo 4819678 done; total_formed=9.441e+00
Building SWIFTGalaxy for subhalo 1121143 (soap_index=32736794)
Read masses: Nstars=15872, sum_current=2.089140e+10 Msun
DEBUG: sample z (first valid): [5.48357736 0.4559673  3.60483418 5.10659709 1.29467787 2.41084626
 1.00624503 3.5212832  2.01453542 5.05693161]
DEBUG: Planck15 ages (Gyr): [1.04476626 8.93489755 1.74250176 1.14284459 4.83461194 2.71983262
 5.83729433 1.79070162 3.26082423 1.15690478]
DEBUG: cosmo_colibre ages (Gyr): [1.04670659 8.92477579 1.74445351 1.14480183 4.83422942 2.72145621
 5.83527592 1.79264593 3.2621086  1.15886397]
DEBUG: us.look_back_time -> ages (Gyr): [1.04670659 8.92477579 1.74445352 1.14480183 4.83422943 2.72145621
 5.83527593 1.79264594 3.2621086  1.15886398]
[22/100] subhalo 1121143 done; total_formed=3.480e+00
Building SWIFTGalaxy for subhalo 550736 (soap_index=32778123)
Read masses: Nstars=13511, sum_current=1.775050e+10 Msun
DEBUG: sample z (first valid): [2.42331801 1.05842076 4.3242343  2.32231573 2.56173913 5.33381657
 7.21407533 6.72830189 3.73765633 0.13133545]
DEBUG: Planck15 ages (Gyr): [ 2.70523606  5.63281398  1.40303603  2.82727051  2.55150211  1.08199272
  0.73269674  0.80288998  1.67017003 12.07069152]
DEBUG: cosmo_colibre ages (Gyr): [ 2.70686724  5.63116735  1.40501197  2.82883573  2.55320829  1.08394017
  0.73453705  0.80475998  1.67213114 12.04786282]
DEBUG: us.look_back_time -> ages (Gyr): [ 2.70686724  5.63116735  1.40501197  2.82883574  2.55320829  1.08394018
  0.73453706  0.80475998  1.67213114 12.04786282]
[23/100] subhalo 550736 done; total_formed=2.972e+00
Building SWIFTGalaxy for subhalo 113186 (soap_index=32786793)
Read masses: Nstars=37407, sum_current=5.007345e+10 Msun
DEBUG: sample z (first valid): [2.32400081 2.92619219 0.0704299  4.11760112 1.93514869 3.15600228
 1.93225951 0.68092746 1.62039184 1.79280661]
DEBUG: Planck15 ages (Gyr): [ 2.82516088  2.20877983 12.83125929  1.48852042  3.39048583  2.02986912
  3.39536265  7.4202288   3.99760663  3.64507403]
DEBUG: cosmo_colibre ages (Gyr): [ 2.82672729  2.21062086 12.8047549   1.49049511  3.39167185  2.03176271
  3.39654483  7.41465056  3.99824131  3.64604729]
DEBUG: us.look_back_time -> ages (Gyr): [ 2.82672729  2.21062086 12.8047549   1.49049511  3.39167185  2.03176272
  3.39654484  7.41465057  3.99824131  3.64604729]
[24/100] subhalo 113186 done; total_formed=8.332e+00
Building SWIFTGalaxy for subhalo 113598 (soap_index=32786794)
Read masses: Nstars=31976, sum_current=4.586579e+10 Msun
DEBUG: sample z (first valid): [2.82893199 5.52944107 6.31591873 3.70872252 0.88062443 0.47086812
 0.40297996 8.27811991 4.83995723 0.01430075]
DEBUG: Planck15 ages (Gyr): [ 2.29248136  1.03378947  0.87173188  1.68549813  6.38020157  8.820804
  9.35883587  0.6102255   1.2218382  13.59333364]
DEBUG: cosmo_colibre ages (Gyr): [ 2.29429357  1.03572753  0.87362656  1.68745744  6.37709907  8.81106262
  9.34724759  0.61200109  1.22380492 13.56294511]
DEBUG: us.look_back_time -> ages (Gyr): [ 2.29429357  1.03572754  0.87362657  1.68745744  6.37709907  8.81106262
  9.34724759  0.6120011   1.22380493 13.56294511]
[25/100] subhalo 113598 done; total_formed=7.546e+00
Building SWIFTGalaxy for subhalo 255768 (soap_index=32790079)
Read masses: Nstars=109858, sum_current=1.428876e+11 Msun
DEBUG: sample z (first valid): [3.10987081 3.33267222 1.4861912  1.03603828 1.01599606 4.89936088
 6.48897269 0.41083269 1.97431243 5.21312097]
DEBUG: Planck15 ages (Gyr): [2.06382046 1.90799995 4.31190728 5.71913028 5.79820128 1.20346989
 0.84169126 9.29415556 3.32548941 1.1136271 ]
DEBUG: cosmo_colibre ages (Gyr): [2.06570504 1.90992223 4.31219586 5.71732913 5.79625548 1.20543472
 0.84357568 9.28279641 3.32672557 1.11557993]
DEBUG: us.look_back_time -> ages (Gyr): [2.06570504 1.90992224 4.31219586 5.71732913 5.79625548 1.20543473
 0.84357568 9.28279641 3.32672557 1.11557993]
[26/100] subhalo 255768 done; total_formed=2.390e+01
Building SWIFTGalaxy for subhalo 1111911 (soap_index=32792375)
Read masses: Nstars=23412, sum_current=3.186559e+10 Msun
DEBUG: sample z (first valid): [0.73375661 4.41709373 2.60881057 0.4325435  0.84920993 6.45150654
 4.49475979 5.00806747 5.60978316 4.57326303]
DEBUG: Planck15 ages (Gyr): [7.12101683 1.36723638 2.50247018 9.1187269  6.52830868 0.84804771
 1.33844214 1.17102065 1.01501655 1.31034568]
DEBUG: cosmo_colibre ages (Gyr): [7.11620486 1.3692118  2.50419838 9.10797947 6.52488576 0.84993436
 1.3404167  1.17298168 1.01695054 1.31231899]
DEBUG: us.look_back_time -> ages (Gyr): [7.11620486 1.3692118  2.50419838 9.10797947 6.52488576 0.84993437
 1.3404167  1.17298168 1.01695055 1.31231899]
[27/100] subhalo 1111911 done; total_formed=5.310e+00
Building SWIFTGalaxy for subhalo 32986 (soap_index=32833351)
Read masses: Nstars=214608, sum_current=2.849520e+11 Msun
DEBUG: sample z (first valid): [0.63464033 0.47457475 0.37276917 0.37345964 3.57685593 0.45674402
 8.62349486 0.52423481 0.49489051 0.50865562]
DEBUG: Planck15 ages (Gyr): [7.69845499 8.79275933 9.61395179 9.60800757 1.75840063 8.92889627
 0.57762589 8.42950504 8.64138122 8.54101272]
DEBUG: cosmo_colibre ages (Gyr): [7.6921251  8.78311051 9.60144115 9.59551876 1.76035004 8.91879467
 0.57938099 8.42102152 8.63222562 8.53217815]
DEBUG: us.look_back_time -> ages (Gyr): [7.6921251  8.78311051 9.60144115 9.59551876 1.76035004 8.91879468
 0.579381   8.42102152 8.63222562 8.53217815]
[28/100] subhalo 32986 done; total_formed=4.757e+01
Building SWIFTGalaxy for subhalo 3540555 (soap_index=32833425)
Read masses: Nstars=63104, sum_current=8.182965e+10 Msun
DEBUG: sample z (first valid): [4.4832664  0.48204432 0.25924218 0.79295251 0.5731157  0.63057325
 2.24885981 5.9682084  0.89673536 1.61829804]
DEBUG: Planck15 ages (Gyr): [ 1.34263952  8.73664552 10.66933347  6.80720412  8.09346675  7.72365692
  2.92180676  0.93776923  6.30626124  4.00222336]
DEBUG: cosmo_colibre ages (Gyr): [ 1.34461423  8.72718079 10.65269925  6.80314891  8.08600516  7.71725708
  2.92331696  0.93968393  6.30331473  4.00285326]
DEBUG: us.look_back_time -> ages (Gyr): [ 1.34461423  8.7271808  10.65269925  6.80314891  8.08600516  7.71725708
  2.92331697  0.93968393  6.30331474  4.00285326]
[29/100] subhalo 3540555 done; total_formed=1.369e+01
Building SWIFTGalaxy for subhalo 114823 (soap_index=32886370)
Read masses: Nstars=296361, sum_current=3.803474e+11 Msun
DEBUG: sample z (first valid): [1.29692976 0.60501567 0.79826583 1.05842076 1.00673648 0.89585744
 1.01798251 0.95163788 0.57918072 0.87395631]
DEBUG: Planck15 ages (Gyr): [4.82788599 7.88492738 6.7800829  5.63281398 5.83531414 6.31025595
 5.7902878  6.06406386 8.05318193 6.4111998 ]
DEBUG: cosmo_colibre ages (Gyr): [4.82751288 7.87807267 6.77609083 5.63116735 5.83329942 6.30730109
 5.78835661 6.06160985 8.04583922 6.40803112]
DEBUG: us.look_back_time -> ages (Gyr): [4.82751288 7.87807267 6.77609083 5.63116735 5.83329942 6.30730109
 5.78835661 6.06160986 8.04583922 6.40803112]
[30/100] subhalo 114823 done; total_formed=6.332e+01
Building SWIFTGalaxy for subhalo 562982 (soap_index=32886392)
Read masses: Nstars=10904, sum_current=1.371313e+10 Msun
DEBUG: sample z (first valid): [2.55401302 3.64399093 2.76124885 3.82130508 7.9634138  3.8790947
 3.53536332 3.68616375 4.86924593 3.15284203]
DEBUG: Planck15 ages (Gyr): [2.559701   1.7206467  2.35386387 1.62712981 0.64268574 1.59845661
 1.78242536 1.69761129 1.21272406 2.03216545]
DEBUG: cosmo_colibre ages (Gyr): [2.5614034  1.72260151 2.35565326 1.62909543 0.64448028 1.6004248
 1.78437103 1.6995691  1.21468988 2.03405845]
DEBUG: us.look_back_time -> ages (Gyr): [2.5614034  1.72260151 2.35565326 1.62909544 0.64448028 1.6004248
 1.78437103 1.69956911 1.21468988 2.03405846]
[31/100] subhalo 562982 done; total_formed=2.312e+00
Building SWIFTGalaxy for subhalo 6561340 (soap_index=32886506)
Read masses: Nstars=11484, sum_current=1.551247e+10 Msun
DEBUG: sample z (first valid): [1.94120815 2.05159248 1.28014752 1.561601   2.2715655  1.96811594
 2.95414505 2.75263399 1.7327162  2.03379317]
DEBUG: Planck15 ages (Gyr): [3.38029473 3.20304515 4.87837318 4.13058994 2.89203821 3.33563723
 2.18565275 2.36187096 3.76201432 3.23058726]
DEBUG: cosmo_colibre ages (Gyr): [3.38148871 3.20437118 4.87792894 4.13108334 2.89356612 3.33686566
 2.18750126 2.36365727 3.76288099 3.2318936 ]
DEBUG: us.look_back_time -> ages (Gyr): [3.38148872 3.20437119 4.87792895 4.13108334 2.89356612 3.33686567
 2.18750127 2.36365727 3.76288099 3.2318936 ]
[32/100] subhalo 6561340 done; total_formed=2.585e+00
Building SWIFTGalaxy for subhalo 259110 (soap_index=32910049)
Read masses: Nstars=30176, sum_current=4.246925e+10 Msun
DEBUG: sample z (first valid): [0.32879157 0.32879157 1.87186678 2.39564767 1.72680369 4.58466127
 4.21202481 2.7543538  7.57183964 4.42786152]
DEBUG: Planck15 ages (Gyr): [10.00393399 10.00393399  3.4999786   2.73779615  3.77384892  1.30634758
  1.44841526  2.3602689   0.68727191  1.36318322]
DEBUG: cosmo_colibre ages (Gyr): [9.9899566  9.9899566  3.50107633 2.73941029 3.77470449 1.30832069
 1.45039096 2.36205582 0.6890903  1.36515854]
DEBUG: us.look_back_time -> ages (Gyr): [9.9899566  9.9899566  3.50107633 2.73941029 3.77470449 1.30832069
 1.45039096 2.36205583 0.6890903  1.36515855]
[33/100] subhalo 259110 done; total_formed=6.979e+00
Building SWIFTGalaxy for subhalo 565811 (soap_index=32961192)
Read masses: Nstars=31326, sum_current=4.243732e+10 Msun
DEBUG: sample z (first valid): [1.62774659 0.22387391 0.07260229 2.96227328 2.08637091 0.80659389
 4.31344252 0.141106   5.02020944 0.29425705]
DEBUG: Planck15 ages (Gyr): [ 3.98145782 11.03248447 12.80298345  2.17900266  3.15032424  6.73790777
  1.40729731 11.95465423  1.16748648 10.32656761]
DEBUG: cosmo_colibre ages (Gyr): [ 3.98210914 11.01432087 12.7766194   2.18085329  3.15168716  6.73401319
  1.40927327 11.93236768  1.16944706 10.3113259 ]
DEBUG: us.look_back_time -> ages (Gyr): [ 3.98210914 11.01432087 12.7766194   2.1808533   3.15168716  6.73401319
  1.40927327 11.93236768  1.16944706 10.31132591]
[34/100] subhalo 565811 done; total_formed=6.881e+00
Building SWIFTGalaxy for subhalo 3597756 (soap_index=33021201)
Read masses: Nstars=78271, sum_current=9.951545e+10 Msun
DEBUG: sample z (first valid): [7.43394891 2.40234659 4.44997921 3.96409635 7.47649227 1.58933228
 3.93903082 2.93043061 1.03401614 5.42446819]
DEBUG: Planck15 ages (Gyr): [0.7042107  2.72985462 1.35492002 1.55777603 0.69891119 4.06698615
 1.56959212 2.20524723 5.72703092 1.05920137]
DEBUG: cosmo_colibre ages (Gyr): [0.70603753 2.73147295 1.35689512 1.55974725 0.70073541 4.06754806
 1.57156254 2.20708941 5.72521545 1.06114456]
DEBUG: us.look_back_time -> ages (Gyr): [0.70603753 2.73147296 1.35689513 1.55974725 0.70073542 4.06754806
 1.57156254 2.20708941 5.72521545 1.06114457]
[35/100] subhalo 3597756 done; total_formed=1.674e+01
Building SWIFTGalaxy for subhalo 35569 (soap_index=33036874)
Read masses: Nstars=47266, sum_current=6.702647e+10 Msun
DEBUG: sample z (first valid): [0.28240451 1.39339712 2.39213251 4.98392988 0.69553969 2.18445092
 8.6143182  6.1694563  1.37225802 1.54409938]
DEBUG: Planck15 ages (Gyr): [10.44078599  4.55322092  2.74197854  1.17809937  7.33557245  3.00904038
  0.57845436  0.898576    4.61123187  4.17156194]
DEBUG: cosmo_colibre ages (Gyr): [10.42508584  4.55321472  2.74359046  1.18006128  7.33021544  3.01049676
  0.58021     0.90047923  4.61115098  4.17201029]
DEBUG: us.look_back_time -> ages (Gyr): [10.42508584  4.55321472  2.74359046  1.18006128  7.33021544  3.01049676
  0.58021     0.90047923  4.61115098  4.17201029]
[36/100] subhalo 35569 done; total_formed=1.104e+01
Building SWIFTGalaxy for subhalo 3538 (soap_index=33061627)
Read masses: Nstars=226644, sum_current=2.847506e+11 Msun
DEBUG: sample z (first valid): [2.16262909 7.31464095 5.10659709 3.38573245 2.75091575 3.74245604
 5.50352287 0.59207074 0.49420885 1.3824342 ]
DEBUG: Planck15 ages (Gyr): [3.03956627 0.71943453 1.14284459 1.87374398 2.36347335 1.66764963
 1.03996892 7.96856274 8.64639728 4.58315892]
DEBUG: cosmo_colibre ages (Gyr): [3.04100312 0.72126867 1.14480183 1.87567327 2.36525904 1.66961103
 1.04190827 7.96146716 8.63722551 4.58311436]
DEBUG: us.look_back_time -> ages (Gyr): [3.04100312 0.72126867 1.14480183 1.87567327 2.36525904 1.66961103
 1.04190828 7.96146717 8.63722551 4.58311436]
[37/100] subhalo 3538 done; total_formed=4.760e+01
Building SWIFTGalaxy for subhalo 35375 (soap_index=33085001)
Read masses: Nstars=33418, sum_current=4.331609e+10 Msun
DEBUG: sample z (first valid): [0.16272798 0.35820277 0.46783731 0.54580621 5.55622249 0.39272356
 0.34031414 4.6992782  6.03931257 0.15747086]
DEBUG: Planck15 ages (Gyr): [11.70343878  9.7406206   8.84383443  8.27867399  1.02746802  9.444318
  9.89954957  1.2672435   0.92360249 11.76382285]
DEBUG: cosmo_colibre ages (Gyr): [11.68230844  9.72764103  8.83401676  8.27065587  1.02940474  9.43242397
  9.88597144  1.26921412  0.92551318 11.74241679]
DEBUG: us.look_back_time -> ages (Gyr): [11.68230844  9.72764103  8.83401676  8.27065587  1.02940474  9.43242397
  9.88597144  1.26921412  0.92551318 11.74241679]
[38/100] subhalo 35375 done; total_formed=7.155e+00
Building SWIFTGalaxy for subhalo 4939248 (soap_index=33137147)
Read masses: Nstars=46827, sum_current=6.512567e+10 Msun
DEBUG: sample z (first valid): [0.37761709 0.32214332 0.60832433 2.52723358 3.25834958 2.9786304
 3.8348211  0.24773437 0.24773437 3.22840183]
DEBUG: Planck15 ages (Gyr): [ 9.57233007 10.06489309  7.86376357  2.58845714  1.95775508  2.16572089
  1.6203477  10.78557792 10.78557792  1.97841279]
DEBUG: cosmo_colibre ages (Gyr): [ 9.55997194 10.05068031  7.85696927  2.59014611  1.95966636  2.1675757
  1.62231396 10.76846013 10.76846013  1.98031921]
DEBUG: us.look_back_time -> ages (Gyr): [ 9.55997194 10.05068031  7.85696927  2.59014611  1.95966636  2.1675757
  1.62231397 10.76846013 10.76846013  1.98031921]
[39/100] subhalo 4939248 done; total_formed=1.072e+01
Building SWIFTGalaxy for subhalo 4961404 (soap_index=33164669)
Read masses: Nstars=12156, sum_current=1.718968e+10 Msun
DEBUG: sample z (first valid): [2.59811134 1.47923129 2.60246262 1.44154683 2.95414505 0.91290134
 1.5716528  1.37742146 1.46135356 1.37002748]
DEBUG: Planck15 ages (Gyr): [2.51347814 4.3292864  2.50899171 4.42537327 2.18565275 6.23340072
 4.10735097 4.59695319 4.37444791 4.61742205]
DEBUG: cosmo_colibre ages (Gyr): [2.51520148 4.32955459 2.51071704 4.42552642 2.18750126 6.23060535
 4.1078696  4.59689082 4.37466253 4.6173331 ]
DEBUG: us.look_back_time -> ages (Gyr): [2.51520148 4.32955459 2.51071704 4.42552642 2.18750127 6.23060535
 4.10786961 4.59689082 4.37466253 4.6173331 ]
[40/100] subhalo 4961404 done; total_formed=2.860e+00
Building SWIFTGalaxy for subhalo 123020 (soap_index=33211599)
Read masses: Nstars=18042, sum_current=2.402452e+10 Msun
DEBUG: sample z (first valid): [6.71283983 6.45150654 4.72216886 0.79649123 0.40442311 5.52944107
 1.03073872 1.83779337 1.6925226  1.29146853]
DEBUG: Planck15 ages (Gyr): [0.80530626 0.84804771 1.25966626 6.78912257 9.34689946 1.03378947
 5.73987256 3.56133943 3.84367212 4.84422349]
DEBUG: cosmo_colibre ages (Gyr): [0.80717719 0.84993436 1.26163631 6.7851095  9.33535362 1.03572753
 5.73803375 3.56238556 3.84446101 4.84382749]
DEBUG: us.look_back_time -> ages (Gyr): [0.8071772  0.84993437 1.26163632 6.7851095  9.33535362 1.03572754
 5.73803375 3.56238556 3.84446101 4.84382749]
[41/100] subhalo 123020 done; total_formed=4.037e+00
Building SWIFTGalaxy for subhalo 1158223 (soap_index=33253841)
Read masses: Nstars=26950, sum_current=3.605851e+10 Msun
DEBUG: sample z (first valid): [0.01587302 4.42786152 5.82098251 5.9682084  0.26302806 6.39100034
 1.49470879 5.39875024 2.1940735  0.51942873]
DEBUG: Planck15 ages (Gyr): [13.57113312  1.36318322  0.96827691  0.93776923 10.63148609  0.858483
  4.29079089  1.06558571  2.99573873  8.46367093]
DEBUG: cosmo_colibre ages (Gyr): [13.54086044  1.36515854  0.97019974  0.93968393 10.61500809  0.86037325
  4.29110405  1.06753013  2.99720351  8.45508047]
DEBUG: us.look_back_time -> ages (Gyr): [13.54086044  1.36515855  0.97019974  0.93968393 10.61500809  0.86037326
  4.29110405  1.06753013  2.99720351  8.45508047]
[42/100] subhalo 1158223 done; total_formed=5.990e+00
Building SWIFTGalaxy for subhalo 4962643 (soap_index=33305137)
Read masses: Nstars=30379, sum_current=4.357242e+10 Msun
DEBUG: sample z (first valid): [5.58322451 1.21002226 0.25663445 0.3410821  0.44568958 2.11157535
 1.2094262  1.64108971 3.99436062 1.68018976]
DEBUG: Planck15 ages (Gyr): [ 1.02115923  5.09872766 10.6955161   9.8926491   9.01487415  3.11299672
  5.10066816  3.95242834  1.54370443  3.86930484]
DEBUG: cosmo_colibre ages (Gyr): [ 1.02309458  5.09795942 10.67877345  9.87909719  9.00448213  3.11438508
  5.09989697  3.9531093   1.54567653  3.87006873]
DEBUG: us.look_back_time -> ages (Gyr): [ 1.02309458  5.09795943 10.67877345  9.87909719  9.00448213  3.11438508
  5.09989697  3.95310931  1.54567653  3.87006874]
[43/100] subhalo 4962643 done; total_formed=7.149e+00
Building SWIFTGalaxy for subhalo 590816 (soap_index=33311832)
Read masses: Nstars=35000, sum_current=4.463515e+10 Msun
DEBUG: sample z (first valid): [4.56191123 0.0440989  0.01846211 0.49954238 0.38671181 0.5627623
 0.49189583 0.09569986 0.32406659 0.43029245]
DEBUG: Planck15 ages (Gyr): [ 1.3143477  13.18108073 13.53468543  8.60726593  9.49495829  8.16294059
  8.66345013 12.5077033  10.04720269  9.13668747]
DEBUG: cosmo_colibre ages (Gyr): [ 1.31632122 13.1528174  13.50460261  8.59821998  9.48288156  8.15527217
  8.65422329 12.48278803 10.03305839  9.12587807]
DEBUG: us.look_back_time -> ages (Gyr): [ 1.31632122 13.1528174  13.50460261  8.59821998  9.48288156  8.15527217
  8.6542233  12.48278803 10.03305839  9.12587807]
[44/100] subhalo 590816 done; total_formed=7.485e+00
Building SWIFTGalaxy for subhalo 270188 (soap_index=33332523)
Read masses: Nstars=46659, sum_current=6.467827e+10 Msun
DEBUG: sample z (first valid): [0.52636482 0.23643499 2.05614624 0.94261323 4.72216886 0.76665948
 5.58322451 3.00464406 4.12280153 4.23325082]
DEBUG: Planck15 ages (Gyr): [ 8.41442907 10.90150135  3.19606035  6.10286764  1.25966626  6.9439086
  1.02115923  2.14487148  1.48626392  1.43964604]
DEBUG: cosmo_colibre ages (Gyr): [ 8.40599255 10.88389569  3.19739134  6.10033663  1.26163631  6.93952963
  1.02309458  2.1467327   1.48823868  1.44162186]
DEBUG: us.look_back_time -> ages (Gyr): [ 8.40599256 10.88389569  3.19739134  6.10033663  1.26163632  6.93952963
  1.02309458  2.1467327   1.48823869  1.44162186]
[45/100] subhalo 270188 done; total_formed=1.061e+01
Building SWIFTGalaxy for subhalo 1195201 (soap_index=33396008)
Read masses: Nstars=50591, sum_current=6.873390e+10 Msun
DEBUG: sample z (first valid): [5.85594727 3.50295451 0.78650093 1.05005005 0.4783001  0.08625605
 7.1971232  3.7410837  0.48284913 0.77124324]
DEBUG: Planck15 ages (Gyr): [ 0.96088375  1.80157082  6.84036107  5.66485333  8.76470645 12.62726054
  0.73497236  1.66836962  8.73063144  6.91977363]
DEBUG: cosmo_colibre ages (Gyr): [ 0.96280467  1.80351332  6.83622816  5.66314975  8.75514984 12.60176238
  0.73681371  1.67033094  8.72118635  6.91545247]
DEBUG: us.look_back_time -> ages (Gyr): [ 0.96280467  1.80351333  6.83622816  5.66314976  8.75514985 12.60176238
  0.73681372  1.67033094  8.72118635  6.91545247]
[46/100] subhalo 1195201 done; total_formed=1.137e+01
Building SWIFTGalaxy for subhalo 40363 (soap_index=33430637)
Read masses: Nstars=13635, sum_current=1.931259e+10 Msun
DEBUG: sample z (first valid): [3.50295451 4.42786152 1.91582132 1.57104747 1.4861912  4.15260634
 4.22240816 1.32975471 1.82555833 2.08491809]
DEBUG: Planck15 ages (Gyr): [1.80157082 1.36318322 3.42332841 4.10874448 4.31190728 1.47344004
 1.4441145  4.73151701 3.5838008  3.15249813]
DEBUG: cosmo_colibre ages (Gyr): [1.80351332 1.36515854 3.42448845 4.1092616  4.31219586 1.4754152
 1.44609026 4.73127647 3.58482767 3.15385955]
DEBUG: us.look_back_time -> ages (Gyr): [1.80351333 1.36515855 3.42448845 4.1092616  4.31219586 1.4754152
 1.44609026 4.73127648 3.58482767 3.15385955]
[47/100] subhalo 40363 done; total_formed=3.214e+00
Building SWIFTGalaxy for subhalo 606917 (soap_index=33486500)
Read masses: Nstars=33595, sum_current=4.329985e+10 Msun
DEBUG: sample z (first valid): [4.34072203 0.80559841 7.83710895 5.80045657 1.44866238 8.09211987
 1.33456825 0.73027775 0.45158147 5.78637258]
DEBUG: Planck15 ages (Gyr): [1.39656682 6.74292774 0.65652924 0.97266118 4.40696921 0.62907121
 4.71764386 7.14014739 8.96889687 0.97568859]
DEBUG: cosmo_colibre ages (Gyr): [1.39854271 6.7390216  0.65833144 0.97458512 4.4071447  0.63085797
 4.71742207 7.13528774 8.95866058 0.97761329]
DEBUG: us.look_back_time -> ages (Gyr): [1.39854271 6.7390216  0.65833144 0.97458513 4.4071447  0.63085797
 4.71742207 7.13528774 8.95866058 0.97761329]
[48/100] subhalo 606917 done; total_formed=7.288e+00
Building SWIFTGalaxy for subhalo 130423 (soap_index=33594745)
Read masses: Nstars=30999, sum_current=4.582331e+10 Msun
DEBUG: sample z (first valid): [0.03512762 4.52813159 3.54889984 2.18197708 0.28633116 3.49399986
 3.40815228 0.13188256 5.98231408 5.92549931]
DEBUG: Planck15 ages (Gyr): [13.30333042  1.32637732  1.77452815  3.01247569 10.40274438  1.80692082
  1.85957413 12.06415183  0.93493024  0.94645306]
DEBUG: cosmo_colibre ages (Gyr): [13.27444269  1.32835139  1.77647507  3.01392989 10.38719755  1.80886242
  1.86150618 12.04135381  0.93684414  0.94837014]
DEBUG: us.look_back_time -> ages (Gyr): [13.27444269  1.32835139  1.77647507  3.01392989 10.38719755  1.80886243
  1.86150618 12.04135381  0.93684415  0.94837015]
[49/100] subhalo 130423 done; total_formed=7.481e+00
Building SWIFTGalaxy for subhalo 29205 (soap_index=33722528)
Read masses: Nstars=71354, sum_current=8.968067e+10 Msun
DEBUG: sample z (first valid): [4.05055487 3.42034264 2.67684022 2.12343914 2.63927143 3.65487606
 2.16262909 3.13972585 2.82000466 3.78330049]
DEBUG: Planck15 ages (Gyr): [1.51812861 1.85194375 2.43429566 3.09567614 2.47156088 1.71465175
 3.03956627 2.04174207 2.30042574 1.64645404]
DEBUG: cosmo_colibre ages (Gyr): [1.52010208 1.85387725 2.43605297 3.09707613 2.4733025  1.71660736
 3.04100312 2.04363256 2.30223508 1.64841773]
DEBUG: us.look_back_time -> ages (Gyr): [1.52010208 1.85387726 2.43605298 3.09707613 2.4733025  1.71660736
 3.04100312 2.04363257 2.30223509 1.64841773]
[50/100] subhalo 29205 done; total_formed=1.512e+01
Building SWIFTGalaxy for subhalo 107936 (soap_index=33722541)
Read masses: Nstars=2272409, sum_current=2.788749e+12 Msun
DEBUG: sample z (first valid): [0.920075   1.08143302 0.88148829 0.86202978 0.90356686 0.86287663
 0.87524322 1.33573312 1.84864818 0.17608212]
DEBUG: Planck15 ages (Gyr): [ 6.20148838  5.54619008  6.37620277  6.46722974  6.2753104   6.46322622
  6.4051991   4.71429635  3.54160288 11.55202293]
DEBUG: cosmo_colibre ages (Gyr): [ 6.1987584   5.54469498  6.37310878  6.46394025  6.27242841  6.45994541
  6.40204327  4.71407907  3.54266578 11.5315777 ]
DEBUG: us.look_back_time -> ages (Gyr): [ 6.1987584   5.54469498  6.37310878  6.46394025  6.27242841  6.45994541
  6.40204327  4.71407907  3.54266578 11.5315777 ]
[51/100] subhalo 107936 done; total_formed=4.650e+02
Building SWIFTGalaxy for subhalo 245505 (soap_index=33722574)
Read masses: Nstars=171335, sum_current=2.112476e+11 Msun
DEBUG: sample z (first valid): [3.77632826 5.23974103 2.39564767 5.13747893 3.65058189 2.35944228
 3.53976171 4.8813605  4.59037789 6.19306333]
DEBUG: Planck15 ages (Gyr): [1.65004049 1.10651904 2.73779615 1.13424442 1.71701261 2.78138142
 1.77985297 1.20898716 1.30435001 0.89415703]
DEBUG: cosmo_colibre ages (Gyr): [1.65200381 1.10847071 2.73941029 1.13620041 1.71896791 2.78297212
 1.78179905 1.21095259 1.30632301 0.8960589 ]
DEBUG: us.look_back_time -> ages (Gyr): [1.65200381 1.10847071 2.73941029 1.13620042 1.71896791 2.78297212
 1.78179905 1.21095259 1.30632301 0.8960589 ]
[52/100] subhalo 245505 done; total_formed=3.570e+01
Building SWIFTGalaxy for subhalo 524326 (soap_index=33722607)
Read masses: Nstars=11605, sum_current=1.732150e+10 Msun
DEBUG: sample z (first valid): [4.00810026 1.72159468 3.13502429 3.8798213  3.69354723 2.07276819
 2.21570167 2.54095526 3.76209853 3.06929525]
DEBUG: Planck15 ages (Gyr): [1.53738545 3.78432549 2.04519303 1.59810143 1.69363082 3.17077473
 2.9661902  2.57365663 1.65740041 2.09446534]
DEBUG: cosmo_colibre ages (Gyr): [1.53935792 3.78517118 2.0470826  1.60006966 1.69558914 3.17212347
 2.96767339 2.57535255 1.65936294 2.09634138]
DEBUG: us.look_back_time -> ages (Gyr): [1.53935792 3.78517118 2.04708261 1.60006966 1.69558914 3.17212347
 2.96767339 2.57535255 1.65936294 2.09634139]
[53/100] subhalo 524326 done; total_formed=2.915e+00
Building SWIFTGalaxy for subhalo 620454 (soap_index=33722641)
Read masses: Nstars=12750, sum_current=1.676824e+10 Msun
DEBUG: sample z (first valid): [2.85143394 2.03491711 1.21106613 2.20657599 2.30555836 1.25070403
 6.4362873  2.90234608 1.22382083 5.23202739]
DEBUG: Planck15 ages (Gyr): [2.27265639 3.22883669 5.0953321  2.97859931 2.84839116 4.96900978
 0.8506526  2.22883004 5.05413154 1.10857096]
DEBUG: cosmo_colibre ages (Gyr): [2.27447567 3.23014429 5.09456902 2.9800748  2.84994439 4.96843496
 0.85254016 2.23066441 5.05343067 1.11052296]
DEBUG: us.look_back_time -> ages (Gyr): [2.27447568 3.23014429 5.09456902 2.98007481 2.84994439 4.96843496
 0.85254016 2.23066442 5.05343067 1.11052297]
[54/100] subhalo 620454 done; total_formed=2.813e+00
Building SWIFTGalaxy for subhalo 1074167 (soap_index=33722703)
Read masses: Nstars=48404, sum_current=6.351352e+10 Msun
DEBUG: sample z (first valid): [ 3.67479849  1.84148456  1.89597879  1.9171192   3.8348211  10.26435201
  1.95766766  2.2886391   2.18630883  3.07435499]
DEBUG: Planck15 ages (Gyr): [1.70376868 3.55460795 3.45758893 3.42110674 1.6203477  0.4559236
 3.35286285 2.86997959 3.0064646  2.09060308]
DEBUG: cosmo_colibre ages (Gyr): [1.70572572 3.55565982 3.45872142 3.42226855 1.62231396 0.45758669
 3.35407809 2.87152039 3.00792261 2.09248021]
DEBUG: us.look_back_time -> ages (Gyr): [1.70572572 3.55565982 3.45872142 3.42226856 1.62231397 0.45758669
 3.3540781  2.87152039 3.00792261 2.09248022]
[55/100] subhalo 1074167 done; total_formed=1.071e+01
Building SWIFTGalaxy for subhalo 2088407 (soap_index=33722871)
Read masses: Nstars=24939, sum_current=3.330014e+10 Msun
DEBUG: sample z (first valid): [2.04875326 2.11631003 2.21254902 1.68458135 2.43912678 3.2605643
 4.28644027 2.75048644 1.78852864 2.57027675]
DEBUG: Planck15 ages (Gyr): [3.20741271 3.10606534 2.97046759 3.86014563 2.68691799 1.95624155
 1.41805407 2.363874   3.65320307 2.54249218]
DEBUG: cosmo_colibre ages (Gyr): [3.20873564 3.10745837 2.97194813 3.86091849 2.68855858 1.95815318
 1.42003004 2.36565953 3.6541691  2.54420247]
DEBUG: us.look_back_time -> ages (Gyr): [3.20873565 3.10745838 2.97194813 3.86091849 2.68855858 1.95815318
 1.42003004 2.36565953 3.6541691  2.54420247]
[56/100] subhalo 2088407 done; total_formed=5.594e+00
Building SWIFTGalaxy for subhalo 3747956 (soap_index=33723027)
Read masses: Nstars=38002, sum_current=4.931648e+10 Msun
DEBUG: sample z (first valid): [1.98487885 2.23730488 2.35462735 2.09161242 1.71348129 3.7627907
 1.77553786 2.01065785 1.23886308 1.90857447]
DEBUG: Planck15 ages (Gyr): [3.3083008  2.93714926 2.78726355 3.14250158 3.80073768 1.65704115
 3.67806955 3.26696837 5.00621899 3.43577662]
DEBUG: cosmo_colibre ages (Gyr): [3.30954993 2.93865021 2.78885103 3.14386987 3.8015678  1.65900372
 3.6790133  3.26824823 5.00558947 3.43692671]
DEBUG: us.look_back_time -> ages (Gyr): [3.30954993 2.93865021 2.78885103 3.14386987 3.80156781 1.65900372
 3.6790133  3.26824823 5.00558947 3.43692671]
[57/100] subhalo 3747956 done; total_formed=8.307e+00
Building SWIFTGalaxy for subhalo 1252462 (soap_index=33790972)
Read masses: Nstars=17195, sum_current=2.304057e+10 Msun
DEBUG: sample z (first valid): [0.65127998 6.5268175  5.85594727 6.95146809 0.52409302 2.02148456
 1.0108002  3.88418542 3.8103347  6.99219512]
DEBUG: Planck15 ages (Gyr): [7.5966359  0.83535055 0.96088375 0.76931429 8.43051004 3.24986018
 5.81898076 1.59597092 1.63266921 0.76343837]
DEBUG: cosmo_colibre ages (Gyr): [7.59058545 0.8372327  0.96280467 0.77117069 8.42202338 3.25115255
 5.81699645 1.59793931 1.63463429 0.76529228]
DEBUG: us.look_back_time -> ages (Gyr): [7.59058545 0.83723271 0.96280467 0.7711707  8.42202339 3.25115255
 5.81699645 1.59793932 1.6346343  0.76529228]
[58/100] subhalo 1252462 done; total_formed=3.839e+00
Building SWIFTGalaxy for subhalo 611188 (soap_index=33843931)
Read masses: Nstars=95357, sum_current=1.273546e+11 Msun
DEBUG: sample z (first valid): [0.25519038 0.70595585 0.23141676 0.18296029 0.00152821 0.18595729
 0.23012238 0.69958506 0.50408519 0.13071084]
DEBUG: Planck15 ages (Gyr): [10.7100551   7.27612359 10.95356031 11.47512322 13.7755816  11.44184446
 10.96704616  7.31239612  8.57414408 12.07816386]
DEBUG: cosmo_colibre ages (Gyr): [10.69325213  7.27091984 10.93573374 11.4550225  13.74423613 11.4218921
 10.94916219  7.30709907  8.56520406 12.05530007]
DEBUG: us.look_back_time -> ages (Gyr): [10.69325213  7.27091985 10.93573374 11.45502251 13.74423613 11.4218921
 10.94916219  7.30709907  8.56520406 12.05530008]
[59/100] subhalo 611188 done; total_formed=2.121e+01
Building SWIFTGalaxy for subhalo 244000 (soap_index=33905884)
Read masses: Nstars=25474, sum_current=3.205139e+10 Msun
DEBUG: sample z (first valid): [3.03546798 4.57326303 0.6783446  0.04250445 0.40937634 0.664026
 6.57291426 0.33019404 0.47457475 0.51942873]
DEBUG: Planck15 ages (Gyr): [ 2.1205923   1.31034568  7.43534773 13.20269239  9.30610109  7.52002064
  0.82773384  9.99114318  8.79275933  8.46367093]
DEBUG: cosmo_colibre ages (Gyr): [ 2.12246078  1.31231899  7.42972961 13.17431903  9.29469977  7.51417713
  0.82961322  9.97721498  8.78311051  8.45508047]
DEBUG: us.look_back_time -> ages (Gyr): [ 2.12246078  1.31231899  7.42972961 13.17431903  9.29469977  7.51417714
  0.82961322  9.97721498  8.78311051  8.45508047]
[60/100] subhalo 244000 done; total_formed=5.389e+00
Building SWIFTGalaxy for subhalo 29587 (soap_index=33914110)
Read masses: Nstars=22415, sum_current=3.001122e+10 Msun
DEBUG: sample z (first valid): [0.67576966 2.39811262 0.12814157 5.4503937  0.15388408 0.09959732
 0.10545847 0.10545847 1.35233309 0.16099773]
DEBUG: Planck15 ages (Gyr): [ 7.45046708  2.73486956 12.10896935  1.05282954 11.8052759  12.45882772
 12.38583322 12.38583322  4.66700276 11.72326386]
DEBUG: cosmo_colibre ages (Gyr): [ 7.44480897  2.73648525 12.0859607   1.05477149 11.78367976 12.43414928
 12.36150685 12.36150685  4.66684866 11.70204315]
DEBUG: us.look_back_time -> ages (Gyr): [ 7.44480898  2.73648525 12.0859607   1.05477149 11.78367976 12.43414928
 12.36150685 12.36150685  4.66684866 11.70204315]
[61/100] subhalo 29587 done; total_formed=5.022e+00
Building SWIFTGalaxy for subhalo 2121041 (soap_index=34016316)
Read masses: Nstars=45341, sum_current=5.935844e+10 Msun
DEBUG: sample z (first valid): [3.50295451 0.59968756 1.08779866 0.78747545 3.86930678 0.75680892
 0.81098707 0.95210294 6.42113011 4.76292649]
DEBUG: Planck15 ages (Gyr): [1.80157082 7.91919013 5.52259893 6.83533668 1.6032539  6.99621527
 6.71582282 6.06207466 0.85326012 1.24635947]
DEBUG: cosmo_colibre ages (Gyr): [1.80351332 7.91223715 5.52114448 6.83121558 1.60522168 6.99171001
 6.71197894 6.05962458 0.85514858 1.24832844]
DEBUG: us.look_back_time -> ages (Gyr): [1.80351333 7.91223715 5.52114448 6.83121558 1.60522169 6.99171001
 6.71197895 6.05962458 0.85514858 1.24832844]
[62/100] subhalo 2121041 done; total_formed=9.922e+00
Building SWIFTGalaxy for subhalo 43240634 (soap_index=34053662)
Read masses: Nstars=21251, sum_current=3.019931e+10 Msun
DEBUG: sample z (first valid): [5.54313099 2.96227328 2.68303923 4.80426889 2.51474847 1.86884959
 0.16686846 5.04464121 2.8240168  3.728086  ]
DEBUG: Planck15 ages (Gyr): [ 1.03055007  2.17900266  2.42823563  1.23309842  2.60204585  3.50534245
 11.65619098  1.16042854  2.29684975  1.67521442]
DEBUG: cosmo_colibre ages (Gyr): [ 1.03248745  2.18085329  2.42999545  1.23506621  2.60372836  3.50643572
 11.63527537  1.1623882   2.29866039  1.67717494]
DEBUG: us.look_back_time -> ages (Gyr): [ 1.03248745  2.1808533   2.42999545  1.23506622  2.60372836  3.50643573
 11.63527537  1.16238821  2.29866039  1.67717494]
[63/100] subhalo 43240634 done; total_formed=4.978e+00
Building SWIFTGalaxy for subhalo 112582 (soap_index=34075236)
Read masses: Nstars=39176, sum_current=5.195553e+10 Msun
DEBUG: sample z (first valid): [0.19078421 3.40370918 6.70467905 2.27712771 1.04378469 8.07323827
 0.71938294 4.49475979 0.61259843 0.76172043]
DEBUG: Planck15 ages (Gyr): [11.38853548  1.86236816  0.80658643  2.88482155  5.68902257  0.63103835
  7.20057141  1.33844214  7.83655142  6.97005957]
DEBUG: cosmo_colibre ages (Gyr): [11.36881988  1.86429967  0.80845786  2.88635369  5.68727571  0.63282625
  7.19555997  1.3404167   7.82983447  6.96561762]
DEBUG: us.look_back_time -> ages (Gyr): [11.36881988  1.86429968  0.80845786  2.88635369  5.68727572  0.63282625
  7.19555997  1.3404167   7.82983447  6.96561762]
[64/100] subhalo 112582 done; total_formed=8.669e+00
Building SWIFTGalaxy for subhalo 112205 (soap_index=34080289)
Read masses: Nstars=24663, sum_current=3.386841e+10 Msun
DEBUG: sample z (first valid): [0.61164667 0.61561976 5.20664836 0.32075776 0.39950457 1.00268916
 2.97428745 3.95921302 1.23702895 2.57807382]
DEBUG: Planck15 ages (Gyr): [ 7.84259871  7.81740118  1.11536688 10.07766569  9.38767349  5.8516533
  2.16923426  1.56006649  5.01202228  2.53430939]
DEBUG: cosmo_colibre ages (Gyr): [ 7.8358646   7.81073846  1.11731998 10.06340339  9.37598244  5.84960803
  2.17108797  1.56203756  5.01138417  2.53602339]
DEBUG: us.look_back_time -> ages (Gyr): [ 7.8358646   7.81073846  1.11731998 10.06340339  9.37598244  5.84960804
  2.17108797  1.56203756  5.01138417  2.5360234 ]
[65/100] subhalo 112205 done; total_formed=5.586e+00
Building SWIFTGalaxy for subhalo 254261 (soap_index=34165257)
Read masses: Nstars=25774, sum_current=3.675107e+10 Msun
DEBUG: sample z (first valid): [1.1315293  0.76665948 1.28970722 5.94678821 0.67886054 2.0817267
 2.30389191 8.02761898 1.048      0.51213659]
DEBUG: Planck15 ages (Gyr): [5.3647323  6.9439086  4.84951136 0.94210787 7.43232391 3.15728212
 2.85050565 0.63583354 5.67274378 8.51590706]
DEBUG: cosmo_colibre ages (Gyr): [5.3635432  6.93952963 4.84910793 0.94402377 7.42671377 3.15864023
 2.85205767 0.63762419 5.6710261  8.50715204]
DEBUG: us.look_back_time -> ages (Gyr): [5.3635432  6.93952963 4.84910793 0.94402377 7.42671378 3.15864023
 2.85205767 0.6376242  5.67102611 8.50715204]
[66/100] subhalo 254261 done; total_formed=6.076e+00
Building SWIFTGalaxy for subhalo 3515247 (soap_index=34165304)
Read masses: Nstars=4130, sum_current=5.730560e+09 Msun
DEBUG: sample z (first valid): [0.77951559 1.84716309 1.7617362  0.78728046 2.51324113 1.55282019
 1.35656239 1.55202492 1.29146853 1.48656852]
DEBUG: Planck15 ages (Gyr): [6.87654283 3.5442926  3.70479068 6.83634154 2.60369437 4.15106461
 4.65507476 4.15292707 4.84422349 4.3109683 ]
DEBUG: cosmo_colibre ages (Gyr): [6.87232454 3.54535322 3.70571021 6.83221808 2.60537609 4.15153559
 4.65493642 4.153396   4.84382749 4.31125797]
DEBUG: us.look_back_time -> ages (Gyr): [6.87232454 3.54535322 3.70571021 6.83221808 2.60537609 4.15153559
 4.65493643 4.153396   4.84382749 4.31125797]
[67/100] subhalo 3515247 done; total_formed=9.519e-01
Building SWIFTGalaxy for subhalo 32533 (soap_index=34211035)
Read masses: Nstars=88093, sum_current=1.109447e+11 Msun
DEBUG: sample z (first valid): [4.93515667 0.87481405 7.58081833 0.52013361 0.53609601 0.39473908
 0.68872397 0.76933045 0.84276234 0.83471445]
DEBUG: Planck15 ages (Gyr): [1.19262156 6.40719928 0.68619248 8.45864709 8.34606424 9.42742911
 7.37487497 6.92982934 6.55936644 6.59845526]
DEBUG: cosmo_colibre ages (Gyr): [1.19458519 6.40403917 0.68801031 8.45007239 8.33783953 9.41559576
 7.36941568 6.92548413 6.55587498 6.59487687]
DEBUG: us.look_back_time -> ages (Gyr): [1.1945852  6.40403917 0.68801031 8.4500724  8.33783953 9.41559576
 7.36941569 6.92548414 6.55587498 6.59487687]
[68/100] subhalo 32533 done; total_formed=1.866e+01
Building SWIFTGalaxy for subhalo 249100 (soap_index=34227823)
Read masses: Nstars=25587, sum_current=3.555361e+10 Msun
DEBUG: sample z (first valid): [2.14653351 2.22424481 0.45817017 2.38197956 6.36111423 5.20664836
 1.87918461 2.05159248 0.78923228 3.40370918]
DEBUG: Planck15 ages (Gyr): [3.06240806 2.95464977 8.91789286 2.75411772 0.86371635 1.11536688
 3.48702461 3.20304515 6.82629333 1.86236816]
DEBUG: cosmo_colibre ages (Gyr): [3.06383005 2.95614006 8.90782818 2.75572316 0.86560837 1.11731998
 3.48813303 3.20437118 6.82219345 1.86429967]
DEBUG: us.look_back_time -> ages (Gyr): [3.06383005 2.95614006 8.90782818 2.75572317 0.86560837 1.11731998
 3.48813304 3.20437119 6.82219345 1.86429968]
[69/100] subhalo 249100 done; total_formed=5.927e+00
Building SWIFTGalaxy for subhalo 6534093 (soap_index=34227876)
Read masses: Nstars=20904, sum_current=2.820584e+10 Msun
DEBUG: sample z (first valid): [0.21768859 1.11665913 0.16928347 3.795551   0.89981447 2.02455234
 2.35806518 1.40058608 1.43882108 1.52080929]
DEBUG: Planck15 ages (Gyr): [11.09781511  5.41760379 11.62875815  1.64018367  6.29228163  3.2450391
  2.78306167  4.53375888  4.43245605  4.22711008]
DEBUG: cosmo_colibre ages (Gyr): [11.07937059  5.41632712 11.60796683  1.64214801  6.28936432  3.24633497
  2.78465145  4.53377739  4.43260055  4.2274962 ]
DEBUG: us.look_back_time -> ages (Gyr): [11.07937059  5.41632713 11.60796683  1.64214801  6.28936432  3.24633498
  2.78465145  4.5337774   4.43260055  4.22749621]
[70/100] subhalo 6534093 done; total_formed=4.670e+00
Building SWIFTGalaxy for subhalo 554239 (soap_index=34277885)
Read masses: Nstars=25856, sum_current=3.281816e+10 Msun
DEBUG: sample z (first valid): [ 2.41974536  0.71201672  2.35875359  4.09690465  2.0739212   4.05679012
 10.39063179  6.37602701  1.37277335  1.61578989]
DEBUG: Planck15 ages (Gyr): [2.70940422 7.24187048 2.78222151 1.49755732 3.16903288 1.51533405
 0.44834591 0.86109837 4.60980361 4.00776507]
DEBUG: cosmo_colibre ages (Gyr): [2.71103324 7.23675426 2.78381175 1.49953168 3.17038283 1.51730765
 0.45000233 0.86298951 4.60972457 4.00838922]
DEBUG: us.look_back_time -> ages (Gyr): [2.71103324 7.23675426 2.78381175 1.49953168 3.17038283 1.51730765
 0.45000233 0.86298951 4.60972457 4.00838922]
[71/100] subhalo 554239 done; total_formed=5.525e+00
Building SWIFTGalaxy for subhalo 115595 (soap_index=34294629)
Read masses: Nstars=178282, sum_current=2.308088e+11 Msun
DEBUG: sample z (first valid): [0.98762586 4.56191123 6.30124777 1.21840092 2.57612136 5.13116288
 4.89936088 1.73248833 1.23260884 1.13444502]
DEBUG: Planck15 ages (Gyr): [5.91309958 1.3143477  0.87436042 5.0715741  2.53635437 1.13599459
 1.20346989 3.76246933 5.0260518  5.3544611 ]
DEBUG: cosmo_colibre ages (Gyr): [5.91093829 1.31632122 0.87625597 5.07084698 2.53806745 1.13795085
 1.20543472 3.76333558 5.02539287 5.35328886]
DEBUG: us.look_back_time -> ages (Gyr): [5.9109383  1.31632122 0.87625597 5.07084699 2.53806745 1.13795085
 1.20543473 3.76333558 5.02539287 5.35328886]
[72/100] subhalo 115595 done; total_formed=3.835e+01
Building SWIFTGalaxy for subhalo 554036 (soap_index=34294641)
Read masses: Nstars=23042, sum_current=3.144477e+10 Msun
DEBUG: sample z (first valid): [0.76172043 1.6237489  5.5964771  3.67080037 1.76383266 3.8103347
 1.21900183 3.94387447 0.85402286 1.03755752]
DEBUG: Planck15 ages (Gyr): [6.97005957 3.99022243 1.01808638 1.70594355 3.7007115  1.63266921
 5.06963552 1.56729723 6.50527341 5.71320576]
DEBUG: cosmo_colibre ages (Gyr): [6.96561762 3.99086474 1.02002105 1.70790031 3.70163474 1.63463429
 5.06891133 1.56926781 6.50190102 5.71141533]
DEBUG: us.look_back_time -> ages (Gyr): [6.96561762 3.99086474 1.02002106 1.70790031 3.70163475 1.6346343
 5.06891133 1.56926781 6.50190103 5.71141533]
[73/100] subhalo 554036 done; total_formed=5.267e+00
Building SWIFTGalaxy for subhalo 1119967 (soap_index=34314764)
Read masses: Nstars=53382, sum_current=7.590215e+10 Msun
DEBUG: sample z (first valid): [0.69888013 2.84555803 3.87401458 6.05370789 5.7181958  0.77874281
 0.82959241 2.16905222 0.87868364 0.15185602]
DEBUG: Planck15 ages (Gyr): [ 7.31642667  2.27780593  1.60094352  0.92077763  0.99056727  6.88056368
  6.62352136  3.0305287   6.38919968 11.82880653]
DEBUG: cosmo_colibre ages (Gyr): [ 7.31111921  2.27962339  1.60291151  0.9226875   0.99249561  6.87633586
  6.61988683  3.03197136  6.38607802 11.8071022 ]
DEBUG: us.look_back_time -> ages (Gyr): [ 7.31111921  2.27962339  1.60291151  0.9226875   0.99249561  6.87633586
  6.61988683  3.03197136  6.38607802 11.8071022 ]
[74/100] subhalo 1119967 done; total_formed=1.255e+01
Building SWIFTGalaxy for subhalo 114346 (soap_index=34372355)
Read masses: Nstars=18912, sum_current=2.494796e+10 Msun
DEBUG: sample z (first valid): [0.73119189 0.68524995 0.71974389 1.29114809 1.17323252 1.97296316
 4.31904878 0.80759047 2.66819657 3.63282907]
DEBUG: Planck15 ages (Gyr): [7.13511285 7.39503165 7.19855701 4.84518484 5.22073543 3.32769477
 1.40508093 6.73288805 2.44278718 1.72683018]
DEBUG: cosmo_colibre ages (Gyr): [7.13026576 7.38951962 7.19355065 4.84478749 5.21977822 3.32892925
 1.40705687 6.72900501 2.44454096 1.72878415]
DEBUG: us.look_back_time -> ages (Gyr): [7.13026576 7.38951962 7.19355066 4.84478749 5.21977822 3.32892925
 1.40705688 6.72900501 2.44454096 1.72878415]
[75/100] subhalo 114346 done; total_formed=4.170e+00
Building SWIFTGalaxy for subhalo 3345 (soap_index=34407428)
Read masses: Nstars=26068, sum_current=3.551112e+10 Msun
DEBUG: sample z (first valid): [0.6631814  0.60266067 0.52565416 0.46207389 1.00981354 0.85402286
 0.28371073 0.20178977 0.32481604 0.1480625 ]
DEBUG: Planck15 ages (Gyr): [ 7.52506098  7.9000437   8.41945458  8.88787654  5.82293983  6.50527341
 10.42810894 11.26830963 10.04032145 11.87300032]
DEBUG: cosmo_colibre ages (Gyr): [ 7.51920395  7.89314569  8.41100241  8.87791229  5.82094817  6.50190102
 10.41245996 11.24912381 10.02620375 11.85109223]
DEBUG: us.look_back_time -> ages (Gyr): [ 7.51920395  7.8931457   8.41100241  8.87791229  5.82094817  6.50190103
 10.41245996 11.24912381 10.02620375 11.85109223]
[76/100] subhalo 3345 done; total_formed=5.928e+00
Building SWIFTGalaxy for subhalo 260038 (soap_index=34407430)
Read masses: Nstars=127633, sum_current=1.650588e+11 Msun
DEBUG: sample z (first valid): [0.44416042 5.20664836 3.37139808 1.55142879 4.82179977 1.59056052
 0.74799957 1.92180116 0.3193751  6.37602701]
DEBUG: Planck15 ages (Gyr): [ 9.02686403  1.11536688  1.88289748  4.15432404  1.22754573  4.06420572
  7.04350812  3.41311182 10.09043511  0.86109837]
DEBUG: cosmo_colibre ages (Gyr): [ 9.01643123  1.11731998  1.88482494  4.15479143  1.22951301  4.06477058
  7.03888753  3.41427998 10.07612322  0.86298951]
DEBUG: us.look_back_time -> ages (Gyr): [ 9.01643123  1.11731998  1.88482494  4.15479143  1.22951301  4.06477058
  7.03888753  3.41427999 10.07612322  0.86298951]
[77/100] subhalo 260038 done; total_formed=2.763e+01
Building SWIFTGalaxy for subhalo 34979 (soap_index=34440312)
Read masses: Nstars=20520, sum_current=2.844239e+10 Msun
DEBUG: sample z (first valid): [4.40592263 1.87186678 6.11111111 1.95154026 0.38460238 1.61578989
 0.26341764 1.80836476 0.24234152 5.69076059]
DEBUG: Planck15 ages (Gyr): [ 1.37146253  3.4999786   0.9096546   3.3630324   9.51282177  4.00776507
 10.62760245  3.61575669 10.84068201  0.99666131]
DEBUG: cosmo_colibre ages (Gyr): [ 1.37343804  3.50107633  0.9115612   3.3642398   9.50068032  4.00838922
 10.61114044  3.61675579 10.823333    0.9985911 ]
DEBUG: us.look_back_time -> ages (Gyr): [ 1.37343804  3.50107633  0.9115612   3.3642398   9.50068032  4.00838922
 10.61114044  3.61675579 10.823333    0.99859111]
[78/100] subhalo 34979 done; total_formed=4.737e+00
Building SWIFTGalaxy for subhalo 2171787 (soap_index=34444263)
Read masses: Nstars=47197, sum_current=6.040203e+10 Msun
DEBUG: sample z (first valid): [0.08791501 0.56320962 0.28110095 0.13880587 0.03617506 0.23076923
 0.04038608 0.27790344 0.20231893 7.65961945]
DEBUG: Planck15 ages (Gyr): [12.60614196  8.15992048 10.45345952 11.98182822 13.2889754  10.9603038
 13.2314825  10.48464091 11.26257498  0.67683847]
DEBUG: cosmo_colibre ages (Gyr): [12.58074713  8.1522611  10.43770816 11.95941516 13.26016125 10.94244854
 13.20296234 10.46876326 11.24341428  0.67865149]
DEBUG: us.look_back_time -> ages (Gyr): [12.58074713  8.1522611  10.43770817 11.95941516 13.26016125 10.94244854
 13.20296234 10.46876326 11.24341428  0.67865149]
[79/100] subhalo 2171787 done; total_formed=1.014e+01
Building SWIFTGalaxy for subhalo 1126063 (soap_index=34454119)
Read masses: Nstars=17149, sum_current=2.366091e+10 Msun
DEBUG: sample z (first valid): [4.6992782  4.67018515 3.24538447 3.97426945 4.55060557 8.79099126
 0.71758046 0.56634799 1.97863831 4.31904878]
DEBUG: Planck15 ages (Gyr): [1.2672435  1.27698356 1.96665435 1.55302233 1.31835365 0.56284416
 7.2106437  8.13877842 3.31843485 1.40508093]
DEBUG: cosmo_colibre ages (Gyr): [1.26921412 1.27895488 1.96856355 1.55499386 1.32032736 0.56458944
 7.20560678 8.1311822  3.31967634 1.40705687]
DEBUG: us.look_back_time -> ages (Gyr): [1.26921412 1.27895488 1.96856355 1.55499386 1.32032737 0.56458945
 7.20560678 8.1311822  3.31967634 1.40705688]
[80/100] subhalo 1126063 done; total_formed=3.915e+00
Building SWIFTGalaxy for subhalo 2211085 (soap_index=34490638)
Read masses: Nstars=47269, sum_current=5.820018e+10 Msun
DEBUG: sample z (first valid): [5.82808919 4.97138952 4.15950244 3.38573245 3.77632826 0.12728774
 4.11760112 6.54240994 5.34669766 4.41709373]
DEBUG: Planck15 ages (Gyr): [ 0.9667666   1.18180511  1.47049903  1.87374398  1.65004049 12.11923142
  1.48852042  0.83276117  1.07870479  1.36723638]
DEBUG: cosmo_colibre ages (Gyr): [ 0.96868904  1.18376747  1.47247426  1.87567327  1.65200381 12.09617444
  1.49049511  0.83464239  1.08065165  1.3692118 ]
DEBUG: us.look_back_time -> ages (Gyr): [ 0.96868904  1.18376747  1.47247427  1.87567327  1.65200381 12.09617444
  1.49049511  0.83464239  1.08065165  1.3692118 ]
[81/100] subhalo 2211085 done; total_formed=9.754e+00
Building SWIFTGalaxy for subhalo 34162 (soap_index=34503955)
Read masses: Nstars=22258, sum_current=3.144672e+10 Msun
DEBUG: sample z (first valid): [4.61865569 4.72216886 7.92739409 0.5568225  4.73418497 0.67491311
 5.02020944 4.20126984 3.83981981 0.09878613]
DEBUG: Planck15 ages (Gyr): [ 1.29454296  1.25966626  0.64658383  8.20320417  1.25571875  7.45550695
  1.16748648  1.45289238  1.61785129 12.46897802]
DEBUG: cosmo_colibre ages (Gyr): [ 1.2965154   1.26163631  0.64838055  8.19541481  1.25768849  7.44983549
  1.16944706  1.45486801  1.61981778 12.44425047]
DEBUG: us.look_back_time -> ages (Gyr): [ 1.2965154   1.26163632  0.64838055  8.19541482  1.2576885   7.4498355
  1.16944706  1.45486801  1.61981778 12.44425047]
[82/100] subhalo 34162 done; total_formed=5.129e+00
Building SWIFTGalaxy for subhalo 2225218 (soap_index=34518743)
Read masses: Nstars=32991, sum_current=4.681349e+10 Msun
DEBUG: sample z (first valid): [3.13502429 6.96790274 2.0670161  0.55063411 3.30195615 3.94387447
 5.82808919 4.77460569 1.98787271 0.60674708]
DEBUG: Planck15 ages (Gyr): [2.04519303 0.76693415 3.17948783 8.24547136 1.9283065  1.56729723
 0.9667666  1.24258933 3.30345696 7.87384172]
DEBUG: cosmo_colibre ages (Gyr): [2.0470826  0.76878955 3.18083048 8.23755422 1.93022441 1.56926781
 0.96868904 1.24455797 3.30470972 7.86701867]
DEBUG: us.look_back_time -> ages (Gyr): [2.04708261 0.76878955 3.18083048 8.23755422 1.93022441 1.56926781
 0.96868904 1.24455797 3.30470973 7.86701867]
[83/100] subhalo 2225218 done; total_formed=7.389e+00
Building SWIFTGalaxy for subhalo 34496 (soap_index=34545033)
Read masses: Nstars=119570, sum_current=1.572604e+11 Msun
DEBUG: sample z (first valid): [5.23202739 1.44245677 1.19213273 6.65071212 0.38953439 1.32743803
 0.52409302 0.40974015 0.51942873 4.10444739]
DEBUG: Planck15 ages (Gyr): [1.10857096 4.42301287 5.15748343 0.815138   9.47113252 4.73821721
 8.43051004 9.3031149  8.46367093 1.49425335]
DEBUG: cosmo_colibre ages (Gyr): [1.11052296 4.42316889 5.15662504 0.81701269 9.4591419  4.73796759
 8.42202338 9.29172412 8.45508047 1.49622784]
DEBUG: us.look_back_time -> ages (Gyr): [1.11052297 4.4231689  5.15662504 0.8170127  9.4591419  4.73796759
 8.42202339 9.29172413 8.45508047 1.49622784]
[84/100] subhalo 34496 done; total_formed=2.634e+01
Building SWIFTGalaxy for subhalo 263871 (soap_index=34548615)
Read masses: Nstars=124345, sum_current=1.580002e+11 Msun
DEBUG: sample z (first valid): [3.50295451 4.98392988 2.91446661 6.06816221 4.50306491 1.7464588
 0.5936193  0.73064329 1.86308432 0.63512974]
DEBUG: Planck15 ages (Gyr): [1.80157082 1.17809937 2.21860155 0.91795561 1.33542264 3.73473826
 7.95848733 7.13813356 3.51562899 7.69543073]
DEBUG: cosmo_colibre ages (Gyr): [1.80351332 1.18006128 2.22043933 0.91986466 1.33739708 3.73563029
 7.95142094 7.13327893 3.5167137  7.68910921]
DEBUG: us.look_back_time -> ages (Gyr): [1.80351333 1.18006128 2.22043934 0.91986466 1.33739709 3.7356303
 7.95142094 7.13327893 3.51671371 7.68910921]
[85/100] subhalo 263871 done; total_formed=2.647e+01
Building SWIFTGalaxy for subhalo 261851 (soap_index=34574681)
Read masses: Nstars=56433, sum_current=7.607468e+10 Msun
DEBUG: sample z (first valid): [4.780718   1.25986207 5.54313099 2.22424481 1.66731787 1.28523607
 1.3180532  1.08355058 1.80547945 0.86712251]
DEBUG: Planck15 ages (Gyr): [1.24062376 4.94053264 1.03055007 2.95464977 3.89635449 4.86297625
 4.76551541 5.53832473 3.62116468 6.44321179]
DEBUG: cosmo_colibre ages (Gyr): [1.24259223 4.93999925 1.03248745 2.95614006 3.89709172 4.86255383
 4.76522858 5.53684322 3.62215904 6.43997427]
DEBUG: us.look_back_time -> ages (Gyr): [1.24259224 4.93999925 1.03248745 2.95614006 3.89709172 4.86255383
 4.76522858 5.53684322 3.62215904 6.43997427]
[86/100] subhalo 261851 done; total_formed=1.258e+01
Building SWIFTGalaxy for subhalo 265411 (soap_index=34605442)
Read masses: Nstars=49050, sum_current=6.749346e+10 Msun
DEBUG: sample z (first valid): [0.01123318 9.29064929 0.26429508 3.87401458 0.60911412 5.29548511
 2.63846325 1.89240004 5.74516262 0.59937524]
DEBUG: Planck15 ages (Gyr): [13.63679456  0.52228527 10.61886298  1.60094352  7.85872441  1.09187604
  2.47237284  3.46382753  0.98463734  7.92120549]
DEBUG: cosmo_colibre ages (Gyr): [13.60617878  0.52400183 10.60243694  1.60291151  7.85194446  1.09382523
  2.47411411  3.46495494  0.98656425  7.9142467 ]
DEBUG: us.look_back_time -> ages (Gyr): [13.60617878  0.52400183 10.60243694  1.60291151  7.85194446  1.09382524
  2.47411411  3.46495494  0.98656425  7.91424671]
[87/100] subhalo 265411 done; total_formed=1.115e+01
Building SWIFTGalaxy for subhalo 1148218 (soap_index=34610918)
Read masses: Nstars=35052, sum_current=4.469773e+10 Msun
DEBUG: sample z (first valid): [ 5.75907591  2.01981384  1.16662259  3.45308147  1.54765977  6.4362873
 10.71855163  1.28874764  3.06172916  1.16119245]
DEBUG: Planck15 ages (Gyr): [0.98160088 3.25249066 5.24314744 1.83170563 4.16317394 0.8506526
 0.42961614 4.85239611 2.10026281 5.26167354]
DEBUG: cosmo_colibre ages (Gyr): [0.98352704 3.25378111 5.24215477 1.83364287 4.16363157 0.85254016
 0.43125548 4.85198861 2.1021372  5.26065138]
DEBUG: us.look_back_time -> ages (Gyr): [0.98352704 3.25378112 5.24215477 1.83364287 4.16363157 0.85254016
 0.43125548 4.85198862 2.1021372  5.26065138]
[88/100] subhalo 1148218 done; total_formed=7.512e+00
Building SWIFTGalaxy for subhalo 268989 (soap_index=34653874)
Read masses: Nstars=98757, sum_current=1.375827e+11 Msun
DEBUG: sample z (first valid): [1.20778871 3.24538447 0.97588037 4.780718   0.93367166 9.53887593
 1.46616994 1.86008554 1.30972017 1.02421547]
DEBUG: Planck15 ages (Gyr): [5.10600518 1.96665435 5.96171702 1.24062376 6.14169828 0.50390769
 4.36220679 3.52099892 4.78996552 5.76556723]
DEBUG: cosmo_colibre ages (Gyr): [5.10522586 1.96856355 5.95946265 1.24259223 6.13908948 0.5056103
 4.36243602 3.52207915 4.78964508 5.76368149]
DEBUG: us.look_back_time -> ages (Gyr): [5.10522587 1.96856355 5.95946265 1.24259224 6.13908948 0.5056103
 4.36243602 3.52207915 4.78964508 5.76368149]
[89/100] subhalo 268989 done; total_formed=2.278e+01
Building SWIFTGalaxy for subhalo 2207997 (soap_index=34663265)
Read masses: Nstars=15195, sum_current=2.031218e+10 Msun
DEBUG: sample z (first valid): [2.8124491  4.92335503 5.69076059 1.04684865 1.82263761 3.94910134
 3.95396477 6.90352147 5.02020944 1.03705085]
DEBUG: Planck15 ages (Gyr): [2.30718492 1.19618019 0.99666131 5.67718282 3.58919681 1.564827
 1.56253433 0.77632877 1.16748648 5.71518051]
DEBUG: cosmo_colibre ages (Gyr): [2.3089918  1.19814422 0.9985911  5.6754572  3.59021901 1.56679775
 1.56450523 0.7781881  1.16944706 5.71338651]
DEBUG: us.look_back_time -> ages (Gyr): [2.3089918  1.19814423 0.99859111 5.6754572  3.59021901 1.56679776
 1.56450524 0.7781881  1.16944706 5.71338651]
[90/100] subhalo 2207997 done; total_formed=3.364e+00
Building SWIFTGalaxy for subhalo 1158157 (soap_index=34689123)
Read masses: Nstars=45398, sum_current=6.179632e+10 Msun
DEBUG: sample z (first valid): [3.89769076 0.70524563 0.98449612 1.48751234 1.13236155 1.00171045
 2.66696509 4.63024055 2.00375836 0.72245585]
DEBUG: Planck15 ages (Gyr): [1.58940749 7.28015365 5.92599343 4.30862104 5.36179736 5.85561517
 2.44400096 1.29056048 3.27794765 7.18344955]
DEBUG: cosmo_colibre ages (Gyr): [1.59137641 7.27493957 5.92380756 4.30891345 5.36061308 5.85356248
 2.44575424 1.29253268 3.27921941 7.1784813 ]
DEBUG: us.look_back_time -> ages (Gyr): [1.59137642 7.27493957 5.92380757 4.30891345 5.36061308 5.85356248
 2.44575424 1.29253268 3.27921942 7.1784813 ]
[91/100] subhalo 1158157 done; total_formed=1.019e+01
Building SWIFTGalaxy for subhalo 2244272 (soap_index=34689133)
Read masses: Nstars=42660, sum_current=5.703695e+10 Msun
DEBUG: sample z (first valid): [0.18569981 0.09233949 0.01430075 0.0293397  0.20977627 0.74168173
 0.03251828 4.6760783  0.02778998 0.03199798]
DEBUG: Planck15 ages (Gyr): [11.44469811 12.55006126 13.59333364 13.38304699 11.18219896  7.07772854
 13.33918604  1.27500058 13.40450489 13.34635169]
DEBUG: cosmo_colibre ages (Gyr): [11.42473305 12.52494007 13.56294511 13.35374945 11.16338901  7.07302381
 13.31011424  1.27697176 13.37509668 13.31724305]
DEBUG: us.look_back_time -> ages (Gyr): [11.42473305 12.52494007 13.56294511 13.35374945 11.16338901  7.07302381
 13.31011424  1.27697176 13.37509668 13.31724305]
[92/100] subhalo 2244272 done; total_formed=9.456e+00
Building SWIFTGalaxy for subhalo 2234647 (soap_index=34744162)
Read masses: Nstars=28561, sum_current=3.815659e+10 Msun
DEBUG: sample z (first valid): [3.99436062 5.60978316 4.57326303 0.26820961 0.1895738  0.14629539
 0.20665783 0.16009346 4.64138762 2.16599034]
DEBUG: Planck15 ages (Gyr): [ 1.54370443  1.01501655  1.31034568 10.5799998  11.40186997 11.89366708
 11.21570953 11.73364392  1.28674765  3.03483139]
DEBUG: cosmo_colibre ages (Gyr): [ 1.54567653  1.01695054  1.31231899 10.56373333 11.38209525 11.87166343
 11.19675366 11.71237584  1.28871961  3.03627128]
DEBUG: us.look_back_time -> ages (Gyr): [ 1.54567653  1.01695055  1.31231899 10.56373333 11.38209525 11.87166343
 11.19675366 11.71237584  1.28871961  3.03627129]
[93/100] subhalo 2234647 done; total_formed=6.356e+00
Building SWIFTGalaxy for subhalo 1158162 (soap_index=34747471)
Read masses: Nstars=411601, sum_current=5.280167e+11 Msun
DEBUG: sample z (first valid): [1.08143302 0.59937524 1.80547945 0.47976879 0.05424361 5.17506831
 2.14261053 1.40305075 4.30827798 0.11813281]
DEBUG: Planck15 ages (Gyr): [ 5.54619008  7.92120549  3.62116468  8.75368346 13.04473324  1.1239204
  3.06801788  4.5271172   1.4093442  12.23004216]
DEBUG: cosmo_colibre ages (Gyr): [ 5.54469498  7.9142467   3.62215904  8.74416299 13.01716043  1.12587484
  3.06943619  4.52714411  1.41132016 12.20646074]
DEBUG: us.look_back_time -> ages (Gyr): [ 5.54469498  7.91424671  3.62215904  8.744163   13.01716043  1.12587484
  3.06943619  4.52714411  1.41132016 12.20646074]
[94/100] subhalo 1158162 done; total_formed=8.849e+01
Building SWIFTGalaxy for subhalo 2256156 (soap_index=34759871)
Read masses: Nstars=60077, sum_current=7.991334e+10 Msun
DEBUG: sample z (first valid): [0.82105146 4.76596868 1.43374926 2.89770429 1.48524839 1.92180116
 3.62824859 0.47563722 2.266999   1.95207207]
DEBUG: Planck15 ages (Gyr): [6.66564791 1.2453756  4.44568357 2.23276785 4.31425493 3.41311182
 1.72937834 8.78474505 2.89798513 3.36214777]
DEBUG: cosmo_colibre ages (Gyr): [6.66191835 1.24734448 4.44581188 2.23460089 4.31454076 3.41427998
 1.73133195 8.77512261 2.89950952 3.36335586]
DEBUG: us.look_back_time -> ages (Gyr): [6.66191835 1.24734449 4.44581188 2.23460089 4.31454076 3.41427999
 1.73133196 8.77512262 2.89950952 3.36335586]
[95/100] subhalo 2256156 done; total_formed=1.342e+01
Building SWIFTGalaxy for subhalo 36803 (soap_index=34821391)
Read masses: Nstars=142427, sum_current=1.868407e+11 Msun
DEBUG: sample z (first valid): [1.10916581 0.4559673  7.26431274 1.03755752 1.30858109 1.01290006
 0.46902179 4.6992782  3.0516847  2.61637788]
DEBUG: Planck15 ages (Gyr): [5.44455959 8.93489755 0.72602129 5.71320576 4.79332327 5.81056887
 8.8348232  1.2672435  2.10800036 2.49473231]
DEBUG: cosmo_colibre ages (Gyr): [5.44323778 8.92477579 0.72785852 5.71141533 4.7929982  5.80860018
 8.82503541 1.26921412 2.10987251 2.49646391]
DEBUG: us.look_back_time -> ages (Gyr): [5.44323778 8.92477579 0.72785852 5.71141533 4.7929982  5.80860018
 8.82503541 1.26921412 2.10987252 2.49646391]
[96/100] subhalo 36803 done; total_formed=3.124e+01
Building SWIFTGalaxy for subhalo 2255023 (soap_index=34827414)
Read masses: Nstars=16740, sum_current=2.293821e+10 Msun
DEBUG: sample z (first valid): [4.85142857 1.78710555 0.33496293 2.7168784  1.29467787 7.50233524
 2.89863177 6.57291426 0.04038608 0.18716035]
DEBUG: Planck15 ages (Gyr): [ 1.21825501  3.65591375  9.94782817  2.39558863  4.83461194  0.69572429
  2.23198012  0.82773384 13.2314825  11.42852446]
DEBUG: cosmo_colibre ages (Gyr): [ 1.22022138  3.65687736  9.93406598  2.39736169  4.83422942  0.69754692
  2.23381343  0.82961322 13.20296234 11.40863137]
DEBUG: us.look_back_time -> ages (Gyr): [ 1.22022139  3.65687736  9.93406598  2.39736169  4.83422943  0.69754693
  2.23381343  0.82961322 13.20296234 11.40863137]
[97/100] subhalo 2255023 done; total_formed=3.824e+00
Building SWIFTGalaxy for subhalo 120822 (soap_index=34829700)
Read masses: Nstars=257101, sum_current=3.273056e+11 Msun
DEBUG: sample z (first valid): [1.30160848 1.91737892 3.29434506 2.75866024 0.42457178 2.41796182
 5.14092954 2.23890481 0.78689061 0.80759047]
DEBUG: Planck15 ages (Gyr): [4.81395926 3.42066245 1.93339351 2.35626515 9.18256742 2.71148898
 1.13329015 2.93501702 6.83835129 6.73288805]
DEBUG: cosmo_colibre ages (Gyr): [4.81360557 3.42182462 1.9353103  2.35805362 9.17159902 2.71311692
 1.135246   2.93651927 6.83422311 6.72900501]
DEBUG: us.look_back_time -> ages (Gyr): [4.81360557 3.42182462 1.9353103  2.35805362 9.17159902 2.71311692
 1.13524601 2.93651927 6.83422311 6.72900501]
[98/100] subhalo 120822 done; total_formed=5.486e+01
Building SWIFTGalaxy for subhalo 574894 (soap_index=34829710)
Read masses: Nstars=120626, sum_current=1.551652e+11 Msun
DEBUG: sample z (first valid): [0.75511516 2.57963732 2.92619219 7.47649227 3.32609413 4.74272695
 7.23058085 3.66581233 3.16022345 2.33754329]
DEBUG: Planck15 ages (Gyr): [7.00527024 2.53267376 2.20877983 0.69891119 1.91231892 1.25292502
 0.7304923  1.70866337 2.02680857 2.8082998 ]
DEBUG: cosmo_colibre ages (Gyr): [7.00074298 2.5343885  2.21062086 0.70073541 1.91424029 1.25489454
 0.7323316  1.71061977 2.02870296 2.80987565]
DEBUG: us.look_back_time -> ages (Gyr): [7.00074298 2.5343885  2.21062086 0.70073542 1.91424029 1.25489454
 0.73233161 1.71061977 2.02870297 2.80987565]
[99/100] subhalo 574894 done; total_formed=2.590e+01
Building SWIFTGalaxy for subhalo 121997 (soap_index=34836826)
Read masses: Nstars=57375, sum_current=7.420874e+10 Msun
DEBUG: sample z (first valid): [2.59416475 0.19661116 0.1012973  0.12899669 0.14573427 0.19565059
 0.19897548 0.07910163 0.05471868 0.15771622]
DEBUG: Planck15 ages (Gyr): [ 2.51755874 11.32465399 12.4375937  12.09870407 11.90024022 11.33514951
 11.29887976 12.71891049 13.03839687 11.76099469]
DEBUG: cosmo_colibre ages (Gyr): [ 2.51928026 11.3052206  12.41301787 12.07574373 11.87820615 11.31566987
 11.27955977 12.69296207 13.010856   11.73960158]
DEBUG: us.look_back_time -> ages (Gyr): [ 2.51928027 11.3052206  12.41301787 12.07574373 11.87820615 11.31566987
 11.27955977 12.69296207 13.010856   11.73960158]
[100/100] subhalo 121997 done; total_formed=1.228e+01
All halos processed. Writing CSV.
Wrote relicness_extras_1100_1200.csv (100 rows) in 9427.6s
