Starting pure-swift relicness script
Loaded SOAP mapping for 91142867 halos
Batch mode: processing 100 halos (slice 400:500)
Building SWIFTGalaxy for subhalo 19683 (soap_index=12196979)
Read masses: Nstars=24813, sum_current=3.432769e+10 Msun
DEBUG: sample z (first valid): [3.61163887 2.53141502 2.04478721 2.16997195 1.71438038 1.43501523
 3.05795666 2.1395995  3.86352505 3.37139808]
DEBUG: Planck15 ages (Gyr): [1.73867088 2.58393215 3.21352997 3.02923822 3.79891325 4.44237591
 2.10316338 3.07233503 1.60609888 1.88289748]
DEBUG: cosmo_colibre ages (Gyr): [1.74062319 2.58562325 3.21484854 3.03068171 3.79974512 4.44250828
 2.10503693 3.0737505  1.60806642 1.88482494]
DEBUG: us.look_back_time -> ages (Gyr): [1.74062319 2.58562326 3.21484854 3.03068171 3.79974512 4.44250828
 2.10503693 3.0737505  1.60806643 1.88482494]
[1/100] subhalo 19683 done; total_formed=5.763e+00
Building SWIFTGalaxy for subhalo 20178 (soap_index=12196986)
Read masses: Nstars=17116, sum_current=2.249070e+10 Msun
DEBUG: sample z (first valid): [8.92142911 1.0920641  3.61423643 3.081714   3.19081724 2.63241326
 2.02511078 5.58984414 3.78574558 1.79090367]
DEBUG: Planck15 ages (Gyr): [0.55176302 5.50687967 1.7372122  2.08500665 2.00485262 2.47846502
 3.24416274 1.01962242 1.64519936 3.64868638]
DEBUG: cosmo_colibre ages (Gyr): [0.55350072 5.50545217 1.73916471 2.08688536 2.00675258 2.48020368
 3.24545926 1.02155744 1.64716318 3.64965643]
DEBUG: us.look_back_time -> ages (Gyr): [0.55350073 5.50545217 1.73916471 2.08688536 2.00675259 2.48020368
 3.24545926 1.02155744 1.64716319 3.64965643]
[2/100] subhalo 20178 done; total_formed=3.776e+00
Building SWIFTGalaxy for subhalo 22581 (soap_index=12196993)
Read masses: Nstars=42596, sum_current=5.679604e+10 Msun
DEBUG: sample z (first valid): [0.63709033 1.41955254 2.38093273 2.51663447 1.38538254 2.27876726
 2.92713327 0.70329556 2.27942354 3.1854643 ]
DEBUG: Planck15 ages (Gyr): [7.6833336  4.48304827 2.75537437 2.59998564 4.57507651 2.88269996
 2.20799466 7.2912366  2.88185145 2.00866578]
DEBUG: cosmo_colibre ages (Gyr): [7.67704552 4.48313042 2.75697914 2.60166913 4.57504234 2.88423334
 2.20983594 7.28599406 2.88338533 2.01056479]
DEBUG: us.look_back_time -> ages (Gyr): [7.67704552 4.48313042 2.75697914 2.60166913 4.57504234 2.88423335
 2.20983595 7.28599406 2.88338533 2.01056479]
[3/100] subhalo 22581 done; total_formed=9.446e+00
Building SWIFTGalaxy for subhalo 226345 (soap_index=12197033)
Read masses: Nstars=55740, sum_current=7.128298e+10 Msun
DEBUG: sample z (first valid): [4.79246951 3.72297492 1.24699993 1.35098292 1.20333513 0.59968756
 1.18891116 2.2754898  2.41796182 2.39388918]
DEBUG: Planck15 ages (Gyr): [1.23685924 1.67791874 4.98060213 4.670821   5.12056556 7.91919013
 5.16817854 2.88694358 2.71148898 2.73988712]
DEBUG: cosmo_colibre ages (Gyr): [1.23882738 1.67987894 4.98001034 4.67066182 5.11976401 7.91223715
 5.16730357 2.88847447 2.71311692 2.74150015]
DEBUG: us.look_back_time -> ages (Gyr): [1.23882738 1.67987895 4.98001034 4.67066183 5.11976401 7.91223715
 5.16730358 2.88847448 2.71311692 2.74150015]
[4/100] subhalo 226345 done; total_formed=1.201e+01
Building SWIFTGalaxy for subhalo 968684 (soap_index=12197118)
Read masses: Nstars=51876, sum_current=6.852823e+10 Msun
DEBUG: sample z (first valid): [2.22424481 0.76361679 2.36530759 1.09849504 0.99367243 0.78474946
 0.52522808 3.8348211  5.88186496 8.24083474]
DEBUG: Planck15 ages (Gyr): [2.95464977 6.96000093 2.77424357 5.48331319 5.88831334 6.8494055
 8.4224698  1.6203477  0.95546387 0.61392744]
DEBUG: cosmo_colibre ages (Gyr): [2.95614006 6.95558325 2.77583815 5.48192587 5.88619907 6.8452513
 8.41400822 1.62231396 0.95738336 0.61570527]
DEBUG: us.look_back_time -> ages (Gyr): [2.95614006 6.95558325 2.77583815 5.48192587 5.88619907 6.84525131
 8.41400822 1.62231397 0.95738337 0.61570527]
[5/100] subhalo 968684 done; total_formed=1.150e+01
Building SWIFTGalaxy for subhalo 3309947 (soap_index=12224829)
Read masses: Nstars=28870, sum_current=3.784523e+10 Msun
DEBUG: sample z (first valid): [4.26520447 3.795551   3.795551   4.8813605  2.75091575 7.28102098
 0.86861314 1.42384792 1.42277264 9.12529934]
DEBUG: Planck15 ages (Gyr): [1.42660982 1.64018367 1.64018367 1.20898716 2.36347335 0.7238235
 6.43620799 4.4716901  4.47452909 0.53515458]
DEBUG: cosmo_colibre ages (Gyr): [1.42858575 1.64214801 1.64214801 1.21095259 2.36525904 0.72565971
 6.43298557 4.47178635 4.47462181 0.53688055]
DEBUG: us.look_back_time -> ages (Gyr): [1.42858576 1.64214801 1.64214801 1.21095259 2.36525904 0.72565971
 6.43298557 4.47178635 4.47462182 0.53688055]
[6/100] subhalo 3309947 done; total_formed=6.355e+00
Building SWIFTGalaxy for subhalo 20944 (soap_index=12252420)
Read masses: Nstars=153041, sum_current=1.999440e+11 Msun
DEBUG: sample z (first valid): [2.57612136 2.32231573 1.11556589 3.1983344  0.12868559 1.11338278
 1.23825137 0.99658786 1.50080134 1.66319896]
DEBUG: Planck15 ages (Gyr): [ 2.53635437  2.82727051  5.42152337  1.99951794 12.10243727  5.42936382
  5.00815328  5.87642049  4.27578848  3.90507488]
DEBUG: cosmo_colibre ages (Gyr): [ 2.53806745  2.82883573  5.42024016  2.00141923 12.07945936  5.4280675
  5.00752091  5.87432867  4.27611899  3.90580345]
DEBUG: us.look_back_time -> ages (Gyr): [ 2.53806745  2.82883574  5.42024016  2.00141923 12.07945936  5.4280675
  5.00752091  5.87432868  4.27611899  3.90580345]
[7/100] subhalo 20944 done; total_formed=3.286e+01
Building SWIFTGalaxy for subhalo 1879052 (soap_index=12293470)
Read masses: Nstars=33467, sum_current=4.739463e+10 Msun
DEBUG: sample z (first valid): [0.68750644 0.68802802 6.09648078 2.4051751  3.01298145 0.50907249
 0.48137432 0.59921913 0.75775131 1.01599606]
DEBUG: Planck15 ages (Gyr): [7.38192969 7.37890622 0.91246824 2.72651279 2.13825924 8.53800032
 8.74165699 7.92221316 6.99118497 5.79820128]
DEBUG: cosmo_colibre ages (Gyr): [7.37645197 7.37343641 0.91437568 2.72813287 2.14012246 8.52917531
 8.73217587 7.91525148 6.98669191 5.79625548]
DEBUG: us.look_back_time -> ages (Gyr): [7.37645198 7.37343641 0.91437568 2.72813288 2.14012246 8.52917531
 8.73217588 7.91525148 6.98669192 5.79625548]
[8/100] subhalo 1879052 done; total_formed=7.853e+00
Building SWIFTGalaxy for subhalo 1926393 (soap_index=12358213)
Read masses: Nstars=15505, sum_current=2.076100e+10 Msun
DEBUG: sample z (first valid): [5.623143   3.50760025 3.5212832  9.41659382 2.61637788 0.21031248
 0.10687745 4.76901408 0.20143727 7.0161458 ]
DEBUG: Planck15 ages (Gyr): [ 1.01194975  1.79880551  1.79070162  0.51282418  2.49473231 11.17645135
 12.36825226  1.24439198 11.27213225  0.76001761]
DEBUG: cosmo_colibre ages (Gyr): [ 1.01388306  1.80074849  1.79264593  0.51453363  2.49646391 11.15766638
 12.3440104   1.24636078 11.25292967  0.76187005]
DEBUG: us.look_back_time -> ages (Gyr): [ 1.01388306  1.80074849  1.79264594  0.51453363  2.49646391 11.15766639
 12.3440104   1.24636078 11.25292967  0.76187005]
[9/100] subhalo 1926393 done; total_formed=3.467e+00
Building SWIFTGalaxy for subhalo 4672450 (soap_index=12429491)
Read masses: Nstars=16920, sum_current=2.247422e+10 Msun
DEBUG: sample z (first valid): [0.58559954 5.06927209 0.25788868 0.04569824 0.13991512 4.38416037
 5.06927209 0.51018527 0.50449954 5.34669766]
DEBUG: Planck15 ages (Gyr): [ 8.01087568  1.1533845  10.68291163 13.15945273 11.96871249  1.37975791
  1.1533845   8.52996687  8.57113252  1.07870479]
DEBUG: cosmo_colibre ages (Gyr): [ 8.00365696  1.15534322 10.66622122 13.13129935 11.94636053  1.38173358
  1.15534322  8.52116734  8.56220212  1.08065165]
DEBUG: us.look_back_time -> ages (Gyr): [ 8.00365696  1.15534322 10.66622122 13.13129935 11.94636053  1.38173358
  1.15534322  8.52116734  8.56220212  1.08065165]
[10/100] subhalo 4672450 done; total_formed=3.741e+00
Building SWIFTGalaxy for subhalo 1962960 (soap_index=12451963)
Read masses: Nstars=22791, sum_current=2.992066e+10 Msun
DEBUG: sample z (first valid): [0.1764199  0.66656495 4.93515667 2.91821117 1.88501497 3.65190233
 6.68120019 4.89936088 4.86346963 7.34003563]
DEBUG: Planck15 ages (Gyr): [11.54822926  7.50489976  1.19262156  2.21545717  3.47675948  1.71628608
  0.81028847  1.20346989  1.2145126   0.71614858]
DEBUG: cosmo_colibre ages (Gyr): [11.52780108  7.49909677  1.19458519  2.217296    3.47787633  1.71824148
  0.81216132  1.20543472  1.21647859  0.71798117]
DEBUG: us.look_back_time -> ages (Gyr): [11.52780108  7.49909677  1.1945852   2.217296    3.47787634  1.71824148
  0.81216132  1.20543473  1.2164786   0.71798117]
[11/100] subhalo 1962960 done; total_formed=5.013e+00
Building SWIFTGalaxy for subhalo 25944 (soap_index=12484760)
Read masses: Nstars=88495, sum_current=1.149037e+11 Msun
DEBUG: sample z (first valid): [0.48661646 0.5644037  0.54115323 1.94570298 4.97792575 0.50408519
 8.48765834 5.18147519 0.72499474 3.88418542]
DEBUG: Planck15 ages (Gyr): [8.70256098 8.15186663 8.31086403 3.3727673  1.17987121 8.57414408
 0.59009404 1.12217629 7.16935019 1.59597092]
DEBUG: cosmo_colibre ages (Gyr): [8.69320735 8.14423133 8.30274749 3.37396715 1.18183334 8.56520406
 0.59185716 1.12413046 7.1644174  1.59793931]
DEBUG: us.look_back_time -> ages (Gyr): [8.69320735 8.14423133 8.30274749 3.37396715 1.18183334 8.56520406
 0.59185717 1.12413046 7.1644174  1.59793932]
[12/100] subhalo 25944 done; total_formed=1.922e+01
Building SWIFTGalaxy for subhalo 23637 (soap_index=12498372)
Read masses: Nstars=15950, sum_current=2.127033e+10 Msun
DEBUG: sample z (first valid): [2.1006813  3.99436062 2.09745723 2.12195122 0.95256823 0.38390067
 0.4783001  0.63057325 0.74353517 2.12433257]
DEBUG: Planck15 ages (Gyr): [3.12904151 1.54370443 3.13381588 3.09783978 6.06008554 9.51877515
 8.76470645 7.72365692 7.06766299 3.09437815]
DEBUG: cosmo_colibre ages (Gyr): [3.130419   1.54567653 3.13519012 3.09923832 6.05763938 9.50661209
 8.75514984 7.71725708 7.06298307 3.09577901]
DEBUG: us.look_back_time -> ages (Gyr): [3.13041901 1.54567653 3.13519012 3.09923833 6.05763938 9.50661209
 8.75514985 7.71725708 7.06298307 3.09577901]
[13/100] subhalo 23637 done; total_formed=3.563e+00
Building SWIFTGalaxy for subhalo 24148 (soap_index=12511689)
Read masses: Nstars=34344, sum_current=4.357705e+10 Msun
DEBUG: sample z (first valid): [5.69076059 3.91384869 5.03240059 3.63282907 0.32879157 0.77565839
 0.33834341 9.002442   4.0350338  2.14020125]
DEBUG: Planck15 ages (Gyr): [ 0.99666131  1.58161349  1.16395577  1.72683018 10.00393399  6.89664837
  9.9172896   0.54506196  1.52512216  3.07147147]
DEBUG: cosmo_colibre ages (Gyr): [0.9985911  1.58358302 1.1659159  1.72878415 9.9899566  6.89238236
 9.90364395 0.54679499 1.52709529 3.07288751]
DEBUG: us.look_back_time -> ages (Gyr): [0.99859111 1.58358302 1.1659159  1.72878415 9.9899566  6.89238236
 9.90364395 0.54679499 1.52709529 3.07288751]
[14/100] subhalo 24148 done; total_formed=7.337e+00
Building SWIFTGalaxy for subhalo 986888 (soap_index=12511784)
Read masses: Nstars=39257, sum_current=5.254673e+10 Msun
DEBUG: sample z (first valid): [1.67210307 4.73418497 5.08166295 0.06011    4.87556034 0.59765968
 4.0350338  0.45377107 0.02049206 0.26752282]
DEBUG: Planck15 ages (Gyr): [ 3.88626295  1.25571875  1.14986771 12.96679075  1.21077391  7.93228972
  1.52512216  8.9518989  13.50620496 10.58680334]
DEBUG: cosmo_colibre ages (Gyr): [ 3.88701017  1.25768849  1.15182594 12.93960984  1.21273952  7.92529902
  1.52709529  8.94171994 13.47627019 10.57050898]
DEBUG: us.look_back_time -> ages (Gyr): [ 3.88701017  1.2576885   1.15182594 12.93960984  1.21273952  7.92529902
  1.52709529  8.94171994 13.47627019 10.57050898]
[15/100] subhalo 986888 done; total_formed=8.688e+00
Building SWIFTGalaxy for subhalo 2036940 (soap_index=12554026)
Read masses: Nstars=23460, sum_current=3.166857e+10 Msun
DEBUG: sample z (first valid): [0.84837545 0.88235294 1.55540825 6.65071212 2.04903694 3.87401458
 1.96516152 5.30821061 6.28663553 0.74001699]
DEBUG: Planck15 ages (Gyr): [6.53231548 6.37220421 4.14501291 0.815138   3.20697588 1.60094352
 3.34049339 1.08857835 0.87699155 7.08678802]
DEBUG: cosmo_colibre ages (Gyr): [6.52888374 6.36911871 4.14549053 0.81701269 3.20829913 1.60291151
 3.34171812 1.09052697 0.87888796 7.08206093]
DEBUG: us.look_back_time -> ages (Gyr): [6.52888374 6.36911871 4.14549053 0.8170127  3.20829913 1.60291151
 3.34171812 1.09052697 0.87888796 7.08206093]
[16/100] subhalo 2036940 done; total_formed=5.299e+00
Building SWIFTGalaxy for subhalo 2028123 (soap_index=12561326)
Read masses: Nstars=28031, sum_current=3.878317e+10 Msun
DEBUG: sample z (first valid): [4.01461474 0.68092746 1.06986293 0.30977696 0.67081379 6.0605473
 7.1476969  0.15510434 0.48513416 0.2446065 ]
DEBUG: Planck15 ages (Gyr): [ 1.53440436  7.4202288   5.58947817 10.17973056  7.47969892  0.91944053
  0.74167476 11.79114978  8.71358959 10.81748916]
DEBUG: cosmo_colibre ages (Gyr): [ 1.53637699  7.41465056  5.58790779 10.16506991  7.47396318  0.92135001
  0.74351915 11.76961849  8.70420006 10.80023763]
DEBUG: us.look_back_time -> ages (Gyr): [ 1.53637699  7.41465057  5.58790779 10.16506991  7.47396318  0.92135001
  0.74351915 11.76961849  8.70420007 10.80023763]
[17/100] subhalo 2028123 done; total_formed=6.427e+00
Building SWIFTGalaxy for subhalo 26581 (soap_index=12572071)
Read masses: Nstars=99760, sum_current=1.276412e+11 Msun
DEBUG: sample z (first valid): [1.22911565 2.42689814 5.84163274 2.6052371  1.16005274 6.19069563
 2.12910619 2.32063235 7.99972535 2.51399464]
DEBUG: Planck15 ages (Gyr): [5.03718358 2.70106974 0.96389913 2.50613793 5.26557512 0.89459861
 3.08745805 2.82938058 0.63879545 2.60287007]
DEBUG: cosmo_colibre ages (Gyr): [5.03650807 2.70270307 0.96582083 2.50786452 5.26454674 0.89650061
 3.08886352 2.83094462 0.64058779 2.60455219]
DEBUG: us.look_back_time -> ages (Gyr): [5.03650807 2.70270307 0.96582083 2.50786452 5.26454674 0.89650062
 3.08886352 2.83094462 0.6405878  2.60455219]
[18/100] subhalo 26581 done; total_formed=2.128e+01
Building SWIFTGalaxy for subhalo 239005 (soap_index=12572083)
Read masses: Nstars=72453, sum_current=9.481610e+10 Msun
DEBUG: sample z (first valid): [ 0.02856425  1.43374926 10.11627513  7.0161458   2.79478865  2.79698725
  1.61307815  1.65585994  4.05561984  4.18563064]
DEBUG: Planck15 ages (Gyr): [13.393778    4.44568357  0.46508416  0.76001761  2.32311219  2.3211195
  4.01377058  3.92069128  1.5158579   1.45944381]
DEBUG: cosmo_colibre ages (Gyr): [13.36442513  4.44581188  0.46675516  0.76187005  2.3249132   2.32292124
  4.01438848  3.92140425  1.51783148  1.4614193 ]
DEBUG: us.look_back_time -> ages (Gyr): [13.36442513  4.44581188  0.46675516  0.76187005  2.3249132   2.32292124
  4.01438849  3.92140425  1.51783148  1.46141931]
[19/100] subhalo 239005 done; total_formed=1.583e+01
Building SWIFTGalaxy for subhalo 26342 (soap_index=12604727)
Read masses: Nstars=28131, sum_current=4.096233e+10 Msun
DEBUG: sample z (first valid): [0.41083269 0.42160521 1.83264177 0.28734187 0.34781178 3.02308165
 4.47227789 0.92390794 0.80759047 4.05561984]
DEBUG: Planck15 ages (Gyr): [ 9.29415556  9.2064936   3.57076888 10.39298507  9.83247957  2.1302939
  1.34667298  6.18454175  6.73288805  1.5158579 ]
DEBUG: cosmo_colibre ages (Gyr): [ 9.28279641  9.19544191  3.57180695 10.37747747  9.81915541  2.13215951
  1.34864783  6.18184629  6.72900501  1.51783148]
DEBUG: us.look_back_time -> ages (Gyr): [ 9.28279641  9.19544191  3.57180695 10.37747747  9.81915541  2.13215951
  1.34864783  6.18184629  6.72900501  1.51783148]
[20/100] subhalo 26342 done; total_formed=6.787e+00
Building SWIFTGalaxy for subhalo 24568 (soap_index=12625262)
Read masses: Nstars=304007, sum_current=3.805882e+11 Msun
DEBUG: sample z (first valid): [1.071957   0.82877553 4.6992782  1.25240583 0.98642095 0.88235294
 0.78923228 0.83061453 0.79472012 0.868187  ]
DEBUG: Planck15 ages (Gyr): [5.58160402 6.62753259 1.2672435  4.96369825 5.91805835 6.37220421
 6.82629333 6.61850758 6.79816298 6.438209  ]
DEBUG: cosmo_colibre ages (Gyr): [5.5800474  6.62388904 1.26921412 4.96313118 5.91588762 6.36911871
 6.82219345 6.61488431 6.79412886 6.43498228]
DEBUG: us.look_back_time -> ages (Gyr): [5.5800474  6.62388905 1.26921412 4.96313118 5.91588762 6.36911871
 6.82219345 6.61488431 6.79412886 6.43498228]
[21/100] subhalo 24568 done; total_formed=6.354e+01
Building SWIFTGalaxy for subhalo 24890 (soap_index=12625265)
Read masses: Nstars=25141, sum_current=3.193260e+10 Msun
DEBUG: sample z (first valid): [9.0631094  2.28303777 2.61239114 0.84546069 1.91815834 2.93326131
 4.10723192 1.45803016 5.60978316 1.10483042]
DEBUG: Planck15 ages (Gyr): [0.5401319  2.87718587 2.498804   6.54634081 3.41932967 2.2028931
 1.49303669 4.3829268  1.01501655 5.46025228]
DEBUG: cosmo_colibre ages (Gyr): [0.54186143 2.87872247 2.50053381 6.54287815 3.4204929  2.20473606
 1.49501122 4.38313127 1.01695054 5.45890402]
DEBUG: us.look_back_time -> ages (Gyr): [0.54186144 2.87872248 2.50053381 6.54287815 3.4204929  2.20473606
 1.49501122 4.38313127 1.01695055 5.45890403]
[22/100] subhalo 24890 done; total_formed=5.367e+00
Building SWIFTGalaxy for subhalo 507306 (soap_index=12641685)
Read masses: Nstars=21186, sum_current=2.875618e+10 Msun
DEBUG: sample z (first valid): [ 0.67800082  2.61997349  2.86688695  0.67748541  1.13444502  0.66098946
  1.65456902  4.6805062   1.24161992 10.57675322]
DEBUG: Planck15 ages (Gyr): [7.43736362 2.49106946 2.25920491 7.44038746 5.3544611  7.53816599
 3.92344863 1.273514   4.9975163  0.43755256]
DEBUG: cosmo_colibre ages (Gyr): [7.43174017 2.49280265 2.2610289  7.43475603 5.35328886 7.53227373
 3.92415884 1.27548507 4.99689963 0.43919924]
DEBUG: us.look_back_time -> ages (Gyr): [7.43174018 2.49280265 2.26102891 7.43475603 5.35328886 7.53227373
 3.92415884 1.27548508 4.99689963 0.43919924]
[23/100] subhalo 507306 done; total_formed=4.830e+00
Building SWIFTGalaxy for subhalo 6363988 (soap_index=12641725)
Read masses: Nstars=202236, sum_current=2.685275e+11 Msun
DEBUG: sample z (first valid): [1.55282019 0.57281367 5.56936648 3.51692053 0.93778829 0.94561216
 0.04891165 0.01430075 0.46116115 0.3505894 ]
DEBUG: Planck15 ages (Gyr): [ 4.15106461  8.0954808   1.02438897  1.79327889  6.12377316  6.08993002
 13.1161478  13.59333364  8.89488126  9.80780101]
DEBUG: cosmo_colibre ages (Gyr): [ 4.15153559  8.08801325  1.02632503  1.79522278  6.12120035  6.08742477
 13.08821409 13.56294511  8.88489361  9.79456979]
DEBUG: us.look_back_time -> ages (Gyr): [ 4.15153559  8.08801325  1.02632503  1.79522279  6.12120036  6.08742477
 13.08821409 13.56294511  8.88489361  9.79456979]
[24/100] subhalo 6363988 done; total_formed=4.467e+01
Building SWIFTGalaxy for subhalo 238928 (soap_index=12679913)
Read masses: Nstars=11090, sum_current=1.514483e+10 Msun
DEBUG: sample z (first valid): [0.49954238 0.4325435  5.42446819 5.60978316 0.55934139 0.48742624
 0.28110095 0.44314278 0.2714574  2.4094267 ]
DEBUG: Planck15 ages (Gyr): [ 8.60726593  9.1187269   1.05920137  1.01501655  8.1860932   8.69654488
 10.45345952  9.0348563  10.54791189  2.72150222]
DEBUG: cosmo_colibre ages (Gyr): [ 8.59821998  9.10797947  1.06114456  1.01695054  8.17835533  8.6872108
 10.43770816  9.02439628 10.53177669  2.72312494]
DEBUG: us.look_back_time -> ages (Gyr): [ 8.59821998  9.10797947  1.06114457  1.01695055  8.17835534  8.6872108
 10.43770817  9.02439628 10.53177669  2.72312494]
[25/100] subhalo 238928 done; total_formed=2.524e+00
Building SWIFTGalaxy for subhalo 6374847 (soap_index=12679991)
Read masses: Nstars=23028, sum_current=3.133104e+10 Msun
DEBUG: sample z (first valid): [2.32063235 7.34853503 1.70206976 5.05693161 0.73817102 0.17760368
 0.98955677 9.0631094  1.02109418 2.72702457]
DEBUG: Planck15 ages (Gyr): [ 2.82938058  0.71505437  3.82401753  1.15690478  7.09685465 11.53494827
  5.9051666   0.5401319   5.77792579  2.38594057]
DEBUG: cosmo_colibre ages (Gyr): [ 2.83094462  0.71688643  3.82482539  1.15886397  7.09210266 11.51457973
  5.9030204   0.54186143  5.77601737  2.38771746]
DEBUG: us.look_back_time -> ages (Gyr): [ 2.83094462  0.71688644  3.8248254   1.15886398  7.09210266 11.51457973
  5.9030204   0.54186144  5.77601737  2.38771747]
[26/100] subhalo 6374847 done; total_formed=5.221e+00
Building SWIFTGalaxy for subhalo 102318 (soap_index=12702790)
Read masses: Nstars=39476, sum_current=5.270607e+10 Msun
DEBUG: sample z (first valid): [5.33381657 3.51225558 0.87096037 0.8938851  4.4832664  4.275801
 0.83348254 5.43077225 3.44161301 0.8938851 ]
DEBUG: Planck15 ages (Gyr): [1.08199272 1.79604154 6.42520334 6.31924494 1.34263952 1.42232989
 6.60447049 1.05764611 1.83875326 6.31924494]
DEBUG: cosmo_colibre ages (Gyr): [1.08394017 1.79798497 6.42200461 6.31627124 1.34461423 1.42430584
 6.60087865 1.059589   1.84068922 6.31627124]
DEBUG: us.look_back_time -> ages (Gyr): [1.08394018 1.79798498 6.42200461 6.31627124 1.34461423 1.42430584
 6.60087865 1.05958901 1.84068923 6.31627124]
[27/100] subhalo 102318 done; total_formed=8.820e+00
Building SWIFTGalaxy for subhalo 23993 (soap_index=12718367)
Read masses: Nstars=32445, sum_current=4.511645e+10 Msun
DEBUG: sample z (first valid): [1.05945572 0.32406659 0.21219296 7.49407038 0.96497961 0.19722324
 2.34435599 0.36442372 0.19994141 0.09182993]
DEBUG: Planck15 ages (Gyr): [ 5.62887242 10.04720269 11.15632798  0.69674086  6.00740058 11.31797348
  2.79987994  9.68622597 11.28837407 12.55650195]
DEBUG: cosmo_colibre ages (Gyr): [ 5.62723276 10.03305839 11.13763038  0.69856401  6.00505772 11.29856951
  2.80146046  9.67344865 11.26910023 12.53134938]
DEBUG: us.look_back_time -> ages (Gyr): [ 5.62723276 10.03305839 11.13763038  0.69856401  6.00505772 11.29856951
  2.80146047  9.67344865 11.26910023 12.53134938]
[28/100] subhalo 23993 done; total_formed=7.448e+00
Building SWIFTGalaxy for subhalo 4711377 (soap_index=12730532)
Read masses: Nstars=29695, sum_current=4.020703e+10 Msun
DEBUG: sample z (first valid): [4.46133333 6.28663553 0.45299752 3.87365212 2.65021722 2.96179422
 3.71719571 3.15811179 1.30630631 4.83995723]
DEBUG: Planck15 ages (Gyr): [1.35071033 0.87699155 8.95789857 1.60112121 2.4606071  2.17939368
 1.68098529 2.02833867 4.80004012 1.2218382 ]
DEBUG: cosmo_colibre ages (Gyr): [1.3526853  0.87888796 8.94769939 1.60308918 2.46235339 2.18124418
 1.68294514 2.03023266 4.79970575 1.22380492]
DEBUG: us.look_back_time -> ages (Gyr): [1.35268531 0.87888796 8.94769939 1.60308918 2.46235339 2.18124418
 1.68294514 2.03023267 4.79970576 1.22380493]
[29/100] subhalo 4711377 done; total_formed=6.718e+00
Building SWIFTGalaxy for subhalo 104404 (soap_index=12735947)
Read masses: Nstars=135138, sum_current=1.928448e+11 Msun
DEBUG: sample z (first valid): [2.64940417 1.70073354 0.66826189 0.83800763 0.39998291 0.80878781
 0.48392356 0.41497539 1.35115161 0.87846824]
DEBUG: Planck15 ages (Gyr): [2.461418   3.82675858 7.49481933 6.58241669 9.38369662 6.7268647
 8.7226121  9.26029888 4.67034368 6.39019954]
DEBUG: cosmo_colibre ages (Gyr): [2.46316395 3.82756381 7.48904327 6.57887405 9.37201977 6.7229955
 8.71319318 9.2490589  4.67018514 6.38707574]
DEBUG: us.look_back_time -> ages (Gyr): [2.46316395 3.82756381 7.48904327 6.57887405 9.37201977 6.7229955
 8.71319318 9.2490589  4.67018515 6.38707575]
[30/100] subhalo 104404 done; total_formed=3.185e+01
Building SWIFTGalaxy for subhalo 495906 (soap_index=12774532)
Read masses: Nstars=15056, sum_current=2.075666e+10 Msun
DEBUG: sample z (first valid): [0.45158147 2.08404706 1.64450004 2.12046472 1.14225941 1.68700287
 1.81972292 1.07642101 2.84917185 2.86005419]
DEBUG: Planck15 ages (Gyr): [8.96889687 3.15380266 3.94506368 3.10000383 5.32708637 3.85511028
 3.59459484 5.56487673 2.27463657 2.26513644]
DEBUG: cosmo_colibre ages (Gyr): [8.95866058 3.15516318 3.94575211 3.10140092 5.32595882 3.85588805
 3.59561238 5.56334924 2.27645515 2.26695836]
DEBUG: us.look_back_time -> ages (Gyr): [8.95866058 3.15516318 3.94575211 3.10140093 5.32595882 3.85588805
 3.59561238 5.56334925 2.27645515 2.26695836]
[31/100] subhalo 495906 done; total_formed=3.459e+00
Building SWIFTGalaxy for subhalo 9054 (soap_index=12781704)
Read masses: Nstars=32388, sum_current=4.256493e+10 Msun
DEBUG: sample z (first valid): [5.55622249 1.54173131 2.05842822 1.64045125 3.35021573 5.7660541
 2.50760009 4.32986337 1.11884901 1.36677501]
DEBUG: Planck15 ages (Gyr): [1.02746802 4.17715603 3.19256949 3.95380957 1.89655994 0.98008379
 2.60987899 1.4008218  5.40976594 4.62647221]
DEBUG: cosmo_colibre ages (Gyr): [1.02940474 4.17759817 3.19390294 3.95448913 1.89848461 0.98200958
 2.61155774 1.40279772 5.40850233 4.62637145]
DEBUG: us.look_back_time -> ages (Gyr): [1.02940474 4.17759817 3.19390294 3.95448914 1.89848462 0.98200959
 2.61155774 1.40279773 5.40850234 4.62637145]
[32/100] subhalo 9054 done; total_formed=7.121e+00
Building SWIFTGalaxy for subhalo 2264 (soap_index=12794143)
Read masses: Nstars=107421, sum_current=1.416017e+11 Msun
DEBUG: sample z (first valid): [0.01972988 0.02637349 0.02221113 0.02675942 0.02921038 0.03011632
 0.03160811 0.035913   0.03610953 0.03821051]
DEBUG: Planck15 ages (Gyr): [13.51688858 13.42416018 13.48215172 13.41880102 13.38483578 13.37231187
 13.35172473 13.29256484 13.28987281 13.26114183]
DEBUG: cosmo_colibre ages (Gyr): [13.4868983  13.39465046 13.45234179 13.38931899 13.35552901 13.34306963
 13.32258846 13.2637323  13.26105405 13.23247014]
DEBUG: us.look_back_time -> ages (Gyr): [13.4868983  13.39465046 13.45234179 13.38931899 13.35552901 13.34306963
 13.32258846 13.2637323  13.26105405 13.23247014]
[33/100] subhalo 2264 done; total_formed=2.367e+01
Building SWIFTGalaxy for subhalo 410936 (soap_index=12794194)
Read masses: Nstars=28902, sum_current=3.778130e+10 Msun
DEBUG: sample z (first valid): [7.26431274 1.52313852 1.76639932 2.09511665 2.58669002 2.39599959
 1.77859747 2.49264549 2.32602517 0.14927048]
DEBUG: Planck15 ages (Gyr): [ 0.72602129  4.22150122  3.69572734  3.13728938  2.52531721  2.73737801
  3.67218825  2.62639199  2.8226299  11.85890214]
DEBUG: cosmo_colibre ages (Gyr): [ 0.72785852  4.22189369  3.69665511  3.13866125  2.52703526  2.73899237
  3.6731373   2.62806276  2.82419774 11.83705913]
DEBUG: us.look_back_time -> ages (Gyr): [ 0.72785852  4.22189369  3.69665512  3.13866125  2.52703526  2.73899237
  3.6731373   2.62806276  2.82419774 11.83705913]
[34/100] subhalo 410936 done; total_formed=6.353e+00
Building SWIFTGalaxy for subhalo 411360 (soap_index=12794201)
Read masses: Nstars=34477, sum_current=4.834589e+10 Msun
DEBUG: sample z (first valid): [1.1354187  1.23626561 1.05596687 1.13125203 1.22972237 1.35419211
 1.61307815 1.39392168 0.97017797 1.54726368]
DEBUG: Planck15 ages (Gyr): [5.35103805 5.01444066 5.64217672 5.36571067 5.03524731 4.6617537
 4.01377058 4.5517963  5.98554684 4.16410575]
DEBUG: cosmo_colibre ages (Gyr): [5.34987142 5.01379898 5.6405135  5.36451996 5.03457468 4.66160654
 4.01438848 4.5517919  5.98324644 4.16456235]
DEBUG: us.look_back_time -> ages (Gyr): [5.34987142 5.01379898 5.6405135  5.36451996 5.03457469 4.66160654
 4.01438849 4.55179191 5.98324644 4.16456236]
[35/100] subhalo 411360 done; total_formed=8.076e+00
Building SWIFTGalaxy for subhalo 231593 (soap_index=12828938)
Read masses: Nstars=339068, sum_current=4.189360e+11 Msun
DEBUG: sample z (first valid): [3.35686744 6.5268175  4.96269675 2.03210882 0.34240066 1.99087258
 1.33923472 1.92180116 4.12801252 2.88246445]
DEBUG: Planck15 ages (Gyr): [1.89225203 0.83535055 1.18438524 3.23321359 9.88081769 3.29861499
 4.7042566  3.41311182 1.48400851 2.24577741]
DEBUG: cosmo_colibre ages (Gyr): [1.89417759 0.8372327  1.18634791 3.23451803 9.86731069 3.29987138
 4.70405281 3.41427998 1.48598335 2.24760603]
DEBUG: us.look_back_time -> ages (Gyr): [1.89417759 0.83723271 1.18634791 3.23451804 9.86731069 3.29987138
 4.70405282 3.41427999 1.48598335 2.24760603]
[36/100] subhalo 231593 done; total_formed=7.034e+01
Building SWIFTGalaxy for subhalo 187985 (soap_index=12864689)
Read masses: Nstars=95161, sum_current=1.251382e+11 Msun
DEBUG: sample z (first valid): [3.55839188 4.93515667 5.02020944 2.16476724 6.30857589 2.82803738
 1.80116259 0.92684935 1.63896271 0.2714574 ]
DEBUG: Planck15 ages (Gyr): [ 1.76902496  1.19262156  1.16748648  3.03655293  0.87304582  2.29327542
  3.62928045  6.17158579  3.95703288 10.54791189]
DEBUG: cosmo_colibre ages (Gyr): [ 1.77097274  1.19458519  1.16944706  3.03799172  0.87494094  2.29508735
  3.63026767  6.16891663  3.95770917 10.53177669]
DEBUG: us.look_back_time -> ages (Gyr): [ 1.77097274  1.1945852   1.16944706  3.03799172  0.87494094  2.29508736
  3.63026767  6.16891663  3.95770917 10.53177669]
[37/100] subhalo 187985 done; total_formed=2.089e+01
Building SWIFTGalaxy for subhalo 3124893 (soap_index=12874955)
Read masses: Nstars=131782, sum_current=1.690917e+11 Msun
DEBUG: sample z (first valid): [5.14380801 4.35162502 3.6377468  3.35976583 2.36013126 2.34162757
 1.41349341 2.60603059 2.12224869 6.74382607]
DEBUG: Planck15 ages (Gyr): [1.13249512 1.39231599 1.72410132 1.89037997 2.78054141 2.80324703
 4.4991492  2.50532274 3.09740702 0.80047609]
DEBUG: cosmo_colibre ages (Gyr): [1.13445086 1.39429184 1.72605566 1.89230591 2.78213256 2.80482569
 4.49921127 2.50704968 3.09880585 0.80234514]
DEBUG: us.look_back_time -> ages (Gyr): [1.13445086 1.39429184 1.72605566 1.89230592 2.78213256 2.80482569
 4.49921127 2.50704969 3.09880585 0.80234515]
[38/100] subhalo 3124893 done; total_formed=2.834e+01
Building SWIFTGalaxy for subhalo 855349 (soap_index=12908895)
Read masses: Nstars=50858, sum_current=7.234363e+10 Msun
DEBUG: sample z (first valid): [0.13188256 0.49189583 5.52294217 6.72830189 1.42384792 0.6542811
 1.21002226 2.95033153 0.89541879 2.8240168 ]
DEBUG: Planck15 ages (Gyr): [12.06415183  8.66345013  1.03533321  0.80288998  4.4716901   7.57848988
  5.09872766  2.18878432  6.3122534   2.29684975]
DEBUG: cosmo_colibre ages (Gyr): [12.04135381  8.65422329  1.03727159  0.80475998  4.47178635  7.57248871
  5.09795942  2.19063183  6.30929436  2.29866039]
DEBUG: us.look_back_time -> ages (Gyr): [12.04135381  8.6542233   1.0372716   0.80475998  4.47178635  7.57248871
  5.09795943  2.19063183  6.30929436  2.29866039]
[39/100] subhalo 855349 done; total_formed=1.191e+01
Building SWIFTGalaxy for subhalo 1690609 (soap_index=12908902)
Read masses: Nstars=121601, sum_current=1.618628e+11 Msun
DEBUG: sample z (first valid): [0.50865562 0.13880587 0.08188061 0.05397234 0.0616212  0.0621718
 0.06334372 1.75616116 4.43912358 5.50352287]
DEBUG: Planck15 ages (Gyr): [ 8.54101272 11.98182822 12.68319993 13.0483534  12.94681855 12.93955257
 12.92410639  3.71567387  1.35896528  1.03996892]
DEBUG: cosmo_colibre ages (Gyr): [ 8.53217815 11.95941516 12.6574273  13.02076234 12.91973773 12.91250813
 12.89713922  3.71658345  1.3609405   1.04190827]
DEBUG: us.look_back_time -> ages (Gyr): [ 8.53217815 11.95941516 12.6574273  13.02076234 12.91973773 12.91250813
 12.89713922  3.71658346  1.3609405   1.04190828]
[40/100] subhalo 1690609 done; total_formed=2.704e+01
Building SWIFTGalaxy for subhalo 182072 (soap_index=12914909)
Read masses: Nstars=322525, sum_current=4.165846e+11 Msun
DEBUG: sample z (first valid): [0.23012238 2.03070662 3.93382519 2.03379317 1.15891422 0.56799694
 0.57842004 1.79853104 4.91106702 6.83923445]
DEBUG: Planck15 ages (Gyr): [10.96704616  3.23540264  1.57206473  3.23058726  5.26947718  8.12770313
  8.05821791  3.63424231  1.19990424  0.78590204]
DEBUG: cosmo_colibre ages (Gyr): [10.94916219  3.2367055   1.57403497  3.2318936   5.26844255  8.12013991
  8.05086038  3.63522515  1.20186869  0.78776529]
DEBUG: us.look_back_time -> ages (Gyr): [10.94916219  3.2367055   1.57403497  3.2318936   5.26844256  8.12013991
  8.05086038  3.63522516  1.20186869  0.78776529]
[41/100] subhalo 182072 done; total_formed=6.969e+01
Building SWIFTGalaxy for subhalo 180347 (soap_index=12923907)
Read masses: Nstars=180562, sum_current=2.400996e+11 Msun
DEBUG: sample z (first valid): [4.780718   6.05370789 1.04276541 1.09742047 1.05416249 1.06152878
 2.85914498 1.72975675 0.71452491 1.14689117]
DEBUG: Planck15 ages (Gyr): [1.24062376 0.92077763 5.6929699  5.4872399  5.64907697 5.62099046
 2.26592766 3.76793049 7.22776757 5.31096524]
DEBUG: cosmo_colibre ages (Gyr): [1.24259223 0.9226875  5.69121595 5.4858459  5.64740149 5.61936472
 2.26774931 3.76879162 7.22268722 5.30986385]
DEBUG: us.look_back_time -> ages (Gyr): [1.24259224 0.9226875  5.69121595 5.4858459  5.64740149 5.61936472
 2.26774931 3.76879162 7.22268723 5.30986385]
[42/100] subhalo 180347 done; total_formed=3.984e+01
Building SWIFTGalaxy for subhalo 1686493 (soap_index=12987248)
Read masses: Nstars=94056, sum_current=1.299583e+11 Msun
DEBUG: sample z (first valid): [2.73935867 0.92300469 0.74725392 5.04464121 1.69385071 0.07063974
 0.08295327 0.06458739 0.06548742 0.06534885]
DEBUG: Planck15 ages (Gyr): [ 2.37429789  6.18852876  7.04753369  1.16042854  3.84092817 12.82852409
 12.66945388 12.90774277 12.89591896 12.89773831]
DEBUG: cosmo_colibre ages (Gyr): [ 2.37607937  6.18582519  7.04290323  1.1623882   3.84171972 12.80203329
 12.6437488  12.88085738 12.8690926  12.87090287]
DEBUG: us.look_back_time -> ages (Gyr): [ 2.37607937  6.18582519  7.04290323  1.16238821  3.84171972 12.80203329
 12.6437488  12.88085738 12.8690926  12.87090287]
[43/100] subhalo 1686493 done; total_formed=2.152e+01
Building SWIFTGalaxy for subhalo 413042 (soap_index=13006623)
Read masses: Nstars=25366, sum_current=3.867448e+10 Msun
DEBUG: sample z (first valid): [0.1004097  0.63971177 1.67079632 0.10867506 0.1057569  0.1099519
 5.18147519 1.75894586 0.29949239 0.82226671]
DEBUG: Planck15 ages (Gyr): [12.44867412  7.66720395  3.88901458 12.34603075 12.38213278 12.33028107
  1.12217629  3.7102313  10.27669316  6.65962867]
DEBUG: cosmo_colibre ages (Gyr): [12.42404476  7.66096036  3.88975907 12.32189555 12.3578242  12.30622135
  1.12413046  3.71114586 10.26164986  6.65591274]
DEBUG: us.look_back_time -> ages (Gyr): [12.42404476  7.66096036  3.88975907 12.32189555 12.35782421 12.30622136
  1.12413046  3.71114586 10.26164987  6.65591274]
[44/100] subhalo 413042 done; total_formed=6.122e+00
Building SWIFTGalaxy for subhalo 3163928 (soap_index=13006714)
Read masses: Nstars=32077, sum_current=4.502911e+10 Msun
DEBUG: sample z (first valid): [0.76761247 0.38918094 0.44786144 0.72245585 5.70445013 5.20664836
 2.21128969 8.66322619 2.07709644 2.2653712 ]
DEBUG: Planck15 ages (Gyr): [6.93888013 9.47411123 8.99788551 7.18344955 0.99361276 1.11536688
 2.97217902 0.57406163 3.16424411 2.90010985]
DEBUG: cosmo_colibre ages (Gyr): [6.93451322 9.46210985 8.98755114 7.1784813  0.99554183 1.11731998
 2.9736585  0.57581439 3.1655974  2.90163299]
DEBUG: us.look_back_time -> ages (Gyr): [6.93451323 9.46210985 8.98755114 7.1784813  0.99554184 1.11731998
 2.9736585  0.57581439 3.1655974  2.90163299]
[45/100] subhalo 3163928 done; total_formed=7.503e+00
Building SWIFTGalaxy for subhalo 5905616 (soap_index=13048564)
Read masses: Nstars=24838, sum_current=3.303517e+10 Msun
DEBUG: sample z (first valid): [0.32075776 3.69455587 4.51139517 6.34626163 1.30744314 2.66409482
 0.88235294 8.70256866 1.85958635 2.09132075]
DEBUG: Planck15 ages (Gyr): [10.07766569  1.69308826  1.33240534  0.86633694  4.79668148  2.44683381
  6.37220421  0.57056812  3.52189411  3.14293603]
DEBUG: cosmo_colibre ages (Gyr): [10.06340339  1.69504664  1.33437966  0.86822983  4.79635175  2.44858591
  6.36911871  0.57231858  3.52297359  3.14430403]
DEBUG: us.look_back_time -> ages (Gyr): [10.06340339  1.69504665  1.33437966  0.86822984  4.79635176  2.44858591
  6.36911871  0.57231858  3.52297359  3.14430403]
[46/100] subhalo 5905616 done; total_formed=5.545e+00
Building SWIFTGalaxy for subhalo 76441 (soap_index=13064251)
Read masses: Nstars=34272, sum_current=4.434428e+10 Msun
DEBUG: sample z (first valid): [2.72787258 1.37983877 2.10862347 2.46861437 8.90119353 3.59321559
 4.77867913 2.84917185 4.29840731 4.48739848]
DEBUG: Planck15 ages (Gyr): [2.38513709 4.59029285 3.11733095 2.65328955 0.55345822 1.74907512
 1.24127884 2.27463657 1.41327005 1.34112798]
DEBUG: cosmo_colibre ages (Gyr): [2.3869143  4.59023908 3.11871639 2.65494707 0.5551971  1.75102591
 1.24324737 2.27645515 1.41524602 1.34310263]
DEBUG: us.look_back_time -> ages (Gyr): [2.3869143  4.59023909 3.11871639 2.65494707 0.5551971  1.75102592
 1.24324737 2.27645515 1.41524602 1.34310264]
[47/100] subhalo 76441 done; total_formed=7.485e+00
Building SWIFTGalaxy for subhalo 396399 (soap_index=13064270)
Read masses: Nstars=83797, sum_current=1.118083e+11 Msun
DEBUG: sample z (first valid): [0.36294817 1.87337776 1.34040426 0.2792005  0.2059473  1.19963751
 3.40370918 2.72448284 3.98410526 0.52835821]
DEBUG: Planck15 ages (Gyr): [ 9.69908747  3.49729746  4.70091094 10.47197605 11.22336497  5.13270462
  1.86236816  2.38835151  1.54844906  8.40035666]
DEBUG: cosmo_colibre ages (Gyr): [ 9.68626244  3.49839741  4.70071164 10.45614975 11.2043757   5.13188445
  1.86429967  2.39012744  1.55042087  8.39196393]
DEBUG: us.look_back_time -> ages (Gyr): [ 9.68626244  3.49839741  4.70071165 10.45614975 11.2043757   5.13188445
  1.86429968  2.39012745  1.55042088  8.39196393]
[48/100] subhalo 396399 done; total_formed=1.861e+01
Building SWIFTGalaxy for subhalo 835321 (soap_index=13064313)
Read masses: Nstars=21507, sum_current=2.959181e+10 Msun
DEBUG: sample z (first valid): [5.63655696 1.98189098 2.39213251 0.79925324 0.90555943 0.77258466
 1.17886828 0.63219765 0.5731157  3.21534701]
DEBUG: Planck15 ages (Gyr): [1.00888599 3.3131465  2.74197854 6.77506118 6.26632743 6.91273507
 5.20174635 7.71357622 8.09346675 1.98753089]
DEBUG: cosmo_colibre ages (Gyr): [1.0108186  3.31439198 2.74359046 6.77108077 6.26346408 6.90843073
 5.200819   7.70720439 8.08600516 1.98943512]
DEBUG: us.look_back_time -> ages (Gyr): [1.0108186  3.31439199 2.74359046 6.77108077 6.26346408 6.90843073
 5.20081901 7.70720439 8.08600516 1.98943512]
[49/100] subhalo 835321 done; total_formed=4.939e+00
Building SWIFTGalaxy for subhalo 1731973 (soap_index=13122805)
Read masses: Nstars=52695, sum_current=7.329251e+10 Msun
DEBUG: sample z (first valid): [2.4774488  4.15950244 2.72829673 2.74705546 1.5142331  5.24449738
 0.1746487  4.30269439 0.09511396 0.01947607]
DEBUG: Planck15 ages (Gyr): [ 2.64334896  1.47049903  2.38473537  2.3670799   4.24301073  1.10525693
 11.56814154  1.41156273 12.51507407 13.52044887]
DEBUG: cosmo_colibre ages (Gyr): [ 2.6450114   1.47247426  2.38651274  2.36886419  4.2433788   1.10720839
 11.5476238   1.41353869 12.49012301 13.49044008]
DEBUG: us.look_back_time -> ages (Gyr): [ 2.64501141  1.47247427  2.38651274  2.36886419  4.2433788   1.1072084
 11.5476238   1.4135387  12.49012301 13.49044008]
[50/100] subhalo 1731973 done; total_formed=1.205e+01
Building SWIFTGalaxy for subhalo 14421 (soap_index=13231270)
Read masses: Nstars=20191, sum_current=2.843905e+10 Msun
DEBUG: sample z (first valid): [0.39059582 1.32150195 0.54741216 1.01910161 0.89191686 0.93367166
 4.85770468 4.97138952 2.99853569 6.85520796]
DEBUG: Planck15 ages (Gyr): [9.46219558 4.75545467 8.26760718 5.78583708 6.32823513 6.14169828
 1.21630198 1.18180511 2.14973736 0.7835051 ]
DEBUG: cosmo_colibre ages (Gyr): [9.45023719 4.7551816  8.25962278 5.7839141  6.32524255 6.13908948
 1.21826816 1.18376747 2.1515971  0.78536738]
DEBUG: us.look_back_time -> ages (Gyr): [9.45023719 4.7551816  8.25962278 5.7839141  6.32524255 6.13908948
 1.21826816 1.18376747 2.15159711 0.78536738]
[51/100] subhalo 14421 done; total_formed=4.702e+00
Building SWIFTGalaxy for subhalo 868719 (soap_index=13239319)
Read masses: Nstars=35931, sum_current=4.592170e+10 Msun
DEBUG: sample z (first valid): [4.30269439 4.60711841 0.36442372 3.16022345 0.59859498 0.59859498
 2.01592269 4.0350338  9.07858516 4.79554298]
DEBUG: Planck15 ages (Gyr): [1.41156273 1.29852939 9.68622597 2.02680857 7.92624382 7.92624382
 3.25863064 1.52512216 0.53888614 1.2358778 ]
DEBUG: cosmo_colibre ages (Gyr): [1.41353869 1.30050206 9.67344865 2.02870296 7.91927054 7.91927054
 3.25991661 1.52709529 0.54061478 1.23784585]
DEBUG: us.look_back_time -> ages (Gyr): [1.4135387  1.30050207 9.67344865 2.02870297 7.91927054 7.91927054
 3.25991661 1.52709529 0.54061479 1.23784585]
[52/100] subhalo 868719 done; total_formed=7.679e+00
Building SWIFTGalaxy for subhalo 81928 (soap_index=13296048)
Read masses: Nstars=35859, sum_current=4.716349e+10 Msun
DEBUG: sample z (first valid): [0.08474576 0.12203808 0.06861466 0.06805737 0.07049984 0.06854497
 0.06777894 0.07393812 0.07407893 0.0757715 ]
DEBUG: Planck15 ages (Gyr): [12.64652997 12.18259817 12.85495384 12.86224066 12.83034759 12.85586479
 12.86588341 12.78563985 12.78381362 12.76189022]
DEBUG: cosmo_colibre ages (Gyr): [12.62093739 12.15924184 12.82833162 12.83558218 12.80384772 12.82923804
 12.83920678 12.75936174 12.75754456 12.73572962]
DEBUG: us.look_back_time -> ages (Gyr): [12.62093739 12.15924185 12.82833162 12.83558218 12.80384772 12.82923804
 12.83920678 12.75936174 12.75754456 12.73572962]
[53/100] subhalo 81928 done; total_formed=7.883e+00
Building SWIFTGalaxy for subhalo 198185 (soap_index=13336556)
Read masses: Nstars=32799, sum_current=4.225381e+10 Msun
DEBUG: sample z (first valid): [2.09599395 2.31391586 0.52253508 1.97863831 0.73559322 1.39935564
 1.57610063 3.24538447 2.07248008 5.5964771 ]
DEBUG: Planck15 ages (Gyr): [3.1359867  2.83782531 8.4415646  3.31843485 7.11094887 4.53708046
 4.09713523 1.96665435 3.17121023 1.01808638]
DEBUG: cosmo_colibre ages (Gyr): [3.13735945 2.83938456 8.4330434  3.31967634 7.10616193 4.53709477
 4.09766488 1.96856355 3.17255867 1.02002105]
DEBUG: us.look_back_time -> ages (Gyr): [3.13735945 2.83938457 8.4330434  3.31967634 7.10616193 4.53709477
 4.09766488 1.96856355 3.17255867 1.02002106]
[54/100] subhalo 198185 done; total_formed=7.101e+00
Building SWIFTGalaxy for subhalo 197903 (soap_index=13363619)
Read masses: Nstars=24462, sum_current=3.467673e+10 Msun
DEBUG: sample z (first valid): [4.65306651 0.78923228 1.59589638 1.58933228 3.57685593 0.42817294
 0.31103465 0.64795816 3.67080037 4.00465827]
DEBUG: Planck15 ages (Gyr): [ 1.28277292  6.82629333  4.0521622   4.06698615  1.75840063  9.15364635
 10.16796447  7.61679823  1.70594355  1.53896442]
DEBUG: cosmo_colibre ages (Gyr): [ 1.28474463  6.82219345  4.05273983  4.06754806  1.76035004  9.14277829
 10.15334998  7.61069284  1.70790031  1.5409368 ]
DEBUG: us.look_back_time -> ages (Gyr): [ 1.28474463  6.82219345  4.05273983  4.06754806  1.76035004  9.14277829
 10.15334998  7.61069285  1.70790031  1.5409368 ]
[55/100] subhalo 197903 done; total_formed=5.768e+00
Building SWIFTGalaxy for subhalo 13444 (soap_index=13372721)
Read masses: Nstars=61564, sum_current=8.369042e+10 Msun
DEBUG: sample z (first valid): [6.19859402 0.16380168 0.82044444 0.51255539 0.2857255  4.76292649
 5.1565054  0.69378683 0.52098032 3.79064327]
DEBUG: Planck15 ages (Gyr): [ 0.89312697 11.69116048  6.66865767  8.51289403 10.40859898  1.24635947
  1.12899916  7.34564961  8.45261823  1.64269091]
DEBUG: cosmo_colibre ages (Gyr): [ 0.89502852 11.67008602  6.66492129  8.50414854 10.39302859  1.24832844
  1.13095437  7.34026645  8.44406243  1.64465499]
DEBUG: us.look_back_time -> ages (Gyr): [ 0.89502852 11.67008602  6.66492129  8.50414854 10.39302859  1.24832844
  1.13095437  7.34026646  8.44406243  1.644655  ]
[56/100] subhalo 13444 done; total_formed=1.387e+01
Building SWIFTGalaxy for subhalo 13503 (soap_index=13377692)
Read masses: Nstars=213424, sum_current=2.714504e+11 Msun
DEBUG: sample z (first valid): [3.43500034 0.76761247 0.58161985 1.44866238 0.6034449  9.1866791
 2.15289137 3.39455509 1.02209195 2.60881057]
DEBUG: Planck15 ages (Gyr): [1.84283732 6.93888013 8.0370661  4.40696921 7.89500499 0.53031642
 3.05335196 1.86814663 5.77397068 2.50247018]
DEBUG: cosmo_colibre ages (Gyr): [1.84477253 6.93451322 8.02977072 4.4071447  7.88812143 0.53203889
 3.05477986 1.87007702 5.77206952 2.50419838]
DEBUG: us.look_back_time -> ages (Gyr): [1.84477253 6.93451323 8.02977072 4.4071447  7.88812143 0.53203889
 3.05477986 1.87007702 5.77206952 2.50419838]
[57/100] subhalo 13503 done; total_formed=4.542e+01
Building SWIFTGalaxy for subhalo 3207662 (soap_index=13460387)
Read masses: Nstars=60074, sum_current=8.482299e+10 Msun
DEBUG: sample z (first valid): [5.77304671 5.85594727 0.09233949 0.16454617 0.04757033 2.42510714
 6.40603458 0.29221547 0.29753702 0.08928928]
DEBUG: Planck15 ages (Gyr): [ 0.97856748  0.96088375 12.55006126 11.68265759 13.13419945  2.70315267
  0.85587025 10.34611192 10.29527993 12.58868518]
DEBUG: cosmo_colibre ages (Gyr): [ 0.98049289  0.96280467 12.52494007 11.6616218  13.10617425  2.70478492
  0.85775961 10.33079217 10.28016282 12.56337565]
DEBUG: us.look_back_time -> ages (Gyr): [ 0.98049289  0.96280467 12.52494007 11.6616218  13.10617425  2.70478493
  0.85775961 10.33079217 10.28016282 12.56337565]
[58/100] subhalo 3207662 done; total_formed=1.398e+01
Building SWIFTGalaxy for subhalo 13784617 (soap_index=13521371)
Read masses: Nstars=28963, sum_current=3.843785e+10 Msun
DEBUG: sample z (first valid): [6.42113011 9.63033252 6.42113011 3.90392098 4.79246951 4.21202481
 0.72499474 5.89780023 2.35119656 0.6694518 ]
DEBUG: Planck15 ages (Gyr): [0.85326012 0.49740603 0.85326012 1.58639473 1.23685924 1.44841526
 7.16935019 0.95215666 2.79146723 7.4877631 ]
DEBUG: cosmo_colibre ages (Gyr): [0.85514858 0.49910355 0.85514858 1.5883639  1.23882738 1.45039096
 7.1644174  0.95407528 2.79305239 7.48200587]
DEBUG: us.look_back_time -> ages (Gyr): [0.85514858 0.49910355 0.85514858 1.5883639  1.23882738 1.45039096
 7.1644174  0.95407528 2.79305239 7.48200587]
[59/100] subhalo 13784617 done; total_formed=6.414e+00
Building SWIFTGalaxy for subhalo 13848 (soap_index=13554197)
Read masses: Nstars=40995, sum_current=5.417124e+10 Msun
DEBUG: sample z (first valid): [0.41779162 1.45858343 5.32098765 3.78574558 1.81415321 1.81972292
 2.1981261  1.05313283 1.942793   0.84359176]
DEBUG: Planck15 ages (Gyr): [9.23738671 4.38151341 1.08528391 1.64519936 3.60494676 3.59459484
 2.99016545 5.65302049 3.37763749 6.55535834]
DEBUG: cosmo_colibre ages (Gyr): [9.22622707 4.38171957 1.08723195 1.64716318 3.6059553  3.59561238
 2.99163372 5.651338   3.37883355 6.55187575]
DEBUG: us.look_back_time -> ages (Gyr): [9.22622707 4.38171957 1.08723195 1.64716319 3.6059553  3.59561238
 2.99163372 5.651338   3.37883355 6.55187575]
[60/100] subhalo 13848 done; total_formed=8.986e+00
Building SWIFTGalaxy for subhalo 920514 (soap_index=13554229)
Read masses: Nstars=160186, sum_current=2.130350e+11 Msun
DEBUG: sample z (first valid): [6.31591873 6.31591873 1.25024035 8.6143182  1.944115   4.29755072
 1.05416249 3.45762481 3.33267222 1.0230907 ]
DEBUG: Planck15 ages (Gyr): [0.87173188 0.87173188 4.97045856 0.57845436 3.37542354 1.4136116
 5.64907697 1.82892598 1.90799995 5.77001592]
DEBUG: cosmo_colibre ages (Gyr): [0.87362656 0.87362656 4.96988162 0.58021    3.37662132 1.41558756
 5.64740149 1.83086373 1.90992223 5.76812202]
DEBUG: us.look_back_time -> ages (Gyr): [0.87362657 0.87362657 4.96988162 0.58021    3.37662133 1.41558757
 5.64740149 1.83086373 1.90992224 5.76812202]
[61/100] subhalo 920514 done; total_formed=3.546e+01
Building SWIFTGalaxy for subhalo 14722 (soap_index=13574706)
Read masses: Nstars=72717, sum_current=9.587716e+10 Msun
DEBUG: sample z (first valid): [2.02287823 2.89631391 3.03546798 7.5200208  1.03338504 0.70205693
 0.50022892 4.75735746 1.45434799 0.98353511]
DEBUG: Planck15 ages (Gyr): [3.24766854 2.2339496  2.1205923  0.69355723 5.72950017 7.29828961
 8.60224809 1.24816389 4.39235188 5.92996145]
DEBUG: cosmo_colibre ages (Gyr): [3.24896251 2.23578224 2.12246078 0.69537879 5.72768022 7.29302892
 8.59321822 1.25013301 4.39254502 5.927768  ]
DEBUG: us.look_back_time -> ages (Gyr): [3.24896251 2.23578224 2.12246078 0.69537879 5.72768022 7.29302893
 8.59321822 1.25013301 4.39254502 5.92776801]
[62/100] subhalo 14722 done; total_formed=1.605e+01
Building SWIFTGalaxy for subhalo 16061 (soap_index=13588472)
Read masses: Nstars=63279, sum_current=7.944814e+10 Msun
DEBUG: sample z (first valid): [4.60711841e+00 1.41296024e+00 1.51925886e+00 4.66430424e+00
 1.75894586e+00 3.06109955e-03 7.13101737e+00 3.21128390e+00
 3.51225558e+00 8.73956308e-01]
DEBUG: Planck15 ages (Gyr): [ 1.29852939  4.50057045  4.23085022  1.27896753  3.7102313  13.75352929
  0.74395953  1.99038295  1.79604154  6.4111998 ]
DEBUG: cosmo_colibre ages (Gyr): [ 1.30050206  4.50063073  4.23123211  1.28093898  3.71114586 13.72230016
  0.74580494  1.99228648  1.79798497  6.40803112]
DEBUG: us.look_back_time -> ages (Gyr): [ 1.30050207  4.50063074  4.23123212  1.28093899  3.71114586 13.72230016
  0.74580494  1.99228648  1.79798498  6.40803112]
[63/100] subhalo 16061 done; total_formed=1.333e+01
Building SWIFTGalaxy for subhalo 205578 (soap_index=13646246)
Read masses: Nstars=17504, sum_current=2.228315e+10 Msun
DEBUG: sample z (first valid): [3.06828481 0.92979976 2.86278439 2.77685569 0.65294592 6.10417344
 2.18506998 0.14573427 0.11813281 2.69050569]
DEBUG: Planck15 ages (Gyr): [ 2.09523806  6.15863266  2.26276327  2.33947149  7.58655477  0.91098703
  3.00818172 11.90024022 12.23004216  2.42096947]
DEBUG: cosmo_colibre ages (Gyr): [ 2.09711388  6.15598971  2.26458602  2.34126636  7.58053171  0.91289402
  3.00963864 11.87820615 12.20646074  2.42273227]
DEBUG: us.look_back_time -> ages (Gyr): [ 2.09711388  6.15598971  2.26458602  2.34126636  7.58053171  0.91289402
  3.00963864 11.87820615 12.20646074  2.42273227]
[64/100] subhalo 205578 done; total_formed=3.759e+00
Building SWIFTGalaxy for subhalo 928802 (soap_index=13745570)
Read masses: Nstars=43479, sum_current=5.912423e+10 Msun
DEBUG: sample z (first valid): [5.45039370e+00 4.04461331e-03 4.20126984e+00 4.47094153e-01
 6.51215039e+00 4.90520815e+00 2.90281934e-01 7.80091318e+00
 4.28644027e+00 1.06777308e+00]
DEBUG: Planck15 ages (Gyr): [ 1.05282954 13.73940635  1.45289238  9.0038819   0.8377985   1.20168664
 10.3646715   0.66058803  1.41805407  5.59735389]
DEBUG: cosmo_colibre ages (Gyr): [ 1.05477149 13.70825165  1.45486801  8.9935272   0.83968153  1.20365128
 10.34927748  0.66239244  1.42003004  5.59576972]
DEBUG: us.look_back_time -> ages (Gyr): [ 1.05477149 13.70825165  1.45486801  8.9935272   0.83968154  1.20365128
 10.34927748  0.66239244  1.42003004  5.59576972]
[65/100] subhalo 928802 done; total_formed=9.839e+00
Building SWIFTGalaxy for subhalo 1853681 (soap_index=13862181)
Read masses: Nstars=25686, sum_current=3.540232e+10 Msun
DEBUG: sample z (first valid): [6.71283983 5.05693161 2.43732298 1.22231265 1.33923472 2.74320311
 2.19563097 3.5615647  4.26520447 3.40370918]
DEBUG: Planck15 ages (Gyr): [0.80530626 1.15690478 2.6889978  5.05897564 4.7042566  2.37068808
 2.99359482 1.76719175 1.42660982 1.86236816]
DEBUG: cosmo_colibre ages (Gyr): [0.80717719 1.15886397 2.69063732 5.0582675  4.70405281 2.37247097
 2.99506094 1.76913981 1.42858575 1.86429967]
DEBUG: us.look_back_time -> ages (Gyr): [0.8071772  1.15886398 2.69063732 5.0582675  4.70405282 2.37247097
 2.99506095 1.76913982 1.42858576 1.86429968]
[66/100] subhalo 1853681 done; total_formed=5.866e+00
Building SWIFTGalaxy for subhalo 219521 (soap_index=13989592)
Read masses: Nstars=59698, sum_current=8.105807e+10 Msun
DEBUG: sample z (first valid): [0.57674911 2.22234241 1.41527235 1.27019537 3.03546798 2.04733563
 1.46357417 2.56290095 1.31249118 4.76901408]
DEBUG: Planck15 ages (Gyr): [8.0692967  2.95721324 4.4944124  4.90871211 2.1205923  3.20959709
 4.36879725 2.55027294 4.78181283 1.24439198]
DEBUG: cosmo_colibre ages (Gyr): [8.06190652 2.95870195 4.49448039 4.90822458 2.12246078 3.21091847
 4.36901863 2.55197968 4.78150363 1.24636078]
DEBUG: us.look_back_time -> ages (Gyr): [8.06190652 2.95870195 4.49448039 4.90822458 2.12246078 3.21091847
 4.36901863 2.55197968 4.78150363 1.24636078]
[67/100] subhalo 219521 done; total_formed=1.354e+01
Building SWIFTGalaxy for subhalo 957316 (soap_index=14009493)
Read masses: Nstars=15116, sum_current=1.955025e+10 Msun
DEBUG: sample z (first valid): [4.18030195 5.623143   7.38270657 3.46673937 3.59547016 2.76600391
 1.22351903 1.36319054 6.72830189 3.13502429]
DEBUG: Planck15 ages (Gyr): [1.46168724 1.01194975 0.71068305 1.82337064 1.74779636 2.34946341
 5.0551003  4.63647912 0.80288998 2.04519303]
DEBUG: cosmo_colibre ages (Gyr): [1.46366269 1.01388306 0.71251301 1.82530938 1.74974734 2.35125449
 5.05439797 4.63636526 0.80475998 2.0470826 ]
DEBUG: us.look_back_time -> ages (Gyr): [1.46366269 1.01388306 0.71251302 1.82530938 1.74974734 2.35125449
 5.05439797 4.63636526 0.80475998 2.04708261]
[68/100] subhalo 957316 done; total_formed=3.261e+00
Building SWIFTGalaxy for subhalo 469709 (soap_index=14020329)
Read masses: Nstars=16228, sum_current=2.180833e+10 Msun
DEBUG: sample z (first valid): [4.53934579 4.43371196 0.54741216 0.35404959 0.25126012 5.65002537
 1.01388974 0.65545115 0.3505894  0.11706552]
DEBUG: Planck15 ages (Gyr): [ 1.32236353  1.36098937  8.26760718  9.77718451 10.74976979  1.00582526
  5.80661087  7.57143313  9.80780101 12.2430538 ]
DEBUG: cosmo_colibre ages (Gyr): [ 1.32433742  1.36296464  8.25962278  9.76406822 10.73280156  1.00775717
  5.80464951  7.56545107  9.79456979 12.2194105 ]
DEBUG: us.look_back_time -> ages (Gyr): [ 1.32433743  1.36296464  8.25962278  9.76406822 10.73280156  1.00775718
  5.80464951  7.56545108  9.79456979 12.2194105 ]
[69/100] subhalo 469709 done; total_formed=3.591e+00
Building SWIFTGalaxy for subhalo 1949263 (soap_index=14022911)
Read masses: Nstars=186334, sum_current=2.504921e+11 Msun
DEBUG: sample z (first valid): [3.61423643 1.09420336 7.80091318 5.99647699 1.29467787 2.89353612
 7.537224   4.44997921 1.27255704 1.55720306]
DEBUG: Planck15 ages (Gyr): [1.7372122  5.49902252 0.66058803 0.93209406 4.83461194 2.23631366
 0.69146003 1.35492002 4.90148542 4.14082443]
DEBUG: cosmo_colibre ages (Gyr): [1.73916471 5.49760844 0.66239244 0.93400717 4.83422942 2.2381455
 0.69328053 1.35689512 4.90100824 4.14130664]
DEBUG: us.look_back_time -> ages (Gyr): [1.73916471 5.49760844 0.66239244 0.93400717 4.83422943 2.2381455
 0.69328053 1.35689513 4.90100824 4.14130665]
[70/100] subhalo 1949263 done; total_formed=4.162e+01
Building SWIFTGalaxy for subhalo 98235 (soap_index=14117531)
Read masses: Nstars=104395, sum_current=1.380994e+11 Msun
DEBUG: sample z (first valid): [1.71033912 7.13101737 7.67681716 1.10064748 1.40428498 0.07803658
 5.82098251 3.00268735 0.0299868  0.02882261]
DEBUG: Planck15 ages (Gyr): [ 3.80712482  0.74395953  0.67482519  5.47546104  4.5237971  12.73263409
  0.96827691  2.1464282  13.37410134 13.39020145]
DEBUG: cosmo_colibre ages (Gyr): [ 3.80794886  0.74580494  0.67663716  5.47408705  4.52382821 12.70661799
  0.97019974  2.14828895 13.34484989 13.36086703]
DEBUG: us.look_back_time -> ages (Gyr): [ 3.80794886  0.74580494  0.67663716  5.47408705  4.52382821 12.70661799
  0.97019974  2.14828895 13.34484989 13.36086703]
[71/100] subhalo 98235 done; total_formed=2.294e+01
Building SWIFTGalaxy for subhalo 490163 (soap_index=14148424)
Read masses: Nstars=51873, sum_current=7.128927e+10 Msun
DEBUG: sample z (first valid): [0.81279044 0.69203759 0.8910434  0.81078691 2.9460501  6.05370789
 4.91106702 5.1686747  7.36558591 0.73210699]
DEBUG: Planck15 ages (Gyr): [6.70678945 7.35572706 6.33223116 6.71682658 2.19230895 0.92077763
 1.19990424 1.12566538 0.7128676  7.13007844]
DEBUG: cosmo_colibre ages (Gyr): [6.70296625 7.3503177  6.32923017 6.7129804  2.19415533 0.9226875
 1.20186869 1.12762009 0.71469862 7.1252439 ]
DEBUG: us.look_back_time -> ages (Gyr): [6.70296625 7.3503177  6.32923017 6.7129804  2.19415533 0.9226875
 1.20186869 1.12762009 0.71469862 7.12524391]
[72/100] subhalo 490163 done; total_formed=1.185e+01
Building SWIFTGalaxy for subhalo 230447 (soap_index=14171092)
Read masses: Nstars=27956, sum_current=3.995091e+10 Msun
DEBUG: sample z (first valid): [5.85594727 3.10987081 2.24725002 7.45080593 1.58280129 4.1643814
 1.06101013 1.78284501 2.18754864 0.45196739]
DEBUG: Planck15 ages (Gyr): [0.96088375 2.06382046 2.92393633 0.7021029  4.08182244 1.46842415
 5.6229608  3.66404877 3.00474775 8.96589747]
DEBUG: cosmo_colibre ages (Gyr): [0.96280467 2.06570504 2.92544525 0.7039287  4.08236852 1.47039943
 5.62133158 3.66500511 3.00620685 8.95567131]
DEBUG: us.look_back_time -> ages (Gyr): [0.96280467 2.06570504 2.92544526 0.7039287  4.08236853 1.47039944
 5.62133159 3.66500511 3.00620685 8.95567131]
[73/100] subhalo 230447 done; total_formed=6.634e+00
Building SWIFTGalaxy for subhalo 222529 (soap_index=14194958)
Read masses: Nstars=23574, sum_current=3.149483e+10 Msun
DEBUG: sample z (first valid): [0.0224663  0.0265021  0.02534577 0.024      0.16512587 0.14749965
 0.15624559 1.60249384 3.37694517 1.61037202]
DEBUG: Planck15 ages (Gyr): [13.4785865  13.42237391 13.43844624 13.45718557 11.6760428  11.87957747
 11.77796017  4.03735066  1.87934652  4.01977817]
DEBUG: cosmo_colibre ages (Gyr): [13.44879506 13.39287342 13.40886266 13.42750502 11.65503708 11.85763899
 11.75648936  4.0379439   1.88127469  4.02038981]
DEBUG: us.look_back_time -> ages (Gyr): [13.44879506 13.39287342 13.40886266 13.42750502 11.65503708 11.85763899
 11.75648936  4.03794391  1.8812747   4.02038981]
[74/100] subhalo 222529 done; total_formed=5.280e+00
Building SWIFTGalaxy for subhalo 1926494 (soap_index=14198603)
Read masses: Nstars=135028, sum_current=1.863504e+11 Msun
DEBUG: sample z (first valid): [1.93821043e-01 3.68013997e+00 1.11025245e+00 1.17222406e+00
 6.68120019e+00 8.21253891e-01 2.67594159e-02 1.56245589e-01
 6.14099730e-03 1.05160202e-01]
DEBUG: Planck15 ages (Gyr): [11.35517824  1.70087021  5.44063749  5.22414493  0.81028847  6.66464468
 13.41880102 11.77796017 13.70937061 12.38953322]
DEBUG: cosmo_colibre ages (Gyr): [11.33561021  1.70282762  5.43932226  5.22318234  0.81216132  6.66091739
 13.38931899 11.75648936 13.67837401 12.36518905]
DEBUG: us.look_back_time -> ages (Gyr): [11.33561021  1.70282762  5.43932226  5.22318234  0.81216132  6.66091739
 13.38931899 11.75648936 13.67837401 12.36518905]
[75/100] subhalo 1926494 done; total_formed=3.083e+01
Building SWIFTGalaxy for subhalo 100717 (soap_index=14220602)
Read masses: Nstars=32417, sum_current=4.568509e+10 Msun
DEBUG: sample z (first valid): [5.09750651 3.66116643 2.02594884 5.15015015 5.09750651 2.31458628
 0.84546069 1.05945572 0.87053317 2.64656132]
DEBUG: Planck15 ages (Gyr): [1.14539683 1.71120309 3.24284832 1.1307467  1.14539683 2.83698052
 6.54634081 5.62887242 6.42720406 2.46425677]
DEBUG: cosmo_colibre ages (Gyr): [1.14735444 1.71315916 3.24414579 1.13270218 1.14735444 2.83854025
 6.54287815 5.62723276 6.42400103 2.46600151]
DEBUG: us.look_back_time -> ages (Gyr): [1.14735444 1.71315916 3.2441458  1.13270218 1.14735444 2.83854026
 6.54287815 5.62723276 6.42400103 2.46600151]
[76/100] subhalo 100717 done; total_formed=7.598e+00
Building SWIFTGalaxy for subhalo 102268 (soap_index=14337754)
Read masses: Nstars=45875, sum_current=6.319658e+10 Msun
DEBUG: sample z (first valid): [1.30630631 1.52177928 2.86871311 1.10916581 1.28762915 1.67472043
 5.43772102 4.43371196 9.458985   5.3950039 ]
DEBUG: Planck15 ages (Gyr): [4.80004012 4.22477285 2.25762396 5.44455959 4.85576205 3.8807611
 1.05593618 1.36098937 0.50970362 1.06652105]
DEBUG: cosmo_colibre ages (Gyr): [4.79970575 4.22516162 2.2594485  5.44323778 4.85534981 3.88151373
 1.05787874 1.36296464 0.51141069 1.06846565]
DEBUG: us.look_back_time -> ages (Gyr): [4.79970576 4.22516163 2.2594485  5.44323778 4.85534982 3.88151374
 1.05787875 1.36296464 0.5114107  1.06846565]
[77/100] subhalo 102268 done; total_formed=1.049e+01
Building SWIFTGalaxy for subhalo 1043180 (soap_index=14352976)
Read masses: Nstars=33593, sum_current=4.596328e+10 Msun
DEBUG: sample z (first valid): [0.22892289 1.09849504 1.16119245 0.71506333 3.35570916 0.31345198
 0.24811457 0.25924218 0.25001907 0.25924218]
DEBUG: Planck15 ages (Gyr): [10.9795647   5.48331319  5.26167354  7.22474562  1.89300101 10.145405
 10.78170824 10.66933347 10.76235449 10.66933347]
DEBUG: cosmo_colibre ages (Gyr): [10.96162737  5.48192587  5.26065138  7.21967295  1.89492642 10.13087883
 10.76460664 10.65269925 10.74533376 10.65269925]
DEBUG: us.look_back_time -> ages (Gyr): [10.96162737  5.48192587  5.26065138  7.21967295  1.89492642 10.13087883
 10.76460664 10.65269925 10.74533376 10.65269925]
[78/100] subhalo 1043180 done; total_formed=7.614e+00
Building SWIFTGalaxy for subhalo 495917 (soap_index=14356456)
Read masses: Nstars=22507, sum_current=3.016596e+10 Msun
DEBUG: sample z (first valid): [0.50408519 5.06646302 0.60832433 5.26958768 5.00201484 0.15747086
 0.00818411 0.01173274 3.65190233 7.29779691]
DEBUG: Planck15 ages (Gyr): [ 8.57414408  1.15418426  7.86376357  1.09863857  1.17278903 11.76382285
 13.68018644 13.62970361  1.71628608  0.72162791]
DEBUG: cosmo_colibre ages (Gyr): [ 8.56520406  1.15614308  7.85696927  1.10058892  1.17475028 11.74241679
 13.64934318 13.59912495  1.71824148  0.72346309]
DEBUG: us.look_back_time -> ages (Gyr): [ 8.56520406  1.15614309  7.85696927  1.10058893  1.17475029 11.74241679
 13.64934318 13.59912495  1.71824148  0.72346309]
[79/100] subhalo 495917 done; total_formed=5.047e+00
Building SWIFTGalaxy for subhalo 497136 (soap_index=14362096)
Read masses: Nstars=43460, sum_current=5.628528e+10 Msun
DEBUG: sample z (first valid): [0.3811009  0.56724699 0.99246017 0.58483266 0.58559954 7.57183964
 0.51745855 2.75091575 5.48357736 5.43772102]
DEBUG: Planck15 ages (Gyr): [9.54258302 8.13273743 5.89326957 8.01591251 8.01087568 0.68727191
 8.47773663 2.36347335 1.04476626 1.05593618]
DEBUG: cosmo_colibre ages (Gyr): [9.5303334  8.12515922 5.89114592 8.00867906 8.00365696 0.6890903
 8.46910199 2.36525904 1.04670659 1.05787874]
DEBUG: us.look_back_time -> ages (Gyr): [9.5303334  8.12515922 5.89114592 8.00867906 8.00365696 0.6890903
 8.46910199 2.36525904 1.04670659 1.05787875]
[80/100] subhalo 497136 done; total_formed=9.451e+00
Building SWIFTGalaxy for subhalo 1031638 (soap_index=14376878)
Read masses: Nstars=37754, sum_current=5.000163e+10 Msun
DEBUG: sample z (first valid): [3.65190233 0.76684999 1.61934452 1.15820325 2.65959348 4.243719
 4.75129443 3.26722229 1.8807033  3.80539669]
DEBUG: Planck15 ages (Gyr): [1.71628608 6.94290289 3.99991484 5.2719162  2.45128739 1.43535363
 1.2501333  1.95170313 3.484346   1.63517282]
DEBUG: cosmo_colibre ages (Gyr): [1.71824148 6.93852633 4.00054713 5.27087767 2.45303761 1.43732949
 1.25210259 1.9536158  3.48545663 1.63713766]
DEBUG: us.look_back_time -> ages (Gyr): [1.71824148 6.93852633 4.00054714 5.27087768 2.45303762 1.4373295
 1.25210259 1.9536158  3.48545664 1.63713766]
[81/100] subhalo 1031638 done; total_formed=8.279e+00
Building SWIFTGalaxy for subhalo 26685 (soap_index=14461417)
Read masses: Nstars=98632, sum_current=1.292800e+11 Msun
DEBUG: sample z (first valid): [0.40877042 0.45081024 4.92335503 3.78574558 1.23702895 4.14896292
 3.15547524 0.87674685 0.44250748 2.46531303]
DEBUG: Planck15 ages (Gyr): [9.31107779 8.97489534 1.19618019 1.64519936 5.01202228 1.47499781
 2.03025178 6.39819892 9.03985107 2.65702003]
DEBUG: cosmo_colibre ages (Gyr): [9.29965888 8.96463879 1.19814422 1.64716318 5.01138417 1.47697292
 2.03214528 6.39505805 9.02937403 2.6586757 ]
DEBUG: us.look_back_time -> ages (Gyr): [9.29965888 8.96463879 1.19814423 1.64716319 5.01138417 1.47697293
 2.03214529 6.39505805 9.02937403 2.6586757 ]
[82/100] subhalo 26685 done; total_formed=2.170e+01
Building SWIFTGalaxy for subhalo 104958 (soap_index=14461431)
Read masses: Nstars=672070, sum_current=8.494934e+11 Msun
DEBUG: sample z (first valid): [1.29692976 6.48127854 0.8517179  0.85213656 1.55800156 7.03235691
 0.33289945 2.11334917 0.32075776 3.10138307]
DEBUG: Planck15 ages (Gyr): [ 4.82788599  0.84299017  6.51628946  6.51428643  4.13896319  0.75771668
  9.96653673  3.11039696 10.07766569  2.07016939]
DEBUG: cosmo_colibre ages (Gyr): [ 4.82751288  0.84487504  6.51289294  6.5108943   4.13944744  0.75956813
  9.95270293  3.11178708 10.06340339  2.07205222]
DEBUG: us.look_back_time -> ages (Gyr): [ 4.82751288  0.84487505  6.51289294  6.5108943   4.13944744  0.75956814
  9.95270293  3.11178708 10.06340339  2.07205222]
[83/100] subhalo 104958 done; total_formed=1.398e+02
Building SWIFTGalaxy for subhalo 238302 (soap_index=14461442)
Read masses: Nstars=44965, sum_current=6.069608e+10 Msun
DEBUG: sample z (first valid): [0.08366955 0.08560827 0.07732772 0.08589608 0.08762613 0.0871931
 0.07683207 0.08352622 0.08834861 4.20664177]
DEBUG: Planck15 ages (Gyr): [12.66028639 12.63552035 12.74177969 12.6318496  12.6098158  12.61532574
 12.74817995 12.66212011 12.60063037  1.45065327]
DEBUG: cosmo_colibre ages (Gyr): [12.63462632 12.60998174 12.71571845 12.60632897 12.58440301 12.589886
 12.72208711 12.63645104 12.57526248  1.45262893]
DEBUG: us.look_back_time -> ages (Gyr): [12.63462632 12.60998174 12.71571845 12.60632897 12.58440301 12.589886
 12.72208711 12.63645104 12.57526248  1.45262893]
[84/100] subhalo 238302 done; total_formed=1.016e+01
Building SWIFTGalaxy for subhalo 853891 (soap_index=14461493)
Read masses: Nstars=25344, sum_current=3.469760e+10 Msun
DEBUG: sample z (first valid): [1.87766752 2.14653351 3.50543105 1.15891422 1.3417423  2.42153075
 1.20555967 1.6925226  2.11275767 2.37814433]
DEBUG: Planck15 ages (Gyr): [3.48970374 3.06240806 1.80009582 5.26947718 4.6970879  2.70731991
 5.11328448 3.84367212 3.11126348 2.75872622]
DEBUG: cosmo_colibre ages (Gyr): [3.49080996 3.06383005 1.80203858 5.26844255 4.69689373 2.70895001
 5.11249406 3.84446101 3.11265301 2.76032919]
DEBUG: us.look_back_time -> ages (Gyr): [3.49080996 3.06383005 1.80203858 5.26844256 4.69689373 2.70895001
 5.11249406 3.84446101 3.11265302 2.76032919]
[85/100] subhalo 853891 done; total_formed=5.806e+00
Building SWIFTGalaxy for subhalo 854848 (soap_index=14461504)
Read masses: Nstars=16617, sum_current=2.173193e+10 Msun
DEBUG: sample z (first valid): [ 3.24538447 10.25274725  3.23687613  4.47227789  2.88568718  3.04418389
  2.54172071  2.01592269  2.26082197  1.89444395]
DEBUG: Planck15 ages (Gyr): [1.96665435 0.45663064 1.97253087 1.34667298 2.24301591 2.11380919
 2.5728351  3.25863064 2.90606138 3.46026226]
DEBUG: cosmo_colibre ages (Gyr): [1.96856355 0.45829435 1.97443869 1.34864783 2.24484547 2.11567966
 2.5745314  3.25991661 2.90758099 3.46139257]
DEBUG: us.look_back_time -> ages (Gyr): [1.96856355 0.45829435 1.97443869 1.34864783 2.24484548 2.11567966
 2.57453141 3.25991661 2.90758099 3.46139258]
[86/100] subhalo 854848 done; total_formed=3.658e+00
Building SWIFTGalaxy for subhalo 1040723 (soap_index=14461553)
Read masses: Nstars=29719, sum_current=3.987801e+10 Msun
DEBUG: sample z (first valid): [2.48040361 4.61288112 1.54311215 1.74599849 1.58198724 2.34265021
 1.68084758 1.95846876 1.1396017  1.03831799]
DEBUG: Planck15 ages (Gyr): [2.64003781 1.29653568 4.1738926  3.73564668 4.08367784 2.80198423
 3.86793063 3.35153698 5.33637174 5.71024381]
DEBUG: cosmo_colibre ages (Gyr): [2.64170189 1.29850824 4.17433837 3.73653788 4.08422194 2.80356359
 3.86869587 3.35275324 5.33522907 5.70845873]
DEBUG: us.look_back_time -> ages (Gyr): [2.6417019  1.29850824 4.17433837 3.73653788 4.08422194 2.8035636
 3.86869587 3.35275325 5.33522907 5.70845874]
[87/100] subhalo 1040723 done; total_formed=6.703e+00
Building SWIFTGalaxy for subhalo 4688068 (soap_index=14461906)
Read masses: Nstars=38286, sum_current=5.046058e+10 Msun
DEBUG: sample z (first valid): [6.11111111 0.38953439 0.23049193 0.22984537 0.87288523 4.69333681
 0.92979976 0.44709415 1.06934007 1.00317887]
DEBUG: Planck15 ages (Gyr): [ 0.9096546   9.47113252 10.96319352 10.9699354   6.41620076  1.26922258
  6.15863266  9.0038819   5.59144695  5.84967249]
DEBUG: cosmo_colibre ages (Gyr): [ 0.9115612   9.4591419  10.94532596 10.95203912  6.41302136  1.27119334
  6.15598971  8.9935272   5.58987313  5.84763093]
DEBUG: us.look_back_time -> ages (Gyr): [ 0.9115612   9.4591419  10.94532596 10.95203912  6.41302136  1.27119335
  6.15598971  8.9935272   5.58987313  5.84763094]
[88/100] subhalo 4688068 done; total_formed=8.474e+00
Building SWIFTGalaxy for subhalo 6384193 (soap_index=14462153)
Read masses: Nstars=4813, sum_current=8.584920e+09 Msun
DEBUG: sample z (first valid): [2.84465564 1.713706   1.05855007 2.1006813  3.351949   1.27840356
 1.31396088 1.74530831 2.51550263 1.57205651]
DEBUG: Planck15 ages (Gyr): [2.27859847 3.80028155 5.63232126 3.12904151 1.89543584 4.88366795
 4.77749778 3.73700942 2.60122171 4.10642203]
DEBUG: cosmo_colibre ages (Gyr): [2.28041565 3.80111211 5.6306755  3.130419   1.89736075 4.88321619
 4.77719451 3.73789935 2.60290461 4.10694167]
DEBUG: us.look_back_time -> ages (Gyr): [2.28041565 3.80111212 5.6306755  3.13041901 1.89736075 4.88321619
 4.77719451 3.73789935 2.60290461 4.10694167]
[89/100] subhalo 6384193 done; total_formed=1.435e+00
Building SWIFTGalaxy for subhalo 10241 (soap_index=14585119)
Read masses: Nstars=24117, sum_current=3.524736e+10 Msun
DEBUG: sample z (first valid): [1.74002843 2.1039121  1.45141019 0.75155014 1.02546668 1.32496098
 1.11665913 1.1650479  0.88300195 1.24622978]
DEBUG: Planck15 ages (Gyr): [3.74746107 3.12426911 4.39989502 7.02438803 5.76062477 4.74539802
 5.41760379 5.24850916 6.36920543 4.98301781]
DEBUG: cosmo_colibre ages (Gyr): [3.74834131 3.12564985 4.40007907 7.01981419 5.75874809 4.74513865
 5.41632712 5.24750797 6.3661263  4.98242247]
DEBUG: us.look_back_time -> ages (Gyr): [3.74834132 3.12564985 4.40007907 7.01981419 5.75874809 4.74513865
 5.41632713 5.24750797 6.3661263  4.98242248]
[90/100] subhalo 10241 done; total_formed=5.823e+00
Building SWIFTGalaxy for subhalo 188234 (soap_index=14585136)
Read masses: Nstars=45570, sum_current=5.774009e+10 Msun
DEBUG: sample z (first valid): [3.33582534 1.21510174 2.80139211 1.88933956 1.38781608 3.52815588
 3.33267222 8.11044693 3.01888759 1.74392899]
DEBUG: Planck15 ages (Gyr): [1.90593542 5.08223858 2.31713564 3.46917718 4.56842257 1.78665395
 1.90799995 0.62717157 2.13359551 3.73973525]
DEBUG: cosmo_colibre ages (Gyr): [1.90785814 5.08149535 2.31893886 3.47030024 4.56839693 1.78859893
 1.90992223 0.62895723 2.13546013 3.74062266]
DEBUG: us.look_back_time -> ages (Gyr): [1.90785815 5.08149535 2.31893886 3.47030024 4.56839693 1.78859893
 1.90992224 0.62895723 2.13546013 3.74062266]
[91/100] subhalo 188234 done; total_formed=9.744e+00
Building SWIFTGalaxy for subhalo 410589 (soap_index=14585179)
Read masses: Nstars=4041, sum_current=6.669867e+09 Msun
DEBUG: sample z (first valid): [1.16062244 1.56020002 1.69984345 1.19683561 2.06931435 0.83697724
 4.73820156 1.61037202 0.96474397 0.83184258]
DEBUG: Planck15 ages (Gyr): [5.26362427 4.13384575 3.82858621 5.14193358 3.17600182 6.58742843
 1.25440381 4.01977817 6.00839415 6.61249141]
DEBUG: cosmo_colibre ages (Gyr): [5.262599   4.13433559 3.82938968 5.1410992  3.17734691 6.58387463
 1.25637344 4.02038981 6.00604935 6.60888162]
DEBUG: us.look_back_time -> ages (Gyr): [5.262599   4.1343356  3.82938968 5.14109921 3.17734691 6.58387463
 1.25637344 4.02038981 6.00604935 6.60888163]
[92/100] subhalo 410589 done; total_formed=1.107e+00
Building SWIFTGalaxy for subhalo 1698131 (soap_index=14585349)
Read masses: Nstars=17753, sum_current=2.333774e+10 Msun
DEBUG: sample z (first valid): [1.33806636 3.54889984 7.21407533 3.56760524 1.10916581 4.28644027
 2.08811611 5.46375382 7.33155352 1.35605407]
DEBUG: Planck15 ages (Gyr): [4.70760272 1.77452815 0.73269674 1.76371029 5.44455959 1.41805407
 3.14771611 1.04957078 0.71724334 4.6565058 ]
DEBUG: cosmo_colibre ages (Gyr): [4.70739444 1.77647507 0.73453705 1.76565889 5.44323778 1.42003004
 3.14908082 1.05151208 0.71907645 4.65636558]
DEBUG: us.look_back_time -> ages (Gyr): [4.70739444 1.77647507 0.73453706 1.76565889 5.44323778 1.42003004
 3.14908082 1.05151209 0.71907645 4.65636558]
[93/100] subhalo 1698131 done; total_formed=3.921e+00
Building SWIFTGalaxy for subhalo 195481 (soap_index=14664805)
Read masses: Nstars=89998, sum_current=1.193594e+11 Msun
DEBUG: sample z (first valid): [0.25154686 1.06777308 6.82332577 2.19937512 6.90352147 3.79064327
 2.93798822 4.75735746 2.00679024 1.57488606]
DEBUG: Planck15 ages (Gyr): [10.74686509  5.59735389  0.78830138  2.98845117  0.77632877  1.64269091
  2.19897125  1.24816389  3.27311557  4.09992077]
DEBUG: cosmo_colibre ages (Gyr): [10.72990897  5.59576972  0.7901656   2.98992051  0.7781881   1.64465499
  2.20081548  1.25013301  3.2743909   4.10044742]
DEBUG: us.look_back_time -> ages (Gyr): [10.72990897  5.59576972  0.79016561  2.98992052  0.7781881   1.644655
  2.20081548  1.25013301  3.2743909   4.10044742]
[94/100] subhalo 195481 done; total_formed=1.977e+01
Building SWIFTGalaxy for subhalo 827774 (soap_index=14676887)
Read masses: Nstars=20072, sum_current=2.679099e+10 Msun
DEBUG: sample z (first valid): [0.97826612 4.41709373 2.66819657 6.18360189 1.16992252 0.29221547
 8.25976687 5.58984414 1.1854075  1.95473399]
DEBUG: Planck15 ages (Gyr): [ 5.95179123  1.36723638  2.44278718  0.89592376  5.23193946 10.34611192
  0.61204307  1.01962242  5.17985018  3.35772555]
DEBUG: cosmo_colibre ages (Gyr): [ 5.94955596  1.3692118   2.44454096  0.89782618  5.23096455 10.33079217
  0.61381977  1.02155744  5.17895706  3.35893704]
DEBUG: us.look_back_time -> ages (Gyr): [ 5.94955596  1.3692118   2.44454096  0.89782618  5.23096456 10.33079217
  0.61381977  1.02155744  5.17895706  3.35893705]
[95/100] subhalo 827774 done; total_formed=4.494e+00
Building SWIFTGalaxy for subhalo 1643763 (soap_index=14676902)
Read masses: Nstars=79189, sum_current=1.035920e+11 Msun
DEBUG: sample z (first valid): [0.31271533 0.2541335  0.01947607 0.02856425 0.04676719 0.08661626
 0.01998381 0.0293397  0.01329705 0.02778998]
DEBUG: Planck15 ages (Gyr): [10.15227201 10.7207139  13.52044887 13.393778   13.145025   12.62267078
 13.51332783 13.38304699 13.60753254 13.40450489]
DEBUG: cosmo_colibre ages (Gyr): [10.13771898 10.70386664 13.49044008 13.36442513 13.11694488 12.59719509
 13.48335606 13.35374945 13.57706984 13.37509668]
DEBUG: us.look_back_time -> ages (Gyr): [10.13771898 10.70386664 13.49044008 13.36442513 13.11694488 12.59719509
 13.48335606 13.35374945 13.57706984 13.37509668]
[96/100] subhalo 1643763 done; total_formed=1.736e+01
Building SWIFTGalaxy for subhalo 27377760 (soap_index=14677312)
Read masses: Nstars=40010, sum_current=5.491805e+10 Msun
DEBUG: sample z (first valid): [5.52944107 0.85822842 0.78552746 6.41357466 7.36558591 9.16613666
 0.31271533 6.27208167 0.62717251 1.97728512]
DEBUG: Planck15 ages (Gyr): [ 1.03378947  6.48524812  6.84538566  0.85456486  0.7128676   0.53192752
 10.15227201  0.87962528  7.74482604  3.32063898]
DEBUG: cosmo_colibre ages (Gyr): [ 1.03572753  6.48191946  6.84124094  0.85645377  0.71469862  0.53365116
 10.13771898  0.88152254  7.73836721  3.3218788 ]
DEBUG: us.look_back_time -> ages (Gyr): [ 1.03572754  6.48191946  6.84124094  0.85645377  0.71469862  0.53365116
 10.13771898  0.88152255  7.73836721  3.32187881]
[97/100] subhalo 27377760 done; total_formed=9.076e+00
Building SWIFTGalaxy for subhalo 879673 (soap_index=14699819)
Read masses: Nstars=28727, sum_current=3.933901e+10 Msun
DEBUG: sample z (first valid): [5.9682084  4.09690465 5.28281085 2.60881057 0.4325435  0.72845237
 0.57432497 0.49721283 0.54741216 0.80480282]
DEBUG: Planck15 ages (Gyr): [0.93776923 1.49755732 1.09517697 2.50247018 9.1187269  7.15021685
 8.08541035 8.6243249  8.26760718 6.74694388]
DEBUG: cosmo_colibre ages (Gyr): [0.93968393 1.49953168 1.09712674 2.50419838 9.10797947 7.14533203
 8.0779726  8.61522418 8.25962278 6.74302849]
DEBUG: us.look_back_time -> ages (Gyr): [0.93968393 1.49953168 1.09712674 2.50419838 9.10797947 7.14533203
 8.0779726  8.61522419 8.25962278 6.74302849]
[98/100] subhalo 879673 done; total_formed=6.562e+00
Building SWIFTGalaxy for subhalo 425534 (soap_index=14706029)
Read masses: Nstars=20795, sum_current=2.798361e+10 Msun
DEBUG: sample z (first valid): [2.91446661 3.91384869 4.22240816 3.64234611 5.92549931 2.56445121
 5.7181958  0.84920993 3.60710018 2.65306577]
DEBUG: Planck15 ages (Gyr): [2.21860155 1.58161349 1.4441145  1.7215556  0.94645306 2.54863431
 0.99056727 6.52830868 1.74122451 2.45776957]
DEBUG: cosmo_colibre ages (Gyr): [2.22043933 1.58358302 1.44609026 1.72351028 0.94837014 2.5503418
 0.99249561 6.52488576 1.74317645 2.45951706]
DEBUG: us.look_back_time -> ages (Gyr): [2.22043934 1.58358302 1.44609026 1.72351029 0.94837015 2.5503418
 0.99249561 6.52488576 1.74317645 2.45951706]
[99/100] subhalo 425534 done; total_formed=4.693e+00
Building SWIFTGalaxy for subhalo 1707334 (soap_index=14709314)
Read masses: Nstars=107647, sum_current=1.425631e+11 Msun
DEBUG: sample z (first valid): [4.20126984 0.14693735 1.2167501  1.99087258 3.34128246 0.25221645
 4.02499617 2.23730488 5.11914099 1.22186059]
DEBUG: Planck15 ages (Gyr): [ 1.45289238 11.88615335  5.07690585  3.29861499  1.90237105 10.7400867
  1.52967345  2.93714926  1.13933827  5.06042903]
DEBUG: cosmo_colibre ages (Gyr): [ 1.45486801 11.86418446  5.07617069  3.29987138  1.90429452 10.72315882
  1.53164634  2.93865021  1.14129501  5.0597187 ]
DEBUG: us.look_back_time -> ages (Gyr): [ 1.45486801 11.86418446  5.07617069  3.29987138  1.90429452 10.72315882
  1.53164635  2.93865021  1.14129501  5.0597187 ]
[100/100] subhalo 1707334 done; total_formed=2.389e+01
All halos processed. Writing CSV.
Wrote relicness_extras_400_500.csv (100 rows) in 8761.5s
