Starting pure-swift relicness script
Loaded SOAP mapping for 91142867 halos
Batch mode: processing 100 halos (slice 600:700)
Building SWIFTGalaxy for subhalo 195404 (soap_index=16555138)
Read masses: Nstars=24498, sum_current=3.277293e+10 Msun
DEBUG: sample z (first valid): [3.5212832  2.42869101 0.16454617 3.21968965 0.40297996 0.42742638
 4.15950244 6.49668268 6.6116144  5.26958768]
DEBUG: Planck15 ages (Gyr): [ 1.79070162  2.69898727 11.68265759  1.98449009  9.35883587  9.15963094
  1.47049903  0.84039302  0.82142798  1.09863857]
DEBUG: cosmo_colibre ages (Gyr): [ 1.79264593  2.70062167 11.6616218   1.98639505  9.34724759  9.14874214
  1.47247426  0.84227697  0.82330503  1.10058892]
DEBUG: us.look_back_time -> ages (Gyr): [ 1.79264594  2.70062167 11.6616218   1.98639506  9.34724759  9.14874215
  1.47247427  0.84227698  0.82330504  1.10058893]
[1/100] subhalo 195404 done; total_formed=5.468e+00
Building SWIFTGalaxy for subhalo 1707007 (soap_index=16579010)
Read masses: Nstars=71096, sum_current=9.436453e+10 Msun
DEBUG: sample z (first valid): [0.62475208 0.86903947 0.63252292 2.24050633 0.86627178 1.92493082
 4.91106702 6.56592011 0.51409297 0.60015627]
DEBUG: Planck15 ages (Gyr): [7.75994651 6.43420702 7.71156006 2.93288522 6.44721425 3.40778455
 1.19990424 0.82888206 8.50184563 7.91616708]
DEBUG: cosmo_colibre ages (Gyr): [7.75344541 6.43098892 7.70519384 2.93438875 6.44396809 3.40895694
 1.20186869 0.83076186 8.49313504 7.90922279]
DEBUG: us.look_back_time -> ages (Gyr): [7.75344542 6.43098892 7.70519384 2.93438875 6.44396809 3.40895694
 1.20186869 0.83076187 8.49313504 7.90922279]
[2/100] subhalo 1707007 done; total_formed=1.576e+01
Building SWIFTGalaxy for subhalo 421267 (soap_index=16613723)
Read masses: Nstars=111619, sum_current=1.423167e+11 Msun
DEBUG: sample z (first valid): [1.80116259 1.81270386 1.82995077 0.90733411 3.93382519 0.89498034
 0.76570751 0.74613663 3.00464406 7.1476969 ]
DEBUG: Planck15 ages (Gyr): [3.62928045 3.60764849 3.57571062 6.25834363 1.57206473 6.31425091
 6.94893726 7.05357223 2.14487148 0.74167476]
DEBUG: cosmo_colibre ages (Gyr): [3.63026767 3.60865467 3.57674445 6.2554968  1.57403497 6.31128768
 6.9445462  7.04892695 2.1467327  0.74351915]
DEBUG: us.look_back_time -> ages (Gyr): [3.63026767 3.60865467 3.57674445 6.25549681 1.57403497 6.31128768
 6.9445462  7.04892695 2.1467327  0.74351915]
[3/100] subhalo 421267 done; total_formed=2.388e+01
Building SWIFTGalaxy for subhalo 17446980 (soap_index=16639833)
Read masses: Nstars=23998, sum_current=3.167663e+10 Msun
DEBUG: sample z (first valid): [3.63282907 5.86960168 0.74799957 4.95944348 1.56963614 3.32809404
 1.35300876 1.90857447 1.8543554  4.20126984]
DEBUG: Planck15 ages (Gyr): [1.72683018 0.95802201 7.04350812 1.18535326 4.1119964  1.91100413
 4.66509388 3.43577662 3.5312971  1.45289238]
DEBUG: cosmo_colibre ages (Gyr): [1.72878415 0.95994218 7.03888753 1.18731604 4.11251    1.91292578
 4.6649423  3.43692671 3.53236868 1.45486801]
DEBUG: us.look_back_time -> ages (Gyr): [1.72878415 0.95994218 7.03888753 1.18731605 4.11251    1.91292578
 4.6649423  3.43692671 3.53236869 1.45486801]
[4/100] subhalo 17446980 done; total_formed=5.302e+00
Building SWIFTGalaxy for subhalo 895473 (soap_index=16712211)
Read masses: Nstars=26326, sum_current=3.707151e+10 Msun
DEBUG: sample z (first valid): [0.64762671 0.60062524 0.67576966 6.71283983 0.97183777 2.74320311
 2.01231844 3.19403558 2.09423985 0.63382529]
DEBUG: Planck15 ages (Gyr): [7.61881447 7.913144   7.45046708 0.80530626 5.97859533 2.37068808
 3.2643348  2.0025658  3.13859221 7.70349542]
DEBUG: cosmo_colibre ages (Gyr): [7.61270358 7.9062084  7.44480897 0.80717719 5.97630838 2.37247097
 3.26561658 2.00446633 3.13996318 7.69715156]
DEBUG: us.look_back_time -> ages (Gyr): [7.61270358 7.9062084  7.44480898 0.8071772  5.97630838 2.37247097
 3.26561659 2.00446633 3.13996319 7.69715156]
[5/100] subhalo 895473 done; total_formed=6.179e+00
Building SWIFTGalaxy for subhalo 199933 (soap_index=16717362)
Read masses: Nstars=34383, sum_current=4.907898e+10 Msun
DEBUG: sample z (first valid): [3.84948942 2.79698725 0.70329556 5.5964771  6.51215039 1.69939863
 4.80992908 0.01637717 0.02259393 8.03197354]
DEBUG: Planck15 ages (Gyr): [ 1.61304021  2.3211195   7.2912366   1.01808638  0.8377985   3.82950011
  1.23130107 13.56402516 13.47680372  0.63537321]
DEBUG: cosmo_colibre ages (Gyr): [ 1.61500714  2.32292124  7.28599406  1.02002105  0.83968153  3.83030269
  1.2332687  13.53378954 13.44702152  0.6371636 ]
DEBUG: us.look_back_time -> ages (Gyr): [ 1.61500714  2.32292124  7.28599406  1.02002106  0.83968154  3.83030269
  1.23326871 13.53378954 13.44702152  0.6371636 ]
[6/100] subhalo 199933 done; total_formed=8.093e+00
Building SWIFTGalaxy for subhalo 199391 (soap_index=16735936)
Read masses: Nstars=43847, sum_current=6.349601e+10 Msun
DEBUG: sample z (first valid): [1.88781176 2.77555018 1.49375951 5.69076059 1.66536522 5.80045657
 1.37157125 4.82801245 8.18450004 0.18116935]
DEBUG: Planck15 ages (Gyr): [ 3.4718528   2.34066985  4.29313605  0.99666131  3.90048463  0.97266118
  4.61313637  1.22558789  0.61959204 11.49507589]
DEBUG: cosmo_colibre ages (Gyr): [ 3.47297367  2.34246427  4.29344648  0.9985911   3.90121776  0.97458512
  4.61305299  1.22755498  0.62137325 11.47488601]
DEBUG: us.look_back_time -> ages (Gyr): [ 3.47297367  2.34246427  4.29344649  0.99859111  3.90121776  0.97458513
  4.613053    1.22755499  0.62137325 11.47488601]
[7/100] subhalo 199391 done; total_formed=1.027e+01
Building SWIFTGalaxy for subhalo 197713 (soap_index=16765334)
Read masses: Nstars=348915, sum_current=4.381305e+11 Msun
DEBUG: sample z (first valid): [7.30621039 5.78637258 7.89105956 5.92549931 4.79246951 5.25701738
 5.1937435  7.31464095 1.70206976 0.85970488]
DEBUG: Planck15 ages (Gyr): [0.72053094 0.97568859 0.65055597 0.94645306 1.23685924 1.10194613
 1.11884908 0.71943453 3.82401753 6.47824048]
DEBUG: cosmo_colibre ages (Gyr): [0.7223656  0.97761329 0.65235489 0.94837014 1.23882738 1.10389704
 1.12080273 0.72126867 3.82482539 6.47492707]
DEBUG: us.look_back_time -> ages (Gyr): [0.72236561 0.97761329 0.6523549  0.94837015 1.23882738 1.10389705
 1.12080274 0.72126867 3.8248254  6.47492707]
[8/100] subhalo 197713 done; total_formed=7.321e+01
Building SWIFTGalaxy for subhalo 889729 (soap_index=16855560)
Read masses: Nstars=83208, sum_current=1.181649e+11 Msun
DEBUG: sample z (first valid): [2.33924386 4.12801252 3.71821454 3.33267222 0.96051215 0.03775019
 0.03095897 0.09292242 0.0993022  0.08899967]
DEBUG: Planck15 ages (Gyr): [ 2.80619416  1.48400851  1.68044401  1.90799995  6.02628163 13.26742922
 13.36067752 12.54269883 12.46251912 12.59236112]
DEBUG: cosmo_colibre ages (Gyr): [ 2.80777119  1.48598335  1.68240392  1.90992223  6.0239019  13.23872537
 13.33149518 12.51761347 12.43782282 12.56703363]
DEBUG: us.look_back_time -> ages (Gyr): [ 2.80777119  1.48598335  1.68240392  1.90992224  6.02390191 13.23872537
 13.33149518 12.51761347 12.43782282 12.56703363]
[9/100] subhalo 889729 done; total_formed=1.953e+01
Building SWIFTGalaxy for subhalo 204792 (soap_index=16864337)
Read masses: Nstars=63362, sum_current=8.689951e+10 Msun
DEBUG: sample z (first valid): [4.73418497 1.07405532 4.30827798 3.3813344  0.28471732 7.65961945
 1.45729284 5.02020944 0.16157391 1.62901155]
DEBUG: Planck15 ages (Gyr): [ 1.25571875  5.57373146  1.4093442   1.8765446  10.41835499  0.67683847
  4.38481148  1.16748648 11.71665675  3.97869097]
DEBUG: cosmo_colibre ages (Gyr): [ 1.25768849  5.57218857  1.41132016  1.87847333 10.40274532  0.67865149
  4.38501368  1.16944706 11.69546617  3.97934514]
DEBUG: us.look_back_time -> ages (Gyr): [ 1.2576885   5.57218857  1.41132016  1.87847334 10.40274532  0.67865149
  4.38501368  1.16944706 11.69546617  3.97934514]
[10/100] subhalo 204792 done; total_formed=1.445e+01
Building SWIFTGalaxy for subhalo 1782459 (soap_index=16873611)
Read masses: Nstars=48618, sum_current=6.528715e+10 Msun
DEBUG: sample z (first valid): [11.91858861  4.06578032  3.43050297  5.99647699  5.5164562   4.47227789
  4.51696271 10.47138106  0.29620253  0.30011109]
DEBUG: Planck15 ages (Gyr): [ 0.37102493  1.51131974  1.84562352  0.93209406  1.0368777   1.34667298
  1.33039502  0.44360943 10.30799304 10.27082215]
DEBUG: cosmo_colibre ages (Gyr): [ 0.37260509  1.51329352  1.84755821  0.93400717  1.03881641  1.34864783
  1.33236926  0.4452616  10.29282535 10.25580214]
DEBUG: us.look_back_time -> ages (Gyr): [ 0.37260509  1.51329353  1.84755821  0.93400717  1.03881641  1.34864783
  1.33236927  0.44526161 10.29282535 10.25580215]
[11/100] subhalo 1782459 done; total_formed=1.091e+01
Building SWIFTGalaxy for subhalo 203269 (soap_index=16917810)
Read masses: Nstars=7668, sum_current=1.045746e+10 Msun
DEBUG: sample z (first valid): [2.05329855 2.21507064 1.63705134 2.00679024 1.62543065 3.62824859
 1.56802508 1.40058608 1.6898703  3.76175252]
DEBUG: Planck15 ages (Gyr): [3.20042537 2.96704554 3.96117804 3.27311557 3.98653152 1.72937834
 4.11571359 4.53375888 3.84916142 1.65758005]
DEBUG: cosmo_colibre ages (Gyr): [3.20175327 2.9685282  3.96185011 3.2743909  3.98717763 1.73133195
 4.11622317 4.53377739 3.84994498 1.65954256]
DEBUG: us.look_back_time -> ages (Gyr): [3.20175327 2.9685282  3.96185011 3.2743909  3.98717763 1.73133196
 4.11622317 4.5337774  3.84994498 1.65954256]
[12/100] subhalo 203269 done; total_formed=1.750e+00
Building SWIFTGalaxy for subhalo 923625 (soap_index=17126861)
Read masses: Nstars=55264, sum_current=7.415528e+10 Msun
DEBUG: sample z (first valid): [0.6747419  0.63512974 2.6016707  0.7210084  0.71219563 1.40852628
 1.11025245 0.82409263 1.53917086 1.02621815]
DEBUG: Planck15 ages (Gyr): [7.45651493 7.69543073 2.50980725 7.19150674 7.2408631  4.51241771
 5.44063749 6.65060053 4.18321817 5.75765957]
DEBUG: cosmo_colibre ages (Gyr): [7.4508408  7.68910921 2.51153221 7.18651818 7.23574945 4.51246315
 5.43932226 6.64690501 4.18365358 5.75578831]
DEBUG: us.look_back_time -> ages (Gyr): [7.4508408  7.68910921 2.51153222 7.18651818 7.23574945 4.51246315
 5.43932226 6.64690501 4.18365358 5.75578831]
[13/100] subhalo 923625 done; total_formed=1.222e+01
Building SWIFTGalaxy for subhalo 15863 (soap_index=17154517)
Read masses: Nstars=79365, sum_current=1.021788e+11 Msun
DEBUG: sample z (first valid): [3.55839188 3.2021031  2.18506998 1.37880218 2.90513646 7.58925295
 5.98231408 2.50235143 2.35531436 2.22901064]
DEBUG: Planck15 ages (Gyr): [1.76902496 1.99685224 3.00818172 4.59314704 2.22646837 0.68518101
 0.93493024 2.61565512 2.78642303 2.94824381]
DEBUG: cosmo_colibre ages (Gyr): [1.77097274 1.99875419 3.00963864 4.59308959 2.22830353 0.68699833
 0.93684414 2.61733109 2.78801097 2.94973801]
DEBUG: us.look_back_time -> ages (Gyr): [1.77097274 1.99875419 3.00963864 4.59308959 2.22830353 0.68699833
 0.93684415 2.61733109 2.78801097 2.94973801]
[14/100] subhalo 15863 done; total_formed=1.710e+01
Building SWIFTGalaxy for subhalo 924699 (soap_index=17158812)
Read masses: Nstars=19366, sum_current=2.549167e+10 Msun
DEBUG: sample z (first valid): [11.60792613  2.88706999  2.19345093  1.86859844  2.72067673  1.6777805
  3.37402389  7.07342162  2.50534874  2.49078513]
DEBUG: Planck15 ages (Gyr): [0.38486108 2.24183272 2.99659641 3.50578953 2.39196926 3.8743446
 1.88121519 0.75193968 2.61235402 2.62845823]
DEBUG: cosmo_colibre ages (Gyr): [0.38645607 2.24366269 2.99806065 3.50688244 2.39374376 3.87510355
 1.88314299 0.75378862 2.61403158 2.63012799]
DEBUG: us.look_back_time -> ages (Gyr): [0.38645607 2.24366269 2.99806065 3.50688244 2.39374376 3.87510355
 1.88314299 0.75378862 2.61403158 2.63012799]
[15/100] subhalo 924699 done; total_formed=4.286e+00
Building SWIFTGalaxy for subhalo 3262498 (soap_index=17158964)
Read masses: Nstars=16365, sum_current=2.160730e+10 Msun
DEBUG: sample z (first valid): [2.18847913 3.02209402 2.55709944 1.87413385 2.50048072 2.80359837
 1.64258065 3.7270629  1.61913516 1.56200156]
DEBUG: Planck15 ages (Gyr): [3.0034603  2.13107061 2.55642053 3.49595708 2.61771892 2.31514447
 3.9492059  1.67575517 4.00037652 4.12965981]
DEBUG: cosmo_colibre ages (Gyr): [3.0049202  2.13293599 2.55812444 3.49705814 2.61939389 2.31694843
 3.94989014 1.67771563 4.00100833 4.13015422]
DEBUG: us.look_back_time -> ages (Gyr): [3.00492021 2.13293599 2.55812444 3.49705814 2.61939389 2.31694843
 3.94989014 1.67771564 4.00100834 4.13015423]
[16/100] subhalo 3262498 done; total_formed=3.631e+00
Building SWIFTGalaxy for subhalo 10741706 (soap_index=17159642)
Read masses: Nstars=11386, sum_current=1.469826e+10 Msun
DEBUG: sample z (first valid): [1.88832085 2.12701594 2.82000466 3.9275188  2.42797364 4.93999819
 2.11868278 2.32063235 3.83339479 5.20547297]
DEBUG: Planck15 ages (Gyr): [3.47096087 3.09048508 2.30042574 1.57506884 2.6998202  1.19116675
 3.10260123 2.82938058 1.62106118 1.1156833 ]
DEBUG: cosmo_colibre ages (Gyr): [3.47208247 3.09188853 2.30223508 1.57703887 2.70145417 1.19313021
 3.10399658 2.83094462 1.62302738 1.11763645]
DEBUG: us.look_back_time -> ages (Gyr): [3.47208247 3.09188853 2.30223509 1.57703887 2.70145418 1.19313022
 3.10399659 2.83094462 1.62302739 1.11763645]
[17/100] subhalo 10741706 done; total_formed=2.474e+00
Building SWIFTGalaxy for subhalo 17414 (soap_index=17182927)
Read masses: Nstars=73125, sum_current=9.615235e+10 Msun
DEBUG: sample z (first valid): [0.77835667 0.65981157 1.77436288 0.44238049 1.33573312 0.44276154
 1.1755411  0.45972915 0.3636288  1.55401403]
DEBUG: Planck15 ages (Gyr): [6.88257416 7.54522259 3.6803322  9.04084999 4.71429635 9.0378532
 5.21294365 8.90588755 9.69315174 4.14827127]
DEBUG: cosmo_colibre ages (Gyr): [6.87834157 7.53931133 3.68127391 9.03036954 4.71407907 9.02738297
 5.21199872 8.89586309 9.68034874 4.14874532]
DEBUG: us.look_back_time -> ages (Gyr): [6.87834157 7.53931133 3.68127392 9.03036954 4.71407907 9.02738297
 5.21199872 8.89586309 9.68034874 4.14874532]
[18/100] subhalo 17414 done; total_formed=1.595e+01
Building SWIFTGalaxy for subhalo 212465 (soap_index=17182947)
Read masses: Nstars=65017, sum_current=8.402213e+10 Msun
DEBUG: sample z (first valid): [5.18147519 0.56964936 8.40663126 4.21202481 7.12295488 4.26520447
 4.72216886 0.54916793 1.65995617 5.39875024]
DEBUG: Planck15 ages (Gyr): [1.12217629 8.11662725 0.59774601 1.44841526 0.74506813 1.42660982
 1.25966626 8.25553346 3.91196266 1.06558571]
DEBUG: cosmo_colibre ages (Gyr): [1.12413046 8.10909697 0.59951394 1.45039096 0.74691403 1.42858575
 1.26163631 8.24758577 3.91268436 1.06753013]
DEBUG: us.look_back_time -> ages (Gyr): [1.12413046 8.10909698 0.59951394 1.45039096 0.74691404 1.42858576
 1.26163632 8.24758577 3.91268436 1.06753013]
[19/100] subhalo 212465 done; total_formed=1.404e+01
Building SWIFTGalaxy for subhalo 947753 (soap_index=17183006)
Read masses: Nstars=26189, sum_current=3.476678e+10 Msun
DEBUG: sample z (first valid): [3.33381828 1.87262207 2.4866993  1.20927724 1.27082467 1.70273837
 1.88603135 3.71583795 2.72617694 2.65469552]
DEBUG: Planck15 ages (Gyr): [1.90724913 3.49863796 2.6330056  5.1011533  4.9067848  3.82264718
 3.47497503 1.68170709 2.38674414 2.45614855]
DEBUG: cosmo_colibre ages (Gyr): [1.90917158 3.4997368  2.63467314 5.10038138 4.90630003 3.82345636
 3.47609334 1.68366685 2.38852071 2.45789673]
DEBUG: us.look_back_time -> ages (Gyr): [1.90917158 3.4997368  2.63467314 5.10038138 4.90630003 3.82345636
 3.47609335 1.68366685 2.38852071 2.45789673]
[20/100] subhalo 947753 done; total_formed=5.836e+00
Building SWIFTGalaxy for subhalo 3296767 (soap_index=17183123)
Read masses: Nstars=32239, sum_current=4.419275e+10 Msun
DEBUG: sample z (first valid): [0.64135444 3.86424701 4.95944348 0.55210307 6.74382607 0.54115323
 4.81611644 0.22763375 6.37602701 0.56784689]
DEBUG: Planck15 ages (Gyr): [ 7.65712286  1.60574317  1.18535326  8.23540866  0.80047609  8.31086403
  1.2293413  10.99304184  0.86109837  8.12871   ]
DEBUG: cosmo_colibre ages (Gyr): [ 7.65090701  1.60771074  1.18731604  8.22752202  0.80234514  8.30274749
  1.23130875 10.97504699  0.86298951  8.12114378]
DEBUG: us.look_back_time -> ages (Gyr): [ 7.65090701  1.60771075  1.18731605  8.22752202  0.80234515  8.30274749
  1.23130875 10.97504699  0.86298951  8.12114378]
[21/100] subhalo 3296767 done; total_formed=7.375e+00
Building SWIFTGalaxy for subhalo 1871121 (soap_index=17214135)
Read masses: Nstars=59500, sum_current=7.988374e+10 Msun
DEBUG: sample z (first valid): [5.77304671 2.78165032 0.85402286 5.03240059 3.24126327 0.32342488
 5.67712685 4.14896292 1.16776925 7.65961945]
DEBUG: Planck15 ages (Gyr): [ 0.97856748  2.33507905  6.50527341  1.16395577  1.96949715 10.05310016
  0.99971292  1.47499781  5.23924856  0.67683847]
DEBUG: cosmo_colibre ages (Gyr): [ 0.98049289  2.33687558  6.50190102  1.1659159   1.97140569 10.03893305
  1.00164342  1.47697292  5.23826208  0.67865149]
DEBUG: us.look_back_time -> ages (Gyr): [ 0.98049289  2.33687558  6.50190103  1.1659159   1.97140569 10.03893306
  1.00164342  1.47697293  5.23826208  0.67865149]
[22/100] subhalo 1871121 done; total_formed=1.322e+01
Building SWIFTGalaxy for subhalo 458726 (soap_index=17234373)
Read masses: Nstars=16615, sum_current=2.374070e+10 Msun
DEBUG: sample z (first valid): [3.42153556 0.03121853 0.08188061 0.09621303 4.18030195 3.2112839
 2.18506998 4.50583886 3.84948942 5.29548511]
DEBUG: Planck15 ages (Gyr): [ 1.85119985 13.35709675 12.68319993 12.50125244  1.46168724  1.99038295
  3.00818172  1.33441663  1.61304021  1.09187604]
DEBUG: cosmo_colibre ages (Gyr): [ 1.85313349 13.32793284 12.6574273  12.47636848  1.46366269  1.99228648
  3.00963864  1.33639103  1.61500714  1.09382523]
DEBUG: us.look_back_time -> ages (Gyr): [ 1.85313349 13.32793284 12.6574273  12.47636848  1.46366269  1.99228648
  3.00963864  1.33639104  1.61500714  1.09382524]
[23/100] subhalo 458726 done; total_formed=3.893e+00
Building SWIFTGalaxy for subhalo 1873720 (soap_index=17261025)
Read masses: Nstars=22971, sum_current=3.168016e+10 Msun
DEBUG: sample z (first valid): [2.43012666 3.29321978 2.08201655 0.87588734 1.75222577 2.75607519
 1.64343337 1.74140383 1.43013942 2.01897918]
DEBUG: Planck15 ages (Gyr): [2.69732162 1.93414749 3.15684713 6.40219894 3.72338754 2.35866716
 3.94736479 3.74473387 4.45513683 3.25380611]
DEBUG: cosmo_colibre ages (Gyr): [2.69895688 1.93606411 3.15820554 6.39904953 3.72429003 2.3604547
 3.94805089 3.74561664 4.45525352 3.25509561]
DEBUG: us.look_back_time -> ages (Gyr): [2.69895688 1.93606411 3.15820554 6.39904953 3.72429004 2.3604547
 3.94805089 3.74561664 4.45525353 3.25509561]
[24/100] subhalo 1873720 done; total_formed=5.312e+00
Building SWIFTGalaxy for subhalo 22627813 (soap_index=17262257)
Read masses: Nstars=24716, sum_current=3.506874e+10 Msun
DEBUG: sample z (first valid): [4.14896292 4.71070059 4.72216886 3.372273   0.27007752 4.01461474
 2.1595796  3.31498551 0.90334572 0.95256823]
DEBUG: Planck15 ages (Gyr): [ 1.47499781  1.26345305  1.25966626  1.88233666 10.56152778  1.53440436
  3.04387247  1.91964929  6.27630858  6.06008554]
DEBUG: cosmo_colibre ages (Gyr): [ 1.47697292  1.26542339  1.26163631  1.88426424 10.54533693  1.53637699
  3.04530653  1.92156908  6.27342452  6.05763938]
DEBUG: us.look_back_time -> ages (Gyr): [ 1.47697293  1.26542339  1.26163632  1.88426424 10.54533693  1.53637699
  3.04530653  1.92156909  6.27342452  6.05763938]
[25/100] subhalo 22627813 done; total_formed=5.762e+00
Building SWIFTGalaxy for subhalo 8202833 (soap_index=17291985)
Read masses: Nstars=41530, sum_current=5.686385e+10 Msun
DEBUG: sample z (first valid): [5.03240059 0.3044586  0.41951135 0.33420195 0.45454545 3.7569137
 0.26244414 2.18197708 0.32139689 4.39524162]
DEBUG: Planck15 ages (Gyr): [ 1.16395577 10.2297051   9.22343661  9.95472156  8.9458988   1.66009565
 10.63731091  3.01247569 10.07177104  1.37552356]
DEBUG: cosmo_colibre ages (Gyr): [ 1.1659159  10.21484775  9.21232577  9.940933    8.93574005  1.66205788
 10.62080891  3.01392989 10.05753161  1.37749916]
DEBUG: us.look_back_time -> ages (Gyr): [ 1.1659159  10.21484775  9.21232577  9.94093301  8.93574005  1.66205788
 10.62080891  3.01392989 10.05753161  1.37749916]
[26/100] subhalo 8202833 done; total_formed=9.394e+00
Building SWIFTGalaxy for subhalo 1554 (soap_index=17309081)
Read masses: Nstars=40650, sum_current=5.307217e+10 Msun
DEBUG: sample z (first valid): [6.11111111 4.43912358 0.29160426 3.42153556 7.         0.32954638
 0.36442372 4.25971108 9.50172262 3.85451852]
DEBUG: Planck15 ages (Gyr): [ 0.9096546   1.35896528 10.35197363  1.85119985  0.76232083  9.99704702
  9.68622597  1.42883701  0.50658939  1.61054736]
DEBUG: cosmo_colibre ages (Gyr): [ 0.9115612   1.3609405  10.33663044  1.85313349  0.76417426  9.98309612
  9.67344865  1.43081293  0.50829407  1.61251451]
DEBUG: us.look_back_time -> ages (Gyr): [ 0.9115612   1.3609405  10.33663044  1.85313349  0.76417426  9.98309612
  9.67344865  1.43081293  0.50829407  1.61251452]
[27/100] subhalo 1554 done; total_formed=8.813e+00
Building SWIFTGalaxy for subhalo 17001 (soap_index=17359378)
Read masses: Nstars=61510, sum_current=7.780586e+10 Msun
DEBUG: sample z (first valid): [1.62606187 2.64656132 1.03300658 1.75130143 1.94861873 2.4774488
 4.73418497 2.29657948 1.84000693 1.32265381]
DEBUG: Planck15 ages (Gyr): [3.98514764 2.46425677 5.73098179 3.72520308 3.36789893 2.64334896
 1.25571875 2.85981464 3.55730016 4.752102  ]
DEBUG: cosmo_colibre ages (Gyr): [3.98579517 2.46600151 5.72915914 3.72610391 3.36910256 2.6450114
 1.25768849 2.86136131 3.55834973 4.7518335 ]
DEBUG: us.look_back_time -> ages (Gyr): [3.98579517 2.46600151 5.72915915 3.72610391 3.36910257 2.64501141
 1.2576885  2.86136131 3.55834974 4.7518335 ]
[28/100] subhalo 17001 done; total_formed=1.313e+01
Building SWIFTGalaxy for subhalo 90616 (soap_index=17359394)
Read masses: Nstars=40308, sum_current=5.727922e+10 Msun
DEBUG: sample z (first valid): [1.96811594 3.2605643  2.05074015 2.7055298  3.13502429 2.65836776
 1.65284974 2.02566944 6.24234722 2.76816927]
DEBUG: Planck15 ages (Gyr): [3.33563723 1.95624155 3.20435525 2.40645646 2.04519303 2.45250242
 3.92712582 3.24328645 0.8850472  2.34746402]
DEBUG: cosmo_colibre ages (Gyr): [3.33686566 1.95815318 3.20568036 2.40822515 2.0470826  2.45425213
 3.92783234 3.2445836  0.88694619 2.34925585]
DEBUG: us.look_back_time -> ages (Gyr): [3.33686567 1.95815318 3.20568036 2.40822515 2.04708261 2.45425213
 3.92783234 3.2445836  0.8869462  2.34925585]
[29/100] subhalo 90616 done; total_formed=9.568e+00
Building SWIFTGalaxy for subhalo 455640 (soap_index=17359461)
Read masses: Nstars=7986, sum_current=1.144846e+10 Msun
DEBUG: sample z (first valid): [2.99220273 1.97674419 2.50160291 2.45982473 1.97458243 3.1697525
 5.17332329 2.5207908  2.36599897 2.20563491]
DEBUG: Planck15 ages (Gyr): [2.15480143 3.32152074 2.61648058 2.66324085 3.32504839 2.01992752
 1.12439622 2.59545482 2.77340416 2.97988382]
DEBUG: cosmo_colibre ages (Gyr): [2.15665962 3.32275989 2.61815615 2.66489341 3.32628487 2.02182368
 1.12635073 2.59714047 2.7749992  2.98135852]
DEBUG: us.look_back_time -> ages (Gyr): [2.15665962 3.3227599  2.61815615 2.66489341 3.32628488 2.02182368
 1.12635073 2.59714047 2.7749992  2.98135852]
[30/100] subhalo 455640 done; total_formed=1.925e+00
Building SWIFTGalaxy for subhalo 938497 (soap_index=17359529)
Read masses: Nstars=34863, sum_current=4.692298e+10 Msun
DEBUG: sample z (first valid): [0.8853855  1.00808923 2.12582276 0.94977984 0.83512545 0.96686675
 1.00281156 1.23367416 1.45913696 0.92277902]
DEBUG: Planck15 ages (Gyr): [6.35821102 5.82986903 3.09221517 6.07202138 6.59645028 5.9994527
 5.85115809 5.02266473 4.38010012 6.18952556]
DEBUG: cosmo_colibre ages (Gyr): [6.35515519 5.82786447 3.09361747 6.06955164 6.59287637 5.99712531
 5.84911375 5.02201084 4.38030797 6.18681996]
DEBUG: us.look_back_time -> ages (Gyr): [6.35515519 5.82786447 3.09361747 6.06955164 6.59287637 5.99712531
 5.84911375 5.02201084 4.38030797 6.18681996]
[31/100] subhalo 938497 done; total_formed=7.846e+00
Building SWIFTGalaxy for subhalo 939666 (soap_index=17359542)
Read masses: Nstars=24644, sum_current=3.266093e+10 Msun
DEBUG: sample z (first valid): [1.40428498 1.86483651 1.7659323  0.77200952 1.49508871 1.24161992
 1.68766404 1.20778871 0.92390794 0.82918388]
DEBUG: Planck15 ages (Gyr): [4.5237971  3.51249749 3.69663342 6.91575155 4.28985291 4.9975163
 3.85373727 5.10600518 6.18454175 6.62552695]
DEBUG: cosmo_colibre ages (Gyr): [4.52382821 3.51358482 3.69756038 6.91144001 4.29016715 4.99689963
 3.85451638 5.10522586 6.18184629 6.62188792]
DEBUG: us.look_back_time -> ages (Gyr): [4.52382821 3.51358482 3.69756038 6.91144001 4.29016715 4.99689963
 3.85451638 5.10522587 6.18184629 6.62188792]
[32/100] subhalo 939666 done; total_formed=5.470e+00
Building SWIFTGalaxy for subhalo 940675 (soap_index=17359559)
Read masses: Nstars=10494, sum_current=1.376411e+10 Msun
DEBUG: sample z (first valid): [1.47679516 1.34526195 2.68386734 1.47175077 7.11440599 2.65265857
 1.97647379 2.1195735  2.75607519 2.53636952]
DEBUG: Planck15 ages (Gyr): [4.33539614 4.68705532 2.42742796 4.34809151 0.74624662 2.45817487
 3.32196164 3.10130245 2.35866716 2.5785874 ]
DEBUG: cosmo_colibre ages (Gyr): [4.33565714 4.68687454 2.42918811 4.34833751 0.74809304 2.45992219
 3.32320046 3.10269868 2.3604547  2.58028101]
DEBUG: us.look_back_time -> ages (Gyr): [4.33565714 4.68687455 2.42918811 4.34833751 0.74809304 2.45992219
 3.32320047 3.10269868 2.3604547  2.58028101]
[33/100] subhalo 940675 done; total_formed=2.312e+00
Building SWIFTGalaxy for subhalo 978207 (soap_index=17401728)
Read masses: Nstars=21551, sum_current=2.938391e+10 Msun
DEBUG: sample z (first valid): [7.54557309 5.95415959 1.83411175 1.64236755 1.47998184 0.48958996
 5.09410452 0.4051458  4.68740779 1.14478335]
DEBUG: Planck15 ages (Gyr): [0.690446   0.94061105 3.56807411 3.94966621 4.32740685 8.68050025
 1.1463544  9.34093048 1.27120265 5.31829206]
DEBUG: cosmo_colibre ages (Gyr): [0.69226599 0.94252653 3.56911449 3.95034998 4.32767725 8.67121822
 1.14831214 9.32940583 1.27317356 5.3171788 ]
DEBUG: us.look_back_time -> ages (Gyr): [0.692266   0.94252654 3.56911449 3.95034998 4.32767726 8.67121822
 1.14831215 9.32940583 1.27317357 5.3171788 ]
[34/100] subhalo 978207 done; total_formed=4.885e+00
Building SWIFTGalaxy for subhalo 451843 (soap_index=17422242)
Read masses: Nstars=23630, sum_current=3.250517e+10 Msun
DEBUG: sample z (first valid): [0.60990469 2.60881057 0.16099773 3.01077111 0.7041814  0.68265379
 0.28310753 3.00684764 0.92300469 0.2727414 ]
DEBUG: Planck15 ages (Gyr): [ 7.85368519  2.50247018 11.72326386  2.14000894  7.28619884  7.41014978
 10.43396032  2.14312058  6.18852876 10.53526484]
DEBUG: cosmo_colibre ages (Gyr): [ 7.84691958  2.50419838 11.70204315  2.14187163  7.28096925  7.40459806
 10.41828773  2.14498233  6.18582519 10.51918126]
DEBUG: us.look_back_time -> ages (Gyr): [ 7.84691958  2.50419838 11.70204315  2.14187163  7.28096925  7.40459806
 10.41828773  2.14498233  6.18582519 10.51918126]
[35/100] subhalo 451843 done; total_formed=5.449e+00
Building SWIFTGalaxy for subhalo 19088 (soap_index=17427082)
Read masses: Nstars=11427, sum_current=1.596754e+10 Msun
DEBUG: sample z (first valid): [3.795551   9.25923607 6.34626163 2.07507508 1.9023915  3.4236247
 2.16905222 1.86734337 1.48148429 0.82165888]
DEBUG: Planck15 ages (Gyr): [1.64018367 0.52469035 0.86633694 3.16729128 3.44645577 1.84989824
 3.0305287  3.50802515 4.32364828 6.66263824]
DEBUG: cosmo_colibre ages (Gyr): [1.64214801 0.52640869 0.86822983 3.16864245 3.44759726 1.85183212
 3.03197136 3.5091162  4.3239231  6.6589155 ]
DEBUG: us.look_back_time -> ages (Gyr): [1.64214801 0.52640869 0.86822984 3.16864245 3.44759726 1.85183213
 3.03197136 3.50911621 4.3239231  6.6589155 ]
[36/100] subhalo 19088 done; total_formed=2.660e+00
Building SWIFTGalaxy for subhalo 19090 (soap_index=17427083)
Read masses: Nstars=136353, sum_current=1.726877e+11 Msun
DEBUG: sample z (first valid): [3.97426945 3.77632826 0.1416626  2.7055298  0.11364872 0.09974493
 0.78338957 2.93420579 0.18467101 0.18492804]
DEBUG: Planck15 ages (Gyr): [ 1.55302233  1.65004049 11.94809169  2.40645646 12.28484125 12.45698186
  6.85644052  2.20210856 11.4561105  11.45325774]
DEBUG: cosmo_colibre ages (Gyr): [ 1.55499386  1.65200381 11.92583564  2.40822515 12.26099881 12.43231234
  6.85226975  2.20395177 11.4360946  11.43325455]
DEBUG: us.look_back_time -> ages (Gyr): [ 1.55499386  1.65200381 11.92583564  2.40822515 12.26099881 12.43231234
  6.85226975  2.20395178 11.4360946  11.43325455]
[37/100] subhalo 19090 done; total_formed=2.878e+01
Building SWIFTGalaxy for subhalo 90327 (soap_index=17438362)
Read masses: Nstars=196936, sum_current=2.538747e+11 Msun
DEBUG: sample z (first valid): [0.89017074 0.5568225  6.8712467  0.9313922  5.28281085 1.28874764
 5.52944107 1.8982841  0.76665948 2.67560292]
DEBUG: Planck15 ages (Gyr): [6.33622742 8.20320417 0.78111057 6.15165908 1.09517697 4.85239611
 1.03378947 3.45357993 6.9439086  2.4355082 ]
DEBUG: cosmo_colibre ages (Gyr): [6.33321801 8.19541481 0.78297187 6.14903021 1.09712674 4.85198861
 1.03572753 3.45471566 6.93952963 2.43726501]
DEBUG: us.look_back_time -> ages (Gyr): [6.33321802 8.19541482 0.78297187 6.14903022 1.09712674 4.85198862
 1.03572754 3.45471567 6.93952963 2.43726502]
[38/100] subhalo 90327 done; total_formed=4.256e+01
Building SWIFTGalaxy for subhalo 209354 (soap_index=17438364)
Read masses: Nstars=51459, sum_current=7.021113e+10 Msun
DEBUG: sample z (first valid): [8.32564924 4.61865569 1.65995617 6.4362873  1.14914409 6.45150654
 1.38729419 1.70474618 1.5932257  1.91582132]
DEBUG: Planck15 ages (Gyr): [0.60555996 1.29454296 3.91196266 0.8506526  5.30315173 0.84804771
 4.56984825 3.81853685 4.05818294 3.42332841]
DEBUG: cosmo_colibre ages (Gyr): [0.60733271 1.2965154  3.91268436 0.85254016 5.30206298 0.84993436
 4.56982078 3.81934997 4.05875419 3.42448845]
DEBUG: us.look_back_time -> ages (Gyr): [0.60733272 1.2965154  3.91268436 0.85254016 5.30206298 0.84993437
 4.56982079 3.81934997 4.0587542  3.42448845]
[39/100] subhalo 209354 done; total_formed=1.164e+01
Building SWIFTGalaxy for subhalo 456642 (soap_index=17441154)
Read masses: Nstars=51930, sum_current=7.426543e+10 Msun
DEBUG: sample z (first valid): [0.90689013 0.34648258 5.89780023 4.98994607 2.37154028 3.45762481
 0.17912918 5.14380801 3.45308147 0.97898297]
DEBUG: Planck15 ages (Gyr): [ 6.26033948  9.84432139  0.95215666  1.17632839  2.76669151  1.82892598
 11.5178655   1.13249512  1.83170563  5.94881388]
DEBUG: cosmo_colibre ages (Gyr): [ 6.25748853  9.83095254  0.95407528  1.17829009  2.76829018  1.83086373
 11.49757358  1.13445086  1.83364287  5.94658433]
DEBUG: us.look_back_time -> ages (Gyr): [ 6.25748853  9.83095254  0.95407528  1.17829009  2.76829019  1.83086373
 11.49757358  1.13445086  1.83364287  5.94658433]
[40/100] subhalo 456642 done; total_formed=1.221e+01
Building SWIFTGalaxy for subhalo 91262 (soap_index=17447583)
Read masses: Nstars=108481, sum_current=1.428527e+11 Msun
DEBUG: sample z (first valid): [1.61704337 0.42779956 0.37912458 0.38249937 0.37912458 2.40871736
 2.79478865 1.94835343 3.07106473 2.86141881]
DEBUG: Planck15 ages (Gyr): [4.00499399 9.1566387  9.55944144 9.53068021 9.55944144 2.72233713
 2.32311219 3.36834144 2.0931133  2.26394976]
DEBUG: cosmo_colibre ages (Gyr): [4.00562102 9.14576028 9.54713037 9.5184739  9.54713037 2.72395941
 2.3249132  3.36954472 2.09498973 2.2657721 ]
DEBUG: us.look_back_time -> ages (Gyr): [4.00562102 9.14576028 9.54713037 9.5184739  9.54713037 2.72395941
 2.3249132  3.36954473 2.09498973 2.2657721 ]
[41/100] subhalo 91262 done; total_formed=2.401e+01
Building SWIFTGalaxy for subhalo 458382 (soap_index=17447640)
Read masses: Nstars=28924, sum_current=3.822947e+10 Msun
DEBUG: sample z (first valid): [1.77436288 1.96194522 3.86569159 3.95171893 1.65113269 1.32133749
 3.86858331 1.99169177 1.87337776 1.4166974 ]
DEBUG: Planck15 ages (Gyr): [3.6803322  3.34579312 1.60503183 1.56359235 3.93080381 4.75593366
 1.60360943 3.29729477 3.49729746 4.4906237 ]
DEBUG: cosmo_colibre ages (Gyr): [3.68127391 3.3470138  1.60699946 1.56556319 3.93150664 4.75565994
 1.60557719 3.29855215 3.49839741 4.49069641]
DEBUG: us.look_back_time -> ages (Gyr): [3.68127392 3.3470138  1.60699946 1.56556319 3.93150664 4.75565994
 1.60557719 3.29855215 3.49839741 4.49069641]
[42/100] subhalo 458382 done; total_formed=6.426e+00
Building SWIFTGalaxy for subhalo 1849892 (soap_index=17447783)
Read masses: Nstars=12706, sum_current=2.022536e+10 Msun
DEBUG: sample z (first valid): [1.49034808 1.19683561 1.47604655 1.52508284 2.22805635 0.92798305
 1.11242909 1.14562598 1.36319054 1.47979416]
DEBUG: Planck15 ages (Gyr): [4.30158091 5.14193358 4.33727644 4.21682843 2.94952469 6.16660348
 5.43279456 5.31536114 4.63647912 4.32787672]
DEBUG: cosmo_colibre ages (Gyr): [4.30188153 5.1410992  4.33753522 4.21722617 2.95101811 6.16394441
 5.43149249 5.31425263 4.63636526 4.32814657]
DEBUG: us.look_back_time -> ages (Gyr): [4.30188153 5.14109921 4.33753522 4.21722617 2.95101812 6.16394441
 5.43149249 5.31425263 4.63636526 4.32814657]
[43/100] subhalo 1849892 done; total_formed=3.335e+00
Building SWIFTGalaxy for subhalo 1856102 (soap_index=17447818)
Read masses: Nstars=21770, sum_current=3.076852e+10 Msun
DEBUG: sample z (first valid): [1.69673278 0.9040093  1.55023737 1.43013942 1.34459073 1.76663289
 4.88717212 1.69939863 0.7837779  2.34265021]
DEBUG: Planck15 ages (Gyr): [3.83498456 6.27331407 4.15711829 4.45513683 4.68896596 3.69527431
 1.20720127 3.82950011 6.85443047 2.80198423]
DEBUG: cosmo_colibre ages (Gyr): [3.83578185 6.27043623 4.1575826  4.45525352 4.68878264 3.6962025
 1.2091665  3.83030269 6.85026444 2.80356359]
DEBUG: us.look_back_time -> ages (Gyr): [3.83578186 6.27043623 4.1575826  4.45525353 4.68878264 3.6962025
 1.20916651 3.83030269 6.85026444 2.8035636 ]
[44/100] subhalo 1856102 done; total_formed=5.140e+00
Building SWIFTGalaxy for subhalo 4547346 (soap_index=17447975)
Read masses: Nstars=38788, sum_current=5.203770e+10 Msun
DEBUG: sample z (first valid): [3.69926861 1.08567246 2.65510318 0.45817017 1.52898047 1.72136866
 3.6492622  1.44118304 2.00761817 0.88908106]
DEBUG: Planck15 ages (Gyr): [1.69055703 5.53046101 2.45574335 8.91789286 4.20748627 3.78478115
 1.71773924 4.4263175  3.27179806 6.34122307]
DEBUG: cosmo_colibre ages (Gyr): [1.69251572 5.52899305 2.45749169 8.90782818 4.20789453 3.78562641
 1.71969444 4.4264695  3.27307436 6.33820314]
DEBUG: us.look_back_time -> ages (Gyr): [1.69251572 5.52899305 2.45749169 8.90782818 4.20789454 3.78562641
 1.71969444 4.4264695  3.27307436 6.33820314]
[45/100] subhalo 4547346 done; total_formed=8.742e+00
Building SWIFTGalaxy for subhalo 216382 (soap_index=17508182)
Read masses: Nstars=51918, sum_current=6.945614e+10 Msun
DEBUG: sample z (first valid): [0.61817284 0.80024173 0.47683432 1.47119155 3.42153556 0.29620253
 0.81761704 0.12157722 1.46487137 3.32809404]
DEBUG: Planck15 ages (Gyr): [ 7.80127412  6.77003969  8.77572819  4.3495026   1.85119985 10.30799304
  6.68270449 12.18818343  4.36550175  1.91100413]
DEBUG: cosmo_colibre ages (Gyr): [ 7.79465692  6.76607092  8.7661354   4.34974692  1.85313349 10.29282535
  6.6789362  12.16480065  4.36572706  1.91292578]
DEBUG: us.look_back_time -> ages (Gyr): [ 7.79465692  6.76607092  8.7661354   4.34974692  1.85313349 10.29282535
  6.6789362  12.16480065  4.36572706  1.91292578]
[46/100] subhalo 216382 done; total_formed=1.156e+01
Building SWIFTGalaxy for subhalo 18848 (soap_index=17522003)
Read masses: Nstars=47247, sum_current=5.831306e+10 Msun
DEBUG: sample z (first valid): [4.37312454 9.3540564  0.94862036 6.90352147 4.6992782  2.03998516
 2.15471262 1.50405013 4.23325082 4.68444791]
DEBUG: Planck15 ages (Gyr): [1.38399642 0.51748612 6.07699542 0.77632877 1.2672435  3.22096224
 3.05076584 4.26782311 1.43964604 1.27219306]
DEBUG: cosmo_colibre ages (Gyr): [1.38597216 0.51919909 6.07451583 0.7781881  1.26921412 3.2222755
 3.05219543 4.26816278 1.44162186 1.27416405]
DEBUG: us.look_back_time -> ages (Gyr): [1.38597216 0.5191991  6.07451583 0.7781881  1.26921412 3.2222755
 3.05219543 4.26816279 1.44162186 1.27416405]
[47/100] subhalo 18848 done; total_formed=9.822e+00
Building SWIFTGalaxy for subhalo 973509 (soap_index=17579920)
Read masses: Nstars=25092, sum_current=3.380673e+10 Msun
DEBUG: sample z (first valid): [ 1.19654109  2.85143394 11.3547931   0.78923228  7.89105956  4.70771643
  4.10206306  6.57291426  3.67313177  1.52566672]
DEBUG: Planck15 ages (Gyr): [5.14290521 2.27265639 0.39678161 6.82629333 0.65055597 1.26444151
 1.49529646 0.82773384 1.70467477 4.21542681]
DEBUG: cosmo_colibre ages (Gyr): [5.14206934 2.27447567 0.39838894 6.82219345 0.65235489 1.26641192
 1.4972709  0.82961322 1.70663169 4.21582614]
DEBUG: us.look_back_time -> ages (Gyr): [5.14206934 2.27447568 0.39838894 6.82219345 0.6523549  1.26641192
 1.49727091 0.82961322 1.70663169 4.21582614]
[48/100] subhalo 973509 done; total_formed=5.688e+00
Building SWIFTGalaxy for subhalo 474666 (soap_index=17583759)
Read masses: Nstars=54755, sum_current=7.444836e+10 Msun
DEBUG: sample z (first valid): [6.01069748 0.14749965 0.17523851 0.11645656 5.33381657 0.32342488
 0.57994214 4.87556034 0.13588464 0.67234868]
DEBUG: Planck15 ages (Gyr): [ 0.92926071 11.87957747 11.56150534 12.25048666  1.08199272 10.05310016
  8.04814585  1.21077391 12.01646642  7.47062682]
DEBUG: cosmo_colibre ages (Gyr): [ 0.93117302 11.85763899 11.54101747 12.22680799  1.08394017 10.03893305
  8.04081794  1.21273952 11.9938917   7.46491523]
DEBUG: us.look_back_time -> ages (Gyr): [ 0.93117302 11.85763899 11.54101747 12.22680799  1.08394018 10.03893306
  8.04081794  1.21273952 11.9938917   7.46491523]
[49/100] subhalo 474666 done; total_formed=1.237e+01
Building SWIFTGalaxy for subhalo 478472 (soap_index=17606606)
Read masses: Nstars=37367, sum_current=5.230805e+10 Msun
DEBUG: sample z (first valid): [2.11808926 1.10916581 0.29681811 8.18450004 0.73909351 0.53494473
 3.84948942 0.57750818 4.46133333 0.80480282]
DEBUG: Planck15 ages (Gyr): [ 3.10346716  5.44455959 10.30212587  0.61959204  7.09182127  8.35410885
  1.61304021  8.06426095  1.35071033  6.74694388]
DEBUG: cosmo_colibre ages (Gyr): [ 3.10486193  5.44323778 10.28698154  0.62137325  7.08708173  8.34585933
  1.61500714  8.05688562  1.3526853   6.74302849]
DEBUG: us.look_back_time -> ages (Gyr): [ 3.10486194  5.44323778 10.28698154  0.62137325  7.08708173  8.34585933
  1.61500714  8.05688562  1.35268531  6.74302849]
[50/100] subhalo 478472 done; total_formed=8.727e+00
Building SWIFTGalaxy for subhalo 95246 (soap_index=17625442)
Read masses: Nstars=20792, sum_current=2.818723e+10 Msun
DEBUG: sample z (first valid): [7.49407038 0.42531535 5.74516262 6.22796956 3.64695455 0.97136325
 0.26244414 3.61423643 1.57610063 1.70765163]
DEBUG: Planck15 ages (Gyr): [ 0.69674086  9.17658467  0.98463734  0.88768883  1.71901106  5.98058138
 10.63731091  1.7372122   4.09713523  3.81260157]
DEBUG: cosmo_colibre ages (Gyr): [ 0.69856401  9.16563706  0.98656425  0.88958867  1.72096609  5.97829059
 10.62080891  1.73916471  4.09766488  3.81342037]
DEBUG: us.look_back_time -> ages (Gyr): [ 0.69856401  9.16563706  0.98656425  0.88958867  1.72096609  5.97829059
 10.62080891  1.73916471  4.09766488  3.81342038]
[51/100] subhalo 95246 done; total_formed=4.714e+00
Building SWIFTGalaxy for subhalo 2246 (soap_index=17678535)
Read masses: Nstars=163332, sum_current=2.095463e+11 Msun
DEBUG: sample z (first valid): [1.3417423  1.13444502 5.34669766 0.8147984  0.89498034 0.75737424
 0.77028633 0.61737414 1.83926869 1.04378469]
DEBUG: Planck15 ages (Gyr): [4.6970879  5.3544611  1.07870479 6.69675333 6.31425091 6.99319707
 6.92480139 7.80631387 3.55864645 5.68902257]
DEBUG: cosmo_colibre ages (Gyr): [4.69689373 5.35328886 1.08065165 6.69295305 6.31128768 6.98869913
 6.92046822 7.79968247 3.55969488 5.68727571]
DEBUG: us.look_back_time -> ages (Gyr): [4.69689373 5.35328886 1.08065165 6.69295305 6.31128768 6.98869914
 6.92046822 7.79968247 3.55969488 5.68727572]
[52/100] subhalo 2246 done; total_formed=3.508e+01
Building SWIFTGalaxy for subhalo 1974331 (soap_index=17678555)
Read masses: Nstars=30393, sum_current=3.992488e+10 Msun
DEBUG: sample z (first valid): [0.81299104 1.85659489 1.85659489 1.73659596 1.36438415 4.63847544
 1.12090615 6.29393434 1.78001188 1.72680369]
DEBUG: Planck15 ages (Gyr): [6.70578579 3.52726647 3.52726647 3.7542812  4.63314301 1.28774195
 5.40241953 0.87567566 3.6694746  3.77384892]
DEBUG: cosmo_colibre ages (Gyr): [6.70196488 3.52834144 3.52834144 3.75515509 4.63303352 1.28971397
 5.40116815 0.87757164 3.67042608 3.77470449]
DEBUG: us.look_back_time -> ages (Gyr): [6.70196489 3.52834144 3.52834144 3.75515509 4.63303352 1.28971397
 5.40116815 0.87757164 3.67042608 3.77470449]
[53/100] subhalo 1974331 done; total_formed=6.697e+00
Building SWIFTGalaxy for subhalo 96576 (soap_index=17682104)
Read masses: Nstars=213210, sum_current=2.839238e+11 Msun
DEBUG: sample z (first valid): [0.96098145 0.75511516 0.34648258 0.28310753 0.28040013 4.49475979
 0.50022892 1.75060858 3.39455509 0.32481604]
DEBUG: Planck15 ages (Gyr): [ 6.02429383  7.00527024  9.84432139 10.43396032 10.46028228  1.33844214
  8.60224809  3.72656489  1.86814663 10.04032145]
DEBUG: cosmo_colibre ages (Gyr): [ 6.021918    7.00074298  9.83095254 10.41828773 10.44450332  1.3404167
  8.59321822  3.72746446  1.87007702 10.02620375]
DEBUG: us.look_back_time -> ages (Gyr): [ 6.021918    7.00074298  9.83095254 10.41828773 10.44450332  1.3404167
  8.59321822  3.72746446  1.87007702 10.02620375]
[54/100] subhalo 96576 done; total_formed=4.736e+01
Building SWIFTGalaxy for subhalo 1973435 (soap_index=17682140)
Read masses: Nstars=11837, sum_current=1.680151e+10 Msun
DEBUG: sample z (first valid): [1.49167364 1.55960006 1.68436143 2.76340875 1.00342382 1.68634202
 2.05386766 1.70407658 0.71992442 1.09957071]
DEBUG: Planck15 ages (Gyr): [4.29829637 4.13524127 3.86060347 2.35186336 5.84868211 3.8564834
 3.19955224 3.81990684 7.19754981 5.47938691]
DEBUG: cosmo_colibre ages (Gyr): [4.29860081 4.13572959 3.86137588 2.35365352 5.84664241 3.85725983
 3.20088076 3.82071865 7.192546   5.47800625]
DEBUG: us.look_back_time -> ages (Gyr): [4.29860081 4.1357296  3.86137588 2.35365352 5.84664242 3.85725983
 3.20088076 3.82071865 7.192546   5.47800626]
[55/100] subhalo 1973435 done; total_formed=2.790e+00
Building SWIFTGalaxy for subhalo 492052 (soap_index=17737263)
Read masses: Nstars=92943, sum_current=1.216843e+11 Msun
DEBUG: sample z (first valid): [2.69383384 3.25420318 2.15471262 2.53103448 0.90644636 1.15239096
 0.56724699 7.04912798 2.28205128 6.69743951]
DEBUG: Planck15 ages (Gyr): [2.41774213 1.96059392 3.05076584 2.58434342 6.2623354  5.29192305
 8.13273743 0.75534844 2.87845809 0.80772493]
DEBUG: cosmo_colibre ages (Gyr): [2.41950625 1.96250454 3.05219543 2.58603433 6.25948032 5.2908524
 8.12515922 0.75719886 2.87999395 0.80959679]
DEBUG: us.look_back_time -> ages (Gyr): [2.41950625 1.96250454 3.05219543 2.58603433 6.25948032 5.29085241
 8.12515922 0.75719887 2.87999395 0.8095968 ]
[56/100] subhalo 492052 done; total_formed=2.042e+01
Building SWIFTGalaxy for subhalo 99937 (soap_index=17790531)
Read masses: Nstars=43415, sum_current=5.741116e+10 Msun
DEBUG: sample z (first valid): [0.60015627 0.42382897 2.11157535 6.36111423 4.18030195 0.65011582
 5.34669766 3.3061962  0.36158896 1.02521632]
DEBUG: Planck15 ages (Gyr): [7.91616708 9.18854969 3.11299672 0.86371635 1.46168724 7.60369271
 1.07870479 1.92548217 9.71095711 5.76161322]
DEBUG: cosmo_colibre ages (Gyr): [7.90922279 9.17756049 3.11438508 0.86560837 1.46366269 7.59762305
 1.08065165 1.9274007  9.698088   5.75973472]
DEBUG: us.look_back_time -> ages (Gyr): [7.90922279 9.17756049 3.11438508 0.86560837 1.46366269 7.59762305
 1.08065165 1.92740071 9.698088   5.75973473]
[57/100] subhalo 99937 done; total_formed=9.557e+00
Building SWIFTGalaxy for subhalo 101934 (soap_index=17888286)
Read masses: Nstars=27438, sum_current=3.826380e+10 Msun
DEBUG: sample z (first valid): [6.36111423 4.06578032 1.35351577 5.04464121 1.32628141 0.04676719
 4.46133333 6.39100034 4.10723192 0.21282108]
DEBUG: Planck15 ages (Gyr): [ 0.86371635  1.51131974  4.66366232  1.16042854  4.74156799 13.145025
  1.35071033  0.858483    1.49303669 11.14961787]
DEBUG: cosmo_colibre ages (Gyr): [ 0.86560837  1.51329352  4.66351263  1.1623882   4.74131383 13.11694488
  1.3526853   0.86037325  1.49501122 11.13094935]
DEBUG: us.look_back_time -> ages (Gyr): [ 0.86560837  1.51329353  4.66351263  1.16238821  4.74131383 13.11694488
  1.35268531  0.86037326  1.49501122 11.13094935]
[58/100] subhalo 101934 done; total_formed=6.355e+00
Building SWIFTGalaxy for subhalo 2005236 (soap_index=17892547)
Read masses: Nstars=28996, sum_current=4.025745e+10 Msun
DEBUG: sample z (first valid): [1.33224199 0.27720611 1.36592058 1.24607581 1.45049357 1.39392168
 1.63175649 1.38087626 0.54741216 1.97458243]
DEBUG: Planck15 ages (Gyr): [ 4.72434025 10.49145899  4.62885442  4.98350098  4.40225282  4.5517963
  3.97269768  4.58743901  8.26760718  3.32504839]
DEBUG: cosmo_colibre ages (Gyr): [ 4.72410943 10.47555366  4.62875054  4.98290493  4.40243401  4.5517919
  3.97335799  4.58738893  8.25962278  3.32628487]
DEBUG: us.look_back_time -> ages (Gyr): [ 4.72410943 10.47555366  4.62875054  4.98290493  4.40243402  4.55179191
  3.97335799  4.58738893  8.25962278  3.32628488]
[59/100] subhalo 2005236 done; total_formed=6.727e+00
Building SWIFTGalaxy for subhalo 501198 (soap_index=17933977)
Read masses: Nstars=173318, sum_current=2.369709e+11 Msun
DEBUG: sample z (first valid): [4.06578032 1.08143302 0.45158147 3.93382519 2.25369874 4.56191123
 0.39095    0.51549348 0.7188418  0.5047759 ]
DEBUG: Planck15 ages (Gyr): [1.51131974 5.54619008 8.96889687 1.57206473 2.91542064 1.3143477
 9.45921632 8.49180077 7.20359305 8.56912478]
DEBUG: cosmo_colibre ages (Gyr): [1.51329352 5.54469498 8.95866058 1.57403497 2.91693467 1.31632122
 9.44726867 8.48312186 7.19857397 8.56020077]
DEBUG: us.look_back_time -> ages (Gyr): [1.51329353 5.54469498 8.95866058 1.57403497 2.91693468 1.31632122
 9.44726867 8.48312186 7.19857397 8.56020077]
[60/100] subhalo 501198 done; total_formed=3.941e+01
Building SWIFTGalaxy for subhalo 2330 (soap_index=18042722)
Read masses: Nstars=20374, sum_current=2.540223e+10 Msun
DEBUG: sample z (first valid): [1.97917993 7.0161458  9.64155233 3.92381668 7.0570445  2.7055298
 2.72702457 1.21780034 6.37602701 1.11556589]
DEBUG: Planck15 ages (Gyr): [3.3175533  0.76001761 0.49661802 1.57683682 0.75423482 2.40645646
 2.38594057 5.0735128  0.86109837 5.42152337]
DEBUG: cosmo_colibre ages (Gyr): [3.31879546 0.76187005 0.49831491 1.57880671 0.75608476 2.40822515
 2.38771746 5.07278277 0.86298951 5.42024016]
DEBUG: us.look_back_time -> ages (Gyr): [3.31879546 0.76187005 0.49831492 1.57880671 0.75608476 2.40822515
 2.38771747 5.07278277 0.86298951 5.42024016]
[61/100] subhalo 2330 done; total_formed=4.290e+00
Building SWIFTGalaxy for subhalo 498473 (soap_index=18042819)
Read masses: Nstars=30128, sum_current=4.430906e+10 Msun
DEBUG: sample z (first valid): [2.48558664 3.94052017 1.19213273 2.05159248 2.37258131 2.99902368
 1.74853213 1.72771165 3.93903082 2.14230917]
DEBUG: Planck15 ages (Gyr): [2.63424619 1.56888589 5.15748343 3.20304515 2.7654334  2.14934797
 3.73065103 3.77202763 1.56959212 3.06844952]
DEBUG: cosmo_colibre ages (Gyr): [2.63591311 1.57085635 5.15662504 3.20437118 2.76703275 2.15120783
 3.73154683 3.7728849  1.57156254 3.06986755]
DEBUG: us.look_back_time -> ages (Gyr): [2.63591312 1.57085636 5.15662504 3.20437119 2.76703276 2.15120783
 3.73154684 3.77288491 1.57156254 3.06986755]
[62/100] subhalo 498473 done; total_formed=7.401e+00
Building SWIFTGalaxy for subhalo 4693770 (soap_index=18043280)
Read masses: Nstars=41383, sum_current=5.462087e+10 Msun
DEBUG: sample z (first valid): [2.86871311 2.22487944 1.48600258 2.54057266 1.1729443  1.67624959
 1.22775172 3.02728446 2.82490954 1.64108971]
DEBUG: Planck15 ages (Gyr): [2.25762396 2.95379542 4.31237679 2.57406742 5.22170953 3.87755253
 5.04154067 2.12699385 2.29605531 3.95242834]
DEBUG: cosmo_colibre ages (Gyr): [2.2594485  2.95528623 4.31266481 2.57576315 5.22075079 3.87830833
 5.04085865 2.12886044 2.29786624 3.9531093 ]
DEBUG: us.look_back_time -> ages (Gyr): [2.2594485  2.95528623 4.31266482 2.57576315 5.22075079 3.87830833
 5.04085866 2.12886044 2.29786624 3.95310931]
[63/100] subhalo 4693770 done; total_formed=9.195e+00
Building SWIFTGalaxy for subhalo 238608 (soap_index=18116950)
Read masses: Nstars=15252, sum_current=2.109381e+10 Msun
DEBUG: sample z (first valid): [8.44935477 0.08625605 0.06659723 5.55622249 5.21901689 5.24449738
 0.16099773 0.45752157 8.92142911 8.49728281]
DEBUG: Planck15 ages (Gyr): [ 0.5936909  12.62726054 12.88136007  1.02746802  1.11204625  1.10525693
 11.72326386  8.92289458  0.55176302  0.58919596]
DEBUG: cosmo_colibre ages (Gyr): [ 0.59545629 12.60176238 12.85460633  1.02940474  1.11399882  1.10720839
 11.70204315  8.91281313  0.55350072  0.59095851]
DEBUG: us.look_back_time -> ages (Gyr): [ 0.5954563  12.60176238 12.85460633  1.02940474  1.11399883  1.1072084
 11.70204315  8.91281313  0.55350073  0.59095851]
[64/100] subhalo 238608 done; total_formed=3.471e+00
Building SWIFTGalaxy for subhalo 1652396 (soap_index=18131692)
Read masses: Nstars=47424, sum_current=5.970241e+10 Msun
DEBUG: sample z (first valid): [0.99853623 1.19315976 0.23392077 1.58280129 4.52813159 2.37849263
 4.12801252 5.48999802 6.48127854 2.17242715]
DEBUG: Planck15 ages (Gyr): [ 5.86849357  5.15408122 10.92753917  4.08182244  1.32637732  2.75830718
  1.48400851  1.04321794  0.84299017  3.02579767]
DEBUG: cosmo_colibre ages (Gyr): [ 5.86641669  5.1532281  10.90982316  4.08236852  1.32835139  2.75991037
  1.48598335  1.04515796  0.84487504  3.02724337]
DEBUG: us.look_back_time -> ages (Gyr): [ 5.86641669  5.1532281  10.90982316  4.08236853  1.32835139  2.75991038
  1.48598335  1.04515796  0.84487505  3.02724337]
[65/100] subhalo 1652396 done; total_formed=9.997e+00
Building SWIFTGalaxy for subhalo 864 (soap_index=18155653)
Read masses: Nstars=72015, sum_current=9.356102e+10 Msun
DEBUG: sample z (first valid): [3.23687613 2.76600391 0.4022595  0.37345964 1.11025245 0.77739206
 0.41951135 0.59207074 0.6263649  1.01290006]
DEBUG: Planck15 ages (Gyr): [1.97253087 2.34946341 9.36480328 9.60800757 5.44063749 6.88760049
 9.22343661 7.96856274 7.74986623 5.81056887]
DEBUG: cosmo_colibre ages (Gyr): [1.97443869 2.35125449 9.35319377 9.59551876 5.43932226 6.88335597
 9.21232577 7.96146716 7.74339332 5.80860018]
DEBUG: us.look_back_time -> ages (Gyr): [1.97443869 2.35125449 9.35319377 9.59551876 5.43932226 6.88335597
 9.21232577 7.96146717 7.74339332 5.80860018]
[66/100] subhalo 864 done; total_formed=1.565e+01
Building SWIFTGalaxy for subhalo 10451 (soap_index=18155654)
Read masses: Nstars=36157, sum_current=4.671230e+10 Msun
DEBUG: sample z (first valid): [6.37602701 0.32214332 3.39897973 0.74094145 0.78923228 4.41709373
 0.83143304 1.21002226 3.93382519 6.39850982]
DEBUG: Planck15 ages (Gyr): [ 0.86109837 10.06489309  1.8653499   7.08175492  6.82629333  1.36723638
  6.61449676  5.09872766  1.57206473  0.8571763 ]
DEBUG: cosmo_colibre ages (Gyr): [ 0.86298951 10.05068031  1.86728084  7.07704025  6.82219345  1.3692118
  6.61088248  5.09795942  1.57403497  0.85906611]
DEBUG: us.look_back_time -> ages (Gyr): [ 0.86298951 10.05068031  1.86728084  7.07704025  6.82219345  1.3692118
  6.61088248  5.09795943  1.57403497  0.85906611]
[67/100] subhalo 10451 done; total_formed=7.823e+00
Building SWIFTGalaxy for subhalo 401159 (soap_index=18172048)
Read masses: Nstars=68661, sum_current=9.206832e+10 Msun
DEBUG: sample z (first valid): [5.62850207 0.33084234 3.21534701 0.82226671 5.60978316 6.01069748
 3.69926861 0.35887866 5.75907591 2.46165223]
DEBUG: Planck15 ages (Gyr): [1.01072388 9.98523868 1.98753089 6.65962867 1.01501655 0.92926071
 1.69055703 9.73468912 0.98160088 2.66116678]
DEBUG: cosmo_colibre ages (Gyr): [1.01265691 9.97133315 1.98943512 6.65591274 1.01695054 0.93117302
 1.69251572 9.72173166 0.98352704 2.66282038]
DEBUG: us.look_back_time -> ages (Gyr): [1.01265692 9.97133315 1.98943512 6.65591274 1.01695055 0.93117302
 1.69251572 9.72173167 0.98352704 2.66282038]
[68/100] subhalo 401159 done; total_formed=1.538e+01
Building SWIFTGalaxy for subhalo 826248 (soap_index=18228478)
Read masses: Nstars=57935, sum_current=7.948478e+10 Msun
DEBUG: sample z (first valid): [5.4771694  1.07721078 2.39213251 0.90644636 6.21285494 0.53566407
 0.23513004 0.30737312 0.32342488 0.22268657]
DEBUG: Planck15 ages (Gyr): [ 1.04631532  5.56192561  2.74197854  6.2623354   0.89048003  8.34908102
 10.91500451 10.2022744  10.05310016 11.04498252]
DEBUG: cosmo_colibre ages (Gyr): [ 1.04825596  5.56040324  2.74359046  6.25948032  0.89238075  8.34084701
 10.89734166 10.18752515 10.03893305 11.02676531]
DEBUG: us.look_back_time -> ages (Gyr): [ 1.04825597  5.56040324  2.74359046  6.25948032  0.89238075  8.34084701
 10.89734166 10.18752515 10.03893306 11.02676531]
[69/100] subhalo 826248 done; total_formed=1.308e+01
Building SWIFTGalaxy for subhalo 77763 (soap_index=18277051)
Read masses: Nstars=10832, sum_current=1.447403e+10 Msun
DEBUG: sample z (first valid): [2.14441992 2.86597452 2.32602517 1.97296316 2.26407013 3.58967715
 3.86930678 2.17827352 2.62077348 1.88501497]
DEBUG: Planck15 ages (Gyr): [3.06542838 2.25999551 2.8226299  3.32769477 2.90180994 1.75108519
 1.6032539  3.01763067 2.4902557  3.47675948]
DEBUG: cosmo_colibre ages (Gyr): [3.06684839 2.26181923 2.82419774 3.32892925 2.90333207 1.75303569
 1.60522168 3.01908159 2.49198925 3.47787633]
DEBUG: us.look_back_time -> ages (Gyr): [3.0668484  2.26181923 2.82419774 3.32892925 2.90333207 1.75303569
 1.60522169 3.01908159 2.49198925 3.47787634]
[70/100] subhalo 77763 done; total_formed=2.435e+00
Building SWIFTGalaxy for subhalo 4348749 (soap_index=18277123)
Read masses: Nstars=20600, sum_current=2.856212e+10 Msun
DEBUG: sample z (first valid): [4.90361229 1.25163197 1.28874764 2.15016343 5.85164663 2.19096309
 3.0947204  2.263095   3.03745688 1.79375906]
DEBUG: Planck15 ages (Gyr): [1.20217289 4.96611246 4.85239611 3.05723225 0.96178804 3.00002781
 2.07517576 2.90308519 2.11904129 3.64326819]
DEBUG: cosmo_colibre ages (Gyr): [1.20413759 4.96554186 4.85198861 3.05865762 0.96370919 3.00148989
 2.07705721 2.90460656 2.12091023 3.64424305]
DEBUG: us.look_back_time -> ages (Gyr): [1.20413759 4.96554187 4.85198862 3.05865762 0.9637092  3.00148989
 2.07705721 2.90460657 2.12091023 3.64424305]
[71/100] subhalo 4348749 done; total_formed=4.779e+00
Building SWIFTGalaxy for subhalo 5954145 (soap_index=18283674)
Read masses: Nstars=81543, sum_current=1.083958e+11 Msun
DEBUG: sample z (first valid): [0.22938396 1.66796939 1.28189415 0.84504505 2.05842822 2.60603059
 1.59343095 0.408044   0.38319966 0.70755602]
DEBUG: Planck15 ages (Gyr): [10.97475034  3.894978    4.87307947  6.54834462  3.19256949  2.50532274
  4.05771973  9.31704936  9.52472796  7.26705616]
DEBUG: cosmo_colibre ages (Gyr): [10.95683353  3.8957166   4.87264274  6.54487754  3.19390294  2.50704968
  4.05829148  9.30560933  9.51254328  7.26187565]
DEBUG: us.look_back_time -> ages (Gyr): [10.95683354  3.8957166   4.87264275  6.54487754  3.19390294  2.50704969
  4.05829148  9.30560933  9.51254328  7.26187565]
[72/100] subhalo 5954145 done; total_formed=1.812e+01
Building SWIFTGalaxy for subhalo 437346 (soap_index=18492521)
Read masses: Nstars=16840, sum_current=2.297724e+10 Msun
DEBUG: sample z (first valid): [0.97445168 3.22840183 5.33381657 0.70595585 1.26674045 6.37602701
 4.75735746 7.40797999 5.39875024 0.31208457]
DEBUG: Planck15 ages (Gyr): [ 5.96767343  1.97841279  1.08199272  7.27612359  4.91931478  0.86109837
  1.24816389  0.70747849  1.06558571 10.15815726]
DEBUG: cosmo_colibre ages (Gyr): [ 5.96540758  1.98031921  1.08394017  7.27091984  4.91881202  0.86298951
  1.25013301  0.70930691  1.06753013 10.14358119]
DEBUG: us.look_back_time -> ages (Gyr): [ 5.96540758  1.98031921  1.08394018  7.27091985  4.91881202  0.86298951
  1.25013301  0.70930692  1.06753013 10.14358119]
[73/100] subhalo 437346 done; total_formed=3.844e+00
Building SWIFTGalaxy for subhalo 896229 (soap_index=18546388)
Read masses: Nstars=46679, sum_current=6.173409e+10 Msun
DEBUG: sample z (first valid): [1.88933956 0.84754172 1.14310007 0.67800082 0.68629065 0.89981447
 0.68924631 1.5065402  3.49399986 4.97792575]
DEBUG: Planck15 ages (Gyr): [3.46917718 6.53632247 5.32415467 7.43736362 7.38898454 6.29228163
 7.37185155 4.26173413 1.80692082 1.17987121]
DEBUG: cosmo_colibre ages (Gyr): [3.47030024 6.53288191 5.32303189 7.43174017 7.38348836 6.28936432
 7.36640016 4.26208079 1.80886242 1.18183334]
DEBUG: us.look_back_time -> ages (Gyr): [3.47030024 6.53288191 5.32303189 7.43174018 7.38348836 6.28936432
 7.36640016 4.2620808  1.80886243 1.18183334]
[74/100] subhalo 896229 done; total_formed=1.031e+01
Building SWIFTGalaxy for subhalo 1768009 (soap_index=18616448)
Read masses: Nstars=47694, sum_current=6.294306e+10 Msun
DEBUG: sample z (first valid): [8.33494765 2.71098528 0.50865562 4.0763749  4.7166783  3.07663598
 0.78552746 0.78552746 2.53293801 0.25605642]
DEBUG: Planck15 ages (Gyr): [ 0.60465415  2.40122199  8.54101272  1.50661162  1.26147688  2.08886576
  6.84538566  6.84538566  2.58228727 10.70133229]
DEBUG: cosmo_colibre ages (Gyr): [ 0.60642635  2.40299279  8.53217815  1.50858561  1.26344707  2.09074339
  6.84124094  6.84124094  2.58397915 10.68456552]
DEBUG: us.look_back_time -> ages (Gyr): [ 0.60642635  2.40299279  8.53217815  1.50858561  1.26344707  2.09074339
  6.84124094  6.84124094  2.58397915 10.68456552]
[75/100] subhalo 1768009 done; total_formed=1.050e+01
Building SWIFTGalaxy for subhalo 87588 (soap_index=18682893)
Read masses: Nstars=26275, sum_current=3.756561e+10 Msun
DEBUG: sample z (first valid): [3.8348211  2.07017708 1.29805737 4.59610622 1.28826816 2.26049751
 2.90746482 0.6783446  0.6783446  0.82510861]
DEBUG: Planck15 ages (Gyr): [1.6203477  3.17469483 4.82452367 1.30235342 4.8538386  2.90648662
 2.22450088 7.43534773 7.43534773 6.64558527]
DEBUG: cosmo_colibre ages (Gyr): [1.62231396 3.17604083 4.82415526 1.30432631 4.85342907 2.90800597
 2.2263367  7.42972961 7.42972961 6.64190107]
DEBUG: us.look_back_time -> ages (Gyr): [1.62231397 3.17604084 4.82415526 1.30432632 4.85342908 2.90800598
 2.2263367  7.42972961 7.42972961 6.64190107]
[76/100] subhalo 87588 done; total_formed=6.236e+00
Building SWIFTGalaxy for subhalo 17684869 (soap_index=18858872)
Read masses: Nstars=15313, sum_current=2.158901e+10 Msun
DEBUG: sample z (first valid): [3.1854643  0.1073263  0.10717665 4.30269439 4.74574785 1.53015211
 7.60673715 1.93147254 0.03617506 0.03617506]
DEBUG: Planck15 ages (Gyr): [ 2.00866578 12.36269835 12.36454976  1.41156273  1.25193948  4.20468452
  0.68309221  3.396693   13.2889754  13.2889754 ]
DEBUG: cosmo_colibre ages (Gyr): [ 2.01056479 12.33848316 12.34032568  1.41353869  1.25390891  4.20509593
  0.68490846  3.39787414 13.26016125 13.26016125]
DEBUG: us.look_back_time -> ages (Gyr): [ 2.01056479 12.33848316 12.34032569  1.4135387   1.25390892  4.20509593
  0.68490847  3.39787415 13.26016125 13.26016125]
[77/100] subhalo 17684869 done; total_formed=3.446e+00
Building SWIFTGalaxy for subhalo 18028 (soap_index=18984140)
Read masses: Nstars=50868, sum_current=6.209086e+10 Msun
DEBUG: sample z (first valid): [2.49004154 4.32986337 2.73169343 2.26049751 2.87282827 1.90393477
 2.53713299 4.80529719 3.66282462 3.78924291]
DEBUG: Planck15 ages (Gyr): [2.62928486 1.4008218  2.3815224  2.90648662 2.25406803 3.44378519
 2.57776541 1.23277156 1.71029591 1.64340749]
DEBUG: cosmo_colibre ages (Gyr): [2.63095421 1.40279772 2.38330103 2.90800597 2.2558938  3.44492883
 2.57945941 1.23473933 1.7122521  1.6453715 ]
DEBUG: us.look_back_time -> ages (Gyr): [2.63095421 1.40279773 2.38330104 2.90800598 2.2558938  3.44492883
 2.57945941 1.23473933 1.7122521  1.6453715 ]
[78/100] subhalo 18028 done; total_formed=1.052e+01
Building SWIFTGalaxy for subhalo 18318 (soap_index=18984143)
Read masses: Nstars=31676, sum_current=4.176647e+10 Msun
DEBUG: sample z (first valid): [1.18993517 1.55142879 1.50845901 2.83520599 2.38512397 2.68759847
 1.78426374 4.46953764 1.12903645 5.4503937 ]
DEBUG: Planck15 ages (Gyr): [5.16477515 4.15432404 4.25705158 2.28692517 2.75034876 2.42379444
 3.6613366  1.34768195 5.37353864 1.05282954]
DEBUG: cosmo_colibre ages (Gyr): [5.16390546 4.15479143 4.25740362 2.28873939 2.75195622 2.42555608
 3.66229537 1.34965683 5.37233504 1.05477149]
DEBUG: us.look_back_time -> ages (Gyr): [5.16390546 4.15479143 4.25740362 2.28873939 2.75195622 2.42555608
 3.66229537 1.34965684 5.37233504 1.05477149]
[79/100] subhalo 18318 done; total_formed=7.015e+00
Building SWIFTGalaxy for subhalo 461405 (soap_index=18984171)
Read masses: Nstars=83027, sum_current=1.110979e+11 Msun
DEBUG: sample z (first valid): [2.02594884 0.46416443 2.12582276 2.01231844 1.35283981 1.44027405
 1.94570298 1.65113269 1.75407632 1.28348432]
DEBUG: Planck15 ages (Gyr): [3.24284832 8.87186371 3.09221517 3.2643348  4.66557109 4.42867827
 3.3727673  3.93080381 3.71975709 4.86826792]
DEBUG: cosmo_colibre ages (Gyr): [3.24414579 8.86195285 3.09361747 3.26561658 4.66541887 4.42882739
 3.37396715 3.93150664 3.72066292 4.86783802]
DEBUG: us.look_back_time -> ages (Gyr): [3.2441458  8.86195285 3.09361747 3.26561659 4.66541888 4.42882739
 3.37396715 3.93150664 3.72066293 4.86783802]
[80/100] subhalo 461405 done; total_formed=1.865e+01
Building SWIFTGalaxy for subhalo 16179 (soap_index=19084090)
Read masses: Nstars=14440, sum_current=1.911138e+10 Msun
DEBUG: sample z (first valid): [3.57685593 3.07663598 3.33267222 1.44866238 2.61637788 5.30153846
 0.61164667 0.44416042 3.05996779 1.64108971]
DEBUG: Planck15 ages (Gyr): [1.75840063 2.08886576 1.90799995 4.40696921 2.49473231 1.09030531
 7.84259871 9.02686403 2.10161626 3.95242834]
DEBUG: cosmo_colibre ages (Gyr): [1.76035004 2.09074339 1.90992223 4.4071447  2.49646391 1.09225423
 7.8358646  9.01643123 2.10349026 3.9531093 ]
DEBUG: us.look_back_time -> ages (Gyr): [1.76035004 2.09074339 1.90992224 4.4071447  2.49646391 1.09225423
 7.8358646  9.01643123 2.10349026 3.95310931]
[81/100] subhalo 16179 done; total_formed=3.200e+00
Building SWIFTGalaxy for subhalo 16742 (soap_index=19099854)
Read masses: Nstars=90411, sum_current=1.131769e+11 Msun
DEBUG: sample z (first valid): [1.94570298 1.43882108 3.45762481 1.43936574 1.32100864 5.78637258
 1.02059567 1.67756169 1.87463813 1.33806636]
DEBUG: Planck15 ages (Gyr): [3.3727673  4.43245605 1.82892598 4.4310393  4.75689167 0.97568859
 5.77990348 3.87480284 3.49506357 4.70760272]
DEBUG: cosmo_colibre ages (Gyr): [3.37396715 4.43260055 1.83086373 4.43118553 4.75661664 0.97761329
 5.77799142 3.87556134 3.49616537 4.70739444]
DEBUG: us.look_back_time -> ages (Gyr): [3.37396715 4.43260055 1.83086373 4.43118554 4.75661664 0.97761329
 5.77799143 3.87556134 3.49616537 4.70739444]
[82/100] subhalo 16742 done; total_formed=1.903e+01
Building SWIFTGalaxy for subhalo 95779 (soap_index=19115146)
Read masses: Nstars=67508, sum_current=9.220094e+10 Msun
DEBUG: sample z (first valid): [0.82959241 6.57291426 5.33381657 0.4847304  4.34072203 2.02148456
 7.71199734 1.94861873 1.94041637 3.8248546 ]
DEBUG: Planck15 ages (Gyr): [6.62352136 0.82773384 1.08199272 8.71659718 1.39656682 3.24986018
 0.67073764 3.36789893 3.38162355 1.62534418]
DEBUG: cosmo_colibre ages (Gyr): [6.61988683 0.82961322 1.08394017 8.70719786 1.39854271 3.25115255
 0.67254746 3.36910256 3.3828165  1.62730997]
DEBUG: us.look_back_time -> ages (Gyr): [6.61988683 0.82961322 1.08394018 8.70719786 1.39854271 3.25115255
 0.67254746 3.36910257 3.3828165  1.62730997]
[83/100] subhalo 95779 done; total_formed=1.528e+01
Building SWIFTGalaxy for subhalo 475067 (soap_index=19121635)
Read masses: Nstars=27034, sum_current=3.956899e+10 Msun
DEBUG: sample z (first valid): [5.86960168 4.43371196 5.43772102 3.28872456 1.9667723  5.4503937
 4.40592263 5.34669766 6.09648078 3.38573245]
DEBUG: Planck15 ages (Gyr): [0.95802201 1.36098937 1.05593618 1.93716433 3.33784434 1.05282954
 1.37146253 1.07870479 0.91246824 1.87374398]
DEBUG: cosmo_colibre ages (Gyr): [0.95994218 1.36296464 1.05787874 1.93908028 3.3390711  1.05477149
 1.37343804 1.08065165 0.91437568 1.87567327]
DEBUG: us.look_back_time -> ages (Gyr): [0.95994218 1.36296464 1.05787875 1.93908028 3.3390711  1.05477149
 1.37343804 1.08065165 0.91437568 1.87567327]
[84/100] subhalo 475067 done; total_formed=6.441e+00
Building SWIFTGalaxy for subhalo 214696 (soap_index=19128242)
Read masses: Nstars=50447, sum_current=6.731643e+10 Msun
DEBUG: sample z (first valid): [5.46375382 0.68058262 0.68351829 0.03095897 2.68759847 4.275801
 0.03933012 3.51692053 3.7569137  1.72975675]
DEBUG: Planck15 ages (Gyr): [ 1.04957078  7.42224463  7.40511034 13.36067752  2.42379444  1.42232989
 13.24586664  1.79327889  1.66009565  3.76793049]
DEBUG: cosmo_colibre ages (Gyr): [ 1.05151208  7.41666108  7.39957187 13.33149518  2.42555608  1.42430584
 13.21727303  1.79522278  1.66205788  3.76879162]
DEBUG: us.look_back_time -> ages (Gyr): [ 1.05151209  7.41666109  7.39957187 13.33149518  2.42555608  1.42430584
 13.21727303  1.79522279  1.66205788  3.76879162]
[85/100] subhalo 214696 done; total_formed=1.120e+01
Building SWIFTGalaxy for subhalo 960208 (soap_index=19140962)
Read masses: Nstars=20050, sum_current=2.668178e+10 Msun
DEBUG: sample z (first valid): [4.91106702 6.42113011 5.94016732 3.5212832  5.22847367 2.36116525
 1.30387401 1.42026738 0.36294817 8.5652047 ]
DEBUG: Planck15 ages (Gyr): [1.19990424 0.85326012 0.94345568 1.79070162 1.10951842 2.77928152
 4.80723872 4.48115483 9.69908747 0.58292207]
DEBUG: cosmo_colibre ages (Gyr): [1.20186869 0.85514858 0.94537194 1.79264593 1.11147057 2.78087336
 4.80689437 4.48123933 9.68626244 0.58468061]
DEBUG: us.look_back_time -> ages (Gyr): [1.20186869 0.85514858 0.94537195 1.79264594 1.11147058 2.78087336
 4.80689438 4.48123934 9.68626244 0.58468061]
[86/100] subhalo 960208 done; total_formed=4.482e+00
Building SWIFTGalaxy for subhalo 958024 (soap_index=19202841)
Read masses: Nstars=78161, sum_current=9.620949e+10 Msun
DEBUG: sample z (first valid): [1.79709774 3.13606816 1.67931316 2.04054932 4.66185745 1.08939616
 2.64574989 1.76057287 1.60208052 2.26797646]
DEBUG: Planck15 ages (Gyr): [3.63694949 2.04442599 3.8711373  3.22008762 1.27979448 5.51670343
 2.46506803 3.70705736 4.03827602 2.8967105 ]
DEBUG: cosmo_colibre ages (Gyr): [3.63792994 2.04631578 3.8718994  3.2214015  1.28176599 5.51525911
 2.46681242 3.70797482 4.03886829 2.89823565]
DEBUG: us.look_back_time -> ages (Gyr): [3.63792994 2.04631578 3.8718994  3.2214015  1.28176599 5.51525911
 2.46681242 3.70797483 4.03886829 2.89823565]
[87/100] subhalo 958024 done; total_formed=1.618e+01
Building SWIFTGalaxy for subhalo 20863 (soap_index=19241187)
Read masses: Nstars=19550, sum_current=2.644913e+10 Msun
DEBUG: sample z (first valid): [2.22519685 1.84493836 1.85659489 4.14613271 1.708323   1.76826899
 3.03646218 1.91893818 2.10685503 2.12910619]
DEBUG: Planck15 ages (Gyr): [2.95336827 3.54832814 3.52726647 1.47620977 3.8112322  3.69210353
 2.11981675 3.41799703 3.11993227 3.08745805]
DEBUG: cosmo_colibre ages (Gyr): [2.95485934 3.54938534 3.52834144 1.47818485 3.81205232 3.69303459
 2.12168546 3.41916132 3.12131595 3.08886352]
DEBUG: us.look_back_time -> ages (Gyr): [2.95485935 3.54938535 3.52834144 1.47818485 3.81205232 3.6930346
 2.12168547 3.41916132 3.12131595 3.08886352]
[88/100] subhalo 20863 done; total_formed=4.436e+00
Building SWIFTGalaxy for subhalo 221446 (soap_index=19241206)
Read masses: Nstars=42931, sum_current=5.652390e+10 Msun
DEBUG: sample z (first valid): [0.75869472 1.21555105 7.09786235 0.29058685 0.7041814  0.65645536
 0.81218892 1.31690589 0.87911458 1.16662259]
DEBUG: Planck15 ages (Gyr): [ 6.98615484  5.0807841   0.74853601 10.36174152  7.28619884  7.56538451
  6.70980048  4.76886989  6.3872      5.24314744]
DEBUG: cosmo_colibre ages (Gyr): [ 6.98167397  5.08004308  0.75038345 10.34635924  7.28096925  7.55941882
  6.70597039  4.76857847  6.3840826   5.24215477]
DEBUG: us.look_back_time -> ages (Gyr): [ 6.98167397  5.08004308  0.75038346 10.34635924  7.28096925  7.55941882
  6.7059704   4.76857847  6.3840826   5.24215477]
[89/100] subhalo 221446 done; total_formed=9.482e+00
Building SWIFTGalaxy for subhalo 1913530 (soap_index=19276827)
Read masses: Nstars=77657, sum_current=1.023165e+11 Msun
DEBUG: sample z (first valid): [4.28132807 7.85501959 6.74382607 5.91162202 0.15161313 0.35887866
 0.30935827 4.16967737 0.26879888 0.33019404]
DEBUG: Planck15 ages (Gyr): [ 1.42010595  0.65453614  0.80047609  0.94930346 11.83162912  9.73468912
 10.18365197  1.46617741 10.57416736  9.99114318]
DEBUG: cosmo_colibre ages (Gyr): [ 1.42208191  0.65633726  0.80234514  0.95122131 11.8099118   9.72173166
 10.16897593  1.46815276 10.55792479  9.97721498]
DEBUG: us.look_back_time -> ages (Gyr): [ 1.42208191  0.65633726  0.80234515  0.95122132 11.8099118   9.72173167
 10.16897593  1.46815276 10.55792479  9.97721498]
[90/100] subhalo 1913530 done; total_formed=1.708e+01
Building SWIFTGalaxy for subhalo 19703 (soap_index=19305815)
Read masses: Nstars=65515, sum_current=8.956407e+10 Msun
DEBUG: sample z (first valid): [4.68740779 0.41791432 0.62282092 2.2998993  2.75607519 3.90649098
 1.95340243 2.30655903 1.54845233 3.02308165]
DEBUG: Planck15 ages (Gyr): [1.27120265 9.23639037 7.77204267 2.85558222 2.35866716 1.58515471
 3.35993647 2.84712267 4.16131045 2.1302939 ]
DEBUG: cosmo_colibre ages (Gyr): [1.27317356 9.22523421 7.76550768 2.85713133 2.3604547  1.58712397
 3.36114626 2.84867663 4.16177014 2.13215951]
DEBUG: us.look_back_time -> ages (Gyr): [1.27317357 9.22523421 7.76550768 2.85713134 2.3604547  1.58712397
 3.36114626 2.84867663 4.16177014 2.13215951]
[91/100] subhalo 19703 done; total_formed=1.504e+01
Building SWIFTGalaxy for subhalo 470399 (soap_index=19305849)
Read masses: Nstars=43016, sum_current=5.407559e+10 Msun
DEBUG: sample z (first valid): [6.88735107 0.9439962  3.41915037 5.56936648 0.94491928 0.99052363
 2.15137526 0.96192073 2.52913301 1.81197975]
DEBUG: Planck15 ages (Gyr): [0.77871846 6.09689606 1.85268775 1.02438897 6.09291536 5.9012006
 3.05550751 6.02031846 2.58640005 3.60899954]
DEBUG: cosmo_colibre ages (Gyr): [0.78057878 6.09437694 1.85462111 1.02632503 6.09040417 5.89906192
 3.056934   6.0179504  2.58808998 3.61000454]
DEBUG: us.look_back_time -> ages (Gyr): [0.78057878 6.09437695 1.85462111 1.02632503 6.09040417 5.89906192
 3.05693401 6.0179504  2.58808999 3.61000454]
[92/100] subhalo 470399 done; total_formed=9.109e+00
Building SWIFTGalaxy for subhalo 1904575 (soap_index=19305938)
Read masses: Nstars=15797, sum_current=2.262181e+10 Msun
DEBUG: sample z (first valid): [3.07663598 2.07248008 1.51288344 8.7219997  1.81657212 2.75220428
 2.81023256 2.47929497 6.16162168 7.50233524]
DEBUG: Planck15 ages (Gyr): [2.08886576 3.17121023 4.24628602 0.56885572 3.60044501 2.36227153
 2.30917404 2.64127935 0.90005057 0.69572429]
DEBUG: cosmo_colibre ages (Gyr): [2.09074339 3.17255867 4.24665036 0.57060504 3.60145747 2.36405768
 2.31098019 2.64294282 0.90195426 0.69754692]
DEBUG: us.look_back_time -> ages (Gyr): [2.09074339 3.17255867 4.24665036 0.57060504 3.60145747 2.36405768
 2.3109802  2.64294282 0.90195426 0.69754693]
[93/100] subhalo 1904575 done; total_formed=3.765e+00
Building SWIFTGalaxy for subhalo 996743 (soap_index=19475754)
Read masses: Nstars=25441, sum_current=3.449113e+10 Msun
DEBUG: sample z (first valid): [ 6.02497588  0.6034449   2.31391586  3.42153556  1.99990845  6.83923445
  7.26431274 11.15542984  2.47228992  3.99931345]
DEBUG: Planck15 ages (Gyr): [0.92643018 7.89500499 2.83782531 1.85119985 3.2841003  0.78590204
 0.72602129 0.40660879 2.64914633 1.54142163]
DEBUG: cosmo_colibre ages (Gyr): [0.92834168 7.88812143 2.83938456 1.85313349 3.2853675  0.78776529
 0.72785852 0.40822599 2.65080591 1.54339386]
DEBUG: us.look_back_time -> ages (Gyr): [0.92834169 7.88812143 2.83938457 1.85313349 3.2853675  0.78776529
 0.72785852 0.40822599 2.65080591 1.54339386]
[94/100] subhalo 996743 done; total_formed=5.776e+00
Building SWIFTGalaxy for subhalo 479549 (soap_index=19483514)
Read masses: Nstars=60665, sum_current=8.260563e+10 Msun
DEBUG: sample z (first valid): [0.8147984  5.38565722 2.75091575 3.50295451 0.33648748 0.33659651
 3.70872252 0.30873073 0.61737414 4.31344252]
DEBUG: Planck15 ages (Gyr): [ 6.69675333  1.06886057  2.36347335  1.80157082  9.93403871  9.93305361
  1.68549813 10.1895335   7.80631387  1.40729731]
DEBUG: cosmo_colibre ages (Gyr): [ 6.69295305  1.07080562  2.36525904  1.80351332  9.9203292   9.91934786
  1.68745744 10.17483435  7.79968247  1.40927327]
DEBUG: us.look_back_time -> ages (Gyr): [ 6.69295305  1.07080562  2.36525904  1.80351333  9.9203292   9.91934786
  1.68745744 10.17483435  7.79968247  1.40927327]
[95/100] subhalo 479549 done; total_formed=1.374e+01
Building SWIFTGalaxy for subhalo 103815 (soap_index=19571753)
Read masses: Nstars=22375, sum_current=3.071203e+10 Msun
DEBUG: sample z (first valid): [4.95944348 9.95919732 3.29321978 3.54448374 7.36558591 1.83411175
 1.15027233 1.83264177 8.05506045 4.06578032]
DEBUG: Planck15 ages (Gyr): [1.18535326 0.47514082 1.93414749 1.77709813 0.7128676  3.56807411
 5.29924567 3.57076888 0.63294185 1.51131974]
DEBUG: cosmo_colibre ages (Gyr): [1.18731604 0.4768203  1.93606411 1.77904464 0.71469862 3.56911449
 5.29816322 3.57180695 0.63473085 1.51329352]
DEBUG: us.look_back_time -> ages (Gyr): [1.18731605 0.4768203  1.93606411 1.77904465 0.71469862 3.56911449
 5.29816323 3.57180695 0.63473085 1.51329353]
[96/100] subhalo 103815 done; total_formed=5.123e+00
Building SWIFTGalaxy for subhalo 3430004 (soap_index=19574290)
Read masses: Nstars=10949, sum_current=1.484335e+10 Msun
DEBUG: sample z (first valid): [6.5268175  3.65652977 6.66592584 6.83548541 2.29029019 5.74516262
 3.93382519 4.0173021  3.69455587 1.45618769]
DEBUG: Planck15 ages (Gyr): [0.83535055 1.71374399 0.81271204 0.78646637 2.86786106 0.98463734
 1.57206473 1.53317738 1.69308826 4.38763881]
DEBUG: cosmo_colibre ages (Gyr): [0.8372327  1.71569973 0.81458582 0.78832985 2.86940308 0.98656425
 1.57403497 1.53515008 1.69504664 4.38783761]
DEBUG: us.look_back_time -> ages (Gyr): [0.83723271 1.71569973 0.81458582 0.78832985 2.86940309 0.98656425
 1.57403497 1.53515008 1.69504665 4.38783761]
[97/100] subhalo 3430004 done; total_formed=2.484e+00
Building SWIFTGalaxy for subhalo 105044 (soap_index=19580160)
Read masses: Nstars=20271, sum_current=2.723609e+10 Msun
DEBUG: sample z (first valid): [0.49529981 1.98487885 6.57291426 1.84419755 1.00171045 1.81633004
 1.1350013  1.25939461 3.00586797 4.00963155]
DEBUG: Planck15 ages (Gyr): [8.63837148 3.3083008  0.82773384 3.54967358 5.85561517 3.60089512
 5.35250503 4.94197991 2.1438987  1.53668385]
DEBUG: cosmo_colibre ages (Gyr): [8.62922557 3.30954993 0.82961322 3.55072964 5.85356248 3.60190719
 5.35133599 4.94144442 2.14576022 1.53865636]
DEBUG: us.look_back_time -> ages (Gyr): [8.62922557 3.30954993 0.82961322 3.55072964 5.85356248 3.60190719
 5.35133599 4.94144443 2.14576022 1.53865636]
[98/100] subhalo 105044 done; total_formed=4.566e+00
Building SWIFTGalaxy for subhalo 235211 (soap_index=19601936)
Read masses: Nstars=45384, sum_current=6.222090e+10 Msun
DEBUG: sample z (first valid): [4.33507001 3.52596685 3.14339002 1.89751525 5.06927209 2.68676868
 6.28663553 0.45003983 2.73552212 1.2530253 ]
DEBUG: Planck15 ages (Gyr): [1.39877889 1.78794153 2.03905923 3.45491613 1.1533845  2.42460175
 0.87699155 8.98089338 2.37790933 4.96176703]
DEBUG: cosmo_colibre ages (Gyr): [1.4007548  1.7898863  2.04095043 3.45605078 1.15534322 2.42636306
 0.87888796 8.97061655 2.37968939 4.96120278]
DEBUG: us.look_back_time -> ages (Gyr): [1.4007548  1.78988631 2.04095043 3.45605079 1.15534322 2.42636306
 0.87888796 8.97061656 2.37968939 4.96120278]
[99/100] subhalo 235211 done; total_formed=1.034e+01
Building SWIFTGalaxy for subhalo 234158 (soap_index=19645230)
Read masses: Nstars=38799, sum_current=5.387517e+10 Msun
DEBUG: sample z (first valid): [4.01461474 1.80547945 0.82877553 2.55787188 3.24538447 3.50078978
 2.5185225  4.87556034 0.78923228 0.65378016]
DEBUG: Planck15 ages (Gyr): [1.53440436 3.62116468 6.62753259 2.5556006  1.96665435 1.80286174
 2.59792589 1.21077391 6.82629333 7.58151421]
DEBUG: cosmo_colibre ages (Gyr): [1.53637699 3.62215904 6.62388904 2.55730489 1.96856355 1.80480403
 2.59961036 1.21273952 6.82219345 7.57550483]
DEBUG: us.look_back_time -> ages (Gyr): [1.53637699 3.62215904 6.62388905 2.55730489 1.96856355 1.80480404
 2.59961036 1.21273952 6.82219345 7.57550483]
[100/100] subhalo 234158 done; total_formed=9.024e+00
All halos processed. Writing CSV.
Wrote relicness_extras_600_700.csv (100 rows) in 5584.7s
