Will process 30 subhalos (test=False)
Mapping requested subhalos -> SOAP rows (chunked scan)...
Found SOAP rows for 30 / 30 requested subhalos
Reading SOAP StellarMass & HalfMassRadiusStars for requested rows (applying Mu/Lu conversions)...
Summing PartType4/Masses via mapping NPZ (particle-level current stellar mass -> Msun)...
Analysing subhalo 1694775
Analysing subhalo 526228
Analysing subhalo 3482653
Analysing subhalo 402569
Analysing subhalo 514602
Analysing subhalo 5888067
Analysing subhalo 1047901
Analysing subhalo 7931028
Analysing subhalo 81562
Analysing subhalo 115357
Analysing subhalo 85427
Analysing subhalo 553480
Analysing subhalo 87850
Analysing subhalo 34558
Analysing subhalo 118668
Analysing subhalo 440918
Analysing subhalo 4527032
Analysing subhalo 16681
Analysing subhalo 269223
Analysing subhalo 938691
Analysing subhalo 16838
Analysing subhalo 969387
Analysing subhalo 126
Analysing subhalo 997900
Analysing subhalo 3979
Analysing subhalo 605496
Analysing subhalo 227161
Analysing subhalo 2367800
Analysing subhalo 991478
Analysing subhalo 22219
halos:   0%|                                                                 | 0/30 [00:00<?, ?it/s]Flushed 30 rows to outfiles/relic_chunk_022.csv
halos: 100%|███████████████████████████████████████████████████████| 30/30 [00:00<00:00, 439.72it/s]
Done. Wrote 30 rows to outfiles/relic_chunk_022.csv
