Task 12: rendering galaxies 180 to 194
Using PARTRIDGE at: /home/mzemsch/COLIBRE-analysis/PARTRIDGE
Found 267 relic IDs in z0_relics_trackids.csv using column 'track_id'
Rendering IDs in range [180, 195) -> 15 galaxies
[1/15] Rendering halo 152636
Calculating stellar luminosities from FSPS tables.
Luminosity generation for all bands done. Time taken: 0.729 s (read-in time: 0.705 s).
Loaded in and pre-processed the data. Total pre-processing time taken: 73.902 s.
Generated star smoothing lengths. Time taken: 0.082 s.
Rendered the stars onto the grid. Time taken: 173.538 s.
Rendered the dust onto the grid. Time taken: 136.532 s.
Computed the projected luminosity maps. Total time taken: 317.105 s.
Created the RGB image.
Created the RGB image.
Done! Total time taken: 391.155 s.
[2/15] Rendering halo 51234
Calculating stellar luminosities from FSPS tables.
Luminosity generation for all bands done. Time taken: 3.660 s (read-in time: 3.522 s).
Loaded in and pre-processed the data. Total pre-processing time taken: 106.208 s.
Generated star smoothing lengths. Time taken: 0.318 s.
Rendered the stars onto the grid. Time taken: 138.323 s.
Rendered the dust onto the grid. Time taken: 186.526 s.
Computed the projected luminosity maps. Total time taken: 334.214 s.
Created the RGB image.
Created the RGB image.
Done! Total time taken: 440.928 s.
[3/15] Rendering halo 702000
Calculating stellar luminosities from FSPS tables.
Luminosity generation for all bands done. Time taken: 2.070 s (read-in time: 1.994 s).
Loaded in and pre-processed the data. Total pre-processing time taken: 78.647 s.
Generated star smoothing lengths. Time taken: 0.586 s.
Rendered the stars onto the grid. Time taken: 129.534 s.
Rendered the dust onto the grid. Time taken: 148.465 s.
Computed the projected luminosity maps. Total time taken: 286.551 s.
Created the RGB image.
Created the RGB image.
Done! Total time taken: 365.869 s.
[4/15] Rendering halo 1443766
Calculating stellar luminosities from FSPS tables.
Luminosity generation for all bands done. Time taken: 1.833 s (read-in time: 1.814 s).
Loaded in and pre-processed the data. Total pre-processing time taken: 80.619 s.
Generated star smoothing lengths. Time taken: 0.060 s.
Rendered the stars onto the grid. Time taken: 117.833 s.
Rendered the dust onto the grid. Time taken: 131.748 s.
Computed the projected luminosity maps. Total time taken: 256.831 s.
Created the RGB image.
Created the RGB image.
Done! Total time taken: 337.598 s.
[5/15] Rendering halo 59531
Calculating stellar luminosities from FSPS tables.
Luminosity generation for all bands done. Time taken: 1.248 s (read-in time: 1.146 s).
Loaded in and pre-processed the data. Total pre-processing time taken: 70.437 s.
Generated star smoothing lengths. Time taken: 0.101 s.
Rendered the stars onto the grid. Time taken: 154.056 s.
Rendered the dust onto the grid. Time taken: 122.197 s.
Computed the projected luminosity maps. Total time taken: 285.230 s.
Created the RGB image.
Created the RGB image.
Done! Total time taken: 355.969 s.
[6/15] Rendering halo 53300
Calculating stellar luminosities from FSPS tables.
Luminosity generation for all bands done. Time taken: 0.742 s (read-in time: 0.731 s).
Loaded in and pre-processed the data. Total pre-processing time taken: 68.994 s.
Generated star smoothing lengths. Time taken: 0.037 s.
Rendered the stars onto the grid. Time taken: 137.287 s.
Rendered the dust onto the grid. Time taken: 137.365 s.
Computed the projected luminosity maps. Total time taken: 283.463 s.
Created the RGB image.
Created the RGB image.
Done! Total time taken: 352.604 s.
[7/15] Rendering halo 1295671
Calculating stellar luminosities from FSPS tables.
Luminosity generation for all bands done. Time taken: 1.279 s (read-in time: 1.257 s).
Loaded in and pre-processed the data. Total pre-processing time taken: 76.325 s.
Generated star smoothing lengths. Time taken: 0.062 s.
Rendered the stars onto the grid. Time taken: 123.225 s.
Rendered the dust onto the grid. Time taken: 127.511 s.
Computed the projected luminosity maps. Total time taken: 258.017 s.
Created the RGB image.
Created the RGB image.
Done! Total time taken: 334.569 s.
[8/15] Rendering halo 50269
Calculating stellar luminosities from FSPS tables.
Luminosity generation for all bands done. Time taken: 0.759 s (read-in time: 0.748 s).
Loaded in and pre-processed the data. Total pre-processing time taken: 71.415 s.
Generated star smoothing lengths. Time taken: 0.030 s.
Rendered the stars onto the grid. Time taken: 132.855 s.
Rendered the dust onto the grid. Time taken: 137.291 s.
Computed the projected luminosity maps. Total time taken: 278.540 s.
Created the RGB image.
Created the RGB image.
Done! Total time taken: 350.139 s.
[9/15] Rendering halo 319646
Calculating stellar luminosities from FSPS tables.
Luminosity generation for all bands done. Time taken: 0.985 s (read-in time: 0.972 s).
Loaded in and pre-processed the data. Total pre-processing time taken: 66.665 s.
Generated star smoothing lengths. Time taken: 0.050 s.
Rendered the stars onto the grid. Time taken: 119.682 s.
Rendered the dust onto the grid. Time taken: 161.474 s.
Computed the projected luminosity maps. Total time taken: 288.686 s.
Created the RGB image.
Created the RGB image.
Done! Total time taken: 355.484 s.
[10/15] Rendering halo 5046
Calculating stellar luminosities from FSPS tables.
Luminosity generation for all bands done. Time taken: 4.877 s (read-in time: 4.834 s).
Loaded in and pre-processed the data. Total pre-processing time taken: 107.778 s.
Generated star smoothing lengths. Time taken: 0.099 s.
Rendered the stars onto the grid. Time taken: 118.397 s.
Rendered the dust onto the grid. Time taken: 216.199 s.
Computed the projected luminosity maps. Total time taken: 343.450 s.
Created the RGB image.
Created the RGB image.
Done! Total time taken: 451.448 s.
[11/15] Rendering halo 54269
Calculating stellar luminosities from FSPS tables.
Luminosity generation for all bands done. Time taken: 2.630 s (read-in time: 2.549 s).
Loaded in and pre-processed the data. Total pre-processing time taken: 74.118 s.
Generated star smoothing lengths. Time taken: 0.207 s.
Rendered the stars onto the grid. Time taken: 133.119 s.
Rendered the dust onto the grid. Time taken: 184.654 s.
Computed the projected luminosity maps. Total time taken: 327.328 s.
Created the RGB image.
Created the RGB image.
Done! Total time taken: 401.765 s.
[12/15] Rendering halo 156087
Calculating stellar luminosities from FSPS tables.
Luminosity generation for all bands done. Time taken: 0.628 s (read-in time: 0.616 s).
Loaded in and pre-processed the data. Total pre-processing time taken: 58.679 s.
Generated star smoothing lengths. Time taken: 0.044 s.
Rendered the stars onto the grid. Time taken: 129.989 s.
Rendered the dust onto the grid. Time taken: 131.591 s.
Computed the projected luminosity maps. Total time taken: 268.822 s.
Created the RGB image.
Created the RGB image.
Done! Total time taken: 327.632 s.
[13/15] Rendering halo 141036
Calculating stellar luminosities from FSPS tables.
Luminosity generation for all bands done. Time taken: 3.402 s (read-in time: 3.113 s).
Loaded in and pre-processed the data. Total pre-processing time taken: 86.394 s.
Generated star smoothing lengths. Time taken: 0.542 s.
Rendered the stars onto the grid. Time taken: 136.201 s.
Rendered the dust onto the grid. Time taken: 143.727 s.
Computed the projected luminosity maps. Total time taken: 287.753 s.
Created the RGB image.
Created the RGB image.
Done! Total time taken: 374.765 s.
[14/15] Rendering halo 3913617
Calculating stellar luminosities from FSPS tables.
Luminosity generation for all bands done. Time taken: 0.683 s (read-in time: 0.662 s).
Loaded in and pre-processed the data. Total pre-processing time taken: 63.330 s.
Generated star smoothing lengths. Time taken: 0.075 s.
Rendered the stars onto the grid. Time taken: 127.620 s.
Rendered the dust onto the grid. Time taken: 138.867 s.
Computed the projected luminosity maps. Total time taken: 274.402 s.
Created the RGB image.
Created the RGB image.
Done! Total time taken: 337.944 s.
[15/15] Rendering halo 708413
Calculating stellar luminosities from FSPS tables.
Luminosity generation for all bands done. Time taken: 0.896 s (read-in time: 0.860 s).
Loaded in and pre-processed the data. Total pre-processing time taken: 67.550 s.
Generated star smoothing lengths. Time taken: 0.574 s.
Rendered the stars onto the grid. Time taken: 105.935 s.
Rendered the dust onto the grid. Time taken: 128.103 s.
Computed the projected luminosity maps. Total time taken: 244.370 s.
Created the RGB image.
Created the RGB image.
Done! Total time taken: 312.714 s.
Done.
