Task 19: rendering galaxies 239 to 248
Using PARTRIDGE at: /home/mzemsch/COLIBRE-analysis/PARTRIDGE
Found 267 relic IDs in z0_relics_trackids.csv using column 'track_id'
Rendering IDs in range [239, 249) -> 10 galaxies
[1/10] Rendering halo 376593
Calculating stellar luminosities from FSPS tables.
Luminosity generation for all bands done. Time taken: 4.225 s (read-in time: 4.169 s).
Loaded in and pre-processed the data. Total pre-processing time taken: 90.294 s.
Generated star smoothing lengths. Time taken: 0.424 s.
Rendered the stars onto the grid. Time taken: 204.615 s.
Rendered the dust onto the grid. Time taken: 162.558 s.
Computed the projected luminosity maps. Total time taken: 374.332 s.
Created the RGB image.
Created the RGB image.
Done! Total time taken: 465.117 s.
[2/10] Rendering halo 1533565
Calculating stellar luminosities from FSPS tables.
Luminosity generation for all bands done. Time taken: 0.558 s (read-in time: 0.549 s).
Loaded in and pre-processed the data. Total pre-processing time taken: 55.473 s.
Generated star smoothing lengths. Time taken: 0.052 s.
Rendered the stars onto the grid. Time taken: 123.946 s.
Rendered the dust onto the grid. Time taken: 117.825 s.
Computed the projected luminosity maps. Total time taken: 249.222 s.
Created the RGB image.
Created the RGB image.
Done! Total time taken: 305.106 s.
[3/10] Rendering halo 813496
Calculating stellar luminosities from FSPS tables.
Luminosity generation for all bands done. Time taken: 0.789 s (read-in time: 0.746 s).
Loaded in and pre-processed the data. Total pre-processing time taken: 64.680 s.
Generated star smoothing lengths. Time taken: 0.317 s.
Rendered the stars onto the grid. Time taken: 153.139 s.
Rendered the dust onto the grid. Time taken: 129.941 s.
Computed the projected luminosity maps. Total time taken: 289.590 s.
Created the RGB image.
Created the RGB image.
Done! Total time taken: 354.660 s.
[4/10] Rendering halo 4107179
Calculating stellar luminosities from FSPS tables.
Luminosity generation for all bands done. Time taken: 1.489 s (read-in time: 1.445 s).
Loaded in and pre-processed the data. Total pre-processing time taken: 76.204 s.
Generated star smoothing lengths. Time taken: 0.319 s.
Rendered the stars onto the grid. Time taken: 134.046 s.
Rendered the dust onto the grid. Time taken: 152.604 s.
Computed the projected luminosity maps. Total time taken: 295.875 s.
Created the RGB image.
Created the RGB image.
Done! Total time taken: 372.496 s.
[5/10] Rendering halo 774849
Calculating stellar luminosities from FSPS tables.
Luminosity generation for all bands done. Time taken: 4.757 s (read-in time: 4.626 s).
Loaded in and pre-processed the data. Total pre-processing time taken: 99.763 s.
Generated star smoothing lengths. Time taken: 2.111 s.
Rendered the stars onto the grid. Time taken: 129.799 s.
Rendered the dust onto the grid. Time taken: 168.114 s.
Computed the projected luminosity maps. Total time taken: 305.184 s.
Created the RGB image.
Created the RGB image.
Done! Total time taken: 407.233 s.
[6/10] Rendering halo 72262
Calculating stellar luminosities from FSPS tables.
Luminosity generation for all bands done. Time taken: 0.857 s (read-in time: 0.832 s).
Loaded in and pre-processed the data. Total pre-processing time taken: 64.381 s.
Generated star smoothing lengths. Time taken: 0.189 s.
Rendered the stars onto the grid. Time taken: 106.255 s.
Rendered the dust onto the grid. Time taken: 125.133 s.
Computed the projected luminosity maps. Total time taken: 237.989 s.
Created the RGB image.
Created the RGB image.
Done! Total time taken: 302.632 s.
[7/10] Rendering halo 64391
Calculating stellar luminosities from FSPS tables.
Luminosity generation for all bands done. Time taken: 1.715 s (read-in time: 1.495 s).
Loaded in and pre-processed the data. Total pre-processing time taken: 74.145 s.
Generated star smoothing lengths. Time taken: 1.593 s.
Rendered the stars onto the grid. Time taken: 173.560 s.
Rendered the dust onto the grid. Time taken: 127.770 s.
Computed the projected luminosity maps. Total time taken: 307.936 s.
Created the RGB image.
Created the RGB image.
Done! Total time taken: 383.735 s.
[8/10] Rendering halo 61127
Calculating stellar luminosities from FSPS tables.
Luminosity generation for all bands done. Time taken: 0.852 s (read-in time: 0.833 s).
Loaded in and pre-processed the data. Total pre-processing time taken: 61.440 s.
Generated star smoothing lengths. Time taken: 0.139 s.
Rendered the stars onto the grid. Time taken: 126.468 s.
Rendered the dust onto the grid. Time taken: 120.928 s.
Computed the projected luminosity maps. Total time taken: 254.369 s.
Created the RGB image.
Created the RGB image.
Done! Total time taken: 316.019 s.
[9/10] Rendering halo 750387
Calculating stellar luminosities from FSPS tables.
Luminosity generation for all bands done. Time taken: 0.661 s (read-in time: 0.647 s).
Loaded in and pre-processed the data. Total pre-processing time taken: 63.755 s.
Generated star smoothing lengths. Time taken: 0.094 s.
Rendered the stars onto the grid. Time taken: 117.050 s.
Rendered the dust onto the grid. Time taken: 107.908 s.
Computed the projected luminosity maps. Total time taken: 231.430 s.
Created the RGB image.
Created the RGB image.
Done! Total time taken: 295.345 s.
[10/10] Rendering halo 359382
Calculating stellar luminosities from FSPS tables.
Luminosity generation for all bands done. Time taken: 1.006 s (read-in time: 0.962 s).
Loaded in and pre-processed the data. Total pre-processing time taken: 62.269 s.
Generated star smoothing lengths. Time taken: 0.381 s.
Rendered the stars onto the grid. Time taken: 135.456 s.
Rendered the dust onto the grid. Time taken: 157.754 s.
Computed the projected luminosity maps. Total time taken: 299.730 s.
Created the RGB image.
Created the RGB image.
Done! Total time taken: 362.522 s.
Done.
