Task 10: rendering galaxies 149 to 158
Using PARTRIDGE at: /home/mzemsch/COLIBRE-analysis/PARTRIDGE
Found 267 relic IDs in z0_relics_trackids.csv using column 'track_id'
Rendering IDs in range [149, 159) -> 10 galaxies
[1/10] Rendering halo 129308
Calculating stellar luminosities from FSPS tables.
Luminosity generation for all bands done. Time taken: 4.249 s (read-in time: 3.921 s).
Loaded in and pre-processed the data. Total pre-processing time taken: 81.603 s.
Generated star smoothing lengths. Time taken: 2.381 s.
Rendered the stars onto the grid. Time taken: 286.590 s.
Rendered the dust onto the grid. Time taken: 166.992 s.
Computed the projected luminosity maps. Total time taken: 461.560 s.
Created the RGB image.
Created the RGB image.
Done! Total time taken: 545.602 s.
[2/10] Rendering halo 40638
Calculating stellar luminosities from FSPS tables.
Luminosity generation for all bands done. Time taken: 1.135 s (read-in time: 1.050 s).
Loaded in and pre-processed the data. Total pre-processing time taken: 72.549 s.
Generated star smoothing lengths. Time taken: 0.603 s.
Rendered the stars onto the grid. Time taken: 154.972 s.
Rendered the dust onto the grid. Time taken: 141.897 s.
Computed the projected luminosity maps. Total time taken: 305.378 s.
Created the RGB image.
Created the RGB image.
Done! Total time taken: 378.665 s.
[3/10] Rendering halo 126915
Calculating stellar luminosities from FSPS tables.
Luminosity generation for all bands done. Time taken: 0.937 s (read-in time: 0.905 s).
Loaded in and pre-processed the data. Total pre-processing time taken: 71.302 s.
Generated star smoothing lengths. Time taken: 0.236 s.
Rendered the stars onto the grid. Time taken: 133.535 s.
Rendered the dust onto the grid. Time taken: 103.805 s.
Computed the projected luminosity maps. Total time taken: 244.412 s.
Created the RGB image.
Created the RGB image.
Done! Total time taken: 316.022 s.
[4/10] Rendering halo 4323
Calculating stellar luminosities from FSPS tables.
Luminosity generation for all bands done. Time taken: 2.056 s (read-in time: 2.033 s).
Loaded in and pre-processed the data. Total pre-processing time taken: 90.506 s.
Generated star smoothing lengths. Time taken: 0.154 s.
Rendered the stars onto the grid. Time taken: 131.179 s.
Rendered the dust onto the grid. Time taken: 180.264 s.
Computed the projected luminosity maps. Total time taken: 318.018 s.
Created the RGB image.
Created the RGB image.
Done! Total time taken: 408.757 s.
[5/10] Rendering halo 250132
Calculating stellar luminosities from FSPS tables.
Luminosity generation for all bands done. Time taken: 8.829 s (read-in time: 8.750 s).
Loaded in and pre-processed the data. Total pre-processing time taken: 129.488 s.
Generated star smoothing lengths. Time taken: 0.637 s.
Rendered the stars onto the grid. Time taken: 159.053 s.
Rendered the dust onto the grid. Time taken: 170.117 s.
Computed the projected luminosity maps. Total time taken: 336.312 s.
Created the RGB image.
Created the RGB image.
Done! Total time taken: 466.540 s.
[6/10] Rendering halo 42536
Calculating stellar luminosities from FSPS tables.
Luminosity generation for all bands done. Time taken: 0.647 s (read-in time: 0.638 s).
Loaded in and pre-processed the data. Total pre-processing time taken: 76.206 s.
Generated star smoothing lengths. Time taken: 0.041 s.
Rendered the stars onto the grid. Time taken: 136.747 s.
Rendered the dust onto the grid. Time taken: 121.495 s.
Computed the projected luminosity maps. Total time taken: 265.049 s.
Created the RGB image.
Created the RGB image.
Done! Total time taken: 341.371 s.
[7/10] Rendering halo 645160
Calculating stellar luminosities from FSPS tables.
Luminosity generation for all bands done. Time taken: 0.713 s (read-in time: 0.687 s).
Loaded in and pre-processed the data. Total pre-processing time taken: 68.260 s.
Generated star smoothing lengths. Time taken: 0.169 s.
Rendered the stars onto the grid. Time taken: 129.349 s.
Rendered the dust onto the grid. Time taken: 150.686 s.
Computed the projected luminosity maps. Total time taken: 287.700 s.
Created the RGB image.
Created the RGB image.
Done! Total time taken: 356.226 s.
[8/10] Rendering halo 308423
Calculating stellar luminosities from FSPS tables.
Luminosity generation for all bands done. Time taken: 5.824 s (read-in time: 5.791 s).
Loaded in and pre-processed the data. Total pre-processing time taken: 126.091 s.
Generated star smoothing lengths. Time taken: 0.228 s.
Rendered the stars onto the grid. Time taken: 128.346 s.
Rendered the dust onto the grid. Time taken: 173.576 s.
Computed the projected luminosity maps. Total time taken: 309.839 s.
Created the RGB image.
Created the RGB image.
Done! Total time taken: 436.330 s.
[9/10] Rendering halo 48750
Calculating stellar luminosities from FSPS tables.
Luminosity generation for all bands done. Time taken: 0.672 s (read-in time: 0.657 s).
Loaded in and pre-processed the data. Total pre-processing time taken: 72.066 s.
Generated star smoothing lengths. Time taken: 0.094 s.
Rendered the stars onto the grid. Time taken: 129.038 s.
Rendered the dust onto the grid. Time taken: 136.204 s.
Computed the projected luminosity maps. Total time taken: 273.453 s.
Created the RGB image.
Created the RGB image.
Done! Total time taken: 345.691 s.
[10/10] Rendering halo 34442
Calculating stellar luminosities from FSPS tables.
Luminosity generation for all bands done. Time taken: 5.514 s (read-in time: 4.967 s).
Loaded in and pre-processed the data. Total pre-processing time taken: 94.438 s.
Generated star smoothing lengths. Time taken: 4.225 s.
Rendered the stars onto the grid. Time taken: 211.225 s.
Rendered the dust onto the grid. Time taken: 131.305 s.
Computed the projected luminosity maps. Total time taken: 349.642 s.
Created the RGB image.
Created the RGB image.
Done! Total time taken: 448.402 s.
Done.
