Will process 30 subhalos (test=False)
Mapping requested subhalos -> SOAP rows (chunked scan)...
Found SOAP rows for 30 / 30 requested subhalos
Reading SOAP StellarMass & HalfMassRadiusStars for requested rows (applying Mu/Lu conversions)...
Summing PartType4/Masses via mapping NPZ (particle-level current stellar mass -> Msun)...
Analysing subhalo 127278
Analysing subhalo 504731
Analysing subhalo 1236310
Analysing subhalo 44244
Analysing subhalo 294230
Analysing subhalo 402016
Analysing subhalo 517138
Analysing subhalo 1122132
Analysing subhalo 1121833
Analysing subhalo 1192
Analysing subhalo 87310
Analysing subhalo 35931
Analysing subhalo 262637
Analysing subhalo 450417
Analysing subhalo 1177245
Analysing subhalo 1202853
Analysing subhalo 38482
Analysing subhalo 2310559
Analysing subhalo 38961
Analysing subhalo 41064
Analysing subhalo 216550
Analysing subhalo 284458
Analysing subhalo 471906
Analysing subhalo 1218700
Analysing subhalo 39446
Analysing subhalo 6801301
Analysing subhalo 1184901
Analysing subhalo 1202651
Analysing subhalo 602731
Analysing subhalo 41591
halos:   0%|                                                                 | 0/30 [00:00<?, ?it/s]Flushed 30 rows to outfiles/relic_chunk_023.csv
halos: 100%|███████████████████████████████████████████████████████| 30/30 [00:00<00:00, 467.15it/s]
Done. Wrote 30 rows to outfiles/relic_chunk_023.csv
