Starting pure-swift relicness script
Loaded SOAP mapping for 91142867 halos
Batch mode: processing 100 halos (slice 1300:1400)
Building SWIFTGalaxy for subhalo 4354 (soap_index=38336574)
Read masses: Nstars=284536, sum_current=3.623545e+11 Msun
DEBUG: sample z (first valid): [1.33456825 0.78825584 0.99488616 1.33224199 0.85780701 0.89673536
 1.25643851 1.29692976 1.39830198 1.99087258]
DEBUG: Planck15 ages (Gyr): [4.71764386 6.83131733 5.88335762 4.72434025 6.48725042 6.30626124
 4.95114778 4.82788599 4.53992793 3.29861499]
DEBUG: cosmo_colibre ages (Gyr): [4.71742207 6.82720566 5.88125272 4.72410943 6.4839174  6.30331473
 4.95059898 4.82751288 4.53993863 3.29987138]
DEBUG: us.look_back_time -> ages (Gyr): [4.71742207 6.82720567 5.88125272 4.72410943 6.4839174  6.30331474
 4.95059899 4.82751288 4.53993863 3.29987138]
[1/100] subhalo 4354 done; total_formed=6.044e+01
Building SWIFTGalaxy for subhalo 3482130 (soap_index=38364345)
Read masses: Nstars=18771, sum_current=2.519844e+10 Msun
DEBUG: sample z (first valid): [0.29949239 0.56008379 4.99597438 0.70595585 0.39095    1.75824916
 7.50233524 2.93043061 4.74574785 0.18116935]
DEBUG: Planck15 ages (Gyr): [10.27669316  8.18106026  1.17455828  7.27612359  9.45921632  3.71159176
  0.69572429  2.20524723  1.25193948 11.49507589]
DEBUG: cosmo_colibre ages (Gyr): [10.26164986  8.17333752  1.17651975  7.27091984  9.44726867  3.71250508
  0.69754692  2.20708941  1.25390891 11.47488601]
DEBUG: us.look_back_time -> ages (Gyr): [10.26164987  8.17333752  1.17651976  7.27091985  9.44726867  3.71250508
  0.69754693  2.20708941  1.25390892 11.47488601]
[2/100] subhalo 3482130 done; total_formed=4.173e+00
Building SWIFTGalaxy for subhalo 2608 (soap_index=38402751)
Read masses: Nstars=29590, sum_current=3.906354e+10 Msun
DEBUG: sample z (first valid): [0.13659383 0.50519063 2.25369874 1.13722932 0.13219543 2.03688601
 1.66060409 1.3890347  3.09318593 3.73765633]
DEBUG: Planck15 ages (Gyr): [12.00804423  8.56611309  2.91542064  5.34468187 12.06041428  3.2257738
  3.91058487  4.56509633  2.0763316   1.67017003]
DEBUG: cosmo_colibre ages (Gyr): [11.98550885  8.55719869  2.91693467  5.34352564 12.0376338   3.2270836
  3.91130795  4.56507496  2.07821273  1.67213114]
DEBUG: us.look_back_time -> ages (Gyr): [11.98550885  8.55719869  2.91693468  5.34352564 12.0376338   3.2270836
  3.91130795  4.56507496  2.07821273  1.67213114]
[3/100] subhalo 2608 done; total_formed=6.570e+00
Building SWIFTGalaxy for subhalo 106208 (soap_index=38443950)
Read masses: Nstars=86556, sum_current=1.198936e+11 Msun
DEBUG: sample z (first valid): [0.30062713 1.79709774 0.74706761 0.99926785 0.98859085 0.93093695
 0.1035226  6.68120019 1.04174715 0.14397431]
DEBUG: Planck15 ages (Gyr): [10.2659291   3.63694949  7.0485401   5.86552132  5.90913293  6.15365145
 12.40987548  0.81028847  5.6969176  11.92089036]
DEBUG: cosmo_colibre ages (Gyr): [10.25092849  3.63792994  7.04390717  5.86345003  5.90697919  6.15101856
 12.38543336  0.81216132  5.69515655 11.8987606 ]
DEBUG: us.look_back_time -> ages (Gyr): [10.25092849  3.63792994  7.04390717  5.86345003  5.90697919  6.15101856
 12.38543336  0.81216132  5.69515655 11.8987606 ]
[4/100] subhalo 106208 done; total_formed=1.988e+01
Building SWIFTGalaxy for subhalo 538991 (soap_index=38483267)
Read masses: Nstars=17167, sum_current=2.396187e+10 Msun
DEBUG: sample z (first valid): [6.87503004 6.45150654 3.34128246 4.11760112 4.94754515 3.60483418
 2.89030037 1.89240004 1.64300694 1.09795762]
DEBUG: Planck15 ages (Gyr): [0.7805475  0.84804771 1.90237105 1.48852042 1.18890485 1.74250176
 2.23907268 3.46382753 3.94828532 5.48527649]
DEBUG: cosmo_colibre ages (Gyr): [0.78240857 0.84993436 1.90429452 1.49049511 1.19086805 1.74445351
 2.24090359 3.46495494 3.94897049 5.48388584]
DEBUG: us.look_back_time -> ages (Gyr): [0.78240858 0.84993437 1.90429452 1.49049511 1.19086806 1.74445352
 2.24090359 3.46495494 3.94897049 5.48388584]
[5/100] subhalo 538991 done; total_formed=3.905e+00
Building SWIFTGalaxy for subhalo 31906 (soap_index=38486756)
Read masses: Nstars=44602, sum_current=5.677632e+10 Msun
DEBUG: sample z (first valid): [8.47805337 2.12433257 0.19915099 0.19950216 0.26624932 4.0763749
 0.19704829 2.74320311 0.06417251 0.06417251]
DEBUG: Planck15 ages (Gyr): [ 0.59099258  3.09437815 11.29696985 11.29314975 10.59943569  1.50661162
 11.31988232  2.37068808 12.91319832 12.91319832]
DEBUG: cosmo_colibre ages (Gyr): [ 0.59275627  3.09577901 11.27765826 11.27385494 10.5830895   1.50858561
 11.30046994  2.37247097 12.88628567 12.88628567]
DEBUG: us.look_back_time -> ages (Gyr): [ 0.59275627  3.09577901 11.27765826 11.27385494 10.5830895   1.50858561
 11.30046994  2.37247097 12.88628567 12.88628567]
[6/100] subhalo 31906 done; total_formed=9.365e+00
Building SWIFTGalaxy for subhalo 6452695 (soap_index=38486859)
Read masses: Nstars=12365, sum_current=1.834931e+10 Msun
DEBUG: sample z (first valid): [0.7837779  0.73559322 2.2034412  1.40675725 2.45035274 0.70134995
 0.63106023 1.43374926 1.02421547 1.20496602]
DEBUG: Planck15 ages (Gyr): [6.85443047 7.11094887 2.98288162 4.51715841 2.6740335  7.30231998
 7.72063272 4.44568357 5.76556723 5.11522593]
DEBUG: cosmo_colibre ages (Gyr): [6.85026444 7.10616193 2.98435445 4.51719788 2.67568062 7.29704891
 7.71424129 4.44581188 5.76368149 5.11443254]
DEBUG: us.look_back_time -> ages (Gyr): [6.85026444 7.10616193 2.98435445 4.51719789 2.67568063 7.29704891
 7.71424129 4.44581188 5.76368149 5.11443254]
[7/100] subhalo 6452695 done; total_formed=3.043e+00
Building SWIFTGalaxy for subhalo 28027 (soap_index=38506359)
Read masses: Nstars=196616, sum_current=2.543392e+11 Msun
DEBUG: sample z (first valid): [0.70898091 0.77565839 0.91692992 0.77932233 1.39339712 1.60912493
 1.19096015 3.96409635 0.76761247 0.62846636]
DEBUG: Planck15 ages (Gyr): [7.25899648 6.89664837 6.21544799 6.87754803 4.55322092 4.0225516
 5.16137213 1.55777603 6.93888013 7.73676167]
DEBUG: cosmo_colibre ages (Gyr): [7.25383658 6.89238236 6.21268946 6.87332736 4.55321472 4.02316035
 5.16050772 1.55974725 6.93451322 7.73032534]
DEBUG: us.look_back_time -> ages (Gyr): [7.25383658 6.89238236 6.21268947 6.87332736 4.55321472 4.02316035
 5.16050772 1.55974725 6.93451323 7.73032534]
[8/100] subhalo 28027 done; total_formed=4.222e+01
Building SWIFTGalaxy for subhalo 3456702 (soap_index=38506531)
Read masses: Nstars=46485, sum_current=6.534720e+10 Msun
DEBUG: sample z (first valid): [ 2.75736727  2.5726123   3.35918585 10.62398013  0.96098145  0.55711842
  2.56328839  0.88908106  0.47723379  0.55019396]
DEBUG: Planck15 ages (Gyr): [2.35746606 2.54003654 1.89075433 0.4348824  6.02429383 8.20119119
 2.54986326 6.34122307 8.77272238 8.24849005]
DEBUG: cosmo_colibre ages (Gyr): [2.35925407 2.54174794 1.8926802  0.43652663 6.021918   8.19340791
 2.55157018 6.33820314 8.76313947 8.24056375]
DEBUG: us.look_back_time -> ages (Gyr): [2.35925407 2.54174795 1.89268021 0.43652663 6.021918   8.19340791
 2.55157018 6.33820314 8.76313947 8.24056375]
[9/100] subhalo 3456702 done; total_formed=1.082e+01
Building SWIFTGalaxy for subhalo 2051400 (soap_index=38542729)
Read masses: Nstars=69505, sum_current=9.435342e+10 Msun
DEBUG: sample z (first valid): [3.41260436 4.57326303 0.12899669 0.03303909 0.29681811 0.95840306
 4.20126984 3.43950684 3.65190233 3.32381078]
DEBUG: Planck15 ages (Gyr): [ 1.8567814   1.31034568 12.09870407 13.33201857 10.30212587  6.03522764
  1.45289238  1.84005243  1.71628608  1.91382188]
DEBUG: cosmo_colibre ages (Gyr): [ 1.85871398  1.31231899 12.07574373 13.30298359 10.28698154  6.03283039
  1.45486801  1.84198815  1.71824148  1.91574293]
DEBUG: us.look_back_time -> ages (Gyr): [ 1.85871398  1.31231899 12.07574373 13.30298359 10.28698154  6.03283039
  1.45486801  1.84198816  1.71824148  1.91574293]
[10/100] subhalo 2051400 done; total_formed=1.561e+01
Building SWIFTGalaxy for subhalo 29458 (soap_index=38559452)
Read masses: Nstars=9163, sum_current=1.207160e+10 Msun
DEBUG: sample z (first valid): [1.93068599 1.48411796 1.42241443 1.45471571 2.85415196 1.78734263
 1.52042151 3.59321559 1.65177632 3.38573245]
DEBUG: Planck15 ages (Gyr): [3.39802349 4.31707247 4.4754755  4.39140918 2.27028086 3.65546193
 4.22804504 1.74907512 3.92942447 1.87374398]
DEBUG: cosmo_colibre ages (Gyr): [3.39920359 4.317355   4.47556705 4.39160345 2.27210098 3.65642595
 4.22843011 1.75102591 3.93012868 1.87567327]
DEBUG: us.look_back_time -> ages (Gyr): [3.39920359 4.317355   4.47556705 4.39160345 2.27210099 3.65642595
 4.22843012 1.75102592 3.93012868 1.87567327]
[11/100] subhalo 29458 done; total_formed=2.025e+00
Building SWIFTGalaxy for subhalo 4827670 (soap_index=38571475)
Read masses: Nstars=61797, sum_current=8.556998e+10 Msun
DEBUG: sample z (first valid): [6.57291426 1.0899292  2.68593926 2.0904461  1.66862122 1.81149721
 2.47302597 0.39652233 2.32636281 3.35252706]
DEBUG: Planck15 ages (Gyr): [0.82773384 5.51473847 2.42540914 3.14423949 3.89360164 3.60990031
 2.64831791 9.41252355 2.82220813 1.89506119]
DEBUG: cosmo_colibre ages (Gyr): [0.82961322 5.51329752 2.42717012 3.1456066  3.89434159 3.61090453
 2.6499779  9.40074363 2.82377621 1.89698617]
DEBUG: us.look_back_time -> ages (Gyr): [0.82961322 5.51329752 2.42717012 3.1456066  3.8943416  3.61090453
 2.6499779  9.40074364 2.82377621 1.89698618]
[12/100] subhalo 4827670 done; total_formed=1.425e+01
Building SWIFTGalaxy for subhalo 109436 (soap_index=38581756)
Read masses: Nstars=44617, sum_current=6.501350e+10 Msun
DEBUG: sample z (first valid): [5.7800538  0.65294592 0.64630225 4.6760783  0.19139034 3.85919775
 0.68006563 2.10538287 0.52721849 0.51942873]
DEBUG: Planck15 ages (Gyr): [ 0.97705193  7.58655477  7.62687941  1.27500058 11.38186644  1.60823367
  7.42526839  3.12210048  8.40839822  8.46367093]
DEBUG: cosmo_colibre ages (Gyr): [ 0.97897697  7.58053171  7.62074648  1.27697176 11.36218037  1.61020102
  7.41967688  3.12348269  8.39998047  8.45508047]
DEBUG: us.look_back_time -> ages (Gyr): [ 0.97897697  7.58053171  7.62074648  1.27697176 11.36218037  1.61020103
  7.41967688  3.1234827   8.39998047  8.45508047]
[13/100] subhalo 109436 done; total_formed=1.057e+01
Building SWIFTGalaxy for subhalo 2137415 (soap_index=38627921)
Read masses: Nstars=5093, sum_current=7.298894e+09 Msun
DEBUG: sample z (first valid): [0.79354132 1.55600624 0.86925271 0.67525562 1.13180665 1.03996763
 0.58636716 0.53121495 0.75756275 0.71201672]
DEBUG: Planck15 ages (Gyr): [6.80419033 4.14361664 6.43320656 7.453491   5.36375396 5.70382696
 8.00583877 8.38025076 6.99219102 7.24187048]
DEBUG: cosmo_colibre ages (Gyr): [6.80014215 4.1440958  6.42999061 7.44782488 5.36256646 5.70205346
 7.99863474 8.37192041 6.98769552 7.23675426]
DEBUG: us.look_back_time -> ages (Gyr): [6.80014215 4.1440958  6.42999061 7.44782488 5.36256647 5.70205347
 7.99863475 8.37192041 6.98769552 7.23675426]
[14/100] subhalo 2137415 done; total_formed=1.205e+00
Building SWIFTGalaxy for subhalo 2138073 (soap_index=38629171)
Read masses: Nstars=35108, sum_current=4.836326e+10 Msun
DEBUG: sample z (first valid): [0.86520947 1.06464621 0.38319966 5.5164562  0.5553446  0.791972
 0.73174083 0.73504183 4.40592263 0.77028633]
DEBUG: Planck15 ages (Gyr): [6.45221763 5.60917042 9.52472796 1.0368777  8.2132687  6.81222729
 7.13209219 7.1139692  1.37146253 6.92480139]
DEBUG: cosmo_colibre ages (Gyr): [6.44896066 5.6075655  9.51254328 1.03881641 8.20544899 6.80816034
 7.12725263 7.10917476 1.37343804 6.92046822]
DEBUG: us.look_back_time -> ages (Gyr): [6.44896066 5.6075655  9.51254328 1.03881641 8.20544899 6.80816034
 7.12725264 7.10917476 1.37343804 6.92046822]
[15/100] subhalo 2138073 done; total_formed=8.004e+00
Building SWIFTGalaxy for subhalo 3262 (soap_index=38770155)
Read masses: Nstars=92414, sum_current=1.224390e+11 Msun
DEBUG: sample z (first valid): [1.16949153 1.06049173 0.49339167 0.31873793 1.20096722 0.36510582
 0.93093695 0.58682809 0.58483266 1.97566291]
DEBUG: Planck15 ages (Gyr): [ 5.23340115  5.62493124  8.65241624 10.0963276   5.128334    9.68028894
  6.15365145  8.00281657  8.01591251  3.32328444]
DEBUG: cosmo_colibre ages (Gyr): [ 5.23242393  5.62329855  8.64322505 10.0819928   5.12752053  9.66753362
  6.15101856  7.99562137  8.00867906  3.32452226]
DEBUG: us.look_back_time -> ages (Gyr): [ 5.23242393  5.62329855  8.64322505 10.0819928   5.12752054  9.66753362
  6.15101856  7.99562137  8.00867906  3.32452227]
[16/100] subhalo 3262 done; total_formed=2.044e+01
Building SWIFTGalaxy for subhalo 3539622 (soap_index=38773631)
Read masses: Nstars=27219, sum_current=3.500893e+10 Msun
DEBUG: sample z (first valid): [1.00673648 2.67560292 0.80380931 8.01830191 0.28501961 4.60711841
 0.14927048 4.38416037 0.11364872 1.59056052]
DEBUG: Planck15 ages (Gyr): [ 5.83531414  2.4355082   6.75196429  0.63682034 10.41542841  1.29852939
 11.85890214  1.37975791 12.28484125  4.06420572]
DEBUG: cosmo_colibre ages (Gyr): [ 5.83329942  2.43726501  6.74803731  0.63861156 10.39983052  1.30050206
 11.83705913  1.38173358 12.26099881  4.06477058]
DEBUG: us.look_back_time -> ages (Gyr): [ 5.83329942  2.43726502  6.74803731  0.63861156 10.39983053  1.30050207
 11.83705913  1.38173358 12.26099881  4.06477058]
[17/100] subhalo 3539622 done; total_formed=5.883e+00
Building SWIFTGalaxy for subhalo 3502 (soap_index=38779912)
Read masses: Nstars=55477, sum_current=7.160111e+10 Msun
DEBUG: sample z (first valid): [6.24234722 2.53369999 8.18450004 1.4685852  2.14020125 3.41706544
 7.11440599 0.76228891 1.54429692 4.243719  ]
DEBUG: Planck15 ages (Gyr): [0.8850472  2.58146495 0.61959204 4.35608897 3.07147147 1.85398997
 0.74624662 6.9670419  4.17109584 1.43535363]
DEBUG: cosmo_colibre ages (Gyr): [0.88694619 2.58315721 0.62137325 4.35632547 3.07288751 1.85592308
 0.74809304 6.96260724 4.17154471 1.43732949]
DEBUG: us.look_back_time -> ages (Gyr): [0.8869462  2.58315721 0.62137325 4.35632548 3.07288751 1.85592309
 0.74809304 6.96260724 4.17154471 1.4373295 ]
[18/100] subhalo 3502 done; total_formed=1.199e+01
Building SWIFTGalaxy for subhalo 4874411 (soap_index=38780118)
Read masses: Nstars=27562, sum_current=3.660156e+10 Msun
DEBUG: sample z (first valid): [2.70092614 6.42113011 2.81111886 4.44997921 1.14030046 2.46604612
 2.50722466 2.60642747 2.31291073 1.90702626]
DEBUG: Planck15 ages (Gyr): [2.41088826 0.85326012 2.30837833 1.35492002 5.33392797 2.6561909
 2.61029144 2.50491517 2.83909263 3.43844561]
DEBUG: cosmo_colibre ages (Gyr): [2.41265516 0.85514858 2.31018477 1.35689512 5.33278929 2.65784698
 2.61197    2.5066423  2.84065116 3.43959355]
DEBUG: us.look_back_time -> ages (Gyr): [2.41265516 0.85514858 2.31018478 1.35689513 5.33278929 2.65784699
 2.61197    2.5066423  2.84065117 3.43959355]
[19/100] subhalo 4874411 done; total_formed=6.163e+00
Building SWIFTGalaxy for subhalo 29511044 (soap_index=38806856)
Read masses: Nstars=10577, sum_current=1.557494e+10 Msun
DEBUG: sample z (first valid): [0.60234719 0.56979975 3.88418542 0.33170771 1.01550006 0.25663445
 0.69553969 0.28977407 0.3872989  0.40913391]
DEBUG: Planck15 ages (Gyr): [ 7.90205916  8.11562033  1.59597092  9.97736498  5.80017986 10.6955161
  7.33557245 10.36955437  9.48999532  9.30809181]
DEBUG: cosmo_colibre ages (Gyr): [ 7.89515538  8.10809304  1.59793931  9.96348967  5.79823041 10.67877345
  7.33021544 10.35414079  9.47793655  9.29668346]
DEBUG: us.look_back_time -> ages (Gyr): [ 7.89515538  8.10809304  1.59793932  9.96348967  5.79823041 10.67877345
  7.33021544 10.35414079  9.47793655  9.29668346]
[20/100] subhalo 29511044 done; total_formed=2.455e+00
Building SWIFTGalaxy for subhalo 3598104 (soap_index=38892248)
Read masses: Nstars=22116, sum_current=3.060184e+10 Msun
DEBUG: sample z (first valid): [6.65071212 1.70765163 4.07087589 0.86351228 5.37261766 0.23895947
 3.8348211  4.39524162 1.63705134 0.83986524]
DEBUG: Planck15 ages (Gyr): [ 0.815138    3.81260157  1.50905228  6.46022372  1.07213871 10.87544692
  1.6203477   1.37552356  3.96117804  6.57339629]
DEBUG: cosmo_colibre ages (Gyr): [ 0.81701269  3.81342037  1.51102617  6.45694942  1.07408437 10.8579514
  1.62231396  1.37749916  3.96185011  6.56987371]
DEBUG: us.look_back_time -> ages (Gyr): [ 0.8170127   3.81342038  1.51102617  6.45694942  1.07408437 10.8579514
  1.62231397  1.37749916  3.96185011  6.56987371]
[21/100] subhalo 3598104 done; total_formed=5.094e+00
Building SWIFTGalaxy for subhalo 2205579 (soap_index=38898487)
Read masses: Nstars=31047, sum_current=4.040292e+10 Msun
DEBUG: sample z (first valid): [0.62960016 1.75477091 0.16778332 0.06819664 0.2264391  0.03356043
 0.17338681 0.98955677 2.50048072 3.15389491]
DEBUG: Planck15 ages (Gyr): [ 7.72970529  3.7183959  11.64578793 12.86041912 11.00555226 13.32484927
 11.58235782  5.9051666   2.61771892  2.03139992]
DEBUG: cosmo_colibre ages (Gyr): [ 7.72328861  3.71930298 11.62491949 12.83376971 10.98750396 13.29585111
 11.56177605  5.9030204   2.61939389  2.03329312]
DEBUG: us.look_back_time -> ages (Gyr): [ 7.72328862  3.71930298 11.62491949 12.83376971 10.98750396 13.29585111
 11.56177605  5.9030204   2.61939389  2.03329312]
[22/100] subhalo 2205579 done; total_formed=6.745e+00
Building SWIFTGalaxy for subhalo 264762 (soap_index=38902860)
Read masses: Nstars=138472, sum_current=1.762604e+11 Msun
DEBUG: sample z (first valid): [0.40586923 3.34128246 1.0920641  2.15228475 0.04938193 1.54944371
 2.23890481 6.25678219 0.54741216 4.41709373]
DEBUG: Planck15 ages (Gyr): [ 9.33496098  1.90237105  5.50687967  3.05421413 13.10982705  4.15898135
  2.93501702  0.88240814  8.26760718  1.36723638]
DEBUG: cosmo_colibre ages (Gyr): [ 9.3234575   1.90429452  5.50545217  3.05564147 13.08192535  4.15944361
  2.93651927  0.8843063   8.25962278  1.3692118 ]
DEBUG: us.look_back_time -> ages (Gyr): [ 9.3234575   1.90429452  5.50545217  3.05564147 13.08192535  4.15944362
  2.93651927  0.8843063   8.25962278  1.3692118 ]
[23/100] subhalo 264762 done; total_formed=2.957e+01
Building SWIFTGalaxy for subhalo 266748 (soap_index=38936153)
Read masses: Nstars=63046, sum_current=8.183572e+10 Msun
DEBUG: sample z (first valid): [3.49399986 1.07721078 1.38729419 1.40428498 1.56060014 1.14155938
 1.17655264 1.78142772 4.34072203 1.06777308]
DEBUG: Planck15 ages (Gyr): [1.80692082 5.56192561 4.56984825 4.5237971  4.13291546 5.32952964
 5.20953536 3.66676143 1.39656682 5.59735389]
DEBUG: cosmo_colibre ages (Gyr): [1.80886242 5.56040324 4.56982078 4.52382821 4.13340632 5.32839812
 5.20859578 3.66771535 1.39854271 5.59576972]
DEBUG: us.look_back_time -> ages (Gyr): [1.80886243 5.56040324 4.56982079 4.52382821 4.13340632 5.32839812
 5.20859578 3.66771535 1.39854271 5.59576972]
[24/100] subhalo 266748 done; total_formed=1.369e+01
Building SWIFTGalaxy for subhalo 264446 (soap_index=38959834)
Read masses: Nstars=16027, sum_current=2.236518e+10 Msun
DEBUG: sample z (first valid): [3.98410526 2.82803738 2.72067673 5.279199   6.13977557 0.84837545
 2.19158469 3.06828481 4.65306651 6.96790274]
DEBUG: Planck15 ages (Gyr): [1.54844906 2.29327542 2.39196926 1.09612069 0.90418359 6.53231548
 2.99916986 2.09523806 1.28277292 0.76693415]
DEBUG: cosmo_colibre ages (Gyr): [1.55042087 2.29508735 2.39374376 1.09807062 0.90608854 6.52888374
 3.00063248 2.09711388 1.28474463 0.76878955]
DEBUG: us.look_back_time -> ages (Gyr): [1.55042088 2.29508736 2.39374376 1.09807062 0.90608854 6.52888374
 3.00063248 2.09711388 1.28474463 0.76878955]
[25/100] subhalo 264446 done; total_formed=3.715e+00
Building SWIFTGalaxy for subhalo 3623 (soap_index=39009299)
Read masses: Nstars=16675, sum_current=2.143252e+10 Msun
DEBUG: sample z (first valid): [6.11111111 1.44063757 1.72204685 5.04464121 5.53334663 1.98487885
 4.02499617 5.41126981 5.69076059 0.82877553]
DEBUG: Planck15 ages (Gyr): [0.9096546  4.42773393 3.7834142  1.16042854 1.03286359 3.3083008
 1.52967345 1.06246983 0.99666131 6.62753259]
DEBUG: cosmo_colibre ages (Gyr): [0.9115612  4.4278842  3.78426075 1.1623882  1.03480146 3.30954993
 1.53164634 1.06441366 0.9985911  6.62388904]
DEBUG: us.look_back_time -> ages (Gyr): [0.9115612  4.4278842  3.78426076 1.16238821 1.03480146 3.30954993
 1.53164635 1.06441366 0.99859111 6.62388905]
[26/100] subhalo 3623 done; total_formed=3.609e+00
Building SWIFTGalaxy for subhalo 3608784 (soap_index=39043125)
Read masses: Nstars=21541, sum_current=2.995743e+10 Msun
DEBUG: sample z (first valid): [2.83565492 3.48477383 0.7041814  4.18030195 0.71632097 0.62057369
 0.17162471 2.08027825 5.4503937  0.3505894 ]
DEBUG: Planck15 ages (Gyr): [ 2.28652846  1.81246051  7.28619884  1.46168724  7.21769456  7.78615457
 11.60225109  3.1594573   1.05282954  9.80780101]
DEBUG: cosmo_colibre ages (Gyr): [ 2.28834281  1.81440116  7.28096925  1.46366269  7.21263977  7.77957995
 11.58157958  3.1608139   1.05477149  9.79456979]
DEBUG: us.look_back_time -> ages (Gyr): [ 2.28834281  1.81440117  7.28096925  1.46366269  7.21263977  7.77957995
 11.58157958  3.16081391  1.05477149  9.79456979]
[27/100] subhalo 3608784 done; total_formed=4.906e+00
Building SWIFTGalaxy for subhalo 3596431 (soap_index=39052792)
Read masses: Nstars=33663, sum_current=4.716670e+10 Msun
DEBUG: sample z (first valid): [7.18075147 2.02064897 0.43984533 0.43179236 0.35865329 0.83348254
 4.71070059 0.45003983 9.08401293 1.9667723 ]
DEBUG: Planck15 ages (Gyr): [0.73718124 3.25117535 9.06082572 9.12471423 9.73666635 6.60447049
 1.26345305 8.98089338 0.53845035 3.33784434]
DEBUG: cosmo_colibre ages (Gyr): [0.7390236  3.25246676 9.05027706 9.11394615 9.72370152 6.60087865
 1.26542339 8.97061655 0.54017868 3.3390711 ]
DEBUG: us.look_back_time -> ages (Gyr): [0.73902361 3.25246676 9.05027706 9.11394615 9.72370152 6.60087865
 1.26542339 8.97061656 0.54017869 3.3390711 ]
[28/100] subhalo 3596431 done; total_formed=7.807e+00
Building SWIFTGalaxy for subhalo 1153425 (soap_index=39082982)
Read masses: Nstars=59627, sum_current=7.862303e+10 Msun
DEBUG: sample z (first valid): [4.66430424 4.41709373 3.64695455 4.56191123 2.12105915 0.91133924
 3.45762481 5.46375382 0.58882855 6.49668268]
DEBUG: Planck15 ages (Gyr): [1.27896753 1.36723638 1.71901106 1.3143477  3.09913816 6.24038374
 1.82892598 1.04957078 7.98972001 0.84039302]
DEBUG: cosmo_colibre ages (Gyr): [1.28093898 1.3692118  1.72096609 1.31632122 3.10053583 6.23757399
 1.83086373 1.05151208 7.98256296 0.84227697]
DEBUG: us.look_back_time -> ages (Gyr): [1.28093899 1.3692118  1.72096609 1.31632122 3.10053584 6.23757399
 1.83086373 1.05151209 7.98256296 0.84227698]
[29/100] subhalo 1153425 done; total_formed=1.320e+01
Building SWIFTGalaxy for subhalo 1170544 (soap_index=39149414)
Read masses: Nstars=78646, sum_current=1.110663e+11 Msun
DEBUG: sample z (first valid): [2.9786304  1.1306977  1.19875193 4.94754515 1.8982841  1.45122681
 1.0599736  1.42887851 1.02059567 1.1026694 ]
DEBUG: Planck15 ages (Gyr): [2.16572089 5.3676675  5.13561872 1.18890485 3.45357993 4.40036656
 5.62690178 4.45844647 5.77990348 5.46810117]
DEBUG: cosmo_colibre ages (Gyr): [2.1675757  5.36647357 5.13479407 1.19086805 3.45471566 4.40055004
 5.62526561 4.45855908 5.77799142 5.46673965]
DEBUG: us.look_back_time -> ages (Gyr): [2.1675757  5.36647357 5.13479407 1.19086806 3.45471567 4.40055004
 5.62526561 4.45855908 5.77799143 5.46673965]
[30/100] subhalo 1170544 done; total_formed=1.821e+01
Building SWIFTGalaxy for subhalo 3741 (soap_index=39180241)
Read masses: Nstars=18985, sum_current=2.641309e+10 Msun
DEBUG: sample z (first valid): [0.11364872 0.0617588  0.23952186 0.63301106 0.63301106 6.72830189
 4.0763749  2.84330284 0.91334813 0.25924218]
DEBUG: Planck15 ages (Gyr): [12.28484125 12.94500223 10.86965481  7.70853583  7.70853583  0.80288998
  1.50661162  2.27978744  6.23140571 10.66933347]
DEBUG: cosmo_colibre ages (Gyr): [12.26099881 12.9179305  10.85218373  7.70217799  7.70217799  0.80475998
  1.50858561  2.2816042   6.22861444 10.65269925]
DEBUG: us.look_back_time -> ages (Gyr): [12.26099881 12.9179305  10.85218373  7.702178    7.702178    0.80475998
  1.50858561  2.2816042   6.22861445 10.65269925]
[31/100] subhalo 3741 done; total_formed=4.337e+00
Building SWIFTGalaxy for subhalo 123196 (soap_index=39260804)
Read masses: Nstars=556274, sum_current=6.976560e+11 Msun
DEBUG: sample z (first valid): [5.98231408 2.9460501  4.06578032 3.13920293 1.8543554  0.67149561
 1.72839301 1.17886828 3.03546798 1.96060716]
DEBUG: Planck15 ages (Gyr): [0.93493024 2.19230895 1.51131974 2.04212542 3.5312971  7.47566686
 3.77066179 5.20174635 2.1205923  3.348002  ]
DEBUG: cosmo_colibre ages (Gyr): [0.93684414 2.19415533 1.51329352 2.04401581 3.53236868 7.46994186
 3.77152036 5.200819   2.12246078 3.34922097]
DEBUG: us.look_back_time -> ages (Gyr): [0.93684415 2.19415533 1.51329353 2.04401582 3.53236869 7.46994186
 3.77152036 5.20081901 2.12246078 3.34922098]
[32/100] subhalo 123196 done; total_formed=1.168e+02
Building SWIFTGalaxy for subhalo 276182 (soap_index=39260811)
Read masses: Nstars=22759, sum_current=2.974472e+10 Msun
DEBUG: sample z (first valid): [1.05184721 2.71098528 6.68120019 2.7461987  4.275801   2.59258853
 2.46567953 2.27025948 5.02629885 2.64615556]
DEBUG: Planck15 ages (Gyr): [5.65795042 2.40122199 0.81028847 2.36788158 1.42232989 2.51919153
 2.65660546 2.89373698 1.16572069 2.46466239]
DEBUG: cosmo_colibre ages (Gyr): [5.65625916 2.40299279 0.81216132 2.36966555 1.42430584 2.52091232
 2.65826133 2.89526389 1.16768105 2.46640696]
DEBUG: us.look_back_time -> ages (Gyr): [5.65625916 2.40299279 0.81216132 2.36966556 1.42430584 2.52091232
 2.65826133 2.89526389 1.16768105 2.46640696]
[33/100] subhalo 276182 done; total_formed=4.999e+00
Building SWIFTGalaxy for subhalo 40146 (soap_index=39277045)
Read masses: Nstars=172788, sum_current=2.165691e+11 Msun
DEBUG: sample z (first valid): [4.53934579 1.39935564 1.31102334 0.54187841 3.45762481 0.03906646
 0.07584214 0.17279885 0.87674685 5.43772102]
DEBUG: Planck15 ages (Gyr): [ 1.32236353  4.53708046  4.78612863  8.30583476  1.82892598 13.24946154
 12.76097639 11.58899014  6.39819892  1.05593618]
DEBUG: cosmo_colibre ages (Gyr): [ 1.32433742  4.53709477  4.78581348  8.29773364  1.83086373 13.22084956
 12.73482032 11.56837847  6.39505805  1.05787874]
DEBUG: us.look_back_time -> ages (Gyr): [ 1.32433743  4.53709477  4.78581349  8.29773364  1.83086373 13.22084956
 12.73482032 11.56837847  6.39505805  1.05787875]
[34/100] subhalo 40146 done; total_formed=3.639e+01
Building SWIFTGalaxy for subhalo 1186560 (soap_index=39285394)
Read masses: Nstars=21490, sum_current=2.863299e+10 Msun
DEBUG: sample z (first valid): [1.32743803 2.14653351 3.20695853 0.90844496 2.77381089 0.49189583
 3.795551   8.68249982 4.04550004 0.34781178]
DEBUG: Planck15 ages (Gyr): [4.73821721 3.06240806 1.99342652 6.25335426 2.34226795 8.66345013
 1.64018367 0.57234575 1.52040039 9.83247957]
DEBUG: cosmo_colibre ages (Gyr): [4.73796759 3.06383005 1.9953293  6.25051775 2.34406176 8.65422329
 1.64214801 0.57409738 1.52237375 9.81915541]
DEBUG: us.look_back_time -> ages (Gyr): [4.73796759 3.06383005 1.99532931 6.25051775 2.34406176 8.6542233
 1.64214801 0.57409739 1.52237375 9.81915541]
[35/100] subhalo 1186560 done; total_formed=4.706e+00
Building SWIFTGalaxy for subhalo 40562 (soap_index=39349471)
Read masses: Nstars=493606, sum_current=6.378551e+11 Msun
DEBUG: sample z (first valid): [0.5544592  0.5544592  0.63089787 0.69729618 0.01098359 0.68872397
 0.55934139 0.88148829 0.855913   0.71452491]
DEBUG: Planck15 ages (Gyr): [ 8.21930714  8.21930714  7.72164078  7.32549558 13.64033934  7.37487497
  8.1860932   6.37620277  6.4962614   7.22776757]
DEBUG: cosmo_colibre ages (Gyr): [ 8.21146921  8.21146921  7.71524655  7.32016468 13.609705    7.36941568
  8.17835533  6.37310878  6.49290872  7.22268722]
DEBUG: us.look_back_time -> ages (Gyr): [ 8.21146921  8.21146921  7.71524655  7.32016468 13.609705    7.36941569
  8.17835534  6.37310878  6.49290872  7.22268723]
[36/100] subhalo 40562 done; total_formed=1.063e+02
Building SWIFTGalaxy for subhalo 2344648 (soap_index=39378232)
Read masses: Nstars=15789, sum_current=2.130466e+10 Msun
DEBUG: sample z (first valid): [0.66656495 0.66065275 2.92008613 6.59661528 3.5212832  3.92381668
 2.04591932 4.66430424 2.90653314 4.25465042]
DEBUG: Planck15 ages (Gyr): [7.50489976 7.54018216 2.21388549 0.82386245 1.79070162 1.57683682
 3.21178186 1.27896753 2.22528781 1.43089387]
DEBUG: cosmo_colibre ages (Gyr): [7.49909677 7.53428447 2.21572483 0.82574041 1.79264593 1.57880671
 3.21310168 1.28093898 2.22712337 1.43286977]
DEBUG: us.look_back_time -> ages (Gyr): [7.49909677 7.53428447 2.21572483 0.82574041 1.79264594 1.57880671
 3.21310169 1.28093899 2.22712337 1.43286977]
[37/100] subhalo 2344648 done; total_formed=3.531e+00
Building SWIFTGalaxy for subhalo 282812 (soap_index=39401398)
Read masses: Nstars=59765, sum_current=8.355118e+10 Msun
DEBUG: sample z (first valid): [0.20117302 2.74705546 5.06927209 2.11808926 4.85142857 6.34626163
 5.30821061 6.08267589 6.48897269 6.37602701]
DEBUG: Planck15 ages (Gyr): [11.27499896  2.3670799   1.1533845   3.10346716  1.21825501  0.86633694
  1.08857835  0.91513642  0.84169126  0.86109837]
DEBUG: cosmo_colibre ages (Gyr): [11.25578381  2.36886419  1.15534322  3.10486193  1.22022138  0.86822983
  1.09052697  0.91704465  0.84357568  0.86298951]
DEBUG: us.look_back_time -> ages (Gyr): [11.25578381  2.36886419  1.15534322  3.10486194  1.22022139  0.86822984
  1.09052697  0.91704465  0.84357568  0.86298951]
[38/100] subhalo 282812 done; total_formed=1.380e+01
Building SWIFTGalaxy for subhalo 1206222 (soap_index=39401401)
Read masses: Nstars=18553, sum_current=2.535821e+10 Msun
DEBUG: sample z (first valid): [2.50760009 2.6107989  1.04953715 2.97043499 1.05790366 1.34459073
 1.4645006  1.01959938 2.50534874 1.30452212]
DEBUG: Planck15 ages (Gyr): [2.60987899 2.50043322 5.6668258  2.17235871 5.6347849  4.68896596
 4.36644327 5.78385913 2.61235402 4.8053189 ]
DEBUG: cosmo_colibre ages (Gyr): [2.61155774 2.50216232 5.6651187  2.17421143 5.63313478 4.68878264
 4.36666745 5.78193979 2.61403158 4.80497721]
DEBUG: us.look_back_time -> ages (Gyr): [2.61155774 2.50216232 5.6651187  2.17421144 5.63313478 4.68878264
 4.36666746 5.78193979 2.61403158 4.80497721]
[39/100] subhalo 1206222 done; total_formed=4.233e+00
Building SWIFTGalaxy for subhalo 3707161 (soap_index=39441741)
Read masses: Nstars=395806, sum_current=5.081877e+11 Msun
DEBUG: sample z (first valid): [4.86346963 0.89498034 0.54668177 0.89300982 0.59532619 3.25834958
 0.84089888 0.62846636 0.52480223 2.44057119]
DEBUG: Planck15 ages (Gyr): [1.2145126  6.31425091 8.27263764 6.32324043 7.94740399 1.95775508
 6.56838536 7.73676167 8.42548495 2.68525448]
DEBUG: cosmo_colibre ages (Gyr): [1.21647859 6.31128768 8.26463792 6.32025834 7.94036966 1.95966636
 6.56487391 7.73032534 8.41701397 2.68689591]
DEBUG: us.look_back_time -> ages (Gyr): [1.2164786  6.31128768 8.26463792 6.32025835 7.94036966 1.95966636
 6.56487391 7.73032534 8.41701397 2.68689592]
[40/100] subhalo 3707161 done; total_formed=8.495e+01
Building SWIFTGalaxy for subhalo 290928 (soap_index=39568298)
Read masses: Nstars=23582, sum_current=3.414300e+10 Msun
DEBUG: sample z (first valid): [5.43772102 4.29755072 0.21588126 0.24773437 3.94387447 6.71283983
 7.0244888  4.46133333 0.08575215 5.60978316]
DEBUG: Planck15 ages (Gyr): [ 1.05593618  1.4136116  11.11700935 10.78557792  1.56729723  0.80530626
  0.75883199  1.35071033 12.63368503  1.01501655]
DEBUG: cosmo_colibre ages (Gyr): [ 1.05787874  1.41558756 11.09848196 10.76846013  1.56926781  0.80717719
  0.76068393  1.3526853  12.60815541  1.01695054]
DEBUG: us.look_back_time -> ages (Gyr): [ 1.05787875  1.41558757 11.09848196 10.76846013  1.56926781  0.8071772
  0.76068393  1.35268531 12.60815541  1.01695055]
[41/100] subhalo 290928 done; total_formed=5.493e+00
Building SWIFTGalaxy for subhalo 11831843 (soap_index=39615532)
Read masses: Nstars=5606, sum_current=7.771898e+09 Msun
DEBUG: sample z (first valid): [4.25465042 0.20790327 1.45361288 1.08169748 2.65551093 1.07104032
 3.10549395 1.31690589 1.07536893 1.05313283]
DEBUG: Planck15 ages (Gyr): [ 1.43089387 11.20230881  4.39423741  5.54520682  2.45533816  5.58504877
  2.06709038  4.76886989  5.56881192  5.65302049]
DEBUG: cosmo_colibre ages (Gyr): [ 1.43286977 11.18341135  4.39442828  5.54371342  2.45708668  5.58348613
  2.06897406  4.76857847  5.56727759  5.651338  ]
DEBUG: us.look_back_time -> ages (Gyr): [ 1.43286977 11.18341135  4.39442828  5.54371342  2.45708668  5.58348613
  2.06897406  4.76857847  5.56727759  5.651338  ]
[42/100] subhalo 11831843 done; total_formed=1.289e+00
Building SWIFTGalaxy for subhalo 2389849 (soap_index=39640486)
Read masses: Nstars=27659, sum_current=3.670166e+10 Msun
DEBUG: sample z (first valid): [1.67756169 4.275801   5.7660541  1.4811085  4.97138952 3.83981981
 0.03095897 4.83995723 3.10987081 4.65306651]
DEBUG: Planck15 ages (Gyr): [ 3.87480284  1.42232989  0.98008379  4.32458786  1.18180511  1.61785129
 13.36067752  1.2218382   2.06382046  1.28277292]
DEBUG: cosmo_colibre ages (Gyr): [ 3.87556134  1.42430584  0.98200958  4.32486157  1.18376747  1.61981778
 13.33149518  1.22380492  2.06570504  1.28474463]
DEBUG: us.look_back_time -> ages (Gyr): [ 3.87556134  1.42430584  0.98200959  4.32486157  1.18376747  1.61981778
 13.33149518  1.22380493  2.06570504  1.28474463]
[43/100] subhalo 2389849 done; total_formed=6.127e+00
Building SWIFTGalaxy for subhalo 4246 (soap_index=39721664)
Read masses: Nstars=31021, sum_current=4.134285e+10 Msun
DEBUG: sample z (first valid): [4.16967737 0.53336453 1.41171708 3.38573245 1.32562101 3.13502429
 2.67931731 3.25641359 1.53015211 2.98056365]
DEBUG: Planck15 ages (Gyr): [1.46617741 8.36516947 4.50388704 1.87374398 4.74348293 2.04519303
 2.43187112 1.95907972 4.20468452 2.16415995]
DEBUG: cosmo_colibre ages (Gyr): [1.46815276 8.35688578 4.50394317 1.87567327 4.74322616 2.0470826
 2.43362943 1.96099069 4.20509593 2.16601524]
DEBUG: us.look_back_time -> ages (Gyr): [1.46815276 8.35688579 4.50394317 1.87567327 4.74322617 2.04708261
 2.43362943 1.96099069 4.20509593 2.16601524]
[44/100] subhalo 4246 done; total_formed=6.927e+00
Building SWIFTGalaxy for subhalo 289195 (soap_index=39721669)
Read masses: Nstars=48305, sum_current=6.474995e+10 Msun
DEBUG: sample z (first valid): [1.14253956 4.47227789 0.34240066 0.78474946 2.29956701 2.59811134
 8.53597672 2.1981261  2.69800248 6.46593757]
DEBUG: Planck15 ages (Gyr): [5.32610911 1.34667298 9.88081769 6.8494055  2.85600539 2.51347814
 0.58560816 2.99016545 2.41370975 0.84558995]
DEBUG: cosmo_colibre ages (Gyr): [5.32498315 1.34864783 9.86731069 6.8452513  2.85755425 2.51520148
 0.58736842 2.99163372 2.4154755  0.84747574]
DEBUG: us.look_back_time -> ages (Gyr): [5.32498315 1.34864783 9.86731069 6.84525131 2.85755426 2.51520148
 0.58736842 2.99163372 2.4154755  0.84747574]
[45/100] subhalo 289195 done; total_formed=1.078e+01
Building SWIFTGalaxy for subhalo 2063357 (soap_index=39739930)
Read masses: Nstars=24189, sum_current=3.314597e+10 Msun
DEBUG: sample z (first valid): [0.34781178 0.08625605 5.42446819 0.33834341 0.07147996 9.90358539
 4.47227789 0.1057569  2.17889018 0.03356043]
DEBUG: Planck15 ages (Gyr): [ 9.83247957 12.62726054  1.05920137  9.9172896  12.81758078  0.47878824
  1.34667298 12.38213278  3.01677134 13.32484927]
DEBUG: cosmo_colibre ages (Gyr): [ 9.81915541 12.60176238  1.06114456  9.90364395 12.79114431  0.48047074
  1.34864783 12.3578242   3.0182228  13.29585111]
DEBUG: us.look_back_time -> ages (Gyr): [ 9.81915541 12.60176238  1.06114457  9.90364395 12.79114431  0.48047074
  1.34864783 12.35782421  3.01822281 13.29585111]
[46/100] subhalo 2063357 done; total_formed=5.499e+00
Building SWIFTGalaxy for subhalo 111076 (soap_index=39917956)
Read masses: Nstars=18230, sum_current=2.399487e+10 Msun
DEBUG: sample z (first valid): [1.66666667 2.04903694 3.74726548 1.71303196 2.73381951 2.89030037
 0.34174105 5.92549931 2.85143394 1.28523607]
DEBUG: Planck15 ages (Gyr): [3.89773109 3.20697588 1.66513044 3.80164997 2.37951494 2.23907268
 9.88673371 0.94645306 2.27265639 4.86297625]
DEBUG: cosmo_colibre ages (Gyr): [3.89846695 3.20829913 1.66709211 3.80247923 2.38129436 2.24090359
 9.87320426 0.94837014 2.27447567 4.86255383]
DEBUG: us.look_back_time -> ages (Gyr): [3.89846695 3.20829913 1.66709212 3.80247923 2.38129437 2.24090359
 9.87320427 0.94837015 2.27447568 4.86255383]
[47/100] subhalo 111076 done; total_formed=4.037e+00
Building SWIFTGalaxy for subhalo 33691 (soap_index=40059747)
Read masses: Nstars=19309, sum_current=2.596938e+10 Msun
DEBUG: sample z (first valid): [0.88908106 5.81459915 6.27208167 4.34072203 3.54448374 4.36213386
 3.59547016 4.20126984 1.16992252 6.08957161]
DEBUG: Planck15 ages (Gyr): [6.34122307 0.96963686 0.87962528 1.39656682 1.77709813 1.3882391
 1.74779636 1.45289238 5.23193946 0.91380201]
DEBUG: cosmo_colibre ages (Gyr): [6.33820314 0.97156003 0.88152254 1.39854271 1.77904464 1.3902149
 1.74974734 1.45486801 5.23096455 0.91570984]
DEBUG: us.look_back_time -> ages (Gyr): [6.33820314 0.97156003 0.88152255 1.39854271 1.77904465 1.3902149
 1.74974734 1.45486801 5.23096456 0.91570985]
[48/100] subhalo 33691 done; total_formed=4.350e+00
Building SWIFTGalaxy for subhalo 544739 (soap_index=40079744)
Read masses: Nstars=20290, sum_current=2.673755e+10 Msun
DEBUG: sample z (first valid): [2.69216901 0.54187841 5.1686747  2.93420579 0.20906206 1.52956616
 1.86734337 0.67920467 6.25678219 5.37261766]
DEBUG: Planck15 ages (Gyr): [ 2.41935564  8.30583476  1.12566538  2.20210856 11.1898611   4.20608534
  3.50802515  7.43030803  0.88240814  1.07213871]
DEBUG: cosmo_colibre ages (Gyr): [ 2.4211191   8.29773364  1.12762009  2.20395177 11.17101782  4.20649518
  3.5091162   7.42470322  0.8843063   1.07408437]
DEBUG: us.look_back_time -> ages (Gyr): [ 2.4211191   8.29773364  1.12762009  2.20395178 11.17101782  4.20649518
  3.50911621  7.42470323  0.8843063   1.07408437]
[49/100] subhalo 544739 done; total_formed=4.462e+00
Building SWIFTGalaxy for subhalo 3375 (soap_index=40114168)
Read masses: Nstars=176955, sum_current=2.291328e+11 Msun
DEBUG: sample z (first valid): [0.41521983 0.37484266 0.47630204 0.53652818 4.74574785 5.80045657
 2.62357625 3.5813352  1.26220228 1.7254429 ]
DEBUG: Planck15 ages (Gyr): [9.25830681 9.59611739 8.77973579 8.3430474  1.25193948 0.97266118
 2.48740817 1.75583914 4.93329741 3.77658126]
DEBUG: cosmo_colibre ages (Gyr): [9.24707382 9.58367219 8.77012983 8.33483198 1.25390891 0.97458512
 2.48914296 1.75778893 4.93277449 3.77743425]
DEBUG: us.look_back_time -> ages (Gyr): [9.24707382 9.58367219 8.77012983 8.33483198 1.25390892 0.97458513
 2.48914296 1.75778894 4.93277449 3.77743426]
[50/100] subhalo 3375 done; total_formed=3.844e+01
Building SWIFTGalaxy for subhalo 2162853 (soap_index=40184416)
Read masses: Nstars=16076, sum_current=2.299428e+10 Msun
DEBUG: sample z (first valid): [1.27366084 1.53661558 3.60257041 0.2908919  1.79996582 0.98642095
 1.28587374 3.74657782 1.38642488 1.37157125]
DEBUG: Planck15 ages (Gyr): [ 4.89811363  4.18928228  1.74377931 10.35881137  3.63153563  5.91805835
  4.86105227  1.66549025  4.57222458  4.61313637]
DEBUG: cosmo_colibre ages (Gyr): [ 4.89764127  4.18971092  1.74573087 10.34344082  3.63252086  5.91588762
  4.86063256  1.66745188  4.57219407  4.61305299]
DEBUG: us.look_back_time -> ages (Gyr): [ 4.89764127  4.18971092  1.74573088 10.34344082  3.63252087  5.91588762
  4.86063257  1.66745189  4.57219407  4.613053  ]
[51/100] subhalo 2162853 done; total_formed=3.807e+00
Building SWIFTGalaxy for subhalo 264995 (soap_index=40236264)
Read masses: Nstars=25790, sum_current=3.535406e+10 Msun
DEBUG: sample z (first valid): [0.54231385 0.52437663 2.06071362 2.16813304 0.61897233 3.78819318
 1.39830198 2.80536523 1.30225532 1.94464414]
DEBUG: Planck15 ages (Gyr): [8.30281713 8.42850003 3.18907964 3.03181933 7.79623431 1.64394499
 4.53992793 2.31355191 4.81203892 3.37453806]
DEBUG: cosmo_colibre ages (Gyr): [8.29472524 8.42001964 3.19041555 3.03326116 7.78963132 1.64590894
 4.53993863 2.31535645 4.8116879  3.37573654]
DEBUG: us.look_back_time -> ages (Gyr): [8.29472524 8.42001964 3.19041555 3.03326117 7.78963132 1.64590894
 4.53993863 2.31535645 4.81168791 3.37573654]
[52/100] subhalo 264995 done; total_formed=5.894e+00
Building SWIFTGalaxy for subhalo 2214867 (soap_index=40251876)
Read masses: Nstars=37639, sum_current=5.021925e+10 Msun
DEBUG: sample z (first valid): [4.51696271 0.54741216 0.3505894  0.61466443 0.18836585 0.61689529
 0.17938382 0.21524996 0.13880587 0.18296029]
DEBUG: Planck15 ages (Gyr): [ 1.33039502  8.26760718  9.80780101  7.8234487  11.41519963  7.80933771
 11.51501758 11.1237251  11.98182822 11.47512322]
DEBUG: cosmo_colibre ages (Gyr): [ 1.33236926  8.25962278  9.79456979  7.81676888 11.39536575  7.80269777
 11.49473843 11.10516868 11.95941516 11.4550225 ]
DEBUG: us.look_back_time -> ages (Gyr): [ 1.33236927  8.25962278  9.79456979  7.81676888 11.39536575  7.80269777
 11.49473843 11.10516868 11.95941516 11.45502251]
[53/100] subhalo 2214867 done; total_formed=8.335e+00
Building SWIFTGalaxy for subhalo 117758 (soap_index=40275623)
Read masses: Nstars=88608, sum_current=1.227787e+11 Msun
DEBUG: sample z (first valid): [0.45674402 1.22125813 2.15289137 3.65058189 1.92780558 1.60746399
 1.16662259 1.69009113 7.58925295 0.87481405]
DEBUG: Planck15 ages (Gyr): [8.92889627 5.062367   3.05335196 1.71701261 3.40290312 4.02625019
 5.24314744 3.84870391 0.68518101 6.40719928]
DEBUG: cosmo_colibre ages (Gyr): [8.91879467 5.06165375 3.05477986 1.71896791 3.40407936 4.02685507
 5.24215477 3.84948791 0.68699833 6.40403917]
DEBUG: us.look_back_time -> ages (Gyr): [8.91879468 5.06165375 3.05477986 1.71896791 3.40407937 4.02685507
 5.24215477 3.84948791 0.68699833 6.40403917]
[54/100] subhalo 117758 done; total_formed=2.035e+01
Building SWIFTGalaxy for subhalo 1150954 (soap_index=40310689)
Read masses: Nstars=24070, sum_current=3.191711e+10 Msun
DEBUG: sample z (first valid): [3.11813498 3.13502429 9.22801405 0.3790085  4.75735746 0.12157722
 0.44022504 0.32481604 0.41521983 0.58238362]
DEBUG: Planck15 ages (Gyr): [ 2.05766963  2.04519303  0.52709909  9.56043296  1.24816389 12.18818343
  9.05782968 10.04032145  9.25830681  8.03202969]
DEBUG: cosmo_colibre ages (Gyr): [ 2.05955587  2.0470826   0.5288192   9.54811828  1.25013301 12.16480065
  9.04729126 10.02620375  9.24707382  8.02474907]
DEBUG: us.look_back_time -> ages (Gyr): [ 2.05955587  2.04708261  0.5288192   9.54811828  1.25013301 12.16480065
  9.04729126 10.02620375  9.24707382  8.02474907]
[55/100] subhalo 1150954 done; total_formed=5.351e+00
Building SWIFTGalaxy for subhalo 3577939 (soap_index=40346879)
Read masses: Nstars=16701, sum_current=2.352008e+10 Msun
DEBUG: sample z (first valid): [1.40552048 4.09928416 1.30484631 1.6413026  2.36842105 1.44027405
 2.85823619 2.05301407 1.45196049 4.93515667]
DEBUG: Planck15 ages (Gyr): [4.52047751 1.49651371 4.80435904 3.95196795 2.77046681 4.42867827
 2.26671897 3.20086196 4.39848048 1.19262156]
DEBUG: cosmo_colibre ages (Gyr): [4.5205128  1.49848811 4.80401868 3.95264939 2.77206344 4.42882739
 2.26854033 3.20218955 4.39866623 1.19458519]
DEBUG: us.look_back_time -> ages (Gyr): [4.5205128  1.49848811 4.80401869 3.95264939 2.77206344 4.42882739
 2.26854034 3.20218955 4.39866623 1.1945852 ]
[56/100] subhalo 3577939 done; total_formed=3.940e+00
Building SWIFTGalaxy for subhalo 2246640 (soap_index=40428076)
Read masses: Nstars=27672, sum_current=3.725972e+10 Msun
DEBUG: sample z (first valid): [0.91223156 5.7181958  1.60912493 2.56522685 1.08779866 7.82818078
 0.36442372 5.06927209 5.52944107 0.93093695]
DEBUG: Planck15 ages (Gyr): [6.23639334 0.99056727 4.0225516  2.54781511 5.52259893 0.65752653
 9.68622597 1.1533845  1.03378947 6.15365145]
DEBUG: cosmo_colibre ages (Gyr): [6.23359182 0.99249561 4.02316035 2.54952297 5.52114448 0.65932928
 9.67344865 1.15534322 1.03572753 6.15101856]
DEBUG: us.look_back_time -> ages (Gyr): [6.23359182 0.99249561 4.02316035 2.54952298 5.52114448 0.65932928
 9.67344865 1.15534322 1.03572754 6.15101856]
[57/100] subhalo 2246640 done; total_formed=6.251e+00
Building SWIFTGalaxy for subhalo 120043 (soap_index=40460342)
Read masses: Nstars=120818, sum_current=1.529751e+11 Msun
DEBUG: sample z (first valid): [4.18030195 1.03553236 6.31591873 4.3242343  3.51225558 0.35741508
 0.19199709 1.33923472 2.29492207 1.14366087]
DEBUG: Planck15 ages (Gyr): [ 1.46168724  5.72110531  0.87173188  1.40303603  1.79604154  9.74753989
 11.37519619  4.7042566   2.8619315   5.32220036]
DEBUG: cosmo_colibre ages (Gyr): [ 1.46366269  5.71930058  0.87362656  1.40501197  1.79798497  9.73453449
 11.35553965  4.70405281  2.86347696  5.32108075]
DEBUG: us.look_back_time -> ages (Gyr): [ 1.46366269  5.71930058  0.87362657  1.40501197  1.79798498  9.73453449
 11.35553965  4.70405282  2.86347696  5.32108075]
[58/100] subhalo 120043 done; total_formed=2.570e+01
Building SWIFTGalaxy for subhalo 1162491 (soap_index=40460350)
Read masses: Nstars=30437, sum_current=3.974710e+10 Msun
DEBUG: sample z (first valid): [6.03251422 6.05370789 5.09410452 1.64300694 7.34853503 5.95415959
 0.6766271  1.18104366 1.80547945 1.15891422]
DEBUG: Planck15 ages (Gyr): [0.92494157 0.92077763 1.1463544  3.94828532 0.71505437 0.94061105
 7.44542725 5.19444592 3.62116468 5.26947718]
DEBUG: cosmo_colibre ages (Gyr): [0.92685264 0.9226875  1.14831214 3.94897049 0.71688643 0.94252653
 7.43978249 5.19353001 3.62215904 5.26844255]
DEBUG: us.look_back_time -> ages (Gyr): [0.92685265 0.9226875  1.14831215 3.94897049 0.71688644 0.94252654
 7.43978249 5.19353001 3.62215904 5.26844256]
[59/100] subhalo 1162491 done; total_formed=6.685e+00
Building SWIFTGalaxy for subhalo 37019 (soap_index=40531780)
Read masses: Nstars=19147, sum_current=2.662034e+10 Msun
DEBUG: sample z (first valid): [2.07075251 2.72999431 1.89342163 2.8124491  1.21002226 1.38729419
 0.85633356 1.39462146 1.10483042 0.98955677]
DEBUG: Planck15 ages (Gyr): [3.17382358 2.38312872 3.46204478 2.30718492 5.09872766 4.56984825
 6.49425888 4.54989693 5.46025228 5.9051666 ]
DEBUG: cosmo_colibre ages (Gyr): [3.1751702  2.38490673 3.46317364 2.3089918  5.09795942 4.56982078
 6.49091056 4.54989496 5.45890402 5.9030204 ]
DEBUG: us.look_back_time -> ages (Gyr): [3.1751702  2.38490673 3.46317364 2.3089918  5.09795943 4.56982079
 6.49091056 4.54989496 5.45890403 5.9030204 ]
[60/100] subhalo 37019 done; total_formed=4.454e+00
Building SWIFTGalaxy for subhalo 37351 (soap_index=40531785)
Read masses: Nstars=35834, sum_current=5.110795e+10 Msun
DEBUG: sample z (first valid): [0.44441506 0.43091703 0.42966841 0.43342082 9.37454488 1.31396088
 1.65177632 0.81279044 1.63302531 1.11884901]
DEBUG: Planck15 ages (Gyr): [9.02486584 9.13169885 9.14167577 9.11174111 0.51595104 4.77749778
 3.92942447 6.70678945 3.96993225 5.40976594]
DEBUG: cosmo_colibre ages (Gyr): [9.01443984 9.12090667 9.13084913 9.10101774 0.51766286 4.77719451
 3.93012868 6.70296625 3.97059539 5.40850233]
DEBUG: us.look_back_time -> ages (Gyr): [9.01443984 9.12090667 9.13084913 9.10101774 0.51766286 4.77719451
 3.93012868 6.70296625 3.97059539 5.40850234]
[61/100] subhalo 37351 done; total_formed=8.475e+00
Building SWIFTGalaxy for subhalo 124639 (soap_index=40531800)
Read masses: Nstars=142128, sum_current=1.901994e+11 Msun
DEBUG: sample z (first valid): [0.9391644  0.63252292 0.42892029 0.77296829 1.78995317 0.67081379
 5.88403361 0.52480223 0.90069606 0.56934866]
DEBUG: Planck15 ages (Gyr): [6.11779936 7.71156006 9.1476613  6.91072413 3.65049289 7.47969892
 0.95501267 8.42548495 6.288288   8.11864109]
DEBUG: cosmo_colibre ages (Gyr): [6.11523852 7.70519384 9.13681395 6.90642458 3.65146133 7.47396318
 0.95693204 8.41701397 6.28537902 8.11110483]
DEBUG: us.look_back_time -> ages (Gyr): [6.11523853 7.70519384 9.13681395 6.90642458 3.65146134 7.47396318
 0.95693204 8.41701397 6.28537902 8.11110483]
[62/100] subhalo 124639 done; total_formed=3.152e+01
Building SWIFTGalaxy for subhalo 574623 (soap_index=40531841)
Read masses: Nstars=13768, sum_current=2.031571e+10 Msun
DEBUG: sample z (first valid): [3.7700706  7.72998535 5.69076059 3.55364091 1.28523607 1.34946583
 1.78001188 1.52177928 0.81279044 0.79570364]
DEBUG: Planck15 ages (Gyr): [1.65327041 0.66866351 0.99666131 1.77177589 4.86297625 4.67511724
 3.6694746  4.22477285 6.70678945 6.79314044]
DEBUG: cosmo_colibre ages (Gyr): [1.65523338 0.67047223 0.9985911  1.77372324 4.86255383 4.67495236
 3.67042608 4.22516162 6.70296625 6.78911802]
DEBUG: us.look_back_time -> ages (Gyr): [1.65523338 0.67047223 0.99859111 1.77372324 4.86255383 4.67495237
 3.67042608 4.22516163 6.70296625 6.78911802]
[63/100] subhalo 574623 done; total_formed=3.360e+00
Building SWIFTGalaxy for subhalo 574813 (soap_index=40531850)
Read masses: Nstars=89957, sum_current=1.182720e+11 Msun
DEBUG: sample z (first valid): [2.66409482 1.31037157 1.28523607 1.61704337 0.64283566 0.57674911
 3.37694517 0.91625731 0.77028633 0.53927095]
DEBUG: Planck15 ages (Gyr): [2.44683381 4.788047   4.86297625 4.00499399 7.64804985 8.0692967
 1.87934652 6.21843975 6.92480139 8.32393934]
DEBUG: cosmo_colibre ages (Gyr): [2.44858591 4.78772921 4.86255383 4.00562102 7.64185892 8.06190652
 1.88127469 6.21567509 6.92046822 8.31578269]
DEBUG: us.look_back_time -> ages (Gyr): [2.44858591 4.78772921 4.86255383 4.00562102 7.64185892 8.06190652
 1.8812747  6.2156751  6.92046822 8.31578269]
[64/100] subhalo 574813 done; total_formed=1.978e+01
Building SWIFTGalaxy for subhalo 2263403 (soap_index=40532156)
Read masses: Nstars=18443, sum_current=2.612169e+10 Msun
DEBUG: sample z (first valid): [1.66927338 3.17293855 2.02371505 1.40181778 1.14590701 5.80045657
 1.28189415 1.76313349 2.1148289  2.46201796]
DEBUG: Planck15 ages (Gyr): [3.89222538 2.01763544 3.24635375 4.53043779 5.31438422 0.97266118
 4.87307947 3.7020711  3.10823095 2.66075202]
DEBUG: cosmo_colibre ages (Gyr): [3.8929667  2.01953218 3.24764867 4.53046051 5.31327729 0.97458512
 4.87264274 3.70299311 3.10962252 2.66240583]
DEBUG: us.look_back_time -> ages (Gyr): [3.8929667  2.01953218 3.24764867 4.53046051 5.3132773  0.97458513
 4.87264275 3.70299311 3.10962253 2.66240583]
[65/100] subhalo 2263403 done; total_formed=4.347e+00
Building SWIFTGalaxy for subhalo 6675346 (soap_index=40532621)
Read masses: Nstars=29430, sum_current=3.805394e+10 Msun
DEBUG: sample z (first valid): [5.08787738 4.55060557 6.22796956 4.01999234 3.2553081  1.39217404
 0.16487736 1.04582631 0.16009346 3.8348211 ]
DEBUG: Planck15 ages (Gyr): [ 1.14811062  1.31835365  0.88768883  1.53195072  1.95983677  4.55654541
 11.67887786  5.68112903 11.73364392  1.6203477 ]
DEBUG: cosmo_colibre ages (Gyr): [ 1.15006861  1.32032736  0.88958867  1.53392348  1.96174757  4.55653496
 11.65785925  5.67939634 11.71237584  1.62231396]
DEBUG: us.look_back_time -> ages (Gyr): [ 1.15006861  1.32032737  0.88958867  1.53392349  1.96174757  4.55653496
 11.65785925  5.67939634 11.71237584  1.62231397]
[66/100] subhalo 6675346 done; total_formed=6.383e+00
Building SWIFTGalaxy for subhalo 275699 (soap_index=40671440)
Read masses: Nstars=59870, sum_current=7.868467e+10 Msun
DEBUG: sample z (first valid): [8.09211987 5.20664836 8.84097905 3.07663598 2.19563097 9.08401293
 2.98249878 4.14896292 2.45035274 6.55806712]
DEBUG: Planck15 ages (Gyr): [0.62907121 1.11536688 0.55855416 2.08886576 2.99359482 0.53845035
 2.16259934 1.47499781 2.6740335  0.83017444]
DEBUG: cosmo_colibre ages (Gyr): [0.63085797 1.11731998 0.56029653 2.09074339 2.99506094 0.54017868
 2.16445512 1.47697292 2.67568062 0.83205471]
DEBUG: us.look_back_time -> ages (Gyr): [0.63085797 1.11731998 0.56029654 2.09074339 2.99506095 0.54017869
 2.16445512 1.47697293 2.67568063 0.83205471]
[67/100] subhalo 275699 done; total_formed=1.312e+01
Building SWIFTGalaxy for subhalo 124250 (soap_index=40676606)
Read masses: Nstars=44585, sum_current=6.252227e+10 Msun
DEBUG: sample z (first valid): [2.85143394 1.27145432 1.12420589 0.50560559 2.9863747  4.10444739
 3.6377468  5.9682084  2.38862461 1.39935564]
DEBUG: Planck15 ages (Gyr): [2.27265639 4.90485763 5.39066848 8.56310133 2.15947915 1.49425335
 1.72410132 0.93776923 2.74616274 4.53708046]
DEBUG: cosmo_colibre ages (Gyr): [2.27447567 4.90437562 5.38943659 8.55419652 2.1613359  1.49622784
 1.72605566 0.93968393 2.74777244 4.53709477]
DEBUG: us.look_back_time -> ages (Gyr): [2.27447568 4.90437562 5.38943659 8.55419652 2.1613359  1.49622784
 1.72605566 0.93968393 2.74777244 4.53709477]
[68/100] subhalo 124250 done; total_formed=1.029e+01
Building SWIFTGalaxy for subhalo 40638 (soap_index=40758960)
Read masses: Nstars=123740, sum_current=1.515367e+11 Msun
DEBUG: sample z (first valid): [8.43031873 1.6911958  3.91384869 1.66406504 0.94468843 5.98231408
 2.03379317 2.14351497 1.75500252 1.7659323 ]
DEBUG: Planck15 ages (Gyr): [0.59549204 3.84641654 1.58161349 3.90323863 6.09391051 0.93493024
 3.23058726 3.06672306 3.71794219 3.69663342]
DEBUG: cosmo_colibre ages (Gyr): [0.59725856 3.84720276 1.58358302 3.90396902 6.09139733 0.93684414
 3.2318936  3.06814222 3.71884969 3.69756038]
DEBUG: us.look_back_time -> ages (Gyr): [0.59725857 3.84720276 1.58358302 3.90396902 6.09139734 0.93684415
 3.2318936  3.06814222 3.71884969 3.69756038]
[69/100] subhalo 40638 done; total_formed=2.558e+01
Building SWIFTGalaxy for subhalo 598421 (soap_index=40763786)
Read masses: Nstars=20008, sum_current=2.657690e+10 Msun
DEBUG: sample z (first valid): [4.72216886 7.67681716 2.3012291  0.26820961 2.54708811 1.86458607
 0.57356896 5.00806747 9.50172262 3.48692318]
DEBUG: Planck15 ages (Gyr): [ 1.25966626  0.67482519  2.85388975 10.5799998   2.56708653  3.51294481
  8.09044563  1.17102065  0.50658939  1.81116745]
DEBUG: cosmo_colibre ages (Gyr): [ 1.26163631  0.67663716  2.85543983 10.56373333  2.56878551  3.51403176
  8.08299299  1.17298168  0.50829407  1.81310832]
DEBUG: us.look_back_time -> ages (Gyr): [ 1.26163632  0.67663716  2.85543984 10.56373333  2.56878551  3.51403176
  8.08299299  1.17298168  0.50829407  1.81310832]
[70/100] subhalo 598421 done; total_formed=4.443e+00
Building SWIFTGalaxy for subhalo 293254 (soap_index=41074841)
Read masses: Nstars=39289, sum_current=5.571230e+10 Msun
DEBUG: sample z (first valid): [1.06594792 3.88782816 3.71176936 2.85143394 3.15100076 3.11865259
 4.09571573 2.42331801 3.07081185 2.77903356]
DEBUG: Planck15 ages (Gyr): [5.60424644 1.59419617 1.68387307 2.27265639 2.03350535 2.05728539
 1.49807921 2.70523606 2.09330644 2.33747462]
DEBUG: cosmo_colibre ages (Gyr): [5.60265017 1.59616471 1.68583257 2.27447567 2.035398   2.05917173
 1.50005355 2.70686724 2.09518281 2.33927025]
DEBUG: us.look_back_time -> ages (Gyr): [5.60265017 1.59616472 1.68583257 2.27447568 2.03539801 2.05917173
 1.50005355 2.70686724 2.09518281 2.33927025]
[71/100] subhalo 293254 done; total_formed=9.336e+00
Building SWIFTGalaxy for subhalo 3744794 (soap_index=41075070)
Read masses: Nstars=39806, sum_current=5.133115e+10 Msun
DEBUG: sample z (first valid): [1.47998184 1.57488606 3.24400984 2.37675185 3.68013997 2.55787188
 1.5754932  3.48017501 2.6107989  2.61239114]
DEBUG: Planck15 ages (Gyr): [4.32740685 4.09992077 1.96760181 2.76040258 1.70087021 2.5556006
 4.09852794 1.81523234 2.50043322 2.498804  ]
DEBUG: cosmo_colibre ages (Gyr): [4.32767725 4.10044742 1.96951079 2.76200465 1.70282762 2.55730489
 4.09905609 1.81717251 2.50216232 2.50053381]
DEBUG: us.look_back_time -> ages (Gyr): [4.32767726 4.10044742 1.96951079 2.76200465 1.70282762 2.55730489
 4.0990561  1.81717251 2.50216232 2.50053381]
[72/100] subhalo 3744794 done; total_formed=8.622e+00
Building SWIFTGalaxy for subhalo 44561 (soap_index=41096943)
Read masses: Nstars=24260, sum_current=3.357153e+10 Msun
DEBUG: sample z (first valid): [8.15690932 3.5813352  0.25097351 0.22699019 0.21895692 6.89495242
 0.33420195 9.002442   3.84447073 0.59052519]
DEBUG: Planck15 ages (Gyr): [ 0.62239814  1.75583914 10.75267428 10.9997787  11.08437355  0.7775936
  9.95472156  0.54506196  1.61553428  7.97863782]
DEBUG: cosmo_colibre ages (Gyr): [ 0.624181    1.75778893 10.73569394 10.98175508 11.06598696  0.77945345
  9.940933    0.54679499  1.61750098  7.971513  ]
DEBUG: us.look_back_time -> ages (Gyr): [ 0.62418101  1.75778894 10.73569394 10.98175508 11.06598696  0.77945345
  9.94093301  0.54679499  1.61750098  7.971513  ]
[73/100] subhalo 44561 done; total_formed=5.567e+00
Building SWIFTGalaxy for subhalo 1237558 (soap_index=41112738)
Read masses: Nstars=61352, sum_current=7.808604e+10 Msun
DEBUG: sample z (first valid): [3.62335097 3.3061962  7.64191996 6.18360189 4.11760112 5.30821061
 4.52813159 4.85770468 0.70755602 0.77124324]
DEBUG: Planck15 ages (Gyr): [1.73210982 1.92548217 0.67892094 0.89592376 1.48852042 1.08857835
 1.32637732 1.21630198 7.26705616 6.91977363]
DEBUG: cosmo_colibre ages (Gyr): [1.73406305 1.9274007  0.68073504 0.89782618 1.49049511 1.09052697
 1.32835139 1.21826816 7.26187565 6.91545247]
DEBUG: us.look_back_time -> ages (Gyr): [1.73406306 1.92740071 0.68073504 0.89782618 1.49049511 1.09052697
 1.32835139 1.21826816 7.26187565 6.91545247]
[74/100] subhalo 1237558 done; total_formed=1.306e+01
Building SWIFTGalaxy for subhalo 42829 (soap_index=41115090)
Read masses: Nstars=17653, sum_current=2.509106e+10 Msun
DEBUG: sample z (first valid): [0.83348254 1.38451463 1.00256677 0.37311431 1.33773275 1.30144683
 0.73137483 1.161335   0.6783446  0.80998674]
DEBUG: Planck15 ages (Gyr): [6.60447049 4.57745339 5.85214851 9.61097975 4.70855884 4.81443936
 7.13410596 5.26118587 7.43534773 6.72084171]
DEBUG: cosmo_colibre ages (Gyr): [6.60087865 4.57741617 5.85010232 9.59848003 4.70834928 4.81408501
 7.12926138 5.26016449 7.42972961 6.71698633]
DEBUG: us.look_back_time -> ages (Gyr): [6.60087865 4.57741617 5.85010232 9.59848003 4.70834928 4.81408501
 7.12926138 5.2601645  7.42972961 6.71698633]
[75/100] subhalo 42829 done; total_formed=4.166e+00
Building SWIFTGalaxy for subhalo 42906 (soap_index=41115091)
Read masses: Nstars=98472, sum_current=1.234155e+11 Msun
DEBUG: sample z (first valid): [7.43394891 1.0293553  1.32628141 1.05416249 3.32381078 0.65294592
 1.28874764 1.30047739 6.43966398 1.10483042]
DEBUG: Planck15 ages (Gyr): [0.7042107  5.74530671 4.74156799 5.64907697 1.91382188 7.58655477
 4.85239611 4.81732019 0.85007351 5.46025228]
DEBUG: cosmo_colibre ages (Gyr): [0.70603753 5.743458   4.74131383 5.64740149 1.91574293 7.58053171
 4.85198861 4.81696182 0.85196087 5.45890402]
DEBUG: us.look_back_time -> ages (Gyr): [0.70603753 5.743458   4.74131383 5.64740149 1.91574293 7.58053171
 4.85198862 4.81696182 0.85196087 5.45890403]
[76/100] subhalo 42906 done; total_formed=2.073e+01
Building SWIFTGalaxy for subhalo 27091 (soap_index=41227857)
Read masses: Nstars=30215, sum_current=4.134435e+10 Msun
DEBUG: sample z (first valid): [1.6398131  5.92549931 1.64108971 0.16099773 1.8170564  1.63768816
 0.22204818 4.12280153 1.42887851 4.19632096]
DEBUG: Planck15 ages (Gyr): [ 3.95519091  0.94645306  3.95242834 11.72326386  3.59954483  3.95979621
 11.0517106   1.48626392  4.45844647  1.45496024]
DEBUG: cosmo_colibre ages (Gyr): [ 3.95586907  0.94837014  3.9531093  11.70204315  3.60055807  3.96046968
 11.0334645   1.48823868  4.45855908  1.45693582]
DEBUG: us.look_back_time -> ages (Gyr): [ 3.95586908  0.94837015  3.95310931 11.70204315  3.60055807  3.96046969
 11.0334645   1.48823869  4.45855908  1.45693582]
[77/100] subhalo 27091 done; total_formed=6.908e+00
Building SWIFTGalaxy for subhalo 241804 (soap_index=41258191)
Read masses: Nstars=61307, sum_current=8.529272e+10 Msun
DEBUG: sample z (first valid): [0.24271845 2.9661099  0.53107186 0.17878984 0.21524996 0.0693121
 0.07584214 0.02208359 0.22827798 3.23249806]
DEBUG: Planck15 ages (Gyr): [10.83681743  2.17587533  8.38125612 11.52166237 11.1237251  12.84584279
 12.76097639 13.48393416 10.98630383  1.97556603]
DEBUG: cosmo_colibre ages (Gyr): [10.81948469  2.17772695  8.37292266 11.50135343 11.10516868 12.8192659
 12.73482032 13.45411499 10.96833775  1.97747313]
DEBUG: us.look_back_time -> ages (Gyr): [10.81948469  2.17772695  8.37292266 11.50135343 11.10516868 12.8192659
 12.73482032 13.45411499 10.96833775  1.97747313]
[78/100] subhalo 241804 done; total_formed=1.421e+01
Building SWIFTGalaxy for subhalo 241842 (soap_index=41258192)
Read masses: Nstars=20277, sum_current=2.865912e+10 Msun
DEBUG: sample z (first valid): [0.12388531 0.19565059 0.33420195 0.98257502 0.1187436  4.51696271
 0.00967523 4.89936088 0.03095897 0.13243019]
DEBUG: Planck15 ages (Gyr): [12.16024752 11.33514951  9.95472156  5.93392978 12.22260457  1.33039502
 13.65894191  1.20346989 13.36067752 12.05761084]
DEBUG: cosmo_colibre ages (Gyr): [12.13699694 11.31566987  9.940933    5.93172875 12.19905849  1.33236926
 13.62821009  1.20543472 13.33149518 12.0348435 ]
DEBUG: us.look_back_time -> ages (Gyr): [12.13699694 11.31566987  9.94093301  5.93172876 12.1990585   1.33236927
 13.62821009  1.20543473 13.33149518 12.0348435 ]
[79/100] subhalo 241842 done; total_formed=4.740e+00
Building SWIFTGalaxy for subhalo 3450470 (soap_index=41258217)
Read masses: Nstars=126546, sum_current=1.691674e+11 Msun
DEBUG: sample z (first valid): [0.21895692 0.84837545 4.66430424 0.23513004 5.08166295 0.04250445
 3.90392098 1.02985814 0.94561216 0.44786144]
DEBUG: Planck15 ages (Gyr): [11.08437355  6.53231548  1.27896753 10.91500451  1.14986771 13.20269239
  1.58639473  5.74333057  6.08993002  8.99788551]
DEBUG: cosmo_colibre ages (Gyr): [11.06598696  6.52888374  1.28093898 10.89734166  1.15182594 13.17431903
  1.5883639   5.74148547  6.08742477  8.98755114]
DEBUG: us.look_back_time -> ages (Gyr): [11.06598696  6.52888374  1.28093899 10.89734166  1.15182594 13.17431903
  1.5883639   5.74148547  6.08742477  8.98755114]
[80/100] subhalo 3450470 done; total_formed=2.818e+01
Building SWIFTGalaxy for subhalo 1060738 (soap_index=41294604)
Read masses: Nstars=17401, sum_current=2.294367e+10 Msun
DEBUG: sample z (first valid): [3.34588859 2.11808926 3.24538447 1.99552061 6.71283983 2.63483084
 3.91384869 5.88403361 4.45587746 4.89936088]
DEBUG: Planck15 ages (Gyr): [1.89937108 3.10346716 1.96665435 3.29113562 0.80530626 2.47602762
 1.58161349 0.95501267 1.35273045 1.20346989]
DEBUG: cosmo_colibre ages (Gyr): [1.90129517 3.10486193 1.96856355 3.29239759 0.80717719 2.47776732
 1.58358302 0.95693204 1.35470549 1.20543472]
DEBUG: us.look_back_time -> ages (Gyr): [1.90129518 3.10486194 1.96856355 3.29239759 0.8071772  2.47776733
 1.58358302 0.95693204 1.3547055  1.20543473]
[81/100] subhalo 1060738 done; total_formed=3.812e+00
Building SWIFTGalaxy for subhalo 110895 (soap_index=41297856)
Read masses: Nstars=19526, sum_current=2.850487e+10 Msun
DEBUG: sample z (first valid): [3.07030619 4.53934579 6.09648078 0.60832433 0.60580222 2.4841042
 3.07030619 5.42446819 4.80426889 1.20555967]
DEBUG: Planck15 ages (Gyr): [2.09369272 1.32236353 0.91246824 7.86376357 7.87988848 2.63590056
 2.09369272 1.05920137 1.23309842 5.11328448]
DEBUG: cosmo_colibre ages (Gyr): [2.09556898 1.32433742 0.91437568 7.85696927 7.87304817 2.63756668
 2.09556898 1.06114456 1.23506621 5.11249406]
DEBUG: us.look_back_time -> ages (Gyr): [2.09556898 1.32433743 0.91437568 7.85696927 7.87304817 2.63756668
 2.09556898 1.06114457 1.23506622 5.11249406]
[82/100] subhalo 110895 done; total_formed=4.655e+00
Building SWIFTGalaxy for subhalo 1087879 (soap_index=41313605)
Read masses: Nstars=20256, sum_current=3.006471e+10 Msun
DEBUG: sample z (first valid): [0.48661646 0.99634458 1.48355313 1.18453333 1.41384899 0.53379517
 0.75624397 0.3719645  1.02184241 0.7161412 ]
DEBUG: Planck15 ages (Gyr): [8.70256098 5.87741144 4.31848139 5.18276878 4.49820176 8.36215302
 6.99923354 9.62088597 5.77495942 7.21870184]
DEBUG: cosmo_colibre ages (Gyr): [8.69320735 5.87531776 4.31876227 5.18187111 4.49826501 8.35387866
 6.99472095 9.60834985 5.77305645 7.2136445 ]
DEBUG: us.look_back_time -> ages (Gyr): [8.69320735 5.87531776 4.31876227 5.18187111 4.49826502 8.35387866
 6.99472095 9.60834985 5.77305645 7.2136445 ]
[83/100] subhalo 1087879 done; total_formed=4.897e+00
Building SWIFTGalaxy for subhalo 2113016 (soap_index=41317101)
Read masses: Nstars=170353, sum_current=2.224301e+11 Msun
DEBUG: sample z (first valid): [0.95443159 0.93870548 3.69926861 3.7569137  3.43950684 3.83981981
 1.86008554 1.31216483 0.90933458 3.94387447]
DEBUG: Planck15 ages (Gyr): [6.05212976 6.11979056 1.69055703 1.66009565 1.84005243 1.61785129
 3.52099892 4.78277184 6.24936304 1.56729723]
DEBUG: cosmo_colibre ages (Gyr): [6.04969929 6.11722573 1.69251572 1.66205788 1.84198815 1.61981778
 3.52207915 4.78246131 6.24653478 1.56926781]
DEBUG: us.look_back_time -> ages (Gyr): [6.04969929 6.11722574 1.69251572 1.66205788 1.84198816 1.61981778
 3.52207915 4.78246131 6.24653478 1.56926781]
[84/100] subhalo 2113016 done; total_formed=3.717e+01
Building SWIFTGalaxy for subhalo 112670 (soap_index=41362542)
Read masses: Nstars=16722, sum_current=2.130596e+10 Msun
DEBUG: sample z (first valid): [3.66116643 5.51969757 4.44997921 5.12543228 2.87466004 5.24449738
 2.34094617 5.1937435  1.77577298 2.46531303]
DEBUG: Planck15 ages (Gyr): [1.71120309 1.03610536 1.35492002 1.13758642 2.25248816 1.10525693
 2.80408898 1.11884908 3.67761706 2.65702003]
DEBUG: cosmo_colibre ages (Gyr): [1.71315916 1.03804391 1.35689512 1.13954291 2.25431447 1.10720839
 2.80566717 1.12080273 3.67856122 2.6586757 ]
DEBUG: us.look_back_time -> ages (Gyr): [1.71315916 1.03804391 1.35689513 1.13954291 2.25431448 1.1072084
 2.80566717 1.12080274 3.67856122 2.6586757 ]
[85/100] subhalo 112670 done; total_formed=3.576e+00
Building SWIFTGalaxy for subhalo 3508002 (soap_index=41379876)
Read masses: Nstars=26787, sum_current=3.624318e+10 Msun
DEBUG: sample z (first valid): [0.52253508 0.58559954 3.8248546  0.5895993  2.45107952 0.41375442
 0.26820961 0.37127553 0.30207423 0.31873793]
DEBUG: Planck15 ages (Gyr): [ 8.4415646   8.01087568  1.62534418  7.9846827   2.67320285  9.27025841
 10.5799998   9.62682892 10.25222591 10.0963276 ]
DEBUG: cosmo_colibre ages (Gyr): [ 8.4330434   8.00365696  1.62730997  7.97754031  2.6748504   9.25898343
 10.56373333  9.61427094 10.23727956 10.0819928 ]
DEBUG: us.look_back_time -> ages (Gyr): [ 8.4330434   8.00365696  1.62730997  7.97754031  2.6748504   9.25898343
 10.56373333  9.61427094 10.23727956 10.0819928 ]
[86/100] subhalo 3508002 done; total_formed=6.001e+00
Building SWIFTGalaxy for subhalo 29863 (soap_index=41389685)
Read masses: Nstars=23371, sum_current=3.194003e+10 Msun
DEBUG: sample z (first valid): [0.42966841 4.79246951 4.52813159 4.47227789 3.14339002 1.12420589
 3.8248546  0.03617506 0.45158147 2.90653314]
DEBUG: Planck15 ages (Gyr): [ 9.14167577  1.23685924  1.32637732  1.34667298  2.03905923  5.39066848
  1.62534418 13.2889754   8.96889687  2.22528781]
DEBUG: cosmo_colibre ages (Gyr): [ 9.13084913  1.23882738  1.32835139  1.34864783  2.04095043  5.38943659
  1.62730997 13.26016125  8.95866058  2.22712337]
DEBUG: us.look_back_time -> ages (Gyr): [ 9.13084913  1.23882738  1.32835139  1.34864783  2.04095043  5.38943659
  1.62730997 13.26016125  8.95866058  2.22712337]
[87/100] subhalo 29863 done; total_formed=5.319e+00
Building SWIFTGalaxy for subhalo 2116306 (soap_index=41397316)
Read masses: Nstars=93236, sum_current=1.202482e+11 Msun
DEBUG: sample z (first valid): [4.94754515 3.78574558 6.19859402 7.33155352 1.55401403 6.15458515
 2.37849263 0.56008379 0.63971177 4.59610622]
DEBUG: Planck15 ages (Gyr): [1.18890485 1.64519936 0.89312697 0.71724334 4.14827127 0.90137836
 2.75830718 8.18106026 7.66720395 1.30235342]
DEBUG: cosmo_colibre ages (Gyr): [1.19086805 1.64716318 0.89502852 0.71907645 4.14874532 0.90328246
 2.75991037 8.17333752 7.66096036 1.30432631]
DEBUG: us.look_back_time -> ages (Gyr): [1.19086806 1.64716319 0.89502852 0.71907645 4.14874532 0.90328246
 2.75991038 8.17333752 7.66096036 1.30432632]
[88/100] subhalo 2116306 done; total_formed=2.021e+01
Building SWIFTGalaxy for subhalo 530666 (soap_index=41440484)
Read masses: Nstars=29999, sum_current=4.177010e+10 Msun
DEBUG: sample z (first valid): [4.36213386 5.58322451 5.18147519 4.40592263 4.09175666 0.33289945
 1.34308187 6.76033156 1.64236755 3.31498551]
DEBUG: Planck15 ages (Gyr): [1.3882391  1.02115923 1.12217629 1.37146253 1.49981926 9.96653673
 4.69326547 0.79792282 3.94966621 1.91964929]
DEBUG: cosmo_colibre ages (Gyr): [1.3902149  1.02309458 1.12413046 1.37343804 1.50179353 9.95270293
 4.69307641 0.79979087 3.95034998 1.92156908]
DEBUG: us.look_back_time -> ages (Gyr): [1.3902149  1.02309458 1.12413046 1.37343804 1.50179354 9.95270293
 4.69307641 0.79979087 3.95034998 1.92156909]
[89/100] subhalo 530666 done; total_formed=6.968e+00
Building SWIFTGalaxy for subhalo 3491428 (soap_index=41510723)
Read masses: Nstars=65610, sum_current=8.647301e+10 Msun
DEBUG: sample z (first valid): [3.5212832  6.89495242 0.41229204 4.18030195 3.37694517 0.53797052
 5.32098765 3.93159756 8.78149254 0.99658786]
DEBUG: Planck15 ages (Gyr): [1.79070162 0.7775936  9.282208   1.46168724 1.87934652 8.33299083
 1.08528391 1.5731248  0.56366554 5.87642049]
DEBUG: cosmo_colibre ages (Gyr): [1.79264593 0.77945345 9.27089096 1.46366269 1.88127469 8.32480636
 1.08723195 1.57509496 0.56541138 5.87432867]
DEBUG: us.look_back_time -> ages (Gyr): [1.79264594 0.77945345 9.27089096 1.46366269 1.8812747  8.32480636
 1.08723195 1.57509496 0.56541139 5.87432868]
[90/100] subhalo 3491428 done; total_formed=1.453e+01
Building SWIFTGalaxy for subhalo 553564 (soap_index=41551446)
Read masses: Nstars=77889, sum_current=1.050231e+11 Msun
DEBUG: sample z (first valid): [5.55622249 3.69926861 2.33822331 0.29980167 1.05313283 3.92381668
 1.73796791 0.77028633 4.48602043 4.08661906]
DEBUG: Planck15 ages (Gyr): [ 1.02746802  1.69055703  2.80745749 10.27375775  5.65302049  1.57683682
  3.75155279  6.92480139  1.34163176  1.5020823 ]
DEBUG: cosmo_colibre ages (Gyr): [ 1.02940474  1.69251572  2.80903381 10.2587261   5.651338    1.57880671
  3.75242922  6.92046822  1.34360644  1.50405647]
DEBUG: us.look_back_time -> ages (Gyr): [ 1.02940474  1.69251572  2.80903381 10.2587261   5.651338    1.57880671
  3.75242922  6.92046822  1.34360644  1.50405648]
[91/100] subhalo 553564 done; total_formed=1.749e+01
Building SWIFTGalaxy for subhalo 33099 (soap_index=41605885)
Read masses: Nstars=196206, sum_current=2.570498e+11 Msun
DEBUG: sample z (first valid): [0.98041823 1.72680369 3.44402251 1.0920641  5.9682084  0.96004307
 0.83245722 0.76933045 0.78416639 0.72845237]
DEBUG: Planck15 ages (Gyr): [5.94285971 3.77384892 1.83726885 5.50687967 0.93776923 6.0282695
 6.60948348 6.92982934 6.85242046 7.15021685]
DEBUG: cosmo_colibre ages (Gyr): [5.94064158 3.77470449 1.83920508 5.50545217 0.93968393 6.02588589
 6.60588043 6.92548413 6.84825916 7.14533203]
DEBUG: us.look_back_time -> ages (Gyr): [5.94064158 3.77470449 1.83920509 5.50545217 0.93968393 6.02588589
 6.60588043 6.92548414 6.84825916 7.14533203]
[92/100] subhalo 33099 done; total_formed=4.296e+01
Building SWIFTGalaxy for subhalo 551597 (soap_index=41634985)
Read masses: Nstars=21375, sum_current=2.863516e+10 Msun
DEBUG: sample z (first valid): [0.78923228 5.54313099 7.48527222 4.08898897 7.34853503 2.92431138
 5.86960168 6.34626163 7.         3.8248546 ]
DEBUG: Planck15 ages (Gyr): [6.82629333 1.03055007 0.69782575 1.50103768 0.71505437 2.21035042
 0.95802201 0.86633694 0.76232083 1.62534418]
DEBUG: cosmo_colibre ages (Gyr): [6.82219345 1.03248745 0.69964943 1.50301191 0.71688643 2.21219093
 0.95994218 0.86822983 0.76417426 1.62730997]
DEBUG: us.look_back_time -> ages (Gyr): [6.82219345 1.03248745 0.69964943 1.50301191 0.71688644 2.21219094
 0.95994218 0.86822984 0.76417426 1.62730997]
[93/100] subhalo 551597 done; total_formed=4.735e+00
Building SWIFTGalaxy for subhalo 3520 (soap_index=41650070)
Read masses: Nstars=19980, sum_current=2.796730e+10 Msun
DEBUG: sample z (first valid): [4.95944348 2.03070662 9.89271171 0.17397535 0.33998528 0.16570615
 0.11251443 0.19504012 0.19504012 0.17608212]
DEBUG: Planck15 ages (Gyr): [ 1.18535326  3.23540264  0.47950685 11.57572426  9.90250664 11.66942677
 12.29875828 11.34182695 11.34182695 11.55202293]
DEBUG: cosmo_colibre ages (Gyr): [ 1.18731604  3.2367055   0.48118995 11.55517238  9.88891727 11.6484511
 12.27484938 11.32231786 11.32231786 11.5315777 ]
DEBUG: us.look_back_time -> ages (Gyr): [ 1.18731605  3.2367055   0.48118995 11.55517238  9.88891727 11.6484511
 12.27484938 11.32231786 11.32231786 11.5315777 ]
[94/100] subhalo 3520 done; total_formed=4.581e+00
Building SWIFTGalaxy for subhalo 263438 (soap_index=41768503)
Read masses: Nstars=58591, sum_current=7.919334e+10 Msun
DEBUG: sample z (first valid): [3.24978925 1.09099611 3.25420318 1.19934224 0.63627285 0.11251443
 5.50352287 1.33573312 0.40082079 3.24538447]
DEBUG: Planck15 ages (Gyr): [ 1.96362341  5.51080887  1.96059392  5.13367596  7.68837408 12.29875828
  1.03996892  4.71429635  9.37673653  1.96665435]
DEBUG: cosmo_colibre ages (Gyr): [ 1.96553333  5.50937464  1.96250454  5.13285429  7.68207208 12.27484938
  1.04190827  4.71407907  9.36508451  1.96856355]
DEBUG: us.look_back_time -> ages (Gyr): [ 1.96553333  5.50937464  1.96250454  5.13285429  7.68207208 12.27484938
  1.04190828  4.71407907  9.36508451  1.96856355]
[95/100] subhalo 263438 done; total_formed=1.321e+01
Building SWIFTGalaxy for subhalo 1148673 (soap_index=41798662)
Read masses: Nstars=34091, sum_current=4.869403e+10 Msun
DEBUG: sample z (first valid): [1.77436288 3.59547016 6.07502969 1.79996582 0.11531654 7.65961945
 0.0537012  4.05561984 0.15534871 0.10151943]
DEBUG: Planck15 ages (Gyr): [ 3.6803322   1.74779636  0.91661985  3.63153563 12.26441864  0.67683847
 13.05197311  1.5158579  11.78832386 12.43482298]
DEBUG: cosmo_colibre ages (Gyr): [ 3.68127391  1.74974734  0.91852851  3.63252086 12.2406736   0.67865149
 13.02436379  1.51783148 11.76680554 12.41026053]
DEBUG: us.look_back_time -> ages (Gyr): [ 3.68127392  1.74974734  0.91852851  3.63252087 12.2406736   0.67865149
 13.02436379  1.51783148 11.76680554 12.41026053]
[96/100] subhalo 1148673 done; total_formed=7.977e+00
Building SWIFTGalaxy for subhalo 266450 (soap_index=41863902)
Read masses: Nstars=429458, sum_current=5.481834e+11 Msun
DEBUG: sample z (first valid): [1.22351903 2.96227328 1.90547969 3.97426945 3.94648653 4.85142857
 0.89783389 1.76034033 2.23092092 4.02499617]
DEBUG: Planck15 ages (Gyr): [5.0551003  2.17900266 3.44111513 1.55302233 1.56606196 1.21825501
 6.30126818 3.70751074 2.9456825  1.52967345]
DEBUG: cosmo_colibre ages (Gyr): [5.05439797 2.18085329 3.44226093 1.55499386 1.56803263 1.22022138
 6.29833212 3.70842779 2.94717826 1.53164634]
DEBUG: us.look_back_time -> ages (Gyr): [5.05439797 2.1808533  3.44226093 1.55499386 1.56803263 1.22022139
 6.29833212 3.70842779 2.94717827 1.53164635]
[97/100] subhalo 266450 done; total_formed=9.162e+01
Building SWIFTGalaxy for subhalo 566326 (soap_index=41863914)
Read masses: Nstars=5341, sum_current=7.268186e+09 Msun
DEBUG: sample z (first valid): [1.28364346 1.55980002 1.70765163 1.36131729 1.13792653 1.54666978
 1.48505991 1.47810633 1.01550006 1.55182618]
DEBUG: Planck15 ages (Gyr): [4.86778682 4.13477609 3.81260157 4.64172255 5.3422375  4.16550356
 4.3147245  4.33210605 5.80017986 4.15339271]
DEBUG: cosmo_colibre ages (Gyr): [4.86735759 4.13526492 3.81342037 4.6416018  5.34108526 4.16595862
 4.31500977 4.33237092 5.79823041 4.15386113]
DEBUG: us.look_back_time -> ages (Gyr): [4.8673576  4.13526492 3.81342038 4.64160181 5.34108526 4.16595862
 4.31500977 4.33237093 5.79823041 4.15386113]
[98/100] subhalo 566326 done; total_formed=1.206e+00
Building SWIFTGalaxy for subhalo 38018 (soap_index=41896615)
Read masses: Nstars=536077, sum_current=6.632140e+11 Msun
DEBUG: sample z (first valid): [1.20778871 4.05679012 4.06578032 5.14380801 4.16967737 2.09921498
 5.65002537 0.18116935 0.12388531 0.11025276]
DEBUG: Planck15 ages (Gyr): [ 5.10600518  1.51533405  1.51131974  1.13249512  1.46617741  3.13121143
  1.00582526 11.49507589 12.16024752 12.32657413]
DEBUG: cosmo_colibre ages (Gyr): [ 5.10522586  1.51730765  1.51329352  1.13445086  1.46815276  3.13258745
  1.00775717 11.47488601 12.13699694 12.30253217]
DEBUG: us.look_back_time -> ages (Gyr): [ 5.10522587  1.51730765  1.51329353  1.13445086  1.46815276  3.13258745
  1.00775718 11.47488601 12.13699694 12.30253217]
[99/100] subhalo 38018 done; total_formed=1.110e+02
Building SWIFTGalaxy for subhalo 273093 (soap_index=41896630)
Read masses: Nstars=49548, sum_current=7.023512e+10 Msun
DEBUG: sample z (first valid): [0.45635556 1.63662697 1.76523207 2.50422415 2.01231844 7.74746396
 1.12765405 1.12365522 0.68976898 3.53066021]
DEBUG: Planck15 ages (Gyr): [8.93189696 3.96209932 3.69799266 2.61359179 3.2643348  0.6666583
 5.37843201 5.39262672 7.36882816 1.78518278]
DEBUG: cosmo_colibre ages (Gyr): [8.92178529 3.96277045 3.69891838 2.61526876 3.26561658 0.66846596
 5.37722035 5.39139158 7.36338466 1.787128  ]
DEBUG: us.look_back_time -> ages (Gyr): [8.92178529 3.96277046 3.69891838 2.61526876 3.26561659 0.66846596
 5.37722035 5.39139158 7.36338466 1.787128  ]
[100/100] subhalo 273093 done; total_formed=1.172e+01
All halos processed. Writing CSV.
Wrote relicness_extras_1300_1400.csv (100 rows) in 6591.0s
