Task 4: rendering galaxies 40 to 49
Using PARTRIDGE at: /home/mzemsch/COLIBRE-analysis/PARTRIDGE
Found 267 relic IDs in z0_relics_trackids.csv using column 'track_id'
Rendering IDs in range [40, 50) -> 10 galaxies
[1/10] Halo 1699510 already rendered, skipping.
[2/10] Halo 884395 already rendered, skipping.
[3/10] Halo 1415 already rendered, skipping.
[4/10] Halo 503453 already rendered, skipping.
[5/10] Halo 9952 already rendered, skipping.
[6/10] Halo 12172 already rendered, skipping.
[7/10] Halo 423945 already rendered, skipping.
[8/10] Halo 415381 already rendered, skipping.
[9/10] Rendering halo 8411
Calculating stellar luminosities from FSPS tables.
Luminosity generation for all bands done. Time taken: 20.406 s (read-in time: 19.789 s).
Loaded in and pre-processed the data. Total pre-processing time taken: 218.046 s.
Generated star smoothing lengths. Time taken: 3.518 s.
Rendered the stars onto the grid. Time taken: 243.809 s.
Rendered the dust onto the grid. Time taken: 123.329 s.
Computed the projected luminosity maps. Total time taken: 373.991 s.
Created the RGB image.
Created the RGB image.
Done! Total time taken: 595.619 s.
[10/10] Halo 80976 already rendered, skipping.
Done.
