Starting pure-swift relicness script
Loaded SOAP mapping for 91142867 halos
Batch mode: processing 100 halos (slice 300:400)
Building SWIFTGalaxy for subhalo 843993 (soap_index=9432015)
Read masses: Nstars=68377, sum_current=9.225338e+10 Msun
DEBUG: sample z (first valid): [2.47929497 0.99756157 2.35119656 2.85505882 1.20659933 0.9673391
 1.78852864 1.10064748 6.41693074 1.4685852 ]
DEBUG: Planck15 ages (Gyr): [2.64127935 5.87245686 2.79146723 2.26948919 5.10988726 5.99746592
 3.65320307 5.47546104 0.85398489 4.35608897]
DEBUG: cosmo_colibre ages (Gyr): [2.64294282 5.87037252 2.79305239 2.27130958 5.10910202 5.99514239
 3.6541691  5.47408705 0.8558736  4.35632547]
DEBUG: us.look_back_time -> ages (Gyr): [2.64294282 5.87037252 2.79305239 2.27130959 5.10910202 5.99514239
 3.6541691  5.47408705 0.85587361 4.35632548]
[1/100] subhalo 843993 done; total_formed=1.530e+01
Building SWIFTGalaxy for subhalo 78563 (soap_index=9448117)
Read masses: Nstars=95966, sum_current=1.260300e+11 Msun
DEBUG: sample z (first valid): [4.38947368 0.10070541 0.01379865 3.07663598 0.94054246 1.12420589
 0.92979976 0.00713056 4.97138952 0.05424361]
DEBUG: Planck15 ages (Gyr): [ 1.3777249  12.44498108 13.60043401  2.08886576  6.1118262   5.39066848
  6.15863266 13.69522463  1.18180511 13.04473324]
DEBUG: cosmo_colibre ages (Gyr): [ 1.37970054 12.42036957 13.57000839  2.09074339  6.1092773   5.38943659
  6.15598971 13.66430238  1.18376747 13.01716043]
DEBUG: us.look_back_time -> ages (Gyr): [ 1.37970054 12.42036957 13.57000839  2.09074339  6.10927731  5.38943659
  6.15598971 13.66430238  1.18376747 13.01716043]
[2/100] subhalo 78563 done; total_formed=2.095e+01
Building SWIFTGalaxy for subhalo 76455 (soap_index=9504002)
Read masses: Nstars=30433, sum_current=3.992256e+10 Msun
DEBUG: sample z (first valid): [1.59056052 1.59056052 0.32481604 4.56191123 6.25678219 6.50440857
 2.73765256 0.4325435  3.01888759 0.72155091]
DEBUG: Planck15 ages (Gyr): [ 4.06420572  4.06420572 10.04032145  1.3143477   0.88240814  0.83909543
  2.37590278  9.1187269   2.13359551  7.18848526]
DEBUG: cosmo_colibre ages (Gyr): [ 4.06477058  4.06477058 10.02620375  1.31632122  0.8843063   0.84097892
  2.37768362  9.10797947  2.13546013  7.18350432]
DEBUG: us.look_back_time -> ages (Gyr): [ 4.06477058  4.06477058 10.02620375  1.31632122  0.8843063   0.84097893
  2.37768362  9.10797947  2.13546013  7.18350432]
[3/100] subhalo 76455 done; total_formed=6.694e+00
Building SWIFTGalaxy for subhalo 80235 (soap_index=9555020)
Read masses: Nstars=47850, sum_current=6.468477e+10 Msun
DEBUG: sample z (first valid): [3.25199507 6.88071188 1.9667723  2.36116525 2.88983856 2.80183316
 3.72331532 4.16967737 4.38947368 3.69220305]
DEBUG: Planck15 ages (Gyr): [1.96210849 0.77970315 3.33784434 2.77928152 2.23946691 2.31673736
 1.6777384  1.46617741 1.3777249  1.69435433]
DEBUG: cosmo_colibre ages (Gyr): [1.96401876 0.78156388 3.3390711  2.78087336 2.24129768 2.31854073
 1.67969864 1.46815276 1.37970054 1.69631255]
DEBUG: us.look_back_time -> ages (Gyr): [1.96401876 0.78156388 3.3390711  2.78087336 2.24129768 2.31854073
 1.67969864 1.46815276 1.37970054 1.69631255]
[4/100] subhalo 80235 done; total_formed=1.083e+01
Building SWIFTGalaxy for subhalo 189169 (soap_index=9555040)
Read masses: Nstars=76704, sum_current=1.033673e+11 Msun
DEBUG: sample z (first valid): [1.59199494 4.38416037 0.90157846 0.85865003 0.7084463  1.33390313
 0.42966841 1.03401614 1.15536407 1.40852628]
DEBUG: Planck15 ages (Gyr): [4.06096243 1.37975791 6.28429462 6.48324588 7.26201884 4.71955693
 9.14167577 5.72703092 5.28167411 4.51241771]
DEBUG: cosmo_colibre ages (Gyr): [4.06153074 1.38173358 6.28139395 6.47992157 7.25685121 4.71933256
 9.13084913 5.72521545 5.28061994 4.51246315]
DEBUG: us.look_back_time -> ages (Gyr): [4.06153074 1.38173358 6.28139395 6.47992157 7.25685121 4.71933256
 9.13084913 5.72521545 5.28061995 4.51246315]
[5/100] subhalo 189169 done; total_formed=1.713e+01
Building SWIFTGalaxy for subhalo 1649585 (soap_index=9572603)
Read masses: Nstars=19784, sum_current=2.661925e+10 Msun
DEBUG: sample z (first valid): [9.41659382 4.97138952 5.37261766 5.69076059 5.65678009 0.99756157
 3.83232562 5.26958768 5.10659709 2.50048072]
DEBUG: Planck15 ages (Gyr): [0.51282418 1.18180511 1.07213871 0.99666131 1.00429603 5.87245686
 1.62159636 1.09863857 1.14284459 2.61771892]
DEBUG: cosmo_colibre ages (Gyr): [0.51453363 1.18376747 1.07408437 0.9985911  1.0062276  5.87037252
 1.62356251 1.10058892 1.14480183 2.61939389]
DEBUG: us.look_back_time -> ages (Gyr): [0.51453363 1.18376747 1.07408437 0.99859111 1.0062276  5.87037252
 1.62356251 1.10058893 1.14480183 2.61939389]
[6/100] subhalo 1649585 done; total_formed=4.461e+00
Building SWIFTGalaxy for subhalo 4427819 (soap_index=9594097)
Read masses: Nstars=39350, sum_current=5.610989e+10 Msun
DEBUG: sample z (first valid): [5.01137406 0.85402286 0.86861314 6.55806712 1.51288344 1.63705134
 0.97635706 0.93572779 1.72136866 0.8938851 ]
DEBUG: Planck15 ages (Gyr): [1.17005644 6.50527341 6.43620799 0.83017444 4.24628602 3.96117804
 5.9597317  6.13273502 3.78478115 6.31924494]
DEBUG: cosmo_colibre ages (Gyr): [1.17201735 6.50190102 6.43298557 0.83205471 4.24665036 3.96185011
 5.95748116 6.13014424 3.78562641 6.31627124]
DEBUG: us.look_back_time -> ages (Gyr): [1.17201735 6.50190103 6.43298557 0.83205471 4.24665036 3.96185011
 5.95748116 6.13014424 3.78562641 6.31627124]
[7/100] subhalo 4427819 done; total_formed=9.211e+00
Building SWIFTGalaxy for subhalo 195032 (soap_index=9612017)
Read masses: Nstars=42736, sum_current=6.086293e+10 Msun
DEBUG: sample z (first valid): [7.0083094  4.0350338  6.85520796 3.73765633 3.42601472 4.38416037
 2.50048072 0.45817017 6.5268175  0.43429922]
DEBUG: Planck15 ages (Gyr): [0.76113403 1.52512216 0.7835051  1.67017003 1.84841103 1.37975791
 2.61771892 8.91789286 0.83535055 9.10475468]
DEBUG: cosmo_colibre ages (Gyr): [0.76298696 1.52709529 0.78536738 1.67213114 1.8503452  1.38173358
 2.61939389 8.90782818 0.8372327  9.09405535]
DEBUG: us.look_back_time -> ages (Gyr): [0.76298696 1.52709529 0.78536738 1.67213114 1.8503452  1.38173358
 2.61939389 8.90782818 0.83723271 9.09405536]
[8/100] subhalo 195032 done; total_formed=9.882e+00
Building SWIFTGalaxy for subhalo 190520 (soap_index=9642672)
Read masses: Nstars=52019, sum_current=7.408874e+10 Msun
DEBUG: sample z (first valid): [5.66354855 0.42457178 0.31672426 1.28523607 0.99464329 1.69318649
 2.13269598 0.40659341 2.85505882 1.12145539]
DEBUG: Planck15 ages (Gyr): [ 1.00276756  9.18256742 10.11498264  4.86297625  5.88434873  3.84230009
  3.08227074  9.32899095  2.26948919  5.40046075]
DEBUG: cosmo_colibre ages (Gyr): [ 1.00469878  9.17159902 10.10057523  4.86255383  5.88224195  3.8430903
  3.08367965  9.31750864  2.27130958  5.39921262]
DEBUG: us.look_back_time -> ages (Gyr): [ 1.00469878  9.17159902 10.10057523  4.86255383  5.88224195  3.84309031
  3.08367965  9.31750864  2.27130959  5.39921262]
[9/100] subhalo 190520 done; total_formed=1.230e+01
Building SWIFTGalaxy for subhalo 190829 (soap_index=9646866)
Read masses: Nstars=32833, sum_current=4.220391e+10 Msun
DEBUG: sample z (first valid): [1.65306453 1.93383472 2.28698967 6.61957912 3.63348416 2.38512397
 4.99597438 1.96060716 1.67624959 3.8348211 ]
DEBUG: Planck15 ages (Gyr): [3.92666613 3.39270234 2.87209856 0.8201401  1.72646625 2.75034876
 1.17455828 3.348002   3.87755253 1.6203477 ]
DEBUG: cosmo_colibre ages (Gyr): [3.92737311 3.39388662 2.87363812 0.82201667 1.72842027 2.75195622
 1.17651975 3.34922097 3.87830833 1.62231396]
DEBUG: us.look_back_time -> ages (Gyr): [3.92737311 3.39388662 2.87363813 0.82201668 1.72842027 2.75195622
 1.17651976 3.34922098 3.87830833 1.62231397]
[10/100] subhalo 190829 done; total_formed=7.102e+00
Building SWIFTGalaxy for subhalo 10448763 (soap_index=9758559)
Read masses: Nstars=11473, sum_current=1.588332e+10 Msun
DEBUG: sample z (first valid): [0.73688116 3.46035527 2.39740798 0.58376027 3.31384939 1.31069741
 3.76175252 3.20695853 0.38882767 0.44709415]
DEBUG: Planck15 ages (Gyr): [7.10390163 1.82725883 2.73570564 8.0229639  1.92040161 4.7870878
 1.65758005 1.99342652 9.47708979 9.0038819 ]
DEBUG: cosmo_colibre ages (Gyr): [7.09913217 1.82919687 2.73732088 8.01570983 1.92232124 4.78677133
 1.65954256 1.9953293  9.46507766 8.9935272 ]
DEBUG: us.look_back_time -> ages (Gyr): [7.09913217 1.82919688 2.73732088 8.01570983 1.92232125 4.78677133
 1.65954256 1.99532931 9.46507767 8.9935272 ]
[11/100] subhalo 10448763 done; total_formed=2.621e+00
Building SWIFTGalaxy for subhalo 3187952 (soap_index=9768725)
Read masses: Nstars=35964, sum_current=4.628956e+10 Msun
DEBUG: sample z (first valid): [0.54434914 0.93870548 2.9863747  5.40500391 0.64464967 2.38862461
 4.243719   7.23058085 7.03235691 8.6433196 ]
DEBUG: Planck15 ages (Gyr): [8.28873408 6.11979056 2.15947915 1.0640274  7.63696058 2.74616274
 1.43535363 0.7304923  0.75771668 0.57584285]
DEBUG: cosmo_colibre ages (Gyr): [8.28068525 6.11722573 2.1613359  1.06597152 7.63080006 2.74777244
 1.43732949 0.7323316  0.75956813 0.57759678]
DEBUG: us.look_back_time -> ages (Gyr): [8.28068525 6.11722574 2.1613359  1.06597153 7.63080006 2.74777244
 1.4373295  0.73233161 0.75956814 0.57759678]
[12/100] subhalo 3187952 done; total_formed=7.764e+00
Building SWIFTGalaxy for subhalo 81720 (soap_index=9783710)
Read masses: Nstars=101805, sum_current=1.317362e+11 Msun
DEBUG: sample z (first valid): [6.11111111 0.83986524 0.99853623 3.18145856 0.94862036 1.14914409
 2.16599034 4.21202481 1.12737778 5.1686747 ]
DEBUG: Planck15 ages (Gyr): [0.9096546  6.57339629 5.86849357 2.0115271  6.07699542 5.30315173
 3.03483139 1.44841526 5.37941077 1.12566538]
DEBUG: cosmo_colibre ages (Gyr): [0.9115612  6.56987371 5.86641669 2.01342539 6.07451583 5.30206298
 3.03627128 1.45039096 5.37819749 1.12762009]
DEBUG: us.look_back_time -> ages (Gyr): [0.9115612  6.56987371 5.86641669 2.01342539 6.07451583 5.30206298
 3.03627129 1.45039096 5.37819749 1.12762009]
[13/100] subhalo 81720 done; total_formed=2.204e+01
Building SWIFTGalaxy for subhalo 81597 (soap_index=9788966)
Read masses: Nstars=26098, sum_current=3.666504e+10 Msun
DEBUG: sample z (first valid): [3.1607517  6.39850982 5.28702993 1.40834926 1.70273837 1.48129638
 2.02204187 1.95846876 2.49264549 3.29490792]
DEBUG: Planck15 ages (Gyr): [2.0264261  0.8571763  1.0940763  4.51289174 3.82264718 4.32411806
 3.24898348 3.35153698 2.62639199 1.93301655]
DEBUG: cosmo_colibre ages (Gyr): [2.02832059 0.85906611 1.09602588 4.51293658 3.82345636 4.32439233
 3.25027649 3.35275324 2.62806276 1.93493342]
DEBUG: us.look_back_time -> ages (Gyr): [2.0283206  0.85906611 1.09602588 4.51293658 3.82345636 4.32439233
 3.25027649 3.35275325 2.62806276 1.93493342]
[14/100] subhalo 81597 done; total_formed=6.142e+00
Building SWIFTGalaxy for subhalo 14344 (soap_index=9868588)
Read masses: Nstars=27725, sum_current=3.862245e+10 Msun
DEBUG: sample z (first valid): [6.07502969 1.91659991 1.54074591 2.16660224 1.2167501  0.96521531
 2.05216095 1.14127949 0.7188418  2.43516092]
DEBUG: Planck15 ages (Gyr): [0.91661985 3.42199536 4.17948739 3.03397072 5.07690585 6.00640702
 3.20217183 5.330507   7.20359305 2.69149417]
DEBUG: cosmo_colibre ages (Gyr): [0.91852851 3.42315647 4.17992694 3.03541117 5.07617069 6.0040661
 3.20349848 5.32937388 7.19857397 2.69313242]
DEBUG: us.look_back_time -> ages (Gyr): [0.91852851 3.42315647 4.17992695 3.03541117 5.07617069 6.0040661
 3.20349849 5.32937388 7.19857397 2.69313242]
[15/100] subhalo 14344 done; total_formed=6.431e+00
Building SWIFTGalaxy for subhalo 10499778 (soap_index=9907146)
Read masses: Nstars=40179, sum_current=5.231490e+10 Msun
DEBUG: sample z (first valid): [0.19504012 4.06069498 1.35351577 0.25730949 0.35472135 1.28986723
 1.43140165 0.50560559 0.0382763  0.57599077]
DEBUG: Planck15 ages (Gyr): [11.34182695  1.51358828  4.66366232 10.68872954  9.77125682  4.8490306
  4.45182771  8.56310133 13.26024351  8.07433233]
DEBUG: cosmo_colibre ages (Gyr): [11.32231786  1.51556196  4.66351263 10.67201502  9.75816274  4.84862784
  4.45194848  8.55419652 13.23157642  8.06692731]
DEBUG: us.look_back_time -> ages (Gyr): [11.32231786  1.51556196  4.66351263 10.67201503  9.75816274  4.84862785
  4.45194848  8.55419652 13.23157642  8.06692731]
[16/100] subhalo 10499778 done; total_formed=8.720e+00
Building SWIFTGalaxy for subhalo 200837 (soap_index=9963608)
Read masses: Nstars=43878, sum_current=5.960139e+10 Msun
DEBUG: sample z (first valid): [5.29548511 1.80692136 3.6305377  3.23031242 1.25986207 5.78637258
 2.39811262 0.33084234 4.59610622 2.77772654]
DEBUG: Planck15 ages (Gyr): [1.09187604 3.61846043 1.72810411 1.97708414 4.94053264 0.97568859
 2.73486956 9.98523868 1.30235342 2.33867268]
DEBUG: cosmo_colibre ages (Gyr): [1.09382523 3.61945716 1.7300579  1.97899088 4.93999925 0.97761329
 2.73648525 9.97133315 1.30432631 2.34046785]
DEBUG: us.look_back_time -> ages (Gyr): [1.09382524 3.61945717 1.73005791 1.97899088 4.93999925 0.97761329
 2.73648525 9.97133315 1.30432632 2.34046785]
[17/100] subhalo 200837 done; total_formed=9.928e+00
Building SWIFTGalaxy for subhalo 85887 (soap_index=10004786)
Read masses: Nstars=92195, sum_current=1.193420e+11 Msun
DEBUG: sample z (first valid): [1.65866126 7.67681716 7.45953272 4.78684327 5.1686747  3.09114177
 0.15747086 1.60912493 3.66581233 1.91297004]
DEBUG: Planck15 ages (Gyr): [ 3.91471857  0.67482519  0.70101582  1.2386592   1.12566538  2.07787302
 11.76382285  4.0225516   1.70866337  3.42821739]
DEBUG: cosmo_colibre ages (Gyr): [ 3.91543752  0.67663716  0.70284108  1.2406275   1.12762009  2.07975373
 11.74241679  4.02316035  1.71061977  3.42937353]
DEBUG: us.look_back_time -> ages (Gyr): [ 3.91543752  0.67663716  0.70284109  1.2406275   1.12762009  2.07975373
 11.74241679  4.02316035  1.71061977  3.42937353]
[18/100] subhalo 85887 done; total_formed=2.001e+01
Building SWIFTGalaxy for subhalo 903191 (soap_index=10025023)
Read masses: Nstars=18871, sum_current=2.399646e+10 Msun
DEBUG: sample z (first valid): [0.37726967 4.51696271 4.63024055 0.2005569  5.7181958  3.07663598
 6.5268175  4.52813159 2.43480084 1.24284736]
DEBUG: Planck15 ages (Gyr): [ 9.57530399  1.33039502  1.29056048 11.28168711  0.99056727  2.08886576
  0.83535055  1.32637732  2.6919103   4.9936493 ]
DEBUG: cosmo_colibre ages (Gyr): [ 9.56293498  1.33236926  1.29253268 11.26244262  0.99249561  2.09074339
  0.8372327   1.32835139  2.69354833  4.99303833]
DEBUG: us.look_back_time -> ages (Gyr): [ 9.56293499  1.33236927  1.29253268 11.26244262  0.99249561  2.09074339
  0.83723271  1.32835139  2.69354833  4.99303833]
[19/100] subhalo 903191 done; total_formed=4.027e+00
Building SWIFTGalaxy for subhalo 913828 (soap_index=10147004)
Read masses: Nstars=58278, sum_current=7.830168e+10 Msun
DEBUG: sample z (first valid): [1.99387848 0.76665948 0.92300469 0.95559799 3.35686744 1.13611473
 5.23795926 5.80752052 1.31559607 1.11338278]
DEBUG: Planck15 ages (Gyr): [3.29377488 6.9439086  6.18852876 6.047158   1.89225203 5.34859323
 1.10699245 0.97114864 4.77270414 5.42936382]
DEBUG: cosmo_colibre ages (Gyr): [3.29503489 6.93952963 6.18582519 6.04473731 1.89417759 5.34743059
 1.10894419 0.97307219 4.77240746 5.4280675 ]
DEBUG: us.look_back_time -> ages (Gyr): [3.29503489 6.93952963 6.18582519 6.04473731 1.89417759 5.34743059
 1.1089442  0.9730722  4.77240746 5.4280675 ]
[20/100] subhalo 913828 done; total_formed=1.305e+01
Building SWIFTGalaxy for subhalo 443636 (soap_index=10213612)
Read masses: Nstars=16065, sum_current=2.062689e+10 Msun
DEBUG: sample z (first valid): [2.69800248 5.4503937  4.09690465 5.42446819 4.34072203 1.14366087
 6.85520796 2.45471798 1.3417423  5.75907591]
DEBUG: Planck15 ages (Gyr): [2.41370975 1.05282954 1.49755732 1.05920137 1.39656682 5.32220036
 0.7835051  2.66905072 4.6970879  0.98160088]
DEBUG: cosmo_colibre ages (Gyr): [2.4154755  1.05477149 1.49953168 1.06114456 1.39854271 5.32108075
 0.78536738 2.67070036 4.69689373 0.98352704]
DEBUG: us.look_back_time -> ages (Gyr): [2.4154755  1.05477149 1.49953168 1.06114457 1.39854271 5.32108075
 0.78536738 2.67070036 4.69689373 0.98352704]
[21/100] subhalo 443636 done; total_formed=3.475e+00
Building SWIFTGalaxy for subhalo 207964 (soap_index=10263075)
Read masses: Nstars=29726, sum_current=4.450740e+10 Msun
DEBUG: sample z (first valid): [ 3.01888759  4.04550004  5.55622249  4.1909703   6.54240994  5.33381657
  2.91446661  4.89936088  0.73027775 10.57675322]
DEBUG: Planck15 ages (Gyr): [2.13359551 1.52040039 1.02746802 1.45720147 0.83276117 1.08199272
 2.21860155 1.20346989 7.14014739 0.43755256]
DEBUG: cosmo_colibre ages (Gyr): [2.13546013 1.52237375 1.02940474 1.45917701 0.83464239 1.08394017
 2.22043933 1.20543472 7.13528774 0.43919924]
DEBUG: us.look_back_time -> ages (Gyr): [2.13546013 1.52237375 1.02940474 1.45917702 0.83464239 1.08394018
 2.22043934 1.20543473 7.13528774 0.43919924]
[22/100] subhalo 207964 done; total_formed=7.324e+00
Building SWIFTGalaxy for subhalo 16258 (soap_index=10284802)
Read masses: Nstars=23905, sum_current=3.002507e+10 Msun
DEBUG: sample z (first valid): [7.29779691 4.36213386 6.46593757 5.74516262 1.8170564  1.42636061
 0.51018527 6.21285494 0.74967962 4.29198966]
DEBUG: Planck15 ages (Gyr): [0.72162791 1.3882391  0.84558995 0.98463734 3.59954483 4.46506726
 8.52996687 0.89048003 7.03445095 1.41583228]
DEBUG: cosmo_colibre ages (Gyr): [0.72346309 1.3902149  0.84747574 0.98656425 3.60055807 4.4651717
 8.52116734 0.89238075 7.02985253 1.41780824]
DEBUG: us.look_back_time -> ages (Gyr): [0.72346309 1.3902149  0.84747574 0.98656425 3.60055807 4.46517171
 8.52116734 0.89238075 7.02985253 1.41780825]
[23/100] subhalo 16258 done; total_formed=5.045e+00
Building SWIFTGalaxy for subhalo 6138445 (soap_index=10375005)
Read masses: Nstars=10811, sum_current=1.517828e+10 Msun
DEBUG: sample z (first valid): [3.96409635 6.37602701 5.78637258 0.97160048 7.39935918 5.80045657
 2.7055298  6.15458515 3.8248546  1.64920365]
DEBUG: Planck15 ages (Gyr): [1.55777603 0.86109837 0.97568859 5.97958834 0.70856887 0.97266118
 2.40645646 0.90137836 1.62534418 3.93494253]
DEBUG: cosmo_colibre ages (Gyr): [1.55974725 0.86298951 0.97761329 5.97729948 0.71039782 0.97458512
 2.40822515 0.90328246 1.62730997 3.93564118]
DEBUG: us.look_back_time -> ages (Gyr): [1.55974725 0.86298951 0.97761329 5.97729948 0.71039782 0.97458513
 2.40822515 0.90328246 1.62730997 3.93564118]
[24/100] subhalo 6138445 done; total_formed=2.513e+00
Building SWIFTGalaxy for subhalo 944125 (soap_index=10375909)
Read masses: Nstars=144190, sum_current=1.818759e+11 Msun
DEBUG: sample z (first valid): [1.63705134 2.62638336 1.50519878 2.87466004 4.31602855 2.6735426
 3.33467822 1.71595524 2.34265021 0.39095   ]
DEBUG: Planck15 ages (Gyr): [3.96117804 2.4845616  4.26501257 2.25248816 1.40627423 2.4375295
 1.90668608 3.79572102 2.80198423 9.45921632]
DEBUG: cosmo_colibre ages (Gyr): [3.96185011 2.48629762 4.26535548 2.25431447 1.40825018 2.43928547
 1.90860864 3.79655592 2.80356359 9.44726867]
DEBUG: us.look_back_time -> ages (Gyr): [3.96185011 2.48629762 4.26535548 2.25431448 1.40825018 2.43928547
 1.90860864 3.79655592 2.8035636  9.44726867]
[25/100] subhalo 944125 done; total_formed=3.047e+01
Building SWIFTGalaxy for subhalo 6174409 (soap_index=10399541)
Read masses: Nstars=41489, sum_current=5.765793e+10 Msun
DEBUG: sample z (first valid): [3.54889984e+00 4.92335503e+00 3.43950684e+00 3.57685593e+00
 3.16022345e+00 3.66847129e+00 5.86960168e+00 4.22240816e+00
 2.60501616e-01 5.09171216e-03]
DEBUG: Planck15 ages (Gyr): [ 1.77452815  1.19618019  1.84005243  1.75840063  2.02680857  1.70721263
  0.95802201  1.4441145  10.65672135 13.72439264]
DEBUG: cosmo_colibre ages (Gyr): [ 1.77647507  1.19814422  1.84198815  1.76035004  2.02870296  1.70916922
  0.95994218  1.44609026 10.64013925 13.69331701]
DEBUG: us.look_back_time -> ages (Gyr): [ 1.77647507  1.19814423  1.84198816  1.76035004  2.02870297  1.70916922
  0.95994218  1.44609026 10.64013925 13.69331701]
[26/100] subhalo 6174409 done; total_formed=9.527e+00
Building SWIFTGalaxy for subhalo 973637 (soap_index=10416861)
Read masses: Nstars=77962, sum_current=9.962339e+10 Msun
DEBUG: sample z (first valid): [1.34643752 1.77577298 1.10916581 1.61432903 0.56395571 1.31330745
 1.67210307 1.66254977 2.17242715 0.73651298]
DEBUG: Planck15 ages (Gyr): [4.68371205 3.67761706 5.44455959 4.01099855 8.15488686 4.77941549
 3.88626295 3.90645221 3.02579767 7.1059151 ]
DEBUG: cosmo_colibre ages (Gyr): [4.68353574 3.67856122 5.44323778 4.01161934 8.14724254 4.77910958
 3.88701017 3.9071794  3.02724337 7.10114065]
DEBUG: us.look_back_time -> ages (Gyr): [4.68353574 3.67856122 5.44323778 4.01161934 8.14724254 4.77910959
 3.88701017 3.90717941 3.02724337 7.10114065]
[27/100] subhalo 973637 done; total_formed=1.672e+01
Building SWIFTGalaxy for subhalo 6274526 (soap_index=10500558)
Read masses: Nstars=19668, sum_current=2.615142e+10 Msun
DEBUG: sample z (first valid): [0.12954154 0.5936193  0.24271845 0.30612245 7.18075147 9.16613666
 3.58614416 2.8240168  3.31953599 3.23687613]
DEBUG: Planck15 ages (Gyr): [12.09216994  7.95848733 10.83681743 10.2140323   0.73718124  0.53192752
  1.75309598  2.29684975  1.91664091  1.97253087]
DEBUG: cosmo_colibre ages (Gyr): [12.06924033  7.95142094 10.81948469 10.19923675  0.7390236   0.53365116
  1.75504619  2.29866039  1.91856135  1.97443869]
DEBUG: us.look_back_time -> ages (Gyr): [12.06924033  7.95142094 10.81948469 10.19923676  0.73902361  0.53365116
  1.75504619  2.29866039  1.91856136  1.97443869]
[28/100] subhalo 6274526 done; total_formed=4.369e+00
Building SWIFTGalaxy for subhalo 226249 (soap_index=10534408)
Read masses: Nstars=47698, sum_current=6.589361e+10 Msun
DEBUG: sample z (first valid): [3.44854738 0.26820961 0.26820961 0.27720611 0.63627285 0.26722871
 0.54828955 0.26948706 0.83800763 0.76856649]
DEBUG: Planck15 ages (Gyr): [ 1.83448658 10.5799998  10.5799998  10.49145899  7.68837408 10.58971882
  8.26157043 10.56736188  6.58241669  6.93385184]
DEBUG: cosmo_colibre ages (Gyr): [ 1.83642332 10.56373333 10.56373333 10.47555366  7.68207208 10.5734125
  8.25360439 10.55114717  6.57887405  6.92949699]
DEBUG: us.look_back_time -> ages (Gyr): [ 1.83642333 10.56373333 10.56373333 10.47555366  7.68207208 10.5734125
  8.25360439 10.55114717  6.57887405  6.929497  ]
[29/100] subhalo 226249 done; total_formed=1.093e+01
Building SWIFTGalaxy for subhalo 2114 (soap_index=10547348)
Read masses: Nstars=186531, sum_current=2.515332e+11 Msun
DEBUG: sample z (first valid): [2.24403524 3.91901223 0.54741216 6.70467905 4.10723192 1.52800494
 2.84917185 1.26157775 1.58606266 2.07075251]
DEBUG: Planck15 ages (Gyr): [2.92819676 1.57913612 8.26760718 0.80658643 1.49303669 4.20982138
 2.27463657 4.93522662 4.07440276 3.17382358]
DEBUG: cosmo_colibre ages (Gyr): [2.92970312 1.58110584 8.25962278 0.80845786 1.49501122 4.21022702
 2.27645515 4.9347009  4.07495676 3.1751702 ]
DEBUG: us.look_back_time -> ages (Gyr): [2.92970312 1.58110585 8.25962278 0.80845786 1.49501122 4.21022702
 2.27645515 4.93470091 4.07495677 3.1751702 ]
[30/100] subhalo 2114 done; total_formed=4.194e+01
Building SWIFTGalaxy for subhalo 93381 (soap_index=10570984)
Read masses: Nstars=51692, sum_current=7.268722e+10 Msun
DEBUG: sample z (first valid): [0.3505894  2.02818593 3.8004688  1.87262207 0.90844496 1.20883047
 1.55023737 9.25923607 1.59199494 0.84733341]
DEBUG: Planck15 ages (Gyr): [9.80780101 3.2393439  1.63767764 3.49863796 6.25335426 5.10260878
 4.15711829 0.52469035 4.06096243 6.53732425]
DEBUG: cosmo_colibre ages (Gyr): [9.79456979 3.24064391 1.63964223 3.4997368  6.25051775 5.10183464
 4.1575826  0.52640869 4.06153074 6.53388148]
DEBUG: us.look_back_time -> ages (Gyr): [9.79456979 3.24064392 1.63964223 3.4997368  6.25051775 5.10183464
 4.1575826  0.52640869 4.06153074 6.53388149]
[31/100] subhalo 93381 done; total_formed=1.203e+01
Building SWIFTGalaxy for subhalo 22483 (soap_index=10584065)
Read masses: Nstars=17460, sum_current=2.462371e+10 Msun
DEBUG: sample z (first valid): [2.33075828 4.76901408 4.42786152 0.05798786 3.92381668 4.23325082
 5.35346583 3.28872456 4.65306651 0.0617588 ]
DEBUG: Planck15 ages (Gyr): [ 2.81672678  1.24439198  1.36318322 12.99491029  1.57683682  1.43964604
  1.07698384  1.93716433  1.28277292 12.94500223]
DEBUG: cosmo_colibre ages (Gyr): [ 2.81829793  1.24636078  1.36515854 12.96758823  1.57880671  1.44162186
  1.07893039  1.93908028  1.28474463 12.9179305 ]
DEBUG: us.look_back_time -> ages (Gyr): [ 2.81829793  1.24636078  1.36515855 12.96758824  1.57880671  1.44162186
  1.07893039  1.93908028  1.28474463 12.9179305 ]
[32/100] subhalo 22483 done; total_formed=4.050e+00
Building SWIFTGalaxy for subhalo 99272 (soap_index=10597731)
Read masses: Nstars=11496, sum_current=1.545543e+10 Msun
DEBUG: sample z (first valid): [5.4771694  3.33927034 1.84197745 0.53566407 4.53934579 0.61450532
 1.93751681 1.45950612 6.96790274 3.35918585]
DEBUG: Planck15 ages (Gyr): [1.04631532 1.903684   3.55371066 8.34908102 1.32236353 7.82445662
 3.38649706 4.37915798 0.76693415 1.89075433]
DEBUG: cosmo_colibre ages (Gyr): [1.04825596 1.90560719 3.5547633  8.34084701 1.32433742 7.81777394
 3.3876862  4.37936696 0.76878955 1.8926802 ]
DEBUG: us.look_back_time -> ages (Gyr): [1.04825597 1.9056072  3.5547633  8.34084701 1.32433743 7.81777394
 3.3876862  4.37936696 0.76878955 1.89268021]
[33/100] subhalo 99272 done; total_formed=2.587e+00
Building SWIFTGalaxy for subhalo 956353 (soap_index=10617931)
Read masses: Nstars=25037, sum_current=3.323181e+10 Msun
DEBUG: sample z (first valid): [3.38573245 5.66354855 4.275801   4.73418497 4.42247228 4.75735746
 2.86415094 0.49189583 1.26329604 0.46037971]
DEBUG: Planck15 ages (Gyr): [1.87374398 1.00276756 1.42232989 1.25571875 1.36520931 1.24816389
 2.26157696 8.66345013 4.92992163 8.90088486]
DEBUG: cosmo_colibre ages (Gyr): [1.87567327 1.00469878 1.42430584 1.25768849 1.36718469 1.25013301
 2.26340013 8.65422329 4.92940358 8.89087714]
DEBUG: us.look_back_time -> ages (Gyr): [1.87567327 1.00469878 1.42430584 1.2576885  1.36718469 1.25013301
 2.26340013 8.6542233  4.92940359 8.89087714]
[34/100] subhalo 956353 done; total_formed=5.531e+00
Building SWIFTGalaxy for subhalo 215150 (soap_index=10642403)
Read masses: Nstars=47096, sum_current=6.316668e+10 Msun
DEBUG: sample z (first valid): [1.07721078 1.60704909 0.41448675 0.95256823 4.76901408 1.00808923
 0.3719645  1.90702626 0.58483266 0.94954783]
DEBUG: Planck15 ages (Gyr): [5.56192561 4.02717496 9.26428286 6.06008554 1.24439198 5.82986903
 9.62088597 3.43844561 8.01591251 6.07301616]
DEBUG: cosmo_colibre ages (Gyr): [5.56040324 4.02777888 9.25302888 6.05763938 1.24636078 5.82786447
 9.60834985 3.43959355 8.00867906 6.07054445]
DEBUG: us.look_back_time -> ages (Gyr): [5.56040324 4.02777888 9.25302888 6.05763938 1.24636078 5.82786447
 9.60834985 3.43959355 8.00867906 6.07054445]
[35/100] subhalo 215150 done; total_formed=1.054e+01
Building SWIFTGalaxy for subhalo 465560 (soap_index=10642412)
Read masses: Nstars=133013, sum_current=1.684219e+11 Msun
DEBUG: sample z (first valid): [1.02621815 8.18450004 3.2112839  1.16333267 1.01290006 0.71974389
 1.81972292 0.53178758 0.92142606 1.2530253 ]
DEBUG: Planck15 ages (Gyr): [5.75765957 0.61959204 1.99038295 5.25435933 5.81056887 7.19855701
 3.59459484 8.37622924 6.19550667 4.96176703]
DEBUG: cosmo_colibre ages (Gyr): [5.75578831 0.62137325 1.99228648 5.25334884 5.80860018 7.19355065
 3.59561238 8.36791134 6.19278889 4.96120278]
DEBUG: us.look_back_time -> ages (Gyr): [5.75578831 0.62137325 1.99228648 5.25334884 5.80860018 7.19355066
 3.59561238 8.36791134 6.19278889 4.96120278]
[36/100] subhalo 465560 done; total_formed=2.811e+01
Building SWIFTGalaxy for subhalo 97846 (soap_index=10684345)
Read masses: Nstars=32143, sum_current=4.064403e+10 Msun
DEBUG: sample z (first valid): [1.20778871 1.28523607 1.16776925 2.74149349 1.40675725 0.82592221
 5.52944107 5.20018921 1.89240004 0.72155091]
DEBUG: Planck15 ages (Gyr): [5.10600518 4.86297625 5.23924856 2.37229224 4.51715841 6.64157325
 1.03378947 1.11710754 3.46382753 7.18848526]
DEBUG: cosmo_colibre ages (Gyr): [5.10522586 4.86255383 5.23826208 2.3740745  4.51719788 6.63789811
 1.03572753 1.11906092 3.46495494 7.18350432]
DEBUG: us.look_back_time -> ages (Gyr): [5.10522587 4.86255383 5.23826208 2.3740745  4.51719789 6.63789811
 1.03572754 1.11906092 3.46495494 7.18350432]
[37/100] subhalo 97846 done; total_formed=6.848e+00
Building SWIFTGalaxy for subhalo 99660 (soap_index=10735328)
Read masses: Nstars=96428, sum_current=1.352928e+11 Msun
DEBUG: sample z (first valid): [1.67756169 1.28651176 0.50256787 0.65762849 2.50347482 0.66233766
 3.87401458 4.05561984 0.77469671 1.40675725]
DEBUG: Planck15 ages (Gyr): [3.87480284 4.85912843 8.58518577 7.55832781 2.61441706 7.53010135
 1.60094352 1.5158579  6.90167525 4.51715841]
DEBUG: cosmo_colibre ages (Gyr): [3.87556134 4.85871144 8.57621049 7.55238119 2.61609363 7.52423078
 1.60291151 1.51783148 6.89739727 4.51719788]
DEBUG: us.look_back_time -> ages (Gyr): [3.87556134 4.85871144 8.5762105  7.55238119 2.61609364 7.52423078
 1.60291151 1.51783148 6.89739728 4.51719789]
[38/100] subhalo 99660 done; total_formed=2.237e+01
Building SWIFTGalaxy for subhalo 1005569 (soap_index=10757222)
Read masses: Nstars=14802, sum_current=1.967849e+10 Msun
DEBUG: sample z (first valid): [1.45251104 1.01388974 1.21285791 2.36392567 2.66737549 2.55709944
 1.90883267 4.52953088 2.78908418 2.82580269]
DEBUG: Planck15 ages (Gyr): [4.39706602 5.80661087 5.08951204 2.7759226  2.44359635 2.55642053
 3.43533184 1.32587538 2.32829558 2.29526096]
DEBUG: cosmo_colibre ages (Gyr): [4.39725348 5.80464951 5.08875779 2.77751627 2.44534979 2.55812444
 3.43648228 1.32784943 2.33009465 2.29707217]
DEBUG: us.look_back_time -> ages (Gyr): [4.39725348 5.80464951 5.0887578  2.77751627 2.4453498  2.55812444
 3.43648229 1.32784944 2.33009466 2.29707217]
[39/100] subhalo 1005569 done; total_formed=3.312e+00
Building SWIFTGalaxy for subhalo 99617 (soap_index=10763765)
Read masses: Nstars=17142, sum_current=2.338862e+10 Msun
DEBUG: sample z (first valid): [3.92381668 3.64234611 1.17655264 0.76933045 0.52253508 0.92798305
 0.78923228 2.23092092 5.08166295 3.8248546 ]
DEBUG: Planck15 ages (Gyr): [1.57683682 1.7215556  5.20953536 6.92982934 8.4415646  6.16660348
 6.82629333 2.9456825  1.14986771 1.62534418]
DEBUG: cosmo_colibre ages (Gyr): [1.57880671 1.72351028 5.20859578 6.92548413 8.4330434  6.16394441
 6.82219345 2.94717826 1.15182594 1.62730997]
DEBUG: us.look_back_time -> ages (Gyr): [1.57880671 1.72351029 5.20859578 6.92548414 8.4330434  6.16394441
 6.82219345 2.94717827 1.15182594 1.62730997]
[40/100] subhalo 99617 done; total_formed=3.912e+00
Building SWIFTGalaxy for subhalo 103039 (soap_index=10819956)
Read masses: Nstars=25391, sum_current=3.627450e+10 Msun
DEBUG: sample z (first valid): [6.83923445 3.36790189 4.71070059 7.13101737 1.8807033  9.16613666
 4.29755072 8.92142911 4.243719   4.0350338 ]
DEBUG: Planck15 ages (Gyr): [0.78590204 1.88514126 1.26345305 0.74395953 3.484346   0.53192752
 1.4136116  0.55176302 1.43535363 1.52512216]
DEBUG: cosmo_colibre ages (Gyr): [0.78776529 1.88706827 1.26542339 0.74580494 3.48545663 0.53365116
 1.41558756 0.55350072 1.43732949 1.52709529]
DEBUG: us.look_back_time -> ages (Gyr): [0.78776529 1.88706827 1.26542339 0.74580494 3.48545664 0.53365116
 1.41558757 0.55350073 1.4373295  1.52709529]
[41/100] subhalo 103039 done; total_formed=6.013e+00
Building SWIFTGalaxy for subhalo 1979584 (soap_index=10830129)
Read masses: Nstars=22100, sum_current=3.007354e+10 Msun
DEBUG: sample z (first valid): [4.52813159 5.58322451 2.7402123  1.4811085  0.42494347 6.9351011
 1.08886339 4.26520447 2.62718619 0.15453456]
DEBUG: Planck15 ages (Gyr): [ 1.32637732  1.02115923  2.37349557  4.32458786  9.1795761   0.77169686
  5.5186685   1.42660982  2.48374847 11.79774269]
DEBUG: cosmo_colibre ages (Gyr): [ 1.32835139  1.02309458  2.37527736  4.32486157  9.1686181   0.77355426
  5.5172208   1.42858575  2.48548484 11.77618115]
DEBUG: us.look_back_time -> ages (Gyr): [ 1.32835139  1.02309458  2.37527736  4.32486157  9.1686181   0.77355427
  5.5172208   1.42858576  2.48548485 11.77618115]
[42/100] subhalo 1979584 done; total_formed=4.968e+00
Building SWIFTGalaxy for subhalo 838731 (soap_index=10971488)
Read masses: Nstars=57813, sum_current=8.261813e+10 Msun
DEBUG: sample z (first valid): [ 3.00268735  0.34925471  1.27840356  5.03240059  2.56872141  7.38270657
  3.43950684  2.64574989 10.34429635  0.02157376]
DEBUG: Planck15 ages (Gyr): [ 2.1464282   9.81964808  4.88366795  1.16395577  2.54412966  0.71068305
  1.84005243  2.46506803  0.45110189 13.49106276]
DEBUG: cosmo_colibre ages (Gyr): [ 2.14828895  9.80637228  4.88321619  1.1659159   2.5458392   0.71251301
  1.84198815  2.46681242  0.45276075 13.46120661]
DEBUG: us.look_back_time -> ages (Gyr): [ 2.14828895  9.80637228  4.88321619  1.1659159   2.54583921  0.71251302
  1.84198816  2.46681242  0.45276075 13.46120661]
[43/100] subhalo 838731 done; total_formed=1.360e+01
Building SWIFTGalaxy for subhalo 1670616 (soap_index=11059316)
Read masses: Nstars=47787, sum_current=6.518148e+10 Msun
DEBUG: sample z (first valid): [3.74726548 0.02521745 3.2800418  4.63024055 1.83853084 0.3410821
 2.0904461  0.95443159 1.66406504 0.97445168]
DEBUG: Planck15 ages (Gyr): [ 1.66513044 13.44023148  1.94301358  1.29056048  3.55999287  9.8926491
  3.14423949  6.05212976  3.90323863  5.96767343]
DEBUG: cosmo_colibre ages (Gyr): [ 1.66709211 13.41063867  1.94492822  1.29253268  3.56104016  9.87909719
  3.1456066   6.04969929  3.90396902  5.96540758]
DEBUG: us.look_back_time -> ages (Gyr): [ 1.66709212 13.41063867  1.94492822  1.29253268  3.56104016  9.87909719
  3.1456066   6.04969929  3.90396902  5.96540758]
[44/100] subhalo 1670616 done; total_formed=1.086e+01
Building SWIFTGalaxy for subhalo 3193186 (soap_index=11070754)
Read masses: Nstars=49270, sum_current=6.768053e+10 Msun
DEBUG: sample z (first valid): [3.31072815 5.74516262 8.24996471 3.93382519 0.31905644 2.2210754
 0.8147984  0.85025409 9.69538964 1.65048936]
DEBUG: Planck15 ages (Gyr): [ 1.92247097  0.98463734  0.61301751  1.57206473 10.09338144  2.95892256
  6.69675333  6.52330045  0.49286552  3.93218327]
DEBUG: cosmo_colibre ages (Gyr): [ 1.92439015  0.98656425  0.61479479  1.57403497 10.0790581   2.96041022
  6.69295305  6.51988854  0.49455943  3.9328847 ]
DEBUG: us.look_back_time -> ages (Gyr): [ 1.92439016  0.98656425  0.61479479  1.57403497 10.0790581   2.96041022
  6.69295305  6.51988855  0.49455944  3.93288471]
[45/100] subhalo 3193186 done; total_formed=1.128e+01
Building SWIFTGalaxy for subhalo 7932 (soap_index=11097222)
Read masses: Nstars=417990, sum_current=5.206728e+11 Msun
DEBUG: sample z (first valid): [1.99853587 4.19343847 6.1694563  8.31636932 1.24931356 0.95256823
 0.90555943 0.4551914  0.46862675 0.54799698]
DEBUG: Planck15 ages (Gyr): [3.28629841 1.45616692 0.898576   0.60646622 4.97335635 6.06008554
 6.26632743 8.94089841 8.83782704 8.26358271]
DEBUG: cosmo_colibre ages (Gyr): [3.28756398 1.45814248 0.90047923 0.60823953 4.97277517 6.05763938
 6.26346408 8.93075647 8.8280293  8.25561054]
DEBUG: us.look_back_time -> ages (Gyr): [3.28756398 1.45814248 0.90047923 0.60823953 4.97277517 6.05763938
 6.26346408 8.93075648 8.8280293  8.25561055]
[46/100] subhalo 7932 done; total_formed=8.713e+01
Building SWIFTGalaxy for subhalo 397852 (soap_index=11097257)
Read masses: Nstars=24857, sum_current=3.237094e+10 Msun
DEBUG: sample z (first valid): [1.57751907 3.53567721 2.31458628 4.90680487 1.5142331  3.3381214
 2.06931435 2.81555659 1.9911456  7.72998535]
DEBUG: Planck15 ages (Gyr): [4.09388597 1.78224158 2.83698052 1.20120045 4.24301073 1.90443439
 3.17600182 2.30440101 3.2981749  0.66866351]
DEBUG: cosmo_colibre ages (Gyr): [4.09441912 1.78418728 2.83854025 1.20316503 4.2433788  1.90635742
 3.17734691 2.30620891 3.29943162 0.67047223]
DEBUG: us.look_back_time -> ages (Gyr): [4.09441912 1.78418728 2.83854026 1.20316504 4.2433788  1.90635742
 3.17734691 2.30620891 3.29943162 0.67047223]
[47/100] subhalo 397852 done; total_formed=5.464e+00
Building SWIFTGalaxy for subhalo 415381 (soap_index=11097284)
Read masses: Nstars=11252, sum_current=1.424972e+10 Msun
DEBUG: sample z (first valid): [2.82045004 3.03994575 4.09175666 2.99609756 2.85687382 3.53285378
 4.50861562 2.84060009 2.94890335 3.40815228]
DEBUG: Planck15 ages (Gyr): [2.30002833 2.11710302 1.49981926 2.15168465 2.26790608 1.78389582
 1.33341086 2.28216595 2.189959   1.85957413]
DEBUG: cosmo_colibre ages (Gyr): [2.30183781 2.11897252 1.50179353 2.1535438  2.26972703 1.78584125
 1.33538523 2.28398186 2.19180614 1.86150618]
DEBUG: us.look_back_time -> ages (Gyr): [2.30183782 2.11897253 1.50179354 2.1535438  2.26972703 1.78584125
 1.33538523 2.28398186 2.19180614 1.86150618]
[48/100] subhalo 415381 done; total_formed=2.404e+00
Building SWIFTGalaxy for subhalo 864427 (soap_index=11097338)
Read masses: Nstars=22520, sum_current=3.112707e+10 Msun
DEBUG: sample z (first valid): [1.63344853 1.65779869 1.60125427 1.89316617 1.66775218 0.9439962
 1.65306453 1.36711695 1.43882108 1.20185459]
DEBUG: Planck15 ages (Gyr): [3.96901055 3.9165561  4.04012688 3.46249044 3.89543682 6.09689606
 3.92666613 4.6255194  4.43245605 5.1254206 ]
DEBUG: cosmo_colibre ages (Gyr): [3.96967462 3.91727321 4.0407172  3.46361894 3.89617496 6.09437694
 3.92737311 4.62541988 4.43260055 5.1246116 ]
DEBUG: us.look_back_time -> ages (Gyr): [3.96967463 3.91727321 4.0407172  3.46361894 3.89617496 6.09437695
 3.92737311 4.62541988 4.43260055 5.12461161]
[49/100] subhalo 864427 done; total_formed=5.224e+00
Building SWIFTGalaxy for subhalo 4343690 (soap_index=11097548)
Read masses: Nstars=14209, sum_current=1.926454e+10 Msun
DEBUG: sample z (first valid): [2.47671088 2.00761817 6.48127854 2.16140859 8.01830191 4.62444216
 3.28872456 1.84000693 8.2689343  2.24885981]
DEBUG: Planck15 ages (Gyr): [2.64417693 3.27179806 0.84299017 3.04128855 0.63682034 1.29255122
 1.93716433 3.55730016 0.61113406 2.92180676]
DEBUG: cosmo_colibre ages (Gyr): [2.64583897 3.27307436 0.84487504 3.04272428 0.63861156 1.29452354
 1.93908028 3.55834973 0.61291021 2.92331696]
DEBUG: us.look_back_time -> ages (Gyr): [2.64583897 3.27307436 0.84487505 3.04272428 0.63861156 1.29452355
 1.93908028 3.55834974 0.61291021 2.92331697]
[50/100] subhalo 4343690 done; total_formed=3.233e+00
Building SWIFTGalaxy for subhalo 4397772 (soap_index=11097583)
Read masses: Nstars=15028, sum_current=2.123133e+10 Msun
DEBUG: sample z (first valid): [0.48742624 7.74746396 0.17921405 4.53934579 0.27462269 0.2727414
 0.19809872 0.55845144 8.6433196  1.80547945]
DEBUG: Planck15 ages (Gyr): [ 8.69654488  0.6666583  11.51691622  1.32236353 10.51677425 10.53526484
 11.30842783  8.19213254  0.57584285  3.62116468]
DEBUG: cosmo_colibre ages (Gyr): [ 8.6872108   0.66846596 11.49662855  1.32433742 10.50076601 10.51918126
 11.28906587  8.18437652  0.57759678  3.62215904]
DEBUG: us.look_back_time -> ages (Gyr): [ 8.6872108   0.66846596 11.49662855  1.32433743 10.50076601 10.51918126
 11.28906587  8.18437652  0.57759678  3.62215904]
[51/100] subhalo 4397772 done; total_formed=3.500e+00
Building SWIFTGalaxy for subhalo 4 (soap_index=11116570)
Read masses: Nstars=17905, sum_current=2.390496e+10 Msun
DEBUG: sample z (first valid): [5.46630488 5.46630488 5.53986628 4.7981067  5.00751673 7.17106165
 4.60424149 4.4595135  7.83353552 4.54356285]
DEBUG: Planck15 ages (Gyr): [1.04895044 1.04895044 1.03132106 1.23506012 1.17118137 0.7384938
 1.29952661 1.35138359 0.65692809 1.32085937]
DEBUG: cosmo_colibre ages (Gyr): [1.05089162 1.05089162 1.0332586  1.2370281  1.17314243 0.74033675
 1.30149934 1.35335859 0.65873052 1.32283319]
DEBUG: us.look_back_time -> ages (Gyr): [1.05089162 1.05089162 1.0332586  1.2370281  1.17314243 0.74033676
 1.30149935 1.3533586  0.65873052 1.3228332 ]
[52/100] subhalo 4 done; total_formed=4.044e+00
Building SWIFTGalaxy for subhalo 8403 (soap_index=11116587)
Read masses: Nstars=486391, sum_current=6.168473e+11 Msun
DEBUG: sample z (first valid): [2.15289137 1.32035123 2.96227328 1.57873613 2.18847913 1.74576839
 1.85137487 1.35724049 1.40181778 1.58667509]
DEBUG: Planck15 ages (Gyr): [3.05335196 4.7588078  2.17900266 4.09110136 3.0034603  3.73610091
 3.53667308 4.65316684 4.53043779 4.07301191]
DEBUG: cosmo_colibre ages (Gyr): [3.05477986 4.75853015 2.18085329 4.0916375  3.0049202  3.73699169
 3.53774014 4.65303102 4.53046051 4.0735674 ]
DEBUG: us.look_back_time -> ages (Gyr): [3.05477986 4.75853015 2.1808533  4.0916375  3.00492021 3.73699169
 3.53774014 4.65303102 4.53046051 4.0735674 ]
[53/100] subhalo 8403 done; total_formed=1.036e+02
Building SWIFTGalaxy for subhalo 189629 (soap_index=11116654)
Read masses: Nstars=5169, sum_current=6.800602e+09 Msun
DEBUG: sample z (first valid): [3.14181887 3.02234088 3.53504948 3.         2.99025816 3.01593235
 3.5615647  3.15916735 2.56290095 3.44522824]
DEBUG: Planck15 ages (Gyr): [2.04020889 2.13087643 1.78260915 2.14856925 2.15636033 2.13592699
 1.76719175 2.02757358 2.55027294 1.83652678]
DEBUG: cosmo_colibre ages (Gyr): [2.04209978 2.13274186 1.78455478 2.15042934 2.15821803 2.13779091
 1.76913981 2.02946777 2.55197968 1.83846315]
DEBUG: us.look_back_time -> ages (Gyr): [2.04209979 2.13274186 1.78455479 2.15042935 2.15821804 2.13779091
 1.76913982 2.02946777 2.55197968 1.83846316]
[54/100] subhalo 189629 done; total_formed=1.150e+00
Building SWIFTGalaxy for subhalo 189716 (soap_index=11116656)
Read masses: Nstars=13814, sum_current=1.835922e+10 Msun
DEBUG: sample z (first valid): [2.62237453 2.74448634 2.56251359 3.31526964 3.74657782 2.74277556
 2.57963732 2.67107327 2.99074412 2.37154028]
DEBUG: Planck15 ages (Gyr): [2.48862843 2.36948517 2.55068265 1.91946122 1.66549025 2.37108909
 2.53267376 2.43995571 2.15597057 2.76669151]
DEBUG: cosmo_colibre ages (Gyr): [2.49036268 2.37126853 2.55238919 1.92138106 1.66745188 2.37287182
 2.5343885  2.44171067 2.1578284  2.76829018]
DEBUG: us.look_back_time -> ages (Gyr): [2.49036268 2.37126853 2.5523892  1.92138106 1.66745189 2.37287182
 2.5343885  2.44171067 2.1578284  2.76829019]
[55/100] subhalo 189716 done; total_formed=3.098e+00
Building SWIFTGalaxy for subhalo 190293 (soap_index=11116669)
Read masses: Nstars=11824, sum_current=1.462383e+10 Msun
DEBUG: sample z (first valid): [ 4.6278231   5.12371519  4.7331817   4.45860403 10.52990852  4.1901481
  1.816088    5.82169252  5.31246388  6.21921128]
DEBUG: Planck15 ages (Gyr): [1.29138983 1.13806411 1.25604756 1.35172027 0.44022815 1.45754638
 3.60134525 0.96812585 1.08747984 0.88930444]
DEBUG: cosmo_colibre ages (Gyr): [1.29336208 1.14002067 1.25801732 1.35369528 0.44187727 1.45952191
 3.60235692 0.97004864 1.08942827 0.89120479]
DEBUG: us.look_back_time -> ages (Gyr): [1.29336209 1.14002067 1.25801733 1.35369528 0.44187727 1.45952191
 3.60235693 0.97004864 1.08942827 0.89120479]
[56/100] subhalo 190293 done; total_formed=2.476e+00
Building SWIFTGalaxy for subhalo 413637 (soap_index=11116723)
Read masses: Nstars=18301, sum_current=2.641095e+10 Msun
DEBUG: sample z (first valid): [0.79945085 0.95466476 0.91692992 1.67014342 3.49739226 2.8632398
 3.23797206 0.98113664 0.97874396 2.12165381]
DEBUG: Planck15 ages (Gyr): [6.77405686 6.05113537 6.21544799 3.89039056 1.80489093 2.26236781
 1.97177231 5.93988289 5.94980631 3.09827255]
DEBUG: cosmo_colibre ages (Gyr): [6.77007878 6.04870686 6.21268946 3.89113369 1.80683287 2.2641907
 1.97368031 5.93767046 5.94757485 3.09967081]
DEBUG: us.look_back_time -> ages (Gyr): [6.77007878 6.04870686 6.21268947 3.8911337  1.80683288 2.26419071
 1.97368031 5.93767046 5.94757485 3.09967081]
[57/100] subhalo 413637 done; total_formed=4.401e+00
Building SWIFTGalaxy for subhalo 414817 (soap_index=11116741)
Read masses: Nstars=125812, sum_current=1.603905e+11 Msun
DEBUG: sample z (first valid): [4.53934579 1.01030675 1.51674347 1.37604235 2.06157152 1.11665913
 2.36288998 0.60785083 3.71821454 2.16262909]
DEBUG: Planck15 ages (Gyr): [1.32236353 5.82096025 4.23692952 4.60075997 3.18777121 5.41760379
 2.77718206 7.86678704 1.68044401 3.03956627]
DEBUG: cosmo_colibre ages (Gyr): [1.32433742 5.81897227 4.23730451 4.60069267 3.18910804 5.41632712
 2.77877504 7.85998412 1.68240392 3.04100312]
DEBUG: us.look_back_time -> ages (Gyr): [1.32433743 5.81897227 4.23730451 4.60069267 3.18910805 5.41632713
 2.77877504 7.85998412 1.68240392 3.04100312]
[58/100] subhalo 414817 done; total_formed=2.697e+01
Building SWIFTGalaxy for subhalo 827935 (soap_index=11116782)
Read masses: Nstars=34606, sum_current=4.628560e+10 Msun
DEBUG: sample z (first valid): [1.1743862  1.76034033 1.14155938 1.11994566 0.77392811 7.38270657
 6.6116144  1.73248833 2.16262909 4.6992782 ]
DEBUG: Planck15 ages (Gyr): [5.2168393  3.70751074 5.32952964 5.40584767 6.9056969  0.71068305
 0.82142798 3.76246933 3.03956627 1.2672435 ]
DEBUG: cosmo_colibre ages (Gyr): [5.21588823 3.70842779 5.32839812 5.40459058 6.90140934 0.71251301
 0.82330503 3.76333558 3.04100312 1.26921412]
DEBUG: us.look_back_time -> ages (Gyr): [5.21588823 3.70842779 5.32839812 5.40459058 6.90140934 0.71251302
 0.82330504 3.76333558 3.04100312 1.26921412]
[59/100] subhalo 827935 done; total_formed=7.766e+00
Building SWIFTGalaxy for subhalo 1651812 (soap_index=11117001)
Read masses: Nstars=131008, sum_current=1.811246e+11 Msun
DEBUG: sample z (first valid): [0.77565839 0.74168173 2.35634539 1.81415321 4.38416037 1.28986723
 0.73210699 1.1832234  1.18876495 0.69029196]
DEBUG: Planck15 ages (Gyr): [6.89664837 7.07772854 2.78516239 3.60494676 1.37975791 4.8490306
 7.13007844 5.18714719 5.16866477 7.36580479]
DEBUG: cosmo_colibre ages (Gyr): [6.89238236 7.07302381 2.78675102 3.6059553  1.38173358 4.84862784
 7.1252439  5.18624269 5.16778905 7.36036918]
DEBUG: us.look_back_time -> ages (Gyr): [6.89238236 7.07302381 2.78675102 3.6059553  1.38173358 4.84862785
 7.12524391 5.18624269 5.16778905 7.36036918]
[60/100] subhalo 1651812 done; total_formed=2.982e+01
Building SWIFTGalaxy for subhalo 3163879 (soap_index=11117229)
Read masses: Nstars=15373, sum_current=1.966781e+10 Msun
DEBUG: sample z (first valid): [3.91753583 2.01981384 2.23730488 2.79786741 9.002442   4.00465827
 4.61288112 2.583944   3.82201457 2.63483084]
DEBUG: Planck15 ages (Gyr): [1.57984382 3.25249066 2.93714926 2.32032256 0.54506196 1.53896442
 1.29653568 2.52817735 1.62677263 2.47602762]
DEBUG: cosmo_colibre ages (Gyr): [1.58181348 3.25378111 2.93865021 2.3221246  0.54679499 1.5409368
 1.29850824 2.52989411 1.62873829 2.47776732]
DEBUG: us.look_back_time -> ages (Gyr): [1.58181349 3.25378112 2.93865021 2.3221246  0.54679499 1.5409368
 1.29850824 2.52989412 1.62873829 2.47776733]
[61/100] subhalo 3163879 done; total_formed=3.314e+00
Building SWIFTGalaxy for subhalo 3119808 (soap_index=11154263)
Read masses: Nstars=80914, sum_current=1.036791e+11 Msun
DEBUG: sample z (first valid): [0.21327014 0.21174469 0.20568107 0.80083535 1.10808029 2.05358308
 2.47302597 1.12793039 0.38530481 4.7822481 ]
DEBUG: Planck15 ages (Gyr): [11.14482421 11.16112021 11.22623536  6.76702691  5.44848213  3.1999888
  2.64831791  5.37745328  9.50686784  1.24013253]
DEBUG: cosmo_colibre ages (Gyr): [11.12617647 11.14240182 11.20723357  6.76306512  5.44715371  3.201317
  2.6499779   5.37624323  9.49474797  1.24210096]
DEBUG: us.look_back_time -> ages (Gyr): [11.12617647 11.14240182 11.20723357  6.76306512  5.44715371  3.20131701
  2.6499779   5.37624323  9.49474797  1.24210096]
[62/100] subhalo 3119808 done; total_formed=1.739e+01
Building SWIFTGalaxy for subhalo 82877 (soap_index=11171807)
Read masses: Nstars=15919, sum_current=2.009004e+10 Msun
DEBUG: sample z (first valid): [2.83385983 0.14485361 0.54391255 0.59937524 0.29815387 0.69413711
 1.80188115 1.55920025 0.24555268 3.35686744]
DEBUG: Planck15 ages (Gyr): [ 2.28811545 11.91056687  8.29175198  7.92120549 10.28941121  7.34363416
  3.62792751  4.13617168 10.80782166  1.89225203]
DEBUG: cosmo_colibre ages (Gyr): [ 2.28992923 11.88848497  8.28369393  7.9142467  10.27431742  7.33825623
  3.62891592  4.13665899 10.79061069  1.89417759]
DEBUG: us.look_back_time -> ages (Gyr): [ 2.28992923 11.88848497  8.28369393  7.91424671 10.27431742  7.33825623
  3.62891592  4.13665899 10.79061069  1.89417759]
[63/100] subhalo 82877 done; total_formed=3.374e+00
Building SWIFTGalaxy for subhalo 193715 (soap_index=11171825)
Read masses: Nstars=142827, sum_current=1.826735e+11 Msun
DEBUG: sample z (first valid): [6.95146809 0.90644636 3.02728446 0.86712251 0.83430363 2.50048072
 1.17222406 5.69076059 1.52061538 1.65715212]
DEBUG: Planck15 ages (Gyr): [0.76931429 6.2623354  2.12699385 6.44321179 6.60046029 2.61771892
 5.22414493 0.99666131 4.22757755 3.91793437]
DEBUG: cosmo_colibre ages (Gyr): [0.77117069 6.25948032 2.12886044 6.43997427 6.59687742 2.61939389
 5.22318234 0.9985911  4.22796315 3.91865011]
DEBUG: us.look_back_time -> ages (Gyr): [0.7711707  6.25948032 2.12886044 6.43997427 6.59687742 2.61939389
 5.22318234 0.99859111 4.22796315 3.91865011]
[64/100] subhalo 193715 done; total_formed=3.027e+01
Building SWIFTGalaxy for subhalo 814 (soap_index=11188090)
Read masses: Nstars=155914, sum_current=1.884608e+11 Msun
DEBUG: sample z (first valid): [3.04343534 7.57183964 4.74574785 4.87556034 4.23325082 1.44191072
 1.53465347 4.66430424 5.29548511 0.84650062]
DEBUG: Planck15 ages (Gyr): [2.11439034 0.68727191 1.25193948 1.21077391 1.43964604 4.42442908
 4.1939483  1.27896753 1.09187604 6.54133149]
DEBUG: cosmo_colibre ages (Gyr): [2.11626064 0.6890903  1.25390891 1.21273952 1.44162186 4.42458338
 4.19437173 1.28093898 1.09382523 6.53787989]
DEBUG: us.look_back_time -> ages (Gyr): [2.11626064 0.6890903  1.25390892 1.21273952 1.44162186 4.42458338
 4.19437174 1.28093899 1.09382524 6.53787989]
[65/100] subhalo 814 done; total_formed=3.164e+01
Building SWIFTGalaxy for subhalo 10916 (soap_index=11204089)
Read masses: Nstars=85607, sum_current=1.139731e+11 Msun
DEBUG: sample z (first valid): [0.34328113 0.79099257 0.51171803 0.32642487 0.51942873 0.95653212
 0.44123856 5.60978316 0.94885215 3.10549395]
DEBUG: Planck15 ages (Gyr): [ 9.87292865  6.81725068  8.51892001 10.02557285  8.46367093  6.04318092
  9.04983968  1.01501655  6.07600058  2.06709038]
DEBUG: cosmo_colibre ages (Gyr): [ 9.85945156  6.81317198  8.51015547 10.01151209  8.45508047  6.04076805
  9.03932856  1.01695054  6.07352296  2.06897406]
DEBUG: us.look_back_time -> ages (Gyr): [ 9.85945156  6.81317198  8.51015547 10.01151209  8.45508047  6.04076805
  9.03932856  1.01695055  6.07352296  2.06897406]
[66/100] subhalo 10916 done; total_formed=1.909e+01
Building SWIFTGalaxy for subhalo 828367 (soap_index=11211090)
Read masses: Nstars=28468, sum_current=3.803697e+10 Msun
DEBUG: sample z (first valid): [0.38600795 0.68524995 7.5544968  2.39635158 1.68700287 1.65306453
 8.7219997  8.6433196  1.58606266 5.38254772]
DEBUG: Planck15 ages (Gyr): [9.50091334 7.39503165 0.68936492 2.73695989 3.85511028 3.92666613
 0.56885572 0.57584285 4.07440276 1.06964079]
DEBUG: cosmo_colibre ages (Gyr): [9.48881505 7.38951962 0.69118437 2.73857447 3.85588805 3.92737311
 0.57060504 0.57759678 4.07495676 1.07158597]
DEBUG: us.look_back_time -> ages (Gyr): [9.48881505 7.38951962 0.69118437 2.73857447 3.85588805 3.92737311
 0.57060504 0.57759678 4.07495677 1.07158598]
[67/100] subhalo 828367 done; total_formed=6.381e+00
Building SWIFTGalaxy for subhalo 860472 (soap_index=11211131)
Read masses: Nstars=26277, sum_current=3.398298e+10 Msun
DEBUG: sample z (first valid): [1.92101979 3.29321978 1.79495053 2.21223409 1.81657212 1.86183406
 2.94415022 1.75107044 2.09775005 2.05671642]
DEBUG: Planck15 ages (Gyr): [3.41444397 1.93414749 3.6410112  2.97089542 3.60044501 3.51786621
 2.193876   3.725657   3.13338176 3.19518754]
DEBUG: cosmo_colibre ages (Gyr): [3.41561108 1.93606411 3.64198805 2.9723757  3.60145747 3.51894905
 2.19572188 3.72655742 3.1347563  3.19651914]
DEBUG: us.look_back_time -> ages (Gyr): [3.41561108 1.93606411 3.64198806 2.9723757  3.60145747 3.51894906
 2.19572188 3.72655742 3.1347563  3.19651915]
[68/100] subhalo 860472 done; total_formed=5.732e+00
Building SWIFTGalaxy for subhalo 82033 (soap_index=11291930)
Read masses: Nstars=48959, sum_current=6.528496e+10 Msun
DEBUG: sample z (first valid): [5.43772102 0.51255539 0.49954238 0.26948706 1.36080692 0.40937634
 0.31271533 2.91821117 0.27720611 0.5544592 ]
DEBUG: Planck15 ages (Gyr): [ 1.05593618  8.51289403  8.60726593 10.56736188  4.64315278  9.30610109
 10.15227201  2.21545717 10.49145899  8.21930714]
DEBUG: cosmo_colibre ages (Gyr): [ 1.05787874  8.50414854  8.59821998 10.55114717  4.64303015  9.29469977
 10.13771898  2.217296   10.47555366  8.21146921]
DEBUG: us.look_back_time -> ages (Gyr): [ 1.05787875  8.50414854  8.59821998 10.55114717  4.64303016  9.29469977
 10.13771898  2.217296   10.47555366  8.21146921]
[69/100] subhalo 82033 done; total_formed=1.096e+01
Building SWIFTGalaxy for subhalo 3177741 (soap_index=11376138)
Read masses: Nstars=44014, sum_current=6.095414e+10 Msun
DEBUG: sample z (first valid): [6.9351011  5.06927209 5.99647699 3.88418542 3.50295451 1.54370439
 1.62901155 7.90918978 1.80116259 3.83839055]
DEBUG: Planck15 ages (Gyr): [0.77169686 1.1533845  0.93209406 1.59597092 1.80157082 4.17249417
 3.97869097 0.64856889 3.62928045 1.61856442]
DEBUG: cosmo_colibre ages (Gyr): [0.77355426 1.15534322 0.93400717 1.59793931 1.80351332 4.17294149
 3.97934514 0.65036672 3.63026767 1.62053085]
DEBUG: us.look_back_time -> ages (Gyr): [0.77355427 1.15534322 0.93400717 1.59793932 1.80351333 4.17294149
 3.97934514 0.65036672 3.63026767 1.62053085]
[70/100] subhalo 3177741 done; total_formed=1.011e+01
Building SWIFTGalaxy for subhalo 1726134 (soap_index=11381928)
Read masses: Nstars=29193, sum_current=3.890708e+10 Msun
DEBUG: sample z (first valid): [0.07690285 0.18116935 0.43757129 2.30289285 8.80124131 5.18147519
 6.03251422 3.01888759 1.45729284 0.54580621]
DEBUG: Planck15 ages (Gyr): [12.74726571 11.49507589  9.07879962  2.85177456  0.56196003  1.12217629
  0.92494157  2.13359551  4.38481148  8.27867399]
DEBUG: cosmo_colibre ages (Gyr): [12.72117738 11.47488601  9.06818942  2.85332585  0.56370472  1.12413046
  0.92685264  2.13546013  4.38501368  8.27065587]
DEBUG: us.look_back_time -> ages (Gyr): [12.72117738 11.47488601  9.06818942  2.85332585  0.56370473  1.12413046
  0.92685265  2.13546013  4.38501368  8.27065587]
[71/100] subhalo 1726134 done; total_formed=6.491e+00
Building SWIFTGalaxy for subhalo 13617936 (soap_index=11395574)
Read masses: Nstars=15635, sum_current=2.190011e+10 Msun
DEBUG: sample z (first valid): [0.24526868 5.26958768 1.0108002  0.81218892 0.67234868 3.15178967
 3.65190233 3.53066021 0.34747923 0.41338854]
DEBUG: Planck15 ages (Gyr): [10.81072215  1.09863857  5.81898076  6.70980048  7.47062682  2.03293108
  1.71628608  1.78518278  9.83544026  9.273246  ]
DEBUG: cosmo_colibre ages (Gyr): [10.79349901  1.10058892  5.81699645  6.70597039  7.46491523  2.03482388
  1.71824148  1.787128    9.82210493  9.2619605 ]
DEBUG: us.look_back_time -> ages (Gyr): [10.79349901  1.10058893  5.81699645  6.7059704   7.46491523  2.03482388
  1.71824148  1.787128    9.82210493  9.2619605 ]
[72/100] subhalo 13617936 done; total_formed=3.656e+00
Building SWIFTGalaxy for subhalo 81933 (soap_index=11438999)
Read masses: Nstars=22892, sum_current=3.066149e+10 Msun
DEBUG: sample z (first valid): [3.09523214 2.35119656 2.91961722 2.84555803 3.31498551 2.58590501
 3.13659029 2.34845698 2.0598562  3.28227914]
DEBUG: Planck15 ages (Gyr): [2.07479052 2.79146723 2.21427838 2.27780593 1.91964929 2.5261343
 2.04404251 2.79483145 3.19038821 1.94150357]
DEBUG: cosmo_colibre ages (Gyr): [2.07667208 2.79305239 2.21611759 2.27962339 1.92156908 2.52785198
 2.04593239 2.79641477 3.1917232  1.94341855]
DEBUG: us.look_back_time -> ages (Gyr): [2.07667208 2.79305239 2.21611759 2.27962339 1.92156909 2.52785198
 2.0459324  2.79641477 3.1917232  1.94341856]
[73/100] subhalo 81933 done; total_formed=5.151e+00
Building SWIFTGalaxy for subhalo 418281 (soap_index=11439030)
Read masses: Nstars=28997, sum_current=4.060922e+10 Msun
DEBUG: sample z (first valid): [1.80595992 1.091263   0.80938708 1.6080866  3.36586503 1.26768166
 1.43140165 0.82044444 1.84345713 2.37084662]
DEBUG: Planck15 ages (Gyr): [3.62026321 5.50982653 6.72385316 4.02486313 1.88645051 4.91642273
 4.45182771 6.66865767 3.55101914 2.76753034]
DEBUG: cosmo_colibre ages (Gyr): [3.62125836 5.50839399 6.71999087 4.02546946 1.88837726 4.91592413
 4.45194848 6.66492129 3.55207406 2.76912856]
DEBUG: us.look_back_time -> ages (Gyr): [3.62125836 5.50839399 6.71999088 4.02546946 1.88837726 4.91592413
 4.45194848 6.66492129 3.55207407 2.76912856]
[74/100] subhalo 418281 done; total_formed=6.777e+00
Building SWIFTGalaxy for subhalo 1760451 (soap_index=11439143)
Read masses: Nstars=163129, sum_current=2.171462e+11 Msun
DEBUG: sample z (first valid): [1.08143302 1.08143302 0.90800047 4.32986337 1.36592058 1.55023737
 1.52061538 0.02049206 1.62901155 0.91223156]
DEBUG: Planck15 ages (Gyr): [ 5.54619008  5.54619008  6.25534996  1.4008218   4.62885442  4.15711829
  4.22757755 13.50620496  3.97869097  6.23639334]
DEBUG: cosmo_colibre ages (Gyr): [ 5.54469498  5.54469498  6.25250933  1.40279772  4.62875054  4.1575826
  4.22796315 13.47627019  3.97934514  6.23359182]
DEBUG: us.look_back_time -> ages (Gyr): [ 5.54469498  5.54469498  6.25250933  1.40279773  4.62875054  4.1575826
  4.22796315 13.47627019  3.97934514  6.23359182]
[75/100] subhalo 1760451 done; total_formed=3.633e+01
Building SWIFTGalaxy for subhalo 3176662 (soap_index=11439179)
Read masses: Nstars=38573, sum_current=5.162894e+10 Msun
DEBUG: sample z (first valid): [2.72194457 1.46932931 2.04422148 2.13899799 2.17181299 1.94808817
 2.34503879 1.54587833 1.74346952 2.60444396]
DEBUG: Planck15 ages (Gyr): [2.39076316 4.35420693 3.21440412 3.07319866 3.02665771 3.36878395
 2.79903835 4.16736747 3.74064397 2.5069532 ]
DEBUG: cosmo_colibre ages (Gyr): [2.39253814 4.35444567 3.21572206 3.07461356 3.02810286 3.3699869
 2.80061934 4.16782046 3.74153054 2.50867942]
DEBUG: us.look_back_time -> ages (Gyr): [2.39253814 4.35444567 3.21572207 3.07461356 3.02810286 3.3699869
 2.80061934 4.16782046 3.74153054 2.50867943]
[76/100] subhalo 3176662 done; total_formed=8.681e+00
Building SWIFTGalaxy for subhalo 885751 (soap_index=11472830)
Read masses: Nstars=19571, sum_current=2.530836e+10 Msun
DEBUG: sample z (first valid): [6.68120019 0.91334813 0.73283977 4.23868905 0.65044827 0.18871073
 0.18355848 1.18104366 5.67712685 7.36558591]
DEBUG: Planck15 ages (Gyr): [ 0.81028847  6.23140571  7.126051    1.43741347  7.60167648 11.41139165
 11.4684699   5.19444592  0.99971292  0.7128676 ]
DEBUG: cosmo_colibre ages (Gyr): [ 0.81216132  6.22861444  7.1212265   1.43938932  7.59561231 11.39157467
 11.44839888  5.19353001  1.00164342  0.71469862]
DEBUG: us.look_back_time -> ages (Gyr): [ 0.81216132  6.22861445  7.1212265   1.43938932  7.59561231 11.39157468
 11.44839888  5.19353001  1.00164342  0.71469862]
[77/100] subhalo 885751 done; total_formed=4.255e+00
Building SWIFTGalaxy for subhalo 1751323 (soap_index=11472843)
Read masses: Nstars=180173, sum_current=2.328663e+11 Msun
DEBUG: sample z (first valid): [7.32308865 0.05424361 3.4755856  0.28371073 0.5112997  0.44568958
 5.52294217 4.4832664  1.7206908  0.42160521]
DEBUG: Planck15 ages (Gyr): [ 0.71833866 13.04473324  1.81800549 10.42810894  8.52193289  9.01487415
  1.03533321  1.34263952  3.78614822  9.2064936 ]
DEBUG: cosmo_colibre ages (Gyr): [ 0.72017228 13.01716043  1.81994517 10.41245996  8.51315881  9.00448213
  1.03727159  1.34461423  3.78699218  9.19544191]
DEBUG: us.look_back_time -> ages (Gyr): [ 0.72017229 13.01716043  1.81994517 10.41245996  8.51315881  9.00448213
  1.0372716   1.34461423  3.78699219  9.19544191]
[78/100] subhalo 1751323 done; total_formed=3.903e+01
Building SWIFTGalaxy for subhalo 14301 (soap_index=11506348)
Read masses: Nstars=36125, sum_current=5.241918e+10 Msun
DEBUG: sample z (first valid): [0.04356688 0.03853955 0.67491311 0.87674685 0.10070541 0.44454241
 0.37634409 0.40659341 0.32685455 0.06155242]
DEBUG: Planck15 ages (Gyr): [13.18828643 13.25664998  7.45550695  6.39819892 12.44498108  9.02386673
  9.58323374  9.32899095 10.02163918 12.94772668]
DEBUG: cosmo_colibre ages (Gyr): [13.15998643 13.22800126  7.44983549  6.39505805 12.42036957  9.01344412
  9.57083573  9.31750864 10.00759359 12.92064131]
DEBUG: us.look_back_time -> ages (Gyr): [13.15998643 13.22800126  7.4498355   6.39505805 12.42036957  9.01344412
  9.57083573  9.31750864 10.00759359 12.92064131]
[79/100] subhalo 14301 done; total_formed=8.587e+00
Building SWIFTGalaxy for subhalo 86833 (soap_index=11506352)
Read masses: Nstars=12829, sum_current=1.703504e+10 Msun
DEBUG: sample z (first valid): [1.23078494 5.14380801 1.0108002  4.71070059 5.46375382 9.29064929
 3.34358431 3.15178967 5.91891892 5.60312343]
DEBUG: Planck15 ages (Gyr): [5.03185914 1.13249512 5.81898076 1.26345305 1.04957078 0.52228527
 1.90087089 2.03293108 0.9478029  1.01655108]
DEBUG: cosmo_colibre ages (Gyr): [5.03119157 1.13445086 5.81699645 1.26542339 1.05151208 0.52400183
 1.90279466 2.03482388 0.94972035 1.01848542]
DEBUG: us.look_back_time -> ages (Gyr): [5.03119157 1.13445086 5.81699645 1.26542339 1.05151209 0.52400183
 1.90279467 2.03482388 0.94972035 1.01848542]
[80/100] subhalo 86833 done; total_formed=2.855e+00
Building SWIFTGalaxy for subhalo 3213635 (soap_index=11579918)
Read masses: Nstars=22821, sum_current=3.203336e+10 Msun
DEBUG: sample z (first valid): [0.75417559 1.36370194 0.35741508 0.40082079 0.14461366 0.25097351
 4.21202481 0.09015903 0.067153   0.08352622]
DEBUG: Planck15 ages (Gyr): [ 7.01030101  4.6350493   9.74753989  9.37673653 11.91338268 10.75267428
  1.44841526 12.57765472 12.87407794 12.66212011]
DEBUG: cosmo_colibre ages (Gyr): [ 7.00576151  4.63493731  9.73453449  9.36508451 11.89128773 10.73569394
  1.45039096 12.55239903 12.8473605  12.63645104]
DEBUG: us.look_back_time -> ages (Gyr): [ 7.00576151  4.63493731  9.73453449  9.36508451 11.89128773 10.73569394
  1.45039096 12.55239903 12.8473605  12.63645104]
[81/100] subhalo 3213635 done; total_formed=5.254e+00
Building SWIFTGalaxy for subhalo 885981 (soap_index=11593967)
Read masses: Nstars=23279, sum_current=3.205528e+10 Msun
DEBUG: sample z (first valid): [0.41521983 5.95415959 2.6052371  2.52571552 4.74574785 0.98859085
 7.74746396 3.59547016 0.50865562 1.07090944]
DEBUG: Planck15 ages (Gyr): [9.25830681 0.94061105 2.50613793 2.59010316 1.25193948 5.90913293
 0.6666583  1.74779636 8.54101272 5.5855409 ]
DEBUG: cosmo_colibre ages (Gyr): [9.24707382 0.94252653 2.50786452 2.59179135 1.25390891 5.90697919
 0.66846596 1.74974734 8.53217815 5.5839774 ]
DEBUG: us.look_back_time -> ages (Gyr): [9.24707382 0.94252654 2.50786452 2.59179135 1.25390892 5.90697919
 0.66846596 1.74974734 8.53217815 5.5839774 ]
[82/100] subhalo 885981 done; total_formed=5.272e+00
Building SWIFTGalaxy for subhalo 12889 (soap_index=11596390)
Read masses: Nstars=29273, sum_current=4.054200e+10 Msun
DEBUG: sample z (first valid): [ 3.18145856  3.1337202  10.29833635  3.14234246  1.53269439  1.1026694
  3.78574558  0.7188418   1.80260007  1.98324836]
DEBUG: Planck15 ages (Gyr): [2.0115271  2.04615194 0.45386347 2.03982565 4.19861547 5.46810117
 1.64519936 7.20359305 3.62657469 3.31094368]
DEBUG: cosmo_colibre ages (Gyr): [2.01342539 2.04804126 0.45552476 2.04171664 4.19903369 5.46673965
 1.64716318 7.19857397 3.62756429 3.31219082]
DEBUG: us.look_back_time -> ages (Gyr): [2.01342539 2.04804127 0.45552476 2.04171665 4.19903369 5.46673965
 1.64716319 7.19857397 3.6275643  3.31219082]
[83/100] subhalo 12889 done; total_formed=6.769e+00
Building SWIFTGalaxy for subhalo 1747690 (soap_index=11596415)
Read masses: Nstars=71906, sum_current=9.805146e+10 Msun
DEBUG: sample z (first valid): [0.06987071 1.59713086 0.67320261 1.12420589 7.71199734 3.73765633
 4.98392988 2.77772654 1.11025245 1.11720618]
DEBUG: Planck15 ages (Gyr): [12.83855193  4.04938409  7.46558683  5.39066848  0.67073764  1.67017003
  1.17809937  2.33867268  5.44063749  5.41564417]
DEBUG: cosmo_colibre ages (Gyr): [12.8120113   4.04996466  7.45988862  5.38943659  0.67254746  1.67213114
  1.18006128  2.34046785  5.43932226  5.41437077]
DEBUG: us.look_back_time -> ages (Gyr): [12.8120113   4.04996466  7.45988862  5.38943659  0.67254746  1.67213114
  1.18006128  2.34046785  5.43932226  5.41437077]
[84/100] subhalo 1747690 done; total_formed=1.628e+01
Building SWIFTGalaxy for subhalo 1774007 (soap_index=11608712)
Read masses: Nstars=43760, sum_current=5.918447e+10 Msun
DEBUG: sample z (first valid): [0.39664138 5.34669766 5.70445013 0.18896952 1.2530253  4.50029375
 6.74382607 5.99647699 8.38239084 0.1823627 ]
DEBUG: Planck15 ages (Gyr): [ 9.41152972  1.07870479  0.99361276 11.4085354   4.96176703  1.3364289
  0.80047609  0.93209406  0.60006731 11.48177533]
DEBUG: cosmo_colibre ages (Gyr): [ 9.39975337  1.08065165  0.99554183 11.38873111  4.96120278  1.33840338
  0.80234514  0.93400717  0.60183668 11.4616449 ]
DEBUG: us.look_back_time -> ages (Gyr): [ 9.39975337  1.08065165  0.99554184 11.38873111  4.96120278  1.33840338
  0.80234515  0.93400717  0.60183668 11.4616449 ]
[85/100] subhalo 1774007 done; total_formed=9.854e+00
Building SWIFTGalaxy for subhalo 449689 (soap_index=11677697)
Read masses: Nstars=21630, sum_current=2.852753e+10 Msun
DEBUG: sample z (first valid): [ 0.38671181  4.6992782   4.41709373  3.99436062  0.76494668  3.43950684
  0.57115458  0.52721849 10.29833635  0.40659341]
DEBUG: Planck15 ages (Gyr): [9.49495829 1.2672435  1.36723638 1.54370443 6.95296031 1.84005243
 8.10655777 8.40839822 0.45386347 9.32899095]
DEBUG: cosmo_colibre ages (Gyr): [9.48288156 1.26921412 1.3692118  1.54567653 6.94855958 1.84198815
 8.09905739 8.39998047 0.45552476 9.31750864]
DEBUG: us.look_back_time -> ages (Gyr): [9.48288156 1.26921412 1.3692118  1.54567653 6.94855958 1.84198816
 8.09905739 8.39998047 0.45552476 9.31750864]
[86/100] subhalo 449689 done; total_formed=4.749e+00
Building SWIFTGalaxy for subhalo 3225437 (soap_index=11693150)
Read masses: Nstars=6796, sum_current=9.508429e+09 Msun
DEBUG: sample z (first valid): [0.82307778 1.77342361 2.13779565 1.59754261 0.99076549 2.96899225
 2.07248008 2.09394769 1.50328495 2.20720368]
DEBUG: Planck15 ages (Gyr): [6.65561605 3.68214257 3.07492611 4.04845815 5.90020915 2.17353072
 3.17121023 3.13902652 4.26969702 2.97774305]
DEBUG: cosmo_colibre ages (Gyr): [6.6519092  3.68308265 3.07633988 4.04903969 5.89807235 2.17538308
 3.17255867 3.1403972  4.27003454 2.97921908]
DEBUG: us.look_back_time -> ages (Gyr): [6.6519092  3.68308265 3.07633988 4.0490397  5.89807235 2.17538309
 3.17255867 3.1403972  4.27003455 2.97921908]
[87/100] subhalo 3225437 done; total_formed=1.586e+00
Building SWIFTGalaxy for subhalo 924742 (soap_index=11703250)
Read masses: Nstars=27329, sum_current=3.768898e+10 Msun
DEBUG: sample z (first valid): [1.95606676 4.95944348 3.53066021 1.69651086 6.65071212 2.37849263
 0.63545618 1.97566291 2.15775272 0.85402286]
DEBUG: Planck15 ages (Gyr): [3.355515   1.18535326 1.78518278 3.83544168 0.815138   2.75830718
 7.69341455 3.32328444 3.04645698 6.50527341]
DEBUG: cosmo_colibre ages (Gyr): [3.3567282  1.18731604 1.787128   3.83623853 0.81701269 2.75991037
 7.6870986  3.32452226 3.04788937 6.50190102]
DEBUG: us.look_back_time -> ages (Gyr): [3.35672821 1.18731605 1.787128   3.83623854 0.8170127  2.75991038
 7.6870986  3.32452227 3.04788937 6.50190103]
[88/100] subhalo 924742 done; total_formed=6.318e+00
Building SWIFTGalaxy for subhalo 205307 (soap_index=11767165)
Read masses: Nstars=26892, sum_current=3.378692e+10 Msun
DEBUG: sample z (first valid): [1.85734217 0.80838852 0.78552746 0.74967962 2.01370367 2.38442471
 0.62217822 1.77154698 9.1866791  2.47413062]
DEBUG: Planck15 ages (Gyr): [3.52592318 6.72887244 6.84538566 7.03445095 3.26214058 2.75118618
 7.77607467 3.68576397 0.53031642 2.64707542]
DEBUG: cosmo_colibre ages (Gyr): [3.52699928 6.72499864 6.84124094 7.02985253 3.26342398 2.75279319
 7.76952837 3.68670078 0.53203889 2.64873603]
DEBUG: us.look_back_time -> ages (Gyr): [3.52699929 6.72499864 6.84124094 7.02985253 3.26342398 2.75279319
 7.76952837 3.68670078 0.53203889 2.64873603]
[89/100] subhalo 205307 done; total_formed=5.691e+00
Building SWIFTGalaxy for subhalo 445753 (soap_index=11767172)
Read masses: Nstars=84906, sum_current=1.105129e+11 Msun
DEBUG: sample z (first valid): [0.37311431 3.57685593 0.51018527 4.43912358 1.61829804 0.35472135
 4.75735746 3.63282907 4.14896292 0.1764199 ]
DEBUG: Planck15 ages (Gyr): [ 9.61097975  1.75840063  8.52996687  1.35896528  4.00222336  9.77125682
  1.24816389  1.72683018  1.47499781 11.54822926]
DEBUG: cosmo_colibre ages (Gyr): [ 9.59848003  1.76035004  8.52116734  1.3609405   4.00285326  9.75816274
  1.25013301  1.72878415  1.47697292 11.52780108]
DEBUG: us.look_back_time -> ages (Gyr): [ 9.59848003  1.76035004  8.52116734  1.3609405   4.00285326  9.75816274
  1.25013301  1.72878415  1.47697293 11.52780108]
[90/100] subhalo 445753 done; total_formed=1.850e+01
Building SWIFTGalaxy for subhalo 202089 (soap_index=11787281)
Read masses: Nstars=17659, sum_current=2.493933e+10 Msun
DEBUG: sample z (first valid): [2.75866024 4.93515667 5.11914099 1.33141231 2.73935867 4.63024055
 6.33146884 2.75091575 0.52098032 7.12295488]
DEBUG: Planck15 ages (Gyr): [2.35626515 1.19262156 1.13933827 4.72673227 2.37429789 1.29056048
 0.86896013 2.36347335 8.45261823 0.74506813]
DEBUG: cosmo_colibre ages (Gyr): [2.35805362 1.19458519 1.14129501 4.72649821 2.37607937 1.29253268
 0.8708539  2.36525904 8.44406243 0.74691403]
DEBUG: us.look_back_time -> ages (Gyr): [2.35805362 1.1945852  1.14129501 4.72649821 2.37607937 1.29253268
 0.8708539  2.36525904 8.44406243 0.74691404]
[91/100] subhalo 202089 done; total_formed=4.062e+00
Building SWIFTGalaxy for subhalo 459703 (soap_index=11969663)
Read masses: Nstars=31802, sum_current=4.368244e+10 Msun
DEBUG: sample z (first valid): [3.73765633 5.69076059 3.795551   3.68482379 3.68013997 2.02455234
 0.09401709 5.50352287 3.3061962  5.77304671]
DEBUG: Planck15 ages (Gyr): [ 1.67017003  0.99666131  1.64018367  1.69833532  1.70087021  3.2450391
 12.52888953  1.03996892  1.92548217  0.97856748]
DEBUG: cosmo_colibre ages (Gyr): [ 1.67213114  0.9985911   1.64214801  1.70029305  1.70282762  3.24633497
 12.50387135  1.04190827  1.9274007   0.98049289]
DEBUG: us.look_back_time -> ages (Gyr): [ 1.67213114  0.99859111  1.64214801  1.70029305  1.70282762  3.24633498
 12.50387135  1.04190828  1.92740071  0.98049289]
[92/100] subhalo 459703 done; total_formed=7.268e+00
Building SWIFTGalaxy for subhalo 1463 (soap_index=11979989)
Read masses: Nstars=58881, sum_current=7.388818e+10 Msun
DEBUG: sample z (first valid): [4.97792575 4.0350338  1.25986207 0.868187   1.28300704 0.87202925
 0.81218892 1.50271137 0.86351228 1.58137703]
DEBUG: Planck15 ages (Gyr): [1.17987121 1.52512216 4.94053264 6.438209   4.86971129 6.42020177
 6.70980048 4.27110258 6.46022372 4.08506952]
DEBUG: cosmo_colibre ages (Gyr): [1.18183334 1.52709529 4.93999925 6.43498228 4.86927934 6.41701378
 6.70597039 4.27143848 6.45694942 4.08561213]
DEBUG: us.look_back_time -> ages (Gyr): [1.18183334 1.52709529 4.93999925 6.43498228 4.86927935 6.41701379
 6.7059704  4.27143848 6.45694942 4.08561213]
[93/100] subhalo 1463 done; total_formed=1.244e+01
Building SWIFTGalaxy for subhalo 453934 (soap_index=12004689)
Read masses: Nstars=27558, sum_current=3.647063e+10 Msun
DEBUG: sample z (first valid): [5.50352287 2.1755015  1.45306184 2.29724291 6.31591873 2.29890265
 0.23578217 1.22231265 6.30124777 7.1476969 ]
DEBUG: Planck15 ages (Gyr): [ 1.03996892  3.0214985   4.39565167  2.85896801  0.87173188  2.85685176
 10.90825349  5.05897564  0.87436042  0.74167476]
DEBUG: cosmo_colibre ages (Gyr): [ 1.04190827  3.02294695  4.39584083  2.86051518  0.87362656  2.85840014
 10.89061924  5.0582675   0.87625597  0.74351915]
DEBUG: us.look_back_time -> ages (Gyr): [ 1.04190828  3.02294695  4.39584083  2.86051518  0.87362657  2.85840015
 10.89061924  5.0582675   0.87625597  0.74351915]
[94/100] subhalo 453934 done; total_formed=6.104e+00
Building SWIFTGalaxy for subhalo 89794 (soap_index=12031313)
Read masses: Nstars=33973, sum_current=4.673212e+10 Msun
DEBUG: sample z (first valid): [3.80539669 2.73935867 6.88735107 2.76600391 0.45158147 0.35337849
 5.9682084  0.64762671 5.83521068 6.55806712]
DEBUG: Planck15 ages (Gyr): [1.63517282 2.37429789 0.77871846 2.34946341 8.96889687 9.78311158
 0.93776923 7.61881447 0.96525706 0.83017444]
DEBUG: cosmo_colibre ages (Gyr): [1.63713766 2.37607937 0.78057878 2.35125449 8.95866058 9.76997308
 0.93968393 7.61270358 0.96717911 0.83205471]
DEBUG: us.look_back_time -> ages (Gyr): [1.63713766 2.37607937 0.78057878 2.35125449 8.95866058 9.76997308
 0.93968393 7.61270358 0.96717911 0.83205471]
[95/100] subhalo 89794 done; total_formed=7.795e+00
Building SWIFTGalaxy for subhalo 3320827 (soap_index=12087727)
Read masses: Nstars=68885, sum_current=9.150321e+10 Msun
DEBUG: sample z (first valid): [1.02722098 2.52041255 1.98487885 1.3417423  1.11447377 1.8982841
 1.47866868 1.21226033 3.49399986 0.46521195]
DEBUG: Planck15 ages (Gyr): [5.75370627 2.59586661 3.3083008  4.6970879  5.42544338 3.45357993
 4.33069618 5.09145193 1.80692082 8.86385622]
DEBUG: cosmo_colibre ages (Gyr): [5.75184224 2.59755207 3.30954993 4.69689373 5.42415362 3.45471566
 4.33096271 5.09069474 1.80886242 8.85397203]
DEBUG: us.look_back_time -> ages (Gyr): [5.75184224 2.59755207 3.30954993 4.69689373 5.42415362 3.45471567
 4.33096271 5.09069475 1.80886243 8.85397203]
[96/100] subhalo 3320827 done; total_formed=1.528e+01
Building SWIFTGalaxy for subhalo 471061 (soap_index=12181060)
Read masses: Nstars=14703, sum_current=1.856259e+10 Msun
DEBUG: sample z (first valid): [4.31344252 3.66282462 6.14444566 1.39637268 3.41141626 3.43170138
 5.36271845 3.5422789  3.65520671 3.73628677]
DEBUG: Planck15 ages (Gyr): [1.40729731 1.71029591 0.90329742 4.54514924 1.857526   1.84488041
 1.07463854 1.77838356 1.71447018 1.67089036]
DEBUG: cosmo_colibre ages (Gyr): [1.40927327 1.7122521  0.9052021  4.5451533  1.85945844 1.84681523
 1.07658465 1.78032987 1.71642582 1.67285139]
DEBUG: us.look_back_time -> ages (Gyr): [1.40927327 1.7122521  0.9052021  4.5451533  1.85945844 1.84681524
 1.07658465 1.78032987 1.71642582 1.67285139]
[97/100] subhalo 471061 done; total_formed=3.137e+00
Building SWIFTGalaxy for subhalo 1581523 (soap_index=12181117)
Read masses: Nstars=25936, sum_current=3.681788e+10 Msun
DEBUG: sample z (first valid): [2.71477157 2.33754329 0.85970488 2.21128969 2.71308782 2.23570653
 1.50405013 2.12195122 2.49004154 0.24744937]
DEBUG: Planck15 ages (Gyr): [ 2.3976001   2.8082998   6.47824048  2.97217902  2.39920963  2.93928193
  4.26782311  3.09783978  2.62928486 10.78847995]
DEBUG: cosmo_colibre ages (Gyr): [ 2.39937235  2.80987565  6.47492707  2.9736585   2.40098123  2.94078158
  4.26816278  3.09923832  2.63095421 10.77135001]
DEBUG: us.look_back_time -> ages (Gyr): [ 2.39937235  2.80987565  6.47492707  2.9736585   2.40098124  2.94078159
  4.26816279  3.09923833  2.63095421 10.77135001]
[98/100] subhalo 1581523 done; total_formed=6.094e+00
Building SWIFTGalaxy for subhalo 1897139 (soap_index=12181128)
Read masses: Nstars=13430, sum_current=1.758774e+10 Msun
DEBUG: sample z (first valid): [3.08782435 4.49752538 3.42810811 3.26500065 3.04343534 3.39455509
 3.6377468  4.72817061 5.60978316 5.33687875]
DEBUG: Planck15 ages (Gyr): [2.08037858 1.3374354  1.84711003 1.95321558 2.11439034 1.86814663
 1.72410132 1.25769201 1.01501655 1.08120959]
DEBUG: cosmo_colibre ages (Gyr): [2.08225859 1.33940992 1.84904444 1.9551279  2.11626064 1.87007702
 1.72605566 1.2596619  1.01695054 1.0831569 ]
DEBUG: us.look_back_time -> ages (Gyr): [2.08225859 1.33940992 1.84904445 1.9551279  2.11626064 1.87007702
 1.72605566 1.25966191 1.01695055 1.0831569 ]
[99/100] subhalo 1897139 done; total_formed=2.959e+00
Building SWIFTGalaxy for subhalo 6206497 (soap_index=12181322)
Read masses: Nstars=57133, sum_current=7.426113e+10 Msun
DEBUG: sample z (first valid): [2.18506998 0.69852789 1.57691098 5.16229431 0.80559841 6.74382607
 2.19313974 1.95233805 1.77718451 1.67232099]
DEBUG: Planck15 ages (Gyr): [3.00818172 7.31844196 4.09527844 1.12741125 6.74292774 0.80047609
 2.99702528 3.36170548 3.67490241 3.88580439]
DEBUG: cosmo_colibre ages (Gyr): [3.00963864 7.31312929 4.09581009 1.12936622 6.7390216  0.80234514
 2.99848924 3.36291391 3.67584901 3.88655206]
DEBUG: us.look_back_time -> ages (Gyr): [3.00963864 7.31312929 4.09581009 1.12936622 6.7390216  0.80234515
 2.99848925 3.36291391 3.67584901 3.88655206]
[100/100] subhalo 6206497 done; total_formed=1.245e+01
All halos processed. Writing CSV.
Wrote relicness_extras_300_400.csv (100 rows) in 6498.8s
