Will process 30 subhalos (test=False)
Mapping requested subhalos -> SOAP rows (chunked scan)...
Found SOAP rows for 30 / 30 requested subhalos
Reading SOAP StellarMass & HalfMassRadiusStars for requested rows (applying Mu/Lu conversions)...
Summing PartType4/Masses via mapping NPZ (particle-level current stellar mass -> Msun)...
Analysing subhalo 329520
Analysing subhalo 711737
Analysing subhalo 2748961
Analysing subhalo 2764112
Analysing subhalo 60330
Analysing subhalo 59071
Analysing subhalo 341095
Analysing subhalo 341472
Analysing subhalo 721503
Analysing subhalo 721737
Analysing subhalo 2743139
Analysing subhalo 134694
Analysing subhalo 2441558
Analysing subhalo 45364
Analysing subhalo 47611
Analysing subhalo 304631
Analysing subhalo 136467
Analysing subhalo 303213
Analysing subhalo 1284463
Analysing subhalo 3835011
Analysing subhalo 654331
Analysing subhalo 140584
Analysing subhalo 141036
Analysing subhalo 7064145
Analysing subhalo 1333331
Analysing subhalo 1335263
Analysing subhalo 53418
Analysing subhalo 52899
Analysing subhalo 55229
Analysing subhalo 5533
halos:   0%|                                                                 | 0/30 [00:00<?, ?it/s]Flushed 30 rows to outfiles/relic_chunk_048.csv
halos: 100%|███████████████████████████████████████████████████████| 30/30 [00:00<00:00, 454.24it/s]
Done. Wrote 30 rows to outfiles/relic_chunk_048.csv
