Starting pure-swift relicness script
Loaded SOAP mapping for 91142867 halos
Batch mode: processing 100 halos (slice 1800:1900)
Building SWIFTGalaxy for subhalo 57330 (soap_index=54004416)
Read masses: Nstars=368136, sum_current=4.552594e+11 Msun
DEBUG: sample z (first valid): [4.01461474 1.89086899 0.47976879 2.1541053  7.24767178 5.79340728
 1.40728769 3.37899238 1.75477091 1.56440758]
DEBUG: Planck15 ages (Gyr): [1.53440436 3.46650209 8.75368346 3.05162781 0.72822127 0.9741745
 4.5157361  1.8780388  3.7183959  4.12408005]
DEBUG: cosmo_colibre ages (Gyr): [1.53637699 3.46762732 8.74416299 3.05305684 0.73005952 0.97609882
 4.51577736 1.87996723 3.71930298 4.12458054]
DEBUG: us.look_back_time -> ages (Gyr): [1.53637699 3.46762733 8.744163   3.05305684 0.73005953 0.97609883
 4.51577736 1.87996723 3.71930298 4.12458054]
[1/100] subhalo 57330 done; total_formed=7.573e+01
Building SWIFTGalaxy for subhalo 57356 (soap_index=54004417)
Read masses: Nstars=21767, sum_current=2.864195e+10 Msun
DEBUG: sample z (first valid): [1.33224199 2.53980771 2.10862347 1.708323   1.15678273 1.74576839
 1.41047521 3.92381668 6.42870097 1.26110958]
DEBUG: Planck15 ages (Gyr): [4.72434025 2.57488906 3.11733095 3.8112322  5.27679479 3.73610091
 4.50720413 1.57683682 0.85195603 4.93667361]
DEBUG: cosmo_colibre ages (Gyr): [4.72410943 2.57658441 3.11871639 3.81205232 5.27574845 3.73699169
 4.50725611 1.57880671 0.85384404 4.9361458 ]
DEBUG: us.look_back_time -> ages (Gyr): [4.72410943 2.57658441 3.11871639 3.81205232 5.27574845 3.73699169
 4.50725611 1.57880671 0.85384405 4.93614581]
[2/100] subhalo 57356 done; total_formed=4.806e+00
Building SWIFTGalaxy for subhalo 2696025 (soap_index=54004466)
Read masses: Nstars=63018, sum_current=8.110299e+10 Msun
DEBUG: sample z (first valid): [1.93672701 1.38973162 0.6042299  7.18075147 2.8473641  1.46487137
 1.04748813 0.53135807 4.02230056 2.72448284]
DEBUG: Planck15 ages (Gyr): [3.38782651 4.56319584 7.88996622 0.73718124 2.27622108 4.36550175
 5.67471662 8.37924539 1.53089954 2.38835151]
DEBUG: cosmo_colibre ages (Gyr): [3.38901461 4.5631769  7.88309709 0.7390236  2.2780391  4.36572706
 5.67299542 8.37091816 1.53287236 2.39012744]
DEBUG: us.look_back_time -> ages (Gyr): [3.38901462 4.5631769  7.88309709 0.73902361 2.27803911 4.36572706
 5.67299542 8.37091816 1.53287236 2.39012745]
[3/100] subhalo 2696025 done; total_formed=1.360e+01
Building SWIFTGalaxy for subhalo 344911 (soap_index=54115811)
Read masses: Nstars=31406, sum_current=4.007402e+10 Msun
DEBUG: sample z (first valid): [7.5544968  2.07709644 0.29815387 5.69076059 1.38659869 1.52177928
 4.76901408 2.23890481 2.54363577 3.96409635]
DEBUG: Planck15 ages (Gyr): [ 0.68936492  3.16424411 10.28941121  0.99666131  4.57174929  4.22477285
  1.24439198  2.93501702  2.57078161  1.55777603]
DEBUG: cosmo_colibre ages (Gyr): [ 0.69118437  3.1655974  10.27431742  0.9985911   4.57171939  4.22516162
  1.24636078  2.93651927  2.57247887  1.55974725]
DEBUG: us.look_back_time -> ages (Gyr): [ 0.69118437  3.1655974  10.27431742  0.99859111  4.5717194   4.22516163
  1.24636078  2.93651927  2.57247887  1.55974725]
[4/100] subhalo 344911 done; total_formed=6.629e+00
Building SWIFTGalaxy for subhalo 7355802 (soap_index=54115849)
Read masses: Nstars=41492, sum_current=5.422377e+10 Msun
DEBUG: sample z (first valid): [2.12582276 4.6760783  3.51225558 1.81342835 5.35963125 2.60881057
 5.02020944 1.37157125 0.20541495 1.29516005]
DEBUG: Planck15 ages (Gyr): [ 3.09221517  1.27500058  1.79604154  3.60629756  1.07542012  2.50247018
  1.16748648  4.61313637 11.22910554  4.83317052]
DEBUG: cosmo_colibre ages (Gyr): [ 3.09361747  1.27697176  1.79798497  3.60730492  1.07736638  2.50419838
  1.16944706  4.61305299 11.21009122  4.83279002]
DEBUG: us.look_back_time -> ages (Gyr): [ 3.09361747  1.27697176  1.79798498  3.60730492  1.07736638  2.50419838
  1.16944706  4.613053   11.21009122  4.83279002]
[5/100] subhalo 7355802 done; total_formed=9.014e+00
Building SWIFTGalaxy for subhalo 717071 (soap_index=54143049)
Read masses: Nstars=20898, sum_current=3.108979e+10 Msun
DEBUG: sample z (first valid): [6.42113011 3.96409635 1.9026486  2.28040845 1.22186059 2.33822331
 6.0643527  2.36772867 3.18386108 2.47045118]
DEBUG: Planck15 ages (Gyr): [0.85326012 1.55777603 3.44601064 2.88057881 5.06042903 2.80745749
 0.91869797 2.77130596 2.00981016 2.6512177 ]
DEBUG: cosmo_colibre ages (Gyr): [0.85514858 1.55974725 3.44715249 2.88211343 5.0597187  2.80903381
 0.92060723 2.77290214 2.01170888 2.65287626]
DEBUG: us.look_back_time -> ages (Gyr): [0.85514858 1.55974725 3.44715249 2.88211343 5.0597187  2.80903381
 0.92060724 2.77290214 2.01170888 2.65287626]
[6/100] subhalo 717071 done; total_formed=5.063e+00
Building SWIFTGalaxy for subhalo 7333029 (soap_index=54156025)
Read masses: Nstars=10283, sum_current=1.569037e+10 Msun
DEBUG: sample z (first valid): [0.97065191 2.43408091 1.64642223 1.83853084 1.80236039 2.98249878
 0.17237925 2.53369999 3.86786006 3.8624425 ]
DEBUG: Planck15 ages (Gyr): [ 5.9835606   2.69274261  3.94092247  3.55999287  3.62702561  2.16259934
 11.59372676  2.58146495  1.60396499  1.60663249]
DEBUG: cosmo_colibre ages (Gyr): [ 5.98126404  2.69438021  3.94161509  3.56104016  3.62801482  2.16445512
 11.57309373  2.58315721  1.60593272  1.60859999]
DEBUG: us.look_back_time -> ages (Gyr): [ 5.98126405  2.69438022  3.94161509  3.56104016  3.62801482  2.16445512
 11.57309373  2.58315721  1.60593272  1.60859999]
[7/100] subhalo 7333029 done; total_formed=2.621e+00
Building SWIFTGalaxy for subhalo 346131 (soap_index=54169281)
Read masses: Nstars=180759, sum_current=2.326531e+11 Msun
DEBUG: sample z (first valid): [9.14567691 2.4094267  1.27634595 2.05700159 1.25535137 5.79340728
 1.97809688 2.60881057 3.17293855 2.35462735]
DEBUG: Planck15 ages (Gyr): [0.53354024 2.72150222 4.88992678 3.19475116 4.95452618 0.9741745
 3.31931645 2.50247018 2.01763544 2.78726355]
DEBUG: cosmo_colibre ages (Gyr): [0.53526505 2.72312494 4.88946611 3.19608307 4.95397248 0.97609882
 3.32055728 2.50419838 2.01953218 2.78885103]
DEBUG: us.look_back_time -> ages (Gyr): [0.53526505 2.72312494 4.88946611 3.19608307 4.95397248 0.97609883
 3.32055728 2.50419838 2.01953218 2.78885103]
[8/100] subhalo 346131 done; total_formed=3.889e+01
Building SWIFTGalaxy for subhalo 1449158 (soap_index=54191161)
Read masses: Nstars=30943, sum_current=4.089443e+10 Msun
DEBUG: sample z (first valid): [4.54496996 8.82106998 6.55806712 5.3918853  3.56760524 2.43372105
 7.23058085 3.03546798 6.4362873  0.75511516]
DEBUG: Planck15 ages (Gyr): [1.3203581  0.56025624 0.83017444 1.06730071 1.76371029 2.69315879
 0.7304923  2.1205923  0.8506526  7.00527024]
DEBUG: cosmo_colibre ages (Gyr): [1.3223319  0.56199977 0.83205471 1.06924545 1.76565889 2.69479618
 0.7323316  2.12246078 0.85254016 7.00074298]
DEBUG: us.look_back_time -> ages (Gyr): [1.32233191 0.56199977 0.83205471 1.06924546 1.76565889 2.69479619
 0.73233161 2.12246078 0.85254016 7.00074298]
[9/100] subhalo 1449158 done; total_formed=6.850e+00
Building SWIFTGalaxy for subhalo 1431818 (soap_index=54219189)
Read masses: Nstars=24676, sum_current=3.292868e+10 Msun
DEBUG: sample z (first valid): [0.83533102 5.4771694  2.29525342 8.33494765 1.65177632 0.18116935
 7.         6.76033156 3.53504948 2.24050633]
DEBUG: Planck15 ages (Gyr): [ 6.59544781  1.04631532  2.8615081   0.60465415  3.92942447 11.49507589
  0.76232083  0.79792282  1.78260915  2.93288522]
DEBUG: cosmo_colibre ages (Gyr): [ 6.59187613  1.04825596  2.86305379  0.60642635  3.93012868 11.47488601
  0.76417426  0.79979087  1.78455478  2.93438875]
DEBUG: us.look_back_time -> ages (Gyr): [ 6.59187613  1.04825597  2.86305379  0.60642635  3.93012868 11.47488601
  0.76417426  0.79979087  1.78455479  2.93438875]
[10/100] subhalo 1431818 done; total_formed=5.500e+00
Building SWIFTGalaxy for subhalo 1432174 (soap_index=54244306)
Read masses: Nstars=35763, sum_current=4.758066e+10 Msun
DEBUG: sample z (first valid): [4.00963155 4.00963155 2.5726123  3.8348211  0.02259393 0.02131904
 0.76399655 6.91880135 7.64191996 6.05370789]
DEBUG: Planck15 ages (Gyr): [ 1.53668385  1.53668385  2.54003654  1.6203477  13.47680372 13.49462638
  6.95798929  0.77408185  0.67892094  0.92077763]
DEBUG: cosmo_colibre ages (Gyr): [ 1.53865636  1.53865636  2.54174794  1.62231396 13.44702152 13.46475173
  6.95357645  0.77594025  0.68073504  0.9226875 ]
DEBUG: us.look_back_time -> ages (Gyr): [ 1.53865636  1.53865636  2.54174795  1.62231397 13.44702152 13.46475173
  6.95357645  0.77594025  0.68073504  0.9226875 ]
[11/100] subhalo 1432174 done; total_formed=7.896e+00
Building SWIFTGalaxy for subhalo 298005 (soap_index=54305920)
Read masses: Nstars=73644, sum_current=9.811537e+10 Msun
DEBUG: sample z (first valid): [6.79170134 0.85507246 1.23032943 1.29114809 0.19994141 1.86008554
 1.23596042 5.28883984 4.6992782  0.85675431]
DEBUG: Planck15 ages (Gyr): [ 0.7931073   6.50026661  5.03331117  4.84518484 11.28837407  3.52099892
  5.01540808  1.09360469  1.2672435   6.4922564 ]
DEBUG: cosmo_colibre ages (Gyr): [ 0.79497344  6.49690518  5.03264143  4.84478749 11.26910023  3.52207915
  5.01476496  1.09555419  1.26921412  6.48891245]
DEBUG: us.look_back_time -> ages (Gyr): [ 0.79497345  6.49690518  5.03264143  4.84478749 11.26910023  3.52207915
  5.01476496  1.09555419  1.26921412  6.48891246]
[12/100] subhalo 298005 done; total_formed=1.643e+01
Building SWIFTGalaxy for subhalo 1281127 (soap_index=54314815)
Read masses: Nstars=23141, sum_current=3.416570e+10 Msun
DEBUG: sample z (first valid): [3.48477383 0.80838852 2.78339684 1.0150043  2.49078513 1.43809524
 2.58512035 0.85129944 1.3518266  2.14170662]
DEBUG: Planck15 ages (Gyr): [1.81246051 6.72887244 2.33348241 5.80215854 2.62845823 4.43434519
 2.52695146 6.51829254 4.66843453 3.06931285]
DEBUG: cosmo_colibre ages (Gyr): [1.81440116 6.72499864 2.33527954 5.80020542 2.63012799 4.43448738
 2.52866878 6.51489162 4.66827852 3.07073031]
DEBUG: us.look_back_time -> ages (Gyr): [1.81440117 6.72499864 2.33527954 5.80020542 2.63012799 4.43448738
 2.52866878 6.51489163 4.66827852 3.07073031]
[13/100] subhalo 1281127 done; total_formed=5.589e+00
Building SWIFTGalaxy for subhalo 15421339 (soap_index=54382507)
Read masses: Nstars=36727, sum_current=4.634118e+10 Msun
DEBUG: sample z (first valid): [5.74516262 5.42446819 0.20479447 0.20390918 0.19994141 0.04623244
 4.77460569 3.1854643  2.88246445 3.91384869]
DEBUG: Planck15 ages (Gyr): [ 0.98463734  1.05920137 11.23580179 11.24536581 11.28837407 13.15223978
  1.24258933  2.00866578  2.24577741  1.58161349]
DEBUG: cosmo_colibre ages (Gyr): [ 0.98656425  1.06114456 11.21675821 11.22628043 11.26910023 13.12412303
  1.24455797  2.01056479  2.24760603  1.58358302]
DEBUG: us.look_back_time -> ages (Gyr): [ 0.98656425  1.06114457 11.21675821 11.22628043 11.26910023 13.12412303
  1.24455797  2.01056479  2.24760603  1.58358302]
[14/100] subhalo 15421339 done; total_formed=7.778e+00
Building SWIFTGalaxy for subhalo 1276086 (soap_index=54389726)
Read masses: Nstars=25431, sum_current=3.687224e+10 Msun
DEBUG: sample z (first valid): [6.39100034 0.17162471 3.35918585 3.60483418 6.15458515 5.38565722
 0.17701149 0.30083366 3.60936841 1.61037202]
DEBUG: Planck15 ages (Gyr): [ 0.858483   11.60225109  1.89075433  1.74250176  0.90137836  1.06886057
 11.54158938 10.26397174  1.73994755  4.01977817]
DEBUG: cosmo_colibre ages (Gyr): [ 0.86037325 11.58157958  1.8926802   1.74445351  0.90328246  1.07080562
 11.52119102 10.24897888  1.74189967  4.02038981]
DEBUG: us.look_back_time -> ages (Gyr): [ 0.86037326 11.58157958  1.89268021  1.74445352  0.90328246  1.07080562
 11.52119102 10.24897888  1.74189967  4.02038981]
[15/100] subhalo 1276086 done; total_formed=6.076e+00
Building SWIFTGalaxy for subhalo 2425169 (soap_index=54464989)
Read masses: Nstars=76693, sum_current=9.833872e+10 Msun
DEBUG: sample z (first valid): [4.01999234 5.33381657 6.01069748 5.4771694  0.32481604 0.4737789
 4.35162502 5.14380801 3.46217744 4.43912358]
DEBUG: Planck15 ages (Gyr): [ 1.53195072  1.08199272  0.92926071  1.04631532 10.04032145  8.7987696
  1.39231599  1.13249512  1.82614766  1.35896528]
DEBUG: cosmo_colibre ages (Gyr): [ 1.53392348  1.08394017  0.93117302  1.04825596 10.02620375  8.78910097
  1.39429184  1.13445086  1.8280859   1.3609405 ]
DEBUG: us.look_back_time -> ages (Gyr): [ 1.53392349  1.08394018  0.93117302  1.04825597 10.02620375  8.78910097
  1.39429184  1.13445086  1.8280859   1.3609405 ]
[16/100] subhalo 2425169 done; total_formed=1.648e+01
Building SWIFTGalaxy for subhalo 48105 (soap_index=54502929)
Read masses: Nstars=47421, sum_current=6.223899e+10 Msun
DEBUG: sample z (first valid): [1.92780558 0.99853623 4.85142857 0.73909351 0.91917535 4.47227789
 1.16992252 3.795551   3.67080037 7.43394891]
DEBUG: Planck15 ages (Gyr): [3.40290312 5.86849357 1.21825501 7.09182127 6.20547652 1.34667298
 5.23193946 1.64018367 1.70594355 0.7042107 ]
DEBUG: cosmo_colibre ages (Gyr): [3.40407936 5.86641669 1.22022138 7.08708173 6.20273839 1.34864783
 5.23096455 1.64214801 1.70790031 0.70603753]
DEBUG: us.look_back_time -> ages (Gyr): [3.40407937 5.86641669 1.22022139 7.08708173 6.20273839 1.34864783
 5.23096456 1.64214801 1.70790031 0.70603753]
[17/100] subhalo 48105 done; total_formed=1.044e+01
Building SWIFTGalaxy for subhalo 1284081 (soap_index=54537472)
Read masses: Nstars=85832, sum_current=1.123536e+11 Msun
DEBUG: sample z (first valid): [1.6856815  4.59037789 3.67313177 1.67887508 3.45187148 2.78908418
 1.71235825 0.31145441 0.07260229 3.21968965]
DEBUG: Planck15 ages (Gyr): [ 3.85785664  1.30435001  1.70467477  3.87205361  1.83244709  2.32829558
  3.8030185  10.16404182 12.80298345  1.98449009]
DEBUG: cosmo_colibre ages (Gyr): [ 3.85863173  1.30632301  1.70663169  3.87281481  1.8343842   2.33009465
  3.80384646 10.1494427  12.7766194   1.98639505]
DEBUG: us.look_back_time -> ages (Gyr): [ 3.85863174  1.30632301  1.70663169  3.87281481  1.8343842   2.33009466
  3.80384646 10.1494427  12.7766194   1.98639506]
[18/100] subhalo 1284081 done; total_formed=1.874e+01
Building SWIFTGalaxy for subhalo 47124 (soap_index=54561114)
Read masses: Nstars=44569, sum_current=5.722965e+10 Msun
DEBUG: sample z (first valid): [1.78001188 0.93481342 0.74967962 1.56060014 0.30342084 1.25986207
 0.86160664 0.84920993 1.7464588  2.89030037]
DEBUG: Planck15 ages (Gyr): [ 3.6694746   6.13671851  7.03445095  4.13291546 10.23949804  4.94053264
  6.46923157  6.52830868  3.73473826  2.23907268]
DEBUG: cosmo_colibre ages (Gyr): [ 3.67042608  6.13411973  7.02985253  4.13340632 10.22460202  4.93999925
  6.46593774  6.52488576  3.73563029  2.24090359]
DEBUG: us.look_back_time -> ages (Gyr): [ 3.67042608  6.13411973  7.02985253  4.13340632 10.22460202  4.93999925
  6.46593774  6.52488576  3.7356303   2.24090359]
[19/100] subhalo 47124 done; total_formed=9.619e+00
Building SWIFTGalaxy for subhalo 5227883 (soap_index=54645741)
Read masses: Nstars=23010, sum_current=3.191468e+10 Msun
DEBUG: sample z (first valid): [1.27887892 0.36317497 0.15453456 0.18074373 0.22763375 0.1419809
 0.15894461 0.17313476 1.09849504 8.29720528]
DEBUG: Planck15 ages (Gyr): [ 4.88222382  9.69710896 11.79774269 11.49982491 10.99304184 11.94434109
 11.74685043 11.58520039  5.48331319  0.6083449 ]
DEBUG: cosmo_colibre ages (Gyr): [ 4.88177411  9.68429128 11.77618115 11.47961378 10.97504699 11.92210247
 11.72552202 11.56460581  5.48192587  0.61011935]
DEBUG: us.look_back_time -> ages (Gyr): [ 4.88177411  9.68429128 11.77618115 11.47961378 10.97504699 11.92210247
 11.72552202 11.56460581  5.48192587  0.61011936]
[20/100] subhalo 5227883 done; total_formed=5.286e+00
Building SWIFTGalaxy for subhalo 139766 (soap_index=54768597)
Read masses: Nstars=15728, sum_current=2.167721e+10 Msun
DEBUG: sample z (first valid): [8.1009582  1.31920164 1.25070403 1.25846027 1.41527235 3.72297492
 1.45858343 1.43501523 1.30858109 2.17242715]
DEBUG: Planck15 ages (Gyr): [0.6281539  4.76216138 4.96900978 4.94487469 4.4944124  1.67791874
 4.38151341 4.44237591 4.79332327 3.02579767]
DEBUG: cosmo_colibre ages (Gyr): [0.62994013 4.76187914 4.96843496 4.94433501 4.49448039 1.67987894
 4.38171957 4.44250828 4.7929982  3.02724337]
DEBUG: us.look_back_time -> ages (Gyr): [0.62994014 4.76187914 4.96843496 4.94433501 4.49448039 1.67987895
 4.38171957 4.44250828 4.7929982  3.02724337]
[21/100] subhalo 139766 done; total_formed=3.620e+00
Building SWIFTGalaxy for subhalo 19912106 (soap_index=54768874)
Read masses: Nstars=6297, sum_current=8.788020e+09 Msun
DEBUG: sample z (first valid): [1.71708126 1.87438596 1.68458135 2.9844358  1.78876596 1.796859
 2.02762635 4.58085668 1.97620345 1.8172986 ]
DEBUG: Planck15 ages (Gyr): [3.79344125 3.49551032 3.86014563 2.16103908 3.65275134 3.63740073
 3.24021991 1.30767984 3.32240256 3.59909476]
DEBUG: cosmo_colibre ages (Gyr): [3.79427831 3.49661175 3.86091849 2.16289534 3.65371777 3.63838079
 3.24151929 1.30965302 3.32364105 3.60010839]
DEBUG: us.look_back_time -> ages (Gyr): [3.79427832 3.49661175 3.86091849 2.16289534 3.65371777 3.63838079
 3.24151929 1.30965302 3.32364105 3.60010839]
[22/100] subhalo 19912106 done; total_formed=1.472e+00
Building SWIFTGalaxy for subhalo 7017288 (soap_index=54811104)
Read masses: Nstars=55170, sum_current=7.404679e+10 Msun
DEBUG: sample z (first valid): [0.89191686 0.6496174  1.47623366 1.42205632 2.39740798 1.85013482
 1.56581317 3.32809404 0.89300982 3.45459489]
DEBUG: Planck15 ages (Gyr): [6.32823513 7.60671706 4.33680635 4.47642195 2.73570564 3.53891369
 4.12082597 1.91100413 6.32324043 1.83077893]
DEBUG: cosmo_colibre ages (Gyr): [6.32524255 7.60063916 4.33706568 4.47651233 2.73732088 3.53997885
 4.12133    1.91292578 6.32025834 1.83271634]
DEBUG: us.look_back_time -> ages (Gyr): [6.32524255 7.60063917 4.33706568 4.47651233 2.73732088 3.53997886
 4.12133    1.91292578 6.32025835 1.83271635]
[23/100] subhalo 7017288 done; total_formed=1.234e+01
Building SWIFTGalaxy for subhalo 311912 (soap_index=54831144)
Read masses: Nstars=79166, sum_current=1.068561e+11 Msun
DEBUG: sample z (first valid): [0.01637717 6.71283983 1.71168487 2.83251462 1.90470703 0.13991512
 3.08909964 2.03070662 5.99647699 7.50233524]
DEBUG: Planck15 ages (Gyr): [13.56402516  0.80530626  3.80438716  2.2893059   3.44245009 11.96871249
  2.07941479  3.23540264  0.93209406  0.69572429]
DEBUG: cosmo_colibre ages (Gyr): [13.53378954  0.80717719  3.80521381  2.29111926  3.44359481 11.94636053
  2.08129507  3.2367055   0.93400717  0.69754692]
DEBUG: us.look_back_time -> ages (Gyr): [13.53378954  0.8071772   3.80521381  2.29111926  3.44359481 11.94636053
  2.08129507  3.2367055   0.93400717  0.69754693]
[24/100] subhalo 311912 done; total_formed=1.777e+01
Building SWIFTGalaxy for subhalo 5301966 (soap_index=54860359)
Read masses: Nstars=12571, sum_current=1.615866e+10 Msun
DEBUG: sample z (first valid): [0.6631814  0.71974389 1.91297004 0.15161313 2.04591932 5.9682084
 2.15623194 0.30477025 0.21335999 0.57432497]
DEBUG: Planck15 ages (Gyr): [ 7.52506098  7.19855701  3.42821739 11.83162912  3.21178186  0.93776923
  3.04861121 10.22676683 11.14386541  8.08541035]
DEBUG: cosmo_colibre ages (Gyr): [ 7.51920395  7.19355065  3.42937353 11.8099118   3.21310168  0.93968393
  3.05004219 10.21192108 11.12522182  8.0779726 ]
DEBUG: us.look_back_time -> ages (Gyr): [ 7.51920395  7.19355066  3.42937353 11.8099118   3.21310169  0.93968393
  3.05004219 10.21192108 11.12522182  8.0779726 ]
[25/100] subhalo 5301966 done; total_formed=2.708e+00
Building SWIFTGalaxy for subhalo 2587665 (soap_index=54904171)
Read masses: Nstars=24987, sum_current=3.424350e+10 Msun
DEBUG: sample z (first valid): [4.53934579 0.88430132 5.18789538 1.42384792 3.75208469 1.02109418
 0.52098032 0.68524995 1.19096015 4.46133333]
DEBUG: Planck15 ages (Gyr): [1.32236353 6.36320826 1.12043307 4.4716901  1.66261244 5.77792579
 8.45261823 7.39503165 5.16137213 1.35071033]
DEBUG: cosmo_colibre ages (Gyr): [1.32433742 6.36014185 1.12238696 4.47178635 1.6645744  5.77601737
 8.44406243 7.38951962 5.16050772 1.3526853 ]
DEBUG: us.look_back_time -> ages (Gyr): [1.32433743 6.36014185 1.12238697 4.47178635 1.6645744  5.77601737
 8.44406243 7.38951962 5.16050772 1.35268531]
[26/100] subhalo 2587665 done; total_formed=5.639e+00
Building SWIFTGalaxy for subhalo 1335532 (soap_index=54911156)
Read masses: Nstars=38537, sum_current=5.134753e+10 Msun
DEBUG: sample z (first valid): [6.11111111 3.65190233 1.66536522 7.         4.780718   0.01023554
 0.71722042 2.9863747  1.75477091 1.78995317]
DEBUG: Planck15 ages (Gyr): [ 0.9096546   1.71628608  3.90048463  0.76232083  1.24062376 13.65097093
  7.21265821  2.15947915  3.7183959   3.65049289]
DEBUG: cosmo_colibre ages (Gyr): [ 0.9115612   1.71824148  3.90121776  0.76417426  1.24259223 13.6202809
  7.20761619  2.1613359   3.71930298  3.65146133]
DEBUG: us.look_back_time -> ages (Gyr): [ 0.9115612   1.71824148  3.90121776  0.76417426  1.24259224 13.6202809
  7.20761619  2.1613359   3.71930298  3.65146134]
[27/100] subhalo 1335532 done; total_formed=8.608e+00
Building SWIFTGalaxy for subhalo 142786 (soap_index=54914154)
Read masses: Nstars=25843, sum_current=3.611266e+10 Msun
DEBUG: sample z (first valid): [4.75735746 5.41126981 3.80539669 0.82044444 0.3410821  3.97426945
 1.16005274 0.31408406 0.89017074 4.42786152]
DEBUG: Planck15 ages (Gyr): [ 1.24816389  1.06246983  1.63517282  6.66865767  9.8926491   1.55302233
  5.26557512 10.13951824  6.33622742  1.36318322]
DEBUG: cosmo_colibre ages (Gyr): [ 1.25013301  1.06441366  1.63713766  6.66492129  9.87909719  1.55499386
  5.26454674 10.12501508  6.33321801  1.36515854]
DEBUG: us.look_back_time -> ages (Gyr): [ 1.25013301  1.06441366  1.63713766  6.66492129  9.87909719  1.55499386
  5.26454674 10.12501508  6.33321802  1.36515855]
[28/100] subhalo 142786 done; total_formed=5.931e+00
Building SWIFTGalaxy for subhalo 315111 (soap_index=54958931)
Read masses: Nstars=12602, sum_current=1.674524e+10 Msun
DEBUG: sample z (first valid): [5.37261766 4.75735746 2.96227328 0.38249937 2.24050633 7.08188433
 5.70445013 4.275801   6.15458515 0.6042299 ]
DEBUG: Planck15 ages (Gyr): [1.07213871 1.24816389 2.17900266 9.53068021 2.93288522 0.75075824
 0.99361276 1.42232989 0.90137836 7.88996622]
DEBUG: cosmo_colibre ages (Gyr): [1.07408437 1.25013301 2.18085329 9.5184739  2.93438875 0.75260666
 0.99554183 1.42430584 0.90328246 7.88309709]
DEBUG: us.look_back_time -> ages (Gyr): [1.07408437 1.25013301 2.1808533  9.5184739  2.93438875 0.75260666
 0.99554184 1.42430584 0.90328246 7.88309709]
[29/100] subhalo 315111 done; total_formed=2.792e+00
Building SWIFTGalaxy for subhalo 671995 (soap_index=54969335)
Read masses: Nstars=15050, sum_current=1.931798e+10 Msun
DEBUG: sample z (first valid): [3.59998596 3.69926861 5.50352287 3.2800418  0.33834341 5.00806747
 5.95415959 4.99597438 0.26302806 3.80539669]
DEBUG: Planck15 ages (Gyr): [ 1.74523972  1.69055703  1.03996892  1.94301358  9.9172896   1.17102065
  0.94061105  1.17455828 10.63148609  1.63517282]
DEBUG: cosmo_colibre ages (Gyr): [ 1.74719107  1.69251572  1.04190827  1.94492822  9.90364395  1.17298168
  0.94252653  1.17651975 10.61500809  1.63713766]
DEBUG: us.look_back_time -> ages (Gyr): [ 1.74719108  1.69251572  1.04190828  1.94492822  9.90364395  1.17298168
  0.94252654  1.17651976 10.61500809  1.63713766]
[30/100] subhalo 671995 done; total_formed=3.238e+00
Building SWIFTGalaxy for subhalo 3894350 (soap_index=55050968)
Read masses: Nstars=79029, sum_current=1.042193e+11 Msun
DEBUG: sample z (first valid): [3.31498551 1.88501497 1.13472313 1.89521117 7.57183964 3.76660121
 2.54363577 1.53347766 2.8044816  2.42331801]
DEBUG: Planck15 ages (Gyr): [1.91964929 3.47675948 5.35348305 3.45892553 0.68727191 1.65506566
 2.57078161 4.19674846 2.31434815 2.70523606]
DEBUG: cosmo_colibre ages (Gyr): [1.92156908 3.47787633 5.35231241 3.46005693 0.6890903  1.65702844
 2.57247887 4.19716877 2.3161524  2.70686724]
DEBUG: us.look_back_time -> ages (Gyr): [1.92156909 3.47787634 5.35231241 3.46005693 0.6890903  1.65702845
 2.57247887 4.19716877 2.3161524  2.70686724]
[31/100] subhalo 3894350 done; total_formed=1.739e+01
Building SWIFTGalaxy for subhalo 144581 (soap_index=55163756)
Read masses: Nstars=38021, sum_current=5.412834e+10 Msun
DEBUG: sample z (first valid): [1.30387401 1.33573312 1.17006623 3.45066214 0.91334813 1.16604971
 0.40334047 0.55210307 1.1832234  1.46042949]
DEBUG: Planck15 ages (Gyr): [4.80723872 4.71429635 5.23145225 1.83318864 6.23140571 5.24509705
 9.35585196 8.23540866 5.18714719 4.37680281]
DEBUG: cosmo_colibre ages (Gyr): [4.80689437 4.71407907 5.23047811 1.83512562 6.22861444 5.24410128
 9.3442743  8.22752202 5.18624269 4.37701461]
DEBUG: us.look_back_time -> ages (Gyr): [4.80689438 4.71407907 5.23047811 1.83512562 6.22861445 5.24410129
 9.3442743  8.22752202 5.18624269 4.37701461]
[32/100] subhalo 144581 done; total_formed=8.930e+00
Building SWIFTGalaxy for subhalo 321039 (soap_index=55195551)
Read masses: Nstars=465193, sum_current=5.755307e+11 Msun
DEBUG: sample z (first valid): [4.243719   3.78574558 0.85822842 5.69076059 1.50903522 1.34761427
 1.41527235 1.41402682 1.41402682 4.29755072]
DEBUG: Planck15 ages (Gyr): [1.43535363 1.64519936 6.48524812 0.99666131 4.25564704 4.68036926
 4.4944124  4.49772805 4.49772805 1.4136116 ]
DEBUG: cosmo_colibre ages (Gyr): [1.43732949 1.64716318 6.48191946 0.9985911  4.25600069 4.6801974
 4.49448039 4.4977919  4.4977919  1.41558756]
DEBUG: us.look_back_time -> ages (Gyr): [1.4373295  1.64716319 6.48191946 0.99859111 4.25600069 4.6801974
 4.49448039 4.4977919  4.4977919  1.41558757]
[33/100] subhalo 321039 done; total_formed=9.617e+01
Building SWIFTGalaxy for subhalo 322402 (soap_index=55212652)
Read masses: Nstars=28872, sum_current=3.922518e+10 Msun
DEBUG: sample z (first valid): [6.80748153 8.58478976 7.03235691 1.4861912  2.17242715 3.10987081
 0.13305671 6.9351011  2.76600391 4.80426889]
DEBUG: Planck15 ages (Gyr): [ 0.79070314  0.58113362  0.75771668  4.31190728  3.02579767  2.06382046
 12.05013384  0.77169686  2.34946341  1.23309842]
DEBUG: cosmo_colibre ages (Gyr): [ 0.79256832  0.582891    0.75956813  4.31219586  3.02724337  2.06570504
 12.02740155  0.77355426  2.35125449  1.23506621]
DEBUG: us.look_back_time -> ages (Gyr): [ 0.79256833  0.582891    0.75956814  4.31219586  3.02724337  2.06570504
 12.02740155  0.77355427  2.35125449  1.23506622]
[34/100] subhalo 322402 done; total_formed=6.556e+00
Building SWIFTGalaxy for subhalo 5393 (soap_index=55222070)
Read masses: Nstars=419401, sum_current=5.212503e+11 Msun
DEBUG: sample z (first valid): [0.74520665 1.0108002  2.79962894 8.33494765 0.78338957 0.88908106
 0.65461523 1.15465544 0.67576966 0.76134165]
DEBUG: Planck15 ages (Gyr): [7.05860451 5.81898076 2.31872894 0.60465415 6.85644052 6.34122307
 7.57647367 5.28411405 7.45046708 6.97207138]
DEBUG: cosmo_colibre ages (Gyr): [7.05394687 5.81699645 2.32053157 0.60642635 6.85226975 6.33820314
 7.57047795 5.28305596 7.44480897 6.96762458]
DEBUG: us.look_back_time -> ages (Gyr): [7.05394687 5.81699645 2.32053157 0.60642635 6.85226975 6.33820314
 7.57047796 5.28305596 7.44480898 6.96762458]
[35/100] subhalo 5393 done; total_formed=8.729e+01
Building SWIFTGalaxy for subhalo 702005 (soap_index=55286269)
Read masses: Nstars=30267, sum_current=4.005413e+10 Msun
DEBUG: sample z (first valid): [3.8248546  7.38270657 2.91026253 2.48040361 0.71201672 5.60312343
 2.37501287 3.01077111 4.60711841 1.39935564]
DEBUG: Planck15 ages (Gyr): [1.62534418 0.71068305 2.22214058 2.64003781 7.24187048 1.01655108
 2.76249844 2.14000894 1.29852939 4.53708046]
DEBUG: cosmo_colibre ages (Gyr): [1.62730997 0.71251301 2.22397719 2.64170189 7.23675426 1.01848542
 2.76409938 2.14187163 1.30050206 4.53709477]
DEBUG: us.look_back_time -> ages (Gyr): [1.62730997 0.71251302 2.22397719 2.6417019  7.23675426 1.01848542
 2.76409938 2.14187163 1.30050207 4.53709477]
[36/100] subhalo 702005 done; total_formed=6.699e+00
Building SWIFTGalaxy for subhalo 2643822 (soap_index=55314161)
Read masses: Nstars=26787, sum_current=3.435039e+10 Msun
DEBUG: sample z (first valid): [4.04550004 2.75866024 0.943074   0.88343488 0.70029058 4.06578032
 3.45762481 2.85143394 0.58882855 4.91106702]
DEBUG: Planck15 ages (Gyr): [1.52040039 2.35626515 6.10087704 6.36720632 7.30836562 1.51131974
 1.82892598 2.27265639 7.98972001 1.19990424]
DEBUG: cosmo_colibre ages (Gyr): [1.52237375 2.35805362 6.09835    6.36413143 7.30307897 1.51329352
 1.83086373 2.27447567 7.98256296 1.20186869]
DEBUG: us.look_back_time -> ages (Gyr): [1.52237375 2.35805362 6.09835    6.36413143 7.30307897 1.51329353
 1.83086373 2.27447568 7.98256296 1.20186869]
[37/100] subhalo 2643822 done; total_formed=5.775e+00
Building SWIFTGalaxy for subhalo 151378 (soap_index=55404138)
Read masses: Nstars=264531, sum_current=3.401642e+11 Msun
DEBUG: sample z (first valid): [1.28986723 0.31640688 4.65306651 0.3741508  0.33420195 1.52430475
 5.34669766 1.31690589 0.66487146 7.09786235]
DEBUG: Planck15 ages (Gyr): [ 4.8490306  10.11792755  1.28277292  9.60206277  9.95472156  4.21869741
  1.07870479  4.76886989  7.51498032  0.74853601]
DEBUG: cosmo_colibre ages (Gyr): [ 4.84862784 10.10350865  1.28474463  9.58959577  9.940933    4.21909304
  1.08065165  4.76857847  7.50915033  0.75038345]
DEBUG: us.look_back_time -> ages (Gyr): [ 4.84862785 10.10350866  1.28474463  9.58959577  9.94093301  4.21909305
  1.08065165  4.76857847  7.50915033  0.75038346]
[38/100] subhalo 151378 done; total_formed=5.665e+01
Building SWIFTGalaxy for subhalo 1417459 (soap_index=55441626)
Read masses: Nstars=83329, sum_current=1.089025e+11 Msun
DEBUG: sample z (first valid): [2.01065785 0.67748541 1.0345213  2.27221889 1.59117508 1.59980958
 2.83970002 2.8365531  0.99149143 0.91334813]
DEBUG: Planck15 ages (Gyr): [3.26696837 7.44038746 5.72505562 2.89118893 4.06281566 4.04336635
 2.28295894 2.28573509 5.89723492 6.23140571]
DEBUG: cosmo_colibre ages (Gyr): [3.26824823 7.43475603 5.72324374 2.89271734 4.063382   4.04395326
 2.28477457 2.28754973 5.89510376 6.22861444]
DEBUG: us.look_back_time -> ages (Gyr): [3.26824823 7.43475603 5.72324374 2.89271734 4.06338201 4.04395326
 2.28477457 2.28754973 5.89510376 6.22861445]
[39/100] subhalo 1417459 done; total_formed=1.815e+01
Building SWIFTGalaxy for subhalo 152129 (soap_index=55466857)
Read masses: Nstars=12611, sum_current=1.636417e+10 Msun
DEBUG: sample z (first valid): [2.03379317 2.27581725 1.20126293 2.00458463 2.0265078  1.91815834
 2.69175304 0.82877553 1.29628591 2.14834743]
DEBUG: Planck15 ages (Gyr): [3.23058726 2.88651914 5.12736283 3.27662963 3.24197212 3.41932967
 2.41975907 6.62753259 4.82980751 3.05981985]
DEBUG: cosmo_colibre ages (Gyr): [3.2318936  2.88805028 5.12655086 3.27790236 3.24327023 3.4204929
 2.42152236 6.62388904 4.82943171 3.06124354]
DEBUG: us.look_back_time -> ages (Gyr): [3.2318936  2.88805028 5.12655086 3.27790236 3.24327023 3.4204929
 2.42152237 6.62388905 4.82943172 3.06124354]
[40/100] subhalo 152129 done; total_formed=2.745e+00
Building SWIFTGalaxy for subhalo 57251 (soap_index=55481642)
Read masses: Nstars=37066, sum_current=5.048351e+10 Msun
DEBUG: sample z (first valid): [3.22186433 2.03829393 4.55060557 0.81660938 1.2530253  0.83143304
 1.16992252 1.13611473 0.43229303 2.66041108]
DEBUG: Planck15 ages (Gyr): [1.98297023 3.22358649 1.31835365 6.6877217  4.96176703 6.61449676
 5.23193946 5.34859323 9.12072273 2.45047747]
DEBUG: cosmo_colibre ages (Gyr): [1.98487556 3.22489786 1.32032736 6.683942   4.96120278 6.61088248
 5.23096455 5.34743059 9.10996842 2.45222803]
DEBUG: us.look_back_time -> ages (Gyr): [1.98487556 3.22489786 1.32032737 6.683942   4.96120278 6.61088248
 5.23096456 5.34743059 9.10996842 2.45222804]
[41/100] subhalo 57251 done; total_formed=8.445e+00
Building SWIFTGalaxy for subhalo 335830 (soap_index=55484908)
Read masses: Nstars=131725, sum_current=1.696657e+11 Msun
DEBUG: sample z (first valid): [0.92889098 0.9209755  4.79246951 1.81560406 0.03722461 1.18206033
 0.58161985 0.07832039 0.41448675 0.69378683]
DEBUG: Planck15 ages (Gyr): [ 6.16261793  6.19750051  1.23685924  3.60224554 13.2746131   5.19103963
  8.0370661  12.72897507  9.26428286  7.34564961]
DEBUG: cosmo_colibre ages (Gyr): [ 6.15996693  6.19477866  1.23882738  3.60325643 13.24587249  5.19012905
  8.02977072 12.70297703  9.25302888  7.34026645]
DEBUG: us.look_back_time -> ages (Gyr): [ 6.15996693  6.19477866  1.23882738  3.60325644 13.24587249  5.19012905
  8.02977072 12.70297703  9.25302888  7.34026646]
[42/100] subhalo 335830 done; total_formed=2.819e+01
Building SWIFTGalaxy for subhalo 1425173 (soap_index=55562773)
Read masses: Nstars=37179, sum_current=4.976511e+10 Msun
DEBUG: sample z (first valid): [5.43772102 3.31953599 0.65913924 5.08166295 3.71821454 0.12612551
 4.59610622 0.44709415 0.06875408 0.25788868]
DEBUG: Planck15 ages (Gyr): [ 1.05593618  1.91664091  7.54925495  1.14986771  1.68044401 12.13321997
  1.30235342  9.0038819  12.85313185 10.68291163]
DEBUG: cosmo_colibre ages (Gyr): [ 1.05787874  1.91856135  7.54333282  1.15182594  1.68240392 12.11009703
  1.30432631  8.9935272  12.8265187  10.66622122]
DEBUG: us.look_back_time -> ages (Gyr): [ 1.05787875  1.91856136  7.54333282  1.15182594  1.68240392 12.11009703
  1.30432632  8.9935272  12.8265187  10.66622122]
[43/100] subhalo 1425173 done; total_formed=8.303e+00
Building SWIFTGalaxy for subhalo 342921 (soap_index=55611570)
Read masses: Nstars=42447, sum_current=5.536384e+10 Msun
DEBUG: sample z (first valid): [4.00465827 5.34669766 1.58137703 0.48204432 0.45752157 0.42098873
 0.33181596 0.26978222 0.33845274 0.33725106]
DEBUG: Planck15 ages (Gyr): [ 1.53896442  1.07870479  4.08506952  8.73664552  8.92289458  9.21147725
  9.97638068 10.56444493  9.91630419  9.92714265]
DEBUG: cosmo_colibre ages (Gyr): [ 1.5409368   1.08065165  4.08561213  8.72718079  8.91281313  9.20040817
  9.96250915 10.54824215  9.9026623   9.91345945]
DEBUG: us.look_back_time -> ages (Gyr): [ 1.5409368   1.08065165  4.08561213  8.7271808   8.91281313  9.20040817
  9.96250915 10.54824215  9.9026623   9.91345945]
[44/100] subhalo 342921 done; total_formed=9.223e+00
Building SWIFTGalaxy for subhalo 344877 (soap_index=55618645)
Read masses: Nstars=76505, sum_current=1.078501e+11 Msun
DEBUG: sample z (first valid): [5.23202739 4.25465042 5.623143   4.47227789 3.25420318 3.7569137
 3.8348211  1.38191466 3.18145856 0.13651498]
DEBUG: Planck15 ages (Gyr): [ 1.10857096  1.43089387  1.01194975  1.34667298  1.96059392  1.66009565
  1.6203477   4.58458553  2.0115271  12.00898013]
DEBUG: cosmo_colibre ages (Gyr): [ 1.11052296  1.43286977  1.01388306  1.34864783  1.96250454  1.66205788
  1.62231396  4.58453913  2.01342539 11.98644039]
DEBUG: us.look_back_time -> ages (Gyr): [ 1.11052297  1.43286977  1.01388306  1.34864783  1.96250454  1.66205788
  1.62231397  4.58453913  2.01342539 11.98644039]
[45/100] subhalo 344877 done; total_formed=1.799e+01
Building SWIFTGalaxy for subhalo 341437 (soap_index=55649742)
Read masses: Nstars=122849, sum_current=1.566492e+11 Msun
DEBUG: sample z (first valid): [0.32954638 0.34372181 0.26108374 2.07248008 0.21031248 1.87918461
 4.16967737 1.12420589 3.73765633 0.33725106]
DEBUG: Planck15 ages (Gyr): [ 9.99704702  9.86898371 10.65089913  3.17121023 11.17645135  3.48702461
  1.46617741  5.39066848  1.67017003  9.92714265]
DEBUG: cosmo_colibre ages (Gyr): [ 9.98309612  9.85552157 10.63434107  3.17255867 11.15766638  3.48813303
  1.46815276  5.38943659  1.67213114  9.91345945]
DEBUG: us.look_back_time -> ages (Gyr): [ 9.98309612  9.85552157 10.63434107  3.17255867 11.15766639  3.48813304
  1.46815276  5.38943659  1.67213114  9.91345945]
[46/100] subhalo 341437 done; total_formed=2.625e+01
Building SWIFTGalaxy for subhalo 1434002 (soap_index=55652163)
Read masses: Nstars=16218, sum_current=2.104722e+10 Msun
DEBUG: sample z (first valid): [4.83995723 6.72830189 1.25768224 0.21031248 6.02497588 1.16562025
 1.06672974 1.15678273 6.15458515 0.73909351]
DEBUG: Planck15 ages (Gyr): [ 1.2218382   0.80288998  4.94728725 11.17645135  0.92643018  5.24655934
  5.60129234  5.27679479  0.90137836  7.09182127]
DEBUG: cosmo_colibre ages (Gyr): [ 1.22380492  0.80475998  4.94674406 11.15766638  0.92834168  5.24556125
  5.59970126  5.27574845  0.90328246  7.08708173]
DEBUG: us.look_back_time -> ages (Gyr): [ 1.22380493  0.80475998  4.94674407 11.15766639  0.92834169  5.24556125
  5.59970126  5.27574845  0.90328246  7.08708173]
[47/100] subhalo 1434002 done; total_formed=3.533e+00
Building SWIFTGalaxy for subhalo 5965 (soap_index=55668235)
Read masses: Nstars=478473, sum_current=5.866660e+11 Msun
DEBUG: sample z (first valid): [0.78009561 4.44997921 5.1686747  3.1854643  0.31905644 0.44645537
 0.95349946 1.25194145 4.01461474 1.35605407]
DEBUG: Planck15 ages (Gyr): [ 6.87352728  1.35492002  1.12566538  2.00866578 10.09338144  9.00887856
  6.0561075   4.96514675  1.53440436  4.6565058 ]
DEBUG: cosmo_colibre ages (Gyr): [ 6.86931612  1.35689512  1.12762009  2.01056479 10.0790581   8.9985069
  6.05366919  4.96457757  1.53637699  4.65636558]
DEBUG: us.look_back_time -> ages (Gyr): [ 6.86931612  1.35689513  1.12762009  2.01056479 10.0790581   8.9985069
  6.0536692   4.96457757  1.53637699  4.65636558]
[48/100] subhalo 5965 done; total_formed=9.821e+01
Building SWIFTGalaxy for subhalo 724778 (soap_index=55685101)
Read masses: Nstars=142049, sum_current=1.805478e+11 Msun
DEBUG: sample z (first valid): [1.43628253 0.82226671 5.82808919 0.82003999 1.8493913  1.99990845
 8.80124131 5.50352287 4.275801   0.81118727]
DEBUG: Planck15 ages (Gyr): [4.43906878 6.65962867 0.9667666  6.67066423 3.54025822 3.2841003
 0.56196003 1.03996892 1.42232989 6.71481907]
DEBUG: cosmo_colibre ages (Gyr): [4.43920519 6.65591274 0.96868904 6.6669233  3.54132225 3.2853675
 0.56370472 1.04190827 1.42430584 6.7109775 ]
DEBUG: us.look_back_time -> ages (Gyr): [4.4392052  6.65591274 0.96868904 6.6669233  3.54132226 3.2853675
 0.56370473 1.04190828 1.42430584 6.7109775 ]
[49/100] subhalo 724778 done; total_formed=3.002e+01
Building SWIFTGalaxy for subhalo 155023 (soap_index=55726063)
Read masses: Nstars=12634, sum_current=1.813077e+10 Msun
DEBUG: sample z (first valid): [4.56191123 4.6589241  5.08166295 4.42786152 0.01329705 6.54240994
 5.42446819 4.09690465 5.03240059 5.55622249]
DEBUG: Planck15 ages (Gyr): [ 1.3143477   1.28078705  1.14986771  1.36318322 13.60753254  0.83276117
  1.05920137  1.49755732  1.16395577  1.02746802]
DEBUG: cosmo_colibre ages (Gyr): [ 1.31632122  1.28275862  1.15182594  1.36515854 13.57706984  0.83464239
  1.06114456  1.49953168  1.1659159   1.02940474]
DEBUG: us.look_back_time -> ages (Gyr): [ 1.31632122  1.28275862  1.15182594  1.36515855 13.57706984  0.83464239
  1.06114457  1.49953168  1.1659159   1.02940474]
[50/100] subhalo 155023 done; total_formed=2.832e+00
Building SWIFTGalaxy for subhalo 9656735 (soap_index=55726091)
Read masses: Nstars=66188, sum_current=9.160333e+10 Msun
DEBUG: sample z (first valid): [0.51255539 2.54900899 1.72907471 1.54627399 4.23325082 4.35162502
 0.27591309 0.26176357 1.8170564  0.43908652]
DEBUG: Planck15 ages (Gyr): [ 8.51289403  2.56503437  3.76929608  4.16643549  1.43964604  1.39231599
 10.5041184  10.64410555  3.59954483  9.06681747]
DEBUG: cosmo_colibre ages (Gyr): [ 8.50414854  2.56673431  3.77015593  4.16688952  1.44162186  1.39429184
 10.48816164 10.62757553  3.60055807  9.05624831]
DEBUG: us.look_back_time -> ages (Gyr): [ 8.50414854  2.56673431  3.77015593  4.16688952  1.44162186  1.39429184
 10.48816164 10.62757553  3.60055807  9.05624832]
[51/100] subhalo 9656735 done; total_formed=1.524e+01
Building SWIFTGalaxy for subhalo 2457273 (soap_index=55764720)
Read masses: Nstars=30117, sum_current=3.971255e+10 Msun
DEBUG: sample z (first valid): [0.0293397  6.90352147 0.75155014 0.83903917 0.50325718 3.92381668
 4.34072203 1.2353503  4.08661906 3.71821454]
DEBUG: Planck15 ages (Gyr): [13.38304699  0.77632877  7.02438803  6.57740524  8.58016695  1.57683682
  1.39656682  5.017343    1.5020823   1.68044401]
DEBUG: cosmo_colibre ages (Gyr): [13.35374945  0.7781881   7.01981419  6.57387375  8.57120771  1.57880671
  1.39854271  5.01669701  1.50405647  1.68240392]
DEBUG: us.look_back_time -> ages (Gyr): [13.35374945  0.7781881   7.01981419  6.57387375  8.57120771  1.57880671
  1.39854271  5.01669701  1.50405648  1.68240392]
[52/100] subhalo 2457273 done; total_formed=6.631e+00
Building SWIFTGalaxy for subhalo 5185937 (soap_index=55769639)
Read masses: Nstars=255046, sum_current=3.354186e+11 Msun
DEBUG: sample z (first valid): [4.61288112 5.20664836 0.78338957 1.21226033 0.72408713 1.52703015
 3.6377468  1.66406504 0.71974389 1.64920365]
DEBUG: Planck15 ages (Gyr): [1.29653568 1.11536688 6.85644052 5.09145193 7.17438557 4.21215678
 1.72410132 3.90323863 7.19855701 3.93494253]
DEBUG: cosmo_colibre ages (Gyr): [1.29850824 1.11731998 6.85226975 5.09069474 7.16944013 4.21255979
 1.72605566 3.90396902 7.19355065 3.93564118]
DEBUG: us.look_back_time -> ages (Gyr): [1.29850824 1.11731998 6.85226975 5.09069475 7.16944013 4.21255979
 1.72605566 3.90396902 7.19355066 3.93564118]
[53/100] subhalo 5185937 done; total_formed=5.590e+01
Building SWIFTGalaxy for subhalo 2463253 (soap_index=55801607)
Read masses: Nstars=21943, sum_current=3.041017e+10 Msun
DEBUG: sample z (first valid): [0.0704299  0.12612551 0.05853469 0.07147996 0.03037545 0.00713056
 0.02985731 3.56760524 2.27712771 6.11111111]
DEBUG: Planck15 ages (Gyr): [12.83125929 12.13321997 12.98765622 12.81758078 13.36873258 13.69522463
 13.3758907   1.76371029  2.88482155  0.9096546 ]
DEBUG: cosmo_colibre ages (Gyr): [12.8047549  12.11009703 12.9603706  12.79114431 13.33950878 13.66430238
 13.34663003  1.76565889  2.88635369  0.9115612 ]
DEBUG: us.look_back_time -> ages (Gyr): [12.8047549  12.11009703 12.9603706  12.79114431 13.33950878 13.66430238
 13.34663003  1.76565889  2.88635369  0.9115612 ]
[54/100] subhalo 2463253 done; total_formed=5.047e+00
Building SWIFTGalaxy for subhalo 1266831 (soap_index=55815806)
Read masses: Nstars=16590, sum_current=2.262032e+10 Msun
DEBUG: sample z (first valid): [0.76228891 4.66430424 5.42446819 4.99597438 0.79570364 6.27208167
 3.76660121 0.02049206 0.01587302 3.70872252]
DEBUG: Planck15 ages (Gyr): [ 6.9670419   1.27896753  1.05920137  1.17455828  6.79314044  0.87962528
  1.65506566 13.50620496 13.57113312  1.68549813]
DEBUG: cosmo_colibre ages (Gyr): [ 6.96260724  1.28093898  1.06114456  1.17651975  6.78911802  0.88152254
  1.65702844 13.47627019 13.54086044  1.68745744]
DEBUG: us.look_back_time -> ages (Gyr): [ 6.96260724  1.28093899  1.06114457  1.17651976  6.78911802  0.88152255
  1.65702845 13.47627019 13.54086044  1.68745744]
[55/100] subhalo 1266831 done; total_formed=3.793e+00
Building SWIFTGalaxy for subhalo 2423183 (soap_index=55835377)
Read masses: Nstars=60748, sum_current=8.325024e+10 Msun
DEBUG: sample z (first valid): [2.53980771 4.01461474 0.98642095 0.22515516 1.63429536 0.23895947
 0.53984962 1.48562543 0.64382462 2.28698967]
DEBUG: Planck15 ages (Gyr): [ 2.57488906  1.53440436  5.91805835 11.01902064  3.96716728 10.87544692
  8.31991629  4.31331584  7.64200116  2.87209856]
DEBUG: cosmo_colibre ages (Gyr): [ 2.57658441  1.53637699  5.91588762 11.00091472  3.96783324 10.8579514
  8.31177199  4.31360276  7.63582682  2.87363812]
DEBUG: us.look_back_time -> ages (Gyr): [ 2.57658441  1.53637699  5.91588762 11.00091472  3.96783324 10.8579514
  8.31177199  4.31360277  7.63582683  2.87363813]
[56/100] subhalo 2423183 done; total_formed=1.372e+01
Building SWIFTGalaxy for subhalo 11967283 (soap_index=55855559)
Read masses: Nstars=86631, sum_current=1.161413e+11 Msun
DEBUG: sample z (first valid): [2.66696509 0.77469671 0.59688109 0.8557028  0.89739433 1.43140165
 4.40592263 6.19859402 0.46337978 0.73027775]
DEBUG: Planck15 ages (Gyr): [2.44400096 6.90167525 7.93732789 6.49726269 6.30326536 4.45182771
 1.37146253 0.89312697 8.87786885 7.14014739]
DEBUG: cosmo_colibre ages (Gyr): [2.44575424 6.89739727 7.93032265 6.49390782 6.30032512 4.45194848
 1.37343804 0.89502852 8.86793799 7.13528774]
DEBUG: us.look_back_time -> ages (Gyr): [2.44575424 6.89739728 7.93032266 6.49390782 6.30032512 4.45194848
 1.37343804 0.89502852 8.86793799 7.13528774]
[57/100] subhalo 11967283 done; total_formed=1.935e+01
Building SWIFTGalaxy for subhalo 132799 (soap_index=55875188)
Read masses: Nstars=39289, sum_current=5.565140e+10 Msun
DEBUG: sample z (first valid): [7.46827756 6.66592584 3.94387447 0.78650093 0.78650093 0.04038608
 0.0223387  0.94515018 4.22782387 0.04938193]
DEBUG: Planck15 ages (Gyr): [ 0.6999293   0.81271204  1.56729723  6.84036107  6.84036107 13.2314825
 13.48036917  6.09192023  1.44187972 13.10982705]
DEBUG: cosmo_colibre ages (Gyr): [ 0.70175403  0.81458582  1.56926781  6.83622816  6.83622816 13.20296234
 13.45056848  6.08941102  1.44385551 13.08192535]
DEBUG: us.look_back_time -> ages (Gyr): [ 0.70175403  0.81458582  1.56926781  6.83622816  6.83622816 13.20296234
 13.45056848  6.08941102  1.44385551 13.08192535]
[58/100] subhalo 132799 done; total_formed=9.250e+00
Building SWIFTGalaxy for subhalo 45884 (soap_index=55894815)
Read masses: Nstars=24284, sum_current=3.288631e+10 Msun
DEBUG: sample z (first valid): [3.10987081 3.10549395 3.43950684 3.39897973 3.90392098 6.9351011
 2.91446661 5.94016732 0.27204969 6.83923445]
DEBUG: Planck15 ages (Gyr): [ 2.06382046  2.06709038  1.84005243  1.8653499   1.58639473  0.77169686
  2.21860155  0.94345568 10.54207524  0.78590204]
DEBUG: cosmo_colibre ages (Gyr): [ 2.06570504  2.06897406  1.84198815  1.86728084  1.5883639   0.77355426
  2.22043933  0.94537194 10.52596387  0.78776529]
DEBUG: us.look_back_time -> ages (Gyr): [ 2.06570504  2.06897406  1.84198816  1.86728084  1.5883639   0.77355427
  2.22043934  0.94537195 10.52596387  0.78776529]
[59/100] subhalo 45884 done; total_formed=5.442e+00
Building SWIFTGalaxy for subhalo 134648 (soap_index=55894817)
Read masses: Nstars=65260, sum_current=8.524982e+10 Msun
DEBUG: sample z (first valid): [0.64135444 4.01461474 2.31056779 0.94353499 0.16289304 7.81927062
 1.42510361 1.24161992 0.6766271  0.33561588]
DEBUG: Planck15 ages (Gyr): [ 7.65712286  1.53440436  2.84205033  6.09888652 11.70155009  0.65852433
  4.46837843  4.9975163   7.44542725  9.94191884]
DEBUG: cosmo_colibre ages (Gyr): [ 7.65090701  1.53637699  2.84360718  6.09636344 11.68042835  0.66032762
  4.46847877  4.99689963  7.43978249  9.92817923]
DEBUG: us.look_back_time -> ages (Gyr): [ 7.65090701  1.53637699  2.84360718  6.09636344 11.68042835  0.66032762
  4.46847878  4.99689963  7.43978249  9.92817923]
[60/100] subhalo 134648 done; total_formed=1.411e+01
Building SWIFTGalaxy for subhalo 15425334 (soap_index=55898761)
Read masses: Nstars=27007, sum_current=3.572101e+10 Msun
DEBUG: sample z (first valid): [0.77124324 2.15592796 1.62627234 1.51153522 4.76901408 2.1541053
 1.12641142 1.10699588 7.537224   3.23249806]
DEBUG: Planck15 ages (Gyr): [6.91977363 3.0490421  3.98468637 4.24956186 1.24439198 3.05162781
 5.38283665 5.45240509 0.69146003 1.97556603]
DEBUG: cosmo_colibre ages (Gyr): [6.91545247 3.05047281 3.98533437 4.24992246 1.24636078 3.05305684
 5.38161771 5.45107007 0.69328053 1.97747313]
DEBUG: us.look_back_time -> ages (Gyr): [6.91545247 3.05047281 3.98533437 4.24992247 1.24636078 3.05305684
 5.38161771 5.45107007 0.69328053 1.97747313]
[61/100] subhalo 15425334 done; total_formed=5.976e+00
Building SWIFTGalaxy for subhalo 1261209 (soap_index=55934017)
Read masses: Nstars=472587, sum_current=6.236695e+11 Msun
DEBUG: sample z (first valid): [0.75680892 0.75680892 0.78106316 1.07300563 0.24868531 2.01842299
 1.2541102  1.11556589 1.25986207 3.7569137 ]
DEBUG: Planck15 ages (Gyr): [ 6.99621527  6.99621527  6.86850151  5.57766754 10.77590305  3.25468316
  4.95838773  5.42152337  4.94053264  1.66009565]
DEBUG: cosmo_colibre ages (Gyr): [ 6.99171001  6.99171001  6.86430225  5.57611779 10.75882572  3.25597201
  4.95782841  5.42024016  4.93999925  1.66205788]
DEBUG: us.look_back_time -> ages (Gyr): [ 6.99171001  6.99171001  6.86430225  5.57611779 10.75882572  3.25597201
  4.95782841  5.42024016  4.93999925  1.66205788]
[62/100] subhalo 1261209 done; total_formed=1.038e+02
Building SWIFTGalaxy for subhalo 2497182 (soap_index=55951238)
Read masses: Nstars=11495, sum_current=1.557967e+10 Msun
DEBUG: sample z (first valid): [8.62349486 6.71283983 3.53976171 5.99647699 3.01077111 0.67457073
 4.4832664  0.63758121 0.79099257 0.68092746]
DEBUG: Planck15 ages (Gyr): [0.57762589 0.80530626 1.77985297 0.93209406 2.14000894 7.45752291
 1.34263952 7.6803093  6.81725068 7.4202288 ]
DEBUG: cosmo_colibre ages (Gyr): [0.57938099 0.80717719 1.78179905 0.93400717 2.14187163 7.45184611
 1.34461423 7.67402957 6.81317198 7.41465056]
DEBUG: us.look_back_time -> ages (Gyr): [0.579381   0.8071772  1.78179905 0.93400717 2.14187163 7.45184611
 1.34461423 7.67402958 6.81317198 7.41465057]
[63/100] subhalo 2497182 done; total_formed=2.577e+00
Building SWIFTGalaxy for subhalo 2446400 (soap_index=55971803)
Read masses: Nstars=25263, sum_current=3.696199e+10 Msun
DEBUG: sample z (first valid): [4.11760112 3.35918585 0.90933458 2.52192605 0.21093865 3.64234611
 2.52381977 6.90352147 2.22424481 2.97043499]
DEBUG: Planck15 ages (Gyr): [ 1.48852042  1.89075433  6.24936304  2.59421954 11.16974473  1.7215556
  2.59216111  0.77632877  2.95464977  2.17235871]
DEBUG: cosmo_colibre ages (Gyr): [ 1.49049511  1.8926802   6.24653478  2.59590577 11.15098889  1.72351028
  2.59384832  0.7781881   2.95614006  2.17421143]
DEBUG: us.look_back_time -> ages (Gyr): [ 1.49049511  1.89268021  6.24653478  2.59590577 11.1509889   1.72351029
  2.59384833  0.7781881   2.95614006  2.17421144]
[64/100] subhalo 2446400 done; total_formed=6.042e+00
Building SWIFTGalaxy for subhalo 629239 (soap_index=56016121)
Read masses: Nstars=34341, sum_current=4.775805e+10 Msun
DEBUG: sample z (first valid): [4.75735746 0.71722042 0.58728929 0.59454988 6.71283983 0.54580621
 0.86903947 5.7181958  4.60711841 1.47492447]
DEBUG: Planck15 ages (Gyr): [1.24816389 7.21265821 7.99979434 7.95244192 0.80530626 8.27867399
 6.43420702 0.99056727 1.29852939 4.3400972 ]
DEBUG: cosmo_colibre ages (Gyr): [1.25013301 7.20761619 7.99260795 7.94539303 0.80717719 8.27065587
 6.43098892 0.99249561 1.30050206 4.34035265]
DEBUG: us.look_back_time -> ages (Gyr): [1.25013301 7.20761619 7.99260795 7.94539303 0.8071772  8.27065587
 6.43098892 0.99249561 1.30050207 4.34035266]
[65/100] subhalo 629239 done; total_formed=7.951e+00
Building SWIFTGalaxy for subhalo 140622 (soap_index=56170857)
Read masses: Nstars=31256, sum_current=4.229426e+10 Msun
DEBUG: sample z (first valid): [4.13846636 6.1694563  1.03553236 4.243719   3.28872456 5.81459915
 3.98941759 0.54580621 1.0293553  7.23058085]
DEBUG: Planck15 ages (Gyr): [1.47950097 0.898576   5.72110531 1.43535363 1.93716433 0.96963686
 1.5459883  8.27867399 5.74530671 0.7304923 ]
DEBUG: cosmo_colibre ages (Gyr): [1.48147595 0.90047923 5.71930058 1.43732949 1.93908028 0.97156003
 1.54796027 8.27065587 5.743458   0.7323316 ]
DEBUG: us.look_back_time -> ages (Gyr): [1.48147596 0.90047923 5.71930058 1.4373295  1.93908028 0.97156003
 1.54796027 8.27065587 5.743458   0.73233161]
[66/100] subhalo 140622 done; total_formed=7.072e+00
Building SWIFTGalaxy for subhalo 25022498 (soap_index=56249198)
Read masses: Nstars=33513, sum_current=4.475842e+10 Msun
DEBUG: sample z (first valid): [4.13846636 4.275801   0.8938851  0.22141047 0.41803704 0.6263649
 0.37127553 1.14155938 0.18595729 0.09849145]
DEBUG: Planck15 ages (Gyr): [ 1.47950097  1.42232989  6.31924494 11.05843753  9.235394    7.74986623
  9.62682892  5.32952964 11.44184446 12.47266822]
DEBUG: cosmo_colibre ages (Gyr): [ 1.48147595  1.42430584  6.31627124 11.04016254  9.22424134  7.74339332
  9.61427094  5.32839812 11.4218921  12.4479228 ]
DEBUG: us.look_back_time -> ages (Gyr): [ 1.48147596  1.42430584  6.31627124 11.04016254  9.22424134  7.74339332
  9.61427094  5.32839812 11.4218921  12.4479228 ]
[67/100] subhalo 25022498 done; total_formed=7.436e+00
Building SWIFTGalaxy for subhalo 2508095 (soap_index=56257490)
Read masses: Nstars=126992, sum_current=1.667822e+11 Msun
DEBUG: sample z (first valid): [7.71199734 2.76427341 6.80748153 0.04065041 0.54902146 5.66354855
 5.4503937  5.77304671 0.09015903 0.96545106]
DEBUG: Planck15 ages (Gyr): [ 0.67073764  2.3510633   0.79070314 13.22788532  8.25653963  1.00276756
  1.05282954  0.97856748 12.57765472  6.00541349]
DEBUG: cosmo_colibre ages (Gyr): [ 0.67254746  2.35285376  0.79256832 13.19938352  8.24858889  1.00469878
  1.05477149  0.98049289 12.55239903  6.0030745 ]
DEBUG: us.look_back_time -> ages (Gyr): [ 0.67254746  2.35285376  0.79256833 13.19938352  8.24858889  1.00469878
  1.05477149  0.98049289 12.55239903  6.00307451]
[68/100] subhalo 2508095 done; total_formed=2.788e+01
Building SWIFTGalaxy for subhalo 651491 (soap_index=56279102)
Read masses: Nstars=153942, sum_current=2.106428e+11 Msun
DEBUG: sample z (first valid): [1.1854075  0.79570364 1.3824342  0.59937524 4.6992782  3.99436062
 0.47311635 0.47976879 0.49271137 1.16891713]
DEBUG: Planck15 ages (Gyr): [5.17985018 6.79314044 4.58315892 7.92120549 1.2672435  1.54370443
 8.80377787 8.75368346 8.65743179 5.23535017]
DEBUG: cosmo_colibre ages (Gyr): [5.17895706 6.78911802 4.58311436 7.9142467  1.26921412 1.54567653
 8.79409273 8.74416299 8.6482244  5.23436986]
DEBUG: us.look_back_time -> ages (Gyr): [5.17895706 6.78911802 4.58311436 7.91424671 1.26921412 1.54567653
 8.79409273 8.744163   8.6482244  5.23436986]
[69/100] subhalo 651491 done; total_formed=3.504e+01
Building SWIFTGalaxy for subhalo 7066285 (soap_index=56379137)
Read masses: Nstars=18755, sum_current=2.665001e+10 Msun
DEBUG: sample z (first valid): [2.44057119 3.08069738 6.27208167 6.28258695 3.0516847  5.05078017
 3.49399986 3.36353952 7.78322053 1.08461098]
DEBUG: Planck15 ages (Gyr): [2.68525448 2.0857783  0.87962528 0.87772289 2.10800036 1.15866623
 1.80692082 1.88794715 0.66258719 5.53439267]
DEBUG: cosmo_colibre ages (Gyr): [2.68689591 2.08765679 0.88152254 0.87961953 2.10987251 1.16062565
 1.80886242 1.88987359 0.66439267 5.53291793]
DEBUG: us.look_back_time -> ages (Gyr): [2.68689592 2.0876568  0.88152255 0.87961953 2.10987252 1.16062566
 1.80886243 1.88987359 0.66439268 5.53291794]
[70/100] subhalo 7066285 done; total_formed=4.175e+00
Building SWIFTGalaxy for subhalo 2587507 (soap_index=56411756)
Read masses: Nstars=17324, sum_current=2.302583e+10 Msun
DEBUG: sample z (first valid): [7.34853503 1.2193024  3.25365094 0.54347621 4.74574785 2.97043499
 0.58085681 4.48051514 3.41706544 2.9360961 ]
DEBUG: Planck15 ages (Gyr): [0.71505437 5.06866628 1.96097253 8.29476982 1.25193948 2.17235871
 8.04210241 1.34364752 1.85398997 2.20053974]
DEBUG: cosmo_colibre ages (Gyr): [0.71688643 5.06794355 1.96288306 8.28670255 1.25390891 2.17421143
 8.03479225 1.34562227 1.85592308 2.20238346]
DEBUG: us.look_back_time -> ages (Gyr): [0.71688644 5.06794355 1.96288306 8.28670255 1.25390892 2.17421144
 8.03479225 1.34562227 1.85592309 2.20238346]
[71/100] subhalo 2587507 done; total_formed=3.853e+00
Building SWIFTGalaxy for subhalo 143981 (soap_index=56424249)
Read masses: Nstars=58778, sum_current=7.518048e+10 Msun
DEBUG: sample z (first valid): [2.89030037 3.70567962 2.18352278 1.99853587 5.22788178 4.06069498
 2.04903694 0.64547554 5.31003274 2.01925735]
DEBUG: Planck15 ages (Gyr): [2.23907268 1.68712368 3.01032849 3.28629841 1.10967635 1.51358828
 3.20697588 7.63191999 1.08810752 3.25336761]
DEBUG: cosmo_colibre ages (Gyr): [2.24090359 1.68908279 3.01178405 3.28756398 1.11162853 1.51556196
 3.20829913 7.62577328 1.09005606 3.25465743]
DEBUG: us.look_back_time -> ages (Gyr): [2.24090359 1.6890828  3.01178406 3.28756398 1.11162854 1.51556196
 3.20829913 7.62577328 1.09005606 3.25465743]
[72/100] subhalo 143981 done; total_formed=1.266e+01
Building SWIFTGalaxy for subhalo 52628 (soap_index=56522527)
Read masses: Nstars=24149, sum_current=3.241318e+10 Msun
DEBUG: sample z (first valid): [1.17655264 1.83264177 6.90352147 3.18974556 1.18774202 8.43031873
 0.8853855  4.19632096 1.56320401 1.93672701]
DEBUG: Planck15 ages (Gyr): [5.20953536 3.57076888 0.77632877 2.00561508 5.1720686  0.59549204
 6.35821102 1.45496024 4.12686972 3.38782651]
DEBUG: cosmo_colibre ages (Gyr): [5.20859578 3.57180695 0.7781881  2.00751485 5.17118759 0.59725856
 6.35515519 1.45693582 4.12736717 3.38901461]
DEBUG: us.look_back_time -> ages (Gyr): [5.20859578 3.57180695 0.7781881  2.00751485 5.17118759 0.59725857
 6.35515519 1.45693582 4.12736717 3.38901462]
[73/100] subhalo 52628 done; total_formed=5.415e+00
Building SWIFTGalaxy for subhalo 50988 (soap_index=56532273)
Read masses: Nstars=53073, sum_current=7.707970e+10 Msun
DEBUG: sample z (first valid): [2.73552212 1.9635525  4.97792575 3.48477383 4.91106702 1.77577298
 1.82409722 3.88418542 1.74714956 0.96639462]
DEBUG: Planck15 ages (Gyr): [2.37790933 3.34314298 1.17987121 1.81246051 1.19990424 3.67761706
 3.58649855 1.59597092 3.73337573 6.00143955]
DEBUG: cosmo_colibre ages (Gyr): [2.37968939 3.34436568 1.18183334 1.81440116 1.20186869 3.67856122
 3.58752309 1.59793931 3.73426902 5.9991083 ]
DEBUG: us.look_back_time -> ages (Gyr): [2.37968939 3.34436569 1.18183334 1.81440117 1.20186869 3.67856122
 3.58752309 1.59793932 3.73426902 5.9991083 ]
[74/100] subhalo 50988 done; total_formed=1.270e+01
Building SWIFTGalaxy for subhalo 669902 (soap_index=56573814)
Read masses: Nstars=95471, sum_current=1.291506e+11 Msun
DEBUG: sample z (first valid): [2.9863747  0.40659341 0.45158147 0.66487146 0.81118727 4.28644027
 5.52944107 2.87466004 2.93420579 4.16967737]
DEBUG: Planck15 ages (Gyr): [2.15947915 9.32899095 8.96889687 7.51498032 6.71481907 1.41805407
 1.03378947 2.25248816 2.20210856 1.46617741]
DEBUG: cosmo_colibre ages (Gyr): [2.1613359  9.31750864 8.95866058 7.50915033 6.7109775  1.42003004
 1.03572753 2.25431447 2.20395177 1.46815276]
DEBUG: us.look_back_time -> ages (Gyr): [2.1613359  9.31750864 8.95866058 7.50915033 6.7109775  1.42003004
 1.03572754 2.25431448 2.20395178 1.46815276]
[75/100] subhalo 669902 done; total_formed=2.154e+01
Building SWIFTGalaxy for subhalo 2593512 (soap_index=56606477)
Read masses: Nstars=14371, sum_current=1.991803e+10 Msun
DEBUG: sample z (first valid): [7.38270657 2.51135877 7.60673715 7.39935918 0.53107186 0.52565416
 6.28663553 4.14896292 3.08069738 2.72067673]
DEBUG: Planck15 ages (Gyr): [0.71068305 2.60575544 0.68309221 0.70856887 8.38125612 8.41945458
 0.87699155 1.47499781 2.0857783  2.39196926]
DEBUG: cosmo_colibre ages (Gyr): [0.71251301 2.60743617 0.68490846 0.71039782 8.37292266 8.41100241
 0.87888796 1.47697292 2.08765679 2.39374376]
DEBUG: us.look_back_time -> ages (Gyr): [0.71251302 2.60743617 0.68490847 0.71039782 8.37292266 8.41100241
 0.87888796 1.47697293 2.0876568  2.39374376]
[76/100] subhalo 2593512 done; total_formed=3.323e+00
Building SWIFTGalaxy for subhalo 145268 (soap_index=56669523)
Read masses: Nstars=21919, sum_current=3.075131e+10 Msun
DEBUG: sample z (first valid): [3.94387447 7.         3.78574558 7.25598388 0.59532619 3.21968965
 3.8248546  2.29293538 0.65729314 4.73970923]
DEBUG: Planck15 ages (Gyr): [1.56729723 0.76232083 1.64519936 0.727121   7.94740399 1.98449009
 1.62534418 2.86447232 7.56034401 1.25391082]
DEBUG: cosmo_colibre ages (Gyr): [1.56926781 0.76417426 1.64716318 0.72895875 7.94036966 1.98639505
 1.62730997 2.86601631 7.55439194 1.25588041]
DEBUG: us.look_back_time -> ages (Gyr): [1.56926781 0.76417426 1.64716319 0.72895875 7.94036966 1.98639506
 1.62730997 2.86601631 7.55439194 1.25588041]
[77/100] subhalo 145268 done; total_formed=5.066e+00
Building SWIFTGalaxy for subhalo 2604768 (soap_index=56730835)
Read masses: Nstars=37899, sum_current=5.347321e+10 Msun
DEBUG: sample z (first valid): [5.05693161 9.24880757 2.76211251 3.53976171 1.54232291 2.03379317
 9.58739903 7.         1.7708439  1.71865925]
DEBUG: Planck15 ages (Gyr): [1.15690478 0.52549285 2.35306361 1.77985297 4.17575735 3.23058726
 0.5004407  0.76232083 3.68712222 3.79025013]
DEBUG: cosmo_colibre ages (Gyr): [1.15886397 0.52721179 2.3548533  1.78179905 4.17620105 3.2318936
 0.50214061 0.76417426 3.6880578  3.79109022]
DEBUG: us.look_back_time -> ages (Gyr): [1.15886398 0.52721179 2.3548533  1.78179905 4.17620105 3.2318936
 0.50214061 0.76417426 3.6880578  3.79109022]
[78/100] subhalo 2604768 done; total_formed=8.805e+00
Building SWIFTGalaxy for subhalo 3913348 (soap_index=56732775)
Read masses: Nstars=17411, sum_current=2.350983e+10 Msun
DEBUG: sample z (first valid): [7.         0.95443159 4.42247228 5.99647699 4.1909703  5.74516262
 2.92243237 4.41709373 0.70648891 0.5644037 ]
DEBUG: Planck15 ages (Gyr): [0.76232083 6.05212976 1.36520931 0.93209406 1.45720147 0.98463734
 2.21192135 1.36723638 7.27310108 8.15186663]
DEBUG: cosmo_colibre ages (Gyr): [0.76417426 6.04969929 1.36718469 0.93400717 1.45917701 0.98656425
 2.21376134 1.3692118  7.26790508 8.14423133]
DEBUG: us.look_back_time -> ages (Gyr): [0.76417426 6.04969929 1.36718469 0.93400717 1.45917702 0.98656425
 2.21376135 1.3692118  7.26790509 8.14423133]
[79/100] subhalo 3913348 done; total_formed=3.952e+00
Building SWIFTGalaxy for subhalo 1364598 (soap_index=56740251)
Read masses: Nstars=44347, sum_current=5.825036e+10 Msun
DEBUG: sample z (first valid): [1.01599606 3.99436062 1.3059817  1.33573312 0.07775293 1.1512605
 1.43374926 0.2727414  1.31920164 7.92739409]
DEBUG: Planck15 ages (Gyr): [ 5.79820128  1.54370443  4.80099982  4.71429635 12.73629266  5.29582825
  4.44568357 10.53526484  4.76216138  0.64658383]
DEBUG: cosmo_colibre ages (Gyr): [ 5.79625548  1.54567653  4.80066412  4.71407907 12.71025851  5.29475131
  4.44581188 10.51918126  4.76187914  0.64838055]
DEBUG: us.look_back_time -> ages (Gyr): [ 5.79625548  1.54567653  4.80066412  4.71407907 12.71025851  5.29475131
  4.44581188 10.51918126  4.76187914  0.64838055]
[80/100] subhalo 1364598 done; total_formed=9.747e+00
Building SWIFTGalaxy for subhalo 2628473 (soap_index=56751759)
Read masses: Nstars=59573, sum_current=8.609627e+10 Msun
DEBUG: sample z (first valid): [1.17988292 6.68120019 8.27811991 5.45738496 5.33381657 6.5268175
 5.00806747 4.87556034 4.44997921 1.20555967]
DEBUG: Planck15 ages (Gyr): [5.19833927 0.81028847 0.6102255  1.05112216 1.08199272 0.83535055
 1.17102065 1.21077391 1.35492002 5.11328448]
DEBUG: cosmo_colibre ages (Gyr): [5.19741726 0.81216132 0.61200109 1.05306377 1.08394017 0.8372327
 1.17298168 1.21273952 1.35689512 5.11249406]
DEBUG: us.look_back_time -> ages (Gyr): [5.19741727 0.81216132 0.6120011  1.05306378 1.08394018 0.83723271
 1.17298168 1.21273952 1.35689513 5.11249406]
[81/100] subhalo 2628473 done; total_formed=1.411e+01
Building SWIFTGalaxy for subhalo 334094 (soap_index=56754404)
Read masses: Nstars=22209, sum_current=3.130825e+10 Msun
DEBUG: sample z (first valid): [3.95396477 2.55787188 2.50947842 2.20312805 6.88735107 3.92381668
 0.25538273 5.7521121  0.70933751 1.64385993]
DEBUG: Planck15 ages (Gyr): [ 1.56253433  2.5556006   2.60781698  2.98330995  0.77871846  1.57683682
 10.70811685  0.98311873  7.2569816   3.9464443 ]
DEBUG: cosmo_colibre ages (Gyr): [ 1.56450523  2.55730489  2.60949672  2.98478251  0.78057878  1.57880671
 10.69132193  0.98504526  7.25182684  3.94713134]
DEBUG: us.look_back_time -> ages (Gyr): [ 1.56450524  2.55730489  2.60949672  2.98478251  0.78057878  1.57880671
 10.69132193  0.98504527  7.25182685  3.94713134]
[82/100] subhalo 334094 done; total_formed=5.154e+00
Building SWIFTGalaxy for subhalo 5372048 (soap_index=56754512)
Read masses: Nstars=9431, sum_current=1.267672e+10 Msun
DEBUG: sample z (first valid): [0.97683398 2.80051032 3.10138307 2.50947842 1.58933228 1.77647856
 1.64172847 2.31224098 6.58869847 3.0972804 ]
DEBUG: Planck15 ages (Gyr): [5.95774647 2.31793225 2.07016939 2.60781698 4.06698615 3.67625967
 3.95104722 2.8399376  0.82515225 2.07324979]
DEBUG: cosmo_colibre ages (Gyr): [5.95549975 2.31973517 2.07205222 2.60949672 4.06754806 3.67720505
 3.95172959 2.84149565 0.82703069 2.07513178]
DEBUG: us.look_back_time -> ages (Gyr): [5.95549975 2.31973517 2.07205222 2.60949672 4.06754806 3.67720506
 3.95172959 2.84149565 0.82703069 2.07513178]
[83/100] subhalo 5372048 done; total_formed=2.120e+00
Building SWIFTGalaxy for subhalo 144966 (soap_index=56785439)
Read masses: Nstars=82151, sum_current=1.082793e+11 Msun
DEBUG: sample z (first valid): [1.53818745 0.96545106 0.4266806  4.20664177 1.25070403 7.64191996
 0.46194343 1.9667723  5.86960168 1.97863831]
DEBUG: Planck15 ages (Gyr): [4.18555029 6.00541349 9.16561504 1.45065327 4.96900978 0.67892094
 8.88887725 3.33784434 0.95802201 3.31843485]
DEBUG: cosmo_colibre ages (Gyr): [4.1859831  6.0030745  9.15470551 1.45262893 4.96843496 0.68073504
 8.87890966 3.3390711  0.95994218 3.31967634]
DEBUG: us.look_back_time -> ages (Gyr): [4.1859831  6.00307451 9.15470551 1.45262893 4.96843496 0.68073504
 8.87890966 3.3390711  0.95994218 3.31967634]
[84/100] subhalo 144966 done; total_formed=1.812e+01
Building SWIFTGalaxy for subhalo 2627820 (soap_index=56806268)
Read masses: Nstars=5888, sum_current=8.487664e+09 Msun
DEBUG: sample z (first valid): [2.22265932 1.83558325 2.69591699 2.19781399 1.58790081 1.78166384
 2.45180659 1.64279377 2.32940459 1.55043587]
DEBUG: Planck15 ages (Gyr): [2.95678595 3.56537985 2.41572569 2.99059406 4.07023054 3.66630929
 2.67237228 3.9487456  2.81841303 4.15665255]
DEBUG: cosmo_colibre ages (Gyr): [2.95827493 3.56642253 2.41749063 2.99206206 4.07078899 3.66726361
 2.67402024 3.94943031 2.81998324 4.15711738]
DEBUG: us.look_back_time -> ages (Gyr): [2.95827493 3.56642254 2.41749063 2.99206207 4.07078899 3.66726361
 2.67402024 3.94943031 2.81998324 4.15711738]
[85/100] subhalo 2627820 done; total_formed=1.423e+00
Building SWIFTGalaxy for subhalo 3931104 (soap_index=56806305)
Read masses: Nstars=8617, sum_current=1.215938e+10 Msun
DEBUG: sample z (first valid): [ 2.8442046   1.79709774  2.59969241 10.69554743  5.10659709  2.65225145
  3.37577619  2.6016707   2.9360961   2.55748562]
DEBUG: Planck15 ages (Gyr): [2.27899477 3.63694949 2.51184644 0.43088735 1.14284459 2.45858019
 1.88009392 2.50980725 2.20053974 2.55601056]
DEBUG: cosmo_colibre ages (Gyr): [2.28081181 3.63792994 2.5135705  0.43252787 1.14480183 2.46032734
 1.88202194 2.51153221 2.20238346 2.55771466]
DEBUG: us.look_back_time -> ages (Gyr): [2.28081181 3.63792994 2.5135705  0.43252788 1.14480183 2.46032734
 1.88202195 2.51153222 2.20238346 2.55771466]
[86/100] subhalo 3931104 done; total_formed=2.035e+00
Building SWIFTGalaxy for subhalo 325735 (soap_index=56815259)
Read masses: Nstars=15828, sum_current=2.131055e+10 Msun
DEBUG: sample z (first valid): [9.20730473 6.05370789 1.06256688 8.38239084 2.38687339 2.71940976
 1.55282019 2.14020125 2.65877624 0.63545618]
DEBUG: Planck15 ages (Gyr): [0.52870694 0.92077763 5.61705006 0.60006731 2.74825552 2.39317554
 4.15106461 3.07147147 2.45209739 7.69341455]
DEBUG: cosmo_colibre ages (Gyr): [0.53042823 0.9226875  5.61543126 0.60183668 2.7498641  2.39494956
 4.15153559 3.07288751 2.45384727 7.6870986 ]
DEBUG: us.look_back_time -> ages (Gyr): [0.53042824 0.9226875  5.61543127 0.60183668 2.7498641  2.39494956
 4.15153559 3.07288751 2.45384727 7.6870986 ]
[87/100] subhalo 325735 done; total_formed=3.568e+00
Building SWIFTGalaxy for subhalo 7183892 (soap_index=56827987)
Read masses: Nstars=31502, sum_current=4.338847e+10 Msun
DEBUG: sample z (first valid): [5.3918853  3.88418542 1.02722098 0.41375442 6.82332577 7.60673715
 3.93382519 3.63282907 5.60978316 3.28451883]
DEBUG: Planck15 ages (Gyr): [1.06730071 1.59597092 5.75370627 9.27025841 0.78830138 0.68309221
 1.57206473 1.72683018 1.01501655 1.93999393]
DEBUG: cosmo_colibre ages (Gyr): [1.06924545 1.59793931 5.75184224 9.25898343 0.7901656  0.68490846
 1.57403497 1.72878415 1.01695054 1.94190925]
DEBUG: us.look_back_time -> ages (Gyr): [1.06924546 1.59793932 5.75184224 9.25898343 0.79016561 0.68490847
 1.57403497 1.72878415 1.01695055 1.94190925]
[88/100] subhalo 7183892 done; total_formed=7.156e+00
Building SWIFTGalaxy for subhalo 690507 (soap_index=56858529)
Read masses: Nstars=149085, sum_current=1.922131e+11 Msun
DEBUG: sample z (first valid): [4.94754515 3.795551   1.97269346 1.37277335 2.56173913 0.64712979
 4.64138762 4.81611644 2.75866024 0.65981157]
DEBUG: Planck15 ages (Gyr): [1.18890485 1.64018367 3.32813589 4.60980361 2.55150211 7.62183882
 1.28674765 1.2293413  2.35626515 7.54522259]
DEBUG: cosmo_colibre ages (Gyr): [1.19086805 1.64214801 3.32937003 4.60972457 2.55320829 7.61571967
 1.28871961 1.23130875 2.35805362 7.53931133]
DEBUG: us.look_back_time -> ages (Gyr): [1.19086806 1.64214801 3.32937004 4.60972457 2.55320829 7.61571967
 1.28871961 1.23130875 2.35805362 7.53931133]
[89/100] subhalo 690507 done; total_formed=3.224e+01
Building SWIFTGalaxy for subhalo 5375441 (soap_index=56879049)
Read masses: Nstars=94404, sum_current=1.360721e+11 Msun
DEBUG: sample z (first valid): [0.32954638 0.52098032 0.53956023 0.53956023 0.27204969 5.88403361
 4.50583886 4.28644027 0.15567468 0.14573427]
DEBUG: Planck15 ages (Gyr): [ 9.99704702  8.45261823  8.32192783  8.32192783 10.54207524  0.95501267
  1.33441663  1.41805407 11.7845556  11.90024022]
DEBUG: cosmo_colibre ages (Gyr): [ 9.98309612  8.44406243  8.31377735  8.31377735 10.52596387  0.95693204
  1.33639103  1.42003004 11.76305456 11.87820615]
DEBUG: us.look_back_time -> ages (Gyr): [ 9.98309612  8.44406243  8.31377735  8.31377735 10.52596387  0.95693204
  1.33639104  1.42003004 11.76305456 11.87820615]
[90/100] subhalo 5375441 done; total_formed=2.234e+01
Building SWIFTGalaxy for subhalo 2655153 (soap_index=56885701)
Read masses: Nstars=16457, sum_current=2.144823e+10 Msun
DEBUG: sample z (first valid): [2.28698967 6.62756052 4.60711841 1.02521632 0.73210699 7.36558591
 0.3962843  5.84163274 2.38512397 1.55023737]
DEBUG: Planck15 ages (Gyr): [2.87209856 0.81885288 1.29852939 5.76161322 7.13007844 0.7128676
 9.41451115 0.96389913 2.75034876 4.15711829]
DEBUG: cosmo_colibre ages (Gyr): [2.87363812 0.82072898 1.30050206 5.75973472 7.1252439  0.71469862
 9.40272412 0.96582083 2.75195622 4.1575826 ]
DEBUG: us.look_back_time -> ages (Gyr): [2.87363813 0.82072898 1.30050207 5.75973473 7.12524391 0.71469862
 9.40272412 0.96582083 2.75195622 4.1575826 ]
[91/100] subhalo 2655153 done; total_formed=3.577e+00
Building SWIFTGalaxy for subhalo 2660734 (soap_index=56885713)
Read masses: Nstars=23070, sum_current=3.098523e+10 Msun
DEBUG: sample z (first valid): [0.18151006 2.11009871 0.86712251 1.11720618 1.14590701 0.69888013
 1.89956641 0.4559673  5.94016732 0.75511516]
DEBUG: Planck15 ages (Gyr): [11.49127623  3.11516363  6.44321179  5.41564417  5.31438422  7.31642667
  3.45135323  8.93489755  0.94345568  7.00527024]
DEBUG: cosmo_colibre ages (Gyr): [11.47110334  3.11655053  6.43997427  5.41437077  5.31327729  7.31111921
  3.45249076  8.92477579  0.94537194  7.00074298]
DEBUG: us.look_back_time -> ages (Gyr): [11.47110334  3.11655053  6.43997427  5.41437077  5.3132773   7.31111921
  3.45249076  8.92477579  0.94537195  7.00074298]
[92/100] subhalo 2660734 done; total_formed=5.146e+00
Building SWIFTGalaxy for subhalo 7217356 (soap_index=56898048)
Read masses: Nstars=26640, sum_current=3.812457e+10 Msun
DEBUG: sample z (first valid): [0.57281367 0.48580756 1.76034033 0.85213656 5.29548511 3.95396477
 6.77598481 0.1698679  3.40370918 0.49148839]
DEBUG: Planck15 ages (Gyr): [ 8.0954808   8.70857673  3.70751074  6.51428643  1.09187604  1.56253433
  0.79551386 11.62213324  1.86236816  8.66645917]
DEBUG: cosmo_colibre ages (Gyr): [ 8.08801325  8.69920353  3.70842779  6.5108943   1.09382523  1.56450523
  0.79738096 11.60137189  1.86429967  8.65722261]
DEBUG: us.look_back_time -> ages (Gyr): [ 8.08801325  8.69920353  3.70842779  6.5108943   1.09382524  1.56450524
  0.79738096 11.60137189  1.86429968  8.65722261]
[93/100] subhalo 7217356 done; total_formed=6.284e+00
Building SWIFTGalaxy for subhalo 2710347 (soap_index=57007456)
Read masses: Nstars=43024, sum_current=5.524939e+10 Msun
DEBUG: sample z (first valid): [9.9482125  4.21202481 6.36856308 3.05594752 0.81660938 2.03688601
 5.55622249 2.35119656 4.88717212 0.76304746]
DEBUG: Planck15 ages (Gyr): [0.47585761 1.44841526 0.86240703 2.10471084 6.6877217  3.2257738
 1.02746802 2.79146723 1.20720127 6.96301845]
DEBUG: cosmo_colibre ages (Gyr): [0.47753769 1.45039096 0.86429861 2.10658395 6.683942   3.2270836
 1.02940474 2.79305239 1.2091665  6.95859349]
DEBUG: us.look_back_time -> ages (Gyr): [0.47753769 1.45039096 0.86429862 2.10658395 6.683942   3.2270836
 1.02940474 2.79305239 1.20916651 6.95859349]
[94/100] subhalo 2710347 done; total_formed=9.242e+00
Building SWIFTGalaxy for subhalo 156087 (soap_index=57106334)
Read masses: Nstars=16534, sum_current=2.182533e+10 Msun
DEBUG: sample z (first valid): [3.71346375 3.8348211  2.44418751 1.89521117 1.80403902 4.75735746
 3.19403558 6.72101791 1.59056052 2.62558088]
DEBUG: Planck15 ages (Gyr): [1.68297047 1.6203477  2.68109699 3.45892553 3.62386943 1.24816389
 2.0025658  0.80402675 4.06420572 2.48537481]
DEBUG: cosmo_colibre ages (Gyr): [1.68493008 1.62231396 2.68274054 3.46005693 3.62486142 1.25013301
 2.00446633 0.80589719 4.06477058 2.48711048]
DEBUG: us.look_back_time -> ages (Gyr): [1.68493008 1.62231397 2.68274054 3.46005693 3.62486142 1.25013301
 2.00446633 0.8058972  4.06477058 2.48711048]
[95/100] subhalo 156087 done; total_formed=3.683e+00
Building SWIFTGalaxy for subhalo 155276 (soap_index=57154260)
Read masses: Nstars=41244, sum_current=5.634597e+10 Msun
DEBUG: sample z (first valid): [3.4755856  4.59610622 0.49721283 6.77598481 1.01240558 0.51171803
 4.01461474 0.4051458  7.33155352 0.27204969]
DEBUG: Planck15 ages (Gyr): [ 1.81800549  1.30235342  8.6243249   0.79551386  5.81254799  8.51892001
  1.53440436  9.34093048  0.71724334 10.54207524]
DEBUG: cosmo_colibre ages (Gyr): [ 1.81994517  1.30432631  8.61522418  0.79738096  5.81057563  8.51015547
  1.53637699  9.32940583  0.71907645 10.52596387]
DEBUG: us.look_back_time -> ages (Gyr): [ 1.81994517  1.30432632  8.61522419  0.79738096  5.81057564  8.51015547
  1.53637699  9.32940583  0.71907645 10.52596387]
[96/100] subhalo 155276 done; total_formed=9.371e+00
Building SWIFTGalaxy for subhalo 1431948 (soap_index=57171700)
Read masses: Nstars=21589, sum_current=3.057940e+10 Msun
DEBUG: sample z (first valid): [0.56724699 0.45674402 1.83705628 1.42151936 2.20156326 1.78071962
 1.68304266 1.0169888  9.29064929 1.67624959]
DEBUG: Planck15 ages (Gyr): [8.13273743 8.92889627 3.56268611 4.4778417  2.98545182 3.66811795
 3.86335077 5.79424436 0.52228527 3.87755253]
DEBUG: cosmo_colibre ages (Gyr): [8.12515922 8.91879467 3.56373109 4.47793032 2.98692305 3.66907065
 3.86412049 5.79230587 0.52400183 3.87830833]
DEBUG: us.look_back_time -> ages (Gyr): [8.12515922 8.91879468 3.56373109 4.47793032 2.98692305 3.66907065
 3.8641205  5.79230588 0.52400183 3.87830833]
[97/100] subhalo 1431948 done; total_formed=4.935e+00
Building SWIFTGalaxy for subhalo 154185 (soap_index=57207696)
Read masses: Nstars=24229, sum_current=3.092486e+10 Msun
DEBUG: sample z (first valid): [2.5726123  3.76660121 4.93515667 3.8248546  5.16229431 0.47232207
 1.37880218 2.91446661 3.88892204 0.02675942]
DEBUG: Planck15 ages (Gyr): [ 2.54003654  1.65506566  1.19262156  1.62534418  1.12741125  8.80978744
  4.59314704  2.21860155  1.59366387 13.41880102]
DEBUG: cosmo_colibre ages (Gyr): [ 2.54174794  1.65702844  1.19458519  1.62730997  1.12936622  8.80008246
  4.59308959  2.22043933  1.59563246 13.38931899]
DEBUG: us.look_back_time -> ages (Gyr): [ 2.54174795  1.65702845  1.1945852   1.62730997  1.12936622  8.80008247
  4.59308959  2.22043934  1.59563246 13.38931899]
[98/100] subhalo 154185 done; total_formed=5.206e+00
Building SWIFTGalaxy for subhalo 2750303 (soap_index=57332514)
Read masses: Nstars=16794, sum_current=2.267980e+10 Msun
DEBUG: sample z (first valid): [0.11304348 6.22796956 0.1746487  5.55622249 4.62444216 0.21651322
 4.7166783  2.93043061 3.68013997 3.76660121]
DEBUG: Planck15 ages (Gyr): [12.29226442  0.88768883 11.56814154  1.02746802  1.29255122 11.11029244
  1.26147688  2.20524723  1.70087021  1.65506566]
DEBUG: cosmo_colibre ages (Gyr): [12.26838654  0.88958867 11.5476238   1.02940474  1.29452354 11.09179406
  1.26344707  2.20708941  1.70282762  1.65702844]
DEBUG: us.look_back_time -> ages (Gyr): [12.26838654  0.88958867 11.5476238   1.02940474  1.29452355 11.09179407
  1.26344707  2.20708941  1.70282762  1.65702845]
[99/100] subhalo 2750303 done; total_formed=3.773e+00
Building SWIFTGalaxy for subhalo 45928 (soap_index=57372716)
Read masses: Nstars=74279, sum_current=9.631791e+10 Msun
DEBUG: sample z (first valid): [1.07826473 6.55806712 2.78908418 2.38687339 0.15861679 2.51738944
 0.19443027 0.95840306 3.94536674 0.13880587]
DEBUG: Planck15 ages (Gyr): [ 5.55799112  0.83017444  2.32829558  2.74825552 11.7506228   2.59916168
 11.34850319  6.03522764  1.56659133 11.98182822]
DEBUG: cosmo_colibre ages (Gyr): [ 5.55647559  0.83205471  2.33009465  2.7498641  11.72927714  2.60084556
 11.32896464  6.03283039  1.56856195 11.95941516]
DEBUG: us.look_back_time -> ages (Gyr): [ 5.55647559  0.83205471  2.33009466  2.7498641  11.72927714  2.60084557
 11.32896464  6.03283039  1.56856196 11.95941516]
[100/100] subhalo 45928 done; total_formed=1.602e+01
All halos processed. Writing CSV.
Wrote relicness_extras_1800_1900.csv (100 rows) in 7167.4s
