Starting pure-swift relicness script
Loaded SOAP mapping for 91142867 halos
Batch mode: processing 84 halos (slice 2800:2884)
Building SWIFTGalaxy for subhalo 381994 (soap_index=88391310)
Read masses: Nstars=84674, sum_current=1.168768e+11 Msun
DEBUG: sample z (first valid): [1.35115161 0.19234408 5.80045657 3.4755856  4.71070059 4.7981067
 2.49190111 2.72829673 3.14339002 0.42308695]
DEBUG: Planck15 ages (Gyr): [ 4.67034368 11.37138408  0.97266118  1.81800549  1.26345305  1.23506012
  2.62721843  2.38473537  2.03905923  9.19453148]
DEBUG: cosmo_colibre ages (Gyr): [ 4.67018514 11.35174441  0.97458512  1.81994517  1.26542339  1.2370281
  2.62888879  2.38651274  2.04095043  9.18352146]
DEBUG: us.look_back_time -> ages (Gyr): [ 4.67018515 11.35174441  0.97458513  1.81994517  1.26542339  1.2370281
  2.6288888   2.38651274  2.04095043  9.18352146]
[1/84] subhalo 381994 done; total_formed=1.941e+01
Building SWIFTGalaxy for subhalo 1590162 (soap_index=88391330)
Read masses: Nstars=16759, sum_current=2.285146e+10 Msun
DEBUG: sample z (first valid): [2.98249878 5.56936648 5.0385147  0.58559954 0.52168664 0.62475208
 3.17719421 4.29755072 0.54274953 4.30269439]
DEBUG: Planck15 ages (Gyr): [2.16259934 1.02438897 1.16219172 8.01087568 8.44759397 7.75994651
 2.01458056 1.4136116  8.29979944 1.41156273]
DEBUG: cosmo_colibre ages (Gyr): [2.16445512 1.02632503 1.16415162 8.00365696 8.4390539  7.75344541
 2.01647807 1.41558756 8.29171678 1.41353869]
DEBUG: us.look_back_time -> ages (Gyr): [2.16445512 1.02632503 1.16415162 8.00365696 8.4390539  7.75344542
 2.01647808 1.41558757 8.29171679 1.4135387 ]
[2/84] subhalo 1590162 done; total_formed=3.788e+00
Building SWIFTGalaxy for subhalo 1590854 (soap_index=88391335)
Read masses: Nstars=87985, sum_current=1.127677e+11 Msun
DEBUG: sample z (first valid): [7.58421433e-02 7.14799555e-02 1.14178851e-01 1.08000271e-01
 2.01822519e-03 4.65605153e-01 7.26431274e+00 4.82849127e-01
 5.09350530e-01 5.02567865e-01]
DEBUG: Planck15 ages (Gyr): [12.76097639 12.81758078 12.27834456 12.35436564 13.76852682  8.86085323
  0.72602129  8.73063144  8.53599201  8.58518577]
DEBUG: cosmo_colibre ages (Gyr): [12.73482032 12.79114431 12.25453312 12.33019046 13.73721858  8.85097903
  0.72785852  8.72118635  8.52717337  8.57621049]
DEBUG: us.look_back_time -> ages (Gyr): [12.73482032 12.79114431 12.25453312 12.33019046 13.73721858  8.85097903
  0.72785852  8.72118635  8.52717337  8.5762105 ]
[3/84] subhalo 1590854 done; total_formed=1.885e+01
Building SWIFTGalaxy for subhalo 175794 (soap_index=88411815)
Read masses: Nstars=24450, sum_current=3.541858e+10 Msun
DEBUG: sample z (first valid): [4.43912358 5.34669766 0.54434914 1.08302079 3.80539669 4.29755072
 1.78568392 2.47929497 0.35472135 1.04582631]
DEBUG: Planck15 ages (Gyr): [1.35896528 1.07870479 8.28873408 5.54029092 1.63517282 1.4136116
 3.65862492 2.64127935 9.77125682 5.68112903]
DEBUG: cosmo_colibre ages (Gyr): [1.3609405  1.08065165 8.28068525 5.53880601 1.63713766 1.41558756
 3.65958612 2.64294282 9.75816274 5.67939634]
DEBUG: us.look_back_time -> ages (Gyr): [1.3609405  1.08065165 8.28068525 5.53880601 1.63713766 1.41558757
 3.65958612 2.64294282 9.75816274 5.67939634]
[4/84] subhalo 175794 done; total_formed=5.807e+00
Building SWIFTGalaxy for subhalo 173266 (soap_index=88418743)
Read masses: Nstars=40431, sum_current=5.652617e+10 Msun
DEBUG: sample z (first valid): [4.38283368 4.33507001 9.80471519 4.371363   2.97621648 1.88653982
 5.90506796 2.54977792 1.46431526 2.19345093]
DEBUG: Planck15 ages (Gyr): [1.38026631 1.39877889 0.4853889  1.38467497 2.16767255 3.47408289
 0.95065463 2.56421365 4.36691405 2.99659641]
DEBUG: cosmo_colibre ages (Gyr): [1.38224199 1.4007548  0.4870768  1.38665072 2.16952675 3.47520194
 0.95257284 2.56591396 4.36713767 2.99806065]
DEBUG: us.look_back_time -> ages (Gyr): [1.38224199 1.4007548  0.48707681 1.38665072 2.16952675 3.47520194
 0.95257285 2.56591396 4.36713767 2.99806065]
[5/84] subhalo 173266 done; total_formed=9.446e+00
Building SWIFTGalaxy for subhalo 176890 (soap_index=88418748)
Read masses: Nstars=12621, sum_current=1.633056e+10 Msun
DEBUG: sample z (first valid): [3.01888759 2.11334917 5.14380801 5.82808919 3.49831835 3.30421647
 5.38565722 3.89659295 2.17242715 4.52813159]
DEBUG: Planck15 ages (Gyr): [2.13359551 3.11039696 1.13249512 0.9667666  1.80433744 1.92680003
 1.06886057 1.58993934 3.02579767 1.32637732]
DEBUG: cosmo_colibre ages (Gyr): [2.13546013 3.11178708 1.13445086 0.96868904 1.80627948 1.92871827
 1.07080562 1.59190822 3.02724337 1.32835139]
DEBUG: us.look_back_time -> ages (Gyr): [2.13546013 3.11178708 1.13445086 0.96868904 1.80627949 1.92871828
 1.07080562 1.59190823 3.02724337 1.32835139]
[6/84] subhalo 176890 done; total_formed=2.746e+00
Building SWIFTGalaxy for subhalo 3020420 (soap_index=88418869)
Read masses: Nstars=21522, sum_current=2.715793e+10 Msun
DEBUG: sample z (first valid): [1.7193361  1.70296131 3.58839179 3.43950684 1.61037202 1.8427171
 1.9026486  2.32703828 4.10325494 1.44866238]
DEBUG: Planck15 ages (Gyr): [3.78888271 3.82219043 1.7518163  1.84005243 4.01977817 3.55236484
 3.44601064 2.82136465 1.49477488 4.40696921]
DEBUG: cosmo_colibre ages (Gyr): [3.78972409 3.82300004 1.7537667  1.84198815 4.02038981 3.55341862
 3.44715249 2.8229332  1.49674934 4.4071447 ]
DEBUG: us.look_back_time -> ages (Gyr): [3.78972409 3.82300005 1.7537667  1.84198816 4.02038981 3.55341862
 3.44715249 2.82293321 1.49674934 4.4071447 ]
[7/84] subhalo 3020420 done; total_formed=4.574e+00
Building SWIFTGalaxy for subhalo 3070086 (soap_index=88418912)
Read masses: Nstars=16988, sum_current=2.223259e+10 Msun
DEBUG: sample z (first valid): [4.76850629 1.90805822 3.09625602 2.40729957 4.08385695 3.05996779
 2.90606747 1.89649076 2.28369576 2.91119599]
DEBUG: Planck15 ages (Gyr): [1.2445559  3.43666623 2.07402011 2.72400718 1.5033013  2.10161626
 2.22568131 3.45669794 2.87633781 2.22135398]
DEBUG: cosmo_colibre ages (Gyr): [1.24652471 3.4378156  2.07590188 2.72562858 1.50527543 2.10349026
 2.22751673 3.45783115 2.87787491 2.22319085]
DEBUG: us.look_back_time -> ages (Gyr): [1.24652472 3.4378156  2.07590189 2.72562858 1.50527543 2.10349026
 2.22751673 3.45783115 2.87787491 2.22319085]
[8/84] subhalo 3070086 done; total_formed=3.744e+00
Building SWIFTGalaxy for subhalo 387776 (soap_index=88454540)
Read masses: Nstars=157284, sum_current=1.988968e+11 Msun
DEBUG: sample z (first valid): [0.96051215 7.44209713 2.31291073 1.18438771 1.32100864 5.35963125
 1.98787271 3.74726548 1.66125233 0.0499199 ]
DEBUG: Planck15 ages (Gyr): [ 6.02628163  0.70319054  2.83909263  5.18325524  4.75689167  1.07542012
  3.30345696  1.66513044  3.9092072  13.10260163]
DEBUG: cosmo_colibre ages (Gyr): [ 6.0239019   0.70501686  2.84065116  5.18235681  4.75661664  1.07736638
  3.30470972  1.66709211  3.90993165 13.07473652]
DEBUG: us.look_back_time -> ages (Gyr): [ 6.02390191  0.70501687  2.84065117  5.18235681  4.75661664  1.07736638
  3.30470973  1.66709212  3.90993166 13.07473652]
[9/84] subhalo 387776 done; total_formed=3.316e+01
Building SWIFTGalaxy for subhalo 177250 (soap_index=88505249)
Read masses: Nstars=139721, sum_current=1.821742e+11 Msun
DEBUG: sample z (first valid): [7.64191996 1.29227002 5.00806747 4.11760112 0.18836585 8.80124131
 6.27208167 1.75199463 0.54115323 0.12535202]
DEBUG: Planck15 ages (Gyr): [ 0.67892094  4.84182027  1.17102065  1.48852042 11.41519963  0.56196003
  0.87962528  3.7238414   8.31086403 12.14254235]
DEBUG: cosmo_colibre ages (Gyr): [ 0.68073504  4.84142764  1.17298168  1.49049511 11.39536575  0.56370472
  0.88152254  3.72474348  8.30274749 12.11937541]
DEBUG: us.look_back_time -> ages (Gyr): [ 0.68073504  4.84142764  1.17298168  1.49049511 11.39536575  0.56370473
  0.88152255  3.72474349  8.30274749 12.11937541]
[10/84] subhalo 177250 done; total_formed=3.039e+01
Building SWIFTGalaxy for subhalo 394065 (soap_index=88559152)
Read masses: Nstars=14226, sum_current=1.904561e+10 Msun
DEBUG: sample z (first valid): [0.95746714 4.18809373 2.84555803 5.73545735 7.1971232  2.87878788
 0.80798941 1.67079632 1.01723713 1.54370439]
DEBUG: Planck15 ages (Gyr): [6.03920413 1.45840875 2.27780593 0.98676469 0.73497236 2.24893466
 6.73088022 3.88901458 5.79325519 4.17249417]
DEBUG: cosmo_colibre ages (Gyr): [6.03679908 1.46038426 2.27962339 0.98869212 0.73681371 2.2507622
 6.7270018  3.88975907 5.79131853 4.17294149]
DEBUG: us.look_back_time -> ages (Gyr): [6.03679908 1.46038427 2.27962339 0.98869212 0.73681372 2.2507622
 6.72700181 3.88975907 5.79131853 4.17294149]
[11/84] subhalo 394065 done; total_formed=3.192e+00
Building SWIFTGalaxy for subhalo 1608332 (soap_index=88559177)
Read masses: Nstars=143351, sum_current=1.916969e+11 Msun
DEBUG: sample z (first valid): [2.6283911  0.69343669 0.57750818 5.55622249 2.1195735  0.1525853
 0.15347789 1.74576839 1.37397667 1.4861912 ]
DEBUG: Planck15 ages (Gyr): [ 2.48252892  7.34766508  8.06426095  1.02746802  3.10130245 11.82033736
 11.80998332  3.73610091  4.60647133  4.31190728]
DEBUG: cosmo_colibre ages (Gyr): [ 2.48426582  7.34227669  8.05688562  1.02940474  3.10269868 11.798672
 11.78836555  3.73699169  4.60639662  4.31219586]
DEBUG: us.look_back_time -> ages (Gyr): [ 2.48426582  7.34227669  8.05688562  1.02940474  3.10269868 11.798672
 11.78836556  3.73699169  4.60639662  4.31219586]
[12/84] subhalo 1608332 done; total_formed=3.199e+01
Building SWIFTGalaxy for subhalo 801073 (soap_index=88586336)
Read masses: Nstars=24542, sum_current=3.177427e+10 Msun
DEBUG: sample z (first valid): [3.34128246 2.77207321 0.62879014 0.60015627 2.01842299 2.1950078
 3.25834958 0.7498665  0.51521317 1.34929739]
DEBUG: Planck15 ages (Gyr): [1.90237105 2.34386637 7.73474557 7.91616708 3.25468316 2.99445233
 1.95775508 7.03344463 8.49380981 4.67559465]
DEBUG: cosmo_colibre ages (Gyr): [1.90429452 2.34565958 7.72831485 7.90922279 3.25597201 2.99591792
 1.95966636 7.02884867 8.48512457 4.67542914]
DEBUG: us.look_back_time -> ages (Gyr): [1.90429452 2.34565958 7.72831486 7.90922279 3.25597201 2.99591792
 1.95966636 7.02884867 8.48512457 4.67542914]
[13/84] subhalo 801073 done; total_formed=5.345e+00
Building SWIFTGalaxy for subhalo 7776081 (soap_index=88591303)
Read masses: Nstars=26703, sum_current=3.662321e+10 Msun
DEBUG: sample z (first valid): [4.6760783  2.68303923 3.46673937 6.37602701 0.01637717 0.04783832
 3.43050297 3.63282907 0.83986524 2.91446661]
DEBUG: Planck15 ages (Gyr): [ 1.27500058  2.42823563  1.82337064  0.86109837 13.56402516 13.13059002
  1.84562352  1.72683018  6.57339629  2.21860155]
DEBUG: cosmo_colibre ages (Gyr): [ 1.27697176  2.42999545  1.82530938  0.86298951 13.53378954 13.10258313
  1.84755821  1.72878415  6.56987371  2.22043933]
DEBUG: us.look_back_time -> ages (Gyr): [ 1.27697176  2.42999545  1.82530938  0.86298951 13.53378954 13.10258313
  1.84755821  1.72878415  6.56987371  2.22043934]
[14/84] subhalo 7776081 done; total_formed=6.085e+00
Building SWIFTGalaxy for subhalo 391880 (soap_index=88627379)
Read masses: Nstars=6655, sum_current=9.348527e+09 Msun
DEBUG: sample z (first valid): [2.59219469 3.60936841 2.67066204 2.76427341 2.66163817 5.351003
 3.35802633 5.33933062 4.60041019 5.27378901]
DEBUG: Planck15 ages (Gyr): [2.51959977 1.73994755 2.44036014 2.3510633  2.44926274 1.07760954
 1.89150313 1.08058321 1.30085663 1.09753677]
DEBUG: cosmo_colibre ages (Gyr): [2.52132038 1.74189967 2.44211494 2.35285376 2.45101382 1.0795562
 1.89342885 1.08253041 1.30282944 1.09948693]
DEBUG: us.look_back_time -> ages (Gyr): [2.52132038 1.74189967 2.44211494 2.35285376 2.45101382 1.0795562
 1.89342885 1.08253041 1.30282944 1.09948694]
[15/84] subhalo 391880 done; total_formed=1.572e+00
Building SWIFTGalaxy for subhalo 1604362 (soap_index=88627413)
Read masses: Nstars=27212, sum_current=3.582970e+10 Msun
DEBUG: sample z (first valid): [0.79649123 1.01723713 0.47976879 0.80798941 1.25395515 1.67210307
 0.39378988 0.44352423 0.41534209 0.41253556]
DEBUG: Planck15 ages (Gyr): [6.78912257 5.79325519 8.75368346 6.73088022 4.95887046 3.88626295
 9.43537736 9.03185929 9.25731076 9.28021654]
DEBUG: cosmo_colibre ages (Gyr): [6.7851095  5.79131853 8.74416299 6.7270018  4.95831044 3.88701017
 9.42351548 9.02140948 9.24608126 9.26890651]
DEBUG: us.look_back_time -> ages (Gyr): [6.7851095  5.79131853 8.744163   6.72700181 4.95831044 3.88701017
 9.42351548 9.02140948 9.24608126 9.26890652]
[16/84] subhalo 1604362 done; total_formed=6.020e+00
Building SWIFTGalaxy for subhalo 3099797 (soap_index=88627496)
Read masses: Nstars=13114, sum_current=1.812639e+10 Msun
DEBUG: sample z (first valid): [2.76600391 2.26830241 2.34299123 2.62558088 2.04648568 3.14811064
 3.20966084 3.55111111 2.15349822 3.00122108]
DEBUG: Planck15 ages (Gyr): [2.34946341 2.89628566 2.80156334 2.48537481 3.21090791 2.03561145
 1.99152412 1.77324359 3.05248985 2.14759596]
DEBUG: cosmo_colibre ages (Gyr): [2.35125449 2.89781106 2.80314293 2.48711048 3.21222835 2.03750355
 1.99342737 1.77519071 3.05391832 2.14945635]
DEBUG: us.look_back_time -> ages (Gyr): [2.35125449 2.89781106 2.80314294 2.48711048 3.21222835 2.03750355
 1.99342737 1.77519072 3.05391832 2.14945636]
[17/84] subhalo 3099797 done; total_formed=3.051e+00
Building SWIFTGalaxy for subhalo 73277 (soap_index=88639573)
Read masses: Nstars=73471, sum_current=9.639948e+10 Msun
DEBUG: sample z (first valid): [6.61957912 3.1854643  0.90933458 0.60015627 1.00784314 5.94016732
 1.52956616 0.53956023 3.07663598 1.37880218]
DEBUG: Planck15 ages (Gyr): [0.8201401  2.00866578 6.24936304 7.91616708 5.830859   0.94345568
 4.20608534 8.32192783 2.08886576 4.59314704]
DEBUG: cosmo_colibre ages (Gyr): [0.82201667 2.01056479 6.24653478 7.90922279 5.82885259 0.94537194
 4.20649518 8.31377735 2.09074339 4.59308959]
DEBUG: us.look_back_time -> ages (Gyr): [0.82201668 2.01056479 6.24653478 7.90922279 5.8288526  0.94537195
 4.20649518 8.31377735 2.09074339 4.59308959]
[18/84] subhalo 73277 done; total_formed=1.611e+01
Building SWIFTGalaxy for subhalo 4303401 (soap_index=88701705)
Read masses: Nstars=45377, sum_current=6.243491e+10 Msun
DEBUG: sample z (first valid): [5.30821061 0.57040161 0.85675431 7.1476969  0.57205911 1.75338207
 0.39485782 0.55372214 2.33075828 7.03235691]
DEBUG: Planck15 ages (Gyr): [1.08857835 8.11159257 6.4922564  0.74167476 8.10051586 3.72111841
 9.42643551 8.22433903 2.81672678 0.75771668]
DEBUG: cosmo_colibre ages (Gyr): [1.09052697 8.10407725 6.48891245 0.74351915 8.09303339 3.72202299
 9.41460573 8.21648588 2.81829793 0.75956813]
DEBUG: us.look_back_time -> ages (Gyr): [1.09052697 8.10407725 6.48891246 0.74351915 8.09303339 3.72202299
 9.41460573 8.21648588 2.81829793 0.75956814]
[19/84] subhalo 4303401 done; total_formed=1.035e+01
Building SWIFTGalaxy for subhalo 735446 (soap_index=88792291)
Read masses: Nstars=65594, sum_current=8.138168e+10 Msun
DEBUG: sample z (first valid): [6.8712467  0.55934139 1.13932232 2.54363577 4.60711841 2.11808926
 6.05370789 5.54313099 2.41297781 2.66819657]
DEBUG: Planck15 ages (Gyr): [0.78111057 8.1860932  5.3373493  2.57078161 1.29852939 3.10346716
 0.92077763 1.03055007 2.71732876 2.44278718]
DEBUG: cosmo_colibre ages (Gyr): [0.78297187 8.17835533 5.33620503 2.57247887 1.30050206 3.10486193
 0.9226875  1.03248745 2.71895365 2.44454096]
DEBUG: us.look_back_time -> ages (Gyr): [0.78297187 8.17835534 5.33620504 2.57247887 1.30050207 3.10486194
 0.9226875  1.03248745 2.71895366 2.44454096]
[20/84] subhalo 735446 done; total_formed=1.368e+01
Building SWIFTGalaxy for subhalo 5543681 (soap_index=88805631)
Read masses: Nstars=37224, sum_current=5.238732e+10 Msun
DEBUG: sample z (first valid): [3.61651169 2.20469438 5.85594727 1.22231265 0.66911165 4.79246951
 4.28644027 0.29681811 3.74726548 2.08491809]
DEBUG: Planck15 ages (Gyr): [ 1.73593616  2.98116849  0.96088375  5.05897564  7.48977916  1.23685924
  1.41805407 10.30212587  1.66513044  3.15249813]
DEBUG: cosmo_colibre ages (Gyr): [ 1.73788886  2.98264239  0.96280467  5.0582675   7.48401655  1.23882738
  1.42003004 10.28698154  1.66709211  3.15385955]
DEBUG: us.look_back_time -> ages (Gyr): [ 1.73788886  2.98264239  0.96280467  5.0582675   7.48401655  1.23882738
  1.42003004 10.28698154  1.66709212  3.15385955]
[21/84] subhalo 5543681 done; total_formed=8.680e+00
Building SWIFTGalaxy for subhalo 844908 (soap_index=88823173)
Read masses: Nstars=20894, sum_current=2.796701e+10 Msun
DEBUG: sample z (first valid): [1.58933228 3.66348822 7.09786235 6.08267589 9.69538964 4.04006768
 3.40134318 2.67931731 4.06069498 6.02497588]
DEBUG: Planck15 ages (Gyr): [4.06698615 1.70993308 0.74853601 0.91513642 0.49286552 1.52284814
 1.86385885 2.43187112 1.51358828 0.92643018]
DEBUG: cosmo_colibre ages (Gyr): [4.06754806 1.71188932 0.75038345 0.91704465 0.49455943 1.52482138
 1.86579007 2.43362943 1.51556196 0.92834168]
DEBUG: us.look_back_time -> ages (Gyr): [4.06754806 1.71188932 0.75038346 0.91704465 0.49455944 1.52482138
 1.86579007 2.43362943 1.51556196 0.92834169]
[22/84] subhalo 844908 done; total_formed=4.705e+00
Building SWIFTGalaxy for subhalo 159605 (soap_index=88870631)
Read masses: Nstars=44912, sum_current=6.526329e+10 Msun
DEBUG: sample z (first valid): [1.72136866 5.20664836 1.95473399 4.31904878 4.92335503 1.49129476
 7.537224   1.41171708 2.40765391 2.38687339]
DEBUG: Planck15 ages (Gyr): [3.78478115 1.11536688 3.35772555 1.40508093 1.19618019 4.29923476
 0.69146003 4.50388704 2.72358964 2.74825552]
DEBUG: cosmo_colibre ages (Gyr): [3.78562641 1.11731998 3.35893704 1.40705687 1.19814422 4.2995381
 0.69328053 4.50394317 2.72521126 2.7498641 ]
DEBUG: us.look_back_time -> ages (Gyr): [3.78562641 1.11731998 3.35893705 1.40705688 1.19814423 4.29953811
 0.69328053 4.50394317 2.72521126 2.7498641 ]
[23/84] subhalo 159605 done; total_formed=1.061e+01
Building SWIFTGalaxy for subhalo 351866 (soap_index=88870632)
Read masses: Nstars=26835, sum_current=3.648392e+10 Msun
DEBUG: sample z (first valid): [0.21524996 3.66116643 1.25240583 6.9351011  0.92843691 3.91384869
 0.51858374 1.66623271 4.4301102  7.66820977]
DEBUG: Planck15 ages (Gyr): [11.1237251   1.71120309  4.96369825  0.77169686  6.16461067  1.58161349
  8.46969927  3.89864888  1.36233929  0.67583158]
DEBUG: cosmo_colibre ages (Gyr): [11.10516868  1.71315916  4.96313118  0.77355426  6.16195564  1.58358302
  8.46108989  3.89938383  1.3643146   0.67764408]
DEBUG: us.look_back_time -> ages (Gyr): [11.10516868  1.71315916  4.96313118  0.77355427  6.16195564  1.58358302
  8.4610899   3.89938384  1.3643146   0.67764408]
[24/84] subhalo 351866 done; total_formed=6.028e+00
Building SWIFTGalaxy for subhalo 358979 (soap_index=88899886)
Read masses: Nstars=33196, sum_current=4.540293e+10 Msun
DEBUG: sample z (first valid): [2.11009871 7.38270657 0.64135444 5.78637258 0.60990469 4.91106702
 4.86924593 2.76600391 1.24854182 3.21968965]
DEBUG: Planck15 ages (Gyr): [3.11516363 0.71068305 7.65712286 0.97568859 7.85368519 1.19990424
 1.21272406 2.34946341 4.9757714  1.98449009]
DEBUG: cosmo_colibre ages (Gyr): [3.11655053 0.71251301 7.65090701 0.97761329 7.84691958 1.20186869
 1.21468988 2.35125449 4.97518668 1.98639505]
DEBUG: us.look_back_time -> ages (Gyr): [3.11655053 0.71251302 7.65090701 0.97761329 7.84691958 1.20186869
 1.21468988 2.35125449 4.97518669 1.98639506]
[25/84] subhalo 358979 done; total_formed=7.544e+00
Building SWIFTGalaxy for subhalo 5574595 (soap_index=88944093)
Read masses: Nstars=86111, sum_current=1.132929e+11 Msun
DEBUG: sample z (first valid): [0.63545618 4.32986337 0.99658786 0.27363184 5.35963125 0.08245243
 0.65813177 0.05689588 0.05018909 0.01795589]
DEBUG: Planck15 ages (Gyr): [ 7.69341455  1.4008218   5.87642049 10.52650709  1.07542012 12.67586948
  7.55530352 13.00941303 13.09898825 13.54180097]
DEBUG: cosmo_colibre ages (Gyr): [ 7.6870986   1.40279772  5.87432867 10.51045921  1.07736638 12.65013288
  7.54936507 12.98201807 13.07114142 13.51168111]
DEBUG: us.look_back_time -> ages (Gyr): [ 7.6870986   1.40279773  5.87432868 10.51045921  1.07736638 12.65013288
  7.54936507 12.98201807 13.07114142 13.51168111]
[26/84] subhalo 5574595 done; total_formed=1.896e+01
Building SWIFTGalaxy for subhalo 743526 (soap_index=88947234)
Read masses: Nstars=158274, sum_current=2.063153e+11 Msun
DEBUG: sample z (first valid): [1.77436288 0.44722198 6.34626163 5.04464121 2.94225217 4.40057684
 2.93420579 1.1350013  5.50352287 3.86172107]
DEBUG: Planck15 ages (Gyr): [3.6803322  9.00288253 0.86633694 1.16042854 2.19544339 1.37349256
 2.20210856 5.35250503 1.03996892 1.60698827]
DEBUG: cosmo_colibre ages (Gyr): [3.68127391 8.99253122 0.86822983 1.1623882  2.19728876 1.37546812
 2.20395177 5.35133599 1.04190827 1.60895573]
DEBUG: us.look_back_time -> ages (Gyr): [3.68127392 8.99253122 0.86822984 1.16238821 2.19728876 1.37546812
 2.20395178 5.35133599 1.04190828 1.60895573]
[27/84] subhalo 743526 done; total_formed=3.450e+01
Building SWIFTGalaxy for subhalo 64105 (soap_index=88984018)
Read masses: Nstars=19401, sum_current=2.363756e+10 Msun
DEBUG: sample z (first valid): [3.04893118 5.52034623 3.09676814 0.79925324 3.42272911 3.09012045
 3.76521486 2.87557658 4.85299634 3.19028133]
DEBUG: Planck15 ages (Gyr): [2.1101297  1.03595091 2.07363494 6.77506118 1.85045603 2.07864386
 1.65578394 2.25169835 1.21776666 2.00523384]
DEBUG: cosmo_colibre ages (Gyr): [2.11200124 1.03788943 2.07551682 6.77108077 1.85238982 2.08052435
 1.65774664 2.25352493 1.21973298 2.00713371]
DEBUG: us.look_back_time -> ages (Gyr): [2.11200124 1.03788943 2.07551682 6.77108077 1.85238982 2.08052436
 1.65774664 2.25352494 1.21973299 2.00713371]
[28/84] subhalo 64105 done; total_formed=4.002e+00
Building SWIFTGalaxy for subhalo 161545 (soap_index=88984021)
Read masses: Nstars=110864, sum_current=1.431890e+11 Msun
DEBUG: sample z (first valid): [0.71022965 0.39426432 4.30827798 3.74726548 0.65261247 0.82084908
 0.21895692 0.21868492 0.4882369  2.41831838]
DEBUG: Planck15 ages (Gyr): [ 7.25194446  9.43140336  1.4093442   1.66513044  7.58857099  6.66665115
 11.08437355 11.08725427  8.69052844  2.71107199]
DEBUG: cosmo_colibre ages (Gyr): [ 7.24680257  9.41955574  1.41132016  1.66709211  7.58254246  6.66291932
 11.06598696 11.06885528  8.68121389  2.71270015]
DEBUG: us.look_back_time -> ages (Gyr): [ 7.24680257  9.41955574  1.41132016  1.66709212  7.58254246  6.66291932
 11.06598696 11.06885528  8.68121389  2.71270015]
[29/84] subhalo 161545 done; total_formed=2.406e+01
Building SWIFTGalaxy for subhalo 1506824 (soap_index=89047539)
Read masses: Nstars=14683, sum_current=1.938845e+10 Msun
DEBUG: sample z (first valid): [2.21980937 1.28874764 3.43050297 1.18744993 1.68084758 6.76033156
 0.94653677 6.71283983 1.48242424 5.77304671]
DEBUG: Planck15 ages (Gyr): [2.96063215 4.85239611 1.84562352 5.17304119 3.86793063 0.79792282
 6.08594982 0.80530626 4.32129953 0.97856748]
DEBUG: cosmo_colibre ages (Gyr): [2.96211876 4.85198861 1.84755821 5.17215867 3.86869587 0.79979087
 6.08345247 0.80717719 4.3215771  0.98049289]
DEBUG: us.look_back_time -> ages (Gyr): [2.96211876 4.85198862 1.84755821 5.17215867 3.86869587 0.79979087
 6.08345247 0.8071772  4.32157711 0.98049289]
[30/84] subhalo 1506824 done; total_formed=3.247e+00
Building SWIFTGalaxy for subhalo 6647 (soap_index=89101813)
Read masses: Nstars=142816, sum_current=1.821270e+11 Msun
DEBUG: sample z (first valid): [2.77381089 1.15239096 4.0763749  7.09786235 0.1480625  1.31216483
 5.1565054  0.36226823 0.37692243 0.10070541]
DEBUG: Planck15 ages (Gyr): [ 2.34226795  5.29192305  1.50661162  0.74853601 11.87300032  4.78277184
  1.12899916  9.70502259  9.57827777 12.44498108]
DEBUG: cosmo_colibre ages (Gyr): [ 2.34406176  5.2908524   1.50858561  0.75038345 11.85109223  4.78246131
  1.13095437  9.69217553  9.56589789 12.42036957]
DEBUG: us.look_back_time -> ages (Gyr): [ 2.34406176  5.29085241  1.50858561  0.75038346 11.85109223  4.78246131
  1.13095437  9.69217553  9.56589789 12.42036957]
[31/84] subhalo 6647 done; total_formed=3.061e+01
Building SWIFTGalaxy for subhalo 363999 (soap_index=89172966)
Read masses: Nstars=34063, sum_current=5.042430e+10 Msun
DEBUG: sample z (first valid): [5.38565722 4.68740779 3.23687613 3.49399986 3.36790189 2.75866024
 3.19403558 5.38565722 0.86627178 0.94261323]
DEBUG: Planck15 ages (Gyr): [1.06886057 1.27120265 1.97253087 1.80692082 1.88514126 2.35626515
 2.0025658  1.06886057 6.44721425 6.10286764]
DEBUG: cosmo_colibre ages (Gyr): [1.07080562 1.27317356 1.97443869 1.80886242 1.88706827 2.35805362
 2.00446633 1.07080562 6.44396809 6.10033663]
DEBUG: us.look_back_time -> ages (Gyr): [1.07080562 1.27317357 1.97443869 1.80886243 1.88706827 2.35805362
 2.00446633 1.07080562 6.44396809 6.10033663]
[32/84] subhalo 363999 done; total_formed=8.244e+00
Building SWIFTGalaxy for subhalo 9940028 (soap_index=89226270)
Read masses: Nstars=28954, sum_current=4.343321e+10 Msun
DEBUG: sample z (first valid): [0.23513004 2.96227328 3.74726548 6.31591873 6.11111111 9.54481094
 4.41709373 6.77598481 2.58708265 6.18360189]
DEBUG: Planck15 ages (Gyr): [10.91500451  2.17900266  1.66513044  0.87173188  0.9096546   0.5034815
  1.36723638  0.79551386  2.5249087   0.89592376]
DEBUG: cosmo_colibre ages (Gyr): [10.89734166  2.18085329  1.66709211  0.87362656  0.9115612   0.50518377
  1.3692118   0.79738096  2.52662693  0.89782618]
DEBUG: us.look_back_time -> ages (Gyr): [10.89734166  2.1808533   1.66709212  0.87362657  0.9115612   0.50518377
  1.3692118   0.79738096  2.52662693  0.89782618]
[33/84] subhalo 9940028 done; total_formed=6.868e+00
Building SWIFTGalaxy for subhalo 1588518 (soap_index=89440467)
Read masses: Nstars=134930, sum_current=1.689678e+11 Msun
DEBUG: sample z (first valid): [4.85142857 4.44997921 0.28110095 1.83190735 4.22199203 2.68303923
 0.27980003 2.30555836 0.75417559 1.25070403]
DEBUG: Planck15 ages (Gyr): [ 1.21825501  1.35492002 10.45345952  3.57211645  1.44428645  2.42823563
 10.46612954  2.84839116  7.01030101  4.96900978]
DEBUG: cosmo_colibre ages (Gyr): [ 1.22022138  1.35689512 10.43770816  3.57315337  1.44626221  2.42999545
 10.45032692  2.84994439  7.00576151  4.96843496]
DEBUG: us.look_back_time -> ages (Gyr): [ 1.22022139  1.35689513 10.43770817  3.57315337  1.44626221  2.42999545
 10.45032692  2.84994439  7.00576151  4.96843496]
[34/84] subhalo 1588518 done; total_formed=2.842e+01
Building SWIFTGalaxy for subhalo 961864 (soap_index=89507219)
Read masses: Nstars=20711, sum_current=2.950754e+10 Msun
DEBUG: sample z (first valid): [2.92243237 5.1565054  3.94387447 0.09015903 1.59857256 4.40592263
 0.97993958 6.51215039 4.47227789 5.46375382]
DEBUG: Planck15 ages (Gyr): [ 2.21192135  1.12899916  1.56729723 12.57765472  4.04614351  1.37146253
  5.94484435  0.8377985   1.34667298  1.04957078]
DEBUG: cosmo_colibre ages (Gyr): [ 2.21376134  1.13095437  1.56926781 12.55239903  4.0467275   1.37343804
  5.94262242  0.83968153  1.34864783  1.05151208]
DEBUG: us.look_back_time -> ages (Gyr): [ 2.21376135  1.13095437  1.56926781 12.55239903  4.0467275   1.37343804
  5.94262242  0.83968154  1.34864783  1.05151209]
[35/84] subhalo 961864 done; total_formed=4.770e+00
Building SWIFTGalaxy for subhalo 788021 (soap_index=89547361)
Read masses: Nstars=73434, sum_current=1.053546e+11 Msun
DEBUG: sample z (first valid): [3.67080037 0.48891312 1.05313283 0.76437648 6.25678219 1.78001188
 0.56559962 3.05594752 3.77632826 4.56758134]
DEBUG: Planck15 ages (Gyr): [1.70594355 8.68551446 5.65302049 6.95597768 0.88240814 3.6694746
 8.14381245 2.10471084 1.65004049 1.3123462 ]
DEBUG: cosmo_colibre ages (Gyr): [1.70790031 8.67621618 5.651338   6.95156968 0.8843063  3.67042608
 8.13620121 2.10658395 1.65200381 1.31431961]
DEBUG: us.look_back_time -> ages (Gyr): [1.70790031 8.67621618 5.651338   6.95156968 0.8843063  3.67042608
 8.13620121 2.10658395 1.65200381 1.31431962]
[36/84] subhalo 788021 done; total_formed=1.732e+01
Building SWIFTGalaxy for subhalo 383944 (soap_index=89578160)
Read masses: Nstars=30778, sum_current=4.593303e+10 Msun
DEBUG: sample z (first valid): [7.41661851 6.24234722 0.2264391  5.28281085 0.22077341 3.84447073
 6.40603458 0.7070223  1.34040426 7.46827756]
DEBUG: Planck15 ages (Gyr): [ 0.70638867  0.8850472  11.00555226  1.09517697 11.06516333  1.61553428
  0.85587025  7.2700786   4.70091094  0.6999293 ]
DEBUG: cosmo_colibre ages (Gyr): [ 0.70821656  0.88694619 10.98750396  1.09712674 11.04685942  1.61750098
  0.85775961  7.26489035  4.70071164  0.70175403]
DEBUG: us.look_back_time -> ages (Gyr): [ 0.70821657  0.8869462  10.98750396  1.09712674 11.04685942  1.61750098
  0.85775961  7.26489035  4.70071165  0.70175403]
[37/84] subhalo 383944 done; total_formed=7.381e+00
Building SWIFTGalaxy for subhalo 798590 (soap_index=89618867)
Read masses: Nstars=13358, sum_current=1.805338e+10 Msun
DEBUG: sample z (first valid): [3.10832497 1.1743862  4.09413136 3.03944773 3.84948942 1.01191134
 0.88062443 4.41978167 2.57807382 2.77555018]
DEBUG: Planck15 ages (Gyr): [2.06497437 5.2168393  1.49877515 2.11749063 1.61304021 5.81452721
 6.38020157 1.36622273 2.53430939 2.34066985]
DEBUG: cosmo_colibre ages (Gyr): [2.06685863 5.21588823 1.50074946 2.11936002 1.61500714 5.81255118
 6.37709907 1.36819812 2.53602339 2.34246427]
DEBUG: us.look_back_time -> ages (Gyr): [2.06685863 5.21588823 1.50074947 2.11936003 1.61500714 5.81255118
 6.37709907 1.36819813 2.5360234  2.34246427]
[38/84] subhalo 798590 done; total_formed=3.025e+00
Building SWIFTGalaxy for subhalo 4259598 (soap_index=89647306)
Read masses: Nstars=44470, sum_current=6.246857e+10 Msun
DEBUG: sample z (first valid): [3.88673477 9.14567691 4.40592263 1.02722098 0.60832433 0.59160676
 7.34853503 0.37276917 0.83348254 0.39664138]
DEBUG: Planck15 ages (Gyr): [1.59472853 0.53354024 1.37146253 5.75370627 7.86376357 7.9715853
 0.71505437 9.61395179 6.60447049 9.41152972]
DEBUG: cosmo_colibre ages (Gyr): [1.59669703 0.53526505 1.37343804 5.75184224 7.85696927 7.96448096
 0.71688643 9.60144115 6.60087865 9.39975337]
DEBUG: us.look_back_time -> ages (Gyr): [1.59669703 0.53526505 1.37343804 5.75184224 7.85696927 7.96448096
 0.71688644 9.60144115 6.60087865 9.39975337]
[39/84] subhalo 4259598 done; total_formed=1.033e+01
Building SWIFTGalaxy for subhalo 71972 (soap_index=89653000)
Read masses: Nstars=104275, sum_current=1.355469e+11 Msun
DEBUG: sample z (first valid): [6.88298918e-03 1.05674115e+00 1.22351903e+00 7.19712320e+00
 1.70765163e+00 1.20333513e+00 2.30889629e+00 3.72059353e+00
 1.87186678e+00 3.72740388e+00]
DEBUG: Planck15 ages (Gyr): [13.69876182  5.63921983  5.0551003   0.73497236  3.81260157  5.12056556
  2.8441635   1.67918122  3.4999786   1.67557491]
DEBUG: cosmo_colibre ages (Gyr): [13.66782098  5.63756185  5.05439797  0.73681371  3.81342037  5.11976401
  2.84571914  1.68114128  3.50107633  1.6775354 ]
DEBUG: us.look_back_time -> ages (Gyr): [13.66782098  5.63756186  5.05439797  0.73681372  3.81342038  5.11976401
  2.84571915  1.68114128  3.50107633  1.6775354 ]
[40/84] subhalo 71972 done; total_formed=2.281e+01
Building SWIFTGalaxy for subhalo 177437 (soap_index=89867017)
Read masses: Nstars=49591, sum_current=6.696366e+10 Msun
DEBUG: sample z (first valid): [1.91374711 1.05919688 1.31216483 1.47175077 1.52566672 4.26520447
 2.33041976 1.23458811 1.9119346  2.08462769]
DEBUG: Planck15 ages (Gyr): [3.42688385 5.62985777 4.78277184 4.34809151 4.21542681 1.42660982
 2.81714832 5.01976185 3.42999565 3.15293296]
DEBUG: cosmo_colibre ages (Gyr): [3.42804106 5.62821637 4.78246131 4.34833751 4.21582614 1.42858575
 2.81871923 5.01911227 3.43115036 3.15429408]
DEBUG: us.look_back_time -> ages (Gyr): [3.42804106 5.62821637 4.78246131 4.34833751 4.21582614 1.42858576
 2.81871923 5.01911227 3.43115037 3.15429408]
[41/84] subhalo 177437 done; total_formed=1.124e+01
Building SWIFTGalaxy for subhalo 1621335 (soap_index=89867056)
Read masses: Nstars=29638, sum_current=3.939398e+10 Msun
DEBUG: sample z (first valid): [1.29548161 0.60674708 0.89915382 1.17640808 1.14058009 2.91961722
 0.8989337  1.10320924 1.29628591 1.18832643]
DEBUG: Planck15 ages (Gyr): [4.83220961 7.87384172 6.29527701 5.21002223 5.33295052 2.21427838
 6.2962755  5.46613879 4.82980751 5.17012351]
DEBUG: cosmo_colibre ages (Gyr): [4.83183046 7.86701867 6.29235345 5.20908189 5.33181342 2.21611759
 6.29334986 5.46478059 4.82943171 5.16924552]
DEBUG: us.look_back_time -> ages (Gyr): [4.83183046 7.86701867 6.29235346 5.20908189 5.33181343 2.21611759
 6.29334986 5.46478059 4.82943172 5.16924552]
[42/84] subhalo 1621335 done; total_formed=6.573e+00
Building SWIFTGalaxy for subhalo 1465977 (soap_index=89967930)
Read masses: Nstars=45560, sum_current=6.039756e+10 Msun
DEBUG: sample z (first valid): [3.82983271 0.95489798 0.80838852 0.69029196 5.1937435  0.72064692
 0.90888967 1.4899696  0.61657622 0.76399655]
DEBUG: Planck15 ages (Gyr): [1.62284533 6.050141   6.72887244 7.36580479 1.11884908 7.19352108
 6.25135862 4.30251945 7.81135359 6.95798929]
DEBUG: cosmo_colibre ages (Gyr): [1.62481136 6.04771445 6.72499864 7.36036918 1.12080273 7.18852743
 6.24852623 4.30281898 7.80470795 6.95357645]
DEBUG: us.look_back_time -> ages (Gyr): [1.62481136 6.04771445 6.72499864 7.36036918 1.12080274 7.18852744
 6.24852624 4.30281898 7.80470796 6.95357645]
[43/84] subhalo 1465977 done; total_formed=1.012e+01
Building SWIFTGalaxy for subhalo 61648 (soap_index=90006193)
Read masses: Nstars=286172, sum_current=3.588127e+11 Msun
DEBUG: sample z (first valid): [1.57347051 0.54347621 0.79570364 1.02109418 0.855913   0.86202978
 6.83923445 1.11161232 1.10280434 0.94054246]
DEBUG: Planck15 ages (Gyr): [4.10317111 8.29476982 6.79314044 5.77792579 6.4962614  6.46722974
 0.78590204 5.43573546 5.46761057 6.1118262 ]
DEBUG: cosmo_colibre ages (Gyr): [4.10369425 8.28670255 6.78911802 5.77601737 6.49290872 6.46394025
 0.78776529 5.43442846 5.46624987 6.1092773 ]
DEBUG: us.look_back_time -> ages (Gyr): [4.10369426 8.28670255 6.78911802 5.77601737 6.49290872 6.46394025
 0.78776529 5.43442846 5.46624987 6.10927731]
[44/84] subhalo 61648 done; total_formed=6.030e+01
Building SWIFTGalaxy for subhalo 158419 (soap_index=90006210)
Read masses: Nstars=18662, sum_current=2.700485e+10 Msun
DEBUG: sample z (first valid): [2.52344086 1.76359956 1.75130143 1.49984742 2.18909976 1.64066403
 4.19549707 2.05130832 1.69141684 2.77120497]
DEBUG: Planck15 ages (Gyr): [2.59257276 3.70116469 3.72520308 4.27813186 3.00260207 3.95334914
 1.45530497 3.20348183 3.8459591  2.34466571]
DEBUG: cosmo_colibre ages (Gyr): [2.59425978 3.70208752 3.72610391 4.27845966 3.00406252 3.95402918
 1.45728055 3.20480756 3.84674577 2.34645861]
DEBUG: us.look_back_time -> ages (Gyr): [2.59425978 3.70208752 3.72610391 4.27845966 3.00406253 3.95402918
 1.45728055 3.20480756 3.84674577 2.34645861]
[45/84] subhalo 158419 done; total_formed=4.532e+00
Building SWIFTGalaxy for subhalo 349084 (soap_index=90006227)
Read masses: Nstars=1837035, sum_current=2.287823e+12 Msun
DEBUG: sample z (first valid): [0.94561216 0.54785073 0.67920467 1.44866238 1.30809326 0.4674429
 1.21615041 4.87556034 1.68634202 1.01798251]
DEBUG: Planck15 ages (Gyr): [6.08993002 8.26458883 7.43030803 4.40696921 4.79476245 8.84683798
 5.07884491 1.21077391 3.8564834  5.7902878 ]
DEBUG: cosmo_colibre ages (Gyr): [6.08742477 8.25661361 7.42470322 4.4071447  4.79443538 8.83701034
 5.07810682 1.21273952 3.85725983 5.78835661]
DEBUG: us.look_back_time -> ages (Gyr): [6.08742477 8.25661361 7.42470323 4.4071447  4.79443538 8.83701034
 5.07810682 1.21273952 3.85725983 5.78835661]
[46/84] subhalo 349084 done; total_formed=3.819e+02
Building SWIFTGalaxy for subhalo 732423 (soap_index=90006272)
Read masses: Nstars=5349, sum_current=9.042084e+09 Msun
DEBUG: sample z (first valid): [2.20877399 1.1896425  2.09833585 1.35300876 0.80699239 0.94630554
 2.63321876 2.78383372 2.23315244 2.04450432]
DEBUG: Planck15 ages (Gyr): [2.9756027  5.16574751 3.13251358 4.66509388 6.73589985 6.08694485
 2.47765248 2.3330833  2.94269508 3.21396703]
DEBUG: cosmo_colibre ages (Gyr): [2.97708006 5.16487631 3.13388871 4.6649423  6.73200989 6.08444552
 2.47939148 2.33488058 2.94419267 3.21528529]
DEBUG: us.look_back_time -> ages (Gyr): [2.97708006 5.16487632 3.13388871 4.6649423  6.73200989 6.08444552
 2.47939148 2.33488059 2.94419267 3.2152853 ]
[47/84] subhalo 732423 done; total_formed=1.509e+00
Building SWIFTGalaxy for subhalo 733576 (soap_index=90006284)
Read masses: Nstars=8310, sum_current=1.161267e+10 Msun
DEBUG: sample z (first valid): [2.95033153 2.47597327 1.95154026 1.63514274 1.55800156 2.72152186
 1.55361596 2.45690474 1.53347766 2.19875049]
DEBUG: Planck15 ages (Gyr): [2.18878432 2.64500498 3.3630324  3.96532421 4.13896319 2.39116517
 4.14920234 2.66656033 4.19674846 2.98930827]
DEBUG: cosmo_colibre ages (Gyr): [2.19063183 2.64666661 3.3642398  3.96599205 4.13944744 2.39293999
 4.14967536 2.66821122 4.19716877 2.99077708]
DEBUG: us.look_back_time -> ages (Gyr): [2.19063183 2.64666661 3.3642398  3.96599206 4.13944744 2.39294
 4.14967536 2.66821123 4.19716877 2.99077709]
[48/84] subhalo 733576 done; total_formed=1.942e+00
Building SWIFTGalaxy for subhalo 735584 (soap_index=90006300)
Read masses: Nstars=12203, sum_current=1.521792e+10 Msun
DEBUG: sample z (first valid): [2.11631003 5.66693795 6.12193002 9.89271171 6.84017227 5.7625632
 1.95340243 4.51975069 2.09980134 9.63033252]
DEBUG: Planck15 ages (Gyr): [3.10606534 1.00200362 0.90758322 0.47950685 0.78576097 0.98084224
 3.35993647 1.32939023 3.13034342 0.49740603]
DEBUG: cosmo_colibre ages (Gyr): [3.10745837 1.00393465 0.90948919 0.48118995 0.78762417 0.98276822
 3.36114626 1.33136443 3.13172002 0.49910355]
DEBUG: us.look_back_time -> ages (Gyr): [3.10745838 1.00393466 0.9094892  0.48118995 0.78762417 0.98276822
 3.36114626 1.33136443 3.13172002 0.49910355]
[49/84] subhalo 735584 done; total_formed=2.576e+00
Building SWIFTGalaxy for subhalo 2800295 (soap_index=90006464)
Read masses: Nstars=7862, sum_current=1.002946e+10 Msun
DEBUG: sample z (first valid): [2.89631391 2.46861437 3.20425969 2.89168646 2.69050569 2.40376026
 3.1841282  2.46641278 3.01126209 2.9844358 ]
DEBUG: Planck15 ages (Gyr): [2.2339496  2.65328955 1.99532948 2.23789012 2.42096947 2.72818356
 2.00961941 2.65577637 2.13962008 2.16103908]
DEBUG: cosmo_colibre ages (Gyr): [2.23578224 2.65494707 1.99723179 2.23972143 2.42273227 2.72980277
 2.01151818 2.65743266 2.14148289 2.16289534]
DEBUG: us.look_back_time -> ages (Gyr): [2.23578224 2.65494707 1.9972318  2.23972143 2.42273227 2.72980277
 2.01151818 2.65743266 2.14148289 2.16289534]
[50/84] subhalo 2800295 done; total_formed=1.690e+00
Building SWIFTGalaxy for subhalo 9748829 (soap_index=90007116)
Read masses: Nstars=21359, sum_current=2.902371e+10 Msun
DEBUG: sample z (first valid): [1.53661558 1.61474625 1.42169832 2.09365559 1.59610204 1.42977903
 2.20156326 2.60246262 1.55920025 2.95223737]
DEBUG: Planck15 ages (Gyr): [4.18928228 4.01007463 4.47736844 3.13946085 4.05169915 4.45608239
 2.98545182 2.50899171 4.13617168 2.18721836]
DEBUG: cosmo_colibre ages (Gyr): [4.18971092 4.01069638 4.47745765 3.14083122 4.05227727 4.45619792
 2.98692305 2.51071704 4.13665899 2.18906638]
DEBUG: us.look_back_time -> ages (Gyr): [4.18971092 4.01069639 4.47745765 3.14083123 4.05227727 4.45619792
 2.98692305 2.51071704 4.13665899 2.18906638]
[51/84] subhalo 9748829 done; total_formed=4.875e+00
Building SWIFTGalaxy for subhalo 16342647 (soap_index=90007667)
Read masses: Nstars=6433, sum_current=9.651989e+09 Msun
DEBUG: sample z (first valid): [2.24050633 1.74507833 1.94173624 1.78189999 1.50271137 7.9634138
 1.64002578 3.10138307 1.73545371 1.57225842]
DEBUG: Planck15 ages (Gyr): [2.93288522 3.73746369 3.37940892 3.66585715 4.27110258 0.64268574
 3.95473045 2.07016939 3.75655525 4.10595758]
DEBUG: cosmo_colibre ages (Gyr): [2.93438875 3.7383532  3.3806036  3.66681188 4.27143848 0.64448028
 3.95540908 2.07205222 3.75742702 4.10647771]
DEBUG: us.look_back_time -> ages (Gyr): [2.93438875 3.7383532  3.3806036  3.66681188 4.27143848 0.64448028
 3.95540908 2.07205222 3.75742702 4.10647772]
[52/84] subhalo 16342647 done; total_formed=1.610e+00
Building SWIFTGalaxy for subhalo 3193804 (soap_index=90190640)
Read masses: Nstars=25799, sum_current=3.447704e+10 Msun
DEBUG: sample z (first valid): [1.29227002 6.27531083 7.9634138  3.07232958 3.68985258 5.98976109
 5.54313099 1.27951304 1.46616994 0.78825584]
DEBUG: Planck15 ages (Gyr): [4.84182027 0.87903979 0.64268574 2.09214772 1.69562069 0.93343716
 1.03055007 4.88029843 4.36220679 6.83131733]
DEBUG: cosmo_colibre ages (Gyr): [4.84142764 0.88093686 0.64448028 2.09402442 1.69757875 0.93535065
 1.03248745 4.87985146 4.36243602 6.82720566]
DEBUG: us.look_back_time -> ages (Gyr): [4.84142764 0.88093686 0.64448028 2.09402442 1.69757876 0.93535065
 1.03248745 4.87985146 4.36243602 6.82720567]
[53/84] subhalo 3193804 done; total_formed=5.795e+00
Building SWIFTGalaxy for subhalo 160042 (soap_index=90199565)
Read masses: Nstars=12781, sum_current=1.789075e+10 Msun
DEBUG: sample z (first valid): [2.78252338 1.40305075 1.39130117 1.5850426  2.26212046 1.24392248
 1.64514046 0.95863718 1.28014752 1.65242027]
DEBUG: Planck15 ages (Gyr): [2.33428069 4.5271172  4.55892034 4.07672108 2.90436059 4.99026612
 3.94368316 6.03423357 4.87837318 3.92804524]
DEBUG: cosmo_colibre ages (Gyr): [2.33607752 4.52714411 4.55890686 4.07727261 2.90588121 4.98966013
 3.94437299 6.03183826 4.87792894 3.92875084]
DEBUG: us.look_back_time -> ages (Gyr): [2.33607752 4.52714411 4.55890686 4.07727261 2.90588122 4.98966013
 3.94437299 6.03183827 4.87792895 3.92875084]
[54/84] subhalo 160042 done; total_formed=2.976e+00
Building SWIFTGalaxy for subhalo 4093933 (soap_index=90237013)
Read masses: Nstars=26175, sum_current=3.554440e+10 Msun
DEBUG: sample z (first valid): [8.07323827 0.66911165 1.08381558 0.79060109 0.72028559 2.10714963
 0.72663084 2.01065785 1.97188464 0.90977969]
DEBUG: Planck15 ages (Gyr): [0.63103835 7.48977916 5.53734168 6.81926009 7.19553544 3.11949867
 7.16028681 3.26696837 3.32945933 6.24736753]
DEBUG: cosmo_colibre ages (Gyr): [0.63282625 7.48401655 5.53586186 6.81517669 7.19053671 3.12088265
 7.15537676 3.26824823 3.33069247 6.24454339]
DEBUG: us.look_back_time -> ages (Gyr): [0.63282625 7.48401655 5.53586186 6.81517669 7.19053671 3.12088265
 7.15537677 3.26824823 3.33069247 6.24454339]
[55/84] subhalo 4093933 done; total_formed=5.954e+00
Building SWIFTGalaxy for subhalo 66596 (soap_index=90293649)
Read masses: Nstars=641264, sum_current=7.935300e+11 Msun
DEBUG: sample z (first valid): [7.99972535 0.88300195 0.87911458 0.33899967 0.31145441 0.29028193
 2.64574989 3.43260061 1.48883488 0.27970007]
DEBUG: Planck15 ages (Gyr): [ 0.63879545  6.36920543  6.3872      9.9113769  10.16404182 10.3646715
  2.46506803  1.84432313  4.30533534 10.46710401]
DEBUG: cosmo_colibre ages (Gyr): [ 0.64058779  6.3661263   6.3840826   9.89775377 10.1494427  10.34927748
  2.46681242  1.84625806  4.30563158 10.45129744]
DEBUG: us.look_back_time -> ages (Gyr): [ 0.6405878   6.3661263   6.3840826   9.89775377 10.1494427  10.34927748
  2.46681242  1.84625807  4.30563158 10.45129744]
[56/84] subhalo 66596 done; total_formed=1.324e+02
Building SWIFTGalaxy for subhalo 164756 (soap_index=90328053)
Read masses: Nstars=86371, sum_current=1.123674e+11 Msun
DEBUG: sample z (first valid): [0.79826583 0.98449612 6.8712467  4.80426889 0.50256787 0.71722042
 0.68611711 1.79996582 3.38573245 7.06547289]
DEBUG: Planck15 ages (Gyr): [6.7800829  5.92599343 0.78111057 1.23309842 8.58518577 7.21265821
 7.38999239 3.63153563 1.87374398 0.75305219]
DEBUG: cosmo_colibre ages (Gyr): [6.77609083 5.92380756 0.78297187 1.23506621 8.57621049 7.20761619
 7.38449357 3.63252086 1.87567327 0.75490161]
DEBUG: us.look_back_time -> ages (Gyr): [6.77609083 5.92380757 0.78297187 1.23506622 8.5762105  7.20761619
 7.38449357 3.63252087 1.87567327 0.75490161]
[57/84] subhalo 164756 done; total_formed=1.886e+01
Building SWIFTGalaxy for subhalo 2931829 (soap_index=90404228)
Read masses: Nstars=50722, sum_current=6.942499e+10 Msun
DEBUG: sample z (first valid): [4.23325082 0.71632097 0.67320261 1.36080692 0.3369237  0.5553446
 5.10659709 3.8348211  1.1026694  1.66254977]
DEBUG: Planck15 ages (Gyr): [1.43964604 7.21769456 7.46558683 4.64315278 9.93009821 8.2132687
 1.14284459 1.6203477  5.46810117 3.90645221]
DEBUG: cosmo_colibre ages (Gyr): [1.44162186 7.21263977 7.45988862 4.64303015 9.91640374 8.20544899
 1.14480183 1.62231396 5.46673965 3.9071794 ]
DEBUG: us.look_back_time -> ages (Gyr): [1.44162186 7.21263977 7.45988862 4.64303016 9.91640374 8.20544899
 1.14480183 1.62231397 5.46673965 3.90717941]
[58/84] subhalo 2931829 done; total_formed=1.145e+01
Building SWIFTGalaxy for subhalo 26481953 (soap_index=90404290)
Read masses: Nstars=46924, sum_current=6.354461e+10 Msun
DEBUG: sample z (first valid): [4.47227789 1.0293553  0.46481895 2.51474847 1.67014342 3.22840183
 0.85865003 0.006141   0.59207074 5.52944107]
DEBUG: Planck15 ages (Gyr): [ 1.34667298  5.74530671  8.86685911  2.60204585  3.89039056  1.97841279
  6.48324588 13.70937061  7.96856274  1.03378947]
DEBUG: cosmo_colibre ages (Gyr): [ 1.34864783  5.743458    8.85696492  2.60372836  3.89113369  1.98031921
  6.47992157 13.67837401  7.96146716  1.03572753]
DEBUG: us.look_back_time -> ages (Gyr): [ 1.34864783  5.743458    8.85696492  2.60372836  3.8911337   1.98031921
  6.47992157 13.67837401  7.96146717  1.03572754]
[59/84] subhalo 26481953 done; total_formed=1.049e+01
Building SWIFTGalaxy for subhalo 774048 (soap_index=90495189)
Read masses: Nstars=49793, sum_current=6.892549e+10 Msun
DEBUG: sample z (first valid): [4.85142857 5.21901689 3.48477383 4.5225415  1.3180532  4.36784339
 0.73651298 2.06931435 6.11111111 0.33932805]
DEBUG: Planck15 ages (Gyr): [1.21825501 1.11204625 1.81246051 1.32838568 4.76551541 1.38603239
 7.1059151  3.17600182 0.9096546  9.90842031]
DEBUG: cosmo_colibre ages (Gyr): [1.22022138 1.11399882 1.81440116 1.33035984 4.76522858 1.38800816
 7.10114065 3.17734691 0.9115612  9.89480844]
DEBUG: us.look_back_time -> ages (Gyr): [1.22022139 1.11399883 1.81440117 1.33035984 4.76522858 1.38800816
 7.10114065 3.17734691 0.9115612  9.89480844]
[60/84] subhalo 774048 done; total_formed=1.139e+01
Building SWIFTGalaxy for subhalo 766227 (soap_index=90512320)
Read masses: Nstars=138417, sum_current=1.755514e+11 Msun
DEBUG: sample z (first valid): [0.15747086 8.62349486 7.03235691 6.9351011  0.45158147 0.32610279
 8.58478976 3.62335097 0.58805854 6.79170134]
DEBUG: Planck15 ages (Gyr): [11.76382285  0.57762589  0.75771668  0.77169686  8.96889687 10.0285229
  0.58113362  1.73210982  7.99475722  0.7931073 ]
DEBUG: cosmo_colibre ages (Gyr): [11.74241679  0.57938099  0.75956813  0.77355426  8.95866058 10.01445076
  0.582891    1.73406305  7.98758551  0.79497344]
DEBUG: us.look_back_time -> ages (Gyr): [11.74241679  0.579381    0.75956814  0.77355427  8.95866058 10.01445077
  0.582891    1.73406306  7.98758551  0.79497345]
[61/84] subhalo 766227 done; total_formed=2.935e+01
Building SWIFTGalaxy for subhalo 170678 (soap_index=90695057)
Read masses: Nstars=100102, sum_current=1.297864e+11 Msun
DEBUG: sample z (first valid): [0.30977696 1.71033912 0.44709415 6.77598481 7.71199734 5.06927209
 0.45158147 1.33689916 0.75229947 0.79747669]
DEBUG: Planck15 ages (Gyr): [10.17973056  3.80712482  9.0038819   0.79551386  0.67073764  1.1533845
  8.96889687  4.7109493   7.02036303  6.78410044]
DEBUG: cosmo_colibre ages (Gyr): [10.16506991  3.80794886  8.9935272   0.79738096  0.67254746  1.15534322
  8.95866058  4.71073653  7.01579902  6.78009904]
DEBUG: us.look_back_time -> ages (Gyr): [10.16506991  3.80794886  8.9935272   0.79738096  0.67254746  1.15534322
  8.95866058  4.71073653  7.01579902  6.78009904]
[62/84] subhalo 170678 done; total_formed=2.172e+01
Building SWIFTGalaxy for subhalo 7046 (soap_index=90707331)
Read masses: Nstars=36043, sum_current=5.336135e+10 Msun
DEBUG: sample z (first valid): [0.34031414 3.97426945 3.24538447 0.38319966 0.38319966 0.38319966
 0.34119188 2.69425028 0.46823192 2.71098528]
DEBUG: Planck15 ages (Gyr): [9.89954957 1.55302233 1.96665435 9.52472796 9.52472796 9.52472796
 9.89166325 2.41733881 8.84083079 2.40122199]
DEBUG: cosmo_colibre ages (Gyr): [9.88597144 1.55499386 1.96856355 9.51254328 9.51254328 9.51254328
 9.87811508 2.41910308 8.83102308 2.40299279]
DEBUG: us.look_back_time -> ages (Gyr): [9.88597144 1.55499386 1.96856355 9.51254328 9.51254328 9.51254328
 9.87811508 2.41910309 8.83102308 2.40299279]
[63/84] subhalo 7046 done; total_formed=8.723e+00
Building SWIFTGalaxy for subhalo 467297 (soap_index=90770021)
Read masses: Nstars=148693, sum_current=1.911686e+11 Msun
DEBUG: sample z (first valid): [1.45122681 7.31464095 5.92549931 4.53934579 2.2653712  2.61637788
 1.35724049 3.38573245 0.4449246  4.86346963]
DEBUG: Planck15 ages (Gyr): [4.40036656 0.71943453 0.94645306 1.32236353 2.90010985 2.49473231
 4.65316684 1.87374398 9.02086931 1.2145126 ]
DEBUG: cosmo_colibre ages (Gyr): [4.40055004 0.72126867 0.94837014 1.32433742 2.90163299 2.49646391
 4.65303102 1.87567327 9.01045691 1.21647859]
DEBUG: us.look_back_time -> ages (Gyr): [4.40055004 0.72126867 0.94837015 1.32433743 2.90163299 2.49646391
 4.65303102 1.87567327 9.01045691 1.2164786 ]
[64/84] subhalo 467297 done; total_formed=3.207e+01
Building SWIFTGalaxy for subhalo 792060 (soap_index=90774283)
Read masses: Nstars=21703, sum_current=2.859874e+10 Msun
DEBUG: sample z (first valid): [2.41903172 0.94054246 4.67313019 5.37261766 4.20664177 1.52430475
 2.41120133 1.73066667 4.65306651 4.1631608 ]
DEBUG: Planck15 ages (Gyr): [2.71023807 6.1118262  1.27599195 1.07213871 1.45065327 4.21869741
 2.71941526 3.76610989 1.28277292 1.46894278]
DEBUG: cosmo_colibre ages (Gyr): [2.71186665 6.1092773  1.27796319 1.07408437 1.45262893 4.21909304
 2.72103907 3.76697273 1.28474463 1.47091805]
DEBUG: us.look_back_time -> ages (Gyr): [2.71186666 6.10927731 1.2779632  1.07408437 1.45262893 4.21909305
 2.72103907 3.76697273 1.28474463 1.47091806]
[65/84] subhalo 792060 done; total_formed=4.792e+00
Building SWIFTGalaxy for subhalo 72593 (soap_index=90790271)
Read masses: Nstars=59634, sum_current=7.871900e+10 Msun
DEBUG: sample z (first valid): [0.99853623 5.98231408 4.64138762 3.8248546  0.84359176 2.13389441
 3.795551   4.04550004 5.98231408 2.89030037]
DEBUG: Planck15 ages (Gyr): [5.86849357 0.93493024 1.28674765 1.62534418 6.55535834 3.08054217
 1.64018367 1.52040039 0.93493024 2.23907268]
DEBUG: cosmo_colibre ages (Gyr): [5.86641669 0.93684414 1.28871961 1.62730997 6.55187575 3.08195222
 1.64214801 1.52237375 0.93684414 2.24090359]
DEBUG: us.look_back_time -> ages (Gyr): [5.86641669 0.93684415 1.28871961 1.62730997 6.55187575 3.08195222
 1.64214801 1.52237375 0.93684415 2.24090359]
[66/84] subhalo 72593 done; total_formed=1.315e+01
Building SWIFTGalaxy for subhalo 386433 (soap_index=90814482)
Read masses: Nstars=18718, sum_current=2.422748e+10 Msun
DEBUG: sample z (first valid): [0.99052363 5.09410452 1.42026738 3.66116643 4.35162502 2.66041108
 2.96227328 1.21226033 2.11334917 3.72297492]
DEBUG: Planck15 ages (Gyr): [5.9012006  1.1463544  4.48115483 1.71120309 1.39231599 2.45047747
 2.17900266 5.09145193 3.11039696 1.67791874]
DEBUG: cosmo_colibre ages (Gyr): [5.89906192 1.14831214 4.48123933 1.71315916 1.39429184 2.45222803
 2.18085329 5.09069474 3.11178708 1.67987894]
DEBUG: us.look_back_time -> ages (Gyr): [5.89906192 1.14831215 4.48123934 1.71315916 1.39429184 2.45222804
 2.1808533  5.09069475 3.11178708 1.67987895]
[67/84] subhalo 386433 done; total_formed=4.069e+00
Building SWIFTGalaxy for subhalo 73529 (soap_index=90815280)
Read masses: Nstars=40761, sum_current=5.253754e+10 Msun
DEBUG: sample z (first valid): [0.75511516 2.6016707  6.25678219 1.97863831 0.56874761 1.99689043
 6.72830189 0.47763348 3.06424806 4.36213386]
DEBUG: Planck15 ages (Gyr): [7.00527024 2.50980725 0.88240814 3.31843485 8.12266871 3.28893665
 0.80288998 8.76971649 2.09832978 1.3882391 ]
DEBUG: cosmo_colibre ages (Gyr): [7.00074298 2.51153221 0.8843063  3.31967634 8.11512047 3.29020026
 0.80475998 8.76014344 2.10020472 1.3902149 ]
DEBUG: us.look_back_time -> ages (Gyr): [7.00074298 2.51153222 0.8843063  3.31967634 8.11512048 3.29020026
 0.80475998 8.76014344 2.10020472 1.3902149 ]
[68/84] subhalo 73529 done; total_formed=8.803e+00
Building SWIFTGalaxy for subhalo 808765 (soap_index=90854918)
Read masses: Nstars=25790, sum_current=3.403386e+10 Msun
DEBUG: sample z (first valid): [2.78165032 0.52013361 0.43984533 0.45972915 4.47227789 0.64845558
 2.21128969 0.61561976 0.71273259 0.6496174 ]
DEBUG: Planck15 ages (Gyr): [2.33507905 8.45864709 9.06082572 8.90588755 1.34667298 7.61377388
 2.97217902 7.81740118 7.23784099 7.60671706]
DEBUG: cosmo_colibre ages (Gyr): [2.33687558 8.45007239 9.05027706 8.89586309 1.34864783 7.60767674
 2.9736585  7.81073846 7.23273504 7.60063916]
DEBUG: us.look_back_time -> ages (Gyr): [2.33687558 8.4500724  9.05027706 8.89586309 1.34864783 7.60767675
 2.9736585  7.81073846 7.23273504 7.60063917]
[69/84] subhalo 808765 done; total_formed=5.707e+00
Building SWIFTGalaxy for subhalo 384978 (soap_index=90898133)
Read masses: Nstars=22641, sum_current=3.108935e+10 Msun
DEBUG: sample z (first valid): [1.96972993 4.15422729 0.26370999 2.61997349 6.19859402 2.58512035
 0.01795589 0.02727444 7.03235691 0.60501567]
DEBUG: Planck15 ages (Gyr): [ 3.33298919  1.47274787 10.62468949  2.49106946  0.89312697  2.52695146
 13.54180097 13.41165387  0.75771668  7.88492738]
DEBUG: cosmo_colibre ages (Gyr): [ 3.33421964  1.47472305 10.60823947  2.49280265  0.89502852  2.52866878
 13.51168111 13.38220875  0.75956813  7.87807267]
DEBUG: us.look_back_time -> ages (Gyr): [ 3.33421965  1.47472305 10.60823947  2.49280265  0.89502852  2.52866878
 13.51168111 13.38220875  0.75956814  7.87807267]
[70/84] subhalo 384978 done; total_formed=5.169e+00
Building SWIFTGalaxy for subhalo 7723957 (soap_index=90926070)
Read masses: Nstars=12861, sum_current=1.712774e+10 Msun
DEBUG: sample z (first valid): [1.57610063 3.19403558 1.93830703 1.93383472 3.12124261 0.87288523
 3.01077111 1.49375951 7.46827756 5.04464121]
DEBUG: Planck15 ages (Gyr): [4.09713523 2.0025658  3.38516774 3.39270234 2.05536451 6.41620076
 2.14000894 4.29313605 0.6999293  1.16042854]
DEBUG: cosmo_colibre ages (Gyr): [4.09766488 2.00446633 3.38635792 3.39388662 2.05725137 6.41302136
 2.14187163 4.29344648 0.70175403 1.1623882 ]
DEBUG: us.look_back_time -> ages (Gyr): [4.09766488 2.00446633 3.38635792 3.39388662 2.05725137 6.41302136
 2.14187163 4.29344649 0.70175403 1.16238821]
[71/84] subhalo 7723957 done; total_formed=2.867e+00
Building SWIFTGalaxy for subhalo 73840 (soap_index=90932691)
Read masses: Nstars=187716, sum_current=2.431571e+11 Msun
DEBUG: sample z (first valid): [2.65673474 1.98487885 0.89981447 0.8910434  0.47683432 0.71632097
 0.77124324 1.23032943 0.44862953 0.48057112]
DEBUG: Planck15 ages (Gyr): [2.45412272 3.3083008  6.29228163 6.33223116 8.77572819 7.21769456
 6.91977363 5.03331117 8.99188868 8.74767041]
DEBUG: cosmo_colibre ages (Gyr): [2.45587175 3.30954993 6.28936432 6.32923017 8.7661354  7.21263977
 6.91545247 5.03264143 8.98157464 8.73816962]
DEBUG: us.look_back_time -> ages (Gyr): [2.45587176 3.30954993 6.28936432 6.32923017 8.7661354  7.21263977
 6.91545247 5.03264143 8.98157464 8.73816963]
[72/84] subhalo 73840 done; total_formed=4.037e+01
Building SWIFTGalaxy for subhalo 806286 (soap_index=90961374)
Read masses: Nstars=107985, sum_current=1.390811e+11 Msun
DEBUG: sample z (first valid): [2.8473641  5.99647699 0.76228891 1.6911958  0.2857255  5.4503937
 4.59037789 0.24839988 0.26948706 0.32139689]
DEBUG: Planck15 ages (Gyr): [ 2.27622108  0.93209406  6.9670419   3.84641654 10.40859898  1.05282954
  1.30435001 10.77880574 10.56736188 10.07177104]
DEBUG: cosmo_colibre ages (Gyr): [ 2.2780391   0.93400717  6.96260724  3.84720276 10.39302859  1.05477149
  1.30632301 10.76171628 10.55114717 10.05753161]
DEBUG: us.look_back_time -> ages (Gyr): [ 2.27803911  0.93400717  6.96260724  3.84720276 10.39302859  1.05477149
  1.30632301 10.76171628 10.55114717 10.05753161]
[73/84] subhalo 806286 done; total_formed=2.334e+01
Building SWIFTGalaxy for subhalo 74801 (soap_index=90980675)
Read masses: Nstars=121034, sum_current=1.509636e+11 Msun
DEBUG: sample z (first valid): [1.2200542  0.91917535 1.0395867  0.64928528 0.76077378 0.81118727
 0.40937634 2.45107952 1.36080692 0.02361614]
DEBUG: Planck15 ages (Gyr): [ 5.06624332  6.20547652  5.70530769  7.60873329  6.97508915  6.71481907
  9.30610109  2.67320285  4.64315278 13.46253735]
DEBUG: cosmo_colibre ages (Gyr): [ 5.06552424  6.20273839  5.70353152  7.6026499   6.97063505  6.7109775
  9.29469977  2.6748504   4.64303015 13.43282908]
DEBUG: us.look_back_time -> ages (Gyr): [ 5.06552424  6.20273839  5.70353152  7.60264991  6.97063506  6.7109775
  9.29469977  2.6748504   4.64303016 13.43282908]
[74/84] subhalo 74801 done; total_formed=2.523e+01
Building SWIFTGalaxy for subhalo 5840148 (soap_index=90988089)
Read masses: Nstars=25556, sum_current=3.582529e+10 Msun
DEBUG: sample z (first valid): [0.13706711 1.0345213  4.92335503 3.8248546  1.03490033 0.17938382
 1.67472043 5.67712685 0.65211253 9.51267244]
DEBUG: Planck15 ages (Gyr): [12.00242825  5.72505562  1.19618019  1.62534418  5.72357421 11.51501758
  3.8807611   0.99971292  7.59159533  0.50579658]
DEBUG: cosmo_colibre ages (Gyr): [11.9799191   5.72324374  1.19814422  1.62730997  5.72176501 11.49473843
  3.88151373  1.00164342  7.58555858  0.50750065]
DEBUG: us.look_back_time -> ages (Gyr): [11.9799191   5.72324374  1.19814423  1.62730997  5.72176501 11.49473843
  3.88151374  1.00164342  7.58555858  0.50750065]
[75/84] subhalo 5840148 done; total_formed=5.935e+00
Building SWIFTGalaxy for subhalo 3092649 (soap_index=90996760)
Read masses: Nstars=99611, sum_current=1.297454e+11 Msun
DEBUG: sample z (first valid): [0.06148364 2.65306577 1.1743862  1.17107268 2.57963732 1.18744993
 2.93043061 0.27501946 1.0345213  1.32859579]
DEBUG: Planck15 ages (Gyr): [12.94863477  2.45776957  5.2168393   5.22804196  2.53267376  5.17304119
  2.20524723 10.51288052  5.72505562  4.73486688]
DEBUG: cosmo_colibre ages (Gyr): [12.92154485  2.45951706  5.21588823  5.22707321  2.5343885   5.17215867
  2.20708941 10.49688813  5.72324374  4.73462181]
DEBUG: us.look_back_time -> ages (Gyr): [12.92154485  2.45951706  5.21588823  5.22707322  2.5343885   5.17215867
  2.20708941 10.49688813  5.72324374  4.73462181]
[76/84] subhalo 3092649 done; total_formed=2.179e+01
Building SWIFTGalaxy for subhalo 1622543 (soap_index=91039469)
Read masses: Nstars=27639, sum_current=3.715289e+10 Msun
DEBUG: sample z (first valid): [0.34372181 1.25643851 0.57523315 0.14951238 2.4094267  1.76034033
 0.69553969 0.29681811 0.03722461 0.73467443]
DEBUG: Planck15 ages (Gyr): [ 9.86898371  4.95114778  8.07936786 11.85608181  2.72150222  3.70751074
  7.33557245 10.30212587 13.2746131   7.11598278]
DEBUG: cosmo_colibre ages (Gyr): [ 9.85552157  4.95059898  8.07194797 11.83425181  2.72312494  3.70842779
  7.33021544 10.28698154 13.24587249  7.11118333]
DEBUG: us.look_back_time -> ages (Gyr): [ 9.85552157  4.95059899  8.07194797 11.83425181  2.72312494  3.70842779
  7.33021544 10.28698154 13.24587249  7.11118333]
[77/84] subhalo 1622543 done; total_formed=6.194e+00
Building SWIFTGalaxy for subhalo 392543 (soap_index=91047667)
Read masses: Nstars=67617, sum_current=9.431220e+10 Msun
DEBUG: sample z (first valid): [4.22782387 8.25976687 3.45308147 6.63466915 4.40592263 1.24622978
 4.69482099 0.29221547 0.20293686 4.25465042]
DEBUG: Planck15 ages (Gyr): [ 1.44187972  0.61204307  1.83170563  0.81770925  1.37146253  4.98301781
  1.26872771 10.34611192 11.25588345  1.43089387]
DEBUG: cosmo_colibre ages (Gyr): [ 1.44385551  0.61381977  1.83364287  0.81958491  1.37343804  4.98242247
  1.27069844 10.33079217 11.23675205  1.43286977]
DEBUG: us.look_back_time -> ages (Gyr): [ 1.44385551  0.61381977  1.83364287  0.81958492  1.37343804  4.98242248
  1.27069845 10.33079217 11.23675205  1.43286977]
[78/84] subhalo 392543 done; total_formed=1.573e+01
Building SWIFTGalaxy for subhalo 393815 (soap_index=91049302)
Read masses: Nstars=27950, sum_current=4.156440e+10 Msun
DEBUG: sample z (first valid): [2.98637470e+00 3.60483418e+00 5.71819580e+00 1.78789841e-01
 4.81611644e+00 3.04343534e+00 3.06109955e-03 1.43007491e-02
 3.03754481e-02 3.66995697e-02]
DEBUG: Planck15 ages (Gyr): [ 2.15947915  1.74250176  0.99056727 11.52166237  1.2293413   2.11439034
 13.75352929 13.59333364 13.36873258 13.28179516]
DEBUG: cosmo_colibre ages (Gyr): [ 2.1613359   1.74445351  0.99249561 11.50135343  1.23130875  2.11626064
 13.72230016 13.56294511 13.33950878 13.25301779]
DEBUG: us.look_back_time -> ages (Gyr): [ 2.1613359   1.74445352  0.99249561 11.50135343  1.23130875  2.11626064
 13.72230016 13.56294511 13.33950878 13.25301779]
[79/84] subhalo 393815 done; total_formed=6.615e+00
Building SWIFTGalaxy for subhalo 5825283 (soap_index=91055153)
Read masses: Nstars=28280, sum_current=4.013121e+10 Msun
DEBUG: sample z (first valid): [7.64191996 4.21202481 5.06927209 5.4503937  5.73822743 0.84462959
 5.82808919 7.92739409 5.30821061 3.15178967]
DEBUG: Planck15 ages (Gyr): [0.67892094 1.44841526 1.1533845  1.05282954 0.98615673 6.55034848
 0.9667666  0.64658383 1.08857835 2.03293108]
DEBUG: cosmo_colibre ages (Gyr): [0.68073504 1.45039096 1.15534322 1.05477149 0.988084   6.54687697
 0.96868904 0.64838055 1.09052697 2.03482388]
DEBUG: us.look_back_time -> ages (Gyr): [0.68073504 1.45039096 1.15534322 1.05477149 0.98808401 6.54687697
 0.96868904 0.64838055 1.09052697 2.03482388]
[80/84] subhalo 5825283 done; total_formed=6.526e+00
Building SWIFTGalaxy for subhalo 3101106 (soap_index=91075603)
Read masses: Nstars=13421, sum_current=1.929083e+10 Msun
DEBUG: sample z (first valid): [5.80045657 2.36116525 2.78165032 6.30124777 4.85142857 3.42153556
 0.12303791 1.84642113 0.54434914 3.97426945]
DEBUG: Planck15 ages (Gyr): [ 0.97266118  2.77928152  2.33507905  0.87436042  1.21825501  1.85119985
 12.17049348  3.54563765  8.28873408  1.55302233]
DEBUG: cosmo_colibre ages (Gyr): [ 0.97458512  2.78087336  2.33687558  0.87625597  1.22022138  1.85313349
 12.14719445  3.54669713  8.28068525  1.55499386]
DEBUG: us.look_back_time -> ages (Gyr): [ 0.97458513  2.78087336  2.33687558  0.87625597  1.22022139  1.85313349
 12.14719445  3.54669714  8.28068525  1.55499386]
[81/84] subhalo 3101106 done; total_formed=3.193e+00
Building SWIFTGalaxy for subhalo 2027644 (soap_index=91082584)
Read masses: Nstars=18644, sum_current=2.487896e+10 Msun
DEBUG: sample z (first valid): [0.8517179  3.96409635 0.85067209 1.47866868 1.50405013 1.25643851
 1.08779866 1.78426374 4.86346963 2.9460501 ]
DEBUG: Planck15 ages (Gyr): [6.51628946 1.55777603 6.52129725 4.33069618 4.26782311 4.95114778
 5.52259893 3.6613366  1.2145126  2.19230895]
DEBUG: cosmo_colibre ages (Gyr): [6.51289294 1.55974725 6.51788974 4.33096271 4.26816278 4.95059898
 5.52114448 3.66229537 1.21647859 2.19415533]
DEBUG: us.look_back_time -> ages (Gyr): [6.51289294 1.55974725 6.51788974 4.33096271 4.26816279 4.95059899
 5.52114448 3.66229537 1.2164786  2.19415533]
[82/84] subhalo 2027644 done; total_formed=4.189e+00
Building SWIFTGalaxy for subhalo 3096490 (soap_index=91103649)
Read masses: Nstars=191354, sum_current=2.407996e+11 Msun
DEBUG: sample z (first valid): [ 0.16330588  0.19994141 10.66017258  1.79280661  4.97138952  0.99975589
  1.25877163  1.25814899  0.59052519  3.98410526]
DEBUG: Planck15 ages (Gyr): [11.69682792 11.28837407  0.43285439  3.64507403  1.18180511  5.86353992
  4.94390973  4.94583969  7.97863782  1.54844906]
DEBUG: cosmo_colibre ages (Gyr): [11.67572767 11.26910023  0.43449675  3.64604729  1.18376747  5.86147235
  4.94337145  4.94529861  7.971513    1.55042087]
DEBUG: us.look_back_time -> ages (Gyr): [11.67572767 11.26910023  0.43449675  3.64604729  1.18376747  5.86147236
  4.94337145  4.94529861  7.971513    1.55042088]
[83/84] subhalo 3096490 done; total_formed=4.009e+01
Building SWIFTGalaxy for subhalo 7787896 (soap_index=91103728)
Read masses: Nstars=72976, sum_current=9.710767e+10 Msun
DEBUG: sample z (first valid): [6.73651281 1.5372048  1.29918608 1.52703015 1.42636061 1.3417423
 1.1854075  1.15678273 1.83411175 1.33091478]
DEBUG: Planck15 ages (Gyr): [0.80161174 4.18788269 4.82116179 4.21215678 4.46506726 4.6970879
 5.17985018 5.27679479 3.56807411 4.72816759]
DEBUG: cosmo_colibre ages (Gyr): [0.80348124 4.1883129  4.82079807 4.21255979 4.4651717  4.69689373
 5.17895706 5.27574845 3.56911449 4.72793159]
DEBUG: us.look_back_time -> ages (Gyr): [0.80348124 4.1883129  4.82079807 4.21255979 4.46517171 4.69689373
 5.17895706 5.27574845 3.56911449 4.7279316 ]
[84/84] subhalo 7787896 done; total_formed=1.619e+01
All halos processed. Writing CSV.
Wrote relicness_extras_2800_2884.csv (84 rows) in 6148.0s
