Task 8: rendering galaxies 129 to 138
Using PARTRIDGE at: /home/mzemsch/COLIBRE-analysis/PARTRIDGE
Found 267 relic IDs in z0_relics_trackids.csv using column 'track_id'
Rendering IDs in range [129, 139) -> 10 galaxies
[1/10] Rendering halo 587227
Calculating stellar luminosities from FSPS tables.
Luminosity generation for all bands done. Time taken: 8.356 s (read-in time: 7.493 s).
Loaded in and pre-processed the data. Total pre-processing time taken: 121.810 s.
Generated star smoothing lengths. Time taken: 5.514 s.
Rendered the stars onto the grid. Time taken: 315.794 s.
Rendered the dust onto the grid. Time taken: 170.785 s.
Computed the projected luminosity maps. Total time taken: 493.632 s.
Created the RGB image.
Created the RGB image.
Done! Total time taken: 621.027 s.
[2/10] Rendering halo 2299855
Calculating stellar luminosities from FSPS tables.
Luminosity generation for all bands done. Time taken: 8.950 s (read-in time: 8.464 s).
Loaded in and pre-processed the data. Total pre-processing time taken: 147.092 s.
Generated star smoothing lengths. Time taken: 2.408 s.
Rendered the stars onto the grid. Time taken: 170.728 s.
Rendered the dust onto the grid. Time taken: 200.514 s.
Computed the projected luminosity maps. Total time taken: 378.922 s.
Created the RGB image.
Created the RGB image.
Done! Total time taken: 528.592 s.
[3/10] Rendering halo 39339
Calculating stellar luminosities from FSPS tables.
Luminosity generation for all bands done. Time taken: 8.161 s (read-in time: 7.573 s).
Loaded in and pre-processed the data. Total pre-processing time taken: 130.490 s.
Generated star smoothing lengths. Time taken: 5.286 s.
Rendered the stars onto the grid. Time taken: 251.802 s.
Rendered the dust onto the grid. Time taken: 180.946 s.
Computed the projected luminosity maps. Total time taken: 440.792 s.
Created the RGB image.
Created the RGB image.
Done! Total time taken: 576.664 s.
[4/10] Rendering halo 3843
Calculating stellar luminosities from FSPS tables.
Luminosity generation for all bands done. Time taken: 3.014 s (read-in time: 2.986 s).
Loaded in and pre-processed the data. Total pre-processing time taken: 78.082 s.
Generated star smoothing lengths. Time taken: 0.430 s.
Rendered the stars onto the grid. Time taken: 128.471 s.
Rendered the dust onto the grid. Time taken: 136.963 s.
Computed the projected luminosity maps. Total time taken: 273.609 s.
Created the RGB image.
Created the RGB image.
Done! Total time taken: 352.270 s.
[5/10] Rendering halo 43678
Calculating stellar luminosities from FSPS tables.
Luminosity generation for all bands done. Time taken: 6.784 s (read-in time: 5.949 s).
Loaded in and pre-processed the data. Total pre-processing time taken: 99.642 s.
Generated star smoothing lengths. Time taken: 4.707 s.
Rendered the stars onto the grid. Time taken: 260.685 s.
Rendered the dust onto the grid. Time taken: 142.640 s.
Computed the projected luminosity maps. Total time taken: 411.840 s.
Created the RGB image.
Created the RGB image.
Done! Total time taken: 516.288 s.
[6/10] Rendering halo 3471263
Calculating stellar luminosities from FSPS tables.
Luminosity generation for all bands done. Time taken: 1.315 s (read-in time: 1.298 s).
Loaded in and pre-processed the data. Total pre-processing time taken: 68.640 s.
Generated star smoothing lengths. Time taken: 0.252 s.
Rendered the stars onto the grid. Time taken: 144.312 s.
Rendered the dust onto the grid. Time taken: 116.212 s.
Computed the projected luminosity maps. Total time taken: 267.438 s.
Created the RGB image.
Created the RGB image.
Done! Total time taken: 336.412 s.
[7/10] Rendering halo 29113
Calculating stellar luminosities from FSPS tables.
Luminosity generation for all bands done. Time taken: 8.667 s (read-in time: 8.386 s).
Loaded in and pre-processed the data. Total pre-processing time taken: 143.624 s.
Generated star smoothing lengths. Time taken: 1.718 s.
Rendered the stars onto the grid. Time taken: 256.360 s.
Rendered the dust onto the grid. Time taken: 167.946 s.
Computed the projected luminosity maps. Total time taken: 431.151 s.
Created the RGB image.
Created the RGB image.
Done! Total time taken: 576.566 s.
[8/10] Rendering halo 29125
Calculating stellar luminosities from FSPS tables.
Luminosity generation for all bands done. Time taken: 9.599 s (read-in time: 8.396 s).
Loaded in and pre-processed the data. Total pre-processing time taken: 148.336 s.
Generated star smoothing lengths. Time taken: 9.858 s.
Rendered the stars onto the grid. Time taken: 165.086 s.
Rendered the dust onto the grid. Time taken: 174.854 s.
Computed the projected luminosity maps. Total time taken: 348.440 s.
Created the RGB image.
Created the RGB image.
Done! Total time taken: 506.775 s.
[9/10] Rendering halo 245505
Calculating stellar luminosities from FSPS tables.
Luminosity generation for all bands done. Time taken: 7.926 s (read-in time: 7.749 s).
Loaded in and pre-processed the data. Total pre-processing time taken: 142.681 s.
Generated star smoothing lengths. Time taken: 1.125 s.
Rendered the stars onto the grid. Time taken: 196.230 s.
Rendered the dust onto the grid. Time taken: 168.067 s.
Computed the projected luminosity maps. Total time taken: 373.263 s.
Created the RGB image.
Created the RGB image.
Done! Total time taken: 517.169 s.
[10/10] Rendering halo 2081964
Calculating stellar luminosities from FSPS tables.
Luminosity generation for all bands done. Time taken: 7.450 s (read-in time: 7.104 s).
Loaded in and pre-processed the data. Total pre-processing time taken: 123.669 s.
Generated star smoothing lengths. Time taken: 2.126 s.
Rendered the stars onto the grid. Time taken: 214.946 s.
Rendered the dust onto the grid. Time taken: 118.427 s.
Computed the projected luminosity maps. Total time taken: 340.205 s.
Created the RGB image.
Created the RGB image.
Done! Total time taken: 466.065 s.
Done.
