Starting pure-swift relicness script
Loaded SOAP mapping for 91142867 halos
Batch mode: processing 100 halos (slice 900:1000)
Building SWIFTGalaxy for subhalo 256932 (soap_index=26388141)
Read masses: Nstars=38952, sum_current=5.328569e+10 Msun
DEBUG: sample z (first valid): [6.95919359 0.04250445 7.72998535 1.60518365 2.1595796  0.73283977
 8.09211987 0.28957104 4.22240816 0.15453456]
DEBUG: Planck15 ages (Gyr): [ 0.76819393 13.20269239  0.66866351  4.03133703  3.04387247  7.126051
  0.62907121 10.37150738  1.4441145  11.79774269]
DEBUG: cosmo_colibre ages (Gyr): [ 0.77004985 13.17431903  0.67047223  4.03193659  3.04530653  7.1212265
  0.63085797 10.35608597  1.44609026 11.77618115]
DEBUG: us.look_back_time -> ages (Gyr): [ 0.77004986 13.17431903  0.67047223  4.03193659  3.04530653  7.1212265
  0.63085797 10.35608597  1.44609026 11.77618115]
[1/100] subhalo 256932 done; total_formed=8.806e+00
Building SWIFTGalaxy for subhalo 115320 (soap_index=26464840)
Read masses: Nstars=28194, sum_current=3.788812e+10 Msun
DEBUG: sample z (first valid): [2.98734485 0.39378988 2.43480084 0.12954154 0.90025516 6.51215039
 4.88717212 2.08840716 3.89915527 0.46481895]
DEBUG: Planck15 ages (Gyr): [ 2.15869932  9.43537736  2.6919103  12.09216994  6.29028478  0.8377985
  1.20720127  3.14728147  1.58869844  8.86685911]
DEBUG: cosmo_colibre ages (Gyr): [ 2.1605563   9.42351548  2.69354833 12.06924033  6.28737164  0.83968153
  1.2091665   3.14864648  1.59066742  8.85696492]
DEBUG: us.look_back_time -> ages (Gyr): [ 2.16055631  9.42351548  2.69354833 12.06924033  6.28737164  0.83968154
  1.20916651  3.14864649  1.59066743  8.85696492]
[2/100] subhalo 115320 done; total_formed=6.262e+00
Building SWIFTGalaxy for subhalo 1755876 (soap_index=26476117)
Read masses: Nstars=47390, sum_current=6.378606e+10 Msun
DEBUG: sample z (first valid): [4.04550004 3.10138307 0.81299104 0.5608269  0.73283977 1.17886828
 1.15891422 0.25663445 0.65545115 0.53178758]
DEBUG: Planck15 ages (Gyr): [ 1.52040039  2.07016939  6.70578579  8.17602719  7.126051    5.20174635
  5.26947718 10.6955161   7.57143313  8.37622924]
DEBUG: cosmo_colibre ages (Gyr): [ 1.52237375  2.07205222  6.70196488  8.16831955  7.1212265   5.200819
  5.26844255 10.67877345  7.56545107  8.36791134]
DEBUG: us.look_back_time -> ages (Gyr): [ 1.52237375  2.07205222  6.70196489  8.16831955  7.1212265   5.20081901
  5.26844256 10.67877345  7.56545108  8.36791134]
[3/100] subhalo 1755876 done; total_formed=1.059e+01
Building SWIFTGalaxy for subhalo 1122590 (soap_index=26483650)
Read masses: Nstars=14914, sum_current=2.032671e+10 Msun
DEBUG: sample z (first valid): [0.91133924 0.47870036 7.537224   0.47537145 1.0899292  9.79403772
 0.40586923 0.46928527 0.6042299  6.48127854]
DEBUG: Planck15 ages (Gyr): [6.24038374 8.7617003  0.69146003 8.78674868 5.51473847 0.48611079
 9.33496098 8.83282059 7.88996622 0.84299017]
DEBUG: cosmo_colibre ages (Gyr): [6.23757399 8.75215356 0.69328053 8.77711965 5.51329752 0.48779928
 9.3234575  8.82303943 7.88309709 0.84487504]
DEBUG: us.look_back_time -> ages (Gyr): [6.23757399 8.75215356 0.69328053 8.77711965 5.51329752 0.48779928
 9.3234575  8.82303943 7.88309709 0.84487505]
[4/100] subhalo 1122590 done; total_formed=3.393e+00
Building SWIFTGalaxy for subhalo 1130679 (soap_index=26514653)
Read masses: Nstars=35131, sum_current=4.825446e+10 Msun
DEBUG: sample z (first valid): [5.7521121  2.29525342 2.29525342 2.47228992 2.77946943 2.66041108
 3.40578151 8.18450004 1.8982841  1.72136866]
DEBUG: Planck15 ages (Gyr): [0.98311873 2.8615081  2.8615081  2.64914633 2.33707531 2.45047747
 1.86106412 0.61959204 3.45357993 3.78478115]
DEBUG: cosmo_colibre ages (Gyr): [0.98504526 2.86305379 2.86305379 2.65080591 2.33887108 2.45222803
 1.86299588 0.62137325 3.45471566 3.78562641]
DEBUG: us.look_back_time -> ages (Gyr): [0.98504527 2.86305379 2.86305379 2.65080591 2.33887109 2.45222804
 1.86299588 0.62137325 3.45471567 3.78562641]
[5/100] subhalo 1130679 done; total_formed=7.943e+00
Building SWIFTGalaxy for subhalo 34649 (soap_index=26582375)
Read masses: Nstars=17373, sum_current=2.346310e+10 Msun
DEBUG: sample z (first valid): [0.62960016 1.18993517 1.19213273 5.63655696 6.33146884 0.63872775
 0.65211253 1.44245677 0.99658786 4.55060557]
DEBUG: Planck15 ages (Gyr): [7.72970529 5.16477515 5.15748343 1.00888599 0.86896013 7.67325259
 7.59159533 4.42301287 5.87642049 1.31835365]
DEBUG: cosmo_colibre ages (Gyr): [7.72328861 5.16390546 5.15662504 1.0108186  0.8708539  7.66699233
 7.58555858 4.42316889 5.87432867 1.32032736]
DEBUG: us.look_back_time -> ages (Gyr): [7.72328862 5.16390546 5.15662504 1.0108186  0.8708539  7.66699233
 7.58555858 4.4231689  5.87432868 1.32032737]
[6/100] subhalo 34649 done; total_formed=3.927e+00
Building SWIFTGalaxy for subhalo 1794657 (soap_index=26585793)
Read masses: Nstars=10837, sum_current=1.434070e+10 Msun
DEBUG: sample z (first valid): [4.46133333 7.81927062 1.26674045 1.49375951 1.2008194  1.27350309
 1.20185459 0.60266067 2.46348166 1.27429206]
DEBUG: Planck15 ages (Gyr): [1.35071033 0.65852433 4.91931478 4.29313605 5.12881959 4.89859529
 5.1254206  7.9000437  2.65909317 4.89618708]
DEBUG: cosmo_colibre ages (Gyr): [1.3526853  0.66032762 4.91881202 4.29344648 5.12800538 4.89812224
 5.1246116  7.89314569 2.66074781 4.89571748]
DEBUG: us.look_back_time -> ages (Gyr): [1.35268531 0.66032762 4.91881202 4.29344649 5.12800538 4.89812224
 5.12461161 7.8931457  2.66074781 4.89571748]
[7/100] subhalo 1794657 done; total_formed=2.399e+00
Building SWIFTGalaxy for subhalo 206115 (soap_index=26711995)
Read masses: Nstars=44126, sum_current=5.997438e+10 Msun
DEBUG: sample z (first valid): [5.54313099 1.22231265 0.58406652 4.275801   6.95146809 0.3657886
 0.73467443 0.64135444 4.82024867 5.60978316]
DEBUG: Planck15 ages (Gyr): [1.03055007 5.05897564 8.02094923 1.42232989 0.76931429 9.67435131
 7.11598278 7.65712286 1.22803534 1.01501655]
DEBUG: cosmo_colibre ages (Gyr): [1.03248745 5.0582675  8.01370106 1.42430584 0.77117069 9.66161797
 7.11118333 7.65090701 1.23000267 1.01695054]
DEBUG: us.look_back_time -> ages (Gyr): [1.03248745 5.0582675  8.01370106 1.42430584 0.7711707  9.66161797
 7.11118333 7.65090701 1.23000267 1.01695055]
[8/100] subhalo 206115 done; total_formed=9.981e+00
Building SWIFTGalaxy for subhalo 207818 (soap_index=26754212)
Read masses: Nstars=45638, sum_current=5.686541e+10 Msun
DEBUG: sample z (first valid): [2.29724291 4.08780374 0.12954154 2.19158469 9.80471519 4.31904878
 4.43912358 2.16262909 2.32737612 6.16162168]
DEBUG: Planck15 ages (Gyr): [ 2.85896801  1.50155996 12.09216994  2.99916986  0.4853889   1.40508093
  1.35896528  3.03956627  2.82094294  0.90005057]
DEBUG: cosmo_colibre ages (Gyr): [ 2.86051518  1.50353416 12.06924033  3.00063248  0.4870768   1.40705687
  1.3609405   3.04100312  2.82251173  0.90195426]
DEBUG: us.look_back_time -> ages (Gyr): [ 2.86051518  1.50353416 12.06924033  3.00063248  0.48707681  1.40705688
  1.3609405   3.04100312  2.82251173  0.90195426]
[9/100] subhalo 207818 done; total_formed=9.564e+00
Building SWIFTGalaxy for subhalo 928756 (soap_index=26778318)
Read masses: Nstars=87548, sum_current=1.107048e+11 Msun
DEBUG: sample z (first valid): [7.11440599 4.01461474 4.58466127 3.40134318 5.28281085 3.73765633
 4.6992782  4.1909703  0.5147929  0.44709415]
DEBUG: Planck15 ages (Gyr): [0.74624662 1.53440436 1.30634758 1.86385885 1.09517697 1.67017003
 1.2672435  1.45720147 8.4968233  9.0038819 ]
DEBUG: cosmo_colibre ages (Gyr): [0.74809304 1.53637699 1.30832069 1.86579007 1.09712674 1.67213114
 1.26921412 1.45917701 8.48812856 8.9935272 ]
DEBUG: us.look_back_time -> ages (Gyr): [0.74809304 1.53637699 1.30832069 1.86579007 1.09712674 1.67213114
 1.26921412 1.45917702 8.48812856 8.9935272 ]
[10/100] subhalo 928756 done; total_formed=1.865e+01
Building SWIFTGalaxy for subhalo 209527 (soap_index=26868015)
Read masses: Nstars=69422, sum_current=9.376693e+10 Msun
DEBUG: sample z (first valid): [2.89631391 0.12558395 0.97254996 0.40586923 2.20156326 0.81018672
 0.96592273 3.43260061 0.90644636 4.0744096 ]
DEBUG: Planck15 ages (Gyr): [ 2.2339496  12.13974592  5.97561639  9.33496098  2.98545182  6.71983791
  6.00342648  1.84432313  6.2623354   1.50748314]
DEBUG: cosmo_colibre ages (Gyr): [ 2.23578224 12.11659218  5.97333521  9.3234575   2.98692305  6.71598483
  6.00109136  1.84625806  6.25948032  1.50945709]
DEBUG: us.look_back_time -> ages (Gyr): [ 2.23578224 12.11659218  5.97333521  9.3234575   2.98692305  6.71598484
  6.00109137  1.84625807  6.25948032  1.5094571 ]
[11/100] subhalo 209527 done; total_formed=1.552e+01
Building SWIFTGalaxy for subhalo 936642 (soap_index=26868025)
Read masses: Nstars=125948, sum_current=1.606615e+11 Msun
DEBUG: sample z (first valid): [6.31591873 8.25976687 3.20264204 0.34515599 2.15289137 1.33456825
 0.20603607 1.41776728 0.87288523 1.04327493]
DEBUG: Planck15 ages (Gyr): [ 0.87173188  0.61204307  1.99647152  9.85616068  3.05335196  4.71764386
 11.22240812  4.4877826   6.41620076  5.69099618]
DEBUG: cosmo_colibre ages (Gyr): [ 0.87362656  0.61381977  1.99837356  9.84274708  3.05477986  4.71742207
 11.20342303  4.48785886  6.41302136  5.68924579]
DEBUG: us.look_back_time -> ages (Gyr): [ 0.87362657  0.61381977  1.99837356  9.84274708  3.05477986  4.71742207
 11.20342303  4.48785886  6.41302136  5.68924579]
[12/100] subhalo 936642 done; total_formed=2.665e+01
Building SWIFTGalaxy for subhalo 1492 (soap_index=26872092)
Read masses: Nstars=27617, sum_current=3.714410e+10 Msun
DEBUG: sample z (first valid): [2.58708265 0.21282108 0.46337978 4.09690465 0.97445168 1.03086458
 1.79423552 1.38729419 0.98041823 3.99436062]
DEBUG: Planck15 ages (Gyr): [ 2.5249087  11.14961787  8.87786885  1.49755732  5.96767343  5.73937858
  3.64236535  4.56984825  5.94285971  1.54370443]
DEBUG: cosmo_colibre ages (Gyr): [ 2.52662693 11.13094935  8.86793799  1.49953168  5.96540758  5.73754067
  3.64334101  4.56982078  5.94064158  1.54567653]
DEBUG: us.look_back_time -> ages (Gyr): [ 2.52662693 11.13094935  8.86793799  1.49953168  5.96540758  5.73754067
  3.64334101  4.56982079  5.94064158  1.54567653]
[13/100] subhalo 1492 done; total_formed=6.201e+00
Building SWIFTGalaxy for subhalo 121951 (soap_index=26905968)
Read masses: Nstars=40679, sum_current=5.986455e+10 Msun
DEBUG: sample z (first valid): [5.82808919e+00 3.52128320e+00 4.82801245e+00 4.32986337e+00
 7.32958710e-04 6.43000401e-01 1.41662602e-01 3.01888759e+00
 3.01077111e+00 3.14339002e+00]
DEBUG: Planck15 ages (Gyr): [ 0.9667666   1.79070162  1.22558789  1.4008218  13.78704169  7.64704173
 11.94809169  2.13359551  2.14000894  2.03905923]
DEBUG: cosmo_colibre ages (Gyr): [ 0.96868904  1.79264593  1.22755498  1.40279772 13.75563569  7.64085357
 11.92583564  2.13546013  2.14187163  2.04095043]
DEBUG: us.look_back_time -> ages (Gyr): [ 0.96868904  1.79264594  1.22755499  1.40279773 13.75563569  7.64085357
 11.92583564  2.13546013  2.14187163  2.04095043]
[14/100] subhalo 121951 done; total_formed=9.764e+00
Building SWIFTGalaxy for subhalo 273584 (soap_index=26905969)
Read masses: Nstars=61907, sum_current=8.046376e+10 Msun
DEBUG: sample z (first valid): [1.89828410e+00 1.45932153e+00 5.30821061e+00 2.24050633e+00
 6.51279984e-01 1.01698880e+00 3.39455509e+00 4.94754515e+00
 4.87556034e+00 1.03867538e-03]
DEBUG: Planck15 ages (Gyr): [ 3.45357993  4.37962904  1.08857835  2.93288522  7.5966359   5.79424436
  1.86814663  1.18890485  1.21077391 13.78263454]
DEBUG: cosmo_colibre ages (Gyr): [ 3.45471566  4.37983746  1.09052697  2.93438875  7.59058545  5.79230587
  1.87007702  1.19086805  1.21273952 13.75125182]
DEBUG: us.look_back_time -> ages (Gyr): [ 3.45471567  4.37983746  1.09052697  2.93438875  7.59058545  5.79230588
  1.87007702  1.19086806  1.21273952 13.75125182]
[15/100] subhalo 273584 done; total_formed=1.349e+01
Building SWIFTGalaxy for subhalo 2252357 (soap_index=26925853)
Read masses: Nstars=15590, sum_current=2.119261e+10 Msun
DEBUG: sample z (first valid): [8.66322619 3.80539669 2.32737612 4.58466127 5.33381657 7.43394891
 2.43732298 4.85142857 0.85486245 3.09523214]
DEBUG: Planck15 ages (Gyr): [0.57406163 1.63517282 2.82094294 1.30634758 1.08199272 0.7042107
 2.6889978  1.21825501 6.50126795 2.07479052]
DEBUG: cosmo_colibre ages (Gyr): [0.57581439 1.63713766 2.82251173 1.30832069 1.08394017 0.70603753
 2.69063732 1.22022138 6.49790432 2.07667208]
DEBUG: us.look_back_time -> ages (Gyr): [0.57581439 1.63713766 2.82251173 1.30832069 1.08394018 0.70603753
 2.69063732 1.22022139 6.49790433 2.07667208]
[16/100] subhalo 2252357 done; total_formed=3.525e+00
Building SWIFTGalaxy for subhalo 1169530 (soap_index=26943701)
Read masses: Nstars=39113, sum_current=5.330281e+10 Msun
DEBUG: sample z (first valid): [1.82848511 2.04280806 2.8124491  2.00458463 4.58180734 1.43628253
 1.16390411 2.01148791 0.39450166 0.8853855 ]
DEBUG: Planck15 ages (Gyr): [3.57840683 3.21658976 2.30718492 3.27662963 1.30734674 4.43906878
 5.25240916 3.26565152 9.42941626 6.35821102]
DEBUG: cosmo_colibre ages (Gyr): [3.57943835 3.21790615 2.3089918  3.27790236 1.30931989 4.43920519
 5.25140176 3.26693234 9.41757578 6.35515519]
DEBUG: us.look_back_time -> ages (Gyr): [3.57943835 3.21790615 2.3089918  3.27790236 1.3093199  4.4392052
 5.25140177 3.26693234 9.41757578 6.35515519]
[17/100] subhalo 1169530 done; total_formed=8.807e+00
Building SWIFTGalaxy for subhalo 3320350 (soap_index=27010502)
Read masses: Nstars=24220, sum_current=3.060841e+10 Msun
DEBUG: sample z (first valid): [0.26176357 7.08188433 0.13071084 3.60483418 0.09401709 0.38882767
 0.24839988 2.22742047 5.34669766 0.31545564]
DEBUG: Planck15 ages (Gyr): [10.64410555  0.75075824 12.07816386  1.74250176 12.52888953  9.47708979
 10.77880574  2.9503787   1.07870479 10.12676123]
DEBUG: cosmo_colibre ages (Gyr): [10.62757553  0.75260666 12.05530007  1.74445351 12.50387135  9.46507766
 10.76171628  2.9518716   1.08065165 10.11230788]
DEBUG: us.look_back_time -> ages (Gyr): [10.62757553  0.75260666 12.05530008  1.74445352 12.50387135  9.46507767
 10.76171628  2.9518716   1.08065165 10.11230788]
[18/100] subhalo 3320350 done; total_formed=5.137e+00
Building SWIFTGalaxy for subhalo 41491 (soap_index=27012438)
Read masses: Nstars=23899, sum_current=3.128103e+10 Msun
DEBUG: sample z (first valid): [8.09211987 5.5964771  4.79246951 1.57873613 4.79246951 1.23702895
 2.72067673 0.92730267 1.30517059 2.99463611]
DEBUG: Planck15 ages (Gyr): [0.62907121 1.01808638 1.23685924 4.09110136 1.23685924 5.01202228
 2.39196926 6.16959281 4.80339922 2.15285328]
DEBUG: cosmo_colibre ages (Gyr): [0.63085797 1.02002105 1.23882738 4.0916375  1.23882738 5.01138417
 2.39374376 6.16692769 4.80306019 2.15471207]
DEBUG: us.look_back_time -> ages (Gyr): [0.63085797 1.02002106 1.23882738 4.0916375  1.23882738 5.01138417
 2.39374376 6.16692769 4.80306019 2.15471207]
[19/100] subhalo 41491 done; total_formed=5.199e+00
Building SWIFTGalaxy for subhalo 8908857 (soap_index=27012688)
Read masses: Nstars=56033, sum_current=7.547919e+10 Msun
DEBUG: sample z (first valid): [0.11304348 1.13236155 6.28663553 0.74260796 1.41651917 0.05771465
 0.85402286 0.76399655 0.89191686 0.05072789]
DEBUG: Planck15 ages (Gyr): [12.29226442  5.36179736  0.87699155  7.07269569  4.49109725 12.99853665
  6.50527341  6.95798929  6.32823513 13.09176012]
DEBUG: cosmo_colibre ages (Gyr): [12.26838654  5.36061308  0.87888796  7.06800337  4.49116937 12.97119637
  6.50190102  6.95357645  6.32524255 13.06394985]
DEBUG: us.look_back_time -> ages (Gyr): [12.26838654  5.36061308  0.87888796  7.06800338  4.49116938 12.97119637
  6.50190103  6.95357645  6.32524255 13.06394985]
[20/100] subhalo 8908857 done; total_formed=1.257e+01
Building SWIFTGalaxy for subhalo 587902 (soap_index=27053370)
Read masses: Nstars=31394, sum_current=4.299707e+10 Msun
DEBUG: sample z (first valid): [3.85451852 2.8424015  2.35051125 3.39043344 1.86133426 2.4829932
 2.08346664 2.97332363 2.80051032 2.66696509]
DEBUG: Planck15 ages (Gyr): [1.61054736 2.28058019 2.79230818 1.87075808 3.5187612  2.63714154
 3.15467243 2.17001525 2.31793225 2.44400096]
DEBUG: cosmo_colibre ages (Gyr): [1.61251451 2.28239667 2.79389288 1.87268795 3.5198433  2.63880705
 3.15603234 2.17186871 2.31973517 2.44575424]
DEBUG: us.look_back_time -> ages (Gyr): [1.61251452 2.28239667 2.79389288 1.87268796 3.5198433  2.63880705
 3.15603235 2.17186871 2.31973517 2.44575424]
[21/100] subhalo 587902 done; total_formed=7.229e+00
Building SWIFTGalaxy for subhalo 600989 (soap_index=27053382)
Read masses: Nstars=42950, sum_current=5.265940e+10 Msun
DEBUG: sample z (first valid): [3.26666667 4.86346963 2.171506   2.24757185 0.68577014 2.21759623
 2.45872915 2.4774488  1.47735692 6.11033959]
DEBUG: Planck15 ages (Gyr): [1.95208121 1.2145126  3.02708775 2.92351038 7.39200808 2.96362459
 2.66448552 2.64334896 4.33398604 0.90980262]
DEBUG: cosmo_colibre ages (Gyr): [1.95399379 1.21647859 3.02853262 2.92501956 7.38650398 2.96510936
 2.66613745 2.6450114  4.3342487  0.91170926]
DEBUG: us.look_back_time -> ages (Gyr): [1.95399379 1.2164786  3.02853263 2.92501956 7.38650398 2.96510936
 2.66613745 2.64501141 4.3342487  0.91170926]
[22/100] subhalo 600989 done; total_formed=8.891e+00
Building SWIFTGalaxy for subhalo 601514 (soap_index=27053387)
Read masses: Nstars=12485, sum_current=1.702651e+10 Msun
DEBUG: sample z (first valid): [3.92566704 4.31473522 2.41297781 4.20209557 2.7055298  3.27752758
 3.99169777 2.50160291 2.43768359 4.0423944 ]
DEBUG: Planck15 ages (Gyr): [1.57595275 1.40678574 2.71732876 1.45254783 2.40645646 1.94471277
 1.54493407 2.61648058 2.6885818  1.52179895]
DEBUG: cosmo_colibre ages (Gyr): [1.57792271 1.40876169 2.71895365 1.45452346 2.40822515 1.94662702
 1.5469061  2.61815615 2.69022153 1.52377224]
DEBUG: us.look_back_time -> ages (Gyr): [1.57792271 1.4087617  2.71895366 1.45452346 2.40822515 1.94662703
 1.5469061  2.61815615 2.69022154 1.52377224]
[23/100] subhalo 601514 done; total_formed=2.873e+00
Building SWIFTGalaxy for subhalo 1951446 (soap_index=27053479)
Read masses: Nstars=11619, sum_current=1.537005e+10 Msun
DEBUG: sample z (first valid): [7.03235691 4.05561984 0.8910434  0.75417559 0.72408713 0.06604203
 3.59547016 0.58406652 0.58406652 0.33899967]
DEBUG: Planck15 ages (Gyr): [ 0.75771668  1.5158579   6.33223116  7.01030101  7.17438557 12.88864041
  1.74779636  8.02094923  8.02094923  9.9113769 ]
DEBUG: cosmo_colibre ages (Gyr): [ 0.75956813  1.51783148  6.32923017  7.00576151  7.16944013 12.86185036
  1.74974734  8.01370106  8.01370106  9.89775377]
DEBUG: us.look_back_time -> ages (Gyr): [ 0.75956814  1.51783148  6.32923017  7.00576151  7.16944013 12.86185036
  1.74974734  8.01370106  8.01370106  9.89775377]
[24/100] subhalo 1951446 done; total_formed=2.577e+00
Building SWIFTGalaxy for subhalo 41341 (soap_index=27076643)
Read masses: Nstars=229328, sum_current=2.903999e+11 Msun
DEBUG: sample z (first valid): [0.07690285 0.01223279 0.11108097 0.12326889 0.04596527 0.11077966
 0.04569824 0.04543134 0.04965084 0.13071084]
DEBUG: Planck15 ages (Gyr): [12.74726571 13.62261083 12.31637781 12.16769944 13.15584648 12.32008594
 13.15945273 13.16305853 13.10621457 12.07816386]
DEBUG: cosmo_colibre ages (Gyr): [12.72117738 13.59206928 12.29238465 12.14441363 13.12771142 12.29607504
 13.13129935 13.13488683 13.07833116 12.05530007]
DEBUG: us.look_back_time -> ages (Gyr): [12.72117738 13.59206928 12.29238465 12.14441363 13.12771142 12.29607504
 13.13129935 13.13488683 13.07833116 12.05530008]
[25/100] subhalo 41341 done; total_formed=4.860e+01
Building SWIFTGalaxy for subhalo 286036 (soap_index=27127150)
Read masses: Nstars=108901, sum_current=1.447218e+11 Msun
DEBUG: sample z (first valid): [4.76901408 1.16390411 0.74094145 1.08567246 1.30160848 1.44994393
 0.47232207 1.23260884 2.2210754  1.85485276]
DEBUG: Planck15 ages (Gyr): [1.24439198 5.25240916 7.08175492 5.53046101 4.81395926 4.40366762
 8.80978744 5.0260518  2.95892256 3.5304013 ]
DEBUG: cosmo_colibre ages (Gyr): [1.24636078 5.25140176 7.07704025 5.52899305 4.81360557 4.40384711
 8.80008246 5.02539287 2.96041022 3.53147364]
DEBUG: us.look_back_time -> ages (Gyr): [1.24636078 5.25140177 7.07704025 5.52899305 4.81360557 4.40384711
 8.80008247 5.02539287 2.96041022 3.53147364]
[26/100] subhalo 286036 done; total_formed=2.412e+01
Building SWIFTGalaxy for subhalo 286053 (soap_index=27127152)
Read masses: Nstars=50848, sum_current=6.812556e+10 Msun
DEBUG: sample z (first valid): [2.29194294 0.52409302 0.42098873 0.86054963 1.21002226 1.03237611
 0.8938851  2.69800248 6.9351011  2.40376026]
DEBUG: Planck15 ages (Gyr): [2.86574297 8.43051004 9.21147725 6.47423639 5.09872766 5.73345126
 6.31924494 2.41370975 0.77169686 2.72818356]
DEBUG: cosmo_colibre ages (Gyr): [2.86728622 8.42202338 9.20040817 6.47093169 5.09795942 5.73162413
 6.31627124 2.4154755  0.77355426 2.72980277]
DEBUG: us.look_back_time -> ages (Gyr): [2.86728622 8.42202339 9.20040817 6.47093169 5.09795943 5.73162413
 6.31627124 2.4154755  0.77355427 2.72980277]
[27/100] subhalo 286053 done; total_formed=1.142e+01
Building SWIFTGalaxy for subhalo 593536 (soap_index=27151686)
Read masses: Nstars=344236, sum_current=4.477605e+11 Msun
DEBUG: sample z (first valid): [4.98392988 0.87138778 1.05416249 5.65678009 5.81459915 0.05424361
 0.05798786 1.14253956 2.37327568 0.12442523]
DEBUG: Planck15 ages (Gyr): [ 1.17809937  6.42320267  5.64907697  1.00429603  0.96963686 13.04473324
 12.99491029  5.32610911  2.76459475 12.15372568]
DEBUG: cosmo_colibre ages (Gyr): [ 1.18006128  6.42000824  5.64740149  1.0062276   0.97156003 13.01716043
 12.96758823  5.32498315  2.76619456 12.13050593]
DEBUG: us.look_back_time -> ages (Gyr): [ 1.18006128  6.42000824  5.64740149  1.0062276   0.97156003 13.01716043
 12.96758824  5.32498315  2.76619456 12.13050593]
[28/100] subhalo 593536 done; total_formed=7.473e+01
Building SWIFTGalaxy for subhalo 5036567 (soap_index=27151746)
Read masses: Nstars=13463, sum_current=1.755298e+10 Msun
DEBUG: sample z (first valid): [1.26878072 2.98153098 1.72521623 1.61537234 2.16935874 1.48186018
 2.86597452 2.14441992 2.17058539 2.27025948]
DEBUG: Planck15 ages (Gyr): [4.91304906 2.1633796  3.7770367  4.00868886 3.03009852 4.32270875
 2.25999551 3.06542838 3.02837798 2.89373698]
DEBUG: cosmo_colibre ages (Gyr): [4.91255531 2.16523513 3.77788926 4.00931205 3.03154146 4.32298467
 2.26181923 3.06684839 3.02982202 2.89526389]
DEBUG: us.look_back_time -> ages (Gyr): [4.91255531 2.16523514 3.77788926 4.00931205 3.03154146 4.32298467
 2.26181923 3.0668484  3.02982203 2.89526389]
[29/100] subhalo 5036567 done; total_formed=2.955e+00
Building SWIFTGalaxy for subhalo 1219192 (soap_index=27177188)
Read masses: Nstars=38575, sum_current=4.959268e+10 Msun
DEBUG: sample z (first valid): [3.45520054 0.41448675 0.4002222  1.3584281  0.39878767 1.29227002
 1.39707388 4.60711841 3.74726548 1.58994625]
DEBUG: Planck15 ages (Gyr): [1.8304083  9.26428286 9.38170809 4.64982834 9.39363834 4.84182027
 4.54325044 1.29852939 1.66513044 4.06559588]
DEBUG: cosmo_colibre ages (Gyr): [1.83234578 9.25302888 9.37003834 4.64969693 9.381926   4.84142764
 4.54325692 1.30050206 1.66709211 4.06615927]
DEBUG: us.look_back_time -> ages (Gyr): [1.83234578 9.25302888 9.37003834 4.64969693 9.381926   4.84142764
 4.54325692 1.30050207 1.66709212 4.06615927]
[30/100] subhalo 1219192 done; total_formed=8.347e+00
Building SWIFTGalaxy for subhalo 40383 (soap_index=27204175)
Read masses: Nstars=48467, sum_current=5.916659e+10 Msun
DEBUG: sample z (first valid): [6.25678219 5.89780023 2.69800248 1.53465347 2.00927542 5.21901689
 2.65673474 0.87395631 2.81600093 1.75477091]
DEBUG: Planck15 ages (Gyr): [0.88240814 0.95215666 2.41370975 4.1939483  3.26916345 1.11204625
 2.45412272 6.4111998  2.30400339 3.7183959 ]
DEBUG: cosmo_colibre ages (Gyr): [0.8843063  0.95407528 2.4154755  4.19437173 3.27044169 1.11399882
 2.45587175 6.40803112 2.30581143 3.71930298]
DEBUG: us.look_back_time -> ages (Gyr): [0.8843063  0.95407528 2.4154755  4.19437174 3.27044169 1.11399883
 2.45587176 6.40803112 2.30581144 3.71930298]
[31/100] subhalo 40383 done; total_formed=9.970e+00
Building SWIFTGalaxy for subhalo 127554 (soap_index=27261833)
Read masses: Nstars=276960, sum_current=3.662852e+11 Msun
DEBUG: sample z (first valid): [2.03688601 4.93515667 5.33381657 1.68304266 0.22947621 1.13236155
 1.40428498 3.31498551 0.87053317 1.02109418]
DEBUG: Planck15 ages (Gyr): [ 3.2257738   1.19262156  1.08199272  3.86335077 10.9737874   5.36179736
  4.5237971   1.91964929  6.42720406  5.77792579]
DEBUG: cosmo_colibre ages (Gyr): [ 3.2270836   1.19458519  1.08394017  3.86412049 10.9558747   5.36061308
  4.52382821  1.92156908  6.42400103  5.77601737]
DEBUG: us.look_back_time -> ages (Gyr): [ 3.2270836   1.1945852   1.08394018  3.8641205  10.9558747   5.36061308
  4.52382821  1.92156909  6.42400103  5.77601737]
[32/100] subhalo 127554 done; total_formed=6.091e+01
Building SWIFTGalaxy for subhalo 41991 (soap_index=27296191)
Read masses: Nstars=777475, sum_current=9.868477e+11 Msun
DEBUG: sample z (first valid): [7.33579242 0.51745855 0.73467443 0.1416626  0.73375661 2.11334917
 1.10483042 2.32063235 5.3918853  0.69291176]
DEBUG: Planck15 ages (Gyr): [ 0.71669589  8.47773663  7.11598278 11.94809169  7.12101683  3.11039696
  5.46025228  2.82938058  1.06730071  7.3506883 ]
DEBUG: cosmo_colibre ages (Gyr): [ 0.71852874  8.46910199  7.11118333 11.92583564  7.11620486  3.11178708
  5.45890402  2.83094462  1.06924545  7.34529205]
DEBUG: us.look_back_time -> ages (Gyr): [ 0.71852874  8.46910199  7.11118333 11.92583564  7.11620486  3.11178708
  5.45890403  2.83094462  1.06924546  7.34529205]
[33/100] subhalo 41991 done; total_formed=1.648e+02
Building SWIFTGalaxy for subhalo 128807 (soap_index=27296202)
Read masses: Nstars=23507, sum_current=3.138807e+10 Msun
DEBUG: sample z (first valid): [1.21585069 3.34329644 2.36703658 1.17713109 7.50233524 4.41798942
 9.16613666 3.48692318 9.84853501 6.8712467 ]
DEBUG: Planck15 ages (Gyr): [5.07981449 1.90105839 2.77214519 5.20758792 0.69572429 1.36689847
 0.53192752 1.81116745 0.4824449  0.78111057]
DEBUG: cosmo_colibre ages (Gyr): [5.07907493 1.90298213 2.77374091 5.20665141 0.69754692 1.36887388
 0.53365116 1.81310832 0.48413041 0.78297187]
DEBUG: us.look_back_time -> ages (Gyr): [5.07907493 1.90298213 2.77374091 5.20665141 0.69754693 1.36887389
 0.53365116 1.81310832 0.48413041 0.78297187]
[34/100] subhalo 128807 done; total_formed=5.276e+00
Building SWIFTGalaxy for subhalo 506933 (soap_index=27353979)
Read masses: Nstars=66562, sum_current=8.936742e+10 Msun
DEBUG: sample z (first valid): [5.38565722 4.93515667 0.83348254 0.66065275 5.9682084  4.42247228
 3.08909964 5.34669766 0.05526214 0.91917535]
DEBUG: Planck15 ages (Gyr): [ 1.06886057  1.19262156  6.60447049  7.54018216  0.93776923  1.36520931
  2.07941479  1.07870479 13.03115362  6.20547652]
DEBUG: cosmo_colibre ages (Gyr): [ 1.07080562  1.19458519  6.60087865  7.53428447  0.93968393  1.36718469
  2.08129507  1.08065165 13.00364923  6.20273839]
DEBUG: us.look_back_time -> ages (Gyr): [ 1.07080562  1.1945852   6.60087865  7.53428447  0.93968393  1.36718469
  2.08129507  1.08065165 13.00364923  6.20273839]
[35/100] subhalo 506933 done; total_formed=1.482e+01
Building SWIFTGalaxy for subhalo 1241585 (soap_index=27396849)
Read masses: Nstars=36198, sum_current=4.565087e+10 Msun
DEBUG: sample z (first valid): [0.58728929 0.38530481 0.34372181 3.00464406 0.36158896 0.35674064
 0.49420885 0.31271533 0.73210699 2.65306577]
DEBUG: Planck15 ages (Gyr): [ 7.99979434  9.50686784  9.86898371  2.14487148  9.71095711  9.75347005
  8.64639728 10.15227201  7.13007844  2.45776957]
DEBUG: cosmo_colibre ages (Gyr): [ 7.99260795  9.49474797  9.85552157  2.1467327   9.698088    9.74044249
  8.63722551 10.13771898  7.1252439   2.45951706]
DEBUG: us.look_back_time -> ages (Gyr): [ 7.99260795  9.49474797  9.85552157  2.1467327   9.698088    9.7404425
  8.63722551 10.13771898  7.12524391  2.45951706]
[36/100] subhalo 1241585 done; total_formed=7.635e+00
Building SWIFTGalaxy for subhalo 505661 (soap_index=27421492)
Read masses: Nstars=16649, sum_current=2.176225e+10 Msun
DEBUG: sample z (first valid): [3.63282907 5.78637258 5.46375382 2.56522685 6.25678219 4.99597438
 1.71730658 5.01413233 3.8248546  6.40938383]
DEBUG: Planck15 ages (Gyr): [1.72683018 0.97568859 1.04957078 2.54781511 0.88240814 1.17455828
 3.79298534 1.16925313 1.62534418 0.85528999]
DEBUG: cosmo_colibre ages (Gyr): [1.72878415 0.97761329 1.05151208 2.54952297 0.8843063  1.17651975
 3.79382283 1.17121394 1.62730997 0.85717915]
DEBUG: us.look_back_time -> ages (Gyr): [1.72878415 0.97761329 1.05151209 2.54952298 0.8843063  1.17651976
 3.79382283 1.17121394 1.62730997 0.85717916]
[37/100] subhalo 505661 done; total_formed=3.653e+00
Building SWIFTGalaxy for subhalo 2024159 (soap_index=27446886)
Read masses: Nstars=36206, sum_current=4.860811e+10 Msun
DEBUG: sample z (first valid): [3.8348211  0.52480223 3.00268735 1.5065402  3.43050297 0.9209755
 0.71506333 1.64108971 2.58708265 3.52815588]
DEBUG: Planck15 ages (Gyr): [1.6203477  8.42548495 2.1464282  4.26173413 1.84562352 6.19750051
 7.22474562 3.95242834 2.5249087  1.78665395]
DEBUG: cosmo_colibre ages (Gyr): [1.62231396 8.41701397 2.14828895 4.26208079 1.84755821 6.19477866
 7.21967295 3.9531093  2.52662693 1.78859893]
DEBUG: us.look_back_time -> ages (Gyr): [1.62231397 8.41701397 2.14828895 4.2620808  1.84755821 6.19477866
 7.21967295 3.95310931 2.52662693 1.78859893]
[38/100] subhalo 2024159 done; total_formed=8.073e+00
Building SWIFTGalaxy for subhalo 1250210 (soap_index=27477135)
Read masses: Nstars=166595, sum_current=2.124644e+11 Msun
DEBUG: sample z (first valid): [7.21407533 0.78689061 0.88712278 2.53980771 0.82226671 0.29949239
 0.0617588  0.29949239 0.37518885 0.11251443]
DEBUG: Planck15 ages (Gyr): [ 0.73269674  6.83835129  6.35021617  2.57488906  6.65962867 10.27669316
 12.94500223 10.27669316  9.59314448 12.29875828]
DEBUG: cosmo_colibre ages (Gyr): [ 0.73453705  6.83422311  6.34717725  2.57658441  6.65591274 10.26164986
 12.9179305  10.26164986  9.58071017 12.27484938]
DEBUG: us.look_back_time -> ages (Gyr): [ 0.73453706  6.83422311  6.34717725  2.57658441  6.65591274 10.26164987
 12.9179305  10.26164987  9.58071018 12.27484938]
[39/100] subhalo 1250210 done; total_formed=3.536e+01
Building SWIFTGalaxy for subhalo 129166 (soap_index=27495088)
Read masses: Nstars=88802, sum_current=1.133258e+11 Msun
DEBUG: sample z (first valid): [2.59416475 1.27840356 2.2754898  1.51925886 2.38862461 0.42966841
 0.58238362 0.39485782 6.68120019 4.64138762]
DEBUG: Planck15 ages (Gyr): [2.51755874 4.88366795 2.88694358 4.23085022 2.74616274 9.14167577
 8.03202969 9.42643551 0.81028847 1.28674765]
DEBUG: cosmo_colibre ages (Gyr): [2.51928026 4.88321619 2.88847447 4.23123211 2.74777244 9.13084913
 8.02474907 9.41460573 0.81216132 1.28871961]
DEBUG: us.look_back_time -> ages (Gyr): [2.51928027 4.88321619 2.88847448 4.23123212 2.74777244 9.13084913
 8.02474907 9.41460573 0.81216132 1.28871961]
[40/100] subhalo 129166 done; total_formed=1.893e+01
Building SWIFTGalaxy for subhalo 526142 (soap_index=27527215)
Read masses: Nstars=97073, sum_current=1.259023e+11 Msun
DEBUG: sample z (first valid): [0.48016984 0.62781918 1.34576562 0.53652818 1.64385993 2.2321957
 0.553133   0.44238049 0.41156199 0.40261964]
DEBUG: Planck15 ages (Gyr): [8.75067698 7.74079386 4.68562243 8.3430474  3.9464443  2.9439753
 8.22836443 9.04084999 9.28818203 9.36181964]
DEBUG: cosmo_colibre ages (Gyr): [8.74116636 7.73434629 4.68544357 8.33483198 3.94713134 2.94547211
 8.22049911 9.03036954 9.27684395 9.35022075]
DEBUG: us.look_back_time -> ages (Gyr): [8.74116636 7.73434629 4.68544357 8.33483198 3.94713134 2.94547211
 8.22049911 9.03036954 9.27684395 9.35022075]
[41/100] subhalo 526142 done; total_formed=2.108e+01
Building SWIFTGalaxy for subhalo 1072313 (soap_index=27527238)
Read masses: Nstars=15631, sum_current=2.093729e+10 Msun
DEBUG: sample z (first valid): [1.50711553 1.01723713 1.1878881  1.25970623 1.12641142 2.42689814
 0.35103488 0.49529981 0.44709415 0.46823192]
DEBUG: Planck15 ages (Gyr): [4.26032924 5.79325519 5.17158231 4.94101505 5.38283665 2.70106974
 9.80385142 8.63837148 9.0038819  8.84083079]
DEBUG: cosmo_colibre ages (Gyr): [4.26067753 5.79131853 5.17070206 4.94048096 5.38161771 2.70270307
 9.79063506 8.62922557 8.9935272  8.83102308]
DEBUG: us.look_back_time -> ages (Gyr): [4.26067753 5.79131853 5.17070206 4.94048097 5.38161771 2.70270307
 9.79063506 8.62922557 8.9935272  8.83102308]
[42/100] subhalo 1072313 done; total_formed=3.496e+00
Building SWIFTGalaxy for subhalo 405900 (soap_index=27639301)
Read masses: Nstars=31848, sum_current=4.390650e+10 Msun
DEBUG: sample z (first valid): [5.28281085 5.28281085 1.28523607 6.15458515 1.16562025 6.51215039
 4.98392988 5.30821061 4.46133333 4.92335503]
DEBUG: Planck15 ages (Gyr): [1.09517697 1.09517697 4.86297625 0.90137836 5.24655934 0.8377985
 1.17809937 1.08857835 1.35071033 1.19618019]
DEBUG: cosmo_colibre ages (Gyr): [1.09712674 1.09712674 4.86255383 0.90328246 5.24556125 0.83968153
 1.18006128 1.09052697 1.3526853  1.19814422]
DEBUG: us.look_back_time -> ages (Gyr): [1.09712674 1.09712674 4.86255383 0.90328246 5.24556125 0.83968154
 1.18006128 1.09052697 1.35268531 1.19814423]
[43/100] subhalo 405900 done; total_formed=7.274e+00
Building SWIFTGalaxy for subhalo 8499803 (soap_index=27694888)
Read masses: Nstars=122292, sum_current=1.617246e+11 Msun
DEBUG: sample z (first valid): [0.38390067 0.24177657 0.22763375 0.16686846 0.00713056 0.86054963
 0.09900724 0.86351228 1.19492263 1.45858343]
DEBUG: Planck15 ages (Gyr): [ 9.51877515 10.84647819 10.99304184 11.65619098 13.69522463  6.47423639
 12.46621009  6.46022372  5.14824975  4.38151341]
DEBUG: cosmo_colibre ages (Gyr): [ 9.50661209 10.8291048  10.97504699 11.63527537 13.66430238  6.47093169
 12.44149593  6.45694942  5.14740563  4.38171957]
DEBUG: us.look_back_time -> ages (Gyr): [ 9.50661209 10.8291048  10.97504699 11.63527537 13.66430238  6.47093169
 12.44149593  6.45694942  5.14740563  4.38171957]
[44/100] subhalo 8499803 done; total_formed=2.693e+01
Building SWIFTGalaxy for subhalo 105729 (soap_index=27749273)
Read masses: Nstars=12046, sum_current=1.547594e+10 Msun
DEBUG: sample z (first valid): [3.42153556 6.03931257 2.30555836 2.97043499 4.30827798 2.31224098
 3.95396477 4.50583886 3.32381078 4.02499617]
DEBUG: Planck15 ages (Gyr): [1.85119985 0.92360249 2.84839116 2.17235871 1.4093442  2.8399376
 1.56253433 1.33441663 1.91382188 1.52967345]
DEBUG: cosmo_colibre ages (Gyr): [1.85313349 0.92551318 2.84994439 2.17421143 1.41132016 2.84149565
 1.56450523 1.33639103 1.91574293 1.53164634]
DEBUG: us.look_back_time -> ages (Gyr): [1.85313349 0.92551318 2.84994439 2.17421144 1.41132016 2.84149565
 1.56450524 1.33639104 1.91574293 1.53164635]
[45/100] subhalo 105729 done; total_formed=2.607e+00
Building SWIFTGalaxy for subhalo 11111356 (soap_index=27751796)
Read masses: Nstars=35364, sum_current=4.720616e+10 Msun
DEBUG: sample z (first valid): [7.9634138  3.21968965 0.11706552 5.65002537 0.12157722 0.86224142
 0.86351228 4.38416037 5.21901689 2.64574989]
DEBUG: Planck15 ages (Gyr): [ 0.64268574  1.98449009 12.2430538   1.00582526 12.18818343  6.46622884
  6.46022372  1.37975791  1.11204625  2.46506803]
DEBUG: cosmo_colibre ages (Gyr): [ 0.64448028  1.98639505 12.2194105   1.00775717 12.16480065  6.46294152
  6.45694942  1.38173358  1.11399882  2.46681242]
DEBUG: us.look_back_time -> ages (Gyr): [ 0.64448028  1.98639506 12.2194105   1.00775718 12.16480065  6.46294152
  6.45694942  1.38173358  1.11399883  2.46681242]
[46/100] subhalo 11111356 done; total_formed=7.910e+00
Building SWIFTGalaxy for subhalo 30542 (soap_index=27821361)
Read masses: Nstars=30358, sum_current=4.411317e+10 Msun
DEBUG: sample z (first valid): [0.60958837 0.29784537 1.14044026 1.05738683 2.59811134 4.74574785
 6.9351011  2.69050569 0.56799694 5.13116288]
DEBUG: Planck15 ages (Gyr): [ 7.85570089 10.29234566  5.33343924  5.63675592  2.51347814  1.25193948
  0.77169686  2.42096947  8.12770313  1.13599459]
DEBUG: cosmo_colibre ages (Gyr): [ 7.84892954 10.27724021  5.33230135  5.63510231  2.51520148  1.25390891
  0.77355426  2.42273227  8.12013991  1.13795085]
DEBUG: us.look_back_time -> ages (Gyr): [ 7.84892954 10.27724021  5.33230135  5.63510231  2.51520148  1.25390892
  0.77355427  2.42273227  8.12013991  1.13795085]
[47/100] subhalo 30542 done; total_formed=7.227e+00
Building SWIFTGalaxy for subhalo 3062 (soap_index=27837726)
Read masses: Nstars=60270, sum_current=8.826049e+10 Msun
DEBUG: sample z (first valid): [1.29435653 1.36012676 2.43732298 1.0169888  0.77739206 1.46116869
 2.02455234 2.00458463 1.10564195 2.99951178]
DEBUG: Planck15 ages (Gyr): [4.83557293 4.64505989 2.6889978  5.79424436 6.88760049 4.37491887
 3.2450391  3.27662963 5.45730939 2.1489586 ]
DEBUG: cosmo_colibre ages (Gyr): [4.83518907 4.64493475 2.69063732 5.79230587 6.88335597 4.37513293
 3.24633497 3.27790236 5.45596609 2.15081857]
DEBUG: us.look_back_time -> ages (Gyr): [4.83518907 4.64493476 2.69063732 5.79230588 6.88335597 4.37513293
 3.24633498 3.27790236 5.4559661  2.15081858]
[48/100] subhalo 3062 done; total_formed=1.459e+01
Building SWIFTGalaxy for subhalo 253508 (soap_index=27837743)
Read masses: Nstars=748570, sum_current=9.514927e+11 Msun
DEBUG: sample z (first valid): [0.89498034 0.85088116 1.94385051 2.30222715 3.96409635 0.98545807
 2.0670161  3.36121648 0.59968756 1.25768224]
DEBUG: Planck15 ages (Gyr): [6.31425091 6.52029567 3.3758663  2.85262058 1.55777603 5.92202573
 3.17948783 1.88944415 7.91919013 4.94728725]
DEBUG: cosmo_colibre ages (Gyr): [6.31128768 6.51689036 3.37706374 2.85417139 1.55974725 5.91984744
 3.18083048 1.89137029 7.91223715 4.94674406]
DEBUG: us.look_back_time -> ages (Gyr): [6.31128768 6.51689036 3.37706374 2.85417139 1.55974725 5.91984744
 3.18083048 1.89137029 7.91223715 4.94674407]
[49/100] subhalo 253508 done; total_formed=1.584e+02
Building SWIFTGalaxy for subhalo 1097809 (soap_index=27837783)
Read masses: Nstars=7666, sum_current=1.127384e+10 Msun
DEBUG: sample z (first valid): [1.40058608 1.77295422 1.85908734 1.69717672 3.48938211 1.32067989
 1.09903273 2.7055298  1.72907471 2.38197956]
DEBUG: Planck15 ages (Gyr): [4.53375888 3.68304784 3.52278936 3.83407035 1.80969001 4.75784972
 5.48135    2.40645646 3.76929608 2.75411772]
DEBUG: cosmo_colibre ages (Gyr): [4.53377739 3.6839871  3.52386809 3.83486853 1.81163113 4.75757337
 5.47996601 2.40822515 3.77015593 2.75572316]
DEBUG: us.look_back_time -> ages (Gyr): [4.5337774  3.6839871  3.52386809 3.83486853 1.81163114 4.75757337
 5.47996601 2.40822515 3.77015593 2.75572317]
[50/100] subhalo 1097809 done; total_formed=1.876e+00
Building SWIFTGalaxy for subhalo 567243 (soap_index=28251215)
Read masses: Nstars=52348, sum_current=7.241254e+10 Msun
DEBUG: sample z (first valid): [6.19859402 2.76600391 4.86346963 0.64630225 3.22840183 0.35192673
 4.90840245 4.16967737 0.01871541 3.89403331]
DEBUG: Planck15 ages (Gyr): [ 0.89312697  2.34946341  1.2145126   7.62687941  1.97841279  9.79595143
  1.20071432  1.46617741 13.53112698  1.59118054]
DEBUG: cosmo_colibre ages (Gyr): [ 0.89502852  2.35125449  1.21647859  7.62074648  1.98031921  9.78276475
  1.20267885  1.46815276 13.50106267  1.59314933]
DEBUG: us.look_back_time -> ages (Gyr): [ 0.89502852  2.35125449  1.2164786   7.62074648  1.98031921  9.78276475
  1.20267886  1.46815276 13.50106267  1.59314933]
[51/100] subhalo 567243 done; total_formed=1.204e+01
Building SWIFTGalaxy for subhalo 119915 (soap_index=28343520)
Read masses: Nstars=21854, sum_current=2.745370e+10 Msun
DEBUG: sample z (first valid): [0.53178758 1.10916581 5.623143   0.14629539 0.13761978 0.19321244
 2.45107952 0.74613663 4.60136752 3.51225558]
DEBUG: Planck15 ages (Gyr): [ 8.37622924  5.44455959  1.01194975 11.89366708 11.99587507 11.36185209
  2.67320285  7.05357223  1.30052409  1.79604154]
DEBUG: cosmo_colibre ages (Gyr): [ 8.36791134  5.44323778  1.01388306 11.87166343 11.97339651 11.34225457
  2.6748504   7.04892695  1.30249687  1.79798497]
DEBUG: us.look_back_time -> ages (Gyr): [ 8.36791134  5.44323778  1.01388306 11.87166343 11.97339651 11.34225457
  2.6748504   7.04892695  1.30249688  1.79798498]
[52/100] subhalo 119915 done; total_formed=4.611e+00
Building SWIFTGalaxy for subhalo 1167747 (soap_index=28350319)
Read masses: Nstars=72936, sum_current=9.520929e+10 Msun
DEBUG: sample z (first valid): [5.39875024 0.17760368 3.88418542 3.59547016 5.52944107 7.74746396
 1.90986591 1.46116869 4.72817061 6.05370789]
DEBUG: Planck15 ages (Gyr): [ 1.06558571 11.53494827  1.59597092  1.74779636  1.03378947  0.6666583
  3.43355288  4.37491887  1.25769201  0.92077763]
DEBUG: cosmo_colibre ages (Gyr): [ 1.06753013 11.51457973  1.59793931  1.74974734  1.03572753  0.66846596
  3.43470474  4.37513293  1.2596619   0.9226875 ]
DEBUG: us.look_back_time -> ages (Gyr): [ 1.06753013 11.51457973  1.59793932  1.74974734  1.03572754  0.66846596
  3.43470474  4.37513293  1.25966191  0.9226875 ]
[53/100] subhalo 1167747 done; total_formed=1.589e+01
Building SWIFTGalaxy for subhalo 270569 (soap_index=28352746)
Read masses: Nstars=346123, sum_current=4.409590e+11 Msun
DEBUG: sample z (first valid): [2.21128969 3.70872252 7.74746396 3.04343534 5.85594727 5.72508979
 6.51215039 5.94016732 2.75091575 0.62846636]
DEBUG: Planck15 ages (Gyr): [2.97217902 1.68549813 0.6666583  2.11439034 0.96088375 0.98904566
 0.8377985  0.94345568 2.36347335 7.73676167]
DEBUG: cosmo_colibre ages (Gyr): [2.9736585  1.68745744 0.66846596 2.11626064 0.96280467 0.99097364
 0.83968153 0.94537194 2.36525904 7.73032534]
DEBUG: us.look_back_time -> ages (Gyr): [2.9736585  1.68745744 0.66846596 2.11626064 0.96280467 0.99097364
 0.83968154 0.94537195 2.36525904 7.73032534]
[54/100] subhalo 270569 done; total_formed=7.383e+01
Building SWIFTGalaxy for subhalo 2233533 (soap_index=28370562)
Read masses: Nstars=28097, sum_current=3.960881e+10 Msun
DEBUG: sample z (first valid): [0.51633503 0.06011    0.27333489 0.31873793 5.30821061 2.12761287
 0.20178977 0.33289945 0.34306091 4.83995723]
DEBUG: Planck15 ages (Gyr): [ 8.48577347 12.96679075 10.52942653 10.0963276   1.08857835  3.08962013
 11.26830963  9.96653673  9.87490102  1.2218382 ]
DEBUG: cosmo_colibre ages (Gyr): [ 8.47711355 12.93960984 10.51336675 10.0819928   1.09052697  3.09102416
 11.24912381  9.95270293  9.86141645  1.22380492]
DEBUG: us.look_back_time -> ages (Gyr): [ 8.47711355 12.93960984 10.51336675 10.0819928   1.09052697  3.09102416
 11.24912381  9.95270293  9.86141645  1.22380493]
[55/100] subhalo 2233533 done; total_formed=6.543e+00
Building SWIFTGalaxy for subhalo 568926 (soap_index=28376664)
Read masses: Nstars=21106, sum_current=2.872580e+10 Msun
DEBUG: sample z (first valid): [0.92684935 0.90047558 1.71595524 7.58925295 0.95746714 0.83430363
 0.99149143 0.62057369 9.93724967 1.76243467]
DEBUG: Planck15 ages (Gyr): [6.17158579 6.28928638 3.79572102 0.68518101 6.03920413 6.60046029
 5.89723492 7.78615457 0.47657476 3.70343083]
DEBUG: cosmo_colibre ages (Gyr): [6.16891663 6.28637532 3.79655592 0.68699833 6.03679908 6.59687742
 5.89510376 7.77957995 0.47825543 3.7043516 ]
DEBUG: us.look_back_time -> ages (Gyr): [6.16891663 6.28637532 3.79655592 0.68699833 6.03679908 6.59687742
 5.89510376 7.77957995 0.47825544 3.7043516 ]
[56/100] subhalo 568926 done; total_formed=4.806e+00
Building SWIFTGalaxy for subhalo 570527 (soap_index=28376672)
Read masses: Nstars=45703, sum_current=5.726522e+10 Msun
DEBUG: sample z (first valid): [1.05842076 1.10699588 0.3636288  2.04761905 0.48204432 1.03086458
 0.40659341 0.4687584  5.02352941 1.1854075 ]
DEBUG: Planck15 ages (Gyr): [5.63281398 5.45240509 9.69315174 3.20916018 8.73664552 5.73937858
 9.32899095 8.83682577 1.16652321 5.17985018]
DEBUG: cosmo_colibre ages (Gyr): [5.63116735 5.45107007 9.68034874 3.21048187 8.72718079 5.73754067
 9.31750864 8.82703135 1.16848367 5.17895706]
DEBUG: us.look_back_time -> ages (Gyr): [5.63116735 5.45107007 9.68034874 3.21048187 8.7271808  5.73754067
 9.31750864 8.82703135 1.16848367 5.17895706]
[57/100] subhalo 570527 done; total_formed=9.623e+00
Building SWIFTGalaxy for subhalo 1833492 (soap_index=28385229)
Read masses: Nstars=62720, sum_current=8.599029e+10 Msun
DEBUG: sample z (first valid): [5.74516262 4.1909703  6.79170134 2.35119656 5.5964771  5.95415959
 4.04550004 0.23419962 0.68524995 0.23299217]
DEBUG: Planck15 ages (Gyr): [ 0.98463734  1.45720147  0.7931073   2.79146723  1.01808638  0.94061105
  1.52040039 10.9246469   7.39503165 10.93717857]
DEBUG: cosmo_colibre ages (Gyr): [ 0.98656425  1.45917701  0.79497344  2.79305239  1.02002105  0.94252653
  1.52237375 10.90694316  7.38951962 10.91942164]
DEBUG: us.look_back_time -> ages (Gyr): [ 0.98656425  1.45917702  0.79497345  2.79305239  1.02002106  0.94252654
  1.52237375 10.90694316  7.38951962 10.91942164]
[58/100] subhalo 1833492 done; total_formed=1.430e+01
Building SWIFTGalaxy for subhalo 568466 (soap_index=28416762)
Read masses: Nstars=59256, sum_current=8.479166e+10 Msun
DEBUG: sample z (first valid): [0.67920467 1.4861912  1.01438495 1.06152878 5.71131592 0.42742638
 0.80380931 0.66487146 0.73559322 0.65378016]
DEBUG: Planck15 ages (Gyr): [7.43030803 4.31190728 5.804632   5.62099046 0.99208963 9.15963094
 6.75196429 7.51498032 7.11094887 7.58151421]
DEBUG: cosmo_colibre ages (Gyr): [7.42470322 4.31219586 5.80267431 5.61936472 0.99401834 9.14874214
 6.74803731 7.50915033 7.10616193 7.57550483]
DEBUG: us.look_back_time -> ages (Gyr): [7.42470323 4.31219586 5.80267431 5.61936472 0.99401834 9.14874215
 6.74803731 7.50915033 7.10616193 7.57550483]
[59/100] subhalo 568466 done; total_formed=1.387e+01
Building SWIFTGalaxy for subhalo 585022 (soap_index=28463210)
Read masses: Nstars=140407, sum_current=1.844669e+11 Msun
DEBUG: sample z (first valid): [5.85594727 1.40181778 1.43374926 0.56664754 5.66354855 4.35162502
 3.4755856  2.32737612 1.12641142 6.45150654]
DEBUG: Planck15 ages (Gyr): [0.96088375 4.53043779 4.44568357 8.13676478 1.00276756 1.39231599
 1.81800549 2.82094294 5.38283665 0.84804771]
DEBUG: cosmo_colibre ages (Gyr): [0.96280467 4.53046051 4.44581188 8.12917456 1.00469878 1.39429184
 1.81994517 2.82251173 5.38161771 0.84993436]
DEBUG: us.look_back_time -> ages (Gyr): [0.96280467 4.53046051 4.44581188 8.12917456 1.00469878 1.39429184
 1.81994517 2.82251173 5.38161771 0.84993437]
[60/100] subhalo 585022 done; total_formed=3.054e+01
Building SWIFTGalaxy for subhalo 1882112 (soap_index=28491938)
Read masses: Nstars=109522, sum_current=1.413726e+11 Msun
DEBUG: sample z (first valid): [3.20264204 0.83800763 0.76494668 4.06578032 1.51616371 3.43710223
 0.65277918 3.66116643 1.40181778 1.90986591]
DEBUG: Planck15 ages (Gyr): [1.99647152 6.58241669 6.95296031 1.51131974 4.2383327  1.84153754
 7.58756288 1.71120309 4.53043779 3.43355288]
DEBUG: cosmo_colibre ages (Gyr): [1.99837356 6.57887405 6.94855958 1.51329352 4.2387061  1.84347299
 7.58153708 1.71315916 4.53046051 3.43470474]
DEBUG: us.look_back_time -> ages (Gyr): [1.99837356 6.57887405 6.94855958 1.51329353 4.2387061  1.84347299
 7.58153709 1.71315916 4.53046051 3.43470474]
[61/100] subhalo 1882112 done; total_formed=2.364e+01
Building SWIFTGalaxy for subhalo 3646212 (soap_index=28521528)
Read masses: Nstars=39420, sum_current=5.504372e+10 Msun
DEBUG: sample z (first valid): [3.81528288 1.16005274 6.28663553 8.09211987 0.15828915 6.07502969
 0.79787117 0.36023246 3.41260436 0.4022595 ]
DEBUG: Planck15 ages (Gyr): [ 1.63016681  5.26557512  0.87699155  0.62907121 11.75439475  0.91661985
  6.78209165  9.72282433  1.8567814   9.36480328]
DEBUG: cosmo_colibre ages (Gyr): [ 1.63213214  5.26454674  0.87888796  0.63085797 11.73303184  0.91852851
  6.77809492  9.70991107  1.85871398  9.35319377]
DEBUG: us.look_back_time -> ages (Gyr): [ 1.63213214  5.26454674  0.87888796  0.63085797 11.73303184  0.91852851
  6.77809492  9.70991107  1.85871398  9.35319377]
[62/100] subhalo 3646212 done; total_formed=9.028e+00
Building SWIFTGalaxy for subhalo 4999852 (soap_index=28554378)
Read masses: Nstars=12700, sum_current=1.750997e+10 Msun
DEBUG: sample z (first valid): [3.0516847  0.12388531 0.31072    4.36213386 6.54240994 0.46783731
 5.54313099 3.92381668 3.795551   0.21651322]
DEBUG: Planck15 ages (Gyr): [ 2.10800036 12.16024752 10.17090625  1.3882391   0.83276117  8.84383443
  1.03055007  1.57683682  1.64018367 11.11029244]
DEBUG: cosmo_colibre ages (Gyr): [ 2.10987251 12.13699694 10.15628023  1.3902149   0.83464239  8.83401676
  1.03248745  1.57880671  1.64214801 11.09179406]
DEBUG: us.look_back_time -> ages (Gyr): [ 2.10987252 12.13699694 10.15628023  1.3902149   0.83464239  8.83401676
  1.03248745  1.57880671  1.64214801 11.09179407]
[63/100] subhalo 4999852 done; total_formed=2.918e+00
Building SWIFTGalaxy for subhalo 278972 (soap_index=28637868)
Read masses: Nstars=405823, sum_current=4.977810e+11 Msun
DEBUG: sample z (first valid): [0.79964851 0.82510861 0.78689061 1.63832528 3.28451883 0.81902964
 0.81540166 1.66125233 0.84650062 0.35371396]
DEBUG: Planck15 ages (Gyr): [6.77305256 6.64558527 6.83835129 3.95841449 1.93999393 6.67568082
 6.6937427  3.9092072  6.54133149 9.78014812]
DEBUG: cosmo_colibre ages (Gyr): [6.7690768  6.64190107 6.83422311 3.95908937 1.94190925 6.6719285
 6.68994928 3.90993165 6.53787989 9.76702073]
DEBUG: us.look_back_time -> ages (Gyr): [6.7690768  6.64190107 6.83422311 3.95908937 1.94190925 6.6719285
 6.68994928 3.90993166 6.53787989 9.76702073]
[64/100] subhalo 278972 done; total_formed=8.340e+01
Building SWIFTGalaxy for subhalo 590734 (soap_index=28637893)
Read masses: Nstars=24372, sum_current=3.061516e+10 Msun
DEBUG: sample z (first valid): [7.4252748  2.61637788 0.79727951 1.45858343 1.62102064 1.05945572
 3.58389872 2.48040361 6.37602701 1.52819998]
DEBUG: Planck15 ages (Gyr): [0.70529941 2.49473231 6.78510485 4.38151341 3.99622186 5.62887242
 1.75437596 2.64003781 0.86109837 4.20935434]
DEBUG: cosmo_colibre ages (Gyr): [0.70712677 2.49646391 6.78110111 4.38171957 3.99685796 5.62723276
 1.75632597 2.64170189 0.86298951 4.2097605 ]
DEBUG: us.look_back_time -> ages (Gyr): [0.70712677 2.49646391 6.78110112 4.38171957 3.99685797 5.62723276
 1.75632597 2.6417019  0.86298951 4.2097605 ]
[65/100] subhalo 590734 done; total_formed=5.164e+00
Building SWIFTGalaxy for subhalo 1191579 (soap_index=28637901)
Read masses: Nstars=41820, sum_current=5.647793e+10 Msun
DEBUG: sample z (first valid): [3.91901223 4.49475979 0.5895993  1.73659596 0.40768107 0.62733413
 3.58774939 1.76756757 0.57720447 1.82117951]
DEBUG: Planck15 ages (Gyr): [1.57913612 1.33844214 7.9846827  3.7542812  9.32003495 7.743818
 1.7521819  3.69346235 8.06627526 3.59189557]
DEBUG: cosmo_colibre ages (Gyr): [1.58110584 1.3404167  7.97754031 3.75515509 9.30858436 7.73736198
 1.75413223 3.69439219 8.058894   3.59291544]
DEBUG: us.look_back_time -> ages (Gyr): [1.58110585 1.3404167  7.97754031 3.75515509 9.30858436 7.73736198
 1.75413224 3.69439219 8.058894   3.59291545]
[66/100] subhalo 1191579 done; total_formed=9.425e+00
Building SWIFTGalaxy for subhalo 2302919 (soap_index=28637966)
Read masses: Nstars=17528, sum_current=2.293130e+10 Msun
DEBUG: sample z (first valid): [3.92381668 4.06069498 2.50235143 0.64630225 5.86312703 4.243719
 0.4559673  0.78067601 0.88625374 1.47492447]
DEBUG: Planck15 ages (Gyr): [1.57683682 1.51358828 2.61565512 7.62687941 0.95937722 1.43535363
 8.93489755 6.87051179 6.35421348 4.3400972 ]
DEBUG: cosmo_colibre ages (Gyr): [1.57880671 1.51556196 2.61733109 7.62074648 0.96129775 1.43732949
 8.92477579 6.86630778 6.35116611 4.34035265]
DEBUG: us.look_back_time -> ages (Gyr): [1.57880671 1.51556196 2.61733109 7.62074648 0.96129775 1.4373295
 8.92477579 6.86630778 6.35116611 4.34035266]
[67/100] subhalo 2302919 done; total_formed=3.850e+00
Building SWIFTGalaxy for subhalo 588039 (soap_index=28685485)
Read masses: Nstars=48537, sum_current=6.145840e+10 Msun
DEBUG: sample z (first valid): [1.12848327 5.52944107 2.84330284 5.1686747  1.12090615 2.55787188
 2.98249878 2.30389191 3.51692053 1.6911958 ]
DEBUG: Planck15 ages (Gyr): [5.3754959  1.03378947 2.27978744 1.12566538 5.40241953 2.5556006
 2.16259934 2.85050565 1.79327889 3.84641654]
DEBUG: cosmo_colibre ages (Gyr): [5.37428908 1.03572753 2.2816042  1.12762009 5.40116815 2.55730489
 2.16445512 2.85205767 1.79522278 3.84720276]
DEBUG: us.look_back_time -> ages (Gyr): [5.37428908 1.03572754 2.2816042  1.12762009 5.40116815 2.55730489
 2.16445512 2.85205767 1.79522279 3.84720276]
[68/100] subhalo 588039 done; total_formed=1.032e+01
Building SWIFTGalaxy for subhalo 5022067 (soap_index=28693556)
Read masses: Nstars=23459, sum_current=3.288340e+10 Msun
DEBUG: sample z (first valid): [1.88501497 3.51225558 0.32685455 1.21900183 4.08661906 1.07826473
 1.74209205 1.13932232 0.93093695 0.7372495 ]
DEBUG: Planck15 ages (Gyr): [ 3.47675948  1.79604154 10.02163918  5.06963552  1.5020823   5.55799112
  3.74337045  5.3373493   6.15365145  7.10188818]
DEBUG: cosmo_colibre ages (Gyr): [ 3.47787633  1.79798497 10.00759359  5.06891133  1.50405647  5.55647559
  3.74425449  5.33620503  6.15101856  7.09712371]
DEBUG: us.look_back_time -> ages (Gyr): [ 3.47787634  1.79798498 10.00759359  5.06891133  1.50405648  5.55647559
  3.74425449  5.33620504  6.15101856  7.09712371]
[69/100] subhalo 5022067 done; total_formed=5.404e+00
Building SWIFTGalaxy for subhalo 19498 (soap_index=28697631)
Read masses: Nstars=182943, sum_current=2.305750e+11 Msun
DEBUG: sample z (first valid): [0.22077341 0.20178977 0.31661845 0.29949239 0.21895692 0.26468545
 0.01738698 0.19356014 0.19139034 0.32139689]
DEBUG: Planck15 ages (Gyr): [11.06516333 11.26830963 10.1159643  10.27669316 11.08437355 10.61497821
 13.54980374 11.35803861 11.38186644 10.07177104]
DEBUG: cosmo_colibre ages (Gyr): [11.04685942 11.24912381 10.10155306 10.26164986 11.06598696 10.59856815
 13.51964222 11.33845794 11.36218037 10.05753161]
DEBUG: us.look_back_time -> ages (Gyr): [11.04685942 11.24912381 10.10155306 10.26164987 11.06598696 10.59856815
 13.51964222 11.33845794 11.36218037 10.05753161]
[70/100] subhalo 19498 done; total_formed=3.861e+01
Building SWIFTGalaxy for subhalo 589442 (soap_index=28697653)
Read masses: Nstars=28493, sum_current=3.942014e+10 Msun
DEBUG: sample z (first valid): [0.37484266 0.51409297 0.8147984  3.68716922 7.50233524 2.69425028
 3.07663598 0.1968734  0.16042213 2.2037544 ]
DEBUG: Planck15 ages (Gyr): [ 9.59611739  8.50184563  6.69675333  1.69706832  0.69572429  2.41733881
  2.08886576 11.32179106 11.72986971  2.98245331]
DEBUG: cosmo_colibre ages (Gyr): [ 9.58367219  8.49313504  6.69295305  1.69902621  0.69754692  2.41910308
  2.09074339 11.30237028 11.70861886  2.98392641]
DEBUG: us.look_back_time -> ages (Gyr): [ 9.58367219  8.49313504  6.69295305  1.69902621  0.69754693  2.41910309
  2.09074339 11.30237028 11.70861886  2.98392641]
[71/100] subhalo 589442 done; total_formed=6.511e+00
Building SWIFTGalaxy for subhalo 601160 (soap_index=28737222)
Read masses: Nstars=15279, sum_current=2.126039e+10 Msun
DEBUG: sample z (first valid): [1.25674931 1.60518365 4.08898897 5.86960168 4.55060557 2.7034358
 1.34828723 1.63514274 1.84716309 1.62564103]
DEBUG: Planck15 ages (Gyr): [4.95018259 4.03133703 1.50103768 0.95802201 1.31835365 2.40847061
 4.6784593  3.96532421 3.5442926  3.98607022]
DEBUG: cosmo_colibre ages (Gyr): [4.9496352  4.03193659 1.50301191 0.95994218 1.32032736 2.41023849
 4.67828998 3.96599205 3.54535322 3.9867168 ]
DEBUG: us.look_back_time -> ages (Gyr): [4.94963521 4.03193659 1.50301191 0.95994218 1.32032737 2.4102385
 4.67828998 3.96599206 3.54535322 3.9867168 ]
[72/100] subhalo 601160 done; total_formed=3.563e+00
Building SWIFTGalaxy for subhalo 1187866 (soap_index=28737233)
Read masses: Nstars=11895, sum_current=1.676049e+10 Msun
DEBUG: sample z (first valid): [12.08364943  4.07480254  4.54168781  2.37397035  2.14261053  3.46217744
  1.75477091  2.21412457  2.07796355  3.07663598]
DEBUG: Planck15 ages (Gyr): [0.36400628 1.50730882 1.32152781 2.76375617 3.06801788 1.82614766
 3.7183959  2.96832868 3.16293843 2.08886576]
DEBUG: cosmo_colibre ages (Gyr): [0.36557869 1.50928278 1.32350167 2.76535643 3.06943619 1.8280859
 3.71930298 2.96981055 3.16429262 2.09074339]
DEBUG: us.look_back_time -> ages (Gyr): [0.3655787  1.50928279 1.32350167 2.76535643 3.06943619 1.8280859
 3.71930298 2.96981055 3.16429262 2.09074339]
[73/100] subhalo 1187866 done; total_formed=2.818e+00
Building SWIFTGalaxy for subhalo 284515 (soap_index=28774696)
Read masses: Nstars=144219, sum_current=1.951719e+11 Msun
DEBUG: sample z (first valid): [0.46103085 2.14351497 1.57488606 6.59661528 6.31591873 1.0968836
 1.9330469  1.01413732 2.1006813  1.58137703]
DEBUG: Planck15 ages (Gyr): [8.89588189 3.06672306 4.09992077 0.82386245 0.87173188 5.48920341
 3.39403242 5.80562142 3.12904151 4.08506952]
DEBUG: cosmo_colibre ages (Gyr): [8.88589089 3.06814222 4.10044742 0.82574041 0.87362656 5.48780607
 3.39521566 5.8036619  3.130419   4.08561213]
DEBUG: us.look_back_time -> ages (Gyr): [8.88589089 3.06814222 4.10044742 0.82574041 0.87362657 5.48780607
 3.39521566 5.8036619  3.13041901 4.08561213]
[74/100] subhalo 284515 done; total_formed=3.274e+01
Building SWIFTGalaxy for subhalo 284782 (soap_index=28774698)
Read masses: Nstars=10582, sum_current=1.468775e+10 Msun
DEBUG: sample z (first valid): [1.75824916 2.90746482 1.58708353 3.58389872 2.71730006 2.46861437
 3.32609413 2.06672906 3.92566704 1.74968532]
DEBUG: Planck15 ages (Gyr): [3.71159176 2.22450088 4.07208474 1.75437596 2.3951864  2.65328955
 1.91231892 3.17992365 1.57595275 3.72838081]
DEBUG: cosmo_colibre ages (Gyr): [3.71250508 2.2263367  4.07264122 1.75632597 2.39695962 2.65494707
 1.91424029 3.181266   1.57792271 3.72927872]
DEBUG: us.look_back_time -> ages (Gyr): [3.71250508 2.2263367  4.07264122 1.75632597 2.39695962 2.65494707
 1.91424029 3.181266   1.57792271 3.72927872]
[75/100] subhalo 284782 done; total_formed=2.464e+00
Building SWIFTGalaxy for subhalo 602429 (soap_index=28774720)
Read masses: Nstars=33996, sum_current=4.198134e+10 Msun
DEBUG: sample z (first valid): [1.01748553 5.37447719 5.18147519 2.26049751 3.79169408 3.40459708
 4.41485582 3.26472311 5.21371006 3.6489324 ]
DEBUG: Planck15 ages (Gyr): [5.79226604 1.07167021 1.12217629 2.90648662 1.64215354 1.86180925
 1.36808127 1.95340466 1.11346899 1.71792091]
DEBUG: cosmo_colibre ages (Gyr): [5.7903312  1.07361577 1.12413046 2.90800597 1.64411768 1.86374087
 1.37005671 1.95531694 1.11542178 1.71987608]
DEBUG: us.look_back_time -> ages (Gyr): [5.7903312  1.07361578 1.12413046 2.90800598 1.64411768 1.86374087
 1.37005672 1.95531694 1.11542179 1.71987609]
[76/100] subhalo 602429 done; total_formed=7.103e+00
Building SWIFTGalaxy for subhalo 603242 (soap_index=28774727)
Read masses: Nstars=19146, sum_current=2.541406e+10 Msun
DEBUG: sample z (first valid): [1.77412801 2.86278439 2.02287823 5.55622249 1.41527235 1.157919
 2.19968753 1.49756098 5.9364945  5.12657755]
DEBUG: Planck15 ages (Gyr): [3.68078477 2.26276327 3.24766854 1.02746802 4.4944124  5.27289186
 2.98802264 4.28375709 0.94420473 1.137268  ]
DEBUG: cosmo_colibre ages (Gyr): [3.68172608 2.26458602 3.24896251 1.02940474 4.49448039 5.27185177
 2.98949225 4.28407839 0.9461212  1.13922444]
DEBUG: us.look_back_time -> ages (Gyr): [3.68172608 2.26458602 3.24896251 1.02940474 4.49448039 5.27185177
 2.98949226 4.2840784  0.94612121 1.13922444]
[77/100] subhalo 603242 done; total_formed=4.275e+00
Building SWIFTGalaxy for subhalo 2315590 (soap_index=28774814)
Read masses: Nstars=8021, sum_current=1.055076e+10 Msun
DEBUG: sample z (first valid): [2.28073688 2.28303777 3.75415306 2.2482157  3.06424806 2.77468034
 1.65952439 2.77207321 3.00024416 3.96672982]
DEBUG: Planck15 ages (Gyr): [2.88015463 2.87718587 1.66153367 2.92265853 2.09832978 2.34146886
 3.91288124 2.34386637 2.14837458 1.55654314]
DEBUG: cosmo_colibre ages (Gyr): [2.8816895  2.87872247 1.66349574 2.92416823 2.10020472 2.34326297
 3.91360203 2.34565958 2.15023473 1.55851445]
DEBUG: us.look_back_time -> ages (Gyr): [2.8816895  2.87872248 1.66349575 2.92416823 2.10020472 2.34326298
 3.91360203 2.34565958 2.15023474 1.55851445]
[78/100] subhalo 2315590 done; total_formed=1.777e+00
Building SWIFTGalaxy for subhalo 2348982 (soap_index=28774828)
Read masses: Nstars=30121, sum_current=4.033575e+10 Msun
DEBUG: sample z (first valid): [1.21330632 2.88016578 7.11440599 3.30195615 3.728086   1.2094262
 2.06214372 2.43120419 3.29941613 3.58486078]
DEBUG: Planck15 ages (Gyr): [5.0880572  2.24775054 0.74624662 1.9283065  1.67521442 5.10066816
 3.186899   2.69607258 1.93000171 1.75382736]
DEBUG: cosmo_colibre ages (Gyr): [5.08730516 2.24957848 0.74809304 1.93022441 1.67717494 5.09989697
 3.18823645 2.69770848 1.93191925 1.75577745]
DEBUG: us.look_back_time -> ages (Gyr): [5.08730517 2.24957848 0.74809304 1.93022441 1.67717494 5.09989697
 3.18823645 2.69770848 1.93191925 1.75577746]
[79/100] subhalo 2348982 done; total_formed=6.781e+00
Building SWIFTGalaxy for subhalo 41356 (soap_index=28819451)
Read masses: Nstars=11909, sum_current=1.539192e+10 Msun
DEBUG: sample z (first valid): [2.84330284 3.3050647  4.28771986 2.32602517 6.21285494 2.7842707
 4.70622551 4.18645141 2.38267782 2.34811485]
DEBUG: Planck15 ages (Gyr): [2.27978744 1.9262352  1.41754125 2.8226299  0.89048003 2.33268422
 1.26493583 1.45909876 2.75328005 2.79525206]
DEBUG: cosmo_colibre ages (Gyr): [2.2816042  1.92815357 1.41951722 2.82419774 0.89238075 2.33448164
 1.26690628 1.46107426 2.75488594 2.79683514]
DEBUG: us.look_back_time -> ages (Gyr): [2.2816042  1.92815357 1.41951722 2.82419774 0.89238075 2.33448165
 1.26690628 1.46107427 2.75488594 2.79683515]
[80/100] subhalo 41356 done; total_formed=2.599e+00
Building SWIFTGalaxy for subhalo 43286 (soap_index=28819456)
Read masses: Nstars=298889, sum_current=3.822324e+11 Msun
DEBUG: sample z (first valid): [0.3811009  0.3505894  0.34240066 0.34869937 2.09921498 0.33899967
 0.30935827 1.39392168 0.80222198 1.64770524]
DEBUG: Planck15 ages (Gyr): [ 9.54258302  9.80780101  9.88081769  9.82458362  3.13121143  9.9113769
 10.18365197  4.5517963   6.75999742  3.93816223]
DEBUG: cosmo_colibre ages (Gyr): [ 9.5303334   9.79456979  9.86731069  9.81128922  3.13258745  9.89775377
 10.16897593  4.5517919   6.75605189  3.93885764]
DEBUG: us.look_back_time -> ages (Gyr): [ 9.5303334   9.79456979  9.86731069  9.81128923  3.13258745  9.89775377
 10.16897593  4.55179191  6.75605189  3.93885764]
[81/100] subhalo 43286 done; total_formed=6.402e+01
Building SWIFTGalaxy for subhalo 124135 (soap_index=28819458)
Read masses: Nstars=37491, sum_current=5.485479e+10 Msun
DEBUG: sample z (first valid): [1.3496343  4.36213386 0.93824678 0.80420659 6.14756244 1.59527958
 1.20348329 0.72318048 2.328052   1.20778871]
DEBUG: Planck15 ages (Gyr): [4.67463984 1.3882391  6.12178182 6.7499561  0.9027068  4.05355142
 5.1200801  7.17942107 2.82009957 5.10600518]
DEBUG: cosmo_colibre ages (Gyr): [4.6744756  1.3902149  6.11921301 6.74603376 0.9046113  4.05412758
 5.11927929 7.17446296 2.82166883 5.10522586]
DEBUG: us.look_back_time -> ages (Gyr): [4.6744756  1.3902149  6.11921301 6.74603376 0.9046113  4.05412758
 5.11927929 7.17446296 2.82166883 5.10522587]
[82/100] subhalo 124135 done; total_formed=9.072e+00
Building SWIFTGalaxy for subhalo 127899 (soap_index=28819474)
Read masses: Nstars=8589, sum_current=1.125224e+10 Msun
DEBUG: sample z (first valid): [4.89936088 2.22678484 3.15811179 2.3331299  2.4605555  2.35119656
 3.37460784 2.6735426  2.5788554  2.29657948]
DEBUG: Planck15 ages (Gyr): [1.20346989 2.95123278 2.02833867 2.81377653 2.66241117 2.79146723
 1.88084141 2.4375295  2.53349154 2.85981464]
DEBUG: cosmo_colibre ages (Gyr): [1.20543472 2.95272516 2.03023266 2.81534933 2.66406414 2.79305239
 1.88276928 2.43928547 2.53520591 2.86136131]
DEBUG: us.look_back_time -> ages (Gyr): [1.20543473 2.95272516 2.03023267 2.81534933 2.66406414 2.79305239
 1.88276929 2.43928547 2.53520591 2.86136131]
[83/100] subhalo 127899 done; total_formed=1.891e+00
Building SWIFTGalaxy for subhalo 3701893 (soap_index=28819951)
Read masses: Nstars=23290, sum_current=3.123578e+10 Msun
DEBUG: sample z (first valid): [5.99647699 1.52080929 2.11749596 2.60801586 2.02259939 4.22407334
 3.03745688 1.69518013 2.05557628 1.65091821]
DEBUG: Planck15 ages (Gyr): [0.93209406 4.22711008 3.10433315 2.5032851  3.24810684 1.44342675
 2.11904129 3.83818469 3.19693323 3.93126362]
DEBUG: cosmo_colibre ages (Gyr): [0.93400717 4.2274962  3.10572735 2.50501294 3.24940049 1.44540253
 2.12091023 3.83897889 3.1982636  3.93196598]
DEBUG: us.look_back_time -> ages (Gyr): [0.93400717 4.22749621 3.10572735 2.50501294 3.24940049 1.44540253
 2.12091023 3.8389789  3.1982636  3.93196598]
[84/100] subhalo 3701893 done; total_formed=5.255e+00
Building SWIFTGalaxy for subhalo 6273928 (soap_index=28820151)
Read masses: Nstars=21755, sum_current=3.159865e+10 Msun
DEBUG: sample z (first valid): [1.33540019 1.61057999 1.1626188  1.10172535 1.92336515 1.34761427
 1.70073354 5.02519077 1.19816194 0.99246017]
DEBUG: Planck15 ages (Gyr): [4.71525273 4.01931597 5.25679722 5.47153559 3.41044791 4.68036926
 3.82675858 1.16604168 5.13756162 5.89326957]
DEBUG: cosmo_colibre ages (Gyr): [4.71503417 4.0199281  5.25578284 5.47016825 3.41161819 4.6801974
 3.82756381 1.16800207 5.13673397 5.89114592]
DEBUG: us.look_back_time -> ages (Gyr): [4.71503417 4.0199281  5.25578284 5.47016826 3.4116182  4.6801974
 3.82756381 1.16800208 5.13673398 5.89114592]
[85/100] subhalo 6273928 done; total_formed=5.266e+00
Building SWIFTGalaxy for subhalo 1222002 (soap_index=28877231)
Read masses: Nstars=33553, sum_current=4.650859e+10 Msun
DEBUG: sample z (first valid): [0.02521745 4.89936088 0.38953439 0.67491311 0.5553446  0.53336453
 0.54741216 0.22141047 0.32481604 2.04903694]
DEBUG: Planck15 ages (Gyr): [13.44023148  1.20346989  9.47113252  7.45550695  8.2132687   8.36516947
  8.26760718 11.05843753 10.04032145  3.20697588]
DEBUG: cosmo_colibre ages (Gyr): [13.41063867  1.20543472  9.4591419   7.44983549  8.20544899  8.35688578
  8.25962278 11.04016254 10.02620375  3.20829913]
DEBUG: us.look_back_time -> ages (Gyr): [13.41063867  1.20543473  9.4591419   7.4498355   8.20544899  8.35688579
  8.25962278 11.04016254 10.02620375  3.20829913]
[86/100] subhalo 1222002 done; total_formed=7.712e+00
Building SWIFTGalaxy for subhalo 606141 (soap_index=28901778)
Read masses: Nstars=59582, sum_current=9.013081e+10 Msun
DEBUG: sample z (first valid): [4.00465827 0.30176386 0.29160426 8.27811991 0.28703849 0.30011109
 0.58882855 5.65002537 0.27720611 0.34174105]
DEBUG: Planck15 ages (Gyr): [ 1.53896442 10.25516264 10.35197363  0.6102255  10.39591308 10.27082215
  7.98972001  1.00582526 10.49145899  9.88673371]
DEBUG: cosmo_colibre ages (Gyr): [ 1.5409368  10.24020466 10.33663044  0.61200109 10.38039371 10.25580214
  7.98256296  1.00775717 10.47555366  9.87320426]
DEBUG: us.look_back_time -> ages (Gyr): [ 1.5409368  10.24020466 10.33663044  0.6120011  10.38039371 10.25580215
  7.98256296  1.00775718 10.47555366  9.87320427]
[87/100] subhalo 606141 done; total_formed=1.467e+01
Building SWIFTGalaxy for subhalo 607377 (soap_index=28931355)
Read masses: Nstars=33645, sum_current=4.462473e+10 Msun
DEBUG: sample z (first valid): [3.22840183 4.18030195 6.42113011 4.52813159 0.75945017 2.36807483
 3.21968965 0.33289945 5.30821061 0.62555809]
DEBUG: Planck15 ages (Gyr): [1.97841279 1.46168724 0.85326012 1.32637732 6.98213086 2.77088638
 1.98449009 9.96653673 1.08857835 7.75490639]
DEBUG: cosmo_colibre ages (Gyr): [1.98031921 1.46366269 0.85514858 1.32835139 6.97765973 2.77248278
 1.98639505 9.95270293 1.09052697 7.74841939]
DEBUG: us.look_back_time -> ages (Gyr): [1.98031921 1.46366269 0.85514858 1.32835139 6.97765973 2.77248278
 1.98639506 9.95270293 1.09052697 7.74841939]
[88/100] subhalo 607377 done; total_formed=7.483e+00
Building SWIFTGalaxy for subhalo 600011 (soap_index=28939054)
Read masses: Nstars=38111, sum_current=5.326499e+10 Msun
DEBUG: sample z (first valid): [3.84447073 0.05901364 4.57326303 3.43050297 4.55060557 0.25538273
 0.91133924 0.38460238 9.29064929 1.04276541]
DEBUG: Planck15 ages (Gyr): [ 1.61553428 12.98130744  1.31034568  1.84562352  1.31835365 10.70811685
  6.24038374  9.51282177  0.52228527  5.6929699 ]
DEBUG: cosmo_colibre ages (Gyr): [ 1.61750098 12.95405369  1.31231899  1.84755821  1.32032736 10.69132193
  6.23757399  9.50068032  0.52400183  5.69121595]
DEBUG: us.look_back_time -> ages (Gyr): [ 1.61750098 12.95405369  1.31231899  1.84755821  1.32032737 10.69132193
  6.23757399  9.50068032  0.52400183  5.69121595]
[89/100] subhalo 600011 done; total_formed=8.809e+00
Building SWIFTGalaxy for subhalo 2350285 (soap_index=28942805)
Read masses: Nstars=20604, sum_current=2.658250e+10 Msun
DEBUG: sample z (first valid): [6.23515125 0.77124324 0.42382897 0.10800027 7.         3.43950684
 5.00806747 5.01413233 3.6377468  6.23515125]
DEBUG: Planck15 ages (Gyr): [ 0.88636769  6.91977363  9.18854969 12.35436564  0.76232083  1.84005243
  1.17102065  1.16925313  1.72410132  0.88636769]
DEBUG: cosmo_colibre ages (Gyr): [ 0.88826711  6.91545247  9.17756049 12.33019046  0.76417426  1.84198815
  1.17298168  1.17121394  1.72605566  0.88826711]
DEBUG: us.look_back_time -> ages (Gyr): [ 0.88826711  6.91545247  9.17756049 12.33019046  0.76417426  1.84198816
  1.17298168  1.17121394  1.72605566  0.88826711]
[90/100] subhalo 2350285 done; total_formed=4.452e+00
Building SWIFTGalaxy for subhalo 2338110 (soap_index=28954999)
Read masses: Nstars=61538, sum_current=8.338153e+10 Msun
DEBUG: sample z (first valid): [ 0.87954572  2.54363577 10.02649954  1.94120815  0.43066713  1.52703015
  1.02835036  1.46357417  0.83061453  2.33414733]
DEBUG: Planck15 ages (Gyr): [6.38520038 2.57078161 0.47078806 3.38029473 9.13369434 4.21215678
 5.74925924 4.36879725 6.61850758 2.8125124 ]
DEBUG: cosmo_colibre ages (Gyr): [6.38208724 2.57247887 0.47246389 3.38148871 9.12289527 4.21255979
 5.74740332 4.36901863 6.61488431 2.8140859 ]
DEBUG: us.look_back_time -> ages (Gyr): [6.38208724 2.57247887 0.4724639  3.38148872 9.12289527 4.21255979
 5.74740333 4.36901863 6.61488431 2.81408591]
[91/100] subhalo 2338110 done; total_formed=1.382e+01
Building SWIFTGalaxy for subhalo 2335248 (soap_index=28996507)
Read masses: Nstars=65004, sum_current=9.378106e+10 Msun
DEBUG: sample z (first valid): [0.96427287 0.99658786 1.03857161 4.10723192 2.17889018 0.9739759
 0.98859085 3.88418542 0.6017206  0.19477868]
DEBUG: Planck15 ages (Gyr): [ 6.01038134  5.87642049  5.70925654  1.49303669  3.01677134  5.96965905
  5.90913293  1.59597092  7.90609005 11.34468835]
DEBUG: cosmo_colibre ages (Gyr): [ 6.00803268  5.87432867  5.70747325  1.49501122  3.0182228   5.96738937
  5.90697919  1.59793931  7.8991747  11.32516663]
DEBUG: us.look_back_time -> ages (Gyr): [ 6.00803268  5.87432868  5.70747325  1.49501122  3.01822281  5.96738937
  5.90697919  1.59793932  7.8991747  11.32516663]
[92/100] subhalo 2335248 done; total_formed=1.542e+01
Building SWIFTGalaxy for subhalo 1239073 (soap_index=29017968)
Read masses: Nstars=14418, sum_current=1.896769e+10 Msun
DEBUG: sample z (first valid): [2.22424481 2.78514497 0.32814527 5.28281085 3.64234611 1.97863831
 3.81528288 4.04550004 2.38862461 4.11760112]
DEBUG: Planck15 ages (Gyr): [ 2.95464977  2.3318861  10.00983639  1.09517697  1.7215556   3.31843485
  1.63016681  1.52040039  2.74616274  1.48852042]
DEBUG: cosmo_colibre ages (Gyr): [2.95614006 2.33368383 9.99583628 1.09712674 1.72351028 3.31967634
 1.63213214 1.52237375 2.74777244 1.49049511]
DEBUG: us.look_back_time -> ages (Gyr): [2.95614006 2.33368383 9.99583628 1.09712674 1.72351029 3.31967634
 1.63213214 1.52237375 2.74777244 1.49049511]
[93/100] subhalo 1239073 done; total_formed=3.180e+00
Building SWIFTGalaxy for subhalo 129078 (soap_index=29064897)
Read masses: Nstars=26901, sum_current=3.369726e+10 Msun
DEBUG: sample z (first valid): [5.37261766 9.32225547 4.83995723 0.11364872 6.14756244 5.12543228
 1.59056052 6.21285494 1.11884901 1.47361667]
DEBUG: Planck15 ages (Gyr): [ 1.07213871  0.51988386  1.2218382  12.28484125  0.9027068   1.13758642
  4.06420572  0.89048003  5.40976594  4.3433886 ]
DEBUG: cosmo_colibre ages (Gyr): [ 1.07408437  0.52159863  1.22380492 12.26099881  0.9046113   1.13954291
  4.06477058  0.89238075  5.40850233  4.34364016]
DEBUG: us.look_back_time -> ages (Gyr): [ 1.07408437  0.52159863  1.22380493 12.26099881  0.9046113   1.13954291
  4.06477058  0.89238075  5.40850234  4.34364016]
[94/100] subhalo 129078 done; total_formed=5.686e+00
Building SWIFTGalaxy for subhalo 9032000 (soap_index=29108028)
Read masses: Nstars=185483, sum_current=2.392153e+11 Msun
DEBUG: sample z (first valid): [1.23702895 1.78001188 2.32130549 2.01842299 0.868187   1.79137916
 1.59980958 0.75323703 2.82803738 0.72845237]
DEBUG: Planck15 ages (Gyr): [5.01202228 3.6694746  2.8285365  3.25468316 6.438209   3.64778321
 4.04336635 7.01533194 2.29327542 7.15021685]
DEBUG: cosmo_colibre ages (Gyr): [5.01138417 3.67042608 2.83010101 3.25597201 6.43498228 3.64875406
 4.04395326 7.01078019 2.29508735 7.14533203]
DEBUG: us.look_back_time -> ages (Gyr): [5.01138417 3.67042608 2.83010101 3.25597201 6.43498228 3.64875406
 4.04395326 7.01078019 2.29508736 7.14533203]
[95/100] subhalo 9032000 done; total_formed=3.995e+01
Building SWIFTGalaxy for subhalo 524501 (soap_index=29162673)
Read masses: Nstars=13223, sum_current=1.708732e+10 Msun
DEBUG: sample z (first valid): [6.72830189 1.81125601 3.67080037 0.50408519 0.55934139 1.65930855
 1.84864818 5.37261766 4.27070935 1.83558325]
DEBUG: Planck15 ages (Gyr): [0.80288998 3.61035072 1.70594355 8.57414408 8.1860932  3.91334055
 3.54160288 1.07213871 1.42438374 3.56537985]
DEBUG: cosmo_colibre ages (Gyr): [0.80475998 3.61135454 1.70790031 8.56520406 8.17835533 3.91406088
 3.54266578 1.07408437 1.42635969 3.56642253]
DEBUG: us.look_back_time -> ages (Gyr): [0.80475998 3.61135454 1.70790031 8.56520406 8.17835534 3.91406088
 3.54266578 1.07408437 1.42635969 3.56642254]
[96/100] subhalo 524501 done; total_formed=2.861e+00
Building SWIFTGalaxy for subhalo 623001 (soap_index=29162694)
Read masses: Nstars=11460, sum_current=1.504984e+10 Msun
DEBUG: sample z (first valid): [8.41135923 2.0739212  6.12580189 2.38862461 0.90644636 1.92336515
 9.29064929 1.86684164 6.37602701 1.49375951]
DEBUG: Planck15 ages (Gyr): [0.59729499 3.16903288 0.90684381 2.74616274 6.2623354  3.41044791
 0.52228527 3.5089195  0.86109837 4.29313605]
DEBUG: cosmo_colibre ages (Gyr): [0.59906264 3.17038283 0.90874956 2.74777244 6.25948032 3.41161819
 0.52400183 3.51000981 0.86298951 4.29344648]
DEBUG: us.look_back_time -> ages (Gyr): [0.59906264 3.17038283 0.90874957 2.74777244 6.25948032 3.4116182
 0.52400183 3.51000981 0.86298951 4.29344649]
[97/100] subhalo 623001 done; total_formed=2.528e+00
Building SWIFTGalaxy for subhalo 132216 (soap_index=29175754)
Read masses: Nstars=28818, sum_current=4.087626e+10 Msun
DEBUG: sample z (first valid): [1.2245757  5.14553638 1.56440758 1.23352191 1.46338896 1.50903522
 1.19492263 1.66731787 1.79423552 1.89265537]
DEBUG: Planck15 ages (Gyr): [5.05170979 1.13201819 4.12408005 5.02314857 4.36926808 4.25564704
 5.14824975 3.89635449 3.64236535 3.46338182]
DEBUG: cosmo_colibre ages (Gyr): [5.05101255 1.13397386 4.12458054 5.02249396 4.36948889 4.25600069
 5.14740563 3.89709172 3.64334101 3.46450959]
DEBUG: us.look_back_time -> ages (Gyr): [5.05101255 1.13397386 4.12458054 5.02249396 4.36948889 4.25600069
 5.14740563 3.89709172 3.64334101 3.46450959]
[98/100] subhalo 132216 done; total_formed=6.831e+00
Building SWIFTGalaxy for subhalo 106524 (soap_index=29192647)
Read masses: Nstars=28227, sum_current=3.903954e+10 Msun
DEBUG: sample z (first valid): [4.34072203e+00 7.87300298e+00 1.09313318e+00 2.11565481e-01
 3.61588964e-01 1.22327938e-02 4.25465042e+00 2.46404003e-02
 2.01822519e-03 7.98858147e-01]
DEBUG: Planck15 ages (Gyr): [ 1.39656682  0.65254505  5.50295089 11.16303694  9.71095711 13.62261083
  1.43089387 13.44826365 13.76852682  6.77706984]
DEBUG: cosmo_colibre ages (Gyr): [ 1.39854271  0.65434507  5.5015301  11.14431022  9.698088   13.59206928
  1.43286977 13.41862929 13.73721858  6.77308477]
DEBUG: us.look_back_time -> ages (Gyr): [ 1.39854271  0.65434508  5.5015301  11.14431023  9.698088   13.59206928
  1.43286977 13.41862929 13.73721858  6.77308477]
[99/100] subhalo 106524 done; total_formed=6.447e+00
Building SWIFTGalaxy for subhalo 1235500 (soap_index=29237686)
Read masses: Nstars=16507, sum_current=2.174387e+10 Msun
DEBUG: sample z (first valid): [ 1.20555967  3.795551    1.32035123  0.22855429  9.87102928  1.14914409
 10.64773838  5.16229431 10.16171336  7.06547289]
DEBUG: Planck15 ages (Gyr): [ 5.11328448  1.64018367  4.7588078  10.98341577  0.48094515  5.30315173
  0.43354936  1.12741125  0.46224087  0.75305219]
DEBUG: cosmo_colibre ages (Gyr): [ 5.11249406  1.64214801  4.75853015 10.96546201  0.48262943  5.30206298
  0.43519235  1.12936622  0.46390944  0.75490161]
DEBUG: us.look_back_time -> ages (Gyr): [ 5.11249406  1.64214801  4.75853015 10.96546201  0.48262943  5.30206298
  0.43519235  1.12936622  0.46390945  0.75490161]
[100/100] subhalo 1235500 done; total_formed=3.636e+00
All halos processed. Writing CSV.
Wrote relicness_extras_900_1000.csv (100 rows) in 8409.3s
