Task 2: rendering galaxies 69 to 78
Using PARTRIDGE at: /home/mzemsch/COLIBRE-analysis/PARTRIDGE
Found 267 relic IDs in z0_relics_trackids.csv using column 'track_id'
Rendering IDs in range [69, 79) -> 10 galaxies
[1/10] Rendering halo 17559
Calculating stellar luminosities from FSPS tables.
Luminosity generation for all bands done. Time taken: 31.304 s (read-in time: 29.534 s).
Loaded in and pre-processed the data. Total pre-processing time taken: 326.856 s.
Generated star smoothing lengths. Time taken: 11.105 s.
Rendered the stars onto the grid. Time taken: 211.843 s.
Rendered the dust onto the grid. Time taken: 212.951 s.
Computed the projected luminosity maps. Total time taken: 431.575 s.
Created the RGB image.
Created the RGB image.
Done! Total time taken: 769.613 s.
[2/10] Rendering halo 17910
Calculating stellar luminosities from FSPS tables.
Luminosity generation for all bands done. Time taken: 17.226 s (read-in time: 16.014 s).
Loaded in and pre-processed the data. Total pre-processing time taken: 218.949 s.
Generated star smoothing lengths. Time taken: 6.945 s.
Rendered the stars onto the grid. Time taken: 271.005 s.
Rendered the dust onto the grid. Time taken: 192.131 s.
Computed the projected luminosity maps. Total time taken: 470.272 s.
Created the RGB image.
Created the RGB image.
Done! Total time taken: 696.240 s.
[3/10] Rendering halo 18005
Calculating stellar luminosities from FSPS tables.
Luminosity generation for all bands done. Time taken: 18.022 s (read-in time: 16.177 s).
Loaded in and pre-processed the data. Total pre-processing time taken: 218.008 s.
Generated star smoothing lengths. Time taken: 9.105 s.
Rendered the stars onto the grid. Time taken: 497.152 s.
Rendered the dust onto the grid. Time taken: 179.261 s.
Computed the projected luminosity maps. Total time taken: 685.070 s.
Created the RGB image.
Created the RGB image.
Done! Total time taken: 912.286 s.
[4/10] Rendering halo 18413
Calculating stellar luminosities from FSPS tables.
Luminosity generation for all bands done. Time taken: 16.925 s (read-in time: 16.286 s).
Loaded in and pre-processed the data. Total pre-processing time taken: 220.726 s.
Generated star smoothing lengths. Time taken: 3.547 s.
Rendered the stars onto the grid. Time taken: 235.698 s.
Rendered the dust onto the grid. Time taken: 225.331 s.
Computed the projected luminosity maps. Total time taken: 467.944 s.
Created the RGB image.
Created the RGB image.
Done! Total time taken: 692.305 s.
[5/10] Rendering halo 458677
Calculating stellar luminosities from FSPS tables.
Luminosity generation for all bands done. Time taken: 32.181 s (read-in time: 31.653 s).
Loaded in and pre-processed the data. Total pre-processing time taken: 325.890 s.
Generated star smoothing lengths. Time taken: 3.491 s.
Rendered the stars onto the grid. Time taken: 203.514 s.
Rendered the dust onto the grid. Time taken: 169.314 s.
Computed the projected luminosity maps. Total time taken: 380.041 s.
Created the RGB image.
Created the RGB image.
Done! Total time taken: 709.514 s.
[6/10] Rendering halo 943990
Calculating stellar luminosities from FSPS tables.
Luminosity generation for all bands done. Time taken: 31.499 s (read-in time: 27.676 s).
Loaded in and pre-processed the data. Total pre-processing time taken: 342.006 s.
Generated star smoothing lengths. Time taken: 17.932 s.
Rendered the stars onto the grid. Time taken: 387.912 s.
Rendered the dust onto the grid. Time taken: 132.791 s.
Computed the projected luminosity maps. Total time taken: 527.699 s.
Created the RGB image.
Created the RGB image.
Done! Total time taken: 887.778 s.
[7/10] Rendering halo 1817624
Calculating stellar luminosities from FSPS tables.
Luminosity generation for all bands done. Time taken: 19.343 s (read-in time: 17.740 s).
Loaded in and pre-processed the data. Total pre-processing time taken: 198.433 s.
Generated star smoothing lengths. Time taken: 8.335 s.
Rendered the stars onto the grid. Time taken: 347.693 s.
Rendered the dust onto the grid. Time taken: 146.880 s.
Computed the projected luminosity maps. Total time taken: 501.278 s.
Created the RGB image.
Created the RGB image.
Done! Total time taken: 708.116 s.
[8/10] Rendering halo 1852695
Calculating stellar luminosities from FSPS tables.
Luminosity generation for all bands done. Time taken: 24.889 s (read-in time: 24.343 s).
Loaded in and pre-processed the data. Total pre-processing time taken: 276.915 s.
Generated star smoothing lengths. Time taken: 3.014 s.
Rendered the stars onto the grid. Time taken: 259.899 s.
Rendered the dust onto the grid. Time taken: 122.505 s.
Computed the projected luminosity maps. Total time taken: 389.208 s.
Created the RGB image.
Created the RGB image.
Done! Total time taken: 669.215 s.
[9/10] Rendering halo 1870301
Calculating stellar luminosities from FSPS tables.
Luminosity generation for all bands done. Time taken: 15.268 s (read-in time: 14.807 s).
Loaded in and pre-processed the data. Total pre-processing time taken: 182.092 s.
Generated star smoothing lengths. Time taken: 2.542 s.
Rendered the stars onto the grid. Time taken: 220.590 s.
Rendered the dust onto the grid. Time taken: 130.891 s.
Computed the projected luminosity maps. Total time taken: 358.207 s.
Created the RGB image.
Created the RGB image.
Done! Total time taken: 542.936 s.
[10/10] Rendering halo 3299260
Calculating stellar luminosities from FSPS tables.
Luminosity generation for all bands done. Time taken: 16.131 s (read-in time: 14.833 s).
Loaded in and pre-processed the data. Total pre-processing time taken: 183.066 s.
Generated star smoothing lengths. Time taken: 6.517 s.
Rendered the stars onto the grid. Time taken: 388.582 s.
Rendered the dust onto the grid. Time taken: 129.404 s.
Computed the projected luminosity maps. Total time taken: 524.950 s.
Created the RGB image.
Created the RGB image.
Done! Total time taken: 714.603 s.
Done.
