Starting pure-swift relicness script
Loaded SOAP mapping for 91142867 halos
Batch mode: processing 100 halos (slice 1400:1500)
Building SWIFTGalaxy for subhalo 566456 (soap_index=41896634)
Read masses: Nstars=6679, sum_current=8.875130e+09 Msun
DEBUG: sample z (first valid): [1.84074556 3.19135329 2.08404706 1.99059962 1.94649762 2.22583186
 1.97107625 2.92243237 1.87010598 1.7731889 ]
DEBUG: Planck15 ages (Gyr): [3.55595399 2.00447143 3.15380266 3.29905509 3.37143938 2.95251402
 3.33078292 2.21192135 3.50310725 3.6825952 ]
DEBUG: cosmo_colibre ages (Gyr): [3.55700471 2.00637149 3.15516318 3.30031115 3.37264026 2.95400562
 3.33201505 2.21376134 3.50420239 3.68353487]
DEBUG: us.look_back_time -> ages (Gyr): [3.55700472 2.00637149 3.15516318 3.30031115 3.37264026 2.95400562
 3.33201505 2.21376135 3.50420239 3.68353487]
[1/100] subhalo 566456 done; total_formed=1.491e+00
Building SWIFTGalaxy for subhalo 2237941 (soap_index=41911816)
Read masses: Nstars=27560, sum_current=3.983777e+10 Msun
DEBUG: sample z (first valid): [2.52344086 2.70009033 1.38053033 1.06881748 1.27856199 2.54900899
 2.78733241 0.46560515 1.67821823 1.2115138 ]
DEBUG: Planck15 ages (Gyr): [2.59257276 2.4116943  4.58839025 5.59341583 4.88318657 2.56503437
 2.32989117 8.86085323 3.87342816 5.09387697]
DEBUG: cosmo_colibre ages (Gyr): [2.59425978 2.41346087 4.58833894 5.59183856 4.88273549 2.56673431
 2.33168964 8.85097903 3.87418801 5.09311611]
DEBUG: us.look_back_time -> ages (Gyr): [2.59425978 2.41346087 4.58833894 5.59183856 4.88273549 2.56673431
 2.33168964 8.85097903 3.87418802 5.09311611]
[2/100] subhalo 2237941 done; total_formed=6.626e+00
Building SWIFTGalaxy for subhalo 575272 (soap_index=41940585)
Read masses: Nstars=27032, sum_current=3.633352e+10 Msun
DEBUG: sample z (first valid): [5.69759836 0.71452491 2.59969241 1.52177928 0.29753702 4.4832664
 0.3410821  2.10862347 6.59661528 0.28180253]
DEBUG: Planck15 ages (Gyr): [ 0.99513666  7.22776757  2.51184644  4.22477285 10.29527993  1.34263952
  9.8926491   3.11733095  0.82386245 10.44663575]
DEBUG: cosmo_colibre ages (Gyr): [ 0.99706609  7.22268722  2.5135705   4.22516162 10.28016282  1.34461423
  9.87909719  3.11871639  0.82574041 10.43091197]
DEBUG: us.look_back_time -> ages (Gyr): [ 0.99706609  7.22268723  2.5135705   4.22516163 10.28016282  1.34461423
  9.87909719  3.11871639  0.82574041 10.43091197]
[3/100] subhalo 575272 done; total_formed=6.022e+00
Building SWIFTGalaxy for subhalo 1192406 (soap_index=41994826)
Read masses: Nstars=31489, sum_current=4.521207e+10 Msun
DEBUG: sample z (first valid): [ 3.01077111  1.79924825  3.68985258  0.58882855  5.23202739 11.00842877
  3.23687613  4.91106702  6.08267589  1.81366993]
DEBUG: Planck15 ages (Gyr): [2.14000894 3.63288891 1.69562069 7.98972001 1.10857096 0.414117
 1.97253087 1.19990424 0.91513642 3.60584728]
DEBUG: cosmo_colibre ages (Gyr): [2.14187163 3.63387295 1.69757875 7.98256296 1.11052296 0.41574158
 1.97443869 1.20186869 0.91704465 3.60685503]
DEBUG: us.look_back_time -> ages (Gyr): [2.14187163 3.63387295 1.69757876 7.98256296 1.11052297 0.41574158
 1.97443869 1.20186869 0.91704465 3.60685504]
[4/100] subhalo 1192406 done; total_formed=7.456e+00
Building SWIFTGalaxy for subhalo 124281 (soap_index=42011706)
Read masses: Nstars=23832, sum_current=3.463656e+10 Msun
DEBUG: sample z (first valid): [0.28240451 0.79295251 6.86274745 6.19859402 5.7181958  2.57963732
 4.6819837  0.23012238 1.59445764 0.0246404 ]
DEBUG: Planck15 ages (Gyr): [10.44078599  6.80720412  0.78237796  0.89312697  0.99056727  2.53267376
  1.2730186  10.96704616  4.05540388 13.44826365]
DEBUG: cosmo_colibre ages (Gyr): [10.42508584  6.80314891  0.78423978  0.89502852  0.99249561  2.5343885
  1.27498964 10.94916219  4.05597808 13.41862929]
DEBUG: us.look_back_time -> ages (Gyr): [10.42508584  6.80314891  0.78423978  0.89502852  0.99249561  2.5343885
  1.27498964 10.94916219  4.05597808 13.41862929]
[5/100] subhalo 124281 done; total_formed=5.704e+00
Building SWIFTGalaxy for subhalo 1170842 (soap_index=42014802)
Read masses: Nstars=18066, sum_current=2.438217e+10 Msun
DEBUG: sample z (first valid): [2.78165032 3.29744262 1.24669181 1.12200492 1.72680369 3.20695853
 0.08409978 2.11157535 3.69926861 0.03512762]
DEBUG: Planck15 ages (Gyr): [ 2.33507905  1.93132052  4.98156838  5.39850208  3.77384892  1.99342652
 12.65478457  3.11299672  1.69055703 13.30333042]
DEBUG: cosmo_colibre ages (Gyr): [ 2.33687558  1.93323777  4.98097517  5.3972572   3.77470449  1.9953293
 12.6291515   3.11438508  1.69251572 13.27444269]
DEBUG: us.look_back_time -> ages (Gyr): [ 2.33687558  1.93323777  4.98097517  5.3972572   3.77470449  1.99532931
 12.6291515   3.11438508  1.69251572 13.27444269]
[6/100] subhalo 1170842 done; total_formed=4.035e+00
Building SWIFTGalaxy for subhalo 19216711 (soap_index=42095485)
Read masses: Nstars=64891, sum_current=9.125391e+10 Msun
DEBUG: sample z (first valid): [4.06578032 1.67079632 1.63705134 1.41616281 1.90547969 3.38573245
 4.25465042 6.49668268 3.17719421 1.37157125]
DEBUG: Planck15 ages (Gyr): [1.51131974 3.88901458 3.96117804 4.49204438 3.44111513 1.87374398
 1.43089387 0.84039302 2.01458056 4.61313637]
DEBUG: cosmo_colibre ages (Gyr): [1.51329352 3.88975907 3.96185011 4.49211533 3.44226093 1.87567327
 1.43286977 0.84227697 2.01647807 4.61305299]
DEBUG: us.look_back_time -> ages (Gyr): [1.51329353 3.88975907 3.96185011 4.49211533 3.44226093 1.87567327
 1.43286977 0.84227698 2.01647808 4.613053  ]
[7/100] subhalo 19216711 done; total_formed=1.510e+01
Building SWIFTGalaxy for subhalo 3821 (soap_index=42123071)
Read masses: Nstars=27140, sum_current=3.490687e+10 Msun
DEBUG: sample z (first valid): [4.52533513 2.58512035 2.82580269 1.1743862  4.96541052 2.33143554
 2.45035274 2.21854435 2.17642497 3.02258777]
DEBUG: Planck15 ages (Gyr): [1.32738138 2.52695146 2.29526096 5.2168393  1.18357875 2.81588376
 2.6740335  2.96234201 3.02020907 2.13068225]
DEBUG: cosmo_colibre ages (Gyr): [1.32935549 2.52866878 2.29707217 5.21588823 1.18554133 2.81745538
 2.67568062 2.96382757 3.02165834 2.13254774]
DEBUG: us.look_back_time -> ages (Gyr): [1.3293555  2.52866878 2.29707217 5.21588823 1.18554133 2.81745539
 2.67568063 2.96382757 3.02165835 2.13254774]
[8/100] subhalo 3821 done; total_formed=5.889e+00
Building SWIFTGalaxy for subhalo 4052 (soap_index=42123072)
Read masses: Nstars=16026, sum_current=2.187057e+10 Msun
DEBUG: sample z (first valid): [4.47364904 3.71719571 4.25802311 1.88577719 2.32298955 3.73868402
 1.64578119 3.13319879 2.2527298  1.56681811]
DEBUG: Planck15 ages (Gyr): [1.34616859 1.68098529 1.42952252 3.47542112 2.8264266  1.66962984
 3.94230276 2.04653554 2.91669756 4.11850198]
DEBUG: cosmo_colibre ages (Gyr): [1.34814342 1.68294514 1.43149844 3.47653907 2.8279923  1.67159101
 3.94299398 2.04842477 2.91821082 4.11900854]
DEBUG: us.look_back_time -> ages (Gyr): [1.34814342 1.68294514 1.43149844 3.47653907 2.82799231 1.67159101
 3.94299399 2.04842477 2.91821083 4.11900854]
[9/100] subhalo 4052 done; total_formed=3.675e+00
Building SWIFTGalaxy for subhalo 3831 (soap_index=42129518)
Read masses: Nstars=17027, sum_current=2.183587e+10 Msun
DEBUG: sample z (first valid): [1.20096722 5.35346583 1.15465544 1.07405532 1.0651667  2.91212989
 3.44522824 3.94648653 5.80045657 2.88246445]
DEBUG: Planck15 ages (Gyr): [5.128334   1.07698384 5.28411405 5.57373146 5.60720075 2.22056747
 1.83652678 1.56606196 0.97266118 2.24577741]
DEBUG: cosmo_colibre ages (Gyr): [5.12752053 1.07893039 5.28305596 5.57218857 5.6055993  2.2224046
 1.83846315 1.56803263 0.97458512 2.24760603]
DEBUG: us.look_back_time -> ages (Gyr): [5.12752054 1.07893039 5.28305596 5.57218857 5.6055993  2.2224046
 1.83846316 1.56803263 0.97458513 2.24760603]
[10/100] subhalo 3831 done; total_formed=3.684e+00
Building SWIFTGalaxy for subhalo 38046 (soap_index=42129520)
Read masses: Nstars=58970, sum_current=7.719922e+10 Msun
DEBUG: sample z (first valid): [1.41402682 0.32075776 5.33381657 2.27385353 1.73112185 1.38486172
 1.4324846  2.45726947 1.36677501 0.94862036]
DEBUG: Planck15 ages (Gyr): [ 4.49772805 10.07766569  1.08199272  2.88906604  3.76519967  4.57650261
  4.44899173  2.66614533  4.62647221  6.07699542]
DEBUG: cosmo_colibre ages (Gyr): [ 4.4977919  10.06340339  1.08394017  2.89059569  3.76606336  4.5764666
  4.44911598  2.66779643  4.62637145  6.07451583]
DEBUG: us.look_back_time -> ages (Gyr): [ 4.4977919  10.06340339  1.08394018  2.89059569  3.76606336  4.57646661
  4.44911598  2.66779644  4.62637145  6.07451583]
[11/100] subhalo 38046 done; total_formed=1.294e+01
Building SWIFTGalaxy for subhalo 585251 (soap_index=42141511)
Read masses: Nstars=19630, sum_current=2.599085e+10 Msun
DEBUG: sample z (first valid): [3.90392098 3.64234611 2.73552212 5.03240059 5.66354855 1.24499863
 6.06816221 1.23032943 5.98231408 1.71865925]
DEBUG: Planck15 ages (Gyr): [1.58639473 1.7215556  2.37790933 1.16395577 1.00276756 4.98688334
 0.91795561 5.03331117 0.93493024 3.79025013]
DEBUG: cosmo_colibre ages (Gyr): [1.5883639  1.72351028 2.37968939 1.1659159  1.00469878 4.98628232
 0.91986466 5.03264143 0.93684414 3.79109022]
DEBUG: us.look_back_time -> ages (Gyr): [1.5883639  1.72351029 2.37968939 1.1659159  1.00469878 4.98628233
 0.91986466 5.03264143 0.93684415 3.79109022]
[12/100] subhalo 585251 done; total_formed=4.315e+00
Building SWIFTGalaxy for subhalo 4041 (soap_index=42149662)
Read masses: Nstars=244148, sum_current=3.090314e+11 Msun
DEBUG: sample z (first valid): [6.96790274 5.23202739 2.08811611 1.98297679 1.13876379 1.35724049
 1.89188951 1.2353503  1.1519669  1.99305809]
DEBUG: Planck15 ages (Gyr): [0.76693415 1.10857096 3.14771611 3.31138421 5.3393045  4.65316684
 3.46471899 5.017343   5.29338744 3.29509473]
DEBUG: cosmo_colibre ages (Gyr): [0.76878955 1.11052296 3.14908082 3.31263102 5.33815704 4.65303102
 3.46584567 5.01669701 5.29231444 3.29635374]
DEBUG: us.look_back_time -> ages (Gyr): [0.76878955 1.11052297 3.14908082 3.31263102 5.33815704 4.65303102
 3.46584568 5.01669701 5.29231444 3.29635375]
[13/100] subhalo 4041 done; total_formed=5.132e+01
Building SWIFTGalaxy for subhalo 584730 (soap_index=42181476)
Read masses: Nstars=16870, sum_current=2.316057e+10 Msun
DEBUG: sample z (first valid): [3.02728446 5.4503937  5.09410452 4.01461474 0.31208457 0.54274953
 3.49399986 0.98907369 0.60015627 0.2541335 ]
DEBUG: Planck15 ages (Gyr): [ 2.12699385  1.05282954  1.1463544   1.53440436 10.15815726  8.29979944
  1.80692082  5.90714973  7.91616708 10.7207139 ]
DEBUG: cosmo_colibre ages (Gyr): [ 2.12886044  1.05477149  1.14831214  1.53637699 10.14358119  8.29171678
  1.80886242  5.90499975  7.90922279 10.70386664]
DEBUG: us.look_back_time -> ages (Gyr): [ 2.12886044  1.05477149  1.14831215  1.53637699 10.14358119  8.29171679
  1.80886243  5.90499975  7.90922279 10.70386664]
[14/100] subhalo 584730 done; total_formed=3.824e+00
Building SWIFTGalaxy for subhalo 1229581 (soap_index=42200024)
Read masses: Nstars=261850, sum_current=3.380419e+11 Msun
DEBUG: sample z (first valid): [1.21450294 0.11025276 0.30612245 0.04783832 0.2857255  0.26948706
 0.27531719 0.27720611 0.22268657 0.11706552]
DEBUG: Planck15 ages (Gyr): [ 5.08417799 12.32657413 10.2140323  13.13059002 10.40859898 10.56736188
 10.50996    10.49145899 11.04498252 12.2430538 ]
DEBUG: cosmo_colibre ages (Gyr): [ 5.08343183 12.30253217 10.19923675 13.10258313 10.39302859 10.55114717
 10.49397949 10.47555366 11.02676531 12.2194105 ]
DEBUG: us.look_back_time -> ages (Gyr): [ 5.08343183 12.30253217 10.19923676 13.10258313 10.39302859 10.55114717
 10.49397949 10.47555366 11.02676531 12.2194105 ]
[15/100] subhalo 1229581 done; total_formed=5.655e+01
Building SWIFTGalaxy for subhalo 287906 (soap_index=42237908)
Read masses: Nstars=35559, sum_current=4.847233e+10 Msun
DEBUG: sample z (first valid): [0.21895692 5.18147519 5.54313099 7.48527222 7.48527222 4.28644027
 3.17719421 0.94862036 0.54274953 0.50367107]
DEBUG: Planck15 ages (Gyr): [11.08437355  1.12217629  1.03055007  0.69782575  0.69782575  1.41805407
  2.01458056  6.07699542  8.29979944  8.57715555]
DEBUG: cosmo_colibre ages (Gyr): [11.06598696  1.12413046  1.03248745  0.69964943  0.69964943  1.42003004
  2.01647807  6.07451583  8.29171678  8.56820593]
DEBUG: us.look_back_time -> ages (Gyr): [11.06598696  1.12413046  1.03248745  0.69964943  0.69964943  1.42003004
  2.01647808  6.07451583  8.29171679  8.56820593]
[16/100] subhalo 287906 done; total_formed=8.075e+00
Building SWIFTGalaxy for subhalo 6826338 (soap_index=42237937)
Read masses: Nstars=15219, sum_current=2.137447e+10 Msun
DEBUG: sample z (first valid): [0.72408713 0.07091967 0.56320962 0.58559954 1.06152878 5.4503937
 2.75091575 3.13920293 6.1694563  0.82409263]
DEBUG: Planck15 ages (Gyr): [ 7.17438557 12.82487677  8.15992048  8.01087568  5.62099046  1.05282954
  2.36347335  2.04212542  0.898576    6.65060053]
DEBUG: cosmo_colibre ages (Gyr): [ 7.16944013 12.79840408  8.1522611   8.00365696  5.61936472  1.05477149
  2.36525904  2.04401581  0.90047923  6.64690501]
DEBUG: us.look_back_time -> ages (Gyr): [ 7.16944013 12.79840408  8.1522611   8.00365696  5.61936472  1.05477149
  2.36525904  2.04401582  0.90047923  6.64690501]
[17/100] subhalo 6826338 done; total_formed=3.486e+00
Building SWIFTGalaxy for subhalo 5064502 (soap_index=42247530)
Read masses: Nstars=50757, sum_current=6.761196e+10 Msun
DEBUG: sample z (first valid): [3.8248546  9.76124795 0.60501567 1.55282019 4.58466127 2.85914498
 0.95653212 0.53178758 0.2532701  0.22699019]
DEBUG: Planck15 ages (Gyr): [ 1.62534418  0.48833884  7.88492738  4.15106461  1.30634758  2.26592766
  6.04318092  8.37622924 10.72943275 10.9997787 ]
DEBUG: cosmo_colibre ages (Gyr): [ 1.62730997  0.49002913  7.87807267  4.15153559  1.30832069  2.26774931
  6.04076805  8.36791134 10.71254923 10.98175508]
DEBUG: us.look_back_time -> ages (Gyr): [ 1.62730997  0.49002913  7.87807267  4.15153559  1.30832069  2.26774931
  6.04076805  8.36791134 10.71254923 10.98175508]
[18/100] subhalo 5064502 done; total_formed=1.127e+01
Building SWIFTGalaxy for subhalo 285835 (soap_index=42255796)
Read masses: Nstars=47580, sum_current=6.417525e+10 Msun
DEBUG: sample z (first valid): [4.97138952 6.4362873  3.87401458 0.39950457 0.89673536 7.87300298
 0.63219765 0.3369237  0.60990469 0.36647206]
DEBUG: Planck15 ages (Gyr): [1.18180511 0.8506526  1.60094352 9.38767349 6.30626124 0.65254505
 7.71357622 9.93009821 7.85368519 9.66841309]
DEBUG: cosmo_colibre ages (Gyr): [1.18376747 0.85254016 1.60291151 9.37598244 6.30331473 0.65434507
 7.70720439 9.91640374 7.84691958 9.65570172]
DEBUG: us.look_back_time -> ages (Gyr): [1.18376747 0.85254016 1.60291151 9.37598244 6.30331474 0.65434508
 7.70720439 9.91640374 7.84691958 9.65570172]
[19/100] subhalo 285835 done; total_formed=1.071e+01
Building SWIFTGalaxy for subhalo 612221 (soap_index=42380330)
Read masses: Nstars=18473, sum_current=2.473693e+10 Msun
DEBUG: sample z (first valid): [4.46133333 0.60015627 0.80202376 1.57104747 0.35741508 5.38565722
 7.64191996 8.52627371 0.23419962 0.23643499]
DEBUG: Planck15 ages (Gyr): [ 1.35071033  7.91616708  6.76100161  4.10874448  9.74753989  1.06886057
  0.67892094  0.58650443 10.9246469  10.90150135]
DEBUG: cosmo_colibre ages (Gyr): [ 1.3526853   7.90922279  6.75705375  4.1092616   9.73453449  1.07080562
  0.68073504  0.58826526 10.90694316 10.88389569]
DEBUG: us.look_back_time -> ages (Gyr): [ 1.35268531  7.90922279  6.75705376  4.1092616   9.73453449  1.07080562
  0.68073504  0.58826526 10.90694316 10.88389569]
[20/100] subhalo 612221 done; total_formed=4.139e+00
Building SWIFTGalaxy for subhalo 1240801 (soap_index=42409358)
Read masses: Nstars=31602, sum_current=4.388123e+10 Msun
DEBUG: sample z (first valid): [3.04968176 1.9667723  1.00366883 6.03251422 5.00806747 0.2465003
 1.62901155 1.62227913 1.90702626 1.39830198]
DEBUG: Planck15 ages (Gyr): [ 2.1095489   3.33784434  5.84769176  0.92494157  1.17102065 10.79815192
  3.97869097  3.99345263  3.43844561  4.53992793]
DEBUG: cosmo_colibre ages (Gyr): [ 2.11142061  3.3390711   5.84565392  0.92685264  1.17298168 10.78098148
  3.97934514  3.9940916   3.43959355  4.53993863]
DEBUG: us.look_back_time -> ages (Gyr): [ 2.11142061  3.3390711   5.84565392  0.92685265  1.17298168 10.78098148
  3.97934514  3.9940916   3.43959355  4.53993863]
[21/100] subhalo 1240801 done; total_formed=7.333e+00
Building SWIFTGalaxy for subhalo 289708 (soap_index=42456024)
Read masses: Nstars=161873, sum_current=2.191745e+11 Msun
DEBUG: sample z (first valid): [1.03867538e-03 1.58730159e-02 6.15458515e+00 3.42400655e-01
 1.17988292e+00 7.28087754e-01 9.01578459e-01 3.44383359e-01
 6.71529994e-02 6.72920331e-02]
DEBUG: Planck15 ages (Gyr): [13.78263454 13.57113312  0.90137836  9.88081769  5.19833927  7.15223081
  6.28429462  9.86306576 12.87407794 12.87225713]
DEBUG: cosmo_colibre ages (Gyr): [13.75125182 13.54086044  0.90328246  9.86731069  5.19741726  7.14734094
  6.28139395  9.84962603 12.8473605  12.84554876]
DEBUG: us.look_back_time -> ages (Gyr): [13.75125182 13.54086044  0.90328246  9.86731069  5.19741727  7.14734094
  6.28139395  9.84962603 12.8473605  12.84554876]
[22/100] subhalo 289708 done; total_formed=3.620e+01
Building SWIFTGalaxy for subhalo 290455 (soap_index=42458132)
Read masses: Nstars=89269, sum_current=1.230407e+11 Msun
DEBUG: sample z (first valid): [0.41265735 1.37466483 0.65211253 0.41730104 4.74423701 5.0754612
 3.68482379 0.15976499 2.35291108 0.59610326]
DEBUG: Planck15 ages (Gyr): [ 9.27922079  4.60456738  7.59159533  9.24137196  1.25243222  1.15162567
  1.69833532 11.73741772  2.78936517  7.94236598]
DEBUG: cosmo_colibre ages (Gyr): [ 9.26791427  4.60449515  7.58555858  9.23019836  1.25440169  1.15358414
  1.70029305 11.71613241  2.79095149  7.9353462 ]
DEBUG: us.look_back_time -> ages (Gyr): [ 9.26791427  4.60449515  7.58555858  9.23019837  1.2544017   1.15358415
  1.70029305 11.71613241  2.79095149  7.9353462 ]
[23/100] subhalo 290455 done; total_formed=2.032e+01
Building SWIFTGalaxy for subhalo 130911 (soap_index=42462205)
Read masses: Nstars=28269, sum_current=3.761085e+10 Msun
DEBUG: sample z (first valid): [3.48017501 0.79570364 3.71346375 2.63483084 8.12884803 1.13236155
 0.08899967 1.15027233 2.67560292 1.97863831]
DEBUG: Planck15 ages (Gyr): [ 1.81523234  6.79314044  1.68297047  2.47602762  0.62527383  5.36179736
 12.59236112  5.29924567  2.4355082   3.31843485]
DEBUG: cosmo_colibre ages (Gyr): [ 1.81717251  6.78911802  1.68493008  2.47776732  0.62705838  5.36061308
 12.56703363  5.29816322  2.43726501  3.31967634]
DEBUG: us.look_back_time -> ages (Gyr): [ 1.81717251  6.78911802  1.68493008  2.47776733  0.62705839  5.36061308
 12.56703363  5.29816323  2.43726502  3.31967634]
[24/100] subhalo 130911 done; total_formed=6.298e+00
Building SWIFTGalaxy for subhalo 1247657 (soap_index=42463044)
Read masses: Nstars=11416, sum_current=1.461923e+10 Msun
DEBUG: sample z (first valid): [6.58869847 4.6760783  2.53293801 0.23392077 2.31391586 4.92174934
 3.36790189 3.53976171 4.79246951 4.59610622]
DEBUG: Planck15 ages (Gyr): [ 0.82515225  1.27500058  2.58228727 10.92753917  2.83782531  1.19666572
  1.88514126  1.77985297  1.23685924  1.30235342]
DEBUG: cosmo_colibre ages (Gyr): [ 0.82703069  1.27697176  2.58397915 10.90982316  2.83938456  1.19862981
  1.88706827  1.78179905  1.23882738  1.30432631]
DEBUG: us.look_back_time -> ages (Gyr): [ 0.82703069  1.27697176  2.58397915 10.90982316  2.83938457  1.19862981
  1.88706827  1.78179905  1.23882738  1.30432632]
[25/100] subhalo 1247657 done; total_formed=2.460e+00
Building SWIFTGalaxy for subhalo 288925 (soap_index=42480960)
Read masses: Nstars=63508, sum_current=8.337806e+10 Msun
DEBUG: sample z (first valid): [4.57326303 6.02497588 5.11914099 1.64514046 3.04768081 3.12227953
 0.25538273 3.57206642 1.75477091 0.25605642]
DEBUG: Planck15 ages (Gyr): [ 1.31034568  0.92643018  1.13933827  3.94368316  2.1110978   2.05459631
 10.70811685  1.76114638  3.7183959  10.70133229]
DEBUG: cosmo_colibre ages (Gyr): [ 1.31231899  0.92834168  1.14129501  3.94437299  2.11296905  2.05648338
 10.69132193  1.76309537  3.71930298 10.68456552]
DEBUG: us.look_back_time -> ages (Gyr): [ 1.31231899  0.92834169  1.14129501  3.94437299  2.11296906  2.05648338
 10.69132193  1.76309538  3.71930298 10.68456552]
[26/100] subhalo 288925 done; total_formed=1.389e+01
Building SWIFTGalaxy for subhalo 131779 (soap_index=42498101)
Read masses: Nstars=27481, sum_current=4.038296e+10 Msun
DEBUG: sample z (first valid): [4.34594991e+00 5.09171216e-03 3.76660121e+00 1.14155938e+00
 3.63774680e+00 1.20426725e-01 5.39875024e+00 4.81064483e-02
 1.60249384e+00 4.03503380e+00]
DEBUG: Planck15 ages (Gyr): [ 1.3945259  13.72439264  1.65506566  5.32952964  1.72410132 12.20214237
  1.06558571 13.12698015  4.03735066  1.52512216]
DEBUG: cosmo_colibre ages (Gyr): [ 1.39650177 13.69331701  1.65702844  5.32839812  1.72605566 12.17869341
  1.06753013 13.09899155  4.0379439   1.52709529]
DEBUG: us.look_back_time -> ages (Gyr): [ 1.39650178 13.69331701  1.65702845  5.32839812  1.72605566 12.17869341
  1.06753013 13.09899155  4.03794391  1.52709529]
[27/100] subhalo 131779 done; total_formed=6.543e+00
Building SWIFTGalaxy for subhalo 2407363 (soap_index=42527688)
Read masses: Nstars=43898, sum_current=5.665838e+10 Msun
DEBUG: sample z (first valid): [0.31176942 0.97136325 0.92503819 2.67725283 0.29211356 0.28280614
 9.3540564  1.65866126 4.21202481 3.8287651 ]
DEBUG: Planck15 ages (Gyr): [10.16109963  5.98058138  6.17955835  2.43389152 10.34708892 10.43688573
  0.51748612  3.91471857  1.44841526  1.6233807 ]
DEBUG: cosmo_colibre ages (Gyr): [10.14651203  5.97829059  6.17687302  2.435649   10.33176526 10.42120133
  0.51919909  3.91543752  1.45039096  1.62534668]
DEBUG: us.look_back_time -> ages (Gyr): [10.14651203  5.97829059  6.17687302  2.435649   10.33176526 10.42120133
  0.5191991   3.91543752  1.45039096  1.62534668]
[28/100] subhalo 2407363 done; total_formed=9.531e+00
Building SWIFTGalaxy for subhalo 1234580 (soap_index=42536454)
Read masses: Nstars=61825, sum_current=8.241796e+10 Msun
DEBUG: sample z (first valid): [2.46714633 0.5286434  6.08267589 0.64878736 0.94653677 1.16719577
 0.59454988 1.56661706 2.46861437 3.93382519]
DEBUG: Planck15 ages (Gyr): [2.65494735 8.3983462  0.91513642 7.61175764 6.08594982 5.24119794
 7.95244192 4.11896676 2.65328955 1.57206473]
DEBUG: cosmo_colibre ages (Gyr): [2.65660405 8.38995971 0.91704465 7.60566601 6.08345247 5.24020837
 7.94539303 4.1194728  2.65494707 1.57403497]
DEBUG: us.look_back_time -> ages (Gyr): [2.65660406 8.38995972 0.91704465 7.60566601 6.08345247 5.24020837
 7.94539303 4.11947281 2.65494707 1.57403497]
[29/100] subhalo 1234580 done; total_formed=1.379e+01
Building SWIFTGalaxy for subhalo 129291 (soap_index=42585182)
Read masses: Nstars=40528, sum_current=5.136776e+10 Msun
DEBUG: sample z (first valid): [5.82808919 4.66430424 5.11914099 2.45107952 5.69076059 5.58322451
 3.8348211  3.64234611 3.61423643 5.71131592]
DEBUG: Planck15 ages (Gyr): [0.9667666  1.27896753 1.13933827 2.67320285 0.99666131 1.02115923
 1.6203477  1.7215556  1.7372122  0.99208963]
DEBUG: cosmo_colibre ages (Gyr): [0.96868904 1.28093898 1.14129501 2.6748504  0.9985911  1.02309458
 1.62231396 1.72351028 1.73916471 0.99401834]
DEBUG: us.look_back_time -> ages (Gyr): [0.96868904 1.28093899 1.14129501 2.6748504  0.99859111 1.02309458
 1.62231397 1.72351029 1.73916471 0.99401834]
[30/100] subhalo 129291 done; total_formed=8.575e+00
Building SWIFTGalaxy for subhalo 1050878 (soap_index=42632486)
Read masses: Nstars=46813, sum_current=6.230946e+10 Msun
DEBUG: sample z (first valid): [0.74967962 0.89060697 0.84317696 3.44402251 0.7372495  2.7055298
 4.41709373 2.18847913 1.86608939 2.00293255]
DEBUG: Planck15 ages (Gyr): [7.03445095 6.33422926 6.55736237 1.83726885 7.10188818 2.40645646
 1.36723638 3.0034603  3.51026114 3.27926582]
DEBUG: cosmo_colibre ages (Gyr): [7.02985253 6.33122406 6.55387534 1.83920508 7.09712371 2.40822515
 1.3692118  3.0049202  3.51135033 3.2805366 ]
DEBUG: us.look_back_time -> ages (Gyr): [7.02985253 6.33122406 6.55387534 1.83920509 7.09712371 2.40822515
 1.3692118  3.00492021 3.51135033 3.28053661]
[31/100] subhalo 1050878 done; total_formed=1.040e+01
Building SWIFTGalaxy for subhalo 1058335 (soap_index=42663049)
Read masses: Nstars=446805, sum_current=5.802228e+11 Msun
DEBUG: sample z (first valid): [3.8248546  4.40592263 1.13180665 1.55920025 1.46487137 8.33494765
 3.78574558 1.07405532 1.1026694  5.11914099]
DEBUG: Planck15 ages (Gyr): [1.62534418 1.37146253 5.36375396 4.13617168 4.36550175 0.60465415
 1.64519936 5.57373146 5.46810117 1.13933827]
DEBUG: cosmo_colibre ages (Gyr): [1.62730997 1.37343804 5.36256646 4.13665899 4.36572706 0.60642635
 1.64716318 5.57218857 5.46673965 1.14129501]
DEBUG: us.look_back_time -> ages (Gyr): [1.62730997 1.37343804 5.36256647 4.13665899 4.36572706 0.60642635
 1.64716319 5.57218857 5.46673965 1.14129501]
[32/100] subhalo 1058335 done; total_formed=9.686e+01
Building SWIFTGalaxy for subhalo 1060726 (soap_index=42681452)
Read masses: Nstars=104254, sum_current=1.446885e+11 Msun
DEBUG: sample z (first valid): [1.23139258 0.69817579 0.95163788 0.97302505 0.73817102 4.85142857
 4.0350338  0.90555943 2.01675566 7.50233524]
DEBUG: Planck15 ages (Gyr): [5.02992323 7.32045727 6.06406386 5.97363053 7.09685465 1.21825501
 1.52512216 6.26632743 3.25731467 0.69572429]
DEBUG: cosmo_colibre ages (Gyr): [5.02925854 7.31513939 6.06160985 5.97135319 7.09210266 1.22022138
 1.52709529 6.26346408 3.2586016  0.69754692]
DEBUG: us.look_back_time -> ages (Gyr): [5.02925854 7.31513939 6.06160986 5.97135319 7.09210266 1.22022139
 1.52709529 6.26346408 3.25860161 0.69754693]
[33/100] subhalo 1060726 done; total_formed=2.390e+01
Building SWIFTGalaxy for subhalo 247180 (soap_index=42688697)
Read masses: Nstars=45440, sum_current=6.308832e+10 Msun
DEBUG: sample z (first valid): [1.75491462e-01 1.26435201e-01 1.30164862e-01 1.51856018e-01
 9.06310940e+00 2.72049689e-01 6.01099968e-02 4.56982384e-02
 6.63553699e-03 3.56510746e-02]
DEBUG: Planck15 ages (Gyr): [11.55866088 12.12949028 12.08470077 11.82880653  0.5401319  10.54207524
 12.96679075 13.15945273 13.70229854 13.29615382]
DEBUG: cosmo_colibre ages (Gyr): [11.5381858  12.10638493 12.06180628 11.8071022   0.54186143 10.52596387
 12.93960984 13.13129935 13.67133912 13.26730288]
DEBUG: us.look_back_time -> ages (Gyr): [11.5381858  12.10638493 12.06180628 11.8071022   0.54186144 10.52596387
 12.93960984 13.13129935 13.67133912 13.26730288]
[34/100] subhalo 247180 done; total_formed=1.035e+01
Building SWIFTGalaxy for subhalo 527749 (soap_index=42688699)
Read masses: Nstars=70676, sum_current=8.887873e+10 Msun
DEBUG: sample z (first valid): [3.33267222 1.83141796 1.05081988 1.82555833 0.18355848 2.6283911
 6.04612407 0.15861679 1.38122229 0.21895692]
DEBUG: Planck15 ages (Gyr): [ 1.90799995  3.57301491  5.6618948   3.5838008  11.4684699   2.48252892
  0.92226404 11.7506228   4.58648781 11.08437355]
DEBUG: cosmo_colibre ages (Gyr): [ 1.90992223  3.57405105  5.6601965   3.58482767 11.44839888  2.48426582
  0.92417435 11.72927714  4.58643895 11.06598696]
DEBUG: us.look_back_time -> ages (Gyr): [ 1.90992224  3.57405106  5.6601965   3.58482767 11.44839888  2.48426582
  0.92417435 11.72927714  4.58643896 11.06598696]
[35/100] subhalo 527749 done; total_formed=1.490e+01
Building SWIFTGalaxy for subhalo 2710 (soap_index=42701617)
Read masses: Nstars=410463, sum_current=5.395811e+11 Msun
DEBUG: sample z (first valid): [4.25465042 0.0430354  0.29815387 0.77469671 1.92493082 0.27531719
 0.49189583 3.37694517 1.62627234 0.27561507]
DEBUG: Planck15 ages (Gyr): [ 1.43089387 13.19549032 10.28941121  6.90167525  3.40778455 10.50996
  8.66345013  1.87934652  3.98468637 10.50703929]
DEBUG: cosmo_colibre ages (Gyr): [ 1.43286977 13.16715365 10.27431742  6.89739727  3.40895694 10.49397949
  8.65422329  1.88127469  3.98533437 10.49107066]
DEBUG: us.look_back_time -> ages (Gyr): [ 1.43286977 13.16715365 10.27431742  6.89739728  3.40895694 10.49397949
  8.6542233   1.8812747   3.98533437 10.49107066]
[36/100] subhalo 2710 done; total_formed=8.916e+01
Building SWIFTGalaxy for subhalo 518658 (soap_index=42701643)
Read masses: Nstars=11284, sum_current=1.473299e+10 Msun
DEBUG: sample z (first valid): [2.4770798  2.49898558 4.47776663 3.72535871 2.56988779 1.71415555
 2.92290195 2.47265791 2.13329509 2.48892675]
DEBUG: Planck15 ages (Gyr): [2.64376293 2.61937029 1.34465576 1.67665655 2.54290152 3.79936934
 2.21152859 2.64873211 3.08140642 2.63052494]
DEBUG: cosmo_colibre ages (Gyr): [2.64542518 2.62104447 1.34663054 1.67861691 2.54461163 3.80020077
 2.21336871 2.6503919  3.0828159  2.63219368]
DEBUG: us.look_back_time -> ages (Gyr): [2.64542518 2.62104447 1.34663055 1.67861691 2.54461163 3.80020077
 2.21336871 2.6503919  3.0828159  2.63219369]
[37/100] subhalo 518658 done; total_formed=2.474e+00
Building SWIFTGalaxy for subhalo 2449443 (soap_index=42719603)
Read masses: Nstars=33752, sum_current=4.855761e+10 Msun
DEBUG: sample z (first valid): [0.07910163 0.49040298 0.51255539 0.51255539 0.38600795 1.0345213
 0.6628438  1.46951541 0.67645554 2.29956701]
DEBUG: Planck15 ages (Gyr): [12.71891049  8.67448287  8.51289403  8.51289403  9.50091334  5.72505562
  7.52707713  4.35373645  7.44643521  2.85600539]
DEBUG: cosmo_colibre ages (Gyr): [12.69296207  8.66522034  8.50414854  8.50414854  9.48881505  5.72324374
  7.52121468  4.35397575  7.44078778  2.85755425]
DEBUG: us.look_back_time -> ages (Gyr): [12.69296207  8.66522034  8.50414854  8.50414854  9.48881505  5.72324374
  7.52121468  4.35397575  7.44078778  2.85755426]
[38/100] subhalo 2449443 done; total_formed=7.988e+00
Building SWIFTGalaxy for subhalo 2047539 (soap_index=42734470)
Read masses: Nstars=173987, sum_current=2.310810e+11 Msun
DEBUG: sample z (first valid): [1.66125233 0.90511628 1.05416249 4.55060557 0.90069606 1.38607733
 1.09849504 0.31440032 1.27666227 1.86608939]
DEBUG: Planck15 ages (Gyr): [ 3.9092072   6.26832354  5.64907697  1.31835365  6.288288    4.57317518
  5.48331319 10.1365746   4.88896379  3.51026114]
DEBUG: cosmo_colibre ages (Gyr): [ 3.90993165  6.26545605  5.64740149  1.32032736  6.28537902  4.57314345
  5.48192587 10.12208294  4.88850449  3.51135033]
DEBUG: us.look_back_time -> ages (Gyr): [ 3.90993166  6.26545605  5.64740149  1.32032737  6.28537902  4.57314346
  5.48192587 10.12208295  4.88850449  3.51135033]
[39/100] subhalo 2047539 done; total_formed=3.864e+01
Building SWIFTGalaxy for subhalo 31290 (soap_index=42759154)
Read masses: Nstars=58246, sum_current=7.508776e+10 Msun
DEBUG: sample z (first valid): [0.71974389 0.63545618 1.15352261 0.52253508 0.76172043 0.51633503
 0.92255339 3.22840183 6.07502969 3.8348211 ]
DEBUG: Planck15 ages (Gyr): [7.19855701 7.69341455 5.28801832 8.4415646  6.97005957 8.48577347
 6.19052237 1.97841279 0.91661985 1.6203477 ]
DEBUG: cosmo_colibre ages (Gyr): [7.19355065 7.6870986  5.28695395 8.4330434  6.96561762 8.47711355
 6.18781474 1.98031921 0.91852851 1.62231396]
DEBUG: us.look_back_time -> ages (Gyr): [7.19355066 7.6870986  5.28695395 8.4330434  6.96561762 8.47711355
 6.18781474 1.98031921 0.91852851 1.62231397]
[40/100] subhalo 31290 done; total_formed=1.263e+01
Building SWIFTGalaxy for subhalo 242130 (soap_index=42769980)
Read masses: Nstars=243740, sum_current=3.131803e+11 Msun
DEBUG: sample z (first valid): [5.36580864 1.49129476 1.26454734 0.4002222  0.38460238 0.45299752
 0.38051904 0.63627285 1.0395867  4.32986337]
DEBUG: Planck15 ages (Gyr): [1.07385714 4.29923476 4.92606411 9.38170809 9.51282177 8.95789857
 9.54754185 7.68837408 5.70530769 1.4008218 ]
DEBUG: cosmo_colibre ages (Gyr): [1.07580311 4.2995381  4.92555163 9.37003834 9.50068032 8.94769939
 9.53527417 7.68207208 5.70353152 1.40279772]
DEBUG: us.look_back_time -> ages (Gyr): [1.07580311 4.29953811 4.92555163 9.37003834 9.50068032 8.94769939
 9.53527417 7.68207208 5.70353152 1.40279773]
[41/100] subhalo 242130 done; total_formed=5.214e+01
Building SWIFTGalaxy for subhalo 30463 (soap_index=42802380)
Read masses: Nstars=43824, sum_current=5.986161e+10 Msun
DEBUG: sample z (first valid): [5.58322451 2.20940255 2.42153075 0.92979976 3.03546798 2.88660894
 0.83143304 0.83656541 3.93903082 0.89191686]
DEBUG: Planck15 ages (Gyr): [1.02115923 2.97474668 2.70731991 6.15863266 2.1205923  2.2422271
 6.61449676 6.5894332  1.56959212 6.32823513]
DEBUG: cosmo_colibre ages (Gyr): [1.02309458 2.97622457 2.70895001 6.15598971 2.12246078 2.24405693
 6.61088248 6.58587494 1.57156254 6.32524255]
DEBUG: us.look_back_time -> ages (Gyr): [1.02309458 2.97622457 2.70895001 6.15598971 2.12246078 2.24405693
 6.61088248 6.58587494 1.57156254 6.32524255]
[42/100] subhalo 30463 done; total_formed=9.998e+00
Building SWIFTGalaxy for subhalo 516041 (soap_index=42802390)
Read masses: Nstars=18601, sum_current=2.579880e+10 Msun
DEBUG: sample z (first valid): [5.88403361 2.68303923 1.84419755 1.07721078 2.4678802  1.90986591
 5.77304671 4.68740779 3.01077111 0.56157072]
DEBUG: Planck15 ages (Gyr): [0.95501267 2.42823563 3.54967358 5.56192561 2.65411841 3.43355288
 0.97856748 1.27120265 2.14000894 8.17099399]
DEBUG: cosmo_colibre ages (Gyr): [0.95693204 2.42999545 3.55072964 5.56040324 2.65577552 3.43470474
 0.98049289 1.27317356 2.14187163 8.16330144]
DEBUG: us.look_back_time -> ages (Gyr): [0.95693204 2.42999545 3.55072964 5.56040324 2.65577553 3.43470474
 0.98049289 1.27317357 2.14187163 8.16330144]
[43/100] subhalo 516041 done; total_formed=4.214e+00
Building SWIFTGalaxy for subhalo 1084620 (soap_index=42802420)
Read masses: Nstars=13399, sum_current=1.817264e+10 Msun
DEBUG: sample z (first valid): [9.61999676 0.99367243 4.65306651 7.81927062 3.07030619 0.84089888
 5.34055728 1.30517059 7.16393647 8.84097905]
DEBUG: Planck15 ages (Gyr): [0.49813379 5.88831334 1.28277292 0.65852433 2.09369272 6.56838536
 1.08027007 4.80339922 0.73946144 0.55855416]
DEBUG: cosmo_colibre ages (Gyr): [0.49983188 5.88619907 1.28474463 0.66032762 2.09556898 6.56487391
 1.08221721 4.80306019 0.74130483 0.56029653]
DEBUG: us.look_back_time -> ages (Gyr): [0.49983189 5.88619907 1.28474463 0.66032762 2.09556898 6.56487391
 1.08221721 4.80306019 0.74130484 0.56029654]
[44/100] subhalo 1084620 done; total_formed=3.042e+00
Building SWIFTGalaxy for subhalo 2118556 (soap_index=42824006)
Read masses: Nstars=79907, sum_current=1.041377e+11 Msun
DEBUG: sample z (first valid): [0.82125389 5.88403361 6.11111111 6.79911936 2.96035775 2.28040845
 3.94387447 3.78574558 2.71308782 8.94174757]
DEBUG: Planck15 ages (Gyr): [6.66464468 0.95501267 0.9096546  0.79197563 2.18056684 2.88057881
 1.56729723 1.64519936 2.39920963 0.55006954]
DEBUG: cosmo_colibre ages (Gyr): [6.66091739 0.95693204 0.9115612  0.79384132 2.18241697 2.88211343
 1.56926781 1.64716318 2.40098123 0.55180607]
DEBUG: us.look_back_time -> ages (Gyr): [6.66091739 0.95693204 0.9115612  0.79384133 2.18241698 2.88211343
 1.56926781 1.64716319 2.40098124 0.55180607]
[45/100] subhalo 2118556 done; total_formed=1.745e+01
Building SWIFTGalaxy for subhalo 250682 (soap_index=42847466)
Read masses: Nstars=56604, sum_current=7.798614e+10 Msun
DEBUG: sample z (first valid): [5.29548511 0.99464329 8.70256866 5.08166295 5.18147519 0.82125389
 2.82000466 3.08578554 0.48702124 5.42446819]
DEBUG: Planck15 ages (Gyr): [1.09187604 5.88434873 0.57056812 1.14986771 1.12217629 6.66464468
 2.30042574 2.08192092 8.69955298 1.05920137]
DEBUG: cosmo_colibre ages (Gyr): [1.09382523 5.88224195 0.57231858 1.15182594 1.12413046 6.66091739
 2.30223508 2.0838005  8.69020912 1.06114456]
DEBUG: us.look_back_time -> ages (Gyr): [1.09382524 5.88224195 0.57231858 1.15182594 1.12413046 6.66091739
 2.30223509 2.0838005  8.69020912 1.06114457]
[46/100] subhalo 250682 done; total_formed=1.291e+01
Building SWIFTGalaxy for subhalo 1087118 (soap_index=42847505)
Read masses: Nstars=37209, sum_current=5.325011e+10 Msun
DEBUG: sample z (first valid): [0.48338615 4.3242343  1.9026486  7.33155352 5.91891892 1.16662259
 2.08957194 1.99853587 1.44464339 1.50558189]
DEBUG: Planck15 ages (Gyr): [8.72662185 1.40303603 3.44601064 0.71724334 0.9478029  5.24314744
 3.1455431  3.28629841 4.417349   4.26407582]
DEBUG: cosmo_colibre ages (Gyr): [8.71718985 1.40501197 3.44715249 0.71907645 0.94972035 5.24215477
 3.14690931 3.28756398 4.41751191 4.2644198 ]
DEBUG: us.look_back_time -> ages (Gyr): [8.71718985 1.40501197 3.44715249 0.71907645 0.94972035 5.24215477
 3.14690931 3.28756398 4.41751191 4.2644198 ]
[47/100] subhalo 1087118 done; total_formed=8.863e+00
Building SWIFTGalaxy for subhalo 2991 (soap_index=42887517)
Read masses: Nstars=268570, sum_current=3.438484e+11 Msun
DEBUG: sample z (first valid): [7.06547289 2.10214901 1.57610063 1.36012676 4.15950244 1.25643851
 5.32098765 2.22901064 8.07323827 5.35654704]
DEBUG: Planck15 ages (Gyr): [0.75305219 3.12687199 4.09713523 4.64505989 1.47049903 4.95114778
 1.08528391 2.94824381 0.63103835 1.07620189]
DEBUG: cosmo_colibre ages (Gyr): [0.75490161 3.12825096 4.09766488 4.64493475 1.47247426 4.95059898
 1.08723195 2.94973801 0.63282625 1.07814829]
DEBUG: us.look_back_time -> ages (Gyr): [0.75490161 3.12825096 4.09766488 4.64493476 1.47247427 4.95059899
 1.08723195 2.94973801 0.63282625 1.07814829]
[48/100] subhalo 2991 done; total_formed=5.764e+01
Building SWIFTGalaxy for subhalo 30559 (soap_index=42887519)
Read masses: Nstars=21559, sum_current=3.184918e+10 Msun
DEBUG: sample z (first valid): [ 1.00073269  3.71821454  0.66571777  3.78574558  5.05693161  5.91162202
  6.40603458 10.8146746   3.33467822  3.30082688]
DEBUG: Planck15 ages (Gyr): [5.85957738 1.68044401 7.50994003 1.64519936 1.15690478 0.94930346
 0.85587025 0.42437124 1.90668608 1.92905987]
DEBUG: cosmo_colibre ages (Gyr): [5.85751725 1.68240392 7.50412354 1.64716318 1.15886397 0.95122131
 0.85775961 0.42600565 1.90860864 1.93097761]
DEBUG: us.look_back_time -> ages (Gyr): [5.85751726 1.68240392 7.50412354 1.64716319 1.15886398 0.95122132
 0.85775961 0.42600565 1.90860864 1.93097762]
[49/100] subhalo 30559 done; total_formed=5.279e+00
Building SWIFTGalaxy for subhalo 136805 (soap_index=42887526)
Read masses: Nstars=151193, sum_current=1.981164e+11 Msun
DEBUG: sample z (first valid): [ 8.27811991  1.32397163  1.45489961  1.23825137  2.41297781  1.09849504
 10.76694497  2.91821117  0.02804794  1.2200542 ]
DEBUG: Planck15 ages (Gyr): [ 0.6102255   4.74827093  4.39093784  5.00815328  2.71732876  5.48331319
  0.42696219  2.21545717 13.40092972  5.06624332]
DEBUG: cosmo_colibre ages (Gyr): [ 0.61200109  4.74800765  4.39113268  5.00752091  2.71895365  5.48192587
  0.42859905  2.217296   13.37153995  5.06552424]
DEBUG: us.look_back_time -> ages (Gyr): [ 0.6120011   4.74800765  4.39113269  5.00752091  2.71895366  5.48192587
  0.42859905  2.217296   13.37153995  5.06552424]
[50/100] subhalo 136805 done; total_formed=3.330e+01
Building SWIFTGalaxy for subhalo 1078402 (soap_index=42967673)
Read masses: Nstars=28771, sum_current=4.195106e+10 Msun
DEBUG: sample z (first valid): [0.42234569 5.52944107 0.28633116 0.15274748 0.26370999 5.65002537
 0.13360548 0.42966841 3.40370918 0.20231893]
DEBUG: Planck15 ages (Gyr): [ 9.20051278  1.03378947 10.40274438 11.81845504 10.62468949  1.00582526
 12.04359007  9.14167577  1.86236816 11.26257498]
DEBUG: cosmo_colibre ages (Gyr): [ 9.18948193  1.03572753 10.38719755 11.79679834 10.60823947  1.00775717
 12.02088845  9.13084913  1.86429967 11.24341428]
DEBUG: us.look_back_time -> ages (Gyr): [ 9.18948194  1.03572754 10.38719755 11.79679834 10.60823947  1.00775718
 12.02088845  9.13084913  1.86429968 11.24341428]
[51/100] subhalo 1078402 done; total_formed=6.833e+00
Building SWIFTGalaxy for subhalo 2165330 (soap_index=43071889)
Read masses: Nstars=112460, sum_current=1.464458e+11 Msun
DEBUG: sample z (first valid): [0.91962507 1.23901606 2.91446661 0.3410821  3.56760524 0.15681706
 0.17397535 2.87466004 5.9682084  1.29612501]
DEBUG: Planck15 ages (Gyr): [ 6.20348242  5.00573543  2.21860155  9.8926491   1.76371029 11.77136347
 11.57572426  2.25248816  0.93776923  4.83028791]
DEBUG: cosmo_colibre ages (Gyr): [ 6.20074836  5.00510663  2.22043933  9.87909719  1.76565889 11.74992289
 11.55517238  2.25431447  0.93968393  4.82991145]
DEBUG: us.look_back_time -> ages (Gyr): [ 6.20074836  5.00510664  2.22043934  9.87909719  1.76565889 11.74992289
 11.55517238  2.25431448  0.93968393  4.82991145]
[52/100] subhalo 2165330 done; total_formed=2.441e+01
Building SWIFTGalaxy for subhalo 255534 (soap_index=43092334)
Read masses: Nstars=31978, sum_current=4.306061e+10 Msun
DEBUG: sample z (first valid): [0.51018527 3.74726548 0.69729618 0.4783001  4.0763749  4.275801
 1.99059962 1.71033912 1.38851228 0.67886054]
DEBUG: Planck15 ages (Gyr): [8.52996687 1.66513044 7.32549558 8.76470645 1.50661162 1.42232989
 3.29905509 3.80712482 4.5665218  7.43232391]
DEBUG: cosmo_colibre ages (Gyr): [8.52116734 1.66709211 7.32016468 8.75514984 1.50858561 1.42430584
 3.30031115 3.80794886 4.5664986  7.42671377]
DEBUG: us.look_back_time -> ages (Gyr): [8.52116734 1.66709212 7.32016468 8.75514985 1.50858561 1.42430584
 3.30031115 3.80794886 4.5664986  7.42671378]
[53/100] subhalo 255534 done; total_formed=7.201e+00
Building SWIFTGalaxy for subhalo 2165002 (soap_index=43098096)
Read masses: Nstars=11820, sum_current=1.635859e+10 Msun
DEBUG: sample z (first valid): [4.91106702 6.68120019 1.04378469 3.74348581 1.33091478 4.50861562
 1.44500821 3.95134482 1.24854182 1.2570602 ]
DEBUG: Planck15 ages (Gyr): [1.19990424 0.81028847 5.68902257 1.6671097  4.72816759 1.33341086
 4.41640517 1.56376871 4.9757714  4.94921744]
DEBUG: cosmo_colibre ages (Gyr): [1.20186869 0.81216132 5.68727571 1.66907116 4.72793159 1.33538523
 4.41656922 1.56573953 4.97518668 4.94867146]
DEBUG: us.look_back_time -> ages (Gyr): [1.20186869 0.81216132 5.68727572 1.66907116 4.7279316  1.33538523
 4.41656923 1.56573954 4.97518669 4.94867146]
[54/100] subhalo 2165002 done; total_formed=2.690e+00
Building SWIFTGalaxy for subhalo 1102735 (soap_index=43135287)
Read masses: Nstars=25208, sum_current=3.624766e+10 Msun
DEBUG: sample z (first valid): [0.92390794 0.99975589 2.32063235 1.81560406 2.57612136 3.10987081
 3.38573245 1.72975675 5.06309557 3.54889984]
DEBUG: Planck15 ages (Gyr): [6.18454175 5.86353992 2.82938058 3.60224554 2.53635437 2.06382046
 1.87374398 3.76793049 1.15514421 1.77452815]
DEBUG: cosmo_colibre ages (Gyr): [6.18184629 5.86147235 2.83094462 3.60325643 2.53806745 2.06570504
 1.87567327 3.76879162 1.15710316 1.77647507]
DEBUG: us.look_back_time -> ages (Gyr): [6.18184629 5.86147236 2.83094462 3.60325644 2.53806745 2.06570504
 1.87567327 3.76879162 1.15710317 1.77647507]
[55/100] subhalo 1102735 done; total_formed=5.895e+00
Building SWIFTGalaxy for subhalo 556319 (soap_index=43201080)
Read masses: Nstars=45154, sum_current=5.978752e+10 Msun
DEBUG: sample z (first valid): [5.30821061 6.11111111 7.69466003 1.24622978 0.0693121  0.37127553
 7.99972535 3.35918585 4.51696271 0.31545564]
DEBUG: Planck15 ages (Gyr): [ 1.08857835  0.9096546   0.67274689  4.98301781 12.84584279  9.62682892
  0.63879545  1.89075433  1.33039502 10.12676123]
DEBUG: cosmo_colibre ages (Gyr): [ 1.09052697  0.9115612   0.67455777  4.98242247 12.8192659   9.61427094
  0.64058779  1.8926802   1.33236926 10.11230788]
DEBUG: us.look_back_time -> ages (Gyr): [ 1.09052697  0.9115612   0.67455777  4.98242248 12.8192659   9.61427094
  0.6405878   1.89268021  1.33236927 10.11230788]
[56/100] subhalo 556319 done; total_formed=9.974e+00
Building SWIFTGalaxy for subhalo 263331 (soap_index=43272084)
Read masses: Nstars=122484, sum_current=1.588717e+11 Msun
DEBUG: sample z (first valid): [0.82409263 0.16803308 0.25030525 4.16967737 4.87556034 3.93382519
 2.54363577 1.90110668 0.01223279 0.03232311]
DEBUG: Planck15 ages (Gyr): [ 6.65060053 11.6429502  10.75945066  1.46617741  1.21077391  1.57206473
  2.57078161  3.44868167 13.62261083 13.34187338]
DEBUG: cosmo_colibre ages (Gyr): [ 6.64690501 11.62209462 10.74244205  1.46815276  1.21273952  1.57403497
  2.57247887  3.44982136 13.59206928 13.31278776]
DEBUG: us.look_back_time -> ages (Gyr): [ 6.64690501 11.62209462 10.74244205  1.46815276  1.21273952  1.57403497
  2.57247887  3.44982136 13.59206928 13.31278776]
[57/100] subhalo 263331 done; total_formed=2.642e+01
Building SWIFTGalaxy for subhalo 1141010 (soap_index=43315354)
Read masses: Nstars=54854, sum_current=7.688479e+10 Msun
DEBUG: sample z (first valid): [0.4165658  0.1591906  5.1937435  1.59384153 1.64514046 4.16967737
 4.83995723 0.11077966 4.58466127 0.10181574]
DEBUG: Planck15 ages (Gyr): [ 9.24734942 11.74402089  1.11884908  4.05679336  3.94368316  1.46617741
  1.2218382  12.32008594  1.30634758 12.4311283 ]
DEBUG: cosmo_colibre ages (Gyr): [ 9.23615488 11.72270541  1.12080273  4.05736608  3.94437299  1.46815276
  1.22380492 12.29607504  1.30832069 12.40658369]
DEBUG: us.look_back_time -> ages (Gyr): [ 9.23615488 11.72270541  1.12080274  4.05736609  3.94437299  1.46815276
  1.22380493 12.29607504  1.30832069 12.40658369]
[58/100] subhalo 1141010 done; total_formed=1.265e+01
Building SWIFTGalaxy for subhalo 268224 (soap_index=43386243)
Read masses: Nstars=25966, sum_current=3.559301e+10 Msun
DEBUG: sample z (first valid): [3.35918585 8.0363323  4.76901408 0.11706552 0.791972   5.09410452
 4.275801   0.46337978 0.47910084 0.52679154]
DEBUG: Planck15 ages (Gyr): [ 1.89075433  0.63491298  1.24439198 12.2430538   6.81222729  1.1463544
  1.42232989  8.87786885  8.75869406  8.41141368]
DEBUG: cosmo_colibre ages (Gyr): [ 1.8926802   0.63670311  1.24636078 12.2194105   6.80816034  1.14831214
  1.42430584  8.86793799  8.74915718  8.40298655]
DEBUG: us.look_back_time -> ages (Gyr): [ 1.89268021  0.63670312  1.24636078 12.2194105   6.80816034  1.14831215
  1.42430584  8.86793799  8.74915718  8.40298655]
[59/100] subhalo 268224 done; total_formed=5.849e+00
Building SWIFTGalaxy for subhalo 572834 (soap_index=43391732)
Read masses: Nstars=52607, sum_current=6.862976e+10 Msun
DEBUG: sample z (first valid): [0.74967962 4.37312454 1.82117951 1.66927338 3.43050297 1.15465544
 1.38486172 3.96409635 2.72067673 6.4362873 ]
DEBUG: Planck15 ages (Gyr): [7.03445095 1.38399642 3.59189557 3.89222538 1.84562352 5.28411405
 4.57650261 1.55777603 2.39196926 0.8506526 ]
DEBUG: cosmo_colibre ages (Gyr): [7.02985253 1.38597216 3.59291544 3.8929667  1.84755821 5.28305596
 4.5764666  1.55974725 2.39374376 0.85254016]
DEBUG: us.look_back_time -> ages (Gyr): [7.02985253 1.38597216 3.59291545 3.8929667  1.84755821 5.28305596
 4.57646661 1.55974725 2.39374376 0.85254016]
[60/100] subhalo 572834 done; total_formed=1.150e+01
Building SWIFTGalaxy for subhalo 569693 (soap_index=43401346)
Read masses: Nstars=43761, sum_current=5.912478e+10 Msun
DEBUG: sample z (first valid): [0.86903947 4.99597438 2.07709644 4.53934579 3.00880842 7.36558591
 4.32986337 0.96804805 1.92623683 1.36370194]
DEBUG: Planck15 ages (Gyr): [6.43420702 1.17455828 3.16424411 1.32236353 2.14156459 0.7128676
 1.4008218  5.99448589 3.40556549 4.6350493 ]
DEBUG: cosmo_colibre ages (Gyr): [6.43098892 1.17651975 3.1655974  1.32433742 2.14342681 0.71469862
 1.40279772 5.99216815 3.40673964 4.63493731]
DEBUG: us.look_back_time -> ages (Gyr): [6.43098892 1.17651976 3.1655974  1.32433743 2.14342681 0.71469862
 1.40279773 5.99216815 3.40673964 4.63493731]
[61/100] subhalo 569693 done; total_formed=9.920e+00
Building SWIFTGalaxy for subhalo 24101624 (soap_index=43483993)
Read masses: Nstars=22212, sum_current=3.050872e+10 Msun
DEBUG: sample z (first valid): [2.75913091e-01 3.93382519e+00 1.71038525e-01 2.05414950e-01
 4.67671863e-02 3.19979844e-02 6.63181403e-01 4.59868784e-03
 5.91162202e+00 5.52985782e-01]
DEBUG: Planck15 ages (Gyr): [10.5041184   1.57206473 11.60887971 11.22910554 13.145025   13.34635169
  7.52506098 13.73145895  0.94930346  8.22937077]
DEBUG: cosmo_colibre ages (Gyr): [10.48816164  1.57403497 11.58817827 11.21009122 13.11694488 13.31724305
  7.51920395 13.70034612  0.95122131  8.2215024 ]
DEBUG: us.look_back_time -> ages (Gyr): [10.48816164  1.57403497 11.58817827 11.21009122 13.11694488 13.31724305
  7.51920395 13.70034612  0.95122132  8.22150241]
[62/100] subhalo 24101624 done; total_formed=5.076e+00
Building SWIFTGalaxy for subhalo 121660 (soap_index=43528187)
Read masses: Nstars=70787, sum_current=9.077877e+10 Msun
DEBUG: sample z (first valid): [6.25356945 4.88717212 0.91334813 0.46862675 0.05207731 0.05689588
 0.25730949 0.01123318 0.06334372 0.06444906]
DEBUG: Planck15 ages (Gyr): [ 0.88299438  1.20720127  6.23140571  8.83782704 13.0736819  13.00941303
 10.68872954 13.63679456 12.92410639 12.9095614 ]
DEBUG: cosmo_colibre ages (Gyr): [ 0.88489272  1.2091665   6.22861444  8.8280293  13.045963   12.98201807
 10.67201502 13.60617878 12.89713922 12.88266692]
DEBUG: us.look_back_time -> ages (Gyr): [ 0.88489272  1.20916651  6.22861445  8.8280293  13.045963   12.98201807
 10.67201503 13.60617878 12.89713922 12.88266692]
[63/100] subhalo 121660 done; total_formed=1.515e+01
Building SWIFTGalaxy for subhalo 3654165 (soap_index=43567509)
Read masses: Nstars=38277, sum_current=5.050767e+10 Msun
DEBUG: sample z (first valid): [6.30857589 4.42786152 1.32397163 0.2727414  1.1854075  0.22543007
 1.40923462 4.37312454 4.71070059 0.17397535]
DEBUG: Planck15 ages (Gyr): [ 0.87304582  1.36318322  4.74827093 10.53526484  5.17985018 11.01613495
  4.51052172  1.38399642  1.26345305 11.57572426]
DEBUG: cosmo_colibre ages (Gyr): [ 0.87494094  1.36515854  4.74800765 10.51918126  5.17895706 10.99804137
  4.51056954  1.38597216  1.26542339 11.55517238]
DEBUG: us.look_back_time -> ages (Gyr): [ 0.87494094  1.36515855  4.74800765 10.51918126  5.17895706 10.99804137
  4.51056954  1.38597216  1.26542339 11.55517238]
[64/100] subhalo 3654165 done; total_formed=8.461e+00
Building SWIFTGalaxy for subhalo 2286802 (soap_index=43610458)
Read masses: Nstars=49404, sum_current=6.461787e+10 Msun
DEBUG: sample z (first valid): [4.38416037 4.94754515 6.28663553 2.05529138 1.53602662 6.09648078
 5.5964771  3.0516847  8.48765834 3.29744262]
DEBUG: Planck15 ages (Gyr): [1.37975791 1.18890485 0.87699155 3.19736969 4.19068196 0.91246824
 1.01808638 2.10800036 0.59009404 1.93132052]
DEBUG: cosmo_colibre ages (Gyr): [1.38173358 1.19086805 0.87888796 3.19869975 4.19110905 0.91437568
 1.02002105 2.10987251 0.59185716 1.93323777]
DEBUG: us.look_back_time -> ages (Gyr): [1.38173358 1.19086806 0.87888796 3.19869975 4.19110905 0.91437568
 1.02002106 2.10987252 0.59185717 1.93323777]
[65/100] subhalo 2286802 done; total_formed=1.078e+01
Building SWIFTGalaxy for subhalo 2290064 (soap_index=43614943)
Read masses: Nstars=17338, sum_current=2.401607e+10 Msun
DEBUG: sample z (first valid): [5.23202739 3.69926861 3.43950684 2.15289137 2.90653314 3.11813498
 2.13149847 2.29724291 1.77577298 2.7168784 ]
DEBUG: Planck15 ages (Gyr): [1.10857096 1.69055703 1.84005243 3.05335196 2.22528781 2.05766963
 3.08399958 2.85896801 3.67761706 2.39558863]
DEBUG: cosmo_colibre ages (Gyr): [1.11052296 1.69251572 1.84198815 3.05477986 2.22712337 2.05955587
 3.08540734 2.86051518 3.67856122 2.39736169]
DEBUG: us.look_back_time -> ages (Gyr): [1.11052297 1.69251572 1.84198816 3.05477986 2.22712337 2.05955587
 3.08540735 2.86051518 3.67856122 2.39736169]
[66/100] subhalo 2290064 done; total_formed=3.966e+00
Building SWIFTGalaxy for subhalo 2288081 (soap_index=43632843)
Read masses: Nstars=96326, sum_current=1.238435e+11 Msun
DEBUG: sample z (first valid): [7.31464095 0.35337849 0.25924218 1.85734217 0.49108118 3.93382519
 0.66656495 4.18030195 2.52192605 5.66354855]
DEBUG: Planck15 ages (Gyr): [ 0.71943453  9.78311158 10.66933347  3.52592318  8.66946813  1.57206473
  7.50489976  1.46168724  2.59421954  1.00276756]
DEBUG: cosmo_colibre ages (Gyr): [ 0.72126867  9.76997308 10.65269925  3.52699928  8.66022183  1.57403497
  7.49909677  1.46366269  2.59590577  1.00469878]
DEBUG: us.look_back_time -> ages (Gyr): [ 0.72126867  9.76997308 10.65269925  3.52699929  8.66022183  1.57403497
  7.49909677  1.46366269  2.59590577  1.00469878]
[67/100] subhalo 2288081 done; total_formed=2.077e+01
Building SWIFTGalaxy for subhalo 3824 (soap_index=43681967)
Read masses: Nstars=89873, sum_current=1.177118e+11 Msun
DEBUG: sample z (first valid): [0.89300982 0.4663922  0.5178803  1.42151936 1.2410067  0.91625731
 0.37622848 8.01830191 7.20584737 0.89673536]
DEBUG: Planck15 ages (Gyr): [6.32324043 8.85484696 8.47472268 4.4778417  4.99945    6.21843975
 9.58422488 0.63682034 0.73379978 6.30626124]
DEBUG: cosmo_colibre ages (Gyr): [6.32025834 8.84499272 8.46609752 4.47793032 4.99883048 6.21567509
 9.57182324 0.63861156 0.7356406  6.30331473]
DEBUG: us.look_back_time -> ages (Gyr): [6.32025835 8.84499272 8.46609752 4.47793032 4.99883048 6.2156751
 9.57182325 0.63861156 0.7356406  6.30331474]
[68/100] subhalo 3824 done; total_formed=1.966e+01
Building SWIFTGalaxy for subhalo 1186134 (soap_index=43695118)
Read masses: Nstars=33627, sum_current=4.573109e+10 Msun
DEBUG: sample z (first valid): [2.96419066 2.1950078  1.56060014 1.46635556 1.53347766 4.37665108
 1.53602662 1.95154026 1.20348329 3.15257889]
DEBUG: Planck15 ages (Gyr): [2.17743883 2.99445233 4.13291546 4.36173612 4.19674846 1.38263964
 4.19068196 3.3630324  5.1200801  2.03235685]
DEBUG: cosmo_colibre ages (Gyr): [2.17928995 2.99591792 4.13340632 4.36196591 4.19716877 1.38461536
 4.19110905 3.3642398  5.11927929 2.0342498 ]
DEBUG: us.look_back_time -> ages (Gyr): [2.17928996 2.99591792 4.13340632 4.36196591 4.19716877 1.38461536
 4.19110905 3.3642398  5.11927929 2.03424981]
[69/100] subhalo 1186134 done; total_formed=7.689e+00
Building SWIFTGalaxy for subhalo 2288644 (soap_index=43760823)
Read masses: Nstars=36695, sum_current=5.373534e+10 Msun
DEBUG: sample z (first valid): [3.42153556 1.6237489  4.65306651 6.65607477 4.29755072 1.33091478
 1.90702626 1.33091478 0.56008379 1.45434799]
DEBUG: Planck15 ages (Gyr): [1.85119985 3.99022243 1.28277292 0.81428151 1.4136116  4.72816759
 3.43844561 4.72816759 8.18106026 4.39235188]
DEBUG: cosmo_colibre ages (Gyr): [1.85313349 3.99086474 1.28474463 0.81615588 1.41558756 4.72793159
 3.43959355 4.72793159 8.17333752 4.39254502]
DEBUG: us.look_back_time -> ages (Gyr): [1.85313349 3.99086474 1.28474463 0.81615588 1.41558757 4.7279316
 3.43959355 4.7279316  8.17333752 4.39254502]
[70/100] subhalo 2288644 done; total_formed=8.780e+00
Building SWIFTGalaxy for subhalo 11725460 (soap_index=43885775)
Read masses: Nstars=30521, sum_current=4.317900e+10 Msun
DEBUG: sample z (first valid): [5.63655696 1.53465347 6.98343282 4.35162502 2.34333231 5.67712685
 9.02232757 1.57610063 2.33075828 1.57751907]
DEBUG: Planck15 ages (Gyr): [1.00888599 4.1939483  0.76469624 1.39231599 2.80114246 0.99971292
 0.54343777 4.09713523 2.81672678 4.09388597]
DEBUG: cosmo_colibre ages (Gyr): [1.0108186  4.19437173 0.76655069 1.39429184 2.80272229 1.00164342
 0.54516965 4.09766488 2.81829793 4.09441912]
DEBUG: us.look_back_time -> ages (Gyr): [1.0108186  4.19437174 0.76655069 1.39429184 2.80272229 1.00164342
 0.54516966 4.09766488 2.81829793 4.09441912]
[71/100] subhalo 11725460 done; total_formed=7.089e+00
Building SWIFTGalaxy for subhalo 612646 (soap_index=43887620)
Read masses: Nstars=55255, sum_current=7.434250e+10 Msun
DEBUG: sample z (first valid): [0.01073411 0.02157376 0.03512762 0.04276986 0.01292117 0.01317173
 0.01593601 0.01404964 0.01763975 0.02208359]
DEBUG: Planck15 ages (Gyr): [13.64388367 13.49106276 13.30333042 13.19909158 13.61285524 13.60930689
 13.57024473 13.59688405 13.54624724 13.48393416]
DEBUG: cosmo_colibre ages (Gyr): [13.61323076 13.46120661 13.27444269 13.17073657 13.58236471 13.57883491
 13.53997668 13.56647698 13.51610424 13.45411499]
DEBUG: us.look_back_time -> ages (Gyr): [13.61323076 13.46120661 13.27444269 13.17073657 13.58236471 13.57883491
 13.53997668 13.56647698 13.51610424 13.45411499]
[72/100] subhalo 612646 done; total_formed=1.243e+01
Building SWIFTGalaxy for subhalo 5102187 (soap_index=43925597)
Read masses: Nstars=57666, sum_current=8.044458e+10 Msun
DEBUG: sample z (first valid): [0.19809872 0.18475667 7.13101737 0.10800027 0.19565059 3.58614416
 6.13977557 0.27333489 3.87401458 5.70445013]
DEBUG: Planck15 ages (Gyr): [11.30842783 11.45515961  0.74395953 12.35436564 11.33514951  1.75309598
  0.90418359 10.52942653  1.60094352  0.99361276]
DEBUG: cosmo_colibre ages (Gyr): [11.28906587 11.43514794  0.74580494 12.33019046 11.31566987  1.75504619
  0.90608854 10.51336675  1.60291151  0.99554183]
DEBUG: us.look_back_time -> ages (Gyr): [11.28906587 11.43514794  0.74580494 12.33019046 11.31566987  1.75504619
  0.90608854 10.51336675  1.60291151  0.99554184]
[73/100] subhalo 5102187 done; total_formed=1.330e+01
Building SWIFTGalaxy for subhalo 129661 (soap_index=43972391)
Read masses: Nstars=60255, sum_current=7.831550e+10 Msun
DEBUG: sample z (first valid): [2.53636952 5.53660483 3.79064327 1.16992252 3.3061962  3.4755856
 5.65002537 1.92180116 4.72216886 3.70399081]
DEBUG: Planck15 ages (Gyr): [2.5785874  1.03209223 1.64269091 5.23193946 1.92548217 1.81800549
 1.00582526 3.41311182 1.25966626 1.68802698]
DEBUG: cosmo_colibre ages (Gyr): [2.58028101 1.03402993 1.64465499 5.23096455 1.9274007  1.81994517
 1.00775717 3.41427998 1.26163631 1.68998598]
DEBUG: us.look_back_time -> ages (Gyr): [2.58028101 1.03402994 1.644655   5.23096456 1.92740071 1.81994517
 1.00775718 3.41427999 1.26163632 1.68998599]
[74/100] subhalo 129661 done; total_formed=1.298e+01
Building SWIFTGalaxy for subhalo 290439 (soap_index=44021817)
Read masses: Nstars=158397, sum_current=2.151569e+11 Msun
DEBUG: sample z (first valid): [0.08625605 5.80045657 0.30342084 0.69116433 0.27333489 0.19958998
 0.22423971 0.18991938 0.07527729 0.11790393]
DEBUG: Planck15 ages (Gyr): [12.62726054  0.97266118 10.23949804  7.36076589 10.52942653 11.29219466
 11.02863813 11.39806061 12.7682862  12.23283081]
DEBUG: cosmo_colibre ages (Gyr): [12.60176238  0.97458512 10.22460202  7.35534341 10.51336675 11.27290405
 11.01049101 11.37830278 12.74209398 12.20923613]
DEBUG: us.look_back_time -> ages (Gyr): [12.60176238  0.97458513 10.22460202  7.35534341 10.51336675 11.27290405
 11.01049101 11.37830278 12.74209398 12.20923613]
[75/100] subhalo 290439 done; total_formed=3.560e+01
Building SWIFTGalaxy for subhalo 615201 (soap_index=44071201)
Read masses: Nstars=69097, sum_current=9.964489e+10 Msun
DEBUG: sample z (first valid): [0.29651025 0.48810173 0.58085681 7.13101737 0.4022595  8.09211987
 4.97138952 0.56799694 0.84359176 7.06547289]
DEBUG: Planck15 ages (Gyr): [10.30505955  8.6915312   8.04210241  0.74395953  9.36480328  0.62907121
  1.18180511  8.12770313  6.55535834  0.75305219]
DEBUG: cosmo_colibre ages (Gyr): [10.28990354  8.6822134   8.03479225  0.74580494  9.35319377  0.63085797
  1.18376747  8.12013991  6.55187575  0.75490161]
DEBUG: us.look_back_time -> ages (Gyr): [10.28990354  8.6822134   8.03479225  0.74580494  9.35319377  0.63085797
  1.18376747  8.12013991  6.55187575  0.75490161]
[76/100] subhalo 615201 done; total_formed=1.640e+01
Building SWIFTGalaxy for subhalo 241822 (soap_index=44146022)
Read masses: Nstars=50920, sum_current=7.009014e+10 Msun
DEBUG: sample z (first valid): [8.16587413 0.81299104 2.55787188 1.77436288 3.93159756 4.11760112
 0.49570933 9.29064929 5.25104922 0.13761978]
DEBUG: Planck15 ages (Gyr): [ 0.62148407  6.70578579  2.5556006   3.6803322   1.5731248   1.48852042
  8.63536165  0.52228527  1.1035223  11.99587507]
DEBUG: cosmo_colibre ages (Gyr): [ 0.62326639  6.70196488  2.55730489  3.68127391  1.57509496  1.49049511
  8.62622543  0.52400183  1.10547347 11.97339651]
DEBUG: us.look_back_time -> ages (Gyr): [ 0.62326639  6.70196489  2.55730489  3.68127392  1.57509496  1.49049511
  8.62622543  0.52400183  1.10547348 11.97339651]
[77/100] subhalo 241822 done; total_formed=1.161e+01
Building SWIFTGalaxy for subhalo 645175 (soap_index=44226546)
Read masses: Nstars=133135, sum_current=1.783473e+11 Msun
DEBUG: sample z (first valid): [4.97138952 5.37261766 2.24564184 1.10172535 3.19403558 4.46133333
 0.26341764 3.64234611 4.16967737 0.26370999]
DEBUG: Planck15 ages (Gyr): [ 1.18180511  1.07213871  2.92606633  5.47153559  2.0025658   1.35071033
 10.62760245  1.7215556   1.46617741 10.62468949]
DEBUG: cosmo_colibre ages (Gyr): [ 1.18376747  1.07408437  2.92757397  5.47016825  2.00446633  1.3526853
 10.61114044  1.72351028  1.46815276 10.60823947]
DEBUG: us.look_back_time -> ages (Gyr): [ 1.18376747  1.07408437  2.92757397  5.47016826  2.00446633  1.35268531
 10.61114044  1.72351029  1.46815276 10.60823947]
[78/100] subhalo 645175 done; total_formed=2.963e+01
Building SWIFTGalaxy for subhalo 250570 (soap_index=44240658)
Read masses: Nstars=23792, sum_current=3.250777e+10 Msun
DEBUG: sample z (first valid): [4.59610622 0.13880587 0.01430075 4.56191123 0.05471868 0.36715621
 0.26820961 0.77296829 3.68013997 2.14170662]
DEBUG: Planck15 ages (Gyr): [ 1.30235342 11.98182822 13.59333364  1.3143477  13.03839687  9.66247427
 10.5799998   6.91072413  1.70087021  3.06931285]
DEBUG: cosmo_colibre ages (Gyr): [ 1.30432631 11.95941516 13.56294511  1.31632122 13.010856    9.64978485
 10.56373333  6.90642458  1.70282762  3.07073031]
DEBUG: us.look_back_time -> ages (Gyr): [ 1.30432632 11.95941516 13.56294511  1.31632122 13.010856    9.64978486
 10.56373333  6.90642458  1.70282762  3.07073031]
[79/100] subhalo 250570 done; total_formed=5.392e+00
Building SWIFTGalaxy for subhalo 105337 (soap_index=44259630)
Read masses: Nstars=45662, sum_current=6.339505e+10 Msun
DEBUG: sample z (first valid): [7.38270657 5.11914099 3.55839188 3.8348211  5.88403361 0.36442372
 0.58559954 7.38270657 0.81862582 0.40153978]
DEBUG: Planck15 ages (Gyr): [0.71068305 1.13933827 1.76902496 1.6203477  0.95501267 9.68622597
 8.01087568 0.71068305 6.67768753 9.37077017]
DEBUG: cosmo_colibre ages (Gyr): [0.71251301 1.14129501 1.77097274 1.62231396 0.95693204 9.67344865
 8.00365696 0.71251301 6.67393065 9.35913941]
DEBUG: us.look_back_time -> ages (Gyr): [0.71251302 1.14129501 1.77097274 1.62231397 0.95693204 9.67344865
 8.00365696 0.71251302 6.67393066 9.35913941]
[80/100] subhalo 105337 done; total_formed=1.054e+01
Building SWIFTGalaxy for subhalo 645160 (soap_index=44369861)
Read masses: Nstars=41312, sum_current=5.098735e+10 Msun
DEBUG: sample z (first valid): [3.87401458 7.5200208  5.66354855 2.89863177 3.40578151 1.92780558
 7.75213675 2.64940417 2.56872141 2.9460501 ]
DEBUG: Planck15 ages (Gyr): [1.60094352 0.69355723 1.00276756 2.23198012 1.86106412 3.40290312
 0.66612391 2.461418   2.54412966 2.19230895]
DEBUG: cosmo_colibre ages (Gyr): [1.60291151 0.69537879 1.00469878 2.23381343 1.86299588 3.40407936
 0.66793129 2.46316395 2.5458392  2.19415533]
DEBUG: us.look_back_time -> ages (Gyr): [1.60291151 0.69537879 1.00469878 2.23381343 1.86299588 3.40407937
 0.66793129 2.46316395 2.54583921 2.19415533]
[81/100] subhalo 645160 done; total_formed=8.610e+00
Building SWIFTGalaxy for subhalo 31412 (soap_index=44371575)
Read masses: Nstars=29043, sum_current=4.000601e+10 Msun
DEBUG: sample z (first valid): [6.72830189 3.35918585 2.41297781 2.73850542 6.78337292 1.00171045
 6.9351011  4.21202481 2.1195735  5.41126981]
DEBUG: Planck15 ages (Gyr): [0.80288998 1.89075433 2.71732876 2.37510029 0.79438106 5.85561517
 0.77169686 1.44841526 3.10130245 1.06246983]
DEBUG: cosmo_colibre ages (Gyr): [0.80475998 1.8926802  2.71895365 2.37688145 0.79624771 5.85356248
 0.77355426 1.45039096 3.10269868 1.06441366]
DEBUG: us.look_back_time -> ages (Gyr): [0.80475998 1.89268021 2.71895366 2.37688146 0.79624771 5.85356248
 0.77355427 1.45039096 3.10269868 1.06441366]
[82/100] subhalo 31412 done; total_formed=6.662e+00
Building SWIFTGalaxy for subhalo 250105 (soap_index=44388268)
Read masses: Nstars=53489, sum_current=7.188656e+10 Msun
DEBUG: sample z (first valid): [6.4362873  3.4755856  4.59610622 0.59052519 3.94387447 0.1057569
 0.38249937 9.10422448 2.75693648 0.68872397]
DEBUG: Planck15 ages (Gyr): [ 0.8506526   1.81800549  1.30235342  7.97863782  1.56729723 12.38213278
  9.53068021  0.53683272  2.35786641  7.37487497]
DEBUG: cosmo_colibre ages (Gyr): [ 0.85254016  1.81994517  1.30432631  7.971513    1.56926781 12.3578242
  9.5184739   0.53855989  2.35965426  7.36941568]
DEBUG: us.look_back_time -> ages (Gyr): [ 0.85254016  1.81994517  1.30432632  7.971513    1.56926781 12.35782421
  9.5184739   0.5385599   2.35965426  7.36941569]
[83/100] subhalo 250105 done; total_formed=1.201e+01
Building SWIFTGalaxy for subhalo 1087301 (soap_index=44424854)
Read masses: Nstars=19204, sum_current=2.379349e+10 Msun
DEBUG: sample z (first valid): [5.10034441 1.87463813 1.88349173 2.45617551 4.89936088 5.11914099
 3.70872252 9.12529934 8.05506045 2.46531303]
DEBUG: Planck15 ages (Gyr): [1.14459906 3.49506357 3.47943659 2.66739039 1.20346989 1.13933827
 1.68549813 0.53515458 0.63294185 2.65702003]
DEBUG: cosmo_colibre ages (Gyr): [1.14655655 3.49616537 3.48055125 2.66904086 1.20543472 1.14129501
 1.68745744 0.53688055 0.63473085 2.6586757 ]
DEBUG: us.look_back_time -> ages (Gyr): [1.14655655 3.49616537 3.48055126 2.66904086 1.20543473 1.14129501
 1.68745744 0.53688055 0.63473085 2.6586757 ]
[84/100] subhalo 1087301 done; total_formed=4.018e+00
Building SWIFTGalaxy for subhalo 1104481 (soap_index=44519467)
Read masses: Nstars=90894, sum_current=1.215894e+11 Msun
DEBUG: sample z (first valid): [1.14801704 0.79629427 7.39935918 1.63705134 0.28240451 1.53465347
 1.38434112 1.48186018 0.63301106 1.63514274]
DEBUG: Planck15 ages (Gyr): [ 5.30705825  6.79012703  0.70856887  3.96117804 10.44078599  4.1939483
  4.5779288   4.32270875  7.70853583  3.96532421]
DEBUG: cosmo_colibre ages (Gyr): [ 5.30596319  6.78611161  0.71039782  3.96185011 10.42508584  4.19437173
  4.57789096  4.32298467  7.70217799  3.96599205]
DEBUG: us.look_back_time -> ages (Gyr): [ 5.30596319  6.78611161  0.71039782  3.96185011 10.42508584  4.19437174
  4.57789096  4.32298467  7.702178    3.96599206]
[85/100] subhalo 1104481 done; total_formed=2.031e+01
Building SWIFTGalaxy for subhalo 32144 (soap_index=44562819)
Read masses: Nstars=32227, sum_current=4.430409e+10 Msun
DEBUG: sample z (first valid): [4.29455486 1.86458607 2.67066204 2.51324113 3.18145856 6.26402128
 2.09423985 9.26968581 2.35462735 2.12910619]
DEBUG: Planck15 ages (Gyr): [1.41480721 3.51294481 2.44036014 2.60369437 2.0115271  0.88108959
 3.13859221 0.52388825 2.78726355 3.08745805]
DEBUG: cosmo_colibre ages (Gyr): [1.41678318 3.51403176 2.44211494 2.60537609 2.01342539 0.88298732
 3.13996318 0.52560599 2.78885103 3.08886352]
DEBUG: us.look_back_time -> ages (Gyr): [1.41678318 3.51403176 2.44211494 2.60537609 2.01342539 0.88298732
 3.13996319 0.525606   2.78885103 3.08886352]
[86/100] subhalo 32144 done; total_formed=7.453e+00
Building SWIFTGalaxy for subhalo 307635 (soap_index=44562851)
Read masses: Nstars=14026, sum_current=2.054191e+10 Msun
DEBUG: sample z (first valid): [3.0934416  2.80139211 3.22949338 2.22678484 2.2768     1.91556188
 2.30156171 1.5002289  2.43084494 1.39970707]
DEBUG: Planck15 ages (Gyr): [2.07613894 2.31713564 1.97765353 2.95123278 2.88524592 3.42377279
 2.85346668 4.27719447 2.69648891 4.53613139]
DEBUG: cosmo_colibre ages (Gyr): [2.07802013 2.31893886 1.97956013 2.95272516 2.88677781 3.42493247
 2.855017   4.27752336 2.69812459 4.5361469 ]
DEBUG: us.look_back_time -> ages (Gyr): [2.07802013 2.31893886 1.97956013 2.95272516 2.88677782 3.42493248
 2.855017   4.27752336 2.69812459 4.5361469 ]
[87/100] subhalo 307635 done; total_formed=3.451e+00
Building SWIFTGalaxy for subhalo 3802165 (soap_index=44563210)
Read masses: Nstars=72333, sum_current=9.257199e+10 Msun
DEBUG: sample z (first valid): [1.4899696  1.5702408  2.66041108 2.48521591 2.88522646 2.14020125
 3.39072759 1.28986723 6.07655761 4.74574785]
DEBUG: Planck15 ages (Gyr): [4.30251945 4.11060265 2.45047747 2.63465975 2.24341035 3.07147147
 1.87057151 4.8490306  0.9163231  1.25193948]
DEBUG: cosmo_colibre ages (Gyr): [4.30281898 4.11111776 2.45222803 2.63632648 2.24523978 3.07288751
 1.87250142 4.84862784 0.91823167 1.25390891]
DEBUG: us.look_back_time -> ages (Gyr): [4.30281898 4.11111776 2.45222804 2.63632648 2.24523978 3.07288751
 1.87250142 4.84862785 0.91823168 1.25390892]
[88/100] subhalo 3802165 done; total_formed=1.559e+01
Building SWIFTGalaxy for subhalo 4859912 (soap_index=44563316)
Read masses: Nstars=35468, sum_current=4.806652e+10 Msun
DEBUG: sample z (first valid): [1.57468374 2.67560292 1.80331936 1.3892089  4.06343197 1.90187744
 1.84123819 1.44646857 2.32467532 2.71814365]
DEBUG: Planck15 ages (Gyr): [4.10038507 2.4355082  3.625222   4.56462119 1.51236662 3.44734609
 3.55505662 4.41263028 2.82431715 2.394382  ]
DEBUG: cosmo_colibre ages (Gyr): [4.10091122 2.43726501 3.62621279 4.56460043 1.51434036 3.44848686
 3.5561081  4.41279891 2.82588404 2.39615553]
DEBUG: us.look_back_time -> ages (Gyr): [4.10091122 2.43726502 3.6262128  4.56460043 1.51434036 3.44848686
 3.55610811 4.41279891 2.82588404 2.39615554]
[89/100] subhalo 4859912 done; total_formed=8.072e+00
Building SWIFTGalaxy for subhalo 4872109 (soap_index=44596959)
Read masses: Nstars=21486, sum_current=3.093639e+10 Msun
DEBUG: sample z (first valid): [0.66656495 2.5185225  0.04038608 5.82808919 0.59859498 0.53178758
 0.34781178 4.05561984 4.85142857 0.48958996]
DEBUG: Planck15 ages (Gyr): [ 7.50489976  2.59792589 13.2314825   0.9667666   7.92624382  8.37622924
  9.83247957  1.5158579   1.21825501  8.68050025]
DEBUG: cosmo_colibre ages (Gyr): [ 7.49909677  2.59961036 13.20296234  0.96868904  7.91927054  8.36791134
  9.81915541  1.51783148  1.22022138  8.67121822]
DEBUG: us.look_back_time -> ages (Gyr): [ 7.49909677  2.59961036 13.20296234  0.96868904  7.91927054  8.36791134
  9.81915541  1.51783148  1.22022139  8.67121822]
[90/100] subhalo 4872109 done; total_formed=5.109e+00
Building SWIFTGalaxy for subhalo 112765 (soap_index=44618684)
Read masses: Nstars=47461, sum_current=6.245997e+10 Msun
DEBUG: sample z (first valid): [7.5200208  6.63466915 2.11808926 0.72336173 2.94225217 7.85501959
 3.67080037 4.85142857 2.24050633 1.43755114]
DEBUG: Planck15 ages (Gyr): [0.69355723 0.81770925 3.10346716 7.17841396 2.19544339 0.65453614
 1.70594355 1.21825501 2.93288522 4.43576215]
DEBUG: cosmo_colibre ages (Gyr): [0.69537879 0.81958491 3.10486193 7.17345838 2.19728876 0.65633726
 1.70790031 1.22022138 2.93438875 4.43590262]
DEBUG: us.look_back_time -> ages (Gyr): [0.69537879 0.81958492 3.10486194 7.17345839 2.19728876 0.65633726
 1.70790031 1.22022139 2.93438875 4.43590262]
[91/100] subhalo 112765 done; total_formed=1.045e+01
Building SWIFTGalaxy for subhalo 3258 (soap_index=44680477)
Read masses: Nstars=158115, sum_current=2.052771e+11 Msun
DEBUG: sample z (first valid): [1.99387848 4.780718   6.77967711 0.94261323 0.64086129 1.66125233
 0.62217822 5.69076059 0.70241064 0.70241064]
DEBUG: Planck15 ages (Gyr): [3.29377488 1.24062376 0.79494739 6.10286764 7.66014719 3.9092072
 7.77607467 0.99666131 7.29627445 7.29627445]
DEBUG: cosmo_colibre ages (Gyr): [3.29503489 1.24259223 0.79681427 6.10033663 7.65392303 3.90993165
 7.76952837 0.9985911  7.29101895 7.29101895]
DEBUG: us.look_back_time -> ages (Gyr): [3.29503489 1.24259224 0.79681427 6.10033663 7.65392303 3.90993166
 7.76952837 0.99859111 7.29101895 7.29101895]
[92/100] subhalo 3258 done; total_formed=3.447e+01
Building SWIFTGalaxy for subhalo 2201784 (soap_index=44715983)
Read masses: Nstars=14915, sum_current=2.100405e+10 Msun
DEBUG: sample z (first valid): [0.30207423 1.84864818 2.9786304  2.8217868  7.06547289 0.5340824
 4.37312454 1.85908734 6.03931257 0.88777509]
DEBUG: Planck15 ages (Gyr): [10.25222591  3.54160288  2.16572089  2.29883621  0.75305219  8.36014202
  1.38399642  3.52278936  0.92360249  6.34721834]
DEBUG: cosmo_colibre ages (Gyr): [10.23727956  3.54266578  2.1675757   2.30064613  0.75490161  8.35187387
  1.38597216  3.52386809  0.92551318  6.34418576]
DEBUG: us.look_back_time -> ages (Gyr): [10.23727956  3.54266578  2.1675757   2.30064613  0.75490161  8.35187387
  1.38597216  3.52386809  0.92551318  6.34418576]
[93/100] subhalo 2201784 done; total_formed=3.435e+00
Building SWIFTGalaxy for subhalo 116672 (soap_index=44736391)
Read masses: Nstars=21309, sum_current=2.829550e+10 Msun
DEBUG: sample z (first valid): [2.47228992 2.10214901 6.83923445 7.23058085 0.32997808 2.49004154
 0.9391644  3.03845206 0.45158147 2.9786304 ]
DEBUG: Planck15 ages (Gyr): [2.64914633 3.12687199 0.78590204 0.7304923  9.9931112  2.62928486
 6.11779936 2.11826592 8.96889687 2.16572089]
DEBUG: cosmo_colibre ages (Gyr): [2.65080591 3.12825096 0.78776529 0.7323316  9.97917543 2.63095421
 6.11523852 2.12013508 8.95866058 2.1675757 ]
DEBUG: us.look_back_time -> ages (Gyr): [2.65080591 3.12825096 0.78776529 0.73233161 9.97917543 2.63095421
 6.11523853 2.12013509 8.95866058 2.1675757 ]
[94/100] subhalo 116672 done; total_formed=4.748e+00
Building SWIFTGalaxy for subhalo 557838 (soap_index=44741229)
Read masses: Nstars=25136, sum_current=3.343966e+10 Msun
DEBUG: sample z (first valid): [4.275801   0.2202279  3.81528288 0.11531654 0.06770935 0.12899669
 0.2465003  0.1187436  0.2714574  0.25097351]
DEBUG: Planck15 ages (Gyr): [ 1.42232989 11.07092738  1.63016681 12.26441864 12.86679402 12.09870407
 10.79815192 12.22260457 10.54791189 10.75267428]
DEBUG: cosmo_colibre ages (Gyr): [ 1.42430584 11.05259868  1.63213214 12.2406736  12.84011287 12.07574373
 10.78098148 12.19905849 10.53177669 10.73569394]
DEBUG: us.look_back_time -> ages (Gyr): [ 1.42430584 11.05259868  1.63213214 12.2406736  12.84011287 12.07574373
 10.78098148 12.1990585  10.53177669 10.73569394]
[95/100] subhalo 557838 done; total_formed=5.554e+00
Building SWIFTGalaxy for subhalo 115381 (soap_index=44758345)
Read masses: Nstars=44233, sum_current=6.052739e+10 Msun
DEBUG: sample z (first valid): [1.06464621 0.41229204 0.31545564 1.19213273 1.03338504 1.83141796
 1.71730658 4.57326303 0.52013361 0.5936193 ]
DEBUG: Planck15 ages (Gyr): [ 5.60917042  9.282208   10.12676123  5.15748343  5.72950017  3.57301491
  3.79298534  1.31034568  8.45864709  7.95848733]
DEBUG: cosmo_colibre ages (Gyr): [ 5.6075655   9.27089096 10.11230788  5.15662504  5.72768022  3.57405105
  3.79382283  1.31231899  8.45007239  7.95142094]
DEBUG: us.look_back_time -> ages (Gyr): [ 5.6075655   9.27089096 10.11230788  5.15662504  5.72768022  3.57405106
  3.79382283  1.31231899  8.4500724   7.95142094]
[96/100] subhalo 115381 done; total_formed=1.002e+01
Building SWIFTGalaxy for subhalo 34442 (soap_index=44776285)
Read masses: Nstars=21691, sum_current=2.766298e+10 Msun
DEBUG: sample z (first valid): [ 2.49898558  2.37918944  2.52116914  2.73381951  4.52021563 12.48199959
  3.48815231  3.02110688  2.96659     2.36254489]
DEBUG: Planck15 ages (Gyr): [2.61937029 2.75746914 2.59504304 2.37951494 1.32922279 0.34794743
 1.81042868 2.13184741 2.17548451 2.77760191]
DEBUG: cosmo_colibre ages (Gyr): [2.62104447 2.75907279 2.59672888 2.38129436 1.33119698 0.34950151
 1.81236968 2.13371255 2.17733625 2.77919467]
DEBUG: us.look_back_time -> ages (Gyr): [2.62104447 2.75907279 2.59672888 2.38129437 1.33119698 0.34950152
 1.81236968 2.13371255 2.17733626 2.77919467]
[97/100] subhalo 34442 done; total_formed=4.670e+00
Building SWIFTGalaxy for subhalo 116712 (soap_index=44776301)
Read masses: Nstars=38274, sum_current=5.523418e+10 Msun
DEBUG: sample z (first valid): [0.95606495 0.79787117 0.82388957 5.81459915 7.81037844 2.43732298
 5.69076059 1.49889423 0.63301106 4.07480254]
DEBUG: Planck15 ages (Gyr): [6.04516942 6.78209165 6.65160361 0.96963686 0.65952263 2.6889978
 0.99666131 4.28047551 7.70853583 1.50730882]
DEBUG: cosmo_colibre ages (Gyr): [6.04275265 6.77809492 6.64790583 0.97156003 0.66132646 2.69063732
 0.9985911  4.2808006  7.70217799 1.50928278]
DEBUG: us.look_back_time -> ages (Gyr): [6.04275265 6.77809492 6.64790583 0.97156003 0.66132646 2.69063732
 0.99859111 4.28080061 7.702178   1.50928279]
[98/100] subhalo 116712 done; total_formed=9.124e+00
Building SWIFTGalaxy for subhalo 2195454 (soap_index=44776421)
Read masses: Nstars=18614, sum_current=2.817838e+10 Msun
DEBUG: sample z (first valid): [2.9280748  0.74353517 1.42116152 2.42869101 0.9313922  5.46184185
 1.29307208 2.7556447  1.40375587 1.13347223]
DEBUG: Planck15 ages (Gyr): [2.20720957 7.06766299 4.47878826 2.69898727 6.15165908 1.05003612
 4.83941727 2.35906756 4.52521994 5.35788449]
DEBUG: cosmo_colibre ages (Gyr): [2.20905111 7.06298307 4.4788757  2.70062167 6.14903021 1.05197751
 4.83902802 2.36085495 4.52524925 5.35670663]
DEBUG: us.look_back_time -> ages (Gyr): [2.20905112 7.06298307 4.47887571 2.70062167 6.14903022 1.05197751
 4.83902802 2.36085495 4.52524925 5.35670664]
[99/100] subhalo 2195454 done; total_formed=4.661e+00
Building SWIFTGalaxy for subhalo 3871548 (soap_index=44776528)
Read masses: Nstars=18584, sum_current=2.659414e+10 Msun
DEBUG: sample z (first valid): [0.73669705 1.13208407 0.72191277 1.11025245 2.29525342 4.99597438
 0.56157072 0.89607684 1.43682606 2.61637788]
DEBUG: Planck15 ages (Gyr): [7.10490836 5.36277565 7.18647096 5.44063749 2.8615081  1.17455828
 8.17099399 6.30925725 4.43765159 2.49473231]
DEBUG: cosmo_colibre ages (Gyr): [7.10013641 5.36158976 7.1814951  5.43932226 2.86305379 1.17651975
 8.16330144 6.30630448 4.43778974 2.49646391]
DEBUG: us.look_back_time -> ages (Gyr): [7.10013641 5.36158976 7.1814951  5.43932226 2.86305379 1.17651976
 8.16330144 6.30630448 4.43778974 2.49646391]
[100/100] subhalo 3871548 done; total_formed=4.399e+00
All halos processed. Writing CSV.
Wrote relicness_extras_1400_1500.csv (100 rows) in 5935.7s
