Starting pure-swift relicness script
Loaded SOAP mapping for 91142867 halos
Batch mode: processing 100 halos (slice 1000:1100)
Building SWIFTGalaxy for subhalo 243244 (soap_index=29313840)
Read masses: Nstars=94908, sum_current=1.305468e+11 Msun
DEBUG: sample z (first valid): [8.07323827 6.95146809 0.47603604 0.61101278 1.92623683 0.58238362
 0.55771059 0.59284464 0.60911412 0.606432  ]
DEBUG: Planck15 ages (Gyr): [0.63103835 0.76931429 8.78173952 7.84663019 3.40556549 8.03202969
 8.19716518 7.96352508 7.85872441 7.87585732]
DEBUG: cosmo_colibre ages (Gyr): [0.63282625 0.77117069 8.77212697 7.83988463 3.40673964 8.02474907
 8.18939402 7.9564441  7.85194446 7.86902851]
DEBUG: us.look_back_time -> ages (Gyr): [0.63282625 0.7711707  8.77212698 7.83988463 3.40673964 8.02474907
 8.18939402 7.9564441  7.85194446 7.86902852]
[1/100] subhalo 243244 done; total_formed=2.160e+01
Building SWIFTGalaxy for subhalo 28276 (soap_index=29318113)
Read masses: Nstars=152292, sum_current=1.999271e+11 Msun
DEBUG: sample z (first valid): [0.2925213  4.780718   3.94387447 0.28441518 6.54240994 0.30612245
 0.33084234 0.29058685 0.30841719 0.29190979]
DEBUG: Planck15 ages (Gyr): [10.34318079  1.24062376  1.56729723 10.4212814   0.83276117 10.2140323
  9.98523868 10.36174152 10.192474   10.34904287]
DEBUG: cosmo_colibre ages (Gyr): [10.32787275  1.24259223  1.56926781 10.40565993  0.83464239 10.19923675
  9.97133315 10.34635924 10.1777633  10.3337114 ]
DEBUG: us.look_back_time -> ages (Gyr): [10.32787275  1.24259224  1.56926781 10.40565994  0.83464239 10.19923676
  9.97133315 10.34635924 10.1777633  10.3337114 ]
[2/100] subhalo 28276 done; total_formed=3.338e+01
Building SWIFTGalaxy for subhalo 243302 (soap_index=29318118)
Read masses: Nstars=30285, sum_current=3.938692e+10 Msun
DEBUG: sample z (first valid): [ 3.43500034  1.86608939  0.63758121 10.34429635  0.61323356  7.03235691
  1.52761493  2.33245195  9.63033252  3.12643244]
DEBUG: Planck15 ages (Gyr): [1.84283732 3.51026114 7.6803093  0.45110189 7.83251985 0.75771668
 4.2107555  2.81461937 0.49740603 2.0515244 ]
DEBUG: cosmo_colibre ages (Gyr): [1.84477253 3.51135033 7.67402957 0.45276075 7.82581434 0.75956813
 4.21116009 2.8161917  0.49910355 2.05341229]
DEBUG: us.look_back_time -> ages (Gyr): [1.84477253 3.51135033 7.67402958 0.45276075 7.82581434 0.75956814
 4.21116009 2.8161917  0.49910355 2.0534123 ]
[3/100] subhalo 243302 done; total_formed=6.606e+00
Building SWIFTGalaxy for subhalo 11156245 (soap_index=29318451)
Read masses: Nstars=178637, sum_current=2.307759e+11 Msun
DEBUG: sample z (first valid): [5.30821061 4.14896292 1.90110668 2.08027825 1.09313318 3.58839179
 4.65014225 1.93672701 1.21450294 7.2223198 ]
DEBUG: Planck15 ages (Gyr): [1.08857835 1.47499781 3.44868167 3.1594573  5.50295089 1.7518163
 1.28376623 3.38782651 5.08417799 0.73159425]
DEBUG: cosmo_colibre ages (Gyr): [1.09052697 1.47697292 3.44982136 3.1608139  5.5015301  1.7537667
 1.285738   3.38901461 5.08343183 0.73343405]
DEBUG: us.look_back_time -> ages (Gyr): [1.09052697 1.47697293 3.44982136 3.16081391 5.5015301  1.7537667
 1.285738   3.38901462 5.08343183 0.73343406]
[4/100] subhalo 11156245 done; total_formed=3.866e+01
Building SWIFTGalaxy for subhalo 107968 (soap_index=29342403)
Read masses: Nstars=44920, sum_current=5.957553e+10 Msun
DEBUG: sample z (first valid): [0.86245311 4.93515667 1.7206908  1.38312727 1.0047721  0.83986524
 3.13502429 1.708323   1.06934007 3.79695506]
DEBUG: Planck15 ages (Gyr): [6.46522795 1.19262156 3.78614822 4.58125692 5.84323544 6.57339629
 2.04519303 3.8112322  5.59144695 1.63946754]
DEBUG: cosmo_colibre ages (Gyr): [6.4619428  1.19458519 3.78699218 4.5812148  5.84120593 6.56987371
 2.0470826  3.81205232 5.58987313 1.64143195]
DEBUG: us.look_back_time -> ages (Gyr): [6.46194281 1.1945852  3.78699219 4.5812148  5.84120593 6.56987371
 2.04708261 3.81205232 5.58987313 1.64143195]
[5/100] subhalo 107968 done; total_formed=9.952e+00
Building SWIFTGalaxy for subhalo 244536 (soap_index=29367139)
Read masses: Nstars=404081, sum_current=5.064961e+11 Msun
DEBUG: sample z (first valid): [4.03000998 0.89783389 0.43104201 4.72216886 4.38947368 1.03553236
 4.87556034 5.78637258 3.45762481 0.42531535]
DEBUG: Planck15 ages (Gyr): [1.52739727 6.30126818 9.13070108 1.25966626 1.3777249  5.72110531
 1.21077391 0.97568859 1.82892598 9.17658467]
DEBUG: cosmo_colibre ages (Gyr): [1.52937028 6.29833212 9.11991235 1.26163631 1.37970054 5.71930058
 1.21273952 0.97761329 1.83086373 9.16563706]
DEBUG: us.look_back_time -> ages (Gyr): [1.52937028 6.29833212 9.11991235 1.26163632 1.37970054 5.71930058
 1.21273952 0.97761329 1.83086373 9.16563706]
[6/100] subhalo 244536 done; total_formed=8.463e+01
Building SWIFTGalaxy for subhalo 532748 (soap_index=29449239)
Read masses: Nstars=23660, sum_current=3.221822e+10 Msun
DEBUG: sample z (first valid): [4.58466127 7.1476969  8.31636932 0.49189583 0.57599077 5.34669766
 4.18563064 5.23202739 0.1533155  0.4836548 ]
DEBUG: Planck15 ages (Gyr): [ 1.30634758  0.74167476  0.60646622  8.66345013  8.07433233  1.07870479
  1.45944381  1.10857096 11.8118661   8.72461699]
DEBUG: cosmo_colibre ages (Gyr): [ 1.30832069  0.74351915  0.60823953  8.65422329  8.06692731  1.08065165
  1.4614193   1.11052296 11.79023969  8.71519153]
DEBUG: us.look_back_time -> ages (Gyr): [ 1.30832069  0.74351915  0.60823953  8.6542233   8.06692731  1.08065165
  1.46141931  1.11052297 11.79023969  8.71519153]
[7/100] subhalo 532748 done; total_formed=5.374e+00
Building SWIFTGalaxy for subhalo 254078 (soap_index=29463812)
Read masses: Nstars=53391, sum_current=7.642603e+10 Msun
DEBUG: sample z (first valid): [5.38565722 4.14370928 0.8938851  0.45003983 3.42153556 4.63024055
 4.50583886 3.09318593 4.09690465 2.59416475]
DEBUG: Planck15 ages (Gyr): [1.06886057 1.47724885 6.31924494 8.98089338 1.85119985 1.29056048
 1.33441663 2.0763316  1.49755732 2.51755874]
DEBUG: cosmo_colibre ages (Gyr): [1.07080562 1.47922389 6.31627124 8.97061655 1.85313349 1.29253268
 1.33639103 2.07821273 1.49953168 2.51928026]
DEBUG: us.look_back_time -> ages (Gyr): [1.07080562 1.4792239  6.31627124 8.97061656 1.85313349 1.29253268
 1.33639104 2.07821273 1.49953168 2.51928027]
[8/100] subhalo 254078 done; total_formed=1.262e+01
Building SWIFTGalaxy for subhalo 12262 (soap_index=29488407)
Read masses: Nstars=7706, sum_current=1.088401e+10 Msun
DEBUG: sample z (first valid): [1.7640658  2.01897918 3.25420318 2.00265738 2.01453542 2.28172258
 1.55142879 1.77365837 1.5930205  3.08400324]
DEBUG: Planck15 ages (Gyr): [3.70025832 3.25380611 1.96059392 3.27970524 3.26082423 2.8788822
 4.15432404 3.68168996 4.05864616 2.08327076]
DEBUG: cosmo_colibre ages (Gyr): [3.70118198 3.25509561 1.96250454 3.2809757  3.2621086  2.88041781
 4.15479143 3.68263045 4.05921692 2.08514995]
DEBUG: us.look_back_time -> ages (Gyr): [3.70118199 3.25509561 1.96250454 3.2809757  3.2621086  2.88041782
 4.15479143 3.68263045 4.05921692 2.08514996]
[9/100] subhalo 12262 done; total_formed=1.827e+00
Building SWIFTGalaxy for subhalo 538603 (soap_index=29499364)
Read masses: Nstars=201905, sum_current=2.578724e+11 Msun
DEBUG: sample z (first valid): [0.84650062 5.56936648 1.10172535 0.47457475 0.47537145 0.61929235
 5.05693161 0.79472012 0.76437648 5.5164562 ]
DEBUG: Planck15 ages (Gyr): [6.54133149 1.02438897 5.47153559 8.79275933 8.78674868 7.79421838
 1.15690478 6.79816298 6.95597768 1.0368777 ]
DEBUG: cosmo_colibre ages (Gyr): [6.53787989 1.02632503 5.47016825 8.78311051 8.77711965 7.78762106
 1.15886397 6.79412886 6.95156968 1.03881641]
DEBUG: us.look_back_time -> ages (Gyr): [6.53787989 1.02632503 5.47016826 8.78311051 8.77711965 7.78762107
 1.15886398 6.79412886 6.95156968 1.03881641]
[10/100] subhalo 538603 done; total_formed=4.304e+01
Building SWIFTGalaxy for subhalo 8683650 (soap_index=29675770)
Read masses: Nstars=57967, sum_current=7.767970e+10 Msun
DEBUG: sample z (first valid): [5.1686747  3.46673937 2.95033153 1.93672701 1.31985841 0.42024965
 0.68438367 3.74726548 2.08346664 1.53976128]
DEBUG: Planck15 ages (Gyr): [1.12566538 1.82337064 2.18878432 3.38782651 4.76024499 9.21745717
 7.40007097 1.66513044 3.15467243 4.18181904]
DEBUG: cosmo_colibre ages (Gyr): [1.12762009 1.82530938 2.19063183 3.38901461 4.75996537 9.20636722
 7.39454572 1.66709211 3.15603234 4.182256  ]
DEBUG: us.look_back_time -> ages (Gyr): [1.12762009 1.82530938 2.19063183 3.38901462 4.75996538 9.20636722
 7.39454573 1.66709212 3.15603235 4.18225601]
[11/100] subhalo 8683650 done; total_formed=1.296e+01
Building SWIFTGalaxy for subhalo 1119268 (soap_index=29700472)
Read masses: Nstars=18565, sum_current=2.490192e+10 Msun
DEBUG: sample z (first valid): [7.1971232  3.43050297 0.72681282 1.26220228 3.65190233 0.01379865
 6.68120019 0.14517369 4.92335503 0.41803704]
DEBUG: Planck15 ages (Gyr): [ 0.73497236  1.84562352  7.15927979  4.93329741  1.71628608 13.60043401
  0.81028847 11.90681209  1.19618019  9.235394  ]
DEBUG: cosmo_colibre ages (Gyr): [ 0.73681371  1.84755821  7.15437227  4.93277449  1.71824148 13.57000839
  0.81216132 11.88474758  1.19814422  9.22424134]
DEBUG: us.look_back_time -> ages (Gyr): [ 0.73681372  1.84755821  7.15437227  4.93277449  1.71824148 13.57000839
  0.81216132 11.88474758  1.19814423  9.22424134]
[12/100] subhalo 1119268 done; total_formed=4.128e+00
Building SWIFTGalaxy for subhalo 550022 (soap_index=29731081)
Read masses: Nstars=44564, sum_current=6.083485e+10 Msun
DEBUG: sample z (first valid): [3.55364091 0.82267215 0.69870399 0.70117329 0.92889098 1.34997131
 1.25877163 0.73927813 4.1909703  1.22911565]
DEBUG: Planck15 ages (Gyr): [1.77177589 6.65762234 7.31743431 7.30332758 6.16261793 4.67368507
 4.94390973 7.09081461 1.45720147 5.03718358]
DEBUG: cosmo_colibre ages (Gyr): [1.77372324 6.65391095 7.31212425 7.29805391 6.15996693 4.6735221
 4.94337145 7.08607756 1.45917701 5.03650807]
DEBUG: us.look_back_time -> ages (Gyr): [1.77372324 6.65391095 7.31212425 7.29805391 6.15996693 4.6735221
 4.94337145 7.08607756 1.45917702 5.03650807]
[13/100] subhalo 550022 done; total_formed=1.004e+01
Building SWIFTGalaxy for subhalo 263276 (soap_index=29849783)
Read masses: Nstars=149044, sum_current=1.980273e+11 Msun
DEBUG: sample z (first valid): [1.10483042 8.62349486 1.04582631 5.0754612  2.0965791  2.2210754
 0.4980342  0.40370117 1.63705134 6.96790274]
DEBUG: Planck15 ages (Gyr): [5.46025228 0.57762589 5.68112903 1.15162567 3.13511832 2.95892256
 8.61830438 9.35286793 3.96117804 0.76693415]
DEBUG: cosmo_colibre ages (Gyr): [5.45890402 0.57938099 5.67939634 1.15358414 3.13649167 2.96041022
 8.60922302 9.34130088 3.96185011 0.76878955]
DEBUG: us.look_back_time -> ages (Gyr): [5.45890403 0.579381   5.67939634 1.15358415 3.13649167 2.96041022
 8.60922302 9.34130088 3.96185011 0.76878955]
[14/100] subhalo 263276 done; total_formed=3.312e+01
Building SWIFTGalaxy for subhalo 118817 (soap_index=29889443)
Read masses: Nstars=20028, sum_current=2.508745e+10 Msun
DEBUG: sample z (first valid): [4.85142857 4.22240816 1.69806505 2.14351497 6.65786399 1.42151936
 5.5164562  3.60483418 1.71730658 6.13977557]
DEBUG: Planck15 ages (Gyr): [1.21825501 1.4441145  3.8322421  3.06672306 0.81399608 4.4778417
 1.0368777  1.74250176 3.79298534 0.90418359]
DEBUG: cosmo_colibre ages (Gyr): [1.22022138 1.44609026 3.83304204 3.06814222 0.81587034 4.47793032
 1.03881641 1.74445351 3.79382283 0.90608854]
DEBUG: us.look_back_time -> ages (Gyr): [1.22022139 1.44609026 3.83304204 3.06814222 0.81587034 4.47793032
 1.03881641 1.74445352 3.79382283 0.90608854]
[15/100] subhalo 118817 done; total_formed=4.228e+00
Building SWIFTGalaxy for subhalo 15221 (soap_index=29926336)
Read masses: Nstars=29853, sum_current=3.796201e+10 Msun
DEBUG: sample z (first valid): [3.77632826 1.66406504 1.11134021 6.74382607 2.70176231 5.36580864
 0.90844496 4.38416037 2.77772654 3.13215637]
DEBUG: Planck15 ages (Gyr): [1.65004049 3.90323863 5.43671581 0.80047609 2.4100823  1.07385714
 6.25335426 1.37975791 2.33867268 2.04730282]
DEBUG: cosmo_colibre ages (Gyr): [1.65200381 3.90396902 5.43540717 0.80234514 2.41184952 1.07580311
 6.25051775 1.38173358 2.34046785 2.04919184]
DEBUG: us.look_back_time -> ages (Gyr): [1.65200381 3.90396902 5.43540717 0.80234515 2.41184953 1.07580311
 6.25051775 1.38173358 2.34046785 2.04919184]
[16/100] subhalo 15221 done; total_formed=6.370e+00
Building SWIFTGalaxy for subhalo 569082 (soap_index=30094924)
Read masses: Nstars=76731, sum_current=9.664421e+10 Msun
DEBUG: sample z (first valid): [1.21900183 0.07690285 0.30166044 2.02594884 1.77154698 2.0904461
 4.18316988 4.48464307 2.16354509 1.1400209 ]
DEBUG: Planck15 ages (Gyr): [ 5.06963552 12.74726571 10.2561415   3.24284832  3.68576397  3.14423949
  1.4604791   1.34213561  3.03827474  5.33490546]
DEBUG: cosmo_colibre ages (Gyr): [ 5.06891133 12.72117738 10.24117966  3.24414579  3.68670078  3.1456066
  1.46245458  1.3441103   3.03971242  5.33376518]
DEBUG: us.look_back_time -> ages (Gyr): [ 5.06891133 12.72117738 10.24117966  3.2441458   3.68670078  3.1456066
  1.46245458  1.34411031  3.03971242  5.33376518]
[17/100] subhalo 569082 done; total_formed=1.628e+01
Building SWIFTGalaxy for subhalo 1156954 (soap_index=30102390)
Read masses: Nstars=130954, sum_current=1.756604e+11 Msun
DEBUG: sample z (first valid): [2.42510714 5.9860356  0.36510582 0.44352423 0.54434914 6.02497588
 0.31145441 3.43050297 0.28633116 3.5212832 ]
DEBUG: Planck15 ages (Gyr): [ 2.70315267  0.9341836   9.68028894  9.03185929  8.28873408  0.92643018
 10.16404182  1.84562352 10.40274438  1.79070162]
DEBUG: cosmo_colibre ages (Gyr): [ 2.70478492  0.9360973   9.66753362  9.02140948  8.28068525  0.92834168
 10.1494427   1.84755821 10.38719755  1.79264593]
DEBUG: us.look_back_time -> ages (Gyr): [ 2.70478493  0.9360973   9.66753362  9.02140948  8.28068525  0.92834169
 10.1494427   1.84755821 10.38719755  1.79264594]
[18/100] subhalo 1156954 done; total_formed=2.914e+01
Building SWIFTGalaxy for subhalo 2288464 (soap_index=30113946)
Read masses: Nstars=20599, sum_current=2.818133e+10 Msun
DEBUG: sample z (first valid): [4.71070059 8.54569951 4.23325082 2.89030037 3.2800418  3.15811179
 3.81528288 0.30207423 3.03944773 7.16393647]
DEBUG: Planck15 ages (Gyr): [ 1.26345305  0.58471234  1.43964604  2.23907268  1.94301358  2.02833867
  1.63016681 10.25222591  2.11749063  0.73946144]
DEBUG: cosmo_colibre ages (Gyr): [ 1.26542339  0.58647203  1.44162186  2.24090359  1.94492822  2.03023266
  1.63213214 10.23727956  2.11936002  0.74130483]
DEBUG: us.look_back_time -> ages (Gyr): [ 1.26542339  0.58647203  1.44162186  2.24090359  1.94492822  2.03023267
  1.63213214 10.23727956  2.11936003  0.74130484]
[19/100] subhalo 2288464 done; total_formed=4.723e+00
Building SWIFTGalaxy for subhalo 2286317 (soap_index=30152201)
Read masses: Nstars=64226, sum_current=8.490036e+10 Msun
DEBUG: sample z (first valid): [1.74346952 1.53976128 6.68120019 7.33155352 5.94016732 0.52949963
 0.48958996 3.59547016 1.93121031 7.74746396]
DEBUG: Planck15 ages (Gyr): [3.74064397 4.18181904 0.81028847 0.71724334 0.94345568 8.39231465
 8.68050025 1.74779636 3.39713648 0.6666583 ]
DEBUG: cosmo_colibre ages (Gyr): [3.74153054 4.182256   0.81216132 0.71907645 0.94537194 8.38394689
 8.67121822 1.74974734 3.39831728 0.66846596]
DEBUG: us.look_back_time -> ages (Gyr): [3.74153054 4.18225601 0.81216132 0.71907645 0.94537195 8.38394689
 8.67121822 1.74974734 3.39831728 0.66846596]
[20/100] subhalo 2286317 done; total_formed=1.415e+01
Building SWIFTGalaxy for subhalo 579617 (soap_index=30211766)
Read masses: Nstars=20439, sum_current=2.705827e+10 Msun
DEBUG: sample z (first valid): [1.79137916 4.97138952 3.22840183 5.24449738 7.1063764  0.0499199
 0.62475208 0.9673391  3.90392098 6.48897269]
DEBUG: Planck15 ages (Gyr): [ 3.64778321  1.18180511  1.97841279  1.10525693  0.74735634 13.10260163
  7.75994651  5.99746592  1.58639473  0.84169126]
DEBUG: cosmo_colibre ages (Gyr): [ 3.64875406  1.18376747  1.98031921  1.10720839  0.74920326 13.07473652
  7.75344541  5.99514239  1.5883639   0.84357568]
DEBUG: us.look_back_time -> ages (Gyr): [ 3.64875406  1.18376747  1.98031921  1.1072084   0.74920326 13.07473652
  7.75344542  5.99514239  1.5883639   0.84357568]
[21/100] subhalo 579617 done; total_formed=4.522e+00
Building SWIFTGalaxy for subhalo 216570 (soap_index=30223740)
Read masses: Nstars=45273, sum_current=6.136772e+10 Msun
DEBUG: sample z (first valid): [0.84462959 0.15976499 0.93275923 2.30722648 2.75607519 1.28651176
 1.65048936 6.42113011 1.33506734 3.02456399]
DEBUG: Planck15 ages (Gyr): [ 6.55034848 11.73741772  6.14568239  2.84627711  2.35866716  4.85912843
  3.93218327  0.85326012  4.71620916  2.129129  ]
DEBUG: cosmo_colibre ages (Gyr): [ 6.54687697 11.71613241  6.14306557  2.84783155  2.3604547   4.85871144
  3.9328847   0.85514858  4.7159893   2.13099496]
DEBUG: us.look_back_time -> ages (Gyr): [ 6.54687697 11.71613241  6.14306558  2.84783155  2.3604547   4.85871144
  3.93288471  0.85514858  4.7159893   2.13099496]
[22/100] subhalo 216570 done; total_formed=1.020e+01
Building SWIFTGalaxy for subhalo 39315 (soap_index=30251515)
Read masses: Nstars=42064, sum_current=5.385401e+10 Msun
DEBUG: sample z (first valid): [2.39564767 3.08909964 0.50976778 2.81911422 2.50160291 2.01953557
 0.94123223 2.62919482 1.53347766 1.78331776]
DEBUG: Planck15 ages (Gyr): [2.73779615 2.07941479 8.53297948 2.30122063 2.61648058 3.25292913
 6.10883985 2.48171599 4.19674846 3.66314465]
DEBUG: cosmo_colibre ages (Gyr): [2.73941029 2.08129507 8.52417039 2.30302969 2.61815615 3.25421926
 6.10629692 2.48345324 4.19716877 3.66410181]
DEBUG: us.look_back_time -> ages (Gyr): [2.73941029 2.08129507 8.5241704  2.30302969 2.61815615 3.25421926
 6.10629693 2.48345324 4.19716877 3.66410181]
[23/100] subhalo 39315 done; total_formed=9.058e+00
Building SWIFTGalaxy for subhalo 40078 (soap_index=30280066)
Read masses: Nstars=89981, sum_current=1.204924e+11 Msun
DEBUG: sample z (first valid): [3.13059372 2.45289779 5.623143   1.35453043 1.63577864 0.45196739
 0.4559673  4.83995723 1.53015211 1.46116869]
DEBUG: Planck15 ages (Gyr): [2.0484539  2.67112655 1.01194975 4.66079945 3.96394204 8.96589747
 8.93489755 1.2218382  4.20468452 4.37491887]
DEBUG: cosmo_colibre ages (Gyr): [2.05034261 2.67277515 1.01388306 4.66065355 3.96461129 8.95567131
 8.92477579 1.22380492 4.20509593 4.37513293]
DEBUG: us.look_back_time -> ages (Gyr): [2.05034261 2.67277515 1.01388306 4.66065355 3.9646113  8.95567131
 8.92477579 1.22380493 4.20509593 4.37513293]
[24/100] subhalo 40078 done; total_formed=2.017e+01
Building SWIFTGalaxy for subhalo 588275 (soap_index=30295995)
Read masses: Nstars=350166, sum_current=4.471970e+11 Msun
DEBUG: sample z (first valid): [0.76399655 0.07803658 0.00818411 0.00787402 6.33146884 2.30722648
 4.00963155 0.46783731 0.26273603 0.50712906]
DEBUG: Planck15 ages (Gyr): [ 6.95798929 12.73263409 13.68018644 13.6846103   0.86896013  2.84627711
  1.53668385  8.84383443 10.6343986   8.55205754]
DEBUG: cosmo_colibre ages (Gyr): [ 6.95357645 12.70661799 13.64934318 13.65374381  0.8708539   2.84783155
  1.53865636  8.83401676 10.6179086   8.54318788]
DEBUG: us.look_back_time -> ages (Gyr): [ 6.95357645 12.70661799 13.64934318 13.65374381  0.8708539   2.84783155
  1.53865636  8.83401676 10.6179086   8.54318788]
[25/100] subhalo 588275 done; total_formed=7.484e+01
Building SWIFTGalaxy for subhalo 1190461 (soap_index=30296084)
Read masses: Nstars=24474, sum_current=3.319902e+10 Msun
DEBUG: sample z (first valid): [2.48632833 2.86005419 1.96811594 1.32743803 1.88933956 2.57573112
 2.35462735 2.44129385 2.48744146 1.10510086]
DEBUG: Planck15 ages (Gyr): [2.63341911 2.26513644 3.33563723 4.73821721 3.46917718 2.53676342
 2.78726355 2.68442283 2.63217864 5.45927129]
DEBUG: cosmo_colibre ages (Gyr): [2.63508644 2.26695836 3.33686566 4.73796759 3.47030024 2.53847631
 2.78885103 2.68606469 2.63384658 5.45792469]
DEBUG: us.look_back_time -> ages (Gyr): [2.63508645 2.26695836 3.33686567 4.73796759 3.47030024 2.53847632
 2.78885103 2.68606469 2.63384658 5.45792469]
[26/100] subhalo 1190461 done; total_formed=5.577e+00
Building SWIFTGalaxy for subhalo 123591 (soap_index=30324766)
Read masses: Nstars=69728, sum_current=8.998934e+10 Msun
DEBUG: sample z (first valid): [4.94754515 1.6856815  1.05236127 1.07773762 1.05674115 1.40923462
 2.03716749 2.46714633 0.79649123 0.71452491]
DEBUG: Planck15 ages (Gyr): [1.18890485 3.85785664 5.65597838 5.55995831 5.63921983 4.51052172
 3.2253363  2.65494735 6.78912257 7.22776757]
DEBUG: cosmo_colibre ages (Gyr): [1.19086805 3.85863173 5.65429062 5.55843936 5.63756185 4.51056954
 3.22664642 2.65660405 6.7851095  7.22268722]
DEBUG: us.look_back_time -> ages (Gyr): [1.19086806 3.85863174 5.65429063 5.55843937 5.63756186 4.51056954
 3.22664642 2.65660406 6.7851095  7.22268723]
[27/100] subhalo 123591 done; total_formed=1.510e+01
Building SWIFTGalaxy for subhalo 2306288 (soap_index=30333708)
Read masses: Nstars=73827, sum_current=9.621508e+10 Msun
DEBUG: sample z (first valid): [2.60325489 0.77124324 1.03036124 0.49926794 1.68964951 1.33274009
 1.46338896 4.40592263 2.33075828 0.60093805]
DEBUG: Planck15 ages (Gyr): [2.50817625 6.91977363 5.74135453 8.609273   3.84961895 4.72290516
 4.36926808 1.37146253 2.81672678 7.9111286 ]
DEBUG: cosmo_colibre ages (Gyr): [2.50990193 6.91545247 5.73951302 8.60022062 3.85040206 4.72267627
 4.36948889 1.37343804 2.81829793 7.90419879]
DEBUG: us.look_back_time -> ages (Gyr): [2.50990194 6.91545247 5.73951303 8.60022062 3.85040207 4.72267627
 4.36948889 1.37343804 2.81829793 7.90419879]
[28/100] subhalo 2306288 done; total_formed=1.610e+01
Building SWIFTGalaxy for subhalo 2310540 (soap_index=30333768)
Read masses: Nstars=44748, sum_current=6.066595e+10 Msun
DEBUG: sample z (first valid): [0.28150176 0.32011925 0.38635979 0.30883528 0.52098032 0.43543017
 0.37970526 2.15623194 2.90932952 0.53494473]
DEBUG: Planck15 ages (Gyr): [10.44956035 10.08355967  9.49793589 10.18855329  8.45261823  9.09577121
  9.55448355  3.04861121  2.22292726  8.35410885]
DEBUG: cosmo_colibre ages (Gyr): [10.43382475 10.06927449  9.48584838 10.173858    8.44406243  9.08510277
  9.54219057  3.05004219  2.22476361  8.34585933]
DEBUG: us.look_back_time -> ages (Gyr): [10.43382475 10.06927449  9.48584838 10.173858    8.44406243  9.08510277
  9.54219057  3.05004219  2.22476361  8.34585933]
[29/100] subhalo 2310540 done; total_formed=1.015e+01
Building SWIFTGalaxy for subhalo 281469 (soap_index=30409133)
Read masses: Nstars=28776, sum_current=3.900024e+10 Msun
DEBUG: sample z (first valid): [3.39455509 6.48127854 4.57326303 4.39524162 0.17045292 4.82801245
 3.76175252 5.5964771  3.3061962  1.51038076]
DEBUG: Planck15 ages (Gyr): [ 1.86814663  0.84299017  1.31034568  1.37552356 11.6155071   1.22558789
  1.65758005  1.01808638  1.92548217  4.25237017]
DEBUG: cosmo_colibre ages (Gyr): [ 1.87007702  0.84487504  1.31231899  1.37749916 11.5947757   1.22755498
  1.65954256  1.02002105  1.9274007   4.25272756]
DEBUG: us.look_back_time -> ages (Gyr): [ 1.87007702  0.84487505  1.31231899  1.37749916 11.5947757   1.22755499
  1.65954256  1.02002106  1.92740071  4.25272756]
[30/100] subhalo 281469 done; total_formed=6.540e+00
Building SWIFTGalaxy for subhalo 593073 (soap_index=30428723)
Read masses: Nstars=113337, sum_current=1.482646e+11 Msun
DEBUG: sample z (first valid): [1.3417423  1.05416249 1.07090944 0.74168173 0.94261323 4.7166783
 0.80024173 0.79787117 1.13722932 0.80978681]
DEBUG: Planck15 ages (Gyr): [4.6970879  5.64907697 5.5855409  7.07772854 6.10286764 1.26147688
 6.77003969 6.78209165 5.34468187 6.72184551]
DEBUG: cosmo_colibre ages (Gyr): [4.69689373 5.64740149 5.5839774  7.07302381 6.10033663 1.26344707
 6.76607092 6.77809492 5.34352564 6.71798784]
DEBUG: us.look_back_time -> ages (Gyr): [4.69689373 5.64740149 5.5839774  7.07302381 6.10033663 1.26344707
 6.76607092 6.77809492 5.34352564 6.71798784]
[31/100] subhalo 593073 done; total_formed=2.477e+01
Building SWIFTGalaxy for subhalo 40614 (soap_index=30462658)
Read masses: Nstars=36190, sum_current=4.959130e+10 Msun
DEBUG: sample z (first valid): [ 0.32481604  0.18475667  0.01947607 10.79023118  8.88104033  1.74784067
  2.84330284  3.70872252  2.75866024  3.20264204]
DEBUG: Planck15 ages (Gyr): [10.04032145 11.45515961 13.52044887  0.42569485  0.55515515  3.73201332
  2.27978744  1.68549813  2.35626515  1.99647152]
DEBUG: cosmo_colibre ages (Gyr): [10.02620375 11.43514794 13.49044008  0.42733051  0.55689519  3.73290787
  2.2816042   1.68745744  2.35805362  1.99837356]
DEBUG: us.look_back_time -> ages (Gyr): [10.02620375 11.43514794 13.49044008  0.42733051  0.5568952   3.73290787
  2.2816042   1.68745744  2.35805362  1.99837356]
[32/100] subhalo 40614 done; total_formed=8.257e+00
Building SWIFTGalaxy for subhalo 286625 (soap_index=30472984)
Read masses: Nstars=20372, sum_current=2.737590e+10 Msun
DEBUG: sample z (first valid): [ 1.09527463  0.92435988 11.95818092  0.82145636  0.79020979  0.66183183
  0.65011582  2.77250748  8.92142911  0.64812393]
DEBUG: Planck15 ages (Gyr): [5.49509456 6.18254834 0.36932101 6.66364145 6.82126955 7.53312558
 7.60369271 2.34346674 0.55176302 7.61579011]
DEBUG: cosmo_colibre ages (Gyr): [5.49368719 6.17985693 0.3708993  6.65991644 6.81718144 7.52724688
 7.59762305 2.34526009 0.55350072 7.60968748]
DEBUG: us.look_back_time -> ages (Gyr): [5.49368719 6.17985693 0.37089931 6.65991644 6.81718144 7.52724689
 7.59762305 2.3452601  0.55350073 7.60968748]
[33/100] subhalo 286625 done; total_formed=4.587e+00
Building SWIFTGalaxy for subhalo 41552 (soap_index=30475562)
Read masses: Nstars=430535, sum_current=5.483450e+11 Msun
DEBUG: sample z (first valid): [1.36319054 2.06472129 3.88418542 1.20659933 6.88735107 3.1475856
 0.23104666 0.8853855  0.03669957 2.71308782]
DEBUG: Planck15 ages (Gyr): [ 4.63647912  3.18297486  1.59597092  5.10988726  0.77871846  2.03599445
 10.95741387  6.35821102 13.28179516  2.39920963]
DEBUG: cosmo_colibre ages (Gyr): [ 4.63636526  3.18431507  1.59793931  5.10910202  0.78057878  2.03788645
 10.93957091  6.35515519 13.25301779  2.40098123]
DEBUG: us.look_back_time -> ages (Gyr): [ 4.63636526  3.18431507  1.59793932  5.10910202  0.78057878  2.03788645
 10.93957091  6.35515519 13.25301779  2.40098124]
[34/100] subhalo 41552 done; total_formed=9.053e+01
Building SWIFTGalaxy for subhalo 128317 (soap_index=30475567)
Read masses: Nstars=205843, sum_current=2.743646e+11 Msun
DEBUG: sample z (first valid): [2.93231729 0.56559962 0.51171803 3.66348822 2.35119656 2.67560292
 3.50760025 3.78574558 0.86457266 0.54231385]
DEBUG: Planck15 ages (Gyr): [2.20367773 8.14381245 8.51892001 1.70993308 2.79146723 2.4355082
 1.79880551 1.64519936 6.45521981 8.30281713]
DEBUG: cosmo_colibre ages (Gyr): [2.20552042 8.13620121 8.51015547 1.71188932 2.79305239 2.43726501
 1.80074849 1.64716318 6.45195635 8.29472524]
DEBUG: us.look_back_time -> ages (Gyr): [2.20552043 8.13620121 8.51015547 1.71188932 2.79305239 2.43726502
 1.80074849 1.64716319 6.45195635 8.29472524]
[35/100] subhalo 128317 done; total_formed=4.583e+01
Building SWIFTGalaxy for subhalo 606347 (soap_index=30475598)
Read masses: Nstars=27836, sum_current=3.921477e+10 Msun
DEBUG: sample z (first valid): [1.34710981 1.3584281  0.46902179 1.89240004 1.56701919 1.35351577
 0.91424232 4.45269989 2.87420194 1.0350267 ]
DEBUG: Planck15 ages (Gyr): [4.68180183 4.64982834 8.8348232  3.46382753 4.11803722 4.66366232
 6.2274159  1.35390931 2.2528831  5.72308042]
DEBUG: cosmo_colibre ages (Gyr): [4.68162806 4.64969693 8.82503541 3.46495494 4.11854428 4.66351263
 6.22463283 1.35588438 2.25470928 5.72127211]
DEBUG: us.look_back_time -> ages (Gyr): [4.68162806 4.64969693 8.82503541 3.46495494 4.11854428 4.66351263
 6.22463283 1.35588439 2.25470928 5.72127212]
[36/100] subhalo 606347 done; total_formed=6.486e+00
Building SWIFTGalaxy for subhalo 2360679 (soap_index=30475673)
Read masses: Nstars=14066, sum_current=1.761431e+10 Msun
DEBUG: sample z (first valid): [1.38489334e-01 4.31904878e+00 6.25678219e+00 1.28996692e-01
 1.37382853e-01 4.97138952e+00 2.62449107e-02 3.18737927e-01
 4.13846636e+00 1.52821077e-03]
DEBUG: Planck15 ages (Gyr): [11.98557463  1.40508093  0.88240814 12.09870407 11.99868373  1.18180511
 13.42594634 10.0963276   1.47950097 13.7755816 ]
DEBUG: cosmo_colibre ages (Gyr): [11.9631441   1.40705687  0.8843063  12.07574373 11.97619206  1.18376747
 13.39642739 10.0819928   1.48147595 13.74423613]
DEBUG: us.look_back_time -> ages (Gyr): [11.9631441   1.40705688  0.8843063  12.07574373 11.97619206  1.18376747
 13.39642739 10.0819928   1.48147596 13.74423613]
[37/100] subhalo 2360679 done; total_formed=2.960e+00
Building SWIFTGalaxy for subhalo 276029 (soap_index=30503777)
Read masses: Nstars=23461, sum_current=3.080075e+10 Msun
DEBUG: sample z (first valid): [4.38416037 0.50712906 4.30827798 1.94332166 5.05693161 2.85914498
 8.88104033 0.48432687 7.85501959 0.44568958]
DEBUG: Planck15 ages (Gyr): [1.37975791 8.55205754 1.4093442  3.37675186 1.15690478 2.26592766
 0.55515515 8.71960468 0.65453614 9.01487415]
DEBUG: cosmo_colibre ages (Gyr): [1.38173358 8.54318788 1.41132016 3.37794861 1.15886397 2.26774931
 0.55689519 8.71019557 0.65633726 9.00448213]
DEBUG: us.look_back_time -> ages (Gyr): [1.38173358 8.54318788 1.41132016 3.37794862 1.15886398 2.26774931
 0.5568952  8.71019557 0.65633726 9.00448213]
[38/100] subhalo 276029 done; total_formed=5.130e+00
Building SWIFTGalaxy for subhalo 127151 (soap_index=30559202)
Read masses: Nstars=185644, sum_current=2.457038e+11 Msun
DEBUG: sample z (first valid): [7.80091318 8.44935477 0.70506817 8.46846782 8.6433196  0.91513735
 0.43467601 0.41265735 0.43367168 2.03070662]
DEBUG: Planck15 ages (Gyr): [0.66058803 0.5936909  7.28116117 0.59189157 0.57584285 6.22342634
 9.1017603  9.27922079 9.10974505 3.23540264]
DEBUG: cosmo_colibre ages (Gyr): [0.66239244 0.59545629 7.27594451 0.59365582 0.57759678 6.22065146
 9.09107128 9.26791427 9.09902855 3.2367055 ]
DEBUG: us.look_back_time -> ages (Gyr): [0.66239244 0.5954563  7.27594451 0.59365583 0.57759678 6.22065146
 9.09107128 9.26791427 9.09902855 3.2367055 ]
[39/100] subhalo 127151 done; total_formed=4.073e+01
Building SWIFTGalaxy for subhalo 601914 (soap_index=30559209)
Read masses: Nstars=17410, sum_current=2.394770e+10 Msun
DEBUG: sample z (first valid): [1.17988292 0.79373768 4.4832664  6.65071212 2.65673474 9.13547788
 5.04464121 0.53178758 0.74874586 0.98353511]
DEBUG: Planck15 ages (Gyr): [5.19833927 6.80318575 1.34263952 0.815138   2.45412272 0.53434721
 1.16042854 8.37622924 7.03948265 5.92996145]
DEBUG: cosmo_colibre ages (Gyr): [5.19741726 6.79913991 1.34461423 0.81701269 2.45587175 0.5360726
 1.1623882  8.36791134 7.03487191 5.927768  ]
DEBUG: us.look_back_time -> ages (Gyr): [5.19741727 6.79913991 1.34461423 0.8170127  2.45587176 0.5360726
 1.16238821 8.36791134 7.03487192 5.92776801]
[40/100] subhalo 601914 done; total_formed=3.957e+00
Building SWIFTGalaxy for subhalo 11748755 (soap_index=30559367)
Read masses: Nstars=7241, sum_current=1.010528e+10 Msun
DEBUG: sample z (first valid): [1.9119346  2.12910619 2.86779981 0.96521531 3.68080851 1.36319054
 1.65607522 2.18506998 0.92889098 2.11275767]
DEBUG: Planck15 ages (Gyr): [3.42999565 3.08745805 2.2584144  6.00640702 1.70050801 4.63647912
 3.92023176 3.00818172 6.16261793 3.11126348]
DEBUG: cosmo_colibre ages (Gyr): [3.43115036 3.08886352 2.26023866 6.0040661  1.70246546 4.63636526
 3.92094519 3.00963864 6.15996693 3.11265301]
DEBUG: us.look_back_time -> ages (Gyr): [3.43115037 3.08886352 2.26023866 6.0040661  1.70246547 4.63636526
 3.9209452  3.00963864 6.15996693 3.11265302]
[41/100] subhalo 11748755 done; total_formed=1.688e+00
Building SWIFTGalaxy for subhalo 3702076 (soap_index=30585325)
Read masses: Nstars=7853, sum_current=1.211363e+10 Msun
DEBUG: sample z (first valid): [2.22012579 1.39130117 1.98678334 1.42277264 0.76172043 0.44454241
 0.86733531 1.96542986 1.14394138 0.69676885]
DEBUG: Planck15 ages (Gyr): [2.96020472 4.55892034 3.30521814 4.47452909 6.97005957 9.02386673
 6.4422112  3.34005184 5.32122324 7.32851861]
DEBUG: cosmo_colibre ages (Gyr): [2.9616916  4.55890686 3.30646958 4.47462181 6.96561762 9.01344412
 6.43897585 3.34127691 5.32010522 7.32317988]
DEBUG: us.look_back_time -> ages (Gyr): [2.9616916  4.55890686 3.30646958 4.47462182 6.96561762 9.01344412
 6.43897585 3.34127691 5.32010522 7.32317988]
[42/100] subhalo 3702076 done; total_formed=2.012e+00
Building SWIFTGalaxy for subhalo 1229943 (soap_index=30596704)
Read masses: Nstars=15186, sum_current=2.096764e+10 Msun
DEBUG: sample z (first valid): [4.63024055 6.63466915 0.75061438 4.59610622 3.81528288 6.19069563
 4.57326303 0.77066897 4.76901408 0.72936458]
DEBUG: Planck15 ages (Gyr): [1.29056048 0.81770925 7.02941941 1.30235342 1.63016681 0.89459861
 1.31034568 6.92279026 1.24439198 7.14518206]
DEBUG: cosmo_colibre ages (Gyr): [1.29253268 0.81958491 7.02483329 1.30432631 1.63213214 0.89650061
 1.31231899 6.9184619  1.24636078 7.14030982]
DEBUG: us.look_back_time -> ages (Gyr): [1.29253268 0.81958492 7.02483329 1.30432632 1.63213214 0.89650062
 1.31231899 6.9184619  1.24636078 7.14030983]
[43/100] subhalo 1229943 done; total_formed=3.492e+00
Building SWIFTGalaxy for subhalo 42230 (soap_index=30618431)
Read masses: Nstars=30174, sum_current=4.313109e+10 Msun
DEBUG: sample z (first valid): [6.71283983 0.05526214 0.7041814  0.10181574 0.01173274 7.09786235
 0.48137432 0.23012238 2.8240168  8.40190804]
DEBUG: Planck15 ages (Gyr): [ 0.80530626 13.03115362  7.28619884 12.4311283  13.62970361  0.74853601
  8.74165699 10.96704616  2.29684975  0.59819714]
DEBUG: cosmo_colibre ages (Gyr): [ 0.80717719 13.00364923  7.28096925 12.40658369 13.59912495  0.75038345
  8.73217587 10.94916219  2.29866039  0.59996535]
DEBUG: us.look_back_time -> ages (Gyr): [ 0.8071772  13.00364923  7.28096925 12.40658369 13.59912495  0.75038346
  8.73217588 10.94916219  2.29866039  0.59996535]
[44/100] subhalo 42230 done; total_formed=7.156e+00
Building SWIFTGalaxy for subhalo 4091 (soap_index=30660755)
Read masses: Nstars=138130, sum_current=1.754591e+11 Msun
DEBUG: sample z (first valid): [0.83903917 0.33387609 0.80559841 0.60832433 0.35125773 1.24854182
 3.94387447 6.08267589 1.13722932 0.87010615]
DEBUG: Planck15 ages (Gyr): [6.57740524 9.9576756  6.74292774 7.86376357 9.80187653 4.9757714
 1.56729723 0.91513642 5.34468187 6.42920484]
DEBUG: cosmo_colibre ages (Gyr): [6.57387375 9.94387574 6.7390216  7.85696927 9.78866759 4.97518668
 1.56926781 0.91704465 5.34352564 6.42599751]
DEBUG: us.look_back_time -> ages (Gyr): [6.57387375 9.94387574 6.7390216  7.85696927 9.78866759 4.97518669
 1.56926781 0.91704465 5.34352564 6.42599751]
[45/100] subhalo 4091 done; total_formed=2.946e+01
Building SWIFTGalaxy for subhalo 5058986 (soap_index=30660856)
Read masses: Nstars=16146, sum_current=2.297282e+10 Msun
DEBUG: sample z (first valid): [1.66254977 1.85311276 1.85808984 1.73842554 1.32035123 1.27666227
 1.5140402  1.12696352 2.10803377 1.39584704]
DEBUG: Planck15 ages (Gyr): [3.90645221 3.53353684 3.52458003 3.75064342 4.7588078  4.88896379
 4.24347859 5.38087896 3.11819799 4.54657344]
DEBUG: cosmo_colibre ages (Gyr): [3.9071794  3.53460654 3.52565726 3.7515207  4.75853015 4.88850449
 4.24384613 5.37966326 3.11958284 4.5465757 ]
DEBUG: us.look_back_time -> ages (Gyr): [3.90717941 3.53460654 3.52565726 3.75152071 4.75853015 4.88850449
 4.24384613 5.37966326 3.11958284 4.5465757 ]
[46/100] subhalo 5058986 done; total_formed=3.853e+00
Building SWIFTGalaxy for subhalo 131506 (soap_index=30696012)
Read masses: Nstars=113349, sum_current=1.518886e+11 Msun
DEBUG: sample z (first valid): [2.04139595 3.92381668 0.33289945 2.01536763 0.81299104 2.57612136
 0.77392811 2.00761817 1.67341111 2.68097057]
DEBUG: Planck15 ages (Gyr): [3.2187758  1.57683682 9.96653673 3.25950803 6.70578579 2.53635437
 6.9056969  3.27179806 3.88351179 2.43025515]
DEBUG: cosmo_colibre ages (Gyr): [3.22009063 1.57880671 9.95270293 3.26079336 6.70196488 2.53806745
 6.90140934 3.27307436 3.88426172 2.43201413]
DEBUG: us.look_back_time -> ages (Gyr): [3.22009063 1.57880671 9.95270293 3.26079336 6.70196489 2.53806745
 6.90140934 3.27307436 3.88426172 2.43201413]
[47/100] subhalo 131506 done; total_formed=2.546e+01
Building SWIFTGalaxy for subhalo 613335 (soap_index=30708353)
Read masses: Nstars=46503, sum_current=6.403389e+10 Msun
DEBUG: sample z (first valid): [4.00465827 1.17655264 4.59610622 5.65678009 4.74574785 1.0872667
 1.66927338 0.87954572 0.57281367 2.38862461]
DEBUG: Planck15 ages (Gyr): [1.53896442 5.20953536 1.30235342 1.00429603 1.25193948 5.52456429
 3.89222538 6.38520038 8.0954808  2.74616274]
DEBUG: cosmo_colibre ages (Gyr): [1.5409368  5.20859578 1.30432631 1.0062276  1.25390891 5.52310647
 3.8929667  6.38208724 8.08801325 2.74777244]
DEBUG: us.look_back_time -> ages (Gyr): [1.5409368  5.20859578 1.30432632 1.0062276  1.25390892 5.52310648
 3.8929667  6.38208724 8.08801325 2.74777244]
[48/100] subhalo 613335 done; total_formed=1.058e+01
Building SWIFTGalaxy for subhalo 292586 (soap_index=30718899)
Read masses: Nstars=29931, sum_current=4.003684e+10 Msun
DEBUG: sample z (first valid): [1.08567246 4.48877722 2.8473641  2.67725283 3.4755856  1.91893818
 1.8982841  0.34240066 3.07663598 2.08637091]
DEBUG: Planck15 ages (Gyr): [5.53046101 1.34062425 2.27622108 2.43389152 1.81800549 3.41799703
 3.45357993 9.88081769 2.08886576 3.15032424]
DEBUG: cosmo_colibre ages (Gyr): [5.52899305 1.34259889 2.2780391  2.435649   1.81994517 3.41916132
 3.45471566 9.86731069 2.09074339 3.15168716]
DEBUG: us.look_back_time -> ages (Gyr): [5.52899305 1.34259889 2.27803911 2.435649   1.81994517 3.41916132
 3.45471567 9.86731069 2.09074339 3.15168716]
[49/100] subhalo 292586 done; total_formed=6.736e+00
Building SWIFTGalaxy for subhalo 1247407 (soap_index=30718937)
Read masses: Nstars=44709, sum_current=5.748860e+10 Msun
DEBUG: sample z (first valid): [2.43300157 0.25605642 1.66406504 0.40297996 1.3487922  8.7219997
 7.39935918 3.72059353 1.48505991 2.61997349]
DEBUG: Planck15 ages (Gyr): [ 2.69399121 10.70133229  3.90323863  9.35883587  4.67702693  0.56885572
  0.70856887  1.67918122  4.3147245   2.49106946]
DEBUG: cosmo_colibre ages (Gyr): [ 2.69562817 10.68456552  3.90396902  9.34724759  4.67685952  0.57060504
  0.71039782  1.68114128  4.31500977  2.49280265]
DEBUG: us.look_back_time -> ages (Gyr): [ 2.69562818 10.68456552  3.90396902  9.34724759  4.67685952  0.57060504
  0.71039782  1.68114128  4.31500977  2.49280265]
[50/100] subhalo 1247407 done; total_formed=9.638e+00
Building SWIFTGalaxy for subhalo 1248331 (soap_index=30718945)
Read masses: Nstars=9119, sum_current=1.254721e+10 Msun
DEBUG: sample z (first valid): [3.30647917 1.83877675 1.73476882 2.82848464 1.82970639 1.99141866
 1.67975139 4.17416706 3.08323988 2.48744146]
DEBUG: Planck15 ages (Gyr): [1.92529393 3.55954405 3.75791984 2.29287838 3.57615995 3.29773483
 3.87022104 1.46427719 2.08384934 2.63217864]
DEBUG: cosmo_colibre ages (Gyr): [1.9272125  3.56059172 3.75879033 2.29469045 3.57719339 3.29899188
 3.87098404 1.46625258 2.08572837 2.63384658]
DEBUG: us.look_back_time -> ages (Gyr): [1.9272125  3.56059172 3.75879033 2.29469045 3.5771934  3.29899188
 3.87098404 1.46625258 2.08572838 2.63384658]
[51/100] subhalo 1248331 done; total_formed=2.113e+00
Building SWIFTGalaxy for subhalo 521845 (soap_index=30772603)
Read masses: Nstars=75654, sum_current=1.030592e+11 Msun
DEBUG: sample z (first valid): [1.16992252 1.14801704 8.84097905 1.27492363 0.01637717 4.79246951
 4.58466127 2.41796182 2.92713327 0.23392077]
DEBUG: Planck15 ages (Gyr): [ 5.23193946  5.30705825  0.55855416  4.89426068 13.56402516  1.23685924
  1.30634758  2.71148898  2.20799466 10.92753917]
DEBUG: cosmo_colibre ages (Gyr): [ 5.23096455  5.30596319  0.56029653  4.89379383 13.53378954  1.23882738
  1.30832069  2.71311692  2.20983594 10.90982316]
DEBUG: us.look_back_time -> ages (Gyr): [ 5.23096456  5.30596319  0.56029654  4.89379383 13.53378954  1.23882738
  1.30832069  2.71311692  2.20983595 10.90982316]
[52/100] subhalo 521845 done; total_formed=1.712e+01
Building SWIFTGalaxy for subhalo 4783251 (soap_index=30845681)
Read masses: Nstars=7891, sum_current=1.070406e+10 Msun
DEBUG: sample z (first valid): [2.08027825 2.66901803 2.68593926 1.51038076 2.46421398 1.27951304
 1.51674347 1.7793045  1.5887186  1.37966594]
DEBUG: Planck15 ages (Gyr): [3.1594573  2.44197809 2.42540914 4.25237017 2.65826386 4.88029843
 4.23692952 3.67083136 4.06837653 4.59076852]
DEBUG: cosmo_colibre ages (Gyr): [3.1608139  2.44373221 2.42717012 4.25272756 2.65991891 4.87985146
 4.23730451 3.67178163 4.06893696 4.59071414]
DEBUG: us.look_back_time -> ages (Gyr): [3.16081391 2.44373221 2.42717012 4.25272756 2.65991891 4.87985146
 4.23730451 3.67178163 4.06893696 4.59071415]
[53/100] subhalo 4783251 done; total_formed=1.785e+00
Building SWIFTGalaxy for subhalo 517695 (soap_index=30904662)
Read masses: Nstars=16176, sum_current=2.125600e+10 Msun
DEBUG: sample z (first valid): [2.45217025 0.92368205 2.55170171 1.86558811 5.73199795 1.08037585
 2.21128969 2.24885981 1.12793039 0.68907216]
DEBUG: Planck15 ages (Gyr): [2.67195702 6.18553848 2.56216216 3.51115564 0.98752483 5.55012336
 2.97217902 2.92180676 5.37745328 7.37285935]
DEBUG: cosmo_colibre ages (Gyr): [2.67360519 6.18284099 2.56386342 3.51224408 0.98945244 5.54862145
 2.9736585  2.92331696 5.37624323 7.36740533]
DEBUG: us.look_back_time -> ages (Gyr): [2.67360519 6.18284099 2.56386342 3.51224409 0.98945244 5.54862145
 2.9736585  2.92331697 5.37624323 7.36740534]
[54/100] subhalo 517695 done; total_formed=3.560e+00
Building SWIFTGalaxy for subhalo 2058983 (soap_index=30904717)
Read masses: Nstars=17555, sum_current=2.421192e+10 Msun
DEBUG: sample z (first valid): [1.61286979 1.76034033 2.21601727 1.4523275  1.34610153 1.31330745
 2.05102421 1.37880218 1.1621907  1.63960045]
DEBUG: Planck15 ages (Gyr): [4.01423263 3.70751074 2.96576256 4.3975375  4.68466722 4.77941549
 3.20391853 4.59314704 5.25826004 3.95565138]
DEBUG: cosmo_colibre ages (Gyr): [4.01485005 3.70842779 2.96724601 4.39772439 4.68448964 4.77910958
 3.20524395 4.59308959 5.25724332 3.95632908]
DEBUG: us.look_back_time -> ages (Gyr): [4.01485005 3.70842779 2.96724601 4.39772439 4.68448964 4.77910959
 3.20524395 4.59308959 5.25724333 3.95632908]
[55/100] subhalo 2058983 done; total_formed=4.044e+00
Building SWIFTGalaxy for subhalo 27349 (soap_index=30979382)
Read masses: Nstars=31922, sum_current=4.325309e+10 Msun
DEBUG: sample z (first valid): [1.90986591 4.275801   3.48477383 1.40675725 4.06069498 3.60483418
 0.19321244 0.19565059 0.1187436  3.1983344 ]
DEBUG: Planck15 ages (Gyr): [ 3.43355288  1.42232989  1.81246051  4.51715841  1.51358828  1.74250176
 11.36185209 11.33514951 12.22260457  1.99951794]
DEBUG: cosmo_colibre ages (Gyr): [ 3.43470474  1.42430584  1.81440116  4.51719788  1.51556196  1.74445351
 11.34225457 11.31566987 12.19905849  2.00141923]
DEBUG: us.look_back_time -> ages (Gyr): [ 3.43470474  1.42430584  1.81440117  4.51719789  1.51556196  1.74445352
 11.34225457 11.31566987 12.1990585   2.00141923]
[56/100] subhalo 27349 done; total_formed=7.179e+00
Building SWIFTGalaxy for subhalo 30891 (soap_index=30987450)
Read masses: Nstars=159982, sum_current=2.026846e+11 Msun
DEBUG: sample z (first valid): [0.4551914  0.47311635 0.43467601 0.40937634 0.37761709 0.59859498
 0.82959241 0.31009116 0.51102094 1.10064748]
DEBUG: Planck15 ages (Gyr): [ 8.94089841  8.80377787  9.1017603   9.30610109  9.57233007  7.92624382
  6.62352136 10.1767893   8.52394144  5.47546104]
DEBUG: cosmo_colibre ages (Gyr): [ 8.93075647  8.79409273  9.09107128  9.29469977  9.55997194  7.91927054
  6.61988683 10.1621402   8.51516099  5.47408705]
DEBUG: us.look_back_time -> ages (Gyr): [ 8.93075648  8.79409273  9.09107128  9.29469977  9.55997194  7.91927054
  6.61988683 10.1621402   8.515161    5.47408705]
[57/100] subhalo 30891 done; total_formed=3.389e+01
Building SWIFTGalaxy for subhalo 1060121 (soap_index=30987516)
Read masses: Nstars=28714, sum_current=3.902650e+10 Msun
DEBUG: sample z (first valid): [1.00808923 1.52177928 1.5716528  0.78474946 1.47268337 1.27571359
 0.92934527 2.79390992 1.33224199 1.16604971]
DEBUG: Planck15 ages (Gyr): [5.82986903 4.22477285 4.10735097 6.8494055  4.34573992 4.89185287
 6.16062526 2.32390941 4.72434025 5.24509705]
DEBUG: cosmo_colibre ages (Gyr): [5.82786447 4.22516162 4.1078696  6.8452513  4.3459887  4.89138945
 6.15797829 2.32571012 4.72410943 5.24410128]
DEBUG: us.look_back_time -> ages (Gyr): [5.82786447 4.22516163 4.10786961 6.84525131 4.3459887  4.89138945
 6.15797829 2.32571012 4.72410943 5.24410129]
[58/100] subhalo 1060121 done; total_formed=6.546e+00
Building SWIFTGalaxy for subhalo 2117099 (soap_index=30987645)
Read masses: Nstars=26689, sum_current=3.614933e+10 Msun
DEBUG: sample z (first valid): [2.61797505 0.43719298 3.01175318 3.40815228 2.57339149 0.90888967
 3.46673937 4.123202   1.54113998 1.96114224]
DEBUG: Planck15 ages (Gyr): [2.49310418 9.08179487 2.13923124 1.85957413 2.53921815 6.25135862
 1.82337064 1.48609039 4.17855481 3.3471184 ]
DEBUG: cosmo_colibre ages (Gyr): [2.49483649 9.0711744  2.14109417 1.86150618 2.54092992 6.24852623
 1.82530938 1.48806516 4.1789954  3.34833806]
DEBUG: us.look_back_time -> ages (Gyr): [2.49483649 9.0711744  2.14109417 1.86150618 2.54092992 6.24852624
 1.82530938 1.48806516 4.1789954  3.34833806]
[59/100] subhalo 2117099 done; total_formed=6.052e+00
Building SWIFTGalaxy for subhalo 23543118 (soap_index=30988984)
Read masses: Nstars=28804, sum_current=3.900300e+10 Msun
DEBUG: sample z (first valid): [0.57085331 0.7372495  0.10404313 1.84419755 1.97539272 6.91880135
 1.85659489 0.6121224  1.92937601 2.44418751]
DEBUG: Planck15 ages (Gyr): [ 8.10857171  7.10188818 12.40340437  3.54967358  3.3237254   0.77408185
  3.52726647  7.83957507  3.40024128  2.68109699]
DEBUG: cosmo_colibre ages (Gyr): [ 8.10106535  7.09712371 12.37899342  3.55072964  3.32496289  0.77594025
  3.52834144  7.83284955  3.40141963  2.68274054]
DEBUG: us.look_back_time -> ages (Gyr): [ 8.10106535  7.09712371 12.37899342  3.55072964  3.3249629   0.77594025
  3.52834144  7.83284955  3.40141963  2.68274054]
[60/100] subhalo 23543118 done; total_formed=6.510e+00
Building SWIFTGalaxy for subhalo 28833 (soap_index=31051794)
Read masses: Nstars=22009, sum_current=2.884766e+10 Msun
DEBUG: sample z (first valid): [0.39521417 4.13846636 0.42098873 0.78009561 0.68092746 2.17242715
 0.76761247 1.01388974 0.78009561 4.85142857]
DEBUG: Planck15 ages (Gyr): [9.42345462 1.47950097 9.21147725 6.87352728 7.4202288  3.02579767
 6.93888013 5.80661087 6.87352728 1.21825501]
DEBUG: cosmo_colibre ages (Gyr): [9.41163553 1.48147595 9.20040817 6.86931612 7.41465056 3.02724337
 6.93451322 5.80464951 6.86931612 1.22022138]
DEBUG: us.look_back_time -> ages (Gyr): [9.41163553 1.48147596 9.20040817 6.86931612 7.41465057 3.02724337
 6.93451323 5.80464951 6.86931612 1.22022139]
[61/100] subhalo 28833 done; total_formed=4.801e+00
Building SWIFTGalaxy for subhalo 514142 (soap_index=31060153)
Read masses: Nstars=66668, sum_current=8.557585e+10 Msun
DEBUG: sample z (first valid): [1.24622978 4.7166783  6.12580189 2.43732298 6.57291426 0.23764919
 3.80539669 6.68120019 4.64138762 0.15976499]
DEBUG: Planck15 ages (Gyr): [ 4.98301781  1.26147688  0.90684381  2.6889978   0.82773384 10.88895869
  1.63517282  0.81028847  1.28674765 11.73741772]
DEBUG: cosmo_colibre ages (Gyr): [ 4.98242247  1.26344707  0.90874956  2.69063732  0.82961322 10.87140609
  1.63713766  0.81216132  1.28871961 11.71613241]
DEBUG: us.look_back_time -> ages (Gyr): [ 4.98242248  1.26344707  0.90874957  2.69063732  0.82961322 10.87140609
  1.63713766  0.81216132  1.28871961 11.71613241]
[62/100] subhalo 514142 done; total_formed=1.430e+01
Building SWIFTGalaxy for subhalo 30889 (soap_index=31104217)
Read masses: Nstars=184851, sum_current=2.398370e+11 Msun
DEBUG: sample z (first valid): [0.39568958 0.39664138 0.4325435  4.49475979 0.62217822 1.38781608
 0.63464033 5.81459915 3.62335097 1.27492363]
DEBUG: Planck15 ages (Gyr): [9.41947989 9.41152972 9.1187269  1.33844214 7.77607467 4.56842257
 7.69845499 0.96963686 1.73210982 4.89426068]
DEBUG: cosmo_colibre ages (Gyr): [9.40767506 9.39975337 9.10797947 1.3404167  7.76952837 4.56839693
 7.6921251  0.97156003 1.73406305 4.89379383]
DEBUG: us.look_back_time -> ages (Gyr): [9.40767506 9.39975337 9.10797947 1.3404167  7.76952837 4.56839693
 7.6921251  0.97156003 1.73406306 4.89379383]
[63/100] subhalo 30889 done; total_formed=3.972e+01
Building SWIFTGalaxy for subhalo 250994 (soap_index=31104223)
Read masses: Nstars=45353, sum_current=5.923700e+10 Msun
DEBUG: sample z (first valid): [1.21450294 1.3914757  0.67234868 3.66714143 0.89498034 4.64138762
 6.27935133 5.89780023 2.95033153 0.06548742]
DEBUG: Planck15 ages (Gyr): [ 5.08417799  4.55844533  7.47062682  1.70793795  6.31425091  1.28674765
  0.8783081   0.95215666  2.18878432 12.89591896]
DEBUG: cosmo_colibre ages (Gyr): [ 5.08343183  4.55843246  7.46491523  1.70989445  6.31128768  1.28871961
  0.88020493  0.95407528  2.19063183 12.8690926 ]
DEBUG: us.look_back_time -> ages (Gyr): [ 5.08343183  4.55843246  7.46491523  1.70989445  6.31128768  1.28871961
  0.88020493  0.95407528  2.19063183 12.8690926 ]
[64/100] subhalo 250994 done; total_formed=9.956e+00
Building SWIFTGalaxy for subhalo 2118391 (soap_index=31104262)
Read masses: Nstars=12546, sum_current=1.683606e+10 Msun
DEBUG: sample z (first valid): [1.55980002 2.55170171 3.28844392 1.61746146 2.62117361 1.39602223
 3.14522454 2.59455902 1.46746988 3.2895667 ]
DEBUG: Planck15 ages (Gyr): [4.13477609 2.56216216 1.93735293 4.0040704  2.48984885 4.5460987
 2.03771821 2.5171506  4.35891235 1.93659856]
DEBUG: cosmo_colibre ages (Gyr): [4.13526492 2.56386342 1.93926884 4.00469838 2.49158258 4.54610155
 2.03960976 2.5188723  4.3591455  1.93851464]
DEBUG: us.look_back_time -> ages (Gyr): [4.13526492 2.56386342 1.93926884 4.00469839 2.49158258 4.54610156
 2.03960977 2.5188723  4.3591455  1.93851464]
[65/100] subhalo 2118391 done; total_formed=2.824e+00
Building SWIFTGalaxy for subhalo 31563 (soap_index=31156656)
Read masses: Nstars=25656, sum_current=3.339452e+10 Msun
DEBUG: sample z (first valid): [4.43371196 8.49246813 4.04860951 2.81644538 2.02343606 3.40045659
 3.86027885 1.75848135 2.12105915 2.32467532]
DEBUG: Planck15 ages (Gyr): [1.36098937 0.58964494 1.51900224 2.3036058  3.246792   1.86441795
 1.60769989 3.71113826 3.09913816 2.82431715]
DEBUG: cosmo_colibre ages (Gyr): [1.36296464 0.59140778 1.52097567 2.30541398 3.2480866  1.86634906
 1.60966729 3.71205199 3.10053583 2.82588404]
DEBUG: us.look_back_time -> ages (Gyr): [1.36296464 0.59140778 1.52097567 2.30541398 3.2480866  1.86634907
 1.60966729 3.71205199 3.10053584 2.82588404]
[66/100] subhalo 31563 done; total_formed=5.638e+00
Building SWIFTGalaxy for subhalo 248320 (soap_index=31204930)
Read masses: Nstars=90002, sum_current=1.142309e+11 Msun
DEBUG: sample z (first valid): [0.13360548 3.92381668 4.23325082 0.20417463 0.2465003  0.2465003
 0.23792973 0.49339167 1.31445119 5.99647699]
DEBUG: Planck15 ages (Gyr): [12.04359007  1.57683682  1.43964604 11.24249686 10.79815192 10.79815192
 10.88606369  8.65241624  4.77605959  0.93209406]
DEBUG: cosmo_colibre ages (Gyr): [12.02088845  1.57880671  1.44162186 11.22342402 10.78098148 10.78098148
 10.86852332  8.64322505  4.7757583   0.93400717]
DEBUG: us.look_back_time -> ages (Gyr): [12.02088845  1.57880671  1.44162186 11.22342402 10.78098148 10.78098148
 10.86852332  8.64322505  4.7757583   0.93400717]
[67/100] subhalo 248320 done; total_formed=1.894e+01
Building SWIFTGalaxy for subhalo 1090147 (soap_index=31243189)
Read masses: Nstars=97486, sum_current=1.335973e+11 Msun
DEBUG: sample z (first valid): [0.1877628  4.71070059 4.25465042 0.19078421 2.75263399 0.12042673
 8.31636932 2.04450432 0.70205693 3.99436062]
DEBUG: Planck15 ages (Gyr): [11.42186265  1.26345305  1.43089387 11.38853548  2.36187096 12.20214237
  0.60646622  3.21396703  7.29828961  1.54370443]
DEBUG: cosmo_colibre ages (Gyr): [11.40199917  1.26542339  1.43286977 11.36881988  2.36365727 12.17869341
  0.60823953  3.21528529  7.29302892  1.54567653]
DEBUG: us.look_back_time -> ages (Gyr): [11.40199917  1.26542339  1.43286977 11.36881988  2.36365727 12.17869341
  0.60823953  3.2152853   7.29302893  1.54567653]
[68/100] subhalo 1090147 done; total_formed=2.216e+01
Building SWIFTGalaxy for subhalo 113848 (soap_index=31285807)
Read masses: Nstars=32184, sum_current=4.156055e+10 Msun
DEBUG: sample z (first valid): [5.7181958  2.15623194 4.11760112 3.31498551 4.94754515 4.80426889
 3.02308165 4.13846636 0.45003983 3.78819318]
DEBUG: Planck15 ages (Gyr): [0.99056727 3.04861121 1.48852042 1.91964929 1.18890485 1.23309842
 2.1302939  1.47950097 8.98089338 1.64394499]
DEBUG: cosmo_colibre ages (Gyr): [0.99249561 3.05004219 1.49049511 1.92156908 1.19086805 1.23506621
 2.13215951 1.48147595 8.97061655 1.64590894]
DEBUG: us.look_back_time -> ages (Gyr): [0.99249561 3.05004219 1.49049511 1.92156909 1.19086806 1.23506622
 2.13215951 1.48147596 8.97061656 1.64590894]
[69/100] subhalo 113848 done; total_formed=6.968e+00
Building SWIFTGalaxy for subhalo 257782 (soap_index=31304573)
Read masses: Nstars=19834, sum_current=2.652364e+10 Msun
DEBUG: sample z (first valid): [4.18563064 5.58322451 5.09410452 4.95348837 4.11241126 1.70474618
 3.94387447 0.43029245 2.05386766 0.7114802 ]
DEBUG: Planck15 ages (Gyr): [1.45944381 1.02115923 1.1463544  1.18712863 1.49077801 3.81853685
 1.56729723 9.13668747 3.19955224 7.24489263]
DEBUG: cosmo_colibre ages (Gyr): [1.4614193  1.02309458 1.14831214 1.18909162 1.49275262 3.81934997
 1.56926781 9.12587807 3.20088076 7.23976872]
DEBUG: us.look_back_time -> ages (Gyr): [1.46141931 1.02309458 1.14831215 1.18909162 1.49275262 3.81934997
 1.56926781 9.12587807 3.20088076 7.23976872]
[70/100] subhalo 257782 done; total_formed=4.443e+00
Building SWIFTGalaxy for subhalo 8660183 (soap_index=31366729)
Read masses: Nstars=12189, sum_current=1.785122e+10 Msun
DEBUG: sample z (first valid): [8.68249982 5.5964771  3.35021573 3.795551   6.61957912 2.1755015
 4.81611644 4.275801   2.44418751 6.13977557]
DEBUG: Planck15 ages (Gyr): [0.57234575 1.01808638 1.89655994 1.64018367 0.8201401  3.0214985
 1.2293413  1.42232989 2.68109699 0.90418359]
DEBUG: cosmo_colibre ages (Gyr): [0.57409738 1.02002105 1.89848461 1.64214801 0.82201667 3.02294695
 1.23130875 1.42430584 2.68274054 0.90608854]
DEBUG: us.look_back_time -> ages (Gyr): [0.57409739 1.02002106 1.89848462 1.64214801 0.82201668 3.02294695
 1.23130875 1.42430584 2.68274054 0.90608854]
[71/100] subhalo 8660183 done; total_formed=2.748e+00
Building SWIFTGalaxy for subhalo 561787 (soap_index=31460377)
Read masses: Nstars=135006, sum_current=1.811495e+11 Msun
DEBUG: sample z (first valid): [2.18506998 3.07663598 4.63024055 0.21398933 0.76228891 0.57599077
 1.5932257  0.21031248 1.61641648 0.66487146]
DEBUG: Planck15 ages (Gyr): [ 3.00818172  2.08886576  1.29056048 11.13715313  6.9670419   8.07433233
  4.05818294 11.17645135  4.00637947  7.51498032]
DEBUG: cosmo_colibre ages (Gyr): [ 3.00963864  2.09074339  1.29253268 11.11853862  6.96260724  8.06692731
  4.05875419 11.15766638  4.00700506  7.50915033]
DEBUG: us.look_back_time -> ages (Gyr): [ 3.00963864  2.09074339  1.29253268 11.11853862  6.96260724  8.06692731
  4.0587542  11.15766639  4.00700507  7.50915033]
[72/100] subhalo 561787 done; total_formed=3.031e+01
Building SWIFTGalaxy for subhalo 4901809 (soap_index=31473575)
Read masses: Nstars=14555, sum_current=1.925617e+10 Msun
DEBUG: sample z (first valid): [4.46133333 7.09786235 7.64191996 6.1694563  2.41653634 3.58614416
 6.24955752 7.67681716 1.64215449 4.28942696]
DEBUG: Planck15 ages (Gyr): [1.35071033 0.74853601 0.67892094 0.898576   2.71315712 1.75309598
 0.88372735 0.67482519 3.95012653 1.41685758]
DEBUG: cosmo_colibre ages (Gyr): [1.3526853  0.75038345 0.68073504 0.90047923 2.71478419 1.75504619
 0.88562592 0.67663716 3.95080984 1.41883355]
DEBUG: us.look_back_time -> ages (Gyr): [1.35268531 0.75038346 0.68073504 0.90047923 2.7147842  1.75504619
 0.88562593 0.67663716 3.95080984 1.41883355]
[73/100] subhalo 4901809 done; total_formed=3.226e+00
Building SWIFTGalaxy for subhalo 266626 (soap_index=31533947)
Read masses: Nstars=22786, sum_current=3.245748e+10 Msun
DEBUG: sample z (first valid): [3.59064164 4.72216886 2.86278439 2.55787188 4.29755072 2.1981261
 2.07565234 2.07622982 4.74877193 1.78001188]
DEBUG: Planck15 ages (Gyr): [1.75053692 1.25966626 2.26276327 2.5556006  1.4136116  2.99016545
 3.16642058 3.16554995 1.25095419 3.6694746 ]
DEBUG: cosmo_colibre ages (Gyr): [1.7524875  1.26163631 2.26458602 2.55730489 1.41558756 2.99163372
 3.16777236 3.16690233 1.25292354 3.67042608]
DEBUG: us.look_back_time -> ages (Gyr): [1.7524875  1.26163632 2.26458602 2.55730489 1.41558757 2.99163372
 3.16777236 3.16690233 1.25292354 3.67042608]
[74/100] subhalo 266626 done; total_formed=5.278e+00
Building SWIFTGalaxy for subhalo 3580539 (soap_index=31550868)
Read masses: Nstars=80501, sum_current=1.026359e+11 Msun
DEBUG: sample z (first valid): [1.10699588 1.31690589 5.21901689 4.22240816 0.13706711 4.05561984
 0.94468843 1.22972237 0.18871073 7.        ]
DEBUG: Planck15 ages (Gyr): [ 5.45240509  4.76886989  1.11204625  1.4441145  12.00242825  1.5158579
  6.09391051  5.03524731 11.41139165  0.76232083]
DEBUG: cosmo_colibre ages (Gyr): [ 5.45107007  4.76857847  1.11399882  1.44609026 11.9799191   1.51783148
  6.09139733  5.03457468 11.39157467  0.76417426]
DEBUG: us.look_back_time -> ages (Gyr): [ 5.45107007  4.76857847  1.11399883  1.44609026 11.9799191   1.51783148
  6.09139734  5.03457469 11.39157468  0.76417426]
[75/100] subhalo 3580539 done; total_formed=1.720e+01
Building SWIFTGalaxy for subhalo 2209831 (soap_index=31574057)
Read masses: Nstars=126032, sum_current=1.616993e+11 Msun
DEBUG: sample z (first valid): [0.87868364 1.24054701 2.06787754 6.15458515 3.01888759 1.51674347
 1.35351577 1.55800156 2.69800248 1.16662259]
DEBUG: Planck15 ages (Gyr): [6.38919968 5.00090036 3.17818046 0.90137836 2.13359551 4.23692952
 4.66366232 4.13896319 2.41370975 5.24314744]
DEBUG: cosmo_colibre ages (Gyr): [6.38607802 5.0002787  3.17952402 0.90328246 2.13546013 4.23730451
 4.66351263 4.13944744 2.4154755  5.24215477]
DEBUG: us.look_back_time -> ages (Gyr): [6.38607802 5.0002787  3.17952403 0.90328246 2.13546013 4.23730451
 4.66351263 4.13944744 2.4154755  5.24215477]
[76/100] subhalo 2209831 done; total_formed=2.689e+01
Building SWIFTGalaxy for subhalo 36644 (soap_index=31584974)
Read masses: Nstars=27618, sum_current=3.687823e+10 Msun
DEBUG: sample z (first valid): [0.16803308 1.93514869 0.24773437 0.26429508 0.26341764 0.2792005
 0.41156199 0.47232207 0.4737789  0.0813094 ]
DEBUG: Planck15 ages (Gyr): [11.6429502   3.39048583 10.78557792 10.61886298 10.62760245 10.47197605
  9.28818203  8.80978744  8.7987696  12.69052861]
DEBUG: cosmo_colibre ages (Gyr): [11.62209462  3.39167185 10.76846013 10.60243694 10.61114044 10.45614975
  9.27684395  8.80008246  8.78910097 12.66471994]
DEBUG: us.look_back_time -> ages (Gyr): [11.62209462  3.39167185 10.76846013 10.60243694 10.61114044 10.45614975
  9.27684395  8.80008247  8.78910097 12.66471994]
[77/100] subhalo 36644 done; total_formed=6.143e+00
Building SWIFTGalaxy for subhalo 578788 (soap_index=31690726)
Read masses: Nstars=67326, sum_current=8.828072e+10 Msun
DEBUG: sample z (first valid): [4.18030195 5.20664836 4.31904878 0.32481604 0.17338681 0.2223217
 4.41440846 0.23419962 0.31735949 0.2235997 ]
DEBUG: Planck15 ages (Gyr): [ 1.46168724  1.11536688  1.40508093 10.04032145 11.58235782 11.04882727
  1.36825027 10.9246469  10.10909232 11.03536899]
DEBUG: cosmo_colibre ages (Gyr): [ 1.46366269  1.11731998  1.40705687 10.02620375 11.56177605 11.03059356
  1.37022572 10.90694316 10.09470785 11.01719302]
DEBUG: us.look_back_time -> ages (Gyr): [ 1.46366269  1.11731998  1.40705688 10.02620375 11.56177605 11.03059356
  1.37022572 10.90694316 10.09470785 11.01719302]
[78/100] subhalo 578788 done; total_formed=1.470e+01
Building SWIFTGalaxy for subhalo 1186835 (soap_index=31702335)
Read masses: Nstars=28337, sum_current=3.872939e+10 Msun
DEBUG: sample z (first valid): [3.78574558 5.74516262 2.57963732 3.34128246 3.78574558 1.02722098
 3.42601472 1.07773762 0.32610279 0.56634799]
DEBUG: Planck15 ages (Gyr): [ 1.64519936  0.98463734  2.53267376  1.90237105  1.64519936  5.75370627
  1.84841103  5.55995831 10.0285229   8.13877842]
DEBUG: cosmo_colibre ages (Gyr): [ 1.64716318  0.98656425  2.5343885   1.90429452  1.64716318  5.75184224
  1.8503452   5.55843936 10.01445076  8.1311822 ]
DEBUG: us.look_back_time -> ages (Gyr): [ 1.64716319  0.98656425  2.5343885   1.90429452  1.64716319  5.75184224
  1.8503452   5.55843937 10.01445077  8.1311822 ]
[79/100] subhalo 1186835 done; total_formed=6.425e+00
Building SWIFTGalaxy for subhalo 277184 (soap_index=31779403)
Read masses: Nstars=100975, sum_current=1.354019e+11 Msun
DEBUG: sample z (first valid): [6.19859402 3.49831835 0.87331351 1.52956616 4.54496996 5.67712685
 0.45454545 5.20664836 3.92381668 3.16022345]
DEBUG: Planck15 ages (Gyr): [0.89312697 1.80433744 6.41420033 4.20608534 1.3203581  0.99971292
 8.9458988  1.11536688 1.57683682 2.02680857]
DEBUG: cosmo_colibre ages (Gyr): [0.89502852 1.80627948 6.41102522 4.20649518 1.3223319  1.00164342
 8.93574005 1.11731998 1.57880671 2.02870296]
DEBUG: us.look_back_time -> ages (Gyr): [0.89502852 1.80627949 6.41102523 4.20649518 1.32233191 1.00164342
 8.93574005 1.11731998 1.57880671 2.02870297]
[80/100] subhalo 277184 done; total_formed=2.245e+01
Building SWIFTGalaxy for subhalo 1167821 (soap_index=31813125)
Read masses: Nstars=172667, sum_current=2.168334e+11 Msun
DEBUG: sample z (first valid): [6.63553699e-03 4.16768816e-03 2.07392120e+00 2.93396997e-02
 1.28523607e+00 5.63655696e+00 1.17554110e+00 1.23932208e+00
 9.02232757e+00 6.55283896e-01]
DEBUG: Planck15 ages (Gyr): [13.70229854 13.73764046  3.16903288 13.38304699  4.86297625  1.00888599
  5.21294365  5.00476835  0.54343777  7.57244124]
DEBUG: cosmo_colibre ages (Gyr): [13.67133912 13.70649507  3.17038283 13.35374945  4.86255383  1.0108186
  5.21199872  5.00414098  0.54516965  7.56645645]
DEBUG: us.look_back_time -> ages (Gyr): [13.67133912 13.70649507  3.17038283 13.35374945  4.86255383  1.0108186
  5.21199872  5.00414098  0.54516966  7.56645645]
[81/100] subhalo 1167821 done; total_formed=3.622e+01
Building SWIFTGalaxy for subhalo 276799 (soap_index=31860881)
Read masses: Nstars=57476, sum_current=7.506078e+10 Msun
DEBUG: sample z (first valid): [0.35159215 0.21832243 1.39935564 1.0150043  4.09690465 0.51858374
 3.16233725 0.13016486 0.20728023 4.50583886]
DEBUG: Planck15 ages (Gyr): [ 9.79891406 11.09109491  4.53708046  5.80215854  1.49755732  8.46969927
  2.02527883 12.08470077 11.20900976  1.33441663]
DEBUG: cosmo_colibre ages (Gyr): [ 9.78571625 11.07267936  4.53709477  5.80020542  1.49953168  8.46108989
  2.02717361 12.06180628 11.1900831   1.33639103]
DEBUG: us.look_back_time -> ages (Gyr): [ 9.78571625 11.07267936  4.53709477  5.80020542  1.49953168  8.4610899
  2.02717362 12.06180628 11.1900831   1.33639104]
[82/100] subhalo 276799 done; total_formed=1.261e+01
Building SWIFTGalaxy for subhalo 38956 (soap_index=31867350)
Read masses: Nstars=19837, sum_current=2.640823e+10 Msun
DEBUG: sample z (first valid): [ 1.11338278  0.76399655  4.217419    6.13977557  5.14380801  4.00465827
 10.41344479  5.29548511  2.27712771  1.06049173]
DEBUG: Planck15 ages (Gyr): [5.42936382 6.95798929 1.44617835 0.90418359 1.13249512 1.53896442
 0.44699929 1.09187604 2.88482155 5.62493124]
DEBUG: cosmo_colibre ages (Gyr): [5.4280675  6.95357645 1.44815408 0.90608854 1.13445086 1.5409368
 0.4486545  1.09382523 2.88635369 5.62329855]
DEBUG: us.look_back_time -> ages (Gyr): [5.4280675  6.95357645 1.44815409 0.90608854 1.13445086 1.5409368
 0.4486545  1.09382524 2.88635369 5.62329855]
[83/100] subhalo 38956 done; total_formed=4.415e+00
Building SWIFTGalaxy for subhalo 2312204 (soap_index=31913459)
Read masses: Nstars=210331, sum_current=2.693793e+11 Msun
DEBUG: sample z (first valid): [1.3584281  0.61243972 4.14896292 0.00583216 0.         3.51225558
 1.45122681 0.58100936 0.58314813 3.84160757]
DEBUG: Planck15 ages (Gyr): [ 4.64982834  7.83755931  1.47499781 13.71378972 13.7976159   1.79604154
  4.40036656  8.04109516  8.02699318  1.61696   ]
DEBUG: cosmo_colibre ages (Gyr): [ 4.64969693  7.8308395   1.47697292 13.68276988 13.76615402  1.79798497
  4.40055004  8.03378795  8.01972731  1.61892658]
DEBUG: us.look_back_time -> ages (Gyr): [ 4.64969693  7.8308395   1.47697293 13.68276988 13.76615402  1.79798498
  4.40055004  8.03378795  8.01972732  1.61892658]
[84/100] subhalo 2312204 done; total_formed=4.512e+01
Building SWIFTGalaxy for subhalo 2334071 (soap_index=31926982)
Read masses: Nstars=94630, sum_current=1.239019e+11 Msun
DEBUG: sample z (first valid): [2.74320311 1.91452459 6.85520796 0.7041814  0.47086812 0.61450532
 0.72336173 2.53636952 4.0763749  8.07323827]
DEBUG: Planck15 ages (Gyr): [2.37068808 3.42555045 0.7835051  7.28619884 8.820804   7.82445662
 7.17841396 2.5785874  1.50661162 0.63103835]
DEBUG: cosmo_colibre ages (Gyr): [2.37247097 3.42670872 0.78536738 7.28096925 8.81106262 7.81777394
 7.17345838 2.58028101 1.50858561 0.63282625]
DEBUG: us.look_back_time -> ages (Gyr): [2.37247097 3.42670872 0.78536738 7.28096925 8.81106262 7.81777394
 7.17345839 2.58028101 1.50858561 0.63282625]
[85/100] subhalo 2334071 done; total_formed=2.067e+01
Building SWIFTGalaxy for subhalo 5029019 (soap_index=31942655)
Read masses: Nstars=15515, sum_current=2.196417e+10 Msun
DEBUG: sample z (first valid): [0.06052172 0.0575781  0.05553408 0.06052172 0.04383282 0.04783832
 0.03656839 0.04117946 0.03565107 0.03919827]
DEBUG: Planck15 ages (Gyr): [12.96134513 13.00034967 13.02753131 12.96134513 13.18468381 13.13059002
 13.28359039 13.22068961 13.29615382 13.24766415]
DEBUG: cosmo_colibre ages (Gyr): [12.93419153 12.97300027 13.00004517 12.93419153 13.15640214 13.10258313
 13.25480382 13.19222452 13.26730288 13.21906136]
DEBUG: us.look_back_time -> ages (Gyr): [12.93419153 12.97300027 13.00004517 12.93419153 13.15640214 13.10258313
 13.25480382 13.19222452 13.26730288 13.21906136]
[86/100] subhalo 5029019 done; total_formed=3.568e+00
Building SWIFTGalaxy for subhalo 40668 (soap_index=31954998)
Read masses: Nstars=46136, sum_current=6.083536e+10 Msun
DEBUG: sample z (first valid): [0.37127553 4.01461474 7.31464095 0.25154686 4.71070059 3.75208469
 5.95415959 2.9786304  6.19859402 4.56758134]
DEBUG: Planck15 ages (Gyr): [ 9.62682892  1.53440436  0.71943453 10.74686509  1.26345305  1.66261244
  0.94061105  2.16572089  0.89312697  1.3123462 ]
DEBUG: cosmo_colibre ages (Gyr): [ 9.61427094  1.53637699  0.72126867 10.72990897  1.26542339  1.6645744
  0.94252653  2.1675757   0.89502852  1.31431961]
DEBUG: us.look_back_time -> ages (Gyr): [ 9.61427094  1.53637699  0.72126867 10.72990897  1.26542339  1.6645744
  0.94252654  2.1675757   0.89502852  1.31431962]
[87/100] subhalo 40668 done; total_formed=1.014e+01
Building SWIFTGalaxy for subhalo 288134 (soap_index=31976474)
Read masses: Nstars=36399, sum_current=4.657955e+10 Msun
DEBUG: sample z (first valid): [0.87567258 0.26429508 5.08166295 4.21202481 4.15950244 4.6992782
 0.61977261 2.4094267  0.66741299 0.53652818]
DEBUG: Planck15 ages (Gyr): [ 6.40319898 10.61886298  1.14986771  1.44841526  1.47049903  1.2672435
  7.79119446  2.72150222  7.49985953  8.3430474 ]
DEBUG: cosmo_colibre ages (Gyr): [ 6.40004743 10.60243694  1.15182594  1.45039096  1.47247426  1.26921412
  7.78460566  2.72312494  7.49407001  8.33483198]
DEBUG: us.look_back_time -> ages (Gyr): [ 6.40004743 10.60243694  1.15182594  1.45039096  1.47247427  1.26921412
  7.78460566  2.72312494  7.49407001  8.33483198]
[88/100] subhalo 288134 done; total_formed=7.800e+00
Building SWIFTGalaxy for subhalo 126406 (soap_index=31981698)
Read masses: Nstars=37773, sum_current=5.007021e+10 Msun
DEBUG: sample z (first valid): [0.66487146 1.59857256 1.36677501 1.55282019 0.30612245 0.1823627
 2.66041108 0.36442372 2.05842822 1.29050748]
DEBUG: Planck15 ages (Gyr): [ 7.51498032  4.04614351  4.62647221  4.15106461 10.2140323  11.48177533
  2.45047747  9.68622597  3.19256949  4.84710765]
DEBUG: cosmo_colibre ages (Gyr): [ 7.50915033  4.0467275   4.62637145  4.15153559 10.19923675 11.4616449
  2.45222803  9.67344865  3.19390294  4.8467076 ]
DEBUG: us.look_back_time -> ages (Gyr): [ 7.50915033  4.0467275   4.62637145  4.15153559 10.19923676 11.4616449
  2.45222804  9.67344865  3.19390294  4.8467076 ]
[89/100] subhalo 126406 done; total_formed=8.337e+00
Building SWIFTGalaxy for subhalo 2367224 (soap_index=31990167)
Read masses: Nstars=16321, sum_current=2.093777e+10 Msun
DEBUG: sample z (first valid): [1.23702895 2.56173913 4.56191123 3.8248546  1.0108002  4.06069498
 4.02499617 3.41915037 5.94016732 4.01231358]
DEBUG: Planck15 ages (Gyr): [5.01202228 2.55150211 1.3143477  1.62534418 5.81898076 1.51358828
 1.52967345 1.85268775 0.94345568 1.5354563 ]
DEBUG: cosmo_colibre ages (Gyr): [5.01138417 2.55320829 1.31632122 1.62730997 5.81699645 1.51556196
 1.53164634 1.85462111 0.94537194 1.53742887]
DEBUG: us.look_back_time -> ages (Gyr): [5.01138417 2.55320829 1.31632122 1.62730997 5.81699645 1.51556196
 1.53164635 1.85462111 0.94537195 1.53742888]
[90/100] subhalo 2367224 done; total_formed=3.525e+00
Building SWIFTGalaxy for subhalo 608158 (soap_index=32009481)
Read masses: Nstars=46721, sum_current=6.578374e+10 Msun
DEBUG: sample z (first valid): [6.36856308 3.7700706  0.99853623 1.18876495 4.14896292 0.01329705
 1.44118304 1.55540825 1.58280129 4.99597438]
DEBUG: Planck15 ages (Gyr): [ 0.86240703  1.65327041  5.86849357  5.16866477  1.47499781 13.60753254
  4.4263175   4.14501291  4.08182244  1.17455828]
DEBUG: cosmo_colibre ages (Gyr): [ 0.86429861  1.65523338  5.86641669  5.16778905  1.47697292 13.57706984
  4.4264695   4.14549053  4.08236852  1.17651975]
DEBUG: us.look_back_time -> ages (Gyr): [ 0.86429862  1.65523338  5.86641669  5.16778905  1.47697293 13.57706984
  4.4264695   4.14549053  4.08236853  1.17651976]
[91/100] subhalo 608158 done; total_formed=1.090e+01
Building SWIFTGalaxy for subhalo 2412151 (soap_index=32085272)
Read masses: Nstars=79780, sum_current=1.125375e+11 Msun
DEBUG: sample z (first valid): [0.83389299 1.93751681 2.5831602  1.64108971 3.89403331 2.87282827
 0.98305495 3.78574558 4.61865569 0.51942873]
DEBUG: Planck15 ages (Gyr): [6.60246537 3.38649706 2.52899471 3.95242834 1.59118054 2.25406803
 5.93194557 1.64519936 1.29454296 8.46367093]
DEBUG: cosmo_colibre ages (Gyr): [6.59887801 3.3876862  2.5307111  3.9531093  1.59314933 2.2558938
 5.92974834 1.64716318 1.2965154  8.45508047]
DEBUG: us.look_back_time -> ages (Gyr): [6.59887802 3.3876862  2.53071111 3.95310931 1.59314933 2.2558938
 5.92974834 1.64716319 1.2965154  8.45508047]
[92/100] subhalo 2412151 done; total_formed=1.847e+01
Building SWIFTGalaxy for subhalo 3741759 (soap_index=32141554)
Read masses: Nstars=54468, sum_current=7.392800e+10 Msun
DEBUG: sample z (first valid): [1.57610063 1.14044026 1.64492695 0.65695793 1.52061538 7.29779691
 0.78145047 5.67033079 1.26220228 8.77128373]
DEBUG: Planck15 ages (Gyr): [4.09713523 5.33343924 3.94414332 7.56236021 4.22757755 0.72162791
 6.86649127 1.00123986 4.93329741 0.56455055]
DEBUG: cosmo_colibre ages (Gyr): [4.09766488 5.33230135 3.94483268 7.55640269 4.22796315 0.72346309
 6.86229676 1.00317072 4.93277449 0.56629699]
DEBUG: us.look_back_time -> ages (Gyr): [4.09766488 5.33230135 3.94483269 7.55640269 4.22796315 0.72346309
 6.86229676 1.00317072 4.93277449 0.56629699]
[93/100] subhalo 3741759 done; total_formed=1.235e+01
Building SWIFTGalaxy for subhalo 131223 (soap_index=32146522)
Read masses: Nstars=36225, sum_current=5.054023e+10 Msun
DEBUG: sample z (first valid): [3.00073256 0.54975407 0.72681282 1.44866238 0.65294592 2.47486744
 4.58466127 2.91821117 3.59998596 6.05370789]
DEBUG: Planck15 ages (Gyr): [2.14798526 8.25150869 7.15927979 4.40696921 7.58655477 2.64624719
 1.30634758 2.21545717 1.74523972 0.92077763]
DEBUG: cosmo_colibre ages (Gyr): [2.14984553 8.24357322 7.15437227 4.4071447  7.58053171 2.6479082
 1.30832069 2.217296   1.74719107 0.9226875 ]
DEBUG: us.look_back_time -> ages (Gyr): [2.14984554 8.24357323 7.15437227 4.4071447  7.58053171 2.64790821
 1.30832069 2.217296   1.74719108 0.9226875 ]
[94/100] subhalo 131223 done; total_formed=8.359e+00
Building SWIFTGalaxy for subhalo 2390440 (soap_index=32193850)
Read masses: Nstars=21941, sum_current=3.065190e+10 Msun
DEBUG: sample z (first valid): [0.33019404 0.47763348 1.98189098 2.75091575 0.33355038 5.55622249
 3.728086   2.99463611 0.26791518 0.00713056]
DEBUG: Planck15 ages (Gyr): [ 9.99114318  8.76971649  3.3131465   2.36347335  9.96062947  1.02746802
  1.67521442  2.15285328 10.58291573 13.69522463]
DEBUG: cosmo_colibre ages (Gyr): [ 9.97721498  8.76014344  3.31439198  2.36525904  9.9468183   1.02940474
  1.67717494  2.15471207 10.56663731 13.66430238]
DEBUG: us.look_back_time -> ages (Gyr): [ 9.97721498  8.76014344  3.31439199  2.36525904  9.9468183   1.02940474
  1.67717494  2.15471207 10.56663731 13.66430238]
[95/100] subhalo 2390440 done; total_formed=5.097e+00
Building SWIFTGalaxy for subhalo 2768 (soap_index=32232218)
Read masses: Nstars=65742, sum_current=8.174527e+10 Msun
DEBUG: sample z (first valid): [4.68740779 0.45338419 1.42151936 0.55372214 2.42689814 0.41302285
 0.3657886  3.29321978 0.63954768 2.41297781]
DEBUG: Planck15 ages (Gyr): [1.27120265 8.95489878 4.4778417  8.22433903 2.70106974 9.27623346
 9.67435131 1.93414749 7.66821206 2.71732876]
DEBUG: cosmo_colibre ages (Gyr): [1.27317356 8.94470972 4.47793032 8.21648588 2.70270307 9.26493745
 9.66161797 1.93606411 7.66196569 2.71895365]
DEBUG: us.look_back_time -> ages (Gyr): [1.27317357 8.94470972 4.47793032 8.21648588 2.70270307 9.26493745
 9.66161797 1.93606411 7.66196569 2.71895366]
[96/100] subhalo 2768 done; total_formed=1.371e+01
Building SWIFTGalaxy for subhalo 288467 (soap_index=32253455)
Read masses: Nstars=51032, sum_current=7.031829e+10 Msun
DEBUG: sample z (first valid): [6.55806712 1.42277264 2.97043499 0.17338681 7.45080593 3.77145977
 0.12783094 0.06120863 0.04197405 5.1937435 ]
DEBUG: Planck15 ages (Gyr): [ 0.83017444  4.47452909  2.17235871 11.58235782  0.7021029   1.65255247
 12.11270139 12.95226686 13.20989264  1.11884908]
DEBUG: cosmo_colibre ages (Gyr): [ 0.83205471  4.47462181  2.17421143 11.56177605  0.7039287   1.65451553
 12.08967516 12.92515875 13.1814826   1.12080273]
DEBUG: us.look_back_time -> ages (Gyr): [ 0.83205471  4.47462182  2.17421144 11.56177605  0.7039287   1.65451553
 12.08967516 12.92515875 13.1814826   1.12080274]
[97/100] subhalo 288467 done; total_formed=1.160e+01
Building SWIFTGalaxy for subhalo 2763 (soap_index=32269820)
Read masses: Nstars=30078, sum_current=3.759132e+10 Msun
DEBUG: sample z (first valid): [0.03565107 0.05451503 0.03998984 0.69116433 0.06833594 0.0620341
 0.04543134 0.05275333 0.06045307 0.04104715]
DEBUG: Planck15 ages (Gyr): [13.29615382 13.04111263 13.2368774   7.36076589 12.85859747 12.94136923
 13.16305853 13.06463855 12.96225281 13.22248871]
DEBUG: cosmo_colibre ages (Gyr): [13.26730288 13.01355807 13.2083297   7.35534341 12.83195713 12.9143157
 13.13488683 13.03696531 12.93509465 13.19401444]
DEBUG: us.look_back_time -> ages (Gyr): [13.26730288 13.01355807 13.2083297   7.35534341 12.83195713 12.9143157
 13.13488683 13.03696531 12.93509465 13.19401444]
[98/100] subhalo 2763 done; total_formed=6.270e+00
Building SWIFTGalaxy for subhalo 28592 (soap_index=32269824)
Read masses: Nstars=117291, sum_current=1.520532e+11 Msun
DEBUG: sample z (first valid): [0.21398933 0.13761978 0.04730248 0.04516458 0.04463147 0.00762608
 0.63872775 0.64168337 4.4832664  0.4663922 ]
DEBUG: Planck15 ages (Gyr): [11.13715313 11.99587507 13.13780842 13.16666388 13.17387321 13.68814887
  7.67325259  7.65510664  1.34263952  8.85484696]
DEBUG: cosmo_colibre ages (Gyr): [11.11853862 11.97339651 13.10976491 13.13847386 13.14564654 13.6572638
  7.66699233  7.64889633  1.34461423  8.84499272]
DEBUG: us.look_back_time -> ages (Gyr): [11.11853862 11.97339651 13.10976491 13.13847386 13.14564654 13.6572638
  7.66699233  7.64889633  1.34461423  8.84499272]
[99/100] subhalo 28592 done; total_formed=2.532e+01
Building SWIFTGalaxy for subhalo 523004 (soap_index=32269842)
Read masses: Nstars=111547, sum_current=1.539221e+11 Msun
DEBUG: sample z (first valid): [0.36226823 6.39100034 0.41010414 0.10845004 0.09088488 0.11221234
 0.11108097 0.09372497 0.11790393 4.34072203]
DEBUG: Planck15 ages (Gyr): [ 9.70502259  0.858483    9.30012858 12.34880929 12.56845965 12.30246847
 12.31637781 12.53257262 12.23283081  1.39656682]
DEBUG: cosmo_colibre ages (Gyr): [ 9.69217553  0.86037325  9.28874835 12.32466076 12.54324881 12.27854183
 12.29238465 12.50753652 12.20923613  1.39854271]
DEBUG: us.look_back_time -> ages (Gyr): [ 9.69217553  0.86037326  9.28874835 12.32466076 12.54324881 12.27854183
 12.29238465 12.50753652 12.20923613  1.39854271]
[100/100] subhalo 523004 done; total_formed=2.548e+01
All halos processed. Writing CSV.
Wrote relicness_extras_1000_1100.csv (100 rows) in 6530.2s
