Starting pure-swift relicness script
Loaded SOAP mapping for 91142867 halos
Batch mode: processing 100 halos (slice 2700:2800)
Building SWIFTGalaxy for subhalo 3017684 (soap_index=84836985)
Read masses: Nstars=22917, sum_current=3.013888e+10 Msun
DEBUG: sample z (first valid): [ 4.94754515  0.32749959  0.10070541  0.3410821   0.49954238  6.1694563
 12.5097918   0.17878984  0.16928347  0.20293686]
DEBUG: Planck15 ages (Gyr): [ 1.18890485 10.01573812 12.44498108  9.8926491   8.60726593  0.898576
  0.34687108 11.52166237 11.62875815 11.25588345]
DEBUG: cosmo_colibre ages (Gyr): [ 1.19086805 10.00171528 12.42036957  9.87909719  8.59821998  0.90047923
  0.34842391 11.50135343 11.60796683 11.23675205]
DEBUG: us.look_back_time -> ages (Gyr): [ 1.19086806 10.00171528 12.42036957  9.87909719  8.59821998  0.90047923
  0.34842392 11.50135343 11.60796683 11.23675205]
[1/100] subhalo 3017684 done; total_formed=5.022e+00
Building SWIFTGalaxy for subhalo 785997 (soap_index=84882306)
Read masses: Nstars=37450, sum_current=5.077435e+10 Msun
DEBUG: sample z (first valid): [4.38416037 3.13502429 0.47643507 0.25788868 9.71725266 5.77304671
 8.46846782 4.64138762 0.4449246  0.63709033]
DEBUG: Planck15 ages (Gyr): [ 1.37975791  2.04519303  8.7787339  10.68291163  0.49135508  0.97856748
  0.59189157  1.28674765  9.02086931  7.6833336 ]
DEBUG: cosmo_colibre ages (Gyr): [ 1.38173358  2.0470826   8.76913124 10.66622122  0.4930478   0.98049289
  0.59365582  1.28871961  9.01045691  7.67704552]
DEBUG: us.look_back_time -> ages (Gyr): [ 1.38173358  2.04708261  8.76913124 10.66622122  0.4930478   0.98049289
  0.59365583  1.28871961  9.01045691  7.67704552]
[2/100] subhalo 785997 done; total_formed=8.459e+00
Building SWIFTGalaxy for subhalo 792171 (soap_index=84891598)
Read masses: Nstars=33484, sum_current=4.737269e+10 Msun
DEBUG: sample z (first valid): [7.13056307e-03 3.05594752e+00 5.42446819e+00 3.82485460e+00
 5.94016732e+00 5.18147519e+00 2.75913091e-01 9.67361564e+00
 3.42153556e+00 3.58614416e+00]
DEBUG: Planck15 ages (Gyr): [13.69522463  2.10471084  1.05920137  1.62534418  0.94345568  1.12217629
 10.5041184   0.49437749  1.85119985  1.75309598]
DEBUG: cosmo_colibre ages (Gyr): [13.66430238  2.10658395  1.06114456  1.62730997  0.94537194  1.12413046
 10.48816164  0.49607261  1.85313349  1.75504619]
DEBUG: us.look_back_time -> ages (Gyr): [13.66430238  2.10658395  1.06114457  1.62730997  0.94537195  1.12413046
 10.48816164  0.49607261  1.85313349  1.75504619]
[3/100] subhalo 792171 done; total_formed=7.738e+00
Building SWIFTGalaxy for subhalo 7665467 (soap_index=84910627)
Read masses: Nstars=15699, sum_current=2.152477e+10 Msun
DEBUG: sample z (first valid): [5.55622249 2.20469438 4.19220409 1.26909494 0.01998381 4.01999234
 2.59416475 6.11111111 0.32214332 0.40082079]
DEBUG: Planck15 ages (Gyr): [ 1.02746802  2.98116849  1.45668417  4.91208523 13.51332783  1.53195072
  2.51755874  0.9096546  10.06489309  9.37673653]
DEBUG: cosmo_colibre ages (Gyr): [ 1.02940474  2.98264239  1.45865972  4.91159286 13.48335606  1.53392348
  2.51928026  0.9115612  10.05068031  9.36508451]
DEBUG: us.look_back_time -> ages (Gyr): [ 1.02940474  2.98264239  1.45865972  4.91159286 13.48335606  1.53392349
  2.51928027  0.9115612  10.05068031  9.36508451]
[4/100] subhalo 7665467 done; total_formed=3.577e+00
Building SWIFTGalaxy for subhalo 2992648 (soap_index=84949137)
Read masses: Nstars=40331, sum_current=5.698465e+10 Msun
DEBUG: sample z (first valid): [7.16393647 4.98392988 0.68785413 3.68985258 1.33506734 1.10699588
 1.11884901 1.50903522 3.78574558 1.49641932]
DEBUG: Planck15 ages (Gyr): [0.73946144 1.17809937 7.37991405 1.69562069 4.71620916 5.45240509
 5.40976594 4.25564704 1.64519936 4.28657031]
DEBUG: cosmo_colibre ages (Gyr): [0.74130483 1.18006128 7.3744416  1.69757875 4.7159893  5.45107007
 5.40850233 4.25600069 1.64716318 4.28688836]
DEBUG: us.look_back_time -> ages (Gyr): [0.74130484 1.18006128 7.3744416  1.69757876 4.7159893  5.45107007
 5.40850234 4.25600069 1.64716319 4.28688836]
[5/100] subhalo 2992648 done; total_formed=9.341e+00
Building SWIFTGalaxy for subhalo 1596935 (soap_index=84989311)
Read masses: Nstars=39607, sum_current=5.483024e+10 Msun
DEBUG: sample z (first valid): [2.42331801 0.64630225 0.5525443  4.94754515 3.50760025 0.29980167
 6.02497588 0.66707367 3.96409635 0.87481405]
DEBUG: Planck15 ages (Gyr): [ 2.70523606  7.62687941  8.23238974  1.18890485  1.79880551 10.27375775
  0.92643018  7.50187562  1.55777603  6.40719928]
DEBUG: cosmo_colibre ages (Gyr): [ 2.70686724  7.62074648  8.22451224  1.19086805  1.80074849 10.2587261
  0.92834168  7.49608071  1.55974725  6.40403917]
DEBUG: us.look_back_time -> ages (Gyr): [ 2.70686724  7.62074648  8.22451224  1.19086806  1.80074849 10.2587261
  0.92834169  7.49608071  1.55974725  6.40403917]
[6/100] subhalo 1596935 done; total_formed=9.053e+00
Building SWIFTGalaxy for subhalo 802085 (soap_index=85029214)
Read masses: Nstars=17461, sum_current=2.384124e+10 Msun
DEBUG: sample z (first valid): [0.3369237  0.73909351 4.64138762 6.63466915 2.69800248 2.09921498
 6.19859402 4.92924998 2.36288998 0.54115323]
DEBUG: Planck15 ages (Gyr): [9.93009821 7.09182127 1.28674765 0.81770925 2.41370975 3.13121143
 0.89312697 1.19440045 2.77718206 8.31086403]
DEBUG: cosmo_colibre ages (Gyr): [9.91640374 7.08708173 1.28871961 0.81958491 2.4154755  3.13258745
 0.89502852 1.19636428 2.77877504 8.30274749]
DEBUG: us.look_back_time -> ages (Gyr): [9.91640374 7.08708173 1.28871961 0.81958492 2.4154755  3.13258745
 0.89502852 1.19636428 2.77877504 8.30274749]
[7/100] subhalo 802085 done; total_formed=3.983e+00
Building SWIFTGalaxy for subhalo 1611014 (soap_index=85041950)
Read masses: Nstars=20297, sum_current=2.758743e+10 Msun
DEBUG: sample z (first valid): [0.07789474 0.0865442  4.64138762 7.0407337  3.13502429 0.0440989
 2.18043288 0.08791501 7.1971232  3.26722229]
DEBUG: Planck15 ages (Gyr): [12.73446343 12.62358879  1.28674765  0.75653225  2.04519303 13.18108073
  3.01462331 12.60614196  0.73497236  1.95170313]
DEBUG: cosmo_colibre ages (Gyr): [12.70843831 12.59810861  1.28871961  0.75838319  2.0470826  13.1528174
  3.01607614 12.58074713  0.73681371  1.9536158 ]
DEBUG: us.look_back_time -> ages (Gyr): [12.70843831 12.59810861  1.28871961  0.7583832   2.04708261 13.1528174
  3.01607614 12.58074713  0.73681372  1.9536158 ]
[8/100] subhalo 1611014 done; total_formed=4.591e+00
Building SWIFTGalaxy for subhalo 1602696 (soap_index=85079598)
Read masses: Nstars=22534, sum_current=3.159154e+10 Msun
DEBUG: sample z (first valid): [7.86400216 2.90653314 4.79246951 3.70872252 5.05693161 3.69926861
 3.8348211  7.24767178 5.72508979 1.63535467]
DEBUG: Planck15 ages (Gyr): [0.65354035 2.22528781 1.23685924 1.68549813 1.15690478 1.69055703
 1.6203477  0.72822127 0.98904566 3.96486347]
DEBUG: cosmo_colibre ages (Gyr): [0.65534091 2.22712337 1.23882738 1.68745744 1.15886397 1.69251572
 1.62231396 0.73005952 0.99097364 3.96553179]
DEBUG: us.look_back_time -> ages (Gyr): [0.65534092 2.22712337 1.23882738 1.68745744 1.15886398 1.69251572
 1.62231397 0.73005953 0.99097364 3.96553179]
[9/100] subhalo 1602696 done; total_formed=5.223e+00
Building SWIFTGalaxy for subhalo 5807583 (soap_index=85104407)
Read masses: Nstars=35956, sum_current=4.574828e+10 Msun
DEBUG: sample z (first valid): [0.46704871 6.94472057 2.37154028 1.6925226  3.78819318 5.18147519
 4.00313001 3.87546496 3.62335097 6.79540859]
DEBUG: Planck15 ages (Gyr): [8.84984143 0.77029506 2.76669151 3.84367212 1.64394499 1.12217629
 1.53966636 1.60023285 1.73210982 0.7925414 ]
DEBUG: cosmo_colibre ages (Gyr): [8.84000382 0.77215187 2.76829018 3.84446101 1.64590894 1.12413046
 1.54163869 1.60220089 1.73406305 0.79440732]
DEBUG: us.look_back_time -> ages (Gyr): [8.84000382 0.77215187 2.76829019 3.84446101 1.64590894 1.12413046
 1.54163869 1.6022009  1.73406306 0.79440732]
[10/100] subhalo 5807583 done; total_formed=7.727e+00
Building SWIFTGalaxy for subhalo 3079256 (soap_index=85178823)
Read masses: Nstars=19880, sum_current=2.862287e+10 Msun
DEBUG: sample z (first valid): [1.40675725e+00 7.41661851e+00 2.83565492e+00 4.59868784e-03
 6.96790274e+00 4.94754515e+00 1.27959449e-02 6.36111423e+00
 5.58522065e-03 2.69050569e+00]
DEBUG: Planck15 ages (Gyr): [ 4.51715841  0.70638867  2.28652846 13.73145895  0.76693415  1.18890485
 13.61462924  0.86371635 13.71732449  2.42096947]
DEBUG: cosmo_colibre ages (Gyr): [ 4.51719788  0.70821656  2.28834281 13.70034612  0.76878955  1.19086805
 13.58412943  0.86560837 13.68628605  2.42273227]
DEBUG: us.look_back_time -> ages (Gyr): [ 4.51719789  0.70821657  2.28834281 13.70034612  0.76878955  1.19086806
 13.58412943  0.86560837 13.68628605  2.42273227]
[11/100] subhalo 3079256 done; total_formed=4.410e+00
Building SWIFTGalaxy for subhalo 1627386 (soap_index=85183757)
Read masses: Nstars=27399, sum_current=3.614957e+10 Msun
DEBUG: sample z (first valid): [0.41521983 0.64135444 2.20783162 4.13846636 3.12643244 3.12435494
 6.22796956 1.93225951 3.01494823 1.43140165]
DEBUG: Planck15 ages (Gyr): [9.25830681 7.65712286 2.97688686 1.47950097 2.0515244  2.05306018
 0.88768883 3.39536265 2.13670432 4.45182771]
DEBUG: cosmo_colibre ages (Gyr): [9.24707382 7.65090701 2.97836342 1.48147595 2.05341229 2.05494766
 0.88958867 3.39654483 2.13856801 4.45194848]
DEBUG: us.look_back_time -> ages (Gyr): [9.24707382 7.65090701 2.97836342 1.48147596 2.0534123  2.05494766
 0.88958867 3.39654484 2.13856801 4.45194848]
[12/100] subhalo 1627386 done; total_formed=6.058e+00
Building SWIFTGalaxy for subhalo 2796137 (soap_index=85251724)
Read masses: Nstars=22254, sum_current=2.998333e+10 Msun
DEBUG: sample z (first valid): [0.98497698 0.2541335  1.52761493 2.21317905 1.64385993 1.23825137
 2.11631003 0.50810015 4.86924593 4.40993891]
DEBUG: Planck15 ages (Gyr): [ 5.92400954 10.7207139   4.2107555   2.96961197  3.9464443   5.00815328
  3.10606534  8.54502914  1.21272406  1.36994063]
DEBUG: cosmo_colibre ages (Gyr): [ 5.92182746 10.70386664  4.21116009  2.97109305  3.94713134  5.00752091
  3.10745837  8.53618181  1.21468988  1.37191611]
DEBUG: us.look_back_time -> ages (Gyr): [ 5.92182746 10.70386664  4.21116009  2.97109305  3.94713134  5.00752091
  3.10745838  8.53618181  1.21468988  1.37191612]
[13/100] subhalo 2796137 done; total_formed=5.038e+00
Building SWIFTGalaxy for subhalo 5533878 (soap_index=85251792)
Read masses: Nstars=34430, sum_current=4.594922e+10 Msun
DEBUG: sample z (first valid): [0.32428063 5.24449738 5.23202739 4.86346963 6.39850982 2.1039121
 2.07565234 2.14351497 2.30555836 1.5065402 ]
DEBUG: Planck15 ages (Gyr): [10.04523671  1.10525693  1.10857096  1.2145126   0.8571763   3.12426911
  3.16642058  3.06672306  2.84839116  4.26173413]
DEBUG: cosmo_colibre ages (Gyr): [10.03110002  1.10720839  1.11052296  1.21647859  0.85906611  3.12564985
  3.16777236  3.06814222  2.84994439  4.26208079]
DEBUG: us.look_back_time -> ages (Gyr): [10.03110002  1.1072084   1.11052297  1.2164786   0.85906611  3.12564985
  3.16777236  3.06814222  2.84994439  4.2620808 ]
[14/100] subhalo 5533878 done; total_formed=7.708e+00
Building SWIFTGalaxy for subhalo 61823 (soap_index=85294946)
Read masses: Nstars=27726, sum_current=3.743164e+10 Msun
DEBUG: sample z (first valid): [0.46337978 1.99087258 2.14834743 3.02728446 1.09313318 0.5568225
 0.54902146 0.48513416 3.99550271 4.87556034]
DEBUG: Planck15 ages (Gyr): [8.87786885 3.29861499 3.05981985 2.12699385 5.50295089 8.20320417
 8.25653963 8.71358959 1.54317753 1.21077391]
DEBUG: cosmo_colibre ages (Gyr): [8.86793799 3.29987138 3.06124354 2.12886044 5.5015301  8.19541481
 8.24858889 8.70420006 1.54514966 1.21273952]
DEBUG: us.look_back_time -> ages (Gyr): [8.86793799 3.29987138 3.06124354 2.12886044 5.5015301  8.19541482
 8.24858889 8.70420007 1.54514967 1.21273952]
[15/100] subhalo 61823 done; total_formed=6.225e+00
Building SWIFTGalaxy for subhalo 737301 (soap_index=85299144)
Read masses: Nstars=15689, sum_current=2.045584e+10 Msun
DEBUG: sample z (first valid): [0.56634799 0.20082087 0.2714574  0.28240451 0.31608965 1.15678273
 4.16967737 0.28180253 4.63024055 2.1595796 ]
DEBUG: Planck15 ages (Gyr): [ 8.13877842 11.27882091 10.54791189 10.44078599 10.12087228  5.27679479
  1.46617741 10.44663575  1.29056048  3.04387247]
DEBUG: cosmo_colibre ages (Gyr): [ 8.1311822  11.25958899 10.53177669 10.42508584 10.10644191  5.27574845
  1.46815276 10.43091197  1.29253268  3.04530653]
DEBUG: us.look_back_time -> ages (Gyr): [ 8.1311822  11.25958899 10.53177669 10.42508584 10.10644191  5.27574845
  1.46815276 10.43091197  1.29253268  3.04530653]
[16/100] subhalo 737301 done; total_formed=3.396e+00
Building SWIFTGalaxy for subhalo 358571 (soap_index=85436246)
Read masses: Nstars=42267, sum_current=5.618676e+10 Msun
DEBUG: sample z (first valid): [0.1895738  0.14309635 0.19199709 0.20417463 0.18991938 3.56760524
 6.49668268 1.00366883 2.52192605 0.76665948]
DEBUG: Planck15 ages (Gyr): [11.40186997 11.93121069 11.37519619 11.24249686 11.39806061  1.76371029
  0.84039302  5.84769176  2.59421954  6.9439086 ]
DEBUG: cosmo_colibre ages (Gyr): [11.38209525 11.90903305 11.35553965 11.22342402 11.37830278  1.76565889
  0.84227697  5.84565392  2.59590577  6.93952963]
DEBUG: us.look_back_time -> ages (Gyr): [11.38209525 11.90903306 11.35553965 11.22342402 11.37830278  1.76565889
  0.84227698  5.84565392  2.59590577  6.93952963]
[17/100] subhalo 358571 done; total_formed=9.412e+00
Building SWIFTGalaxy for subhalo 160652 (soap_index=85485040)
Read masses: Nstars=54684, sum_current=7.595125e+10 Msun
DEBUG: sample z (first valid): [0.13880587 0.92594334 0.1533155  1.32397163 0.38460238 0.82551532
 1.46616994 0.91558517 1.01847973 0.31873793]
DEBUG: Planck15 ages (Gyr): [11.98182822  6.17557194 11.8118661   4.74827093  9.51282177  6.64357924
  4.36220679  6.22143165  5.78830965 10.0963276 ]
DEBUG: cosmo_colibre ages (Gyr): [11.95941516  6.17289469 11.79023969  4.74800765  9.50068032  6.63989957
  4.36243602  6.21866086  5.78638211 10.0819928 ]
DEBUG: us.look_back_time -> ages (Gyr): [11.95941516  6.17289469 11.79023969  4.74800765  9.50068032  6.63989957
  4.36243602  6.21866087  5.78638211 10.0819928 ]
[18/100] subhalo 160652 done; total_formed=1.252e+01
Building SWIFTGalaxy for subhalo 1492481 (soap_index=85492247)
Read masses: Nstars=34994, sum_current=4.816368e+10 Msun
DEBUG: sample z (first valid): [4.00465827 2.17242715 6.4362873  0.20665783 4.97138952 5.86960168
 4.18563064 5.39875024 1.06256688 2.6437229 ]
DEBUG: Planck15 ages (Gyr): [ 1.53896442  3.02579767  0.8506526  11.21570953  1.18180511  0.95802201
  1.45944381  1.06558571  5.61705006  2.46709651]
DEBUG: cosmo_colibre ages (Gyr): [ 1.5409368   3.02724337  0.85254016 11.19675366  1.18376747  0.95994218
  1.4614193   1.06753013  5.61543126  2.46884003]
DEBUG: us.look_back_time -> ages (Gyr): [ 1.5409368   3.02724337  0.85254016 11.19675366  1.18376747  0.95994218
  1.46141931  1.06753013  5.61543127  2.46884004]
[19/100] subhalo 1492481 done; total_formed=7.974e+00
Building SWIFTGalaxy for subhalo 356432 (soap_index=85496065)
Read masses: Nstars=22623, sum_current=3.109146e+10 Msun
DEBUG: sample z (first valid): [7.82342646 1.55600624 1.30452212 2.78733241 0.98642095 1.55401403
 3.24126327 1.39514655 2.22012579 4.73368329]
DEBUG: Planck15 ages (Gyr): [0.65805863 4.14361664 4.8053189  2.32989117 5.91805835 4.14827127
 1.96949715 4.54847252 2.96020472 1.25588315]
DEBUG: cosmo_colibre ages (Gyr): [0.65986167 4.1440958  4.80497721 2.33168964 5.91588762 4.14874532
 1.97140569 4.54847236 2.9616916  1.2578529 ]
DEBUG: us.look_back_time -> ages (Gyr): [0.65986167 4.1440958  4.80497721 2.33168964 5.91588762 4.14874532
 1.97140569 4.54847236 2.9616916  1.25785291]
[20/100] subhalo 356432 done; total_formed=5.213e+00
Building SWIFTGalaxy for subhalo 4113641 (soap_index=85496144)
Read masses: Nstars=37571, sum_current=5.409415e+10 Msun
DEBUG: sample z (first valid): [1.32628141 0.68524995 0.35887866 0.69553969 0.87674685 0.74874586
 3.90392098 4.34072203 3.56760524 3.11399874]
DEBUG: Planck15 ages (Gyr): [4.74156799 7.39503165 9.73468912 7.33557245 6.39819892 7.03948265
 1.58639473 1.39656682 1.76371029 2.06074434]
DEBUG: cosmo_colibre ages (Gyr): [4.74131383 7.38951962 9.72173166 7.33021544 6.39505805 7.03487191
 1.5883639  1.39854271 1.76565889 2.06262975]
DEBUG: us.look_back_time -> ages (Gyr): [4.74131383 7.38951962 9.72173167 7.33021544 6.39505805 7.03487192
 1.5883639  1.39854271 1.76565889 2.06262976]
[21/100] subhalo 4113641 done; total_formed=8.925e+00
Building SWIFTGalaxy for subhalo 750759 (soap_index=85531868)
Read masses: Nstars=31192, sum_current=4.550827e+10 Msun
DEBUG: sample z (first valid): [4.47227789 5.7181958  4.11760112 6.19859402 1.78639456 1.00981354
 2.19003115 6.42113011 6.35368043 2.71308782]
DEBUG: Planck15 ages (Gyr): [1.34667298 0.99056727 1.48852042 0.89312697 3.65726927 5.82293983
 3.00131487 0.85326012 0.86502632 2.39920963]
DEBUG: cosmo_colibre ages (Gyr): [1.34864783 0.99249561 1.49049511 0.89502852 3.65823168 5.82094817
 3.00277613 0.85514858 0.86691878 2.40098123]
DEBUG: us.look_back_time -> ages (Gyr): [1.34864783 0.99249561 1.49049511 0.89502852 3.65823168 5.82094817
 3.00277613 0.85514858 0.86691878 2.40098124]
[22/100] subhalo 750759 done; total_formed=7.380e+00
Building SWIFTGalaxy for subhalo 65120 (soap_index=85564306)
Read masses: Nstars=57244, sum_current=8.348709e+10 Msun
DEBUG: sample z (first valid): [0.3811009  4.73418497 5.22551534 6.72830189 0.36886958 1.1650479
 2.90653314 0.06251621 5.09410452 0.0627919 ]
DEBUG: Planck15 ages (Gyr): [ 9.54258302  1.25571875  1.11030816  0.80288998  9.64762463  5.24850916
  2.22528781 12.93501042  1.1463544  12.93137619]
DEBUG: cosmo_colibre ages (Gyr): [ 9.5303334   1.25768849  1.11226045  0.80475998  9.63499004  5.24750797
  2.22712337 12.90798871  1.14831214 12.90437266]
DEBUG: us.look_back_time -> ages (Gyr): [ 9.5303334   1.2576885   1.11226045  0.80475998  9.63499004  5.24750797
  2.22712337 12.90798871  1.14831215 12.90437266]
[23/100] subhalo 65120 done; total_formed=1.367e+01
Building SWIFTGalaxy for subhalo 2915272 (soap_index=85779739)
Read masses: Nstars=23924, sum_current=3.202630e+10 Msun
DEBUG: sample z (first valid): [ 4.92335503  0.90445194  1.33573312 11.08148216  1.47492447  1.36797225
  3.34128246  5.00806747  2.10214901  2.54708811]
DEBUG: Planck15 ages (Gyr): [1.19618019 6.27131781 4.71429635 0.41035719 4.3400972  4.62313753
 1.90237105 1.17102065 3.12687199 2.56708653]
DEBUG: cosmo_colibre ages (Gyr): [1.19814422 6.26844411 4.71407907 0.41197809 4.34035265 4.62304112
 1.90429452 1.17298168 3.12825096 2.56878551]
DEBUG: us.look_back_time -> ages (Gyr): [1.19814423 6.26844411 4.71407907 0.41197809 4.34035266 4.62304113
 1.90429452 1.17298168 3.12825096 2.56878551]
[24/100] subhalo 2915272 done; total_formed=5.352e+00
Building SWIFTGalaxy for subhalo 5695030 (soap_index=85793861)
Read masses: Nstars=17821, sum_current=2.410072e+10 Msun
DEBUG: sample z (first valid): [5.14380801 0.24394503 2.51474847 0.28501961 4.53934579 0.0813094
 3.69455587 3.51225558 6.45150654 3.02728446]
DEBUG: Planck15 ages (Gyr): [ 1.13249512 10.82425508  2.60204585 10.41542841  1.32236353 12.69052861
  1.69308826  1.79604154  0.84804771  2.12699385]
DEBUG: cosmo_colibre ages (Gyr): [ 1.13445086 10.80697513  2.60372836 10.39983052  1.32433742 12.66471994
  1.69504664  1.79798497  0.84993436  2.12886044]
DEBUG: us.look_back_time -> ages (Gyr): [ 1.13445086 10.80697514  2.60372836 10.39983053  1.32433743 12.66471994
  1.69504665  1.79798498  0.84993437  2.12886044]
[25/100] subhalo 5695030 done; total_formed=3.995e+00
Building SWIFTGalaxy for subhalo 170339 (soap_index=85880627)
Read masses: Nstars=23885, sum_current=3.070221e+10 Msun
DEBUG: sample z (first valid): [0.98449612 0.17523851 0.21524996 1.42761891 4.47227789 1.5179038
 1.54884879 0.15040022 3.76175252 0.71452491]
DEBUG: Planck15 ages (Gyr): [ 5.92599343 11.56150534 11.1237251   4.46175661  1.34667298  4.23412345
  4.16037878 11.84573858  1.65758005  7.22776757]
DEBUG: cosmo_colibre ages (Gyr): [ 5.92380756 11.54101747 11.10516868  4.46186514  1.34864783  4.23450163
  4.1608395  11.82395627  1.65954256  7.22268722]
DEBUG: us.look_back_time -> ages (Gyr): [ 5.92380757 11.54101747 11.10516868  4.46186514  1.34864783  4.23450163
  4.1608395  11.82395627  1.65954256  7.22268723]
[26/100] subhalo 170339 done; total_formed=5.138e+00
Building SWIFTGalaxy for subhalo 372114 (soap_index=85902881)
Read masses: Nstars=15019, sum_current=1.935280e+10 Msun
DEBUG: sample z (first valid): [3.57685593 3.94387447 4.87556034 4.10206306 3.40370918 3.68985258
 1.81560406 0.2490661  0.2805002  0.76228891]
DEBUG: Planck15 ages (Gyr): [ 1.75840063  1.56729723  1.21077391  1.49529646  1.86236816  1.69562069
  3.60224554 10.77203248 10.45930766  6.9670419 ]
DEBUG: cosmo_colibre ages (Gyr): [ 1.76035004  1.56926781  1.21273952  1.4972709   1.86429967  1.69757875
  3.60325643 10.75497132 10.44353265  6.96260724]
DEBUG: us.look_back_time -> ages (Gyr): [ 1.76035004  1.56926781  1.21273952  1.49727091  1.86429968  1.69757876
  3.60325644 10.75497132 10.44353265  6.96260724]
[27/100] subhalo 372114 done; total_formed=3.254e+00
Building SWIFTGalaxy for subhalo 2956894 (soap_index=85913118)
Read masses: Nstars=15093, sum_current=2.133530e+10 Msun
DEBUG: sample z (first valid): [0.63872775 0.76228891 0.5875969  1.28412101 2.96323174 2.0739212
 7.36558591 3.27250799 1.91737892 1.97566291]
DEBUG: Planck15 ages (Gyr): [7.67325259 6.9670419  7.9977795  4.86634355 2.1782207  3.16903288
 0.7128676  1.94811252 3.42066245 3.32328444]
DEBUG: cosmo_colibre ages (Gyr): [7.66699233 6.96260724 7.99059898 4.86591637 2.18007158 3.17038283
 0.71469862 1.950026   3.42182462 3.32452226]
DEBUG: us.look_back_time -> ages (Gyr): [7.66699233 6.96260724 7.99059899 4.86591637 2.18007158 3.17038283
 0.71469862 1.95002601 3.42182462 3.32452227]
[28/100] subhalo 2956894 done; total_formed=3.551e+00
Building SWIFTGalaxy for subhalo 1580275 (soap_index=85973438)
Read masses: Nstars=49455, sum_current=6.671890e+10 Msun
DEBUG: sample z (first valid): [0.77258466 4.55060557 3.16869156 6.95146809 0.03512762 0.3193751
 5.06309557 1.63705134 0.38249937 7.09786235]
DEBUG: Planck15 ages (Gyr): [ 6.91273507  1.31835365  2.02069173  0.76931429 13.30333042 10.09043511
  1.15514421  3.96117804  9.53068021  0.74853601]
DEBUG: cosmo_colibre ages (Gyr): [ 6.90843073  1.32032736  2.02258769  0.77117069 13.27444269 10.07612322
  1.15710316  3.96185011  9.5184739   0.75038345]
DEBUG: us.look_back_time -> ages (Gyr): [ 6.90843073  1.32032737  2.02258769  0.7711707  13.27444269 10.07612322
  1.15710317  3.96185011  9.5184739   0.75038346]
[29/100] subhalo 1580275 done; total_formed=1.107e+01
Building SWIFTGalaxy for subhalo 70643 (soap_index=85988953)
Read masses: Nstars=14809, sum_current=1.974503e+10 Msun
DEBUG: sample z (first valid): [3.31498551 3.77632826 0.53797052 4.65306651 4.64138762 3.11813498
 0.13991512 4.92335503 3.65190233 0.0340823 ]
DEBUG: Planck15 ages (Gyr): [ 1.91964929  1.65004049  8.33299083  1.28277292  1.28674765  2.05766963
 11.96871249  1.19618019  1.71628608 13.31767814]
DEBUG: cosmo_colibre ages (Gyr): [ 1.92156908  1.65200381  8.32480636  1.28474463  1.28871961  2.05955587
 11.94636053  1.19814422  1.71824148 13.2887168 ]
DEBUG: us.look_back_time -> ages (Gyr): [ 1.92156909  1.65200381  8.32480636  1.28474463  1.28871961  2.05955587
 11.94636053  1.19814423  1.71824148 13.2887168 ]
[30/100] subhalo 70643 done; total_formed=3.273e+00
Building SWIFTGalaxy for subhalo 380534 (soap_index=86000677)
Read masses: Nstars=90008, sum_current=1.193524e+11 Msun
DEBUG: sample z (first valid): [4.56758134 2.94509993 1.01748553 2.25660902 0.64464967 0.65294592
 7.62429267 0.68006563 4.72216886 1.16233338]
DEBUG: Planck15 ages (Gyr): [1.3123462  2.19309243 5.79226604 2.91159084 7.63696058 7.58655477
 0.68100552 7.42526839 1.25966626 5.25777242]
DEBUG: cosmo_colibre ages (Gyr): [1.31431961 2.19493856 5.7903312  2.91310716 7.63080006 7.58053171
 0.6828207  7.41967688 1.26163631 5.25675649]
DEBUG: us.look_back_time -> ages (Gyr): [1.31431962 2.19493856 5.7903312  2.91310716 7.63080006 7.58053171
 0.6828207  7.41967688 1.26163632 5.25675649]
[31/100] subhalo 380534 done; total_formed=1.984e+01
Building SWIFTGalaxy for subhalo 811995 (soap_index=86087273)
Read masses: Nstars=79468, sum_current=1.054065e+11 Msun
DEBUG: sample z (first valid): [0.65294592 0.50256787 1.28300704 1.20555967 1.02421547 0.33528932
 1.82702096 1.41901668 1.37518121 7.9634138 ]
DEBUG: Planck15 ages (Gyr): [7.58655477 8.58518577 4.86971129 5.11328448 5.76556723 9.94487358
 3.58110356 4.48446846 4.60313953 0.64268574]
DEBUG: cosmo_colibre ages (Gyr): [7.58053171 8.57621049 4.86927934 5.11249406 5.76368149 9.93112269
 3.58213275 4.48454885 4.60306914 0.64448028]
DEBUG: us.look_back_time -> ages (Gyr): [7.58053171 8.5762105  4.86927935 5.11249406 5.76368149 9.93112269
 3.58213276 4.48454885 4.60306915 0.64448028]
[32/100] subhalo 811995 done; total_formed=1.764e+01
Building SWIFTGalaxy for subhalo 388526 (soap_index=86116305)
Read masses: Nstars=23707, sum_current=3.280664e+10 Msun
DEBUG: sample z (first valid): [3.92196771 2.78165032 2.03857567 5.87681007 0.97088897 1.15891422
 1.69009113 1.03907903 2.18105038 1.99059962]
DEBUG: Planck15 ages (Gyr): [1.57772104 2.33507905 3.22314908 0.95651695 5.98256751 5.26947718
 3.84870391 5.70728207 3.01376421 3.29905509]
DEBUG: cosmo_colibre ages (Gyr): [1.57969087 2.33687558 3.22446076 0.95843672 5.98027287 5.26844255
 3.84948791 5.70550234 3.01521759 3.30031115]
DEBUG: us.look_back_time -> ages (Gyr): [1.57969087 2.33687558 3.22446076 0.95843673 5.98027288 5.26844256
 3.84948791 5.70550234 3.01521759 3.30031115]
[33/100] subhalo 388526 done; total_formed=5.479e+00
Building SWIFTGalaxy for subhalo 1614353 (soap_index=86116315)
Read masses: Nstars=17032, sum_current=2.281122e+10 Msun
DEBUG: sample z (first valid): [0.67013252 3.29097099 5.85594727 2.13509376 3.78819318 3.183594
 2.27221889 2.21696446 2.86962683 1.63896271]
DEBUG: Planck15 ages (Gyr): [7.483731   1.93565573 0.96088375 3.07881385 1.64394499 2.01000091
 2.89118893 2.96447972 2.25683361 3.95703288]
DEBUG: cosmo_colibre ages (Gyr): [7.47798452 1.93757201 0.96280467 3.08022505 1.64590894 2.01189958
 2.89271734 2.96596397 2.25865842 3.95770917]
DEBUG: us.look_back_time -> ages (Gyr): [7.47798452 1.93757202 0.96280467 3.08022505 1.64590894 2.01189958
 2.89271734 2.96596397 2.25865842 3.95770917]
[34/100] subhalo 1614353 done; total_formed=3.827e+00
Building SWIFTGalaxy for subhalo 811149 (soap_index=86141747)
Read masses: Nstars=122748, sum_current=1.655388e+11 Msun
DEBUG: sample z (first valid): [0.80938708 2.16997195 4.67018515 1.31559607 0.9209755  0.78650093
 1.63577864 1.3417423  1.57347051 1.67210307]
DEBUG: Planck15 ages (Gyr): [6.72385316 3.02923822 1.27698356 4.77270414 6.19750051 6.84036107
 3.96394204 4.6970879  4.10317111 3.88626295]
DEBUG: cosmo_colibre ages (Gyr): [6.71999087 3.03068171 1.27895488 4.77240746 6.19477866 6.83622816
 3.96461129 4.69689373 4.10369425 3.88701017]
DEBUG: us.look_back_time -> ages (Gyr): [6.71999088 3.03068171 1.27895488 4.77240746 6.19477866 6.83622816
 3.9646113  4.69689373 4.10369426 3.88701017]
[35/100] subhalo 811149 done; total_formed=2.748e+01
Building SWIFTGalaxy for subhalo 175695 (soap_index=86156948)
Read masses: Nstars=53768, sum_current=7.223950e+10 Msun
DEBUG: sample z (first valid): [2.28040845 2.00293255 1.88653982 0.78650093 0.75869472 0.70933751
 0.27690749 0.26820961 0.30873073 2.03379317]
DEBUG: Planck15 ages (Gyr): [ 2.88057881  3.27926582  3.47408289  6.84036107  6.98615484  7.2569816
 10.4943807  10.5799998  10.1895335   3.23058726]
DEBUG: cosmo_colibre ages (Gyr): [ 2.88211343  3.2805366   3.47520194  6.83622816  6.98167397  7.25182684
 10.47846352 10.56373333 10.17483435  3.2318936 ]
DEBUG: us.look_back_time -> ages (Gyr): [ 2.88211343  3.28053661  3.47520194  6.83622816  6.98167397  7.25182685
 10.47846352 10.56373333 10.17483435  3.2318936 ]
[36/100] subhalo 175695 done; total_formed=1.201e+01
Building SWIFTGalaxy for subhalo 1604428 (soap_index=86176933)
Read masses: Nstars=21695, sum_current=3.144213e+10 Msun
DEBUG: sample z (first valid): [1.95473399 3.7569137  2.51474847 0.58161985 1.73385617 1.27145432
 2.89030037 3.91127098 1.63747585 5.07997031]
DEBUG: Planck15 ages (Gyr): [3.35772555 1.66009565 2.60204585 8.0370661  3.75973947 4.90485763
 2.23907268 1.58285263 3.9602568  1.15034707]
DEBUG: cosmo_colibre ages (Gyr): [3.35893704 1.66205788 2.60372836 8.02977072 3.76060827 4.90437562
 2.24090359 1.58482207 3.96092981 1.15230536]
DEBUG: us.look_back_time -> ages (Gyr): [3.35893705 1.66205788 2.60372836 8.02977072 3.76060827 4.90437562
 2.24090359 1.58482207 3.96092982 1.15230537]
[37/100] subhalo 1604428 done; total_formed=5.174e+00
Building SWIFTGalaxy for subhalo 75963 (soap_index=86240980)
Read masses: Nstars=143122, sum_current=1.804865e+11 Msun
DEBUG: sample z (first valid): [1.6856815  3.78819318 2.32400081 2.85914498 2.09599395 2.48632833
 1.71393076 0.91715422 1.05738683 1.37587007]
DEBUG: Planck15 ages (Gyr): [3.85785664 1.64394499 2.82516088 2.26592766 3.1359867  2.63341911
 3.79982544 6.21445077 5.63675592 4.60123586]
DEBUG: cosmo_colibre ages (Gyr): [3.85863173 1.64590894 2.82672729 2.26774931 3.13735945 2.63508644
 3.80065643 6.21169429 5.63510231 4.60116795]
DEBUG: us.look_back_time -> ages (Gyr): [3.85863174 1.64590894 2.82672729 2.26774931 3.13735945 2.63508645
 3.80065644 6.21169429 5.63510231 4.60116795]
[38/100] subhalo 75963 done; total_formed=3.032e+01
Building SWIFTGalaxy for subhalo 3074190 (soap_index=86256791)
Read masses: Nstars=20193, sum_current=2.770206e+10 Msun
DEBUG: sample z (first valid): [4.11760112 0.1895738  3.57685593 5.7181958  0.94653677 4.10723192
 4.66430424 4.1909703  4.71070059 0.17279885]
DEBUG: Planck15 ages (Gyr): [ 1.48852042 11.40186997  1.75840063  0.99056727  6.08594982  1.49303669
  1.27896753  1.45720147  1.26345305 11.58899014]
DEBUG: cosmo_colibre ages (Gyr): [ 1.49049511 11.38209525  1.76035004  0.99249561  6.08345247  1.49501122
  1.28093898  1.45917701  1.26542339 11.56837847]
DEBUG: us.look_back_time -> ages (Gyr): [ 1.49049511 11.38209525  1.76035004  0.99249561  6.08345247  1.49501122
  1.28093899  1.45917702  1.26542339 11.56837847]
[39/100] subhalo 3074190 done; total_formed=4.654e+00
Building SWIFTGalaxy for subhalo 820131 (soap_index=86287858)
Read masses: Nstars=41344, sum_current=5.952392e+10 Msun
DEBUG: sample z (first valid): [6.1694563  7.         6.08267589 0.16745048 4.55625265 0.94284359
 0.75775131 0.76399655 0.64630225 0.13588464]
DEBUG: Planck15 ages (Gyr): [ 0.898576    0.76232083  0.91513642 11.64957121  1.31635019  6.10187233
  6.99118497  6.95798929  7.62687941 12.01646642]
DEBUG: cosmo_colibre ages (Gyr): [ 0.90047923  0.76417426  0.91704465 11.62868562  1.3183238   6.0993433
  6.98669191  6.95357645  7.62074648 11.9938917 ]
DEBUG: us.look_back_time -> ages (Gyr): [ 0.90047923  0.76417426  0.91704465 11.62868562  1.3183238   6.0993433
  6.98669192  6.95357645  7.62074648 11.9938917 ]
[40/100] subhalo 820131 done; total_formed=9.734e+00
Building SWIFTGalaxy for subhalo 1621162 (soap_index=86327301)
Read masses: Nstars=22125, sum_current=2.963039e+10 Msun
DEBUG: sample z (first valid): [7.537224   2.28369576 0.74260796 3.68013997 2.65143749 0.02830603
 6.1694563  0.60674708 0.54115323 0.39664138]
DEBUG: Planck15 ages (Gyr): [ 0.69146003  2.87633781  7.07269569  1.70087021  2.4593909  13.39735409
  0.898576    7.87384172  8.31086403  9.41152972]
DEBUG: cosmo_colibre ages (Gyr): [ 0.69328053  2.87787491  7.06800337  1.70282762  2.4611377  13.36798277
  0.90047923  7.86701867  8.30274749  9.39975337]
DEBUG: us.look_back_time -> ages (Gyr): [ 0.69328053  2.87787491  7.06800338  1.70282762  2.4611377  13.36798277
  0.90047923  7.86701867  8.30274749  9.39975337]
[41/100] subhalo 1621162 done; total_formed=4.944e+00
Building SWIFTGalaxy for subhalo 3106094 (soap_index=86336331)
Read masses: Nstars=41949, sum_current=5.412996e+10 Msun
DEBUG: sample z (first valid): [2.66041108 2.46165223 5.61645634 1.01388974 1.0395867  3.10138307
 3.25420318 9.61999676 3.4755856  4.47227789]
DEBUG: Planck15 ages (Gyr): [2.45047747 2.66116678 1.01348277 5.80661087 5.70530769 2.07016939
 1.96059392 0.49813379 1.81800549 1.34667298]
DEBUG: cosmo_colibre ages (Gyr): [2.45222803 2.66282038 1.01541642 5.80464951 5.70353152 2.07205222
 1.96250454 0.49983188 1.81994517 1.34864783]
DEBUG: us.look_back_time -> ages (Gyr): [2.45222804 2.66282038 1.01541643 5.80464951 5.70353152 2.07205222
 1.96250454 0.49983189 1.81994517 1.34864783]
[42/100] subhalo 3106094 done; total_formed=9.049e+00
Building SWIFTGalaxy for subhalo 10263412 (soap_index=86337850)
Read masses: Nstars=29141, sum_current=3.971884e+10 Msun
DEBUG: sample z (first valid): [4.00465827 9.37454488 4.99597438 2.03379317 4.86346963 5.56936648
 0.83800763 1.55401403 0.5895993  6.77598481]
DEBUG: Planck15 ages (Gyr): [1.53896442 0.51595104 1.17455828 3.23058726 1.2145126  1.02438897
 6.58241669 4.14827127 7.9846827  0.79551386]
DEBUG: cosmo_colibre ages (Gyr): [1.5409368  0.51766286 1.17651975 3.2318936  1.21647859 1.02632503
 6.57887405 4.14874532 7.97754031 0.79738096]
DEBUG: us.look_back_time -> ages (Gyr): [1.5409368  0.51766286 1.17651976 3.2318936  1.2164786  1.02632503
 6.57887405 4.14874532 7.97754031 0.79738096]
[43/100] subhalo 10263412 done; total_formed=6.631e+00
Building SWIFTGalaxy for subhalo 74566 (soap_index=86351360)
Read masses: Nstars=79979, sum_current=1.091727e+11 Msun
DEBUG: sample z (first valid): [6.74382607 4.57326303 0.57115458 1.98324836 2.65306577 3.22404125
 0.4383285  0.86669705 6.19859402 1.99251142]
DEBUG: Planck15 ages (Gyr): [0.80047609 1.31034568 8.10655777 3.31094368 2.45776957 1.98145072
 9.07280877 6.44521299 0.89312697 3.2959747 ]
DEBUG: cosmo_colibre ages (Gyr): [0.80234514 1.31231899 8.09905739 3.31219082 2.45951706 1.98335642
 9.0622191  6.44197115 0.89502852 3.29723306]
DEBUG: us.look_back_time -> ages (Gyr): [0.80234515 1.31231899 8.09905739 3.31219082 2.45951706 1.98335642
 9.0622191  6.44197116 0.89502852 3.29723306]
[44/100] subhalo 74566 done; total_formed=1.818e+01
Building SWIFTGalaxy for subhalo 5850963 (soap_index=86380249)
Read masses: Nstars=98351, sum_current=1.292128e+11 Msun
DEBUG: sample z (first valid): [1.42151936 0.60911412 0.2727414  0.25183374 1.77647856 4.64138762
 0.03303909 4.53373301 4.63024055 1.1026694 ]
DEBUG: Planck15 ages (Gyr): [ 4.4778417   7.85872441 10.53526484 10.7439602   3.67625967  1.28674765
 13.33201857  1.32436993  1.29056048  5.46810117]
DEBUG: cosmo_colibre ages (Gyr): [ 4.47793032  7.85194446 10.51918126 10.72701619  3.67720505  1.28871961
 13.30298359  1.32634392  1.29253268  5.46673965]
DEBUG: us.look_back_time -> ages (Gyr): [ 4.47793032  7.85194446 10.51918126 10.72701619  3.67720506  1.28871961
 13.30298359  1.32634392  1.29253268  5.46673965]
[45/100] subhalo 5850963 done; total_formed=2.142e+01
Building SWIFTGalaxy for subhalo 62132 (soap_index=86397237)
Read masses: Nstars=27150, sum_current=3.631544e+10 Msun
DEBUG: sample z (first valid): [3.77632826 4.02499617 0.22515516 2.06615514 0.66487146 0.7824195
 0.54434914 2.44418751 0.57115458 0.93093695]
DEBUG: Planck15 ages (Gyr): [ 1.65004049  1.52967345 11.01902064  3.18079535  7.51498032  6.86146579
  8.28873408  2.68109699  8.10655777  6.15365145]
DEBUG: cosmo_colibre ages (Gyr): [ 1.65200381  1.53164634 11.00091472  3.18213708  7.50915033  6.85728316
  8.28068525  2.68274054  8.09905739  6.15101856]
DEBUG: us.look_back_time -> ages (Gyr): [ 1.65200381  1.53164635 11.00091472  3.18213709  7.50915033  6.85728316
  8.28068525  2.68274054  8.09905739  6.15101856]
[46/100] subhalo 62132 done; total_formed=6.080e+00
Building SWIFTGalaxy for subhalo 347146 (soap_index=86455513)
Read masses: Nstars=33072, sum_current=4.708013e+10 Msun
DEBUG: sample z (first valid): [2.70176231 2.18506998 4.12801252 1.75824916 1.38122229 0.24394503
 4.59610622 0.94862036 2.1950078  1.2167501 ]
DEBUG: Planck15 ages (Gyr): [ 2.4100823   3.00818172  1.48400851  3.71159176  4.58648781 10.82425508
  1.30235342  6.07699542  2.99445233  5.07690585]
DEBUG: cosmo_colibre ages (Gyr): [ 2.41184952  3.00963864  1.48598335  3.71250508  4.58643895 10.80697513
  1.30432631  6.07451583  2.99591792  5.07617069]
DEBUG: us.look_back_time -> ages (Gyr): [ 2.41184953  3.00963864  1.48598335  3.71250508  4.58643896 10.80697514
  1.30432632  6.07451583  2.99591792  5.07617069]
[47/100] subhalo 347146 done; total_formed=7.705e+00
Building SWIFTGalaxy for subhalo 1476658 (soap_index=86479445)
Read masses: Nstars=108356, sum_current=1.435169e+11 Msun
DEBUG: sample z (first valid): [5.18147519 0.99415774 2.9460501  4.6760783  4.72216886 4.4832664
 0.2202279  8.62349486 0.06444906 6.66592584]
DEBUG: Planck15 ages (Gyr): [ 1.12217629  5.88633099  2.19230895  1.27500058  1.25966626  1.34263952
 11.07092738  0.57762589 12.9095614   0.81271204]
DEBUG: cosmo_colibre ages (Gyr): [ 1.12413046  5.88422047  2.19415533  1.27697176  1.26163631  1.34461423
 11.05259868  0.57938099 12.88266692  0.81458582]
DEBUG: us.look_back_time -> ages (Gyr): [ 1.12413046  5.88422047  2.19415533  1.27697176  1.26163632  1.34461423
 11.05259868  0.579381   12.88266692  0.81458582]
[48/100] subhalo 1476658 done; total_formed=2.389e+01
Building SWIFTGalaxy for subhalo 5553517 (soap_index=86495173)
Read masses: Nstars=24343, sum_current=3.297802e+10 Msun
DEBUG: sample z (first valid): [8.11044693 4.59610622 9.95919732 6.24955752 4.42786152 6.27208167
 3.88892204 0.11927859 0.11927859 4.21202481]
DEBUG: Planck15 ages (Gyr): [ 0.62717157  1.30235342  0.47514082  0.88372735  1.36318322  0.87962528
  1.59366387 12.21609528 12.21609528  1.44841526]
DEBUG: cosmo_colibre ages (Gyr): [ 0.62895723  1.30432631  0.4768203   0.88562592  1.36515854  0.88152254
  1.59563246 12.19258011 12.19258011  1.45039096]
DEBUG: us.look_back_time -> ages (Gyr): [ 0.62895723  1.30432632  0.4768203   0.88562593  1.36515855  0.88152255
  1.59563246 12.19258011 12.19258011  1.45039096]
[49/100] subhalo 5553517 done; total_formed=5.485e+00
Building SWIFTGalaxy for subhalo 743357 (soap_index=86614211)
Read masses: Nstars=70851, sum_current=9.818590e+10 Msun
DEBUG: sample z (first valid): [4.89936088 0.80242024 7.67681716 6.63466915 3.37694517 2.00458463
 1.2200542  4.60711841 0.58559954 1.90187744]
DEBUG: Planck15 ages (Gyr): [1.20346989 6.75899325 0.67482519 0.81770925 1.87934652 3.27662963
 5.06624332 1.29852939 8.01087568 3.44734609]
DEBUG: cosmo_colibre ages (Gyr): [1.20543472 6.75505004 0.67663716 0.81958491 1.88127469 3.27790236
 5.06552424 1.30050206 8.00365696 3.44848686]
DEBUG: us.look_back_time -> ages (Gyr): [1.20543473 6.75505004 0.67663716 0.81958492 1.8812747  3.27790236
 5.06552424 1.30050207 8.00365696 3.44848686]
[50/100] subhalo 743357 done; total_formed=1.611e+01
Building SWIFTGalaxy for subhalo 2836755 (soap_index=86614224)
Read masses: Nstars=29784, sum_current=3.924806e+10 Msun
DEBUG: sample z (first valid): [7.87300298 0.78786556 0.4022595  2.58708265 1.10699588 1.72408346
 0.54042873 0.55771059 6.74382607 0.85402286]
DEBUG: Planck15 ages (Gyr): [0.65254505 6.83332699 9.36480328 2.5249087  5.45240509 3.77931408
 8.31589312 8.19716518 0.80047609 6.50527341]
DEBUG: cosmo_colibre ages (Gyr): [0.65434507 6.82921061 9.35319377 2.52662693 5.45107007 3.7801645
 8.30776117 8.18939402 0.80234514 6.50190102]
DEBUG: us.look_back_time -> ages (Gyr): [0.65434508 6.82921061 9.35319377 2.52662693 5.45107007 3.7801645
 8.30776117 8.18939402 0.80234515 6.50190103]
[51/100] subhalo 2836755 done; total_formed=6.536e+00
Building SWIFTGalaxy for subhalo 160044 (soap_index=86633212)
Read masses: Nstars=16487, sum_current=2.151383e+10 Msun
DEBUG: sample z (first valid): [3.60580505 2.13179776 2.4168926  2.5831602  3.46430518 2.51135877
 3.74726548 2.3172707  2.10185536 4.43371196]
DEBUG: Planck15 ages (Gyr): [1.74195433 3.08356735 2.71274006 2.52899471 1.82485155 2.60575544
 1.66513044 2.83360206 3.12730586 1.36098937]
DEBUG: cosmo_colibre ages (Gyr): [1.74390616 3.0849754  2.71436735 2.5307111  1.82679003 2.60743617
 1.66709211 2.83516371 3.12868454 1.36296464]
DEBUG: us.look_back_time -> ages (Gyr): [1.74390617 3.0849754  2.71436735 2.53071111 1.82679003 2.60743617
 1.66709212 2.83516371 3.12868454 1.36296464]
[52/100] subhalo 160044 done; total_formed=3.616e+00
Building SWIFTGalaxy for subhalo 160061 (soap_index=86633213)
Read masses: Nstars=32204, sum_current=4.239603e+10 Msun
DEBUG: sample z (first valid): [1.45839898 1.20600512 0.91424232 1.56180127 1.30858109 0.92300469
 0.91334813 2.51060639 5.98231408 5.08166295]
DEBUG: Planck15 ages (Gyr): [4.38198453 5.11182848 6.2274159  4.13012487 4.79332327 6.18852876
 6.23140571 2.60658    0.93493024 1.14986771]
DEBUG: cosmo_colibre ages (Gyr): [4.38219013 5.11104028 6.22463283 4.13061877 4.7929982  6.18582519
 6.22861444 2.60826033 0.93684414 1.15182594]
DEBUG: us.look_back_time -> ages (Gyr): [4.38219013 5.11104028 6.22463283 4.13061878 4.7929982  6.18582519
 6.22861445 2.60826034 0.93684415 1.15182594]
[53/100] subhalo 160061 done; total_formed=7.105e+00
Building SWIFTGalaxy for subhalo 741150 (soap_index=86644824)
Read masses: Nstars=60134, sum_current=8.156035e+10 Msun
DEBUG: sample z (first valid): [4.86346963 3.22840183 5.24449738 2.25369874 5.30821061 3.45308147
 0.09849145 0.1480625  4.05561984 3.61423643]
DEBUG: Planck15 ages (Gyr): [ 1.2145126   1.97841279  1.10525693  2.91542064  1.08857835  1.83170563
 12.47266822 11.87300032  1.5158579   1.7372122 ]
DEBUG: cosmo_colibre ages (Gyr): [ 1.21647859  1.98031921  1.10720839  2.91693467  1.09052697  1.83364287
 12.4479228  11.85109223  1.51783148  1.73916471]
DEBUG: us.look_back_time -> ages (Gyr): [ 1.2164786   1.98031921  1.1072084   2.91693468  1.09052697  1.83364287
 12.4479228  11.85109223  1.51783148  1.73916471]
[54/100] subhalo 741150 done; total_formed=1.347e+01
Building SWIFTGalaxy for subhalo 62657 (soap_index=86674827)
Read masses: Nstars=25172, sum_current=3.562996e+10 Msun
DEBUG: sample z (first valid): [2.84330284 1.00268916 9.63033252 3.88418542 0.86097229 1.00403645
 5.60978316 2.80051032 1.05416249 1.03111635]
DEBUG: Planck15 ages (Gyr): [2.27978744 5.8516533  0.49740603 1.59597092 6.47223442 5.84620627
 1.01501655 2.31793225 5.64907697 5.73839063]
DEBUG: cosmo_colibre ages (Gyr): [2.2816042  5.84960803 0.49910355 1.59793931 6.46893407 5.84417121
 1.01695054 2.31973517 5.64740149 5.73655452]
DEBUG: us.look_back_time -> ages (Gyr): [2.2816042  5.84960804 0.49910355 1.59793932 6.46893407 5.84417121
 1.01695055 2.31973517 5.64740149 5.73655453]
[55/100] subhalo 62657 done; total_formed=5.901e+00
Building SWIFTGalaxy for subhalo 162217 (soap_index=86688279)
Read masses: Nstars=277171, sum_current=3.569874e+11 Msun
DEBUG: sample z (first valid): [ 1.15564765  4.02499617  5.06927209  1.82921775 11.18028064  0.95629851
  1.03705085  1.49262133  2.38442471  0.85046307]
DEBUG: Planck15 ages (Gyr): [5.28069819 1.52967345 1.1533845  3.57705866 0.40536186 6.04417516
 5.71518051 4.2959506  2.75118618 6.52229885]
DEBUG: cosmo_colibre ages (Gyr): [5.27964559 1.53164634 1.15534322 3.57809133 0.40697783 6.04176034
 5.71338651 4.29625777 2.75279319 6.51888914]
DEBUG: us.look_back_time -> ages (Gyr): [5.27964559 1.53164635 1.15534322 3.57809134 0.40697783 6.04176034
 5.71338651 4.29625777 2.75279319 6.51888914]
[56/100] subhalo 162217 done; total_formed=5.958e+01
Building SWIFTGalaxy for subhalo 66491 (soap_index=86721871)
Read masses: Nstars=26821, sum_current=3.501307e+10 Msun
DEBUG: sample z (first valid): [1.46357417 0.58559954 0.54580621 0.38530481 3.53504948 1.42277264
 0.95559799 0.82510861 0.60501567 0.92503819]
DEBUG: Planck15 ages (Gyr): [4.36879725 8.01087568 8.27867399 9.50686784 1.78260915 4.47452909
 6.047158   6.64558527 7.88492738 6.17955835]
DEBUG: cosmo_colibre ages (Gyr): [4.36901863 8.00365696 8.27065587 9.49474797 1.78455478 4.47462181
 6.04473731 6.64190107 7.87807267 6.17687302]
DEBUG: us.look_back_time -> ages (Gyr): [4.36901863 8.00365696 8.27065587 9.49474797 1.78455479 4.47462182
 6.04473731 6.64190107 7.87807267 6.17687302]
[57/100] subhalo 66491 done; total_formed=5.861e+00
Building SWIFTGalaxy for subhalo 66746 (soap_index=86721872)
Read masses: Nstars=84658, sum_current=1.111719e+11 Msun
DEBUG: sample z (first valid): [0.58238362 0.80559841 0.66996229 1.0920641  0.95653212 0.93778829
 0.7041814  1.7956659  2.87786982 2.01592269]
DEBUG: Planck15 ages (Gyr): [8.03202969 6.74292774 7.48473902 5.50687967 6.04318092 6.12377316
 7.28619884 3.63965717 2.24972418 3.25863064]
DEBUG: cosmo_colibre ages (Gyr): [8.02474907 6.7390216  7.47898985 5.50545217 6.04076805 6.12120035
 7.28096925 3.64063523 2.25155145 3.25991661]
DEBUG: us.look_back_time -> ages (Gyr): [8.02474907 6.7390216  7.47898986 5.50545217 6.04076805 6.12120036
 7.28096925 3.64063523 2.25155145 3.25991661]
[58/100] subhalo 66746 done; total_formed=1.860e+01
Building SWIFTGalaxy for subhalo 165945 (soap_index=86727469)
Read masses: Nstars=67320, sum_current=8.903950e+10 Msun
DEBUG: sample z (first valid): [ 0.91715422  4.97138952  0.94862036  1.096347   10.66017258  3.05996779
  1.33506734  1.79781421  1.34224446  1.01910161]
DEBUG: Planck15 ages (Gyr): [6.21445077 1.18180511 6.07699542 5.49116702 0.43285439 2.10161626
 4.71620916 3.63559583 4.69565442 5.78583708]
DEBUG: cosmo_colibre ages (Gyr): [6.21169429 1.18376747 6.07451583 5.48976634 0.43449675 2.10349026
 4.7159893  3.63657748 4.69546216 5.7839141 ]
DEBUG: us.look_back_time -> ages (Gyr): [6.21169429 1.18376747 6.07451583 5.48976634 0.43449675 2.10349026
 4.7159893  3.63657749 4.69546216 5.7839141 ]
[59/100] subhalo 165945 done; total_formed=1.486e+01
Building SWIFTGalaxy for subhalo 66768 (soap_index=86780846)
Read masses: Nstars=32537, sum_current=4.134822e+10 Msun
DEBUG: sample z (first valid): [3.28451883 0.49734966 3.33467822 0.97445168 0.70595585 1.24499863
 0.4022595  0.21741715 1.69651086 1.11025245]
DEBUG: Planck15 ages (Gyr): [ 1.93999393  8.6233215   1.90668608  5.96767343  7.27612359  4.98688334
  9.36480328 11.10069485  3.83544168  5.44063749]
DEBUG: cosmo_colibre ages (Gyr): [ 1.94190925  8.61422401  1.90860864  5.96540758  7.27091984  4.98628232
  9.35319377 11.0822379   3.83623853  5.43932226]
DEBUG: us.look_back_time -> ages (Gyr): [ 1.94190925  8.61422401  1.90860864  5.96540758  7.27091985  4.98628233
  9.35319377 11.0822379   3.83623854  5.43932226]
[60/100] subhalo 66768 done; total_formed=6.933e+00
Building SWIFTGalaxy for subhalo 763833 (soap_index=86780862)
Read masses: Nstars=15732, sum_current=2.151794e+10 Msun
DEBUG: sample z (first valid): [4.12280153 2.77468034 0.84462959 6.74382607 1.3691707  1.47231025
 3.28563955 1.05893811 0.61530119 0.72408713]
DEBUG: Planck15 ages (Gyr): [1.48626392 2.34146886 6.55034848 0.80047609 4.61980333 4.34668052
 1.93923925 5.63084315 7.81941703 7.17438557]
DEBUG: cosmo_colibre ages (Gyr): [1.48823868 2.34326297 6.54687697 0.80234514 4.61971127 4.34692819
 1.94115473 5.6292     7.81274861 7.16944013]
DEBUG: us.look_back_time -> ages (Gyr): [1.48823869 2.34326298 6.54687697 0.80234515 4.61971127 4.34692819
 1.94115474 5.62920001 7.81274861 7.16944013]
[61/100] subhalo 763833 done; total_formed=3.565e+00
Building SWIFTGalaxy for subhalo 2924065 (soap_index=86867877)
Read masses: Nstars=24099, sum_current=3.380072e+10 Msun
DEBUG: sample z (first valid): [6.55806712 4.91106702 4.44997921 4.89936088 3.44402251 6.36111423
 0.63464033 4.92335503 1.12310483 0.94561216]
DEBUG: Planck15 ages (Gyr): [0.83017444 1.19990424 1.35492002 1.20346989 1.83726885 0.86371635
 7.69845499 1.19618019 5.39458506 6.08993002]
DEBUG: cosmo_colibre ages (Gyr): [0.83205471 1.20186869 1.35689512 1.20543472 1.83920508 0.86560837
 7.6921251  1.19814422 5.39334668 6.08742477]
DEBUG: us.look_back_time -> ages (Gyr): [0.83205471 1.20186869 1.35689513 1.20543473 1.83920509 0.86560837
 7.6921251  1.19814423 5.39334668 6.08742477]
[62/100] subhalo 2924065 done; total_formed=5.551e+00
Building SWIFTGalaxy for subhalo 13007028 (soap_index=86949902)
Read masses: Nstars=19161, sum_current=2.622874e+10 Msun
DEBUG: sample z (first valid): [3.99436062 1.98026376 0.44352423 3.728086   2.86278439 0.45454545
 5.70788127 0.39735608 0.95349946 1.0150043 ]
DEBUG: Planck15 ages (Gyr): [1.54370443 3.3157904  9.03185929 1.67521442 2.26276327 8.9458988
 0.9928511  9.40556646 6.0561075  5.80215854]
DEBUG: cosmo_colibre ages (Gyr): [1.54567653 3.31703389 9.02140948 1.67717494 2.26458602 8.93574005
 0.99477999 9.39381146 6.05366919 5.80020542]
DEBUG: us.look_back_time -> ages (Gyr): [1.54567653 3.31703389 9.02140948 1.67717494 2.26458602 8.93574005
 0.99477999 9.39381146 6.0536692  5.80020542]
[63/100] subhalo 13007028 done; total_formed=4.338e+00
Building SWIFTGalaxy for subhalo 1537010 (soap_index=86958643)
Read masses: Nstars=131765, sum_current=1.740186e+11 Msun
DEBUG: sample z (first valid): [3.55839188 6.72830189 3.42153556 0.50022892 0.53021388 1.26454734
 0.30477025 0.80242024 1.22125813 2.56522685]
DEBUG: Planck15 ages (Gyr): [ 1.76902496  0.80288998  1.85119985  8.60224809  8.38728815  4.92606411
 10.22676683  6.75899325  5.062367    2.54781511]
DEBUG: cosmo_colibre ages (Gyr): [ 1.77097274  0.80475998  1.85313349  8.59321822  8.37893599  4.92555163
 10.21192108  6.75505004  5.06165375  2.54952297]
DEBUG: us.look_back_time -> ages (Gyr): [ 1.77097274  0.80475998  1.85313349  8.59321822  8.37893599  4.92555163
 10.21192108  6.75505004  5.06165375  2.54952298]
[64/100] subhalo 1537010 done; total_formed=2.897e+01
Building SWIFTGalaxy for subhalo 67465 (soap_index=86988646)
Read masses: Nstars=103857, sum_current=1.363500e+11 Msun
DEBUG: sample z (first valid): [2.50760009 4.29198966 3.25834958 0.2659558  0.57599077 0.35674064
 0.27462269 0.41521983 2.93798822 0.30207423]
DEBUG: Planck15 ages (Gyr): [ 2.60987899  1.41583228  1.95775508 10.60235033  8.07433233  9.75347005
 10.51677425  9.25830681  2.19897125 10.25222591]
DEBUG: cosmo_colibre ages (Gyr): [ 2.61155774  1.41780824  1.95966636 10.58599217  8.06692731  9.74044249
 10.50076601  9.24707382  2.20081548 10.23727956]
DEBUG: us.look_back_time -> ages (Gyr): [ 2.61155774  1.41780825  1.95966636 10.58599217  8.06692731  9.7404425
 10.50076601  9.24707382  2.20081548 10.23727956]
[65/100] subhalo 67465 done; total_formed=2.282e+01
Building SWIFTGalaxy for subhalo 3001618 (soap_index=87150725)
Read masses: Nstars=57249, sum_current=7.949534e+10 Msun
DEBUG: sample z (first valid): [0.38741638 0.65461523 0.61657622 1.52566672 3.84447073 1.11501969
 4.44997921 0.29160426 0.29160426 5.91162202]
DEBUG: Planck15 ages (Gyr): [ 9.48900268  7.57647367  7.81135359  4.21542681  1.61553428  5.42348332
  1.35492002 10.35197363 10.35197363  0.94930346]
DEBUG: cosmo_colibre ages (Gyr): [ 9.4769475   7.57047795  7.80470795  4.21582614  1.61750098  5.42219683
  1.35689512 10.33663044 10.33663044  0.95122131]
DEBUG: us.look_back_time -> ages (Gyr): [ 9.4769475   7.57047796  7.80470796  4.21582614  1.61750098  5.42219684
  1.35689513 10.33663044 10.33663044  0.95122132]
[66/100] subhalo 3001618 done; total_formed=1.311e+01
Building SWIFTGalaxy for subhalo 1579688 (soap_index=87175999)
Read masses: Nstars=28682, sum_current=3.810657e+10 Msun
DEBUG: sample z (first valid): [4.4832664  0.84837545 1.02109418 4.82801245 3.60483418 1.18744993
 3.13059372 4.66430424 8.07323827 0.99246017]
DEBUG: Planck15 ages (Gyr): [1.34263952 6.53231548 5.77792579 1.22558789 1.74250176 5.17304119
 2.0484539  1.27896753 0.63103835 5.89326957]
DEBUG: cosmo_colibre ages (Gyr): [1.34461423 6.52888374 5.77601737 1.22755498 1.74445351 5.17215867
 2.05034261 1.28093898 0.63282625 5.89114592]
DEBUG: us.look_back_time -> ages (Gyr): [1.34461423 6.52888374 5.77601737 1.22755499 1.74445352 5.17215867
 2.05034261 1.28093899 0.63282625 5.89114592]
[67/100] subhalo 1579688 done; total_formed=6.392e+00
Building SWIFTGalaxy for subhalo 1600301 (soap_index=87204147)
Read masses: Nstars=23425, sum_current=3.108736e+10 Msun
DEBUG: sample z (first valid): [0.79649123 1.55282019 0.83143304 0.95047619 0.95047619 5.1937435
 1.0562249  5.11914099 6.55806712 0.85970488]
DEBUG: Planck15 ages (Gyr): [6.78912257 4.15106461 6.61449676 6.06903718 6.06903718 1.11884908
 5.64119107 1.13933827 0.83017444 6.47824048]
DEBUG: cosmo_colibre ages (Gyr): [6.7851095  4.15153559 6.61088248 6.06657334 6.06657334 1.12080273
 5.63952959 1.14129501 0.83205471 6.47492707]
DEBUG: us.look_back_time -> ages (Gyr): [6.7851095  4.15153559 6.61088248 6.06657334 6.06657334 1.12080274
 5.6395296  1.14129501 0.83205471 6.47492707]
[68/100] subhalo 1600301 done; total_formed=5.200e+00
Building SWIFTGalaxy for subhalo 3030878 (soap_index=87290690)
Read masses: Nstars=16758, sum_current=2.273726e+10 Msun
DEBUG: sample z (first valid): [0.47537145 5.29548511 5.58984414 2.79478865 0.75643225 0.82694023
 4.89352518 0.34394225 2.12433257 2.24403524]
DEBUG: Planck15 ages (Gyr): [8.78674868 1.09187604 1.01962242 2.32311219 6.99822744 6.63655848
 1.20525399 9.86701113 3.09437815 2.92819676]
DEBUG: cosmo_colibre ages (Gyr): [8.77711965 1.09382523 1.02155744 2.3249132  6.9937173  6.63289464
 1.20721902 9.85355646 3.09577901 2.92970312]
DEBUG: us.look_back_time -> ages (Gyr): [8.77711965 1.09382524 1.02155744 2.3249132  6.9937173  6.63289464
 1.20721903 9.85355646 3.09577901 2.92970312]
[69/100] subhalo 3030878 done; total_formed=3.796e+00
Building SWIFTGalaxy for subhalo 549 (soap_index=87358807)
Read masses: Nstars=57757, sum_current=7.628755e+10 Msun
DEBUG: sample z (first valid): [1.32975471 1.04582631 3.29744262 0.23513004 1.6398131  1.01463265
 0.16570615 3.56760524 0.90157846 0.61817284]
DEBUG: Planck15 ages (Gyr): [ 4.73151701  5.68112903  1.93132052 10.91500451  3.95519091  5.8036426
 11.66942677  1.76371029  6.28429462  7.80127412]
DEBUG: cosmo_colibre ages (Gyr): [ 4.73127647  5.67939634  1.93323777 10.89734166  3.95586907  5.80168674
 11.6484511   1.76565889  6.28139395  7.79465692]
DEBUG: us.look_back_time -> ages (Gyr): [ 4.73127648  5.67939634  1.93323777 10.89734166  3.95586908  5.80168674
 11.6484511   1.76565889  6.28139395  7.79465692]
[70/100] subhalo 549 done; total_formed=1.273e+01
Building SWIFTGalaxy for subhalo 73327 (soap_index=87358808)
Read masses: Nstars=32081, sum_current=4.402004e+10 Msun
DEBUG: sample z (first valid): [0.54580621 0.17162471 2.72067673 5.4503937  0.1416626  4.78939929
 0.79826583 2.97043499 0.14927048 1.92023884]
DEBUG: Planck15 ages (Gyr): [ 8.27867399 11.60225109  2.39196926  1.05282954 11.94809169  1.23784093
  6.7800829   2.17235871 11.85890214  3.41577625]
DEBUG: cosmo_colibre ages (Gyr): [ 8.27065587 11.58157958  2.39374376  1.05477149 11.92583564  1.23980916
  6.77609083  2.17421143 11.83705913  3.41694231]
DEBUG: us.look_back_time -> ages (Gyr): [ 8.27065587 11.58157958  2.39374376  1.05477149 11.92583564  1.23980916
  6.77609083  2.17421144 11.83705913  3.41694231]
[71/100] subhalo 73327 done; total_formed=7.365e+00
Building SWIFTGalaxy for subhalo 73501 (soap_index=87358811)
Read masses: Nstars=163078, sum_current=2.123004e+11 Msun
DEBUG: sample z (first valid): [1.157919   0.99975589 0.70666667 4.26520447 0.70241064 0.60093805
 1.1854075  3.19296225 1.44738218 0.68334532]
DEBUG: Planck15 ages (Gyr): [5.27289186 5.86353992 7.27209358 1.42660982 7.29627445 7.9111286
 5.17985018 2.00332798 4.41027131 7.40611823]
DEBUG: cosmo_colibre ages (Gyr): [5.27185177 5.86147235 7.26690017 1.42858575 7.29101895 7.90419879
 5.17895706 2.00522833 4.4104428  7.4005771 ]
DEBUG: us.look_back_time -> ages (Gyr): [5.27185177 5.86147236 7.26690017 1.42858576 7.29101895 7.90419879
 5.17895706 2.00522833 4.41044281 7.40057711]
[72/100] subhalo 73501 done; total_formed=3.533e+01
Building SWIFTGalaxy for subhalo 821655 (soap_index=87358836)
Read masses: Nstars=27549, sum_current=3.695244e+10 Msun
DEBUG: sample z (first valid): [0.09321412 0.07910163 0.08374124 0.08453035 0.71812081 6.46593757
 0.14983508 0.14277743 0.1416626  0.14150352]
DEBUG: Planck15 ages (Gyr): [12.53901695 12.71891049 12.65936949 12.64928175  7.20762197  0.84558995
 11.852321   11.93496276 11.94809169 11.94996683]
DEBUG: cosmo_colibre ages (Gyr): [12.51394951 12.69296207 12.63371392 12.62367567  7.2025927   0.84747574
 11.83050834 11.9127677  11.92583564 11.92770207]
DEBUG: us.look_back_time -> ages (Gyr): [12.51394951 12.69296207 12.63371392 12.62367567  7.2025927   0.84747574
 11.83050834 11.9127677  11.92583564 11.92770207]
[73/100] subhalo 821655 done; total_formed=6.182e+00
Building SWIFTGalaxy for subhalo 3102097 (soap_index=87358901)
Read masses: Nstars=11194, sum_current=1.536272e+10 Msun
DEBUG: sample z (first valid): [0.53566407 1.91452459 0.67576966 0.83430363 0.92300469 4.83995723
 0.62507439 0.59610326 3.2605643  0.8357423 ]
DEBUG: Planck15 ages (Gyr): [8.34908102 3.42555045 7.45046708 6.60046029 6.18852876 1.2218382
 7.75793047 7.94236598 1.95624155 6.59344289]
DEBUG: cosmo_colibre ages (Gyr): [8.34084701 3.42670872 7.44480897 6.59687742 6.18582519 1.22380492
 7.75143501 7.9353462  1.95815318 6.58987569]
DEBUG: us.look_back_time -> ages (Gyr): [8.34084701 3.42670872 7.44480898 6.59687742 6.18582519 1.22380493
 7.75143501 7.9353462  1.95815318 6.58987569]
[74/100] subhalo 3102097 done; total_formed=2.566e+00
Building SWIFTGalaxy for subhalo 27286179 (soap_index=87359705)
Read masses: Nstars=25240, sum_current=3.277621e+10 Msun
DEBUG: sample z (first valid): [0.43555594 0.94815696 6.02497588 3.60936841 0.51703704 0.57356896
 0.40106037 5.56936648 0.58636716 5.21312097]
DEBUG: Planck15 ages (Gyr): [9.09477298 6.07898516 0.92643018 1.73994755 8.4807505  8.09044563
 9.3747478  1.02438897 8.00583877 1.1136271 ]
DEBUG: cosmo_colibre ages (Gyr): [9.08410797 6.07650163 0.92834168 1.74189967 8.47210639 8.08299299
 9.36310287 1.02632503 7.99863474 1.11557993]
DEBUG: us.look_back_time -> ages (Gyr): [9.08410797 6.07650163 0.92834169 1.74189967 8.47210639 8.08299299
 9.36310287 1.02632503 7.99863475 1.11557993]
[75/100] subhalo 27286179 done; total_formed=5.518e+00
Building SWIFTGalaxy for subhalo 174175 (soap_index=87387825)
Read masses: Nstars=24930, sum_current=3.400037e+10 Msun
DEBUG: sample z (first valid): [2.34606351 0.63627285 2.03070662 3.01298145 5.1565054  0.3657886
 0.72499474 4.41709373 0.45003983 4.97138952]
DEBUG: Planck15 ages (Gyr): [2.79777609 7.68837408 3.23540264 2.13825924 1.12899916 9.67435131
 7.16935019 1.36723638 8.98089338 1.18180511]
DEBUG: cosmo_colibre ages (Gyr): [2.79935778 7.68207208 3.2367055  2.14012246 1.13095437 9.66161797
 7.1644174  1.3692118  8.97061655 1.18376747]
DEBUG: us.look_back_time -> ages (Gyr): [2.79935778 7.68207208 3.2367055  2.14012246 1.13095437 9.66161797
 7.1644174  1.3692118  8.97061656 1.18376747]
[76/100] subhalo 174175 done; total_formed=5.667e+00
Building SWIFTGalaxy for subhalo 76263 (soap_index=87414722)
Read masses: Nstars=17851, sum_current=2.351616e+10 Msun
DEBUG: sample z (first valid): [9.67361564 0.83348254 4.71070059 3.16869156 5.61645634 4.60999829
 9.82702792 4.30827798 4.40057684 1.3584281 ]
DEBUG: Planck15 ages (Gyr): [0.49437749 6.60447049 1.26345305 2.02069173 1.01348277 1.29753241
 0.48388612 1.4093442  1.37349256 4.64982834]
DEBUG: cosmo_colibre ages (Gyr): [0.49607261 6.60087865 1.26542339 2.02258769 1.01541642 1.29950503
 0.4855728  1.41132016 1.37546812 4.64969693]
DEBUG: us.look_back_time -> ages (Gyr): [0.49607261 6.60087865 1.26542339 2.02258769 1.01541643 1.29950503
 0.4855728  1.41132016 1.37546812 4.64969693]
[77/100] subhalo 76263 done; total_formed=3.952e+00
Building SWIFTGalaxy for subhalo 13219244 (soap_index=87426872)
Read masses: Nstars=29665, sum_current=4.123557e+10 Msun
DEBUG: sample z (first valid): [3.78574558 4.31904878 4.31904878 0.17523851 0.3719645  4.20126984
 0.02573092 0.79826583 4.46133333 4.47776663]
DEBUG: Planck15 ages (Gyr): [ 1.64519936  1.40508093  1.40508093 11.56150534  9.62088597  1.45289238
 13.43308982  6.7800829   1.35071033  1.34465576]
DEBUG: cosmo_colibre ages (Gyr): [ 1.64716318  1.40705687  1.40705687 11.54101747  9.60834985  1.45486801
 13.40353395  6.77609083  1.3526853   1.34663054]
DEBUG: us.look_back_time -> ages (Gyr): [ 1.64716319  1.40705688  1.40705688 11.54101747  9.60834985  1.45486801
 13.40353395  6.77609083  1.35268531  1.34663055]
[78/100] subhalo 13219244 done; total_formed=6.818e+00
Building SWIFTGalaxy for subhalo 179549 (soap_index=87511995)
Read masses: Nstars=12786, sum_current=1.836334e+10 Msun
DEBUG: sample z (first valid): [0.04463147 0.3741508  2.87099823 0.08352622 0.09233949 0.09001397
 3.21968965 4.81611644 0.1746487  0.48432687]
DEBUG: Planck15 ages (Gyr): [13.17387321  9.60206277  2.25564824 12.66212011 12.55006126 12.57949341
  1.98449009  1.2293413  11.56814154  8.71960468]
DEBUG: cosmo_colibre ages (Gyr): [13.14564654  9.58959577  2.25747346 12.63645104 12.52494007 12.55422875
  1.98639505  1.23130875 11.5476238   8.71019557]
DEBUG: us.look_back_time -> ages (Gyr): [13.14564654  9.58959577  2.25747346 12.63645104 12.52494007 12.55422875
  1.98639506  1.23130875 11.5476238   8.71019557]
[79/100] subhalo 179549 done; total_formed=2.994e+00
Building SWIFTGalaxy for subhalo 62266 (soap_index=87605977)
Read masses: Nstars=33484, sum_current=4.227988e+10 Msun
DEBUG: sample z (first valid): [1.37759396 1.68150573 1.99689043 4.94754515 4.43912358 5.35963125
 1.4811085  4.11760112 0.47537145 3.32381078]
DEBUG: Planck15 ages (Gyr): [4.59647739 3.86655653 3.28893665 1.18890485 1.35896528 1.07542012
 4.32458786 1.48852042 8.78674868 1.91382188]
DEBUG: cosmo_colibre ages (Gyr): [4.59641563 3.86732312 3.29020026 1.19086805 1.3609405  1.07736638
 4.32486157 1.49049511 8.77711965 1.91574293]
DEBUG: us.look_back_time -> ages (Gyr): [4.59641563 3.86732313 3.29020026 1.19086806 1.3609405  1.07736638
 4.32486157 1.49049511 8.77711965 1.91574293]
[80/100] subhalo 62266 done; total_formed=7.118e+00
Building SWIFTGalaxy for subhalo 356275 (soap_index=87673645)
Read masses: Nstars=52919, sum_current=7.191257e+10 Msun
DEBUG: sample z (first valid): [1.13792653 1.14366087 1.42080378 2.17642497 0.4383285  2.92290195
 1.89010407 2.60325489 2.55439852 3.11399874]
DEBUG: Planck15 ages (Gyr): [5.3422375  5.32220036 4.47973486 3.02020907 9.07280877 2.21152859
 3.46783957 2.50817625 2.55929087 2.06074434]
DEBUG: cosmo_colibre ages (Gyr): [5.34108526 5.32108075 4.47982112 3.02165834 9.0622191  2.21336871
 3.46896371 2.50990193 2.56099346 2.06262975]
DEBUG: us.look_back_time -> ages (Gyr): [5.34108526 5.32108075 4.47982113 3.02165835 9.0622191  2.21336871
 3.46896372 2.50990194 2.56099347 2.06262976]
[81/100] subhalo 356275 done; total_formed=1.187e+01
Building SWIFTGalaxy for subhalo 2844320 (soap_index=87673670)
Read masses: Nstars=174342, sum_current=2.191611e+11 Msun
DEBUG: sample z (first valid): [1.86608939 2.62638336 1.87918461 1.7206908  1.90367745 5.69076059
 2.18692861 1.83411175 1.50500726 3.81139417]
DEBUG: Planck15 ages (Gyr): [3.51026114 2.4845616  3.48702461 3.78614822 3.44423025 0.99666131
 3.00560614 3.56807411 4.26548097 1.63213288]
DEBUG: cosmo_colibre ages (Gyr): [3.51135033 2.48629762 3.48813303 3.78699218 3.44537353 0.9985911
 3.0070647  3.56911449 4.26582333 1.63409802]
DEBUG: us.look_back_time -> ages (Gyr): [3.51135033 2.48629762 3.48813304 3.78699219 3.44537353 0.99859111
 3.0070647  3.56911449 4.26582334 1.63409802]
[82/100] subhalo 2844320 done; total_formed=3.683e+01
Building SWIFTGalaxy for subhalo 161984 (soap_index=87735757)
Read masses: Nstars=21933, sum_current=2.959483e+10 Msun
DEBUG: sample z (first valid): [3.69926861 3.46673937 6.61957912 0.70933751 0.54975407 0.11927859
 3.45762481 4.09690465 0.71812081 1.2530253 ]
DEBUG: Planck15 ages (Gyr): [ 1.69055703  1.82337064  0.8201401   7.2569816   8.25150869 12.21609528
  1.82892598  1.49755732  7.20762197  4.96176703]
DEBUG: cosmo_colibre ages (Gyr): [ 1.69251572  1.82530938  0.82201667  7.25182684  8.24357322 12.19258011
  1.83086373  1.49953168  7.2025927   4.96120278]
DEBUG: us.look_back_time -> ages (Gyr): [ 1.69251572  1.82530938  0.82201668  7.25182685  8.24357323 12.19258011
  1.83086373  1.49953168  7.2025927   4.96120278]
[83/100] subhalo 161984 done; total_formed=4.924e+00
Building SWIFTGalaxy for subhalo 746572 (soap_index=87782900)
Read masses: Nstars=104234, sum_current=1.403592e+11 Msun
DEBUG: sample z (first valid): [1.00882786 0.97254996 7.64191996 0.4783001  5.52944107 0.46037971
 0.4783001  0.79925324 3.35021573 0.58238362]
DEBUG: Planck15 ages (Gyr): [5.82689924 5.97561639 0.67892094 8.76470645 1.03378947 8.90088486
 8.76470645 6.77506118 1.89655994 8.03202969]
DEBUG: cosmo_colibre ages (Gyr): [5.82490021 5.97333521 0.68073504 8.75514984 1.03572753 8.89087714
 8.75514984 6.77108077 1.89848461 8.02474907]
DEBUG: us.look_back_time -> ages (Gyr): [5.82490022 5.97333521 0.68073504 8.75514985 1.03572754 8.89087714
 8.75514985 6.77108077 1.89848462 8.02474907]
[84/100] subhalo 746572 done; total_formed=2.341e+01
Building SWIFTGalaxy for subhalo 364094 (soap_index=87806080)
Read masses: Nstars=29476, sum_current=4.302824e+10 Msun
DEBUG: sample z (first valid): [0.31072    0.13651498 0.19139034 0.13344863 5.75907591 1.06986293
 4.59610622 4.43912358 0.04463147 6.82332577]
DEBUG: Planck15 ages (Gyr): [10.17090625 12.00898013 11.38186644 12.04545985  0.98160088  5.58947817
  1.30235342  1.35896528 13.17387321  0.78830138]
DEBUG: cosmo_colibre ages (Gyr): [10.15628023 11.98644039 11.36218037 12.02274947  0.98352704  5.58790779
  1.30432631  1.3609405  13.14564654  0.7901656 ]
DEBUG: us.look_back_time -> ages (Gyr): [10.15628023 11.98644039 11.36218037 12.02274947  0.98352704  5.58790779
  1.30432632  1.3609405  13.14564654  0.79016561]
[85/100] subhalo 364094 done; total_formed=7.058e+00
Building SWIFTGalaxy for subhalo 2889026 (soap_index=87849286)
Read masses: Nstars=23750, sum_current=3.191759e+10 Msun
DEBUG: sample z (first valid): [5.98231408 4.20126984 2.97043499 0.75775131 6.05370789 4.25465042
 3.01077111 5.42446819 0.64464967 2.75263399]
DEBUG: Planck15 ages (Gyr): [0.93493024 1.45289238 2.17235871 6.99118497 0.92077763 1.43089387
 2.14000894 1.05920137 7.63696058 2.36187096]
DEBUG: cosmo_colibre ages (Gyr): [0.93684414 1.45486801 2.17421143 6.98669191 0.9226875  1.43286977
 2.14187163 1.06114456 7.63080006 2.36365727]
DEBUG: us.look_back_time -> ages (Gyr): [0.93684415 1.45486801 2.17421144 6.98669192 0.9226875  1.43286977
 2.14187163 1.06114457 7.63080006 2.36365727]
[86/100] subhalo 2889026 done; total_formed=5.340e+00
Building SWIFTGalaxy for subhalo 364183 (soap_index=87945511)
Read masses: Nstars=242338, sum_current=3.070869e+11 Msun
DEBUG: sample z (first valid): [1.30160848 3.38573245 0.76856649 2.26049751 1.00171045 0.61402817
 8.67249649 4.49475979 0.07232149 4.41709373]
DEBUG: Planck15 ages (Gyr): [ 4.81395926  1.87374398  6.93385184  2.90648662  5.85561517  7.82748035
  0.57323525  1.33844214 12.80663345  1.36723638]
DEBUG: cosmo_colibre ages (Gyr): [ 4.81360557  1.87567327  6.92949699  2.90800597  5.85356248  7.82078911
  0.57498747  1.3404167  12.7802513   1.3692118 ]
DEBUG: us.look_back_time -> ages (Gyr): [ 4.81360557  1.87567327  6.929497    2.90800598  5.85356248  7.82078911
  0.57498747  1.3404167  12.7802513   1.3692118 ]
[87/100] subhalo 364183 done; total_formed=5.114e+01
Building SWIFTGalaxy for subhalo 2912763 (soap_index=87962521)
Read masses: Nstars=29338, sum_current=3.987011e+10 Msun
DEBUG: sample z (first valid): [4.53934579 4.10723192 0.72499474 6.49668268 5.84163274 1.95154026
 4.75432435 5.48999802 6.79170134 3.10549395]
DEBUG: Planck15 ages (Gyr): [1.32236353 1.49303669 7.16935019 0.84039302 0.96389913 3.3630324
 1.24914847 1.04321794 0.7931073  2.06709038]
DEBUG: cosmo_colibre ages (Gyr): [1.32433742 1.49501122 7.1644174  0.84227697 0.96582083 3.3642398
 1.25111767 1.04515796 0.79497344 2.06897406]
DEBUG: us.look_back_time -> ages (Gyr): [1.32433743 1.49501122 7.1644174  0.84227698 0.96582083 3.3642398
 1.25111767 1.04515796 0.79497345 2.06897406]
[88/100] subhalo 2912763 done; total_formed=6.672e+00
Building SWIFTGalaxy for subhalo 367059 (soap_index=88013819)
Read masses: Nstars=24227, sum_current=3.347478e+10 Msun
DEBUG: sample z (first valid): [5.88403361 2.45107952 7.5200208  4.23325082 2.7055298  0.14693735
 3.11813498 0.25030525 0.23234299 2.02762635]
DEBUG: Planck15 ages (Gyr): [ 0.95501267  2.67320285  0.69355723  1.43964604  2.40645646 11.88615335
  2.05766963 10.75945066 10.9439248   3.24021991]
DEBUG: cosmo_colibre ages (Gyr): [ 0.95693204  2.6748504   0.69537879  1.44162186  2.40822515 11.86418446
  2.05955587 10.74244205 10.9261392   3.24151929]
DEBUG: us.look_back_time -> ages (Gyr): [ 0.95693204  2.6748504   0.69537879  1.44162186  2.40822515 11.86418446
  2.05955587 10.74244205 10.9261392   3.24151929]
[89/100] subhalo 367059 done; total_formed=5.598e+00
Building SWIFTGalaxy for subhalo 1537540 (soap_index=88028713)
Read masses: Nstars=88939, sum_current=1.267985e+11 Msun
DEBUG: sample z (first valid): [3.7569137  4.52813159 3.4755856  6.72830189 3.69926861 4.86924593
 1.59980958 1.1854075  1.52177928 0.83800763]
DEBUG: Planck15 ages (Gyr): [1.66009565 1.32637732 1.81800549 0.80288998 1.69055703 1.21272406
 4.04336635 5.17985018 4.22477285 6.58241669]
DEBUG: cosmo_colibre ages (Gyr): [1.66205788 1.32835139 1.81994517 0.80475998 1.69251572 1.21468988
 4.04395326 5.17895706 4.22516162 6.57887405]
DEBUG: us.look_back_time -> ages (Gyr): [1.66205788 1.32835139 1.81994517 0.80475998 1.69251572 1.21468988
 4.04395326 5.17895706 4.22516163 6.57887405]
[90/100] subhalo 1537540 done; total_formed=2.094e+01
Building SWIFTGalaxy for subhalo 68452 (soap_index=88087765)
Read masses: Nstars=26721, sum_current=3.454304e+10 Msun
DEBUG: sample z (first valid): [4.40057684 4.36213386 0.56634799 4.89936088 2.32568761 0.39592741
 0.37127553 0.34438336 0.3193751  0.42457178]
DEBUG: Planck15 ages (Gyr): [ 1.37349256  1.3882391   8.13877842  1.20346989  2.82305169  9.41749244
  9.62682892  9.86306576 10.09043511  9.18256742]
DEBUG: cosmo_colibre ages (Gyr): [ 1.37546812  1.3902149   8.1311822   1.20543472  2.82461929  9.40569473
  9.61427094  9.84962603 10.07612322  9.17159902]
DEBUG: us.look_back_time -> ages (Gyr): [ 1.37546812  1.3902149   8.1311822   1.20543473  2.82461929  9.40569473
  9.61427094  9.84962603 10.07612322  9.17159902]
[91/100] subhalo 68452 done; total_formed=5.797e+00
Building SWIFTGalaxy for subhalo 777970 (soap_index=88217802)
Read masses: Nstars=21673, sum_current=2.862094e+10 Msun
DEBUG: sample z (first valid): [2.03688601 0.88235294 0.71201672 2.28698967 2.76600391 3.90392098
 2.37849263 4.59610622 6.90352147 1.50845901]
DEBUG: Planck15 ages (Gyr): [3.2257738  6.37220421 7.24187048 2.87209856 2.34946341 1.58639473
 2.75830718 1.30235342 0.77632877 4.25705158]
DEBUG: cosmo_colibre ages (Gyr): [3.2270836  6.36911871 7.23675426 2.87363812 2.35125449 1.5883639
 2.75991037 1.30432631 0.7781881  4.25740362]
DEBUG: us.look_back_time -> ages (Gyr): [3.2270836  6.36911871 7.23675426 2.87363813 2.35125449 1.5883639
 2.75991038 1.30432632 0.7781881  4.25740362]
[92/100] subhalo 777970 done; total_formed=4.783e+00
Building SWIFTGalaxy for subhalo 371806 (soap_index=88240247)
Read masses: Nstars=15867, sum_current=2.129312e+10 Msun
DEBUG: sample z (first valid): [3.17719421 2.76600391 0.08849322 1.39095221 1.39830198 2.37501287
 3.03546798 0.3369237  2.14020125 6.45150654]
DEBUG: Planck15 ages (Gyr): [ 2.01458056  2.34946341 12.59879295  4.55987038  4.53992793  2.76249844
  2.1205923   9.93009821  3.07147147  0.84804771]
DEBUG: cosmo_colibre ages (Gyr): [ 2.01647807  2.35125449 12.57343404  4.55985569  4.53993863  2.76409938
  2.12246078  9.91640374  3.07288751  0.84993436]
DEBUG: us.look_back_time -> ages (Gyr): [ 2.01647808  2.35125449 12.57343404  4.55985569  4.53993863  2.76409938
  2.12246078  9.91640374  3.07288751  0.84993437]
[93/100] subhalo 371806 done; total_formed=3.572e+00
Building SWIFTGalaxy for subhalo 377895 (soap_index=88266961)
Read masses: Nstars=30714, sum_current=4.263818e+10 Msun
DEBUG: sample z (first valid): [1.29805737 3.728086   2.10538287 0.50064114 3.59998596 2.21759623
 0.94123223 1.85734217 1.85013482 4.34594991]
DEBUG: Planck15 ages (Gyr): [4.82452367 1.67521442 3.12210048 8.59923728 1.74523972 2.96362459
 6.10883985 3.52592318 3.53891369 1.3945259 ]
DEBUG: cosmo_colibre ages (Gyr): [4.82415526 1.67717494 3.12348269 8.59021706 1.74719107 2.96510936
 6.10629692 3.52699928 3.53997885 1.39650177]
DEBUG: us.look_back_time -> ages (Gyr): [4.82415526 1.67717494 3.1234827  8.59021706 1.74719108 2.96510936
 6.10629693 3.52699929 3.53997886 1.39650178]
[94/100] subhalo 377895 done; total_formed=7.038e+00
Building SWIFTGalaxy for subhalo 71678 (soap_index=88294538)
Read masses: Nstars=94766, sum_current=1.265317e+11 Msun
DEBUG: sample z (first valid): [0.         0.         2.86005419 0.749306   1.46209332 6.60366632
 1.46357417 1.00882786 1.27539754 6.96790274]
DEBUG: Planck15 ages (Gyr): [13.7976159  13.7976159   2.26513644  7.03646361  4.37256418  0.82271652
  4.36879725  5.82689924  4.89281597  0.76693415]
DEBUG: cosmo_colibre ages (Gyr): [13.76615402 13.76615402  2.26695836  7.03186027  4.37278106  0.82459406
  4.36901863  5.82490021  4.89235117  0.76878955]
DEBUG: us.look_back_time -> ages (Gyr): [13.76615402 13.76615402  2.26695836  7.03186027  4.37278106  0.82459406
  4.36901863  5.82490022  4.89235118  0.76878955]
[95/100] subhalo 71678 done; total_formed=2.120e+01
Building SWIFTGalaxy for subhalo 7053 (soap_index=88302743)
Read masses: Nstars=27312, sum_current=3.755662e+10 Msun
DEBUG: sample z (first valid): [0.50408519 0.82775547 1.90419215 1.31102334 1.85137487 2.89030037
 4.73418497 0.67320261 1.14366087 0.41951135]
DEBUG: Planck15 ages (Gyr): [8.57414408 6.63254686 3.44334014 4.78612863 3.53667308 2.23907268
 1.25571875 7.46558683 5.32220036 9.22343661]
DEBUG: cosmo_colibre ages (Gyr): [8.56520406 6.62889205 3.44448414 4.78581348 3.53774014 2.24090359
 1.25768849 7.45988862 5.32108075 9.21232577]
DEBUG: us.look_back_time -> ages (Gyr): [8.56520406 6.62889205 3.44448414 4.78581349 3.53774014 2.24090359
 1.2576885  7.45988862 5.32108075 9.21232577]
[96/100] subhalo 7053 done; total_formed=6.228e+00
Building SWIFTGalaxy for subhalo 71063 (soap_index=88306159)
Read masses: Nstars=23042, sum_current=3.099521e+10 Msun
DEBUG: sample z (first valid): [2.73169343 0.58805854 1.92859058 0.67491311 0.86989272 0.94977984
 1.88273071 0.93962353 2.47228992 0.80123131]
DEBUG: Planck15 ages (Gyr): [2.3815224  7.99475722 3.40157213 7.45550695 6.43020525 6.07202138
 3.48077535 6.11580824 2.64914633 6.76501844]
DEBUG: cosmo_colibre ages (Gyr): [2.38330103 7.98758551 3.40274943 7.44983549 6.42699576 6.06955164
 3.48188891 6.11325138 2.65080591 6.76106129]
DEBUG: us.look_back_time -> ages (Gyr): [2.38330104 7.98758551 3.40274943 7.4498355  6.42699576 6.06955164
 3.48188891 6.11325139 2.65080591 6.7610613 ]
[97/100] subhalo 71063 done; total_formed=5.171e+00
Building SWIFTGalaxy for subhalo 788260 (soap_index=88320646)
Read masses: Nstars=114795, sum_current=1.552652e+11 Msun
DEBUG: sample z (first valid): [0.41302285 2.6437229  1.06386597 1.10808029 4.08661906 0.49420885
 0.79925324 0.69888013 4.58466127 0.60015627]
DEBUG: Planck15 ages (Gyr): [9.27623346 2.46709651 5.6121251  5.44848213 1.5020823  8.64639728
 6.77506118 7.31642667 1.30634758 7.91616708]
DEBUG: cosmo_colibre ages (Gyr): [9.26493745 2.46884003 5.61051498 5.44715371 1.50405647 8.63722551
 6.77108077 7.31111921 1.30832069 7.90922279]
DEBUG: us.look_back_time -> ages (Gyr): [9.26493745 2.46884004 5.61051498 5.44715371 1.50405648 8.63722551
 6.77108077 7.31111921 1.30832069 7.90922279]
[98/100] subhalo 788260 done; total_formed=2.581e+01
Building SWIFTGalaxy for subhalo 2990898 (soap_index=88320659)
Read masses: Nstars=36537, sum_current=4.862079e+10 Msun
DEBUG: sample z (first valid): [6.11111111 0.47152865 0.48432687 0.47152865 0.53336453 4.72216886
 4.02499617 0.22515516 0.57599077 7.46827756]
DEBUG: Planck15 ages (Gyr): [ 0.9096546   8.81579663  8.71960468  8.81579663  8.36516947  1.25966626
  1.52967345 11.01902064  8.07433233  0.6999293 ]
DEBUG: cosmo_colibre ages (Gyr): [ 0.9115612   8.80607181  8.71019557  8.80607181  8.35688578  1.26163631
  1.53164634 11.00091472  8.06692731  0.70175403]
DEBUG: us.look_back_time -> ages (Gyr): [ 0.9115612   8.80607181  8.71019557  8.80607181  8.35688579  1.26163632
  1.53164635 11.00091472  8.06692731  0.70175403]
[99/100] subhalo 2990898 done; total_formed=8.085e+00
Building SWIFTGalaxy for subhalo 381006 (soap_index=88364372)
Read masses: Nstars=66810, sum_current=9.142837e+10 Msun
DEBUG: sample z (first valid): [0.29292929 7.26431274 1.59445764 2.03126735 2.64574989 0.21832243
 8.44935477 1.14801704 1.05313283 0.61323356]
DEBUG: Planck15 ages (Gyr): [10.33927233  0.72602129  4.05540388  3.23452697  2.46506803 11.09109491
  0.5936909   5.30705825  5.65302049  7.83251985]
DEBUG: cosmo_colibre ages (Gyr): [10.32397991  0.72785852  4.05597808  3.23583046  2.46681242 11.07267936
  0.59545629  5.30596319  5.651338    7.82581434]
DEBUG: us.look_back_time -> ages (Gyr): [10.32397991  0.72785852  4.05597808  3.23583047  2.46681242 11.07267936
  0.5954563   5.30596319  5.651338    7.82581434]
[100/100] subhalo 381006 done; total_formed=1.522e+01
All halos processed. Writing CSV.
Wrote relicness_extras_2700_2800.csv (100 rows) in 4807.1s
