Will process 30 subhalos (test=False)
Mapping requested subhalos -> SOAP rows (chunked scan)...
Found SOAP rows for 30 / 30 requested subhalos
Reading SOAP StellarMass & HalfMassRadiusStars for requested rows (applying Mu/Lu conversions)...
Summing PartType4/Masses via mapping NPZ (particle-level current stellar mass -> Msun)...
Analysing subhalo 256498
Analysing subhalo 33120
Analysing subhalo 1138445
Analysing subhalo 1134909
Analysing subhalo 116042
Analysing subhalo 266497
Analysing subhalo 36624
Analysing subhalo 579269
Analysing subhalo 276618
Analysing subhalo 2294918
Analysing subhalo 8898321
Analysing subhalo 589453
Analysing subhalo 1169959
Analysing subhalo 1190661
Analysing subhalo 599396
Analysing subhalo 3685356
Analysing subhalo 3999
Analysing subhalo 42088
Analysing subhalo 3705966
Analysing subhalo 2399325
Analysing subhalo 1245075
Analysing subhalo 290495
Analysing subhalo 2386713
Analysing subhalo 291462
Analysing subhalo 28590
Analysing subhalo 109072
Analysing subhalo 525147
Analysing subhalo 1068905
Analysing subhalo 1069568
Analysing subhalo 243350
halos:   0%|                                                                 | 0/30 [00:00<?, ?it/s]Flushed 30 rows to outfiles/relic_chunk_028.csv
halos: 100%|███████████████████████████████████████████████████████| 30/30 [00:00<00:00, 411.10it/s]
Done. Wrote 30 rows to outfiles/relic_chunk_028.csv
