Task 1: rendering galaxies 15 to 29
Using PARTRIDGE at: /home/mzemsch/COLIBRE-analysis/PARTRIDGE
Found 267 relic IDs in z0_relics_trackids.csv using column 'track_id'
Rendering IDs in range [15, 30) -> 15 galaxies
[1/15] Rendering halo 798108
Calculating stellar luminosities from FSPS tables.
Luminosity generation for all bands done. Time taken: 5.226 s (read-in time: 4.869 s).
Loaded in and pre-processed the data. Total pre-processing time taken: 134.236 s.
Generated star smoothing lengths. Time taken: 0.760 s.
Rendered the stars onto the grid. Time taken: 187.731 s.
Rendered the dust onto the grid. Time taken: 198.342 s.
Computed the projected luminosity maps. Total time taken: 393.514 s.
Created the RGB image.
Created the RGB image.
Done! Total time taken: 528.583 s.
[2/15] Rendering halo 1977002
Calculating stellar luminosities from FSPS tables.
Luminosity generation for all bands done. Time taken: 5.379 s (read-in time: 5.029 s).
Loaded in and pre-processed the data. Total pre-processing time taken: 119.888 s.
Generated star smoothing lengths. Time taken: 0.715 s.
Rendered the stars onto the grid. Time taken: 151.055 s.
Rendered the dust onto the grid. Time taken: 151.506 s.
Computed the projected luminosity maps. Total time taken: 310.180 s.
Created the RGB image.
Created the RGB image.
Done! Total time taken: 430.864 s.
[3/15] Rendering halo 3028815
Calculating stellar luminosities from FSPS tables.
Luminosity generation for all bands done. Time taken: 6.478 s (read-in time: 6.289 s).
Loaded in and pre-processed the data. Total pre-processing time taken: 117.869 s.
Generated star smoothing lengths. Time taken: 0.792 s.
Rendered the stars onto the grid. Time taken: 136.358 s.
Rendered the dust onto the grid. Time taken: 139.910 s.
Computed the projected luminosity maps. Total time taken: 283.281 s.
Created the RGB image.
Created the RGB image.
Done! Total time taken: 402.027 s.
[4/15] Rendering halo 97114
Calculating stellar luminosities from FSPS tables.
Luminosity generation for all bands done. Time taken: 8.318 s (read-in time: 8.224 s).
Loaded in and pre-processed the data. Total pre-processing time taken: 126.190 s.
Generated star smoothing lengths. Time taken: 0.207 s.
Rendered the stars onto the grid. Time taken: 132.030 s.
Rendered the dust onto the grid. Time taken: 150.524 s.
Computed the projected luminosity maps. Total time taken: 289.625 s.
Created the RGB image.
Created the RGB image.
Done! Total time taken: 416.108 s.
[5/15] Rendering halo 9659
Calculating stellar luminosities from FSPS tables.
Luminosity generation for all bands done. Time taken: 2.658 s (read-in time: 2.266 s).
Loaded in and pre-processed the data. Total pre-processing time taken: 86.893 s.
Generated star smoothing lengths. Time taken: 0.813 s.
Rendered the stars onto the grid. Time taken: 129.827 s.
Rendered the dust onto the grid. Time taken: 164.705 s.
Computed the projected luminosity maps. Total time taken: 301.959 s.
Created the RGB image.
Created the RGB image.
Done! Total time taken: 389.755 s.
[6/15] Rendering halo 496129
Calculating stellar luminosities from FSPS tables.
Luminosity generation for all bands done. Time taken: 0.843 s (read-in time: 0.835 s).
Loaded in and pre-processed the data. Total pre-processing time taken: 71.038 s.
Generated star smoothing lengths. Time taken: 0.032 s.
Rendered the stars onto the grid. Time taken: 125.481 s.
Rendered the dust onto the grid. Time taken: 122.265 s.
Computed the projected luminosity maps. Total time taken: 256.425 s.
Created the RGB image.
Created the RGB image.
Done! Total time taken: 327.590 s.
[7/15] Rendering halo 77613
Calculating stellar luminosities from FSPS tables.
Luminosity generation for all bands done. Time taken: 0.894 s (read-in time: 0.885 s).
Loaded in and pre-processed the data. Total pre-processing time taken: 71.881 s.
Generated star smoothing lengths. Time taken: 0.027 s.
Rendered the stars onto the grid. Time taken: 119.134 s.
Rendered the dust onto the grid. Time taken: 124.905 s.
Computed the projected luminosity maps. Total time taken: 251.166 s.
Created the RGB image.
Created the RGB image.
Done! Total time taken: 323.166 s.
[8/15] Rendering halo 16955
Calculating stellar luminosities from FSPS tables.
Luminosity generation for all bands done. Time taken: 2.240 s (read-in time: 2.095 s).
Loaded in and pre-processed the data. Total pre-processing time taken: 79.943 s.
Generated star smoothing lengths. Time taken: 0.700 s.
Rendered the stars onto the grid. Time taken: 139.399 s.
Rendered the dust onto the grid. Time taken: 155.447 s.
Computed the projected luminosity maps. Total time taken: 303.079 s.
Created the RGB image.
Created the RGB image.
Done! Total time taken: 383.812 s.
[9/15] Rendering halo 23328
Calculating stellar luminosities from FSPS tables.
Luminosity generation for all bands done. Time taken: 22.671 s (read-in time: 20.372 s).
Loaded in and pre-processed the data. Total pre-processing time taken: 214.356 s.
Generated star smoothing lengths. Time taken: 5.620 s.
Rendered the stars onto the grid. Time taken: 132.454 s.
Rendered the dust onto the grid. Time taken: 141.809 s.
Computed the projected luminosity maps. Total time taken: 283.014 s.
Created the RGB image.
Created the RGB image.
Done! Total time taken: 503.173 s.
[10/15] Rendering halo 100221
Calculating stellar luminosities from FSPS tables.
Luminosity generation for all bands done. Time taken: 17.494 s (read-in time: 16.153 s).
Loaded in and pre-processed the data. Total pre-processing time taken: 211.284 s.
Generated star smoothing lengths. Time taken: 4.772 s.
Rendered the stars onto the grid. Time taken: 129.060 s.
Rendered the dust onto the grid. Time taken: 180.200 s.
Computed the projected luminosity maps. Total time taken: 316.726 s.
Created the RGB image.
Created the RGB image.
Done! Total time taken: 532.884 s.
[11/15] Rendering halo 229037
Calculating stellar luminosities from FSPS tables.
Luminosity generation for all bands done. Time taken: 16.169 s (read-in time: 16.095 s).
Loaded in and pre-processed the data. Total pre-processing time taken: 202.692 s.
Generated star smoothing lengths. Time taken: 0.163 s.
Rendered the stars onto the grid. Time taken: 125.711 s.
Rendered the dust onto the grid. Time taken: 192.084 s.
Computed the projected luminosity maps. Total time taken: 328.477 s.
Created the RGB image.
Created the RGB image.
Done! Total time taken: 531.586 s.
[12/15] Rendering halo 229539
Calculating stellar luminosities from FSPS tables.
Luminosity generation for all bands done. Time taken: 15.564 s (read-in time: 14.911 s).
Loaded in and pre-processed the data. Total pre-processing time taken: 215.276 s.
Generated star smoothing lengths. Time taken: 1.180 s.
Rendered the stars onto the grid. Time taken: 116.606 s.
Rendered the dust onto the grid. Time taken: 168.614 s.
Computed the projected luminosity maps. Total time taken: 293.041 s.
Created the RGB image.
Created the RGB image.
Done! Total time taken: 509.585 s.
[13/15] Rendering halo 4679778
Calculating stellar luminosities from FSPS tables.
Luminosity generation for all bands done. Time taken: 14.708 s (read-in time: 14.655 s).
Loaded in and pre-processed the data. Total pre-processing time taken: 221.407 s.
Generated star smoothing lengths. Time taken: 0.148 s.
Rendered the stars onto the grid. Time taken: 115.932 s.
Rendered the dust onto the grid. Time taken: 175.381 s.
Computed the projected luminosity maps. Total time taken: 298.464 s.
Created the RGB image.
Created the RGB image.
Done! Total time taken: 520.108 s.
[14/15] Rendering halo 2226
Calculating stellar luminosities from FSPS tables.
Luminosity generation for all bands done. Time taken: 3.432 s (read-in time: 3.403 s).
Loaded in and pre-processed the data. Total pre-processing time taken: 108.151 s.
Generated star smoothing lengths. Time taken: 0.092 s.
Rendered the stars onto the grid. Time taken: 136.256 s.
Rendered the dust onto the grid. Time taken: 179.144 s.
Computed the projected luminosity maps. Total time taken: 322.788 s.
Created the RGB image.
Created the RGB image.
Done! Total time taken: 431.118 s.
[15/15] Rendering halo 435755
Calculating stellar luminosities from FSPS tables.
Luminosity generation for all bands done. Time taken: 3.474 s (read-in time: 3.306 s).
Loaded in and pre-processed the data. Total pre-processing time taken: 95.550 s.
Generated star smoothing lengths. Time taken: 0.337 s.
Rendered the stars onto the grid. Time taken: 137.882 s.
Rendered the dust onto the grid. Time taken: 179.724 s.
Computed the projected luminosity maps. Total time taken: 335.752 s.
Created the RGB image.
Created the RGB image.
Done! Total time taken: 431.726 s.
Done.
