Starting pure-swift relicness script
Loaded SOAP mapping for 91142867 halos
Batch mode: processing 100 halos (slice 2200:2300)
Building SWIFTGalaxy for subhalo 52485 (soap_index=67577967)
Read masses: Nstars=65594, sum_current=8.676470e+10 Msun
DEBUG: sample z (first valid): [0.26147213 5.99647699 0.55210307 0.39807151 0.69203759 0.23952186
 0.09124817 0.06444906 0.1187436  0.03933012]
DEBUG: Planck15 ages (Gyr): [10.64701722  0.93209406  8.23540866  9.39960267  7.35572706 10.86965481
 12.56386108 12.9095614  12.22260457 13.24586664]
DEBUG: cosmo_colibre ages (Gyr): [10.63047518  0.93400717  8.22752202  9.387869    7.3503177  10.85218373
 12.53867266 12.88266692 12.19905849 13.21727303]
DEBUG: us.look_back_time -> ages (Gyr): [10.63047518  0.93400717  8.22752202  9.387869    7.3503177  10.85218373
 12.53867266 12.88266692 12.1990585  13.21727303]
[1/100] subhalo 52485 done; total_formed=1.453e+01
Building SWIFTGalaxy for subhalo 5436 (soap_index=67680777)
Read masses: Nstars=270158, sum_current=3.403942e+11 Msun
DEBUG: sample z (first valid): [1.19433469 1.43374926 1.73248833 4.27070935 3.50295451 7.5200208
 7.51116883 7.5200208  0.61243972 0.56979975]
DEBUG: Planck15 ages (Gyr): [5.15019345 4.44568357 3.76246933 1.42438374 1.80157082 0.69355723
 0.69464048 0.69355723 7.83755931 8.11562033]
DEBUG: cosmo_colibre ages (Gyr): [5.14934633 4.44581188 3.76333558 1.42635969 1.80351332 0.69537879
 0.69646258 0.69537879 7.8308395  8.10809304]
DEBUG: us.look_back_time -> ages (Gyr): [5.14934633 4.44581188 3.76333558 1.42635969 1.80351333 0.69537879
 0.69646258 0.69537879 7.8308395  8.10809304]
[2/100] subhalo 5436 done; total_formed=5.708e+01
Building SWIFTGalaxy for subhalo 53388 (soap_index=67696429)
Read masses: Nstars=91698, sum_current=1.184913e+11 Msun
DEBUG: sample z (first valid): [ 0.64382462 11.76260954  5.60978316  2.80846118  7.45080593  1.85013482
  7.78322053  2.91026253  1.01910161  4.94161378]
DEBUG: Planck15 ages (Gyr): [7.64200116 0.37786661 1.01501655 2.31076571 0.7021029  3.53891369
 0.66258719 2.22214058 5.78583708 1.19068194]
DEBUG: cosmo_colibre ages (Gyr): [7.63582682 0.37945417 1.01695054 2.31257127 0.7039287  3.53997885
 0.66439267 2.22397719 5.7839141  1.19264535]
DEBUG: us.look_back_time -> ages (Gyr): [7.63582683 0.37945418 1.01695055 2.31257128 0.7039287  3.53997886
 0.66439268 2.22397719 5.7839141  1.19264535]
[3/100] subhalo 53388 done; total_formed=1.982e+01
Building SWIFTGalaxy for subhalo 2671803 (soap_index=67700352)
Read masses: Nstars=25233, sum_current=3.318375e+10 Msun
DEBUG: sample z (first valid): [2.33754329 1.66796939 0.36091037 0.39664138 0.72336173 2.49004154
 4.52813159 1.70899471 3.87401458 3.795551  ]
DEBUG: Planck15 ages (Gyr): [2.8082998  3.894978   9.71689102 9.41152972 7.17841396 2.62928486
 1.32637732 3.80986296 1.60094352 1.64018367]
DEBUG: cosmo_colibre ages (Gyr): [2.80987565 3.8957166  9.70399984 9.39975337 7.17345838 2.63095421
 1.32835139 3.81068438 1.60291151 1.64214801]
DEBUG: us.look_back_time -> ages (Gyr): [2.80987565 3.8957166  9.70399985 9.39975337 7.17345839 2.63095421
 1.32835139 3.81068438 1.60291151 1.64214801]
[4/100] subhalo 2671803 done; total_formed=5.562e+00
Building SWIFTGalaxy for subhalo 147095 (soap_index=67716202)
Read masses: Nstars=29643, sum_current=3.977042e+10 Msun
DEBUG: sample z (first valid): [1.31118635 2.51701191 2.05102421 1.42833852 3.62172073 3.76625455
 1.54429692 1.27634595 1.92937601 2.16629626]
DEBUG: Planck15 ages (Gyr): [4.78564906 2.59957365 3.20391853 4.45986504 1.73302061 1.65524522
 4.17109584 4.88992678 3.40024128 3.03440104]
DEBUG: cosmo_colibre ages (Gyr): [4.78533457 2.60125734 3.20524395 4.4599759  1.73497372 1.65720798
 4.17154471 4.88946611 3.40141963 3.03584122]
DEBUG: us.look_back_time -> ages (Gyr): [4.78533458 2.60125734 3.20524395 4.4599759  1.73497372 1.65720799
 4.17154471 4.88946611 3.40141963 3.03584122]
[5/100] subhalo 147095 done; total_formed=6.688e+00
Building SWIFTGalaxy for subhalo 1376466 (soap_index=67716251)
Read masses: Nstars=6783, sum_current=9.171368e+09 Msun
DEBUG: sample z (first valid): [4.67018515 1.88577719 2.94700072 1.80547945 2.90653314 1.53976128
 2.15289137 2.52647439 1.82531471 2.11334917]
DEBUG: Planck15 ages (Gyr): [1.27698356 3.47542112 2.19152555 3.62116468 2.22528781 4.18181904
 3.05335196 2.58928012 3.58425039 3.11039696]
DEBUG: cosmo_colibre ages (Gyr): [1.27895488 3.47653907 2.19337218 3.62215904 2.22712337 4.182256
 3.05477986 2.59096869 3.58527687 3.11178708]
DEBUG: us.look_back_time -> ages (Gyr): [1.27895488 3.47653907 2.19337218 3.62215904 2.22712337 4.18225601
 3.05477986 2.59096869 3.58527687 3.11178708]
[6/100] subhalo 1376466 done; total_formed=1.531e+00
Building SWIFTGalaxy for subhalo 2612263 (soap_index=67742977)
Read masses: Nstars=16871, sum_current=2.398248e+10 Msun
DEBUG: sample z (first valid): [2.93043061 0.0704299  2.8124491  0.07910163 2.38197956 4.08149182
 4.77460569 3.15494833 2.49898558 5.41817648]
DEBUG: Planck15 ages (Gyr): [ 2.20524723 12.83125929  2.30718492 12.71891049  2.75411772  1.50434641
  1.24258933  2.03063447  2.61937029  1.06075737]
DEBUG: cosmo_colibre ages (Gyr): [ 2.20708941 12.8047549   2.3089918  12.69296207  2.75572316  1.5063205
  1.24455797  2.03252787  2.62104447  1.06270087]
DEBUG: us.look_back_time -> ages (Gyr): [ 2.20708941 12.8047549   2.3089918  12.69296207  2.75572317  1.5063205
  1.24455797  2.03252788  2.62104447  1.06270087]
[7/100] subhalo 2612263 done; total_formed=3.908e+00
Building SWIFTGalaxy for subhalo 374147 (soap_index=67755883)
Read masses: Nstars=8550, sum_current=1.148856e+10 Msun
DEBUG: sample z (first valid): [2.28962956 3.35281615 4.82179977 2.72999431 2.65388046 2.50235143
 2.06988945 6.56155532 2.13749521 2.73169343]
DEBUG: Planck15 ages (Gyr): [2.86870842 1.89487387 1.22754573 2.38312872 2.45695902 2.61565512
 3.17513048 0.82959996 3.07535802 2.3815224 ]
DEBUG: cosmo_colibre ages (Gyr): [2.87024995 1.8967989  1.22951301 2.38490673 2.45870685 2.61733109
 3.17647618 0.83148003 3.0767715  2.38330103]
DEBUG: us.look_back_time -> ages (Gyr): [2.87024995 1.8967989  1.22951301 2.38490673 2.45870685 2.61733109
 3.17647618 0.83148003 3.0767715  2.38330104]
[8/100] subhalo 374147 done; total_formed=1.929e+00
Building SWIFTGalaxy for subhalo 1546307 (soap_index=67770591)
Read masses: Nstars=39033, sum_current=5.750985e+10 Msun
DEBUG: sample z (first valid): [0.94862036 0.53609601 1.40128976 0.55771059 0.74483493 1.36609141
 0.3541615  2.54516932 2.35634539 2.1595796 ]
DEBUG: Planck15 ages (Gyr): [6.07699542 8.34606424 4.53186105 8.19716518 7.06061746 4.62837796
 9.7761966  2.56913916 2.78516239 3.04387247]
DEBUG: cosmo_colibre ages (Gyr): [6.07451583 8.33783953 4.53188197 8.18939402 7.05595488 4.6282747
 9.76308402 2.57083719 2.78675102 3.04530653]
DEBUG: us.look_back_time -> ages (Gyr): [6.07451583 8.33783953 4.53188197 8.18939402 7.05595488 4.62827471
 9.76308402 2.57083719 2.78675102 3.04530653]
[9/100] subhalo 1546307 done; total_formed=9.230e+00
Building SWIFTGalaxy for subhalo 3965247 (soap_index=67851967)
Read masses: Nstars=21280, sum_current=2.957636e+10 Msun
DEBUG: sample z (first valid): [0.67920467 0.53494473 1.35961691 6.47957087 2.76427341 7.83710895
 1.97107625 2.28040845 3.91901223 2.08957194]
DEBUG: Planck15 ages (Gyr): [7.43030803 8.35410885 4.64649033 0.8432789  2.3510633  0.65652924
 3.33078292 2.88057881 1.57913612 3.1455431 ]
DEBUG: cosmo_colibre ages (Gyr): [7.42470322 8.34585933 4.64636331 0.84516388 2.35285376 0.65833144
 3.33201505 2.88211343 1.58110584 3.14690931]
DEBUG: us.look_back_time -> ages (Gyr): [7.42470323 8.34585933 4.64636331 0.84516388 2.35285376 0.65833144
 3.33201505 2.88211343 1.58110585 3.14690931]
[10/100] subhalo 3965247 done; total_formed=4.887e+00
Building SWIFTGalaxy for subhalo 332944 (soap_index=67917339)
Read masses: Nstars=115643, sum_current=1.505924e+11 Msun
DEBUG: sample z (first valid): [1.8427171  4.8073549  0.87868364 0.50782257 1.63896271 0.52409302
 1.14310007 0.59207074 1.11556589 1.03401614]
DEBUG: Planck15 ages (Gyr): [3.55236484 1.23211794 6.38919968 8.5470373  3.95703288 8.43051004
 5.32415467 7.96856274 5.42152337 5.72703092]
DEBUG: cosmo_colibre ages (Gyr): [3.55341862 1.23408565 6.38607802 8.53818359 3.95770917 8.42202338
 5.32303189 7.96146716 5.42024016 5.72521545]
DEBUG: us.look_back_time -> ages (Gyr): [3.55341862 1.23408565 6.38607802 8.53818359 3.95770917 8.42202339
 5.32303189 7.96146717 5.42024016 5.72521545]
[11/100] subhalo 332944 done; total_formed=2.518e+01
Building SWIFTGalaxy for subhalo 328915 (soap_index=67938920)
Read masses: Nstars=224862, sum_current=2.862307e+11 Msun
DEBUG: sample z (first valid): [ 2.43372105  1.65715212 11.05703247  0.87868364  4.25465042  1.52956616
  4.22782387  0.02882261  0.11077966  4.47227789]
DEBUG: Planck15 ages (Gyr): [ 2.69315879  3.91793437  0.41160919  6.38919968  1.43089387  4.20608534
  1.44187972 13.39020145 12.32008594  1.34667298]
DEBUG: cosmo_colibre ages (Gyr): [ 2.69479618  3.91865011  0.41323132  6.38607802  1.43286977  4.20649518
  1.44385551 13.36086703 12.29607504  1.34864783]
DEBUG: us.look_back_time -> ages (Gyr): [ 2.69479619  3.91865011  0.41323133  6.38607802  1.43286977  4.20649518
  1.44385551 13.36086703 12.29607504  1.34864783]
[12/100] subhalo 328915 done; total_formed=4.805e+01
Building SWIFTGalaxy for subhalo 1387956 (soap_index=67938931)
Read masses: Nstars=39672, sum_current=5.304323e+10 Msun
DEBUG: sample z (first valid): [2.89030037 3.15705677 3.60839603 4.92014453 3.48017501 5.5496702
 2.405529   3.56983474 1.74415878 1.32743803]
DEBUG: Planck15 ages (Gyr): [2.23907268 2.02910385 1.74049478 1.19715132 1.81523234 1.02900867
 2.72609514 1.76242819 3.73928091 4.73821721]
DEBUG: cosmo_colibre ages (Gyr): [2.24090359 2.03099764 1.74244682 1.19911546 1.81717251 1.03094572
 2.72771545 1.76437699 3.74016874 4.73796759]
DEBUG: us.look_back_time -> ages (Gyr): [2.24090359 2.03099765 1.74244683 1.19911547 1.81717251 1.03094572
 2.72771545 1.76437699 3.74016874 4.73796759]
[13/100] subhalo 1387956 done; total_formed=8.797e+00
Building SWIFTGalaxy for subhalo 55340 (soap_index=68017381)
Read masses: Nstars=41345, sum_current=5.684038e+10 Msun
DEBUG: sample z (first valid): [4.42247228 0.75323703 4.01461474 6.69743951 4.14896292 5.4503937
 0.99756157 0.21031248 0.56559962 7.43394891]
DEBUG: Planck15 ages (Gyr): [ 1.36520931  7.01533194  1.53440436  0.80772493  1.47499781  1.05282954
  5.87245686 11.17645135  8.14381245  0.7042107 ]
DEBUG: cosmo_colibre ages (Gyr): [ 1.36718469  7.01078019  1.53637699  0.80959679  1.47697292  1.05477149
  5.87037252 11.15766638  8.13620121  0.70603753]
DEBUG: us.look_back_time -> ages (Gyr): [ 1.36718469  7.01078019  1.53637699  0.8095968   1.47697293  1.05477149
  5.87037252 11.15766639  8.13620121  0.70603753]
[14/100] subhalo 55340 done; total_formed=9.420e+00
Building SWIFTGalaxy for subhalo 5676 (soap_index=68079965)
Read masses: Nstars=87351, sum_current=1.128283e+11 Msun
DEBUG: sample z (first valid): [4.14896292 2.95414505 5.80045657 1.87615202 1.82263761 1.10699588
 0.18810732 7.80091318 3.88418542 0.85780701]
DEBUG: Planck15 ages (Gyr): [ 1.47499781  2.18565275  0.97266118  3.49238339  3.58919681  5.45240509
 11.41805536  0.66058803  1.59597092  6.48725042]
DEBUG: cosmo_colibre ages (Gyr): [ 1.47697292  2.18750126  0.97458512  3.4934874   3.59021901  5.45107007
 11.39820879  0.66239244  1.59793931  6.4839174 ]
DEBUG: us.look_back_time -> ages (Gyr): [ 1.47697293  2.18750127  0.97458513  3.49348741  3.59021901  5.45107007
 11.39820879  0.66239244  1.59793932  6.4839174 ]
[15/100] subhalo 5676 done; total_formed=1.885e+01
Building SWIFTGalaxy for subhalo 57704 (soap_index=68090399)
Read masses: Nstars=22501, sum_current=3.006732e+10 Msun
DEBUG: sample z (first valid): [0.29794819 0.42892029 2.45107952 0.14285714 0.03499684 0.27720611
 0.07746942 2.15592796 1.06464621 4.243719  ]
DEBUG: Planck15 ages (Gyr): [10.29136753  9.1476613   2.67320285 11.93402478 13.30512428 10.49145899
 12.73995079  3.0490421   5.60917042  1.43535363]
DEBUG: cosmo_colibre ages (Gyr): [10.27626597  9.13681395  2.6748504  11.91183408 13.27622735 10.47555366
 12.71389858  3.05047281  5.6075655   1.43732949]
DEBUG: us.look_back_time -> ages (Gyr): [10.27626597  9.13681395  2.6748504  11.91183408 13.27622735 10.47555366
 12.71389858  3.05047281  5.6075655   1.4373295 ]
[16/100] subhalo 57704 done; total_formed=5.033e+00
Building SWIFTGalaxy for subhalo 712106 (soap_index=68124052)
Read masses: Nstars=194118, sum_current=2.569083e+11 Msun
DEBUG: sample z (first valid): [2.57612136 0.67491311 8.6433196  7.73871591 0.42420028 4.02499617
 0.62314246 0.62217822 1.14590701 5.00806747]
DEBUG: Planck15 ages (Gyr): [2.53635437 7.45550695 0.57584285 0.66766065 9.18555861 1.52967345
 7.77002666 7.77607467 5.31438422 1.17102065]
DEBUG: cosmo_colibre ages (Gyr): [2.53806745 7.44983549 0.57759678 0.66946885 9.17457982 1.53164634
 7.76349732 7.76952837 5.31327729 1.17298168]
DEBUG: us.look_back_time -> ages (Gyr): [2.53806745 7.4498355  0.57759678 0.66946885 9.17457982 1.53164635
 7.76349732 7.76952837 5.3132773  1.17298168]
[17/100] subhalo 712106 done; total_formed=4.249e+01
Building SWIFTGalaxy for subhalo 58917 (soap_index=68131444)
Read masses: Nstars=14233, sum_current=1.973693e+10 Msun
DEBUG: sample z (first valid): [1.06672974 2.47228992 1.26909494 0.52565416 1.54765977 1.30096201
 2.05301407 1.36797225 4.63605091 0.35404959]
DEBUG: Planck15 ages (Gyr): [5.60129234 2.64914633 4.91208523 8.41945458 4.16317394 4.81587973
 3.20086196 4.62313753 1.28857072 9.77718451]
DEBUG: cosmo_colibre ages (Gyr): [5.59970126 2.65080591 4.91159286 8.41100241 4.16363157 4.81552337
 3.20218955 4.62304112 1.2905428  9.76406822]
DEBUG: us.look_back_time -> ages (Gyr): [5.59970126 2.65080591 4.91159286 8.41100241 4.16363157 4.81552337
 3.20218955 4.62304113 1.2905428  9.76406822]
[18/100] subhalo 58917 done; total_formed=3.249e+00
Building SWIFTGalaxy for subhalo 1421935 (soap_index=68159796)
Read masses: Nstars=23529, sum_current=3.277268e+10 Msun
DEBUG: sample z (first valid): [0.13188256 0.47324881 0.23513004 0.50174152 0.04449828 0.04423199
 0.05167212 0.10852503 0.04864311 0.79708237]
DEBUG: Planck15 ages (Gyr): [12.06415183  8.80277624 10.91500451  8.59120806 13.17567526 13.17927902
 13.07910655 12.34788314 13.11975903  6.78610927]
DEBUG: cosmo_colibre ages (Gyr): [12.04135381  8.7930944  10.89734166  8.58221353 13.14743943 13.15102485
 13.05136025 12.32373905 13.09180703  6.7821032 ]
DEBUG: us.look_back_time -> ages (Gyr): [12.04135381  8.7930944  10.89734166  8.58221353 13.14743943 13.15102485
 13.05136025 12.32373905 13.09180703  6.7821032 ]
[19/100] subhalo 1421935 done; total_formed=5.454e+00
Building SWIFTGalaxy for subhalo 16200318 (soap_index=68188084)
Read masses: Nstars=23938, sum_current=3.469596e+10 Msun
DEBUG: sample z (first valid): [0.21705542 6.11111111 0.01637717 0.09460182 0.22141047 0.32987013
 0.27591309 1.62102064 0.47910084 4.6992782 ]
DEBUG: Planck15 ages (Gyr): [11.10453417  0.9096546  13.56402516 12.52152205 11.05843753  9.99409518
 10.5041184   3.99622186  8.75869406  1.2672435 ]
DEBUG: cosmo_colibre ages (Gyr): [11.08606065  0.9115612  13.53378954 12.49653968 11.04016254  9.98015563
 10.48816164  3.99685796  8.74915718  1.26921412]
DEBUG: us.look_back_time -> ages (Gyr): [11.08606065  0.9115612  13.53378954 12.49653968 11.04016254  9.98015563
 10.48816164  3.99685797  8.74915718  1.26921412]
[20/100] subhalo 16200318 done; total_formed=5.701e+00
Building SWIFTGalaxy for subhalo 59569 (soap_index=68192440)
Read masses: Nstars=79056, sum_current=1.055063e+11 Msun
DEBUG: sample z (first valid): [0.10463862 0.05744159 3.84447073 1.09420336 4.29755072 1.096347
 5.82808919 2.96227328 1.29918608 0.01379865]
DEBUG: Planck15 ages (Gyr): [12.39600718 13.00216256  1.61553428  5.49902252  1.4136116   5.49116702
  0.9667666   2.17900266  4.82116179 13.60043401]
DEBUG: cosmo_colibre ages (Gyr): [12.37163186 12.97480406  1.61750098  5.49760844  1.41558756  5.48976634
  0.96868904  2.18085329  4.82079807 13.57000839]
DEBUG: us.look_back_time -> ages (Gyr): [12.37163186 12.97480406  1.61750098  5.49760844  1.41558757  5.48976634
  0.96868904  2.1808533   4.82079807 13.57000839]
[21/100] subhalo 59569 done; total_formed=1.765e+01
Building SWIFTGalaxy for subhalo 7349096 (soap_index=68217407)
Read masses: Nstars=21629, sum_current=3.026368e+10 Msun
DEBUG: sample z (first valid): [7.31464095 8.58478976 0.09900724 2.79698725 0.06065903 0.63627285
 4.46133333 0.093433   7.537224   5.88403361]
DEBUG: Planck15 ages (Gyr): [ 0.71943453  0.58113362 12.46621009  2.3211195  12.95952971  7.68837408
  1.35071033 12.53625526  0.69146003  0.95501267]
DEBUG: cosmo_colibre ages (Gyr): [ 0.72126867  0.582891   12.44149593  2.32292124 12.9323852   7.68207208
  1.3526853  12.51120125  0.69328053  0.95693204]
DEBUG: us.look_back_time -> ages (Gyr): [ 0.72126867  0.582891   12.44149593  2.32292124 12.9323852   7.68207208
  1.35268531 12.51120125  0.69328053  0.95693204]
[22/100] subhalo 7349096 done; total_formed=4.950e+00
Building SWIFTGalaxy for subhalo 61567 (soap_index=68378339)
Read masses: Nstars=160287, sum_current=2.157527e+11 Msun
DEBUG: sample z (first valid): [1.91141715 2.8217868  5.82098251 2.01536763 1.44245677 0.36989967
 6.83923445 0.52565416 0.68006563 0.45158147]
DEBUG: Planck15 ages (Gyr): [3.43088487 2.29883621 0.96827691 3.25950803 4.42301287 9.63871307
 0.78590204 8.41945458 7.42526839 8.96889687]
DEBUG: cosmo_colibre ages (Gyr): [3.43203887 2.30064613 0.97019974 3.26079336 4.42316889 9.62611133
 0.78776529 8.41100241 7.41967688 8.95866058]
DEBUG: us.look_back_time -> ages (Gyr): [3.43203887 2.30064613 0.97019974 3.26079336 4.4231689  9.62611133
 0.78776529 8.41100241 7.41967688 8.95866058]
[23/100] subhalo 61567 done; total_formed=3.606e+01
Building SWIFTGalaxy for subhalo 1281570 (soap_index=68412769)
Read masses: Nstars=24045, sum_current=3.733734e+10 Msun
DEBUG: sample z (first valid): [1.08143302 3.32381078 0.05689588 0.01329705 4.12801252 3.10138307
 5.36580864 1.06881748 2.96851157 8.73210573]
DEBUG: Planck15 ages (Gyr): [ 5.54619008  1.91382188 13.00941303 13.60753254  1.48400851  2.07016939
  1.07385714  5.59341583  2.17392144  0.56796847]
DEBUG: cosmo_colibre ages (Gyr): [ 5.54469498  1.91574293 12.98201807 13.57706984  1.48598335  2.07205222
  1.07580311  5.59183856  2.17577368  0.5697172 ]
DEBUG: us.look_back_time -> ages (Gyr): [ 5.54469498  1.91574293 12.98201807 13.57706984  1.48598335  2.07205222
  1.07580311  5.59183856  2.17577368  0.5697172 ]
[24/100] subhalo 1281570 done; total_formed=5.977e+00
Building SWIFTGalaxy for subhalo 9235892 (soap_index=68441080)
Read masses: Nstars=14119, sum_current=1.917112e+10 Msun
DEBUG: sample z (first valid): [1.25535137 3.52596685 5.77304671 3.16022345 5.99647699 8.14732361
 3.68985258 0.07309405 9.33283406 1.92493082]
DEBUG: Planck15 ages (Gyr): [ 4.95452618  1.78794153  0.97856748  2.02680857  0.93209406  0.623378
  1.69562069 12.79659487  0.5190842   3.40778455]
DEBUG: cosmo_colibre ages (Gyr): [ 4.95397248  1.7898863   0.98049289  2.02870296  0.93400717  0.62516144
  1.69757875 12.77026249  0.52079838  3.40895694]
DEBUG: us.look_back_time -> ages (Gyr): [ 4.95397248  1.78988631  0.98049289  2.02870297  0.93400717  0.62516144
  1.69757876 12.77026249  0.52079838  3.40895694]
[25/100] subhalo 9235892 done; total_formed=3.191e+00
Building SWIFTGalaxy for subhalo 6266 (soap_index=68503448)
Read masses: Nstars=787346, sum_current=1.002866e+12 Msun
DEBUG: sample z (first valid): [0.43984533 0.57887636 0.46337978 0.73817102 1.06152878 0.39485782
 1.42887851 3.91384869 0.07881741 2.17889018]
DEBUG: Planck15 ages (Gyr): [ 9.06082572  8.05519634  8.87786885  7.09685465  5.62099046  9.42643551
  4.45844647  1.58161349 12.72257073  3.01677134]
DEBUG: cosmo_colibre ages (Gyr): [ 9.05027706  8.0478477   8.86793799  7.09210266  5.61936472  9.41460573
  4.45855908  1.58358302 12.69660426  3.0182228 ]
DEBUG: us.look_back_time -> ages (Gyr): [ 9.05027706  8.0478477   8.86793799  7.09210266  5.61936472  9.41460573
  4.45855908  1.58358302 12.69660426  3.01822281]
[26/100] subhalo 6266 done; total_formed=1.672e+02
Building SWIFTGalaxy for subhalo 63101 (soap_index=68503456)
Read masses: Nstars=25418, sum_current=3.505131e+10 Msun
DEBUG: sample z (first valid): [1.84642113 0.83430363 1.02121885 2.34777278 1.20734254 2.11453284
 2.40729957 2.25563835 1.13458407 1.53269439]
DEBUG: Planck15 ages (Gyr): [3.54563765 6.60046029 5.77743139 2.79567269 5.1074609  3.10866412
 2.72400718 2.91286729 5.35397207 4.19861547]
DEBUG: cosmo_colibre ages (Gyr): [3.54669713 6.59687742 5.77552387 2.79725554 5.10667936 3.1100554
 2.72562858 2.91438284 5.35280063 4.19903369]
DEBUG: us.look_back_time -> ages (Gyr): [3.54669714 6.59687742 5.77552387 2.79725554 5.10667937 3.1100554
 2.72562858 2.91438284 5.35280063 4.19903369]
[27/100] subhalo 63101 done; total_formed=5.867e+00
Building SWIFTGalaxy for subhalo 354169 (soap_index=68503477)
Read masses: Nstars=115462, sum_current=1.606413e+11 Msun
DEBUG: sample z (first valid): [1.62943348 1.93016185 2.29029019 1.24392248 3.361797   2.17242715
 0.1533155  1.56060014 1.83853084 1.92623683]
DEBUG: Planck15 ages (Gyr): [ 3.97776879  3.39891056  2.86786106  4.99026612  1.88906987  3.02579767
 11.8118661   4.13291546  3.55999287  3.40556549]
DEBUG: cosmo_colibre ages (Gyr): [ 3.9784239   3.40008996  2.86940308  4.98966013  1.89099608  3.02724337
 11.79023969  4.13340632  3.56104016  3.40673964]
DEBUG: us.look_back_time -> ages (Gyr): [ 3.9784239   3.40008996  2.86940309  4.98966013  1.89099608  3.02724337
 11.79023969  4.13340632  3.56104016  3.40673964]
[28/100] subhalo 354169 done; total_formed=2.657e+01
Building SWIFTGalaxy for subhalo 1482005 (soap_index=68503528)
Read masses: Nstars=5644, sum_current=8.320103e+09 Msun
DEBUG: sample z (first valid): [1.80307956 1.667535   2.01897918 1.69939863 1.84864818 1.97269346
 1.69318649 1.86458607 1.96569825 1.79090367]
DEBUG: Planck15 ages (Gyr): [3.62567288 3.89589565 3.25380611 3.82950011 3.54160288 3.32813589
 3.84230009 3.51294481 3.33961031 3.64868638]
DEBUG: cosmo_colibre ages (Gyr): [3.62666328 3.89663333 3.25509561 3.83030269 3.54266578 3.32937003
 3.8430903  3.51403176 3.34083572 3.64965643]
DEBUG: us.look_back_time -> ages (Gyr): [3.62666328 3.89663333 3.25509561 3.83030269 3.54266578 3.32937004
 3.84309031 3.51403176 3.34083572 3.64965643]
[29/100] subhalo 1482005 done; total_formed=1.389e+00
Building SWIFTGalaxy for subhalo 354538 (soap_index=68541897)
Read masses: Nstars=57475, sum_current=8.332387e+10 Msun
DEBUG: sample z (first valid): [1.16776925 4.59324059 5.52944107 6.11111111 1.1512605  7.08188433
 1.07090944 4.80426889 3.9290012  6.1694563 ]
DEBUG: Planck15 ages (Gyr): [5.23924856 1.30335159 1.03378947 0.9096546  5.29582825 0.75075824
 5.5855409  1.23309842 1.57436183 0.898576  ]
DEBUG: cosmo_colibre ages (Gyr): [5.23826208 1.30532454 1.03572753 0.9115612  5.29475131 0.75260666
 5.5839774  1.23506621 1.5763319  0.90047923]
DEBUG: us.look_back_time -> ages (Gyr): [5.23826208 1.30532454 1.03572754 0.9115612  5.29475131 0.75260666
 5.5839774  1.23506622 1.57633191 0.90047923]
[30/100] subhalo 354538 done; total_formed=1.359e+01
Building SWIFTGalaxy for subhalo 2535531 (soap_index=68645831)
Read masses: Nstars=189361, sum_current=2.449353e+11 Msun
DEBUG: sample z (first valid): [3.20695853 1.19433469 0.5178803  0.2471645  0.32685455 1.18774202
 0.26244414 1.43013942 1.03553236 1.0200974 ]
DEBUG: Planck15 ages (Gyr): [ 1.99342652  5.15019345  8.47472268 10.79138178 10.02163918  5.1720686
 10.63731091  4.45513683  5.72110531  5.78188126]
DEBUG: cosmo_colibre ages (Gyr): [ 1.9953293   5.14934633  8.46609752 10.77423969 10.00759359  5.17118759
 10.62080891  4.45525352  5.71930058  5.77996556]
DEBUG: us.look_back_time -> ages (Gyr): [ 1.99532931  5.14934633  8.46609752 10.77423969 10.00759359  5.17118759
 10.62080891  4.45525353  5.71930058  5.77996556]
[31/100] subhalo 2535531 done; total_formed=4.107e+01
Building SWIFTGalaxy for subhalo 2559493 (soap_index=68679057)
Read masses: Nstars=17111, sum_current=2.383138e+10 Msun
DEBUG: sample z (first valid): [5.25701738 4.27070935 0.79472012 0.920075   0.82592221 2.04988831
 8.31636932 6.42870097 2.10685503 7.80091318]
DEBUG: Planck15 ages (Gyr): [1.10194613 1.42438374 6.79816298 6.20148838 6.64157325 3.2056655
 0.60646622 0.85195603 3.11993227 0.66058803]
DEBUG: cosmo_colibre ages (Gyr): [1.10389704 1.42635969 6.79412886 6.1987584  6.63789811 3.20698967
 0.60823953 0.85384404 3.12131595 0.66239244]
DEBUG: us.look_back_time -> ages (Gyr): [1.10389705 1.42635969 6.79412886 6.1987584  6.63789811 3.20698967
 0.60823953 0.85384405 3.12131595 0.66239244]
[32/100] subhalo 2559493 done; total_formed=3.942e+00
Building SWIFTGalaxy for subhalo 143803 (soap_index=68855332)
Read masses: Nstars=162682, sum_current=2.208173e+11 Msun
DEBUG: sample z (first valid): [2.45471798 0.74446337 3.61423643 1.99853587 7.5200208  5.37261766
 6.72101791 5.98231408 0.75061438 2.57963732]
DEBUG: Planck15 ages (Gyr): [2.66905072 7.06263044 1.7372122  3.28629841 0.69355723 1.07213871
 0.80402675 0.93493024 7.02941941 2.53267376]
DEBUG: cosmo_colibre ages (Gyr): [2.67070036 7.05796291 1.73916471 3.28756398 0.69537879 1.07408437
 0.80589719 0.93684414 7.02483329 2.5343885 ]
DEBUG: us.look_back_time -> ages (Gyr): [2.67070036 7.05796291 1.73916471 3.28756398 0.69537879 1.07408437
 0.8058972  0.93684415 7.02483329 2.5343885 ]
[33/100] subhalo 143803 done; total_formed=3.701e+01
Building SWIFTGalaxy for subhalo 397 (soap_index=68996331)
Read masses: Nstars=324604, sum_current=4.100209e+11 Msun
DEBUG: sample z (first valid): [0.13486181 0.14054995 0.18569981 3.1665713  1.49375951 1.49375951
 1.55660451 1.09099611 1.11447377 1.14478335]
DEBUG: Planck15 ages (Gyr): [12.02862804 11.96121549 11.44469811  2.02222041  4.29313605  4.29313605
  4.14222048  5.51080887  5.42544338  5.31829206]
DEBUG: cosmo_colibre ages (Gyr): [12.00599645 11.93889841 11.42473305  2.02411598  4.29344648  4.29344648
  4.14270117  5.50937464  5.42415362  5.3171788 ]
DEBUG: us.look_back_time -> ages (Gyr): [12.00599645 11.93889841 11.42473305  2.02411598  4.29344649  4.29344649
  4.14270117  5.50937464  5.42415362  5.3171788 ]
[34/100] subhalo 397 done; total_formed=6.856e+01
Building SWIFTGalaxy for subhalo 5361 (soap_index=68996333)
Read masses: Nstars=73407, sum_current=9.699595e+10 Msun
DEBUG: sample z (first valid): [0.47232207 5.21901689 0.72899958 0.48204432 0.66826189 0.39236849
 1.28062361 6.30124777 1.3691707  2.45836412]
DEBUG: Planck15 ages (Gyr): [8.80978744 1.11204625 7.14719596 8.73664552 7.49481933 9.44729794
 4.87692933 0.87436042 4.61980333 2.66490044]
DEBUG: cosmo_colibre ages (Gyr): [8.80008246 1.11399882 7.14231869 8.72718079 7.48904327 9.43539319
 4.87648715 0.87625597 4.61971127 2.66655217]
DEBUG: us.look_back_time -> ages (Gyr): [8.80008247 1.11399883 7.14231869 8.7271808  7.48904327 9.43539319
 4.87648715 0.87625597 4.61971127 2.66655217]
[35/100] subhalo 5361 done; total_formed=1.622e+01
Building SWIFTGalaxy for subhalo 679985 (soap_index=68996347)
Read masses: Nstars=35558, sum_current=4.833214e+10 Msun
DEBUG: sample z (first valid): [4.23575937 2.68097057 1.49756098 3.52377994 2.03070662 2.56988779
 1.36865693 1.13277792 2.52192605 2.82803738]
DEBUG: Planck15 ages (Gyr): [1.43861549 2.43025515 4.28375709 1.78922941 3.23540264 2.54290152
 4.62123221 5.36032998 2.59421954 2.29327542]
DEBUG: cosmo_colibre ages (Gyr): [1.44059132 2.43201413 4.28407839 1.79117397 3.2367055  2.54461163
 4.62113829 5.35914811 2.59590577 2.29508735]
DEBUG: us.look_back_time -> ages (Gyr): [1.44059132 2.43201413 4.2840784  1.79117397 3.2367055  2.54461163
 4.6211383  5.35914811 2.59590577 2.29508736]
[36/100] subhalo 679985 done; total_formed=8.024e+00
Building SWIFTGalaxy for subhalo 1361222 (soap_index=69049445)
Read masses: Nstars=29304, sum_current=4.061589e+10 Msun
DEBUG: sample z (first valid): [2.6016707  2.49711846 4.44997921 6.55806712 0.62314246 5.41126981
 1.4861912  3.24538447 2.32906634 2.17242715]
DEBUG: Planck15 ages (Gyr): [2.50980725 2.62143494 1.35492002 0.83017444 7.77002666 1.06246983
 4.31190728 1.96665435 2.81883464 3.02579767]
DEBUG: cosmo_colibre ages (Gyr): [2.51153221 2.62310811 1.35689512 0.83205471 7.76349732 1.06441366
 4.31219586 1.96856355 2.82040461 3.02724337]
DEBUG: us.look_back_time -> ages (Gyr): [2.51153222 2.62310811 1.35689513 0.83205471 7.76349732 1.06441366
 4.31219586 1.96856355 2.82040461 3.02724337]
[37/100] subhalo 1361222 done; total_formed=6.698e+00
Building SWIFTGalaxy for subhalo 71573 (soap_index=69127749)
Read masses: Nstars=33658, sum_current=4.402442e+10 Msun
DEBUG: sample z (first valid): [4.00465827 4.58466127 1.71101183 4.09690465 3.58614416 3.89403331
 1.44610331 4.11760112 7.1971232  1.78852864]
DEBUG: Planck15 ages (Gyr): [1.53896442 1.30634758 3.80575593 1.49755732 1.75309598 1.59118054
 4.41357394 1.48852042 0.73497236 3.65320307]
DEBUG: cosmo_colibre ages (Gyr): [1.5409368  1.30832069 3.80658127 1.49953168 1.75504619 1.59314933
 4.41374143 1.49049511 0.73681371 3.6541691 ]
DEBUG: us.look_back_time -> ages (Gyr): [1.5409368  1.30832069 3.80658128 1.49953168 1.75504619 1.59314933
 4.41374143 1.49049511 0.73681372 3.6541691 ]
[38/100] subhalo 71573 done; total_formed=7.307e+00
Building SWIFTGalaxy for subhalo 148632 (soap_index=69229426)
Read masses: Nstars=96501, sum_current=1.275565e+11 Msun
DEBUG: sample z (first valid): [7.23058085 6.31591873 5.02020944 4.61865569 0.94862036 3.94387447
 4.63847544 1.31445119 0.23141676 3.38573245]
DEBUG: Planck15 ages (Gyr): [ 0.7304923   0.87173188  1.16748648  1.29454296  6.07699542  1.56729723
  1.28774195  4.77605959 10.95356031  1.87374398]
DEBUG: cosmo_colibre ages (Gyr): [ 0.7323316   0.87362656  1.16944706  1.2965154   6.07451583  1.56926781
  1.28971397  4.7757583  10.93573374  1.87567327]
DEBUG: us.look_back_time -> ages (Gyr): [ 0.73233161  0.87362657  1.16944706  1.2965154   6.07451583  1.56926781
  1.28971397  4.7757583  10.93573374  1.87567327]
[39/100] subhalo 148632 done; total_formed=2.137e+01
Building SWIFTGalaxy for subhalo 2726852 (soap_index=69250604)
Read masses: Nstars=73987, sum_current=9.897452e+10 Msun
DEBUG: sample z (first valid): [ 0.8853855   0.08899967 10.79023118  1.39707388  1.19771965  1.0562249
  4.72967302  1.10916581  2.43732298  2.28698967]
DEBUG: Planck15 ages (Gyr): [ 6.35821102 12.59236112  0.42569485  4.54325044  5.13901887  5.64119107
  1.2571986   5.44455959  2.6889978   2.87209856]
DEBUG: cosmo_colibre ages (Gyr): [ 6.35515519 12.56703363  0.42733051  4.54325692  5.13818898  5.63952959
  1.25916846  5.44323778  2.69063732  2.87363812]
DEBUG: us.look_back_time -> ages (Gyr): [ 6.35515519 12.56703363  0.42733051  4.54325692  5.13818898  5.6395296
  1.25916846  5.44323778  2.69063732  2.87363813]
[40/100] subhalo 2726852 done; total_formed=1.656e+01
Building SWIFTGalaxy for subhalo 3056899 (soap_index=69250623)
Read masses: Nstars=16015, sum_current=2.092896e+10 Msun
DEBUG: sample z (first valid): [ 4.780718    8.41135923  2.24564184  1.13277792  3.94387447  5.37261766
  1.49641932  5.38565722  1.55800156 11.94538272]
DEBUG: Planck15 ages (Gyr): [1.24062376 0.59729499 2.92606633 5.36032998 1.56729723 1.07213871
 4.28657031 1.06886057 4.13896319 0.36987038]
DEBUG: cosmo_colibre ages (Gyr): [1.24259223 0.59906264 2.92757397 5.35914811 1.56926781 1.07408437
 4.28688836 1.07080562 4.13944744 0.37144927]
DEBUG: us.look_back_time -> ages (Gyr): [1.24259224 0.59906264 2.92757397 5.35914811 1.56926781 1.07408437
 4.28688836 1.07080562 4.13944744 0.37144927]
[41/100] subhalo 3056899 done; total_formed=3.500e+00
Building SWIFTGalaxy for subhalo 151353 (soap_index=69273283)
Read masses: Nstars=96984, sum_current=1.297517e+11 Msun
DEBUG: sample z (first valid): [0.85970488 4.98392988 4.63024055 2.80271556 0.75511516 0.7324733
 1.10064748 0.86861314 1.13583627 1.19213273]
DEBUG: Planck15 ages (Gyr): [6.47824048 1.17809937 1.29056048 2.31594088 7.00527024 7.12806471
 5.47546104 6.43620799 5.34957113 5.15748343]
DEBUG: cosmo_colibre ages (Gyr): [6.47492707 1.18006128 1.29253268 2.31774454 7.00074298 7.12323519
 5.47408705 6.43298557 5.3484069  5.15662504]
DEBUG: us.look_back_time -> ages (Gyr): [6.47492707 1.18006128 1.29253268 2.31774454 7.00074298 7.1232352
 5.47408705 6.43298557 5.3484069  5.15662504]
[42/100] subhalo 151353 done; total_formed=2.166e+01
Building SWIFTGalaxy for subhalo 153179 (soap_index=69291072)
Read masses: Nstars=24894, sum_current=3.273565e+10 Msun
DEBUG: sample z (first valid): [5.84163274 1.66927338 1.2570602  1.89956641 3.59547016 6.40603458
 1.0862036  0.90201997 1.20052381 1.04684865]
DEBUG: Planck15 ages (Gyr): [0.96389913 3.89222538 4.94921744 3.45135323 1.74779636 0.85587025
 5.52849534 6.28229802 5.1297908  5.67718282]
DEBUG: cosmo_colibre ages (Gyr): [0.96582083 3.8929667  4.94867146 3.45249076 1.74974734 0.85775961
 5.52703076 6.2794015  5.1289751  5.6754572 ]
DEBUG: us.look_back_time -> ages (Gyr): [0.96582083 3.8929667  4.94867146 3.45249076 1.74974734 0.85775961
 5.52703076 6.2794015  5.1289751  5.6754572 ]
[43/100] subhalo 153179 done; total_formed=5.473e+00
Building SWIFTGalaxy for subhalo 1421975 (soap_index=69310042)
Read masses: Nstars=19612, sum_current=2.948017e+10 Msun
DEBUG: sample z (first valid): [5.14380801 1.22186059 1.45858343 3.62335097 1.21615041 1.52177928
 8.41135923 1.41047521 4.6992782  6.96790274]
DEBUG: Planck15 ages (Gyr): [1.13249512 5.06042903 4.38151341 1.73210982 5.07884491 4.22477285
 0.59729499 4.50720413 1.2672435  0.76693415]
DEBUG: cosmo_colibre ages (Gyr): [1.13445086 5.0597187  4.38171957 1.73406305 5.07810682 4.22516162
 0.59906264 4.50725611 1.26921412 0.76878955]
DEBUG: us.look_back_time -> ages (Gyr): [1.13445086 5.0597187  4.38171957 1.73406306 5.07810682 4.22516163
 0.59906264 4.50725611 1.26921412 0.76878955]
[44/100] subhalo 1421975 done; total_formed=4.771e+00
Building SWIFTGalaxy for subhalo 58808 (soap_index=69360030)
Read masses: Nstars=318449, sum_current=4.010217e+11 Msun
DEBUG: sample z (first valid): [1.27602973 1.55800156 1.90986591 7.0570445  1.44994393 0.96450839
 1.54370439 8.09211987 1.78568392 1.94570298]
DEBUG: Planck15 ages (Gyr): [4.89088981 4.13896319 3.43355288 0.75423482 4.40366762 6.00938773
 4.17249417 0.62907121 3.65862492 3.3727673 ]
DEBUG: cosmo_colibre ages (Gyr): [4.89042776 4.13944744 3.43470474 0.75608476 4.40384711 6.007041
 4.17294149 0.63085797 3.65958612 3.37396715]
DEBUG: us.look_back_time -> ages (Gyr): [4.89042776 4.13944744 3.43470474 0.75608476 4.40384711 6.00704101
 4.17294149 0.63085797 3.65958612 3.37396715]
[45/100] subhalo 58808 done; total_formed=6.722e+01
Building SWIFTGalaxy for subhalo 1429653 (soap_index=69380870)
Read masses: Nstars=9457, sum_current=1.237065e+10 Msun
DEBUG: sample z (first valid): [6.25678219 0.62879014 0.85025409 5.02020944 0.06659723 0.04144419
 0.04864311 3.79064327 3.67546551 4.7981067 ]
DEBUG: Planck15 ages (Gyr): [ 0.88240814  7.73474557  6.52330045  1.16748648 12.88136007 13.21709108
 13.11975903  1.64269091  1.70340629  1.23506012]
DEBUG: cosmo_colibre ages (Gyr): [ 0.8843063   7.72831485  6.51988854  1.16944706 12.85460633 13.18864434
 13.09180703  1.64465499  1.70536337  1.2370281 ]
DEBUG: us.look_back_time -> ages (Gyr): [ 0.8843063   7.72831486  6.51988855  1.16944706 12.85460633 13.18864434
 13.09180703  1.644655    1.70536337  1.2370281 ]
[46/100] subhalo 1429653 done; total_formed=2.062e+00
Building SWIFTGalaxy for subhalo 57700 (soap_index=69392271)
Read masses: Nstars=34812, sum_current=4.735777e+10 Msun
DEBUG: sample z (first valid): [0.61657622 6.06816221 3.52471693 1.36319054 4.79246951 2.08404706
 0.58238362 1.00012208 3.87401458 4.06578032]
DEBUG: Planck15 ages (Gyr): [7.81135359 0.91795561 1.78867743 4.63647912 1.23685924 3.15380266
 8.03202969 5.86205393 1.60094352 1.51131974]
DEBUG: cosmo_colibre ages (Gyr): [7.80470795 0.91986466 1.79062208 4.63636526 1.23882738 3.15516318
 8.02474907 5.85998915 1.60291151 1.51329352]
DEBUG: us.look_back_time -> ages (Gyr): [7.80470796 0.91986466 1.79062208 4.63636526 1.23882738 3.15516318
 8.02474907 5.85998916 1.60291151 1.51329353]
[47/100] subhalo 57700 done; total_formed=7.938e+00
Building SWIFTGalaxy for subhalo 74037 (soap_index=69408026)
Read masses: Nstars=117816, sum_current=1.534418e+11 Msun
DEBUG: sample z (first valid): [2.93043061 5.08166295 2.02455234 2.50048072 0.30737312 2.58708265
 1.05945572 4.42786152 0.25346186 0.24583682]
DEBUG: Planck15 ages (Gyr): [ 2.20524723  1.14986771  3.2450391   2.61771892 10.2022744   2.5249087
  5.62887242  1.36318322 10.72749538 10.80492098]
DEBUG: cosmo_colibre ages (Gyr): [ 2.20708941  1.15182594  3.24633497  2.61939389 10.18752515  2.52662693
  5.62723276  1.36515854 10.71061992 10.78772217]
DEBUG: us.look_back_time -> ages (Gyr): [ 2.20708941  1.15182594  3.24633498  2.61939389 10.18752515  2.52662693
  5.62723276  1.36515855 10.71061992 10.78772217]
[48/100] subhalo 74037 done; total_formed=2.568e+01
Building SWIFTGalaxy for subhalo 730702 (soap_index=69628093)
Read masses: Nstars=18999, sum_current=2.589745e+10 Msun
DEBUG: sample z (first valid): [8.52627371 4.05561984 5.25701738 6.77598481 2.74320311 0.67576966
 4.01461474 6.08957161 3.6377468  1.07090944]
DEBUG: Planck15 ages (Gyr): [0.58650443 1.5158579  1.10194613 0.79551386 2.37068808 7.45046708
 1.53440436 0.91380201 1.72410132 5.5855409 ]
DEBUG: cosmo_colibre ages (Gyr): [0.58826526 1.51783148 1.10389704 0.79738096 2.37247097 7.44480897
 1.53637699 0.91570984 1.72605566 5.5839774 ]
DEBUG: us.look_back_time -> ages (Gyr): [0.58826526 1.51783148 1.10389705 0.79738096 2.37247097 7.44480898
 1.53637699 0.91570985 1.72605566 5.5839774 ]
[49/100] subhalo 730702 done; total_formed=4.347e+00
Building SWIFTGalaxy for subhalo 46088 (soap_index=69659297)
Read masses: Nstars=25277, sum_current=3.316039e+10 Msun
DEBUG: sample z (first valid): [2.19003115 1.79280661 3.8790947  2.81600093 0.2490661  2.04280806
 1.65866126 2.12671756 1.45361288 1.49641932]
DEBUG: Planck15 ages (Gyr): [ 3.00131487  3.64507403  1.59845661  2.30400339 10.77203248  3.21658976
  3.91471857  3.09091758  4.39423741  4.28657031]
DEBUG: cosmo_colibre ages (Gyr): [ 3.00277613  3.64604729  1.6004248   2.30581143 10.75497132  3.21790615
  3.91543752  3.09232074  4.39442828  4.28688836]
DEBUG: us.look_back_time -> ages (Gyr): [ 3.00277613  3.64604729  1.6004248   2.30581144 10.75497132  3.21790615
  3.91543752  3.09232074  4.39442828  4.28688836]
[50/100] subhalo 46088 done; total_formed=5.519e+00
Building SWIFTGalaxy for subhalo 46093 (soap_index=69659298)
Read masses: Nstars=49775, sum_current=6.861688e+10 Msun
DEBUG: sample z (first valid): [2.84917185 4.92335503 0.34240066 3.96409635 5.86312703 4.16967737
 0.33019404 3.57685593 1.02421547 2.54363577]
DEBUG: Planck15 ages (Gyr): [2.27463657 1.19618019 9.88081769 1.55777603 0.95937722 1.46617741
 9.99114318 1.75840063 5.76556723 2.57078161]
DEBUG: cosmo_colibre ages (Gyr): [2.27645515 1.19814422 9.86731069 1.55974725 0.96129775 1.46815276
 9.97721498 1.76035004 5.76368149 2.57247887]
DEBUG: us.look_back_time -> ages (Gyr): [2.27645515 1.19814423 9.86731069 1.55974725 0.96129775 1.46815276
 9.97721498 1.76035004 5.76368149 2.57247887]
[51/100] subhalo 46093 done; total_formed=1.125e+01
Building SWIFTGalaxy for subhalo 296148 (soap_index=69695400)
Read masses: Nstars=17431, sum_current=2.399597e+10 Msun
DEBUG: sample z (first valid): [4.39790792 1.42331016 4.15950244 3.86569159 0.58406652 1.37466483
 1.84074556 4.66430424 2.22583186 4.58466127]
DEBUG: Planck15 ages (Gyr): [1.37450794 4.47310955 1.47049903 1.60503183 8.02094923 4.60456738
 3.55595399 1.27896753 2.95251402 1.30634758]
DEBUG: cosmo_colibre ages (Gyr): [1.37648352 4.47320403 1.47247426 1.60699946 8.01370106 4.60449515
 3.55700471 1.28093898 2.95400562 1.30832069]
DEBUG: us.look_back_time -> ages (Gyr): [1.37648352 4.47320404 1.47247427 1.60699946 8.01370106 4.60449515
 3.55700472 1.28093899 2.95400562 1.30832069]
[52/100] subhalo 296148 done; total_formed=4.026e+00
Building SWIFTGalaxy for subhalo 2503226 (soap_index=69706769)
Read masses: Nstars=79183, sum_current=1.078839e+11 Msun
DEBUG: sample z (first valid): [0.99246017 5.85594727 0.57115458 1.78568392 1.02521632 5.69076059
 2.75866024 6.95919359 1.07931975 6.75573964]
DEBUG: Planck15 ages (Gyr): [5.89326957 0.96088375 8.10655777 3.65862492 5.76161322 0.99666131
 2.35626515 0.76819393 5.55405704 0.79863179]
DEBUG: cosmo_colibre ages (Gyr): [5.89114592 0.96280467 8.09905739 3.65958612 5.75973472 0.9985911
 2.35805362 0.77004985 5.55254832 0.80050012]
DEBUG: us.look_back_time -> ages (Gyr): [5.89114592 0.96280467 8.09905739 3.65958612 5.75973473 0.99859111
 2.35805362 0.77004986 5.55254832 0.80050012]
[53/100] subhalo 2503226 done; total_formed=1.796e+01
Building SWIFTGalaxy for subhalo 3815170 (soap_index=69720091)
Read masses: Nstars=24198, sum_current=3.476113e+10 Msun
DEBUG: sample z (first valid): [1.10064748 5.18147519 7.04912798 2.44418751 6.71283983 0.98859085
 0.04038608 0.29354177 0.03722461 0.09900724]
DEBUG: Planck15 ages (Gyr): [ 5.47546104  1.12217629  0.75534844  2.68109699  0.80530626  5.90913293
 13.2314825  10.33340904 13.2746131  12.46621009]
DEBUG: cosmo_colibre ages (Gyr): [ 5.47408705  1.12413046  0.75719886  2.68274054  0.80717719  5.90697919
 13.20296234 10.31814003 13.24587249 12.44149593]
DEBUG: us.look_back_time -> ages (Gyr): [ 5.47408705  1.12413046  0.75719887  2.68274054  0.8071772   5.90697919
 13.20296234 10.31814003 13.24587249 12.44149593]
[54/100] subhalo 3815170 done; total_formed=5.686e+00
Building SWIFTGalaxy for subhalo 656305 (soap_index=69852099)
Read masses: Nstars=613516, sum_current=7.442632e+11 Msun
DEBUG: sample z (first valid): [5.7181958  7.54557309 0.02573092 0.08834861 0.09066702 0.99052363
 0.08517684 1.07090944 1.28762915 0.07910163]
DEBUG: Planck15 ages (Gyr): [ 0.99056727  0.690446   13.43308982 12.60063037 12.57121846  5.9012006
 12.64102566  5.5855409   4.85576205 12.71891049]
DEBUG: cosmo_colibre ages (Gyr): [ 0.99249561  0.69226599 13.40353395 12.57526248 12.54599417  5.89906192
 12.61546006  5.5839774   4.85534981 12.69296207]
DEBUG: us.look_back_time -> ages (Gyr): [ 0.99249561  0.692266   13.40353395 12.57526248 12.54599417  5.89906192
 12.61546006  5.5839774   4.85534982 12.69296207]
[55/100] subhalo 656305 done; total_formed=1.243e+02
Building SWIFTGalaxy for subhalo 1319866 (soap_index=69852132)
Read masses: Nstars=23412, sum_current=3.238989e+10 Msun
DEBUG: sample z (first valid): [2.27712771 1.44994393 1.47998184 1.15976799 2.69216901 0.96686675
 1.17208007 1.60042854 1.14253956 2.00293255]
DEBUG: Planck15 ages (Gyr): [2.88482155 4.40366762 4.32740685 5.26655059 2.41935564 5.9994527
 5.22463203 4.04197793 5.32610911 3.27926582]
DEBUG: cosmo_colibre ages (Gyr): [2.88635369 4.40384711 4.32767725 5.26552065 2.4211191  5.99712531
 5.22366868 4.04256631 5.32498315 3.2805366 ]
DEBUG: us.look_back_time -> ages (Gyr): [2.88635369 4.40384711 4.32767726 5.26552065 2.4211191  5.99712531
 5.22366868 4.04256631 5.32498315 3.28053661]
[56/100] subhalo 1319866 done; total_formed=5.419e+00
Building SWIFTGalaxy for subhalo 2533651 (soap_index=69852197)
Read masses: Nstars=27714, sum_current=3.650999e+10 Msun
DEBUG: sample z (first valid): [5.69076059 1.32512595 0.69976139 1.84642113 1.28300704 1.31739745
 0.8147984  0.4148532  3.37694517 2.4829932 ]
DEBUG: Planck15 ages (Gyr): [0.99666131 4.74491923 7.31138849 3.54563765 4.86971129 4.7674322
 6.69675333 9.2612949  1.87934652 2.63714154]
DEBUG: cosmo_colibre ages (Gyr): [0.9985911  4.74466051 7.30609404 3.54669713 4.86927934 4.76714275
 6.69295305 9.25005142 1.88127469 2.63880705]
DEBUG: us.look_back_time -> ages (Gyr): [0.99859111 4.74466052 7.30609404 3.54669714 4.86927935 4.76714275
 6.69295305 9.25005142 1.8812747  2.63880705]
[57/100] subhalo 2533651 done; total_formed=6.114e+00
Building SWIFTGalaxy for subhalo 5045 (soap_index=69998864)
Read masses: Nstars=24024, sum_current=3.193952e+10 Msun
DEBUG: sample z (first valid): [5.98231408 7.26431274 1.94570298 5.29548511 0.81862582 5.77304671
 4.82801245 1.78568392 0.96333134 4.26520447]
DEBUG: Planck15 ages (Gyr): [0.93493024 0.72602129 3.3727673  1.09187604 6.67768753 0.97856748
 1.22558789 3.65862492 6.01435596 1.42660982]
DEBUG: cosmo_colibre ages (Gyr): [0.93684414 0.72785852 3.37396715 1.09382523 6.67393065 0.98049289
 1.22755498 3.65958612 6.01199954 1.42858575]
DEBUG: us.look_back_time -> ages (Gyr): [0.93684415 0.72785852 3.37396715 1.09382524 6.67393066 0.98049289
 1.22755499 3.65958612 6.01199955 1.42858576]
[58/100] subhalo 5045 done; total_formed=5.336e+00
Building SWIFTGalaxy for subhalo 166815 (soap_index=70057981)
Read masses: Nstars=439988, sum_current=5.502243e+11 Msun
DEBUG: sample z (first valid): [0.46155219 7.85501959 2.81822419 2.99756008 0.80759047 2.17889018
 0.74131151 0.01379865 0.08899967 0.44416042]
DEBUG: Planck15 ages (Gyr): [ 8.89187931  0.65453614  2.30201561  2.15051622  6.73288805  3.01677134
  7.07974171 13.60043401 12.59236112  9.02686403]
DEBUG: cosmo_colibre ages (Gyr): [ 8.88190168  0.65633726  2.30382437  2.15237572  6.72900501  3.0182228
  7.07503202 13.57000839 12.56703363  9.01643123]
DEBUG: us.look_back_time -> ages (Gyr): [ 8.88190169  0.65633726  2.30382437  2.15237572  6.72900501  3.01822281
  7.07503202 13.57000839 12.56703363  9.01643123]
[59/100] subhalo 166815 done; total_formed=9.168e+01
Building SWIFTGalaxy for subhalo 368166 (soap_index=70057990)
Read masses: Nstars=21105, sum_current=2.790896e+10 Msun
DEBUG: sample z (first valid): [0.13706711 1.18876495 0.1612446  0.16778332 0.24271845 0.86712251
 0.08928928 0.12211492 0.0340823  0.07860434]
DEBUG: Planck15 ages (Gyr): [12.00242825  5.16866477 11.7204324  11.64578793 10.83681743  6.44321179
 12.58868518 12.1816672  13.31767814 12.72531561]
DEBUG: cosmo_colibre ages (Gyr): [11.9799191   5.16778905 11.6992246  11.62491949 10.81948469  6.43997427
 12.56337565 12.15831528 13.2887168  12.69933561]
DEBUG: us.look_back_time -> ages (Gyr): [11.9799191   5.16778905 11.6992246  11.62491949 10.81948469  6.43997427
 12.56337565 12.15831528 13.2887168  12.69933561]
[60/100] subhalo 368166 done; total_formed=4.692e+00
Building SWIFTGalaxy for subhalo 1536328 (soap_index=70058023)
Read masses: Nstars=32313, sum_current=4.176934e+10 Msun
DEBUG: sample z (first valid): [4.80426889 1.2167501  1.03338504 1.31772528 1.41527235 8.44935477
 4.36213386 1.18774202 8.80124131 1.26282715]
DEBUG: Planck15 ages (Gyr): [1.23309842 5.07690585 5.72950017 4.76647379 4.4944124  0.5936909
 1.3882391  5.1720686  0.56196003 4.93136834]
DEBUG: cosmo_colibre ages (Gyr): [1.23506621 5.07617069 5.72768022 4.76618565 4.49448039 0.59545629
 1.3902149  5.17118759 0.56370472 4.93084821]
DEBUG: us.look_back_time -> ages (Gyr): [1.23506622 5.07617069 5.72768022 4.76618565 4.49448039 0.5954563
 1.3902149  5.17118759 0.56370473 4.93084821]
[61/100] subhalo 1536328 done; total_formed=6.993e+00
Building SWIFTGalaxy for subhalo 170317 (soap_index=70187715)
Read masses: Nstars=75313, sum_current=9.318449e+10 Msun
DEBUG: sample z (first valid): [3.03546798 1.2245757  0.71416614 1.05107661 1.09152997 0.72245585
 1.1650479  1.85137487 5.78637258 3.01888759]
DEBUG: Planck15 ages (Gyr): [2.1205923  5.05170979 7.22978222 5.66090867 5.50884422 7.18344955
 5.24850916 3.53667308 0.97568859 2.13359551]
DEBUG: cosmo_colibre ages (Gyr): [2.12246078 5.05101255 7.22469676 5.65921213 5.50741335 7.1784813
 5.24750797 3.53774014 0.97761329 2.13546013]
DEBUG: us.look_back_time -> ages (Gyr): [2.12246078 5.05101255 7.22469676 5.65921213 5.50741336 7.1784813
 5.24750797 3.53774014 0.97761329 2.13546013]
[62/100] subhalo 170317 done; total_formed=1.565e+01
Building SWIFTGalaxy for subhalo 375384 (soap_index=70205950)
Read masses: Nstars=21219, sum_current=2.911521e+10 Msun
DEBUG: sample z (first valid): [6.8712467  1.03755752 6.88735107 7.94506244 1.81125601 2.39917012
 1.98487885 6.24234722 0.60062524 1.88933956]
DEBUG: Planck15 ages (Gyr): [0.78111057 5.71320576 0.77871846 0.64466684 3.61035072 2.73361558
 3.3083008  0.8850472  7.913144   3.46917718]
DEBUG: cosmo_colibre ages (Gyr): [0.78297187 5.71141533 0.78057878 0.64646249 3.61135454 2.73523193
 3.30954993 0.88694619 7.9062084  3.47030024]
DEBUG: us.look_back_time -> ages (Gyr): [0.78297187 5.71141533 0.78057878 0.6464625  3.61135454 2.73523193
 3.30954993 0.8869462  7.9062084  3.47030024]
[63/100] subhalo 375384 done; total_formed=4.792e+00
Building SWIFTGalaxy for subhalo 53455 (soap_index=70254499)
Read masses: Nstars=61730, sum_current=8.620090e+10 Msun
DEBUG: sample z (first valid): [8.29720528 1.24622978 4.28644027 5.24449738 0.0868325  3.88418542
 5.63655696 0.42234569 3.13502429 3.37694517]
DEBUG: Planck15 ages (Gyr): [ 0.6083449   4.98301781  1.41805407  1.10525693 12.6199166   1.59597092
  1.00888599  9.20051278  2.04519303  1.87934652]
DEBUG: cosmo_colibre ages (Gyr): [ 0.61011935  4.98242247  1.42003004  1.10720839 12.59445439  1.59793931
  1.0108186   9.18948193  2.0470826   1.88127469]
DEBUG: us.look_back_time -> ages (Gyr): [ 0.61011936  4.98242248  1.42003004  1.1072084  12.59445439  1.59793932
  1.0108186   9.18948194  2.04708261  1.8812747 ]
[64/100] subhalo 53455 done; total_formed=1.440e+01
Building SWIFTGalaxy for subhalo 173005 (soap_index=70346229)
Read masses: Nstars=29932, sum_current=3.937491e+10 Msun
DEBUG: sample z (first valid): [0.07379735 3.15178967 6.61957912 0.41730104 0.09511396 1.04531552
 0.63872775 0.32545911 0.2223217  1.05855007]
DEBUG: Planck15 ages (Gyr): [12.78746597  2.03293108  0.8201401   9.24137196 12.51507407  5.68310227
  7.67325259 10.03442251 11.04882727  5.63232126]
DEBUG: cosmo_colibre ages (Gyr): [12.76117881  2.03482388  0.82201667  9.23019836 12.49012301  5.68136605
  7.66699233 10.0203276  11.03059356  5.6306755 ]
DEBUG: us.look_back_time -> ages (Gyr): [12.76117881  2.03482388  0.82201668  9.23019837 12.49012301  5.68136605
  7.66699233 10.0203276  11.03059356  5.6306755 ]
[65/100] subhalo 173005 done; total_formed=6.595e+00
Building SWIFTGalaxy for subhalo 7680365 (soap_index=70353929)
Read masses: Nstars=89276, sum_current=1.230562e+11 Msun
DEBUG: sample z (first valid): [7.94506244 3.3061962  4.64138762 0.16231555 3.5419641  1.1893499
 2.35806518 5.33381657 0.31545564 0.15161313]
DEBUG: Planck15 ages (Gyr): [ 0.64466684  1.92548217  1.28674765 11.70816006  1.77856722  5.1667199
  2.78306167  1.08199272 10.12676123 11.83162912]
DEBUG: cosmo_colibre ages (Gyr): [ 0.64646249  1.9274007   1.28871961 11.68700821  1.78051349  5.1658472
  2.78465145  1.08394017 10.11230788 11.8099118 ]
DEBUG: us.look_back_time -> ages (Gyr): [ 0.6464625   1.92740071  1.28871961 11.68700821  1.7805135   5.1658472
  2.78465145  1.08394018 10.11230788 11.8099118 ]
[66/100] subhalo 7680365 done; total_formed=2.029e+01
Building SWIFTGalaxy for subhalo 7124 (soap_index=70372837)
Read masses: Nstars=105999, sum_current=1.440021e+11 Msun
DEBUG: sample z (first valid): [1.32743803 2.65510318 4.6819837  1.07773762 1.37638698 1.32743803
 2.90653314 0.3041471  0.64168337 5.43772102]
DEBUG: Planck15 ages (Gyr): [ 4.73821721  2.45574335  1.2730186   5.55995831  4.59980822  4.73821721
  2.22528781 10.23264319  7.65510664  1.05593618]
DEBUG: cosmo_colibre ages (Gyr): [ 4.73796759  2.45749169  1.27498964  5.55843936  4.59974215  4.73796759
  2.22712337 10.21777424  7.64889633  1.05787874]
DEBUG: us.look_back_time -> ages (Gyr): [ 4.73796759  2.45749169  1.27498964  5.55843937  4.59974215  4.73796759
  2.22712337 10.21777424  7.64889633  1.05787875]
[67/100] subhalo 7124 done; total_formed=2.402e+01
Building SWIFTGalaxy for subhalo 796377 (soap_index=70378895)
Read masses: Nstars=33927, sum_current=4.488119e+10 Msun
DEBUG: sample z (first valid): [2.90653314 3.29744262 5.58322451 0.30477025 8.07323827 1.55800156
 0.55210307 3.14339002 2.22424481 3.84447073]
DEBUG: Planck15 ages (Gyr): [ 2.22528781  1.93132052  1.02115923 10.22676683  0.63103835  4.13896319
  8.23540866  2.03905923  2.95464977  1.61553428]
DEBUG: cosmo_colibre ages (Gyr): [ 2.22712337  1.93323777  1.02309458 10.21192108  0.63282625  4.13944744
  8.22752202  2.04095043  2.95614006  1.61750098]
DEBUG: us.look_back_time -> ages (Gyr): [ 2.22712337  1.93323777  1.02309458 10.21192108  0.63282625  4.13944744
  8.22752202  2.04095043  2.95614006  1.61750098]
[68/100] subhalo 796377 done; total_formed=7.495e+00
Building SWIFTGalaxy for subhalo 55521 (soap_index=70435138)
Read masses: Nstars=351886, sum_current=4.551569e+11 Msun
DEBUG: sample z (first valid): [1.04684865 0.70241064 0.74260796 3.86424701 6.03931257 0.90467333
 0.2908919  3.89403331 6.77598481 0.15747086]
DEBUG: Planck15 ages (Gyr): [ 5.67718282  7.29627445  7.07269569  1.60574317  0.92360249  6.27031971
 10.35881137  1.59118054  0.79551386 11.76382285]
DEBUG: cosmo_colibre ages (Gyr): [ 5.6754572   7.29101895  7.06800337  1.60771074  0.92551318  6.26744807
 10.34344082  1.59314933  0.79738096 11.74241679]
DEBUG: us.look_back_time -> ages (Gyr): [ 5.6754572   7.29101895  7.06800338  1.60771075  0.92551318  6.26744808
 10.34344082  1.59314933  0.79738096 11.74241679]
[69/100] subhalo 55521 done; total_formed=7.513e+01
Building SWIFTGalaxy for subhalo 57605 (soap_index=70435141)
Read masses: Nstars=61910, sum_current=8.362974e+10 Msun
DEBUG: sample z (first valid): [1.88653982 0.27531719 1.23260884 6.40603458 0.06819664 0.07421977
 0.07669054 0.07204083 0.07874638 0.07598345]
DEBUG: Planck15 ages (Gyr): [ 3.47408289 10.50996     5.0260518   0.85587025 12.86041912 12.78198729
 12.75000835 12.81028301 12.72348572 12.75914866]
DEBUG: cosmo_colibre ages (Gyr): [ 3.47520194 10.49397949  5.02539287  0.85775961 12.83376971 12.75572726
 12.72390647 12.78388275 12.69751474 12.73300162]
DEBUG: us.look_back_time -> ages (Gyr): [ 3.47520194 10.49397949  5.02539287  0.85775961 12.83376971 12.75572726
 12.72390647 12.78388275 12.69751474 12.73300162]
[70/100] subhalo 57605 done; total_formed=1.388e+01
Building SWIFTGalaxy for subhalo 385654 (soap_index=70435162)
Read masses: Nstars=25493, sum_current=3.351605e+10 Msun
DEBUG: sample z (first valid): [0.94653677 2.05216095 0.37726967 0.56724699 3.90392098 6.72830189
 4.275801   0.69888013 0.9221023  0.9221023 ]
DEBUG: Planck15 ages (Gyr): [6.08594982 3.20217183 9.57530399 8.13273743 1.58639473 0.80288998
 1.42232989 7.31642667 6.19251604 6.19251604]
DEBUG: cosmo_colibre ages (Gyr): [6.08345247 3.20349848 9.56293498 8.12515922 1.5883639  0.80475998
 1.42430584 7.31111921 6.18980435 6.18980435]
DEBUG: us.look_back_time -> ages (Gyr): [6.08345247 3.20349849 9.56293499 8.12515922 1.5883639  0.80475998
 1.42430584 7.31111921 6.18980435 6.18980435]
[71/100] subhalo 385654 done; total_formed=5.610e+00
Building SWIFTGalaxy for subhalo 2708754 (soap_index=70435288)
Read masses: Nstars=21891, sum_current=2.903923e+10 Msun
DEBUG: sample z (first valid): [1.53347766 0.31735949 0.91468973 6.58869847 2.91026253 1.11134021
 0.53221734 1.6856815  1.17222406 0.82632928]
DEBUG: Planck15 ages (Gyr): [ 4.19674846 10.10909232  6.22542109  0.82515225  2.22214058  5.43671581
  8.37321302  3.85785664  5.22414493  6.63956731]
DEBUG: cosmo_colibre ages (Gyr): [ 4.19716877 10.09470785  6.22264211  0.82703069  2.22397719  5.43540717
  8.36490446  3.85863173  5.22318234  6.63589669]
DEBUG: us.look_back_time -> ages (Gyr): [ 4.19716877 10.09470785  6.22264211  0.82703069  2.22397719  5.43540717
  8.36490446  3.85863174  5.22318234  6.63589669]
[72/100] subhalo 2708754 done; total_formed=4.851e+00
Building SWIFTGalaxy for subhalo 73693 (soap_index=70506678)
Read masses: Nstars=54195, sum_current=6.937895e+10 Msun
DEBUG: sample z (first valid): [0.45377107 0.45171008 0.45196739 0.4395923  0.42024965 0.44047828
 2.19656619 0.426308   0.43029245 0.42854652]
DEBUG: Planck15 ages (Gyr): [8.9518989  8.96789708 8.96589747 9.06282302 9.21745717 9.05583226
 2.99230868 9.16860692 9.13668747 9.15065389]
DEBUG: cosmo_colibre ages (Gyr): [8.94171994 8.95766417 8.95567131 9.05226753 9.20636722 9.04530066
 2.99377561 9.157687   9.12587807 9.13979618]
DEBUG: us.look_back_time -> ages (Gyr): [8.94171994 8.95766417 8.95567131 9.05226753 9.20636722 9.04530066
 2.99377561 9.157687   9.12587807 9.13979618]
[73/100] subhalo 73693 done; total_formed=1.167e+01
Building SWIFTGalaxy for subhalo 386633 (soap_index=70506717)
Read masses: Nstars=121068, sum_current=1.551556e+11 Msun
DEBUG: sample z (first valid): [3.95921302 0.93435655 0.58483266 0.63872775 0.64053269 0.60140749
 3.63282907 0.60140749 0.6042299  0.60407284]
DEBUG: Planck15 ages (Gyr): [1.56006649 6.13871037 8.01591251 7.67325259 7.66216341 7.90810548
 1.72683018 7.90810548 7.88996622 7.89097398]
DEBUG: cosmo_colibre ages (Gyr): [1.56203756 6.13610758 8.00867906 7.66699233 7.6559337  7.90118435
 1.72878415 7.90118435 7.88309709 7.88410196]
DEBUG: us.look_back_time -> ages (Gyr): [1.56203756 6.13610758 8.00867906 7.66699233 7.6559337  7.90118435
 1.72878415 7.90118435 7.88309709 7.88410196]
[74/100] subhalo 386633 done; total_formed=2.617e+01
Building SWIFTGalaxy for subhalo 809062 (soap_index=70506774)
Read masses: Nstars=23032, sum_current=3.054431e+10 Msun
DEBUG: sample z (first valid): [3.19349885 2.40340673 3.29659739 1.03237611 0.76761247 1.61829804
 0.78923228 0.99853623 1.49375951 1.22125813]
DEBUG: Planck15 ages (Gyr): [2.00294688 2.7286013  1.93188581 5.73345126 6.93888013 4.00222336
 6.82629333 5.86849357 4.29313605 5.062367  ]
DEBUG: cosmo_colibre ages (Gyr): [2.00484732 2.73022029 1.93380294 5.73162413 6.93451322 4.00285326
 6.82219345 5.86641669 4.29344648 5.06165375]
DEBUG: us.look_back_time -> ages (Gyr): [2.00484732 2.73022029 1.93380294 5.73162413 6.93451323 4.00285326
 6.82219345 5.86641669 4.29344649 5.06165375]
[75/100] subhalo 809062 done; total_formed=5.119e+00
Building SWIFTGalaxy for subhalo 4246371 (soap_index=70507098)
Read masses: Nstars=8445, sum_current=1.228849e+10 Msun
DEBUG: sample z (first valid): [1.78048367 1.40852628 1.91737892 1.50213806 2.0394212  1.6340836
 1.4515936  1.47716964 2.35051125 1.51771033]
DEBUG: Planck15 ages (Gyr): [3.66857015 4.51241771 3.42066245 4.27250823 3.22183693 3.96762808
 4.3994235  4.33445606 2.79230818 4.2345911 ]
DEBUG: cosmo_colibre ages (Gyr): [3.66952244 4.51246315 3.42182462 4.27284252 3.22314956 3.96829357
 4.39960811 4.33471817 2.79389288 4.23496875]
DEBUG: us.look_back_time -> ages (Gyr): [3.66952245 4.51246315 3.42182462 4.27284252 3.22314956 3.96829357
 4.39960811 4.33471817 2.79389288 4.23496875]
[76/100] subhalo 4246371 done; total_formed=2.053e+00
Building SWIFTGalaxy for subhalo 1568347 (soap_index=70550074)
Read masses: Nstars=41138, sum_current=5.227858e+10 Msun
DEBUG: sample z (first valid): [1.4676557  1.6398131  0.6766271  1.66254977 1.33689916 4.99597438
 9.39593909 2.18290432 1.45618769 3.66116643]
DEBUG: Planck15 ages (Gyr): [4.35844176 3.95519091 7.44542725 3.90645221 4.7109493  1.17455828
 0.51435617 3.01118732 4.38763881 1.71120309]
DEBUG: cosmo_colibre ages (Gyr): [4.35867547 3.95586907 7.43978249 3.9071794  4.71073653 1.17651975
 0.51606678 3.01264234 4.38783761 1.71315916]
DEBUG: us.look_back_time -> ages (Gyr): [4.35867547 3.95586908 7.43978249 3.90717941 4.71073653 1.17651976
 0.51606678 3.01264234 4.38783761 1.71315916]
[77/100] subhalo 1568347 done; total_formed=8.743e+00
Building SWIFTGalaxy for subhalo 2701835 (soap_index=70572378)
Read masses: Nstars=19693, sum_current=2.621170e+10 Msun
DEBUG: sample z (first valid): [1.69518013 0.35472135 1.73476882 1.40587372 0.24773437 0.50408519
 0.29028193 0.85109027 2.23570653 0.32214332]
DEBUG: Planck15 ages (Gyr): [ 3.83818469  9.77125682  3.75791984  4.51952914 10.78557792  8.57414408
 10.3646715   6.5192941   2.93928193 10.06489309]
DEBUG: cosmo_colibre ages (Gyr): [ 3.83897889  9.75816274  3.75879033  4.51956563 10.76846013  8.56520406
 10.34927748  6.51589098  2.94078158 10.05068031]
DEBUG: us.look_back_time -> ages (Gyr): [ 3.8389789   9.75816274  3.75879033  4.51956563 10.76846013  8.56520406
 10.34927748  6.51589099  2.94078159 10.05068031]
[78/100] subhalo 2701835 done; total_formed=4.376e+00
Building SWIFTGalaxy for subhalo 9589614 (soap_index=70637566)
Read masses: Nstars=55124, sum_current=7.305221e+10 Msun
DEBUG: sample z (first valid): [0.82918388 1.08567246 0.82307778 5.52944107 1.56060014 0.35025548
 0.31324142 0.97946116 0.37773293 0.87567258]
DEBUG: Planck15 ages (Gyr): [ 6.62552695  5.53046101  6.65561605  1.03378947  4.13291546  9.81076301
 10.1473671   5.94682908  9.57133873  6.40319898]
DEBUG: cosmo_colibre ages (Gyr): [ 6.62188792  5.52899305  6.6519092   1.03572753  4.13340632  9.79752065
 10.13283326  5.94460333  9.55898422  6.40004743]
DEBUG: us.look_back_time -> ages (Gyr): [ 6.62188792  5.52899305  6.6519092   1.03572754  4.13340632  9.79752065
 10.13283326  5.94460333  9.55898422  6.40004743]
[79/100] subhalo 9589614 done; total_formed=1.223e+01
Building SWIFTGalaxy for subhalo 387689 (soap_index=70646587)
Read masses: Nstars=70129, sum_current=9.024041e+10 Msun
DEBUG: sample z (first valid): [3.1750653  1.11994566 3.74726548 5.48999802 1.1306977  0.920075
 0.3044586  6.27208167 2.12910619 1.13388903]
DEBUG: Planck15 ages (Gyr): [ 2.01610782  5.40584767  1.66513044  1.04321794  5.3676675   6.20148838
 10.2297051   0.87962528  3.08745805  5.35641728]
DEBUG: cosmo_colibre ages (Gyr): [ 2.01800495  5.40459058  1.66709211  1.04515796  5.36647357  6.1987584
 10.21484775  0.88152254  3.08886352  5.35524183]
DEBUG: us.look_back_time -> ages (Gyr): [ 2.01800495  5.40459058  1.66709212  1.04515796  5.36647357  6.1987584
 10.21484775  0.88152255  3.08886352  5.35524183]
[80/100] subhalo 387689 done; total_formed=1.516e+01
Building SWIFTGalaxy for subhalo 3064223 (soap_index=70671079)
Read masses: Nstars=40995, sum_current=5.568484e+10 Msun
DEBUG: sample z (first valid): [3.43500034 4.53373301 3.71821454 6.05370789 0.28703849 0.10800027
 0.02361614 3.94387447 0.29221547 0.24328426]
DEBUG: Planck15 ages (Gyr): [ 1.84283732  1.32436993  1.68044401  0.92077763 10.39591308 12.35436564
 13.46253735  1.56729723 10.34611192 10.83101989]
DEBUG: cosmo_colibre ages (Gyr): [ 1.84477253  1.32634392  1.68240392  0.9226875  10.38039371 12.33019046
 13.43282908  1.56926781 10.33079217 10.81371152]
DEBUG: us.look_back_time -> ages (Gyr): [ 1.84477253  1.32634392  1.68240392  0.9226875  10.38039371 12.33019046
 13.43282908  1.56926781 10.33079217 10.81371153]
[81/100] subhalo 3064223 done; total_formed=9.296e+00
Building SWIFTGalaxy for subhalo 1636799 (soap_index=70728193)
Read masses: Nstars=73102, sum_current=9.707779e+10 Msun
DEBUG: sample z (first valid): [0.99464329 2.59416475 0.73027775 0.99149143 4.56191123 0.81098707
 4.06578032 7.23058085 8.58478976 4.71070059]
DEBUG: Planck15 ages (Gyr): [5.88434873 2.51755874 7.14014739 5.89723492 1.3143477  6.71582282
 1.51131974 0.7304923  0.58113362 1.26345305]
DEBUG: cosmo_colibre ages (Gyr): [5.88224195 2.51928026 7.13528774 5.89510376 1.31632122 6.71197894
 1.51329352 0.7323316  0.582891   1.26542339]
DEBUG: us.look_back_time -> ages (Gyr): [5.88224195 2.51928027 7.13528774 5.89510376 1.31632122 6.71197895
 1.51329353 0.73233161 0.582891   1.26542339]
[82/100] subhalo 1636799 done; total_formed=1.629e+01
Building SWIFTGalaxy for subhalo 726210 (soap_index=70776137)
Read masses: Nstars=43605, sum_current=5.940913e+10 Msun
DEBUG: sample z (first valid): [3.372273   0.38953439 0.23895947 0.87567258 0.28240451 4.56191123
 0.27175347 1.3180532  0.25827509 0.28501961]
DEBUG: Planck15 ages (Gyr): [ 1.88233666  9.47113252 10.87544692  6.40319898 10.44078599  1.3143477
 10.54499366  4.76551541 10.6790326  10.41542841]
DEBUG: cosmo_colibre ages (Gyr): [ 1.88426424  9.4591419  10.8579514   6.40004743 10.42508584  1.31632122
 10.52887038  4.76522858 10.66235824 10.39983052]
DEBUG: us.look_back_time -> ages (Gyr): [ 1.88426424  9.4591419  10.8579514   6.40004743 10.42508584  1.31632122
 10.52887038  4.76522858 10.66235824 10.39983053]
[83/100] subhalo 726210 done; total_formed=9.861e+00
Building SWIFTGalaxy for subhalo 2771536 (soap_index=70779857)
Read masses: Nstars=38970, sum_current=5.620212e+10 Msun
DEBUG: sample z (first valid): [5.6298432  0.76228891 0.14229938 2.50760009 4.71070059 3.01888759
 0.17760368 3.3061962  0.6103794  1.0599736 ]
DEBUG: Planck15 ages (Gyr): [ 1.01041749  6.9670419  11.94059007  2.60987899  1.26345305  2.13359551
 11.53494827  1.92548217  7.85066163  5.62690178]
DEBUG: cosmo_colibre ages (Gyr): [ 1.01235045  6.96260724 11.91836888  2.61155774  1.26542339  2.13546013
 11.51457973  1.9274007   7.84390462  5.62526561]
DEBUG: us.look_back_time -> ages (Gyr): [ 1.01235046  6.96260724 11.91836888  2.61155774  1.26542339  2.13546013
 11.51457973  1.92740071  7.84390462  5.62526561]
[84/100] subhalo 2771536 done; total_formed=9.203e+00
Building SWIFTGalaxy for subhalo 825452 (soap_index=70813047)
Read masses: Nstars=123721, sum_current=1.588962e+11 Msun
DEBUG: sample z (first valid): [0.19321244 0.3811009  0.13478321 0.16454617 1.93514869 0.13305671
 1.03136817 2.64574989 1.05738683 0.97350036]
DEBUG: Planck15 ages (Gyr): [11.36185209  9.54258302 12.02956337 11.68265759  3.39048583 12.05013384
  5.73740271  2.46506803  5.63675592  5.97164475]
DEBUG: cosmo_colibre ages (Gyr): [11.34225457  9.5303334  12.0069274  11.6616218   3.39167185 12.02740155
  5.7355684   2.46681242  5.63510231  5.96937124]
DEBUG: us.look_back_time -> ages (Gyr): [11.34225457  9.5303334  12.0069274  11.6616218   3.39167185 12.02740155
  5.7355684   2.46681242  5.63510231  5.96937124]
[85/100] subhalo 825452 done; total_formed=2.660e+01
Building SWIFTGalaxy for subhalo 2786223 (soap_index=70877165)
Read masses: Nstars=8380, sum_current=1.075947e+10 Msun
DEBUG: sample z (first valid): [2.34743079 2.30389191 4.33507001 2.32197891 3.99816962 2.45071609
 2.38757366 4.24036462 2.36151005 3.48538772]
DEBUG: Planck15 ages (Gyr): [2.79609333 2.85050565 1.39877889 2.82769249 1.54194833 2.67361816
 2.74741836 1.43672675 2.77886159 1.81209104]
DEBUG: cosmo_colibre ages (Gyr): [2.79767595 2.85205767 1.4007548  2.82925748 1.54392054 2.6752655
 2.74902738 1.4387026  2.78045366 1.81403175]
DEBUG: us.look_back_time -> ages (Gyr): [2.79767595 2.85205767 1.4007548  2.82925748 1.54392054 2.6752655
 2.74902738 1.43870261 2.78045366 1.81403175]
[86/100] subhalo 2786223 done; total_formed=1.812e+00
Building SWIFTGalaxy for subhalo 349948 (soap_index=70895645)
Read masses: Nstars=120143, sum_current=1.579256e+11 Msun
DEBUG: sample z (first valid): [0.53178758 0.39807151 0.47537145 0.45817017 1.38364734 1.57347051
 8.88104033 0.31345198 2.65306577 0.37831244]
DEBUG: Planck15 ages (Gyr): [ 8.37622924  9.39960267  8.78674868  8.91789286  4.57983052  4.10317111
  0.55515515 10.145405    2.45776957  9.5663818 ]
DEBUG: cosmo_colibre ages (Gyr): [ 8.36791134  9.387869    8.77711965  8.90782818  4.57979024  4.10369425
  0.55689519 10.13087883  2.45951706  9.5540454 ]
DEBUG: us.look_back_time -> ages (Gyr): [ 8.36791134  9.387869    8.77711965  8.90782818  4.57979024  4.10369426
  0.5568952  10.13087883  2.45951706  9.5540454 ]
[87/100] subhalo 349948 done; total_formed=2.618e+01
Building SWIFTGalaxy for subhalo 2793994 (soap_index=70964758)
Read masses: Nstars=87434, sum_current=1.141819e+11 Msun
DEBUG: sample z (first valid): [0.69553969 1.33923472 1.2347405  3.29547093 0.1691166  0.51255539
 8.05506045 2.7842707  0.78009561 4.14896292]
DEBUG: Planck15 ages (Gyr): [ 7.33557245  4.7042566   5.01927806  1.93263962 11.63065075  8.51289403
  0.63294185  2.33268422  6.87352728  1.47499781]
DEBUG: cosmo_colibre ages (Gyr): [ 7.33021544  4.70405281  5.0186292   1.93455657 11.60985087  8.50414854
  0.63473085  2.33448164  6.86931612  1.47697292]
DEBUG: us.look_back_time -> ages (Gyr): [ 7.33021544  4.70405282  5.0186292   1.93455657 11.60985087  8.50414854
  0.63473085  2.33448165  6.86931612  1.47697293]
[88/100] subhalo 2793994 done; total_formed=1.912e+01
Building SWIFTGalaxy for subhalo 161210 (soap_index=71054349)
Read masses: Nstars=50256, sum_current=6.651966e+10 Msun
DEBUG: sample z (first valid): [0.30342084 0.76704055 0.03356043 0.0627919  0.01846211 0.0627919
 0.04197405 0.08381293 3.96409635 0.07881741]
DEBUG: Planck15 ages (Gyr): [10.23949804  6.94189719 13.32484927 12.93137619 13.53468543 12.93137619
 13.20989264 12.65845256  1.55777603 12.72257073]
DEBUG: cosmo_colibre ages (Gyr): [10.22460202  6.93752304 13.29585111 12.90437266 13.50460261 12.90437266
 13.1814826  12.63280149  1.55974725 12.69660426]
DEBUG: us.look_back_time -> ages (Gyr): [10.22460202  6.93752305 13.29585111 12.90437266 13.50460261 12.90437266
 13.1814826  12.63280149  1.55974725 12.69660426]
[89/100] subhalo 161210 done; total_formed=1.109e+01
Building SWIFTGalaxy for subhalo 2839090 (soap_index=71054372)
Read masses: Nstars=79460, sum_current=1.039111e+11 Msun
DEBUG: sample z (first valid): [ 3.58839179  7.58925295  1.54627399 12.45432149  1.00073269  1.20778871
  0.90733411  0.99658786  3.66116643  0.87868364]
DEBUG: Planck15 ages (Gyr): [1.7518163  0.68518101 4.16643549 0.34902488 5.85957738 5.10600518
 6.25834363 5.87642049 1.71120309 6.38919968]
DEBUG: cosmo_colibre ages (Gyr): [1.7537667  0.68699833 4.16688952 0.35058022 5.85751725 5.10522586
 6.2554968  5.87432867 1.71315916 6.38607802]
DEBUG: us.look_back_time -> ages (Gyr): [1.7537667  0.68699833 4.16688952 0.35058023 5.85751726 5.10522587
 6.25549681 5.87432868 1.71315916 6.38607802]
[90/100] subhalo 2839090 done; total_formed=1.740e+01
Building SWIFTGalaxy for subhalo 2839681 (soap_index=71072312)
Read masses: Nstars=38637, sum_current=5.430633e+10 Msun
DEBUG: sample z (first valid): [0.68872397 5.38565722 1.7659323  4.09690465 0.94954783 3.94910134
 9.33283406 3.34128246 4.12801252 1.82848511]
DEBUG: Planck15 ages (Gyr): [7.37487497 1.06886057 3.69663342 1.49755732 6.07301616 1.564827
 0.5190842  1.90237105 1.48400851 3.57840683]
DEBUG: cosmo_colibre ages (Gyr): [7.36941568 1.07080562 3.69756038 1.49953168 6.07054445 1.56679775
 0.52079838 1.90429452 1.48598335 3.57943835]
DEBUG: us.look_back_time -> ages (Gyr): [7.36941569 1.07080562 3.69756038 1.49953168 6.07054445 1.56679776
 0.52079838 1.90429452 1.48598335 3.57943835]
[91/100] subhalo 2839681 done; total_formed=8.891e+00
Building SWIFTGalaxy for subhalo 2844009 (soap_index=71072316)
Read masses: Nstars=23905, sum_current=3.266639e+10 Msun
DEBUG: sample z (first valid): [3.3545515  4.41709373 5.23795926 6.15458515 3.13502429 1.71303196
 0.53336453 8.11044693 0.05928752 1.08886339]
DEBUG: Planck15 ages (Gyr): [ 1.89375009  1.36723638  1.10699245  0.90137836  2.04519303  3.80164997
  8.36516947  0.62717157 12.97767894  5.5186685 ]
DEBUG: cosmo_colibre ages (Gyr): [ 1.89567534  1.3692118   1.10894419  0.90328246  2.0470826   3.80247923
  8.35688578  0.62895723 12.95044341  5.5172208 ]
DEBUG: us.look_back_time -> ages (Gyr): [ 1.89567534  1.3692118   1.1089442   0.90328246  2.04708261  3.80247923
  8.35688579  0.62895723 12.95044341  5.5172208 ]
[92/100] subhalo 2844009 done; total_formed=5.417e+00
Building SWIFTGalaxy for subhalo 1483898 (soap_index=71107807)
Read masses: Nstars=5429, sum_current=9.031505e+09 Msun
DEBUG: sample z (first valid): [2.61199295 1.77389317 1.11311021 2.7930316  1.46951541 3.44975557
 1.66862122 2.68055712 1.44756498 2.1121664 ]
DEBUG: Planck15 ages (Gyr): [2.49921128 3.68123736 5.430344   2.32470672 4.35373645 1.83374487
 3.89360164 2.43065911 4.40979955 3.11213007]
DEBUG: cosmo_colibre ages (Gyr): [2.50094091 3.68217825 5.42904603 2.32650713 4.35397575 1.83568174
 3.89434159 2.43241792 4.40997161 3.11351902]
DEBUG: us.look_back_time -> ages (Gyr): [2.50094091 3.68217826 5.42904604 2.32650713 4.35397575 1.83568174
 3.8943416  2.43241793 4.40997162 3.11351902]
[93/100] subhalo 1483898 done; total_formed=1.503e+00
Building SWIFTGalaxy for subhalo 2827032 (soap_index=71107824)
Read masses: Nstars=16942, sum_current=2.259963e+10 Msun
DEBUG: sample z (first valid): [ 4.35950278  1.67232099  2.02455234  3.7676415   3.54669072 11.60792613
  5.44722086  2.77511521  4.00963155  2.05329855]
DEBUG: Planck15 ages (Gyr): [1.38925796 3.88580439 3.2450391  1.65452702 1.77581299 0.38486108
 1.05360592 2.34106934 1.53668385 3.20042537]
DEBUG: cosmo_colibre ages (Gyr): [1.39123377 3.88655206 3.24633497 1.65648986 1.77775971 0.38645607
 1.05554803 2.34286361 1.53865636 3.20175327]
DEBUG: us.look_back_time -> ages (Gyr): [1.39123378 3.88655206 3.24633498 1.65648986 1.77775971 0.38645607
 1.05554803 2.34286361 1.53865636 3.20175327]
[94/100] subhalo 2827032 done; total_formed=3.800e+00
Building SWIFTGalaxy for subhalo 742168 (soap_index=71120081)
Read masses: Nstars=73065, sum_current=9.674136e+10 Msun
DEBUG: sample z (first valid): [0.25030525 1.97350272 2.73552212 1.90187744 2.36807483 3.76175252
 0.49871936 5.89780023 0.87481405 0.75098856]
DEBUG: Planck15 ages (Gyr): [10.75945066  3.32681258  2.37790933  3.44734609  2.77088638  1.65758005
  8.61328704  0.95215666  6.40719928  7.02740684]
DEBUG: cosmo_colibre ages (Gyr): [10.74244205  3.32804773  2.37968939  3.44848686  2.77248278  1.65954256
  8.60422178  0.95407528  6.40403917  7.02282563]
DEBUG: us.look_back_time -> ages (Gyr): [10.74244205  3.32804773  2.37968939  3.44848686  2.77248278  1.65954256
  8.60422178  0.95407528  6.40403917  7.02282563]
[95/100] subhalo 742168 done; total_formed=1.614e+01
Building SWIFTGalaxy for subhalo 2827011 (soap_index=71120093)
Read masses: Nstars=144477, sum_current=1.856252e+11 Msun
DEBUG: sample z (first valid): [1.31216483 1.0200974  1.22351903 6.98343282 0.32610279 0.28764539
 0.11025276 0.01279594 0.16454617 0.07204083]
DEBUG: Planck15 ages (Gyr): [ 4.78277184  5.78188126  5.0551003   0.76469624 10.0285229  10.39005688
 12.32657413 13.61462924 11.68265759 12.81028301]
DEBUG: cosmo_colibre ages (Gyr): [ 4.78246131  5.77996556  5.05439797  0.76655069 10.01445076 10.37456104
 12.30253217 13.58412943 11.6616218  12.78388275]
DEBUG: us.look_back_time -> ages (Gyr): [ 4.78246131  5.77996556  5.05439797  0.76655069 10.01445077 10.37456104
 12.30253217 13.58412943 11.6616218  12.78388275]
[96/100] subhalo 2827011 done; total_formed=3.103e+01
Building SWIFTGalaxy for subhalo 46706 (soap_index=71136921)
Read masses: Nstars=54193, sum_current=7.295259e+10 Msun
DEBUG: sample z (first valid): [3.68013997 5.39875024 5.9682084  5.89780023 5.623143   4.65306651
 0.39521417 0.24300129 0.19626168 0.62475208]
DEBUG: Planck15 ages (Gyr): [ 1.70087021  1.06558571  0.93776923  0.95215666  1.01194975  1.28277292
  9.42345462 10.83391876 11.32847088  7.75994651]
DEBUG: cosmo_colibre ages (Gyr): [ 1.70282762  1.06753013  0.93968393  0.95407528  1.01388306  1.28474463
  9.41163553 10.81659821 11.30902068  7.75344541]
DEBUG: us.look_back_time -> ages (Gyr): [ 1.70282762  1.06753013  0.93968393  0.95407528  1.01388306  1.28474463
  9.41163553 10.81659821 11.30902068  7.75344542]
[97/100] subhalo 46706 done; total_formed=1.221e+01
Building SWIFTGalaxy for subhalo 2831000 (soap_index=71141162)
Read masses: Nstars=20054, sum_current=2.957324e+10 Msun
DEBUG: sample z (first valid): [5.66354855 0.03095897 4.55060557 4.55060557 0.31873793 0.12558395
 0.38635979 3.32381078 1.63768816 0.25154686]
DEBUG: Planck15 ages (Gyr): [ 1.00276756 13.36067752  1.31835365  1.31835365 10.0963276  12.13974592
  9.49793589  1.91382188  3.95979621 10.74686509]
DEBUG: cosmo_colibre ages (Gyr): [ 1.00469878 13.33149518  1.32032736  1.32032736 10.0819928  12.11659218
  9.48584838  1.91574293  3.96046968 10.72990897]
DEBUG: us.look_back_time -> ages (Gyr): [ 1.00469878 13.33149518  1.32032737  1.32032737 10.0819928  12.11659218
  9.48584838  1.91574293  3.96046969 10.72990897]
[98/100] subhalo 2831000 done; total_formed=4.794e+00
Building SWIFTGalaxy for subhalo 4100888 (soap_index=71142907)
Read masses: Nstars=63429, sum_current=8.974103e+10 Msun
DEBUG: sample z (first valid): [5.20664836 1.27019537 2.27712771 4.56191123 0.22515516 4.0763749
 9.29064929 0.55136824 4.30827798 3.93382519]
DEBUG: Planck15 ages (Gyr): [ 1.11536688  4.90871211  2.88482155  1.3143477  11.01902064  1.50661162
  0.52228527  8.24044008  1.4093442   1.57206473]
DEBUG: cosmo_colibre ages (Gyr): [ 1.11731998  4.90822458  2.88635369  1.31632122 11.00091472  1.50858561
  0.52400183  8.2325382   1.41132016  1.57403497]
DEBUG: us.look_back_time -> ages (Gyr): [ 1.11731998  4.90822458  2.88635369  1.31632122 11.00091472  1.50858561
  0.52400183  8.2325382   1.41132016  1.57403497]
[99/100] subhalo 4100888 done; total_formed=1.481e+01
Building SWIFTGalaxy for subhalo 65484 (soap_index=71293432)
Read masses: Nstars=19687, sum_current=2.682138e+10 Msun
DEBUG: sample z (first valid): [0.5178803  0.67149561 0.63301106 0.63301106 0.01223279 3.2112839
 0.6034449  3.43050297 0.38671181 0.72499474]
DEBUG: Planck15 ages (Gyr): [ 8.47472268  7.47566686  7.70853583  7.70853583 13.62261083  1.99038295
  7.89500499  1.84562352  9.49495829  7.16935019]
DEBUG: cosmo_colibre ages (Gyr): [ 8.46609752  7.46994186  7.70217799  7.70217799 13.59206928  1.99228648
  7.88812143  1.84755821  9.48288156  7.1644174 ]
DEBUG: us.look_back_time -> ages (Gyr): [ 8.46609752  7.46994186  7.702178    7.702178   13.59206928  1.99228648
  7.88812143  1.84755821  9.48288156  7.1644174 ]
[100/100] subhalo 65484 done; total_formed=4.497e+00
All halos processed. Writing CSV.
Wrote relicness_extras_2200_2300.csv (100 rows) in 7659.3s
