Starting pure-swift relicness script
Loaded SOAP mapping for 91142867 halos
Batch mode: processing 100 halos (slice 500:600)
Building SWIFTGalaxy for subhalo 83504 (soap_index=14737444)
Read masses: Nstars=24762, sum_current=3.069752e+10 Msun
DEBUG: sample z (first valid): [7.48527222 1.76733384 4.91106702 2.13719483 4.13846636 8.60445519
 2.97043499 5.89780023 5.13116288 5.86312703]
DEBUG: Planck15 ages (Gyr): [0.69782575 3.69391532 1.19990424 3.07578994 1.47950097 0.57934699
 2.17235871 0.95215666 1.13599459 0.95937722]
DEBUG: cosmo_colibre ages (Gyr): [0.69964943 3.69484475 1.20186869 3.07720313 1.48147595 0.58110321
 2.17421143 0.95407528 1.13795085 0.96129775]
DEBUG: us.look_back_time -> ages (Gyr): [0.69964943 3.69484475 1.20186869 3.07720314 1.48147596 0.58110321
 2.17421144 0.95407528 1.13795085 0.96129775]
[1/100] subhalo 83504 done; total_formed=5.131e+00
Building SWIFTGalaxy for subhalo 3197866 (soap_index=14738679)
Read masses: Nstars=21111, sum_current=2.906588e+10 Msun
DEBUG: sample z (first valid): [5.4771694  6.51215039 3.13502429 1.23993438 1.06986293 4.94754515
 1.27777005 2.47929497 1.06568745 0.2541335 ]
DEBUG: Planck15 ages (Gyr): [ 1.04631532  0.8377985   2.04519303  5.00283429  5.58947817  1.18890485
  4.88559359  2.64127935  5.60523119 10.7207139 ]
DEBUG: cosmo_colibre ages (Gyr): [ 1.04825596  0.83968153  2.0470826   5.00220977  5.58790779  1.19086805
  4.88513909  2.64294282  5.60363319 10.70386664]
DEBUG: us.look_back_time -> ages (Gyr): [ 1.04825597  0.83968154  2.04708261  5.00220978  5.58790779  1.19086806
  4.88513909  2.64294282  5.60363319 10.70386664]
[2/100] subhalo 3197866 done; total_formed=4.823e+00
Building SWIFTGalaxy for subhalo 417486 (soap_index=14769587)
Read masses: Nstars=19449, sum_current=2.504029e+10 Msun
DEBUG: sample z (first valid): [1.77718451 5.4503937  1.40923462 5.65002537 4.92335503 3.32381078
 3.94910134 2.00679024 5.63655696 4.57326303]
DEBUG: Planck15 ages (Gyr): [3.67490241 1.05282954 4.51052172 1.00582526 1.19618019 1.91382188
 1.564827   3.27311557 1.00888599 1.31034568]
DEBUG: cosmo_colibre ages (Gyr): [3.67584901 1.05477149 4.51056954 1.00775717 1.19814422 1.91574293
 1.56679775 3.2743909  1.0108186  1.31231899]
DEBUG: us.look_back_time -> ages (Gyr): [3.67584901 1.05477149 4.51056954 1.00775718 1.19814423 1.91574293
 1.56679776 3.2743909  1.0108186  1.31231899]
[3/100] subhalo 417486 done; total_formed=4.207e+00
Building SWIFTGalaxy for subhalo 13577128 (soap_index=14800196)
Read masses: Nstars=17515, sum_current=2.359652e+10 Msun
DEBUG: sample z (first valid): [4.03000998 7.90011543 2.25305272 1.70854687 1.83411175 2.41155648
 2.28270888 2.90467112 1.99743871 1.88730285]
DEBUG: Planck15 ages (Gyr): [1.52739727 0.64956218 2.9162719  3.81077577 3.56807411 2.71899792
 2.87760993 2.22686193 3.28805718 3.47274479]
DEBUG: cosmo_colibre ages (Gyr): [1.52937028 0.65136055 2.91778542 3.81159633 3.56911449 2.72062195
 2.87914628 2.22869696 3.28932144 3.47386493]
DEBUG: us.look_back_time -> ages (Gyr): [1.52937028 0.65136056 2.91778543 3.81159633 3.56911449 2.72062195
 2.87914628 2.22869696 3.28932144 3.47386494]
[4/100] subhalo 13577128 done; total_formed=3.959e+00
Building SWIFTGalaxy for subhalo 891798 (soap_index=14924382)
Read masses: Nstars=20697, sum_current=2.746866e+10 Msun
DEBUG: sample z (first valid): [1.84864818 4.74574785 4.10723192 3.54889984 1.1306977  1.16233338
 2.92243237 2.39564767 4.61865569 0.47232207]
DEBUG: Planck15 ages (Gyr): [3.54160288 1.25193948 1.49303669 1.77452815 5.3676675  5.25777242
 2.21192135 2.73779615 1.29454296 8.80978744]
DEBUG: cosmo_colibre ages (Gyr): [3.54266578 1.25390891 1.49501122 1.77647507 5.36647357 5.25675649
 2.21376134 2.73941029 1.2965154  8.80008246]
DEBUG: us.look_back_time -> ages (Gyr): [3.54266578 1.25390892 1.49501122 1.77647507 5.36647357 5.25675649
 2.21376135 2.73941029 1.2965154  8.80008247]
[5/100] subhalo 891798 done; total_formed=4.596e+00
Building SWIFTGalaxy for subhalo 1715798 (soap_index=14924874)
Read masses: Nstars=36642, sum_current=4.617661e+10 Msun
DEBUG: sample z (first valid): [0.14461366 2.5382788  2.84330284 6.58869847 4.0350338  0.03933012
 0.60580222 4.46133333 1.56641604 1.34040426]
DEBUG: Planck15 ages (Gyr): [11.91338268  2.57653258  2.27978744  0.82515225  1.52512216 13.24586664
  7.87988848  1.35071033  4.11943154  4.70091094]
DEBUG: cosmo_colibre ages (Gyr): [11.89128773  2.57822715  2.2816042   0.82703069  1.52709529 13.21727303
  7.87304817  1.3526853   4.11993708  4.70071164]
DEBUG: us.look_back_time -> ages (Gyr): [11.89128773  2.57822716  2.2816042   0.82703069  1.52709529 13.21727303
  7.87304817  1.35268531  4.11993709  4.70071165]
[6/100] subhalo 1715798 done; total_formed=7.735e+00
Building SWIFTGalaxy for subhalo 897565 (soap_index=14937221)
Read masses: Nstars=32274, sum_current=4.153842e+10 Msun
DEBUG: sample z (first valid): [3.59547016 3.89403331 2.61997349 5.69076059 7.26431274 1.24854182
 0.64630225 1.42277264 2.55439852 4.10723192]
DEBUG: Planck15 ages (Gyr): [1.74779636 1.59118054 2.49106946 0.99666131 0.72602129 4.9757714
 7.62687941 4.47452909 2.55929087 1.49303669]
DEBUG: cosmo_colibre ages (Gyr): [1.74974734 1.59314933 2.49280265 0.9985911  0.72785852 4.97518668
 7.62074648 4.47462181 2.56099346 1.49501122]
DEBUG: us.look_back_time -> ages (Gyr): [1.74974734 1.59314933 2.49280265 0.99859111 0.72785852 4.97518669
 7.62074648 4.47462182 2.56099347 1.49501122]
[7/100] subhalo 897565 done; total_formed=6.965e+00
Building SWIFTGalaxy for subhalo 3216874 (soap_index=14989713)
Read masses: Nstars=42828, sum_current=5.665646e+10 Msun
DEBUG: sample z (first valid): [4.71070059 0.91513735 5.50352287 5.4503937  0.28501961 0.57115458
 1.07931975 0.73817102 2.04139595 0.37495804]
DEBUG: Planck15 ages (Gyr): [ 1.26345305  6.22342634  1.03996892  1.05282954 10.41542841  8.10655777
  5.55405704  7.09685465  3.2187758   9.59512643]
DEBUG: cosmo_colibre ages (Gyr): [ 1.26542339  6.22065146  1.04190827  1.05477149 10.39983052  8.09905739
  5.55254832  7.09210266  3.22009063  9.58268487]
DEBUG: us.look_back_time -> ages (Gyr): [ 1.26542339  6.22065146  1.04190828  1.05477149 10.39983053  8.09905739
  5.55254832  7.09210266  3.22009063  9.58268487]
[8/100] subhalo 3216874 done; total_formed=9.450e+00
Building SWIFTGalaxy for subhalo 885052 (soap_index=14999562)
Read masses: Nstars=69730, sum_current=9.507578e+10 Msun
DEBUG: sample z (first valid): [3.94387447 0.37276917 0.0246404  0.50602077 0.04463147 0.41010414
 0.81118727 2.30056406 0.6783446  0.43329542]
DEBUG: Planck15 ages (Gyr): [ 1.56729723  9.61395179 13.44826365  8.56008949 13.17387321  9.30012858
  6.71481907  2.85473595  7.43534773  9.11273912]
DEBUG: cosmo_colibre ages (Gyr): [ 1.56926781  9.60144115 13.41862929  8.55119427 13.14564654  9.28874835
  6.7109775   2.85628555  7.42972961  9.10201231]
DEBUG: us.look_back_time -> ages (Gyr): [ 1.56926781  9.60144115 13.41862929  8.55119427 13.14564654  9.28874835
  6.7109775   2.85628555  7.42972961  9.10201231]
[9/100] subhalo 885052 done; total_formed=1.584e+01
Building SWIFTGalaxy for subhalo 429091 (soap_index=15003949)
Read masses: Nstars=41067, sum_current=5.289842e+10 Msun
DEBUG: sample z (first valid): [2.34094617 5.20664836 1.82848511 4.96269675 2.61239114 0.04038608
 0.22387391 0.006141   1.32265381 2.00679024]
DEBUG: Planck15 ages (Gyr): [ 2.80408898  1.11536688  3.57840683  1.18438524  2.498804   13.2314825
 11.03248447 13.70937061  4.752102    3.27311557]
DEBUG: cosmo_colibre ages (Gyr): [ 2.80566717  1.11731998  3.57943835  1.18634791  2.50053381 13.20296234
 11.01432087 13.67837401  4.7518335   3.2743909 ]
DEBUG: us.look_back_time -> ages (Gyr): [ 2.80566717  1.11731998  3.57943835  1.18634791  2.50053381 13.20296234
 11.01432087 13.67837401  4.7518335   3.2743909 ]
[10/100] subhalo 429091 done; total_formed=8.860e+00
Building SWIFTGalaxy for subhalo 909790 (soap_index=15137687)
Read masses: Nstars=23367, sum_current=3.256090e+10 Msun
DEBUG: sample z (first valid): [0.37622848 2.03070662 0.85025409 6.61957912 2.36842105 5.52294217
 5.28281085 6.1694563  6.27208167 1.95154026]
DEBUG: Planck15 ages (Gyr): [9.58422488 3.23540264 6.52330045 0.8201401  2.77046681 1.03533321
 1.09517697 0.898576   0.87962528 3.3630324 ]
DEBUG: cosmo_colibre ages (Gyr): [9.57182324 3.2367055  6.51988854 0.82201667 2.77206344 1.03727159
 1.09712674 0.90047923 0.88152254 3.3642398 ]
DEBUG: us.look_back_time -> ages (Gyr): [9.57182325 3.2367055  6.51988855 0.82201668 2.77206344 1.0372716
 1.09712674 0.90047923 0.88152255 3.3642398 ]
[11/100] subhalo 909790 done; total_formed=5.419e+00
Building SWIFTGalaxy for subhalo 87405 (soap_index=15140683)
Read masses: Nstars=33579, sum_current=4.726954e+10 Msun
DEBUG: sample z (first valid): [0.11221234 0.11055379 1.08833089 1.33506734 1.96892271 2.14110429
 0.84650062 6.19859402 0.87954572 1.1064541 ]
DEBUG: Planck15 ages (Gyr): [12.30246847 12.32286676  5.52063366  4.71620916  3.33431314  3.07017625
  6.54133149  0.89312697  6.38520038  5.45436673]
DEBUG: cosmo_colibre ages (Gyr): [12.27854183 12.29884254  5.51918259  4.7159893   3.33554259  3.07159314
  6.53787989  0.89502852  6.38208724  5.4530284 ]
DEBUG: us.look_back_time -> ages (Gyr): [12.27854183 12.29884254  5.51918259  4.7159893   3.33554259  3.07159314
  6.53787989  0.89502852  6.38208724  5.4530284 ]
[12/100] subhalo 87405 done; total_formed=7.772e+00
Building SWIFTGalaxy for subhalo 88505 (soap_index=15150902)
Read masses: Nstars=69486, sum_current=9.251621e+10 Msun
DEBUG: sample z (first valid): [0.8938851  0.51942873 0.73119189 0.57599077 0.920075   0.68438367
 0.60062524 0.95746714 1.7956659  1.20496602]
DEBUG: Planck15 ages (Gyr): [6.31924494 8.46367093 7.13511285 8.07433233 6.20148838 7.40007097
 7.913144   6.03920413 3.63965717 5.11522593]
DEBUG: cosmo_colibre ages (Gyr): [6.31627124 8.45508047 7.13026576 8.06692731 6.1987584  7.39454572
 7.9062084  6.03679908 3.64063523 5.11443254]
DEBUG: us.look_back_time -> ages (Gyr): [6.31627124 8.45508047 7.13026576 8.06692731 6.1987584  7.39454573
 7.9062084  6.03679908 3.64063523 5.11443254]
[13/100] subhalo 88505 done; total_formed=1.544e+01
Building SWIFTGalaxy for subhalo 13834910 (soap_index=15308818)
Read masses: Nstars=14639, sum_current=1.894530e+10 Msun
DEBUG: sample z (first valid): [1.84864818 1.56701919 0.07309405 0.16512587 4.14896292 5.52944107
 2.11808926 7.41661851 4.81611644 0.35472135]
DEBUG: Planck15 ages (Gyr): [ 3.54160288  4.11803722 12.79659487 11.6760428   1.47499781  1.03378947
  3.10346716  0.70638867  1.2293413   9.77125682]
DEBUG: cosmo_colibre ages (Gyr): [ 3.54266578  4.11854428 12.77026249 11.65503708  1.47697292  1.03572753
  3.10486193  0.70821656  1.23130875  9.75816274]
DEBUG: us.look_back_time -> ages (Gyr): [ 3.54266578  4.11854428 12.77026249 11.65503708  1.47697293  1.03572754
  3.10486194  0.70821657  1.23130875  9.75816274]
[14/100] subhalo 13834910 done; total_formed=3.178e+00
Building SWIFTGalaxy for subhalo 15531 (soap_index=15326234)
Read masses: Nstars=70318, sum_current=8.674356e+10 Msun
DEBUG: sample z (first valid): [3.1644532  4.59610622 5.91162202 0.99853623 3.98941759 0.94954783
 2.08230646 2.34094617 4.81611644 1.75199463]
DEBUG: Planck15 ages (Gyr): [2.02374944 1.30235342 0.94930346 5.86849357 1.5459883  6.07301616
 3.15641216 2.80408898 1.2293413  3.7238414 ]
DEBUG: cosmo_colibre ages (Gyr): [2.02564462 1.30432631 0.95122131 5.86641669 1.54796027 6.07054445
 3.15777087 2.80566717 1.23130875 3.72474348]
DEBUG: us.look_back_time -> ages (Gyr): [2.02564462 1.30432632 0.95122132 5.86641669 1.54796027 6.07054445
 3.15777087 2.80566717 1.23130875 3.72474349]
[15/100] subhalo 15531 done; total_formed=1.464e+01
Building SWIFTGalaxy for subhalo 1825472 (soap_index=15341658)
Read masses: Nstars=222881, sum_current=2.918688e+11 Msun
DEBUG: sample z (first valid): [2.85505882 3.5813352  2.12433257 1.35351577 1.61432903 0.38565629
 5.11914099 0.33051811 3.68985258 0.36715621]
DEBUG: Planck15 ages (Gyr): [2.26948919 1.75583914 3.09437815 4.66366232 4.01099855 9.50389066
 1.13933827 9.98819101 1.69562069 9.66247427]
DEBUG: cosmo_colibre ages (Gyr): [2.27130958 1.75778893 3.09577901 4.66351263 4.01161934 9.49178158
 1.14129501 9.97427415 1.69757875 9.64978485]
DEBUG: us.look_back_time -> ages (Gyr): [2.27130959 1.75778894 3.09577901 4.66351263 4.01161934 9.49178158
 1.14129501 9.97427415 1.69757876 9.64978486]
[16/100] subhalo 1825472 done; total_formed=4.856e+01
Building SWIFTGalaxy for subhalo 92796 (soap_index=15346752)
Read masses: Nstars=26676, sum_current=3.559791e+10 Msun
DEBUG: sample z (first valid): [7.1558086  4.15950244 2.31895067 3.65190233 4.37312454 2.59416475
 1.10699588 1.49832266 6.09648078 4.6992782 ]
DEBUG: Planck15 ages (Gyr): [0.74056783 1.47049903 2.8314911  1.71628608 1.38399642 2.51755874
 5.45240509 4.28188183 0.91246824 1.2672435 ]
DEBUG: cosmo_colibre ages (Gyr): [0.74241172 1.47247426 2.83305394 1.71824148 1.38597216 2.51928026
 5.45107007 4.2822053  0.91437568 1.26921412]
DEBUG: us.look_back_time -> ages (Gyr): [0.74241172 1.47247427 2.83305395 1.71824148 1.38597216 2.51928027
 5.45107007 4.28220531 0.91437568 1.26921412]
[17/100] subhalo 92796 done; total_formed=5.864e+00
Building SWIFTGalaxy for subhalo 943658 (soap_index=15362466)
Read masses: Nstars=42917, sum_current=5.424843e+10 Msun
DEBUG: sample z (first valid): [0.49489051 0.44709415 0.33561588 0.42098873 2.45107952 0.74874586
 0.16479454 0.41375442 0.34240066 0.84462959]
DEBUG: Planck15 ages (Gyr): [ 8.64138122  9.0038819   9.94191884  9.21147725  2.67320285  7.03948265
 11.67982283  9.27025841  9.88081769  6.55034848]
DEBUG: cosmo_colibre ages (Gyr): [ 8.63222562  8.9935272   9.92817923  9.20040817  2.6748504   7.03487191
 11.65879993  9.25898343  9.86731069  6.54687697]
DEBUG: us.look_back_time -> ages (Gyr): [ 8.63222562  8.9935272   9.92817923  9.20040817  2.6748504   7.03487192
 11.65879993  9.25898343  9.86731069  6.54687697]
[18/100] subhalo 943658 done; total_formed=9.103e+00
Building SWIFTGalaxy for subhalo 1559 (soap_index=15369616)
Read masses: Nstars=21025, sum_current=3.046408e+10 Msun
DEBUG: sample z (first valid): [2.42331801 2.67725283 3.12695214 2.45690474 2.18878941 5.47205214
 0.79138421 2.20626223 3.8798213  1.49451888]
DEBUG: Planck15 ages (Gyr): [2.70523606 2.43389152 2.05114051 2.66656033 3.00303118 1.04755511
 6.8152413  2.97902746 1.59810143 4.2912599 ]
DEBUG: cosmo_colibre ages (Gyr): [2.70686724 2.435649   2.05302851 2.66821122 3.00449136 1.049496
 6.8111673  2.98050269 1.60006966 4.29157251]
DEBUG: us.look_back_time -> ages (Gyr): [2.70686724 2.435649   2.05302851 2.66821123 3.00449136 1.04949601
 6.8111673  2.98050269 1.60006966 4.29157252]
[19/100] subhalo 1559 done; total_formed=5.106e+00
Building SWIFTGalaxy for subhalo 15398 (soap_index=15369618)
Read masses: Nstars=59712, sum_current=7.381618e+10 Msun
DEBUG: sample z (first valid): [6.90924451 4.77053799 1.85510151 5.92769556 1.63599067 1.74186261
 1.97431243 6.53807223 5.15245963 1.98324836]
DEBUG: Planck15 ages (Gyr): [0.77548592 1.24390026 3.52995342 0.94600326 3.96348134 3.74382491
 3.32548941 0.83348018 1.13011113 3.31094368]
DEBUG: cosmo_colibre ages (Gyr): [0.7773449  1.24586902 3.53102614 0.94792022 3.96415107 3.74470853
 3.32672557 0.83536166 1.13206651 3.31219082]
DEBUG: us.look_back_time -> ages (Gyr): [0.77734491 1.24586902 3.53102614 0.94792022 3.96415107 3.74470853
 3.32672557 0.83536166 1.13206651 3.31219082]
[20/100] subhalo 15398 done; total_formed=1.249e+01
Building SWIFTGalaxy for subhalo 17597 (soap_index=15369631)
Read masses: Nstars=25482, sum_current=3.436757e+10 Msun
DEBUG: sample z (first valid): [4.6775535  2.94130382 1.72340426 3.23578077 4.64138762 1.40958894
 2.33924386 1.94861873 4.72817061 2.45326167]
DEBUG: Planck15 ages (Gyr): [1.27450499 2.19622721 3.78068067 1.97328953 1.28674765 4.50957379
 2.80619416 3.36789893 1.25769201 2.67071135]
DEBUG: cosmo_colibre ages (Gyr): [1.27647614 2.19807233 3.7815298  1.97519717 1.28871961 4.50962279
 2.80777119 3.36910256 1.2596619  2.67236015]
DEBUG: us.look_back_time -> ages (Gyr): [1.27647614 2.19807233 3.7815298  1.97519717 1.28871961 4.50962279
 2.80777119 3.36910257 1.25966191 2.67236016]
[21/100] subhalo 17597 done; total_formed=5.777e+00
Building SWIFTGalaxy for subhalo 17750 (soap_index=15369636)
Read masses: Nstars=40510, sum_current=5.144566e+10 Msun
DEBUG: sample z (first valid): [4.00465827 1.04723229 1.23993438 1.04582631 2.39213251 1.26220228
 2.51927827 1.19993286 1.07038605 2.33211308]
DEBUG: Planck15 ages (Gyr): [1.53896442 5.67570308 5.00283429 5.68112903 2.74197854 4.93329741
 2.59710212 5.13173332 5.58750948 2.81504082]
DEBUG: cosmo_colibre ages (Gyr): [1.5409368  5.67398012 5.00220977 5.67939634 2.74359046 4.93277449
 2.59878699 5.13091464 5.58594255 2.81661291]
DEBUG: us.look_back_time -> ages (Gyr): [1.5409368  5.67398012 5.00220978 5.67939634 2.74359046 4.93277449
 2.59878699 5.13091464 5.58594255 2.81661291]
[22/100] subhalo 17750 done; total_formed=8.663e+00
Building SWIFTGalaxy for subhalo 18099 (soap_index=15369642)
Read masses: Nstars=15880, sum_current=2.198177e+10 Msun
DEBUG: sample z (first valid): [1.33689916 1.1059126  2.05529138 1.15154301 1.28412101 4.58466127
 1.15891422 4.56191123 2.22742047 2.01842299]
DEBUG: Planck15 ages (Gyr): [4.7109493  5.45632847 3.19736969 5.2948519  4.86634355 1.30634758
 5.26947718 1.3143477  2.9503787  3.25468316]
DEBUG: cosmo_colibre ages (Gyr): [4.71073653 5.45498684 3.19869975 5.29377654 4.86591637 1.30832069
 5.26844255 1.31632122 2.9518716  3.25597201]
DEBUG: us.look_back_time -> ages (Gyr): [4.71073653 5.45498684 3.19869975 5.29377654 4.86591637 1.30832069
 5.26844256 1.31632122 2.9518716  3.25597201]
[23/100] subhalo 18099 done; total_formed=3.687e+00
Building SWIFTGalaxy for subhalo 92115 (soap_index=15369671)
Read masses: Nstars=38680, sum_current=5.070805e+10 Msun
DEBUG: sample z (first valid): [7.81927062 1.46746988 1.86684164 1.70474618 1.69806505 1.19771965
 2.42153075 4.4832664  1.60580517 1.24962241]
DEBUG: Planck15 ages (Gyr): [0.65852433 4.35891235 3.5089195  3.81853685 3.8322421  5.13901887
 2.70731991 1.34263952 4.02994957 4.97239038]
DEBUG: cosmo_colibre ages (Gyr): [0.66032762 4.3591455  3.51000981 3.81934997 3.83304204 5.13818898
 2.70895001 1.34461423 4.03055057 4.97181062]
DEBUG: us.look_back_time -> ages (Gyr): [0.66032762 4.3591455  3.51000981 3.81934997 3.83304204 5.13818898
 2.70895001 1.34461423 4.03055058 4.97181062]
[24/100] subhalo 92115 done; total_formed=8.513e+00
Building SWIFTGalaxy for subhalo 210933 (soap_index=15369701)
Read masses: Nstars=196815, sum_current=2.546195e+11 Msun
DEBUG: sample z (first valid): [0.37738546 2.85279248 8.29720528 1.42851849 1.89367715 1.81270386
 1.29291162 0.87545788 4.06578032 2.30455829]
DEBUG: Planck15 ages (Gyr): [9.5743127  2.27146854 0.6083449  4.45939217 3.46159913 3.60764849
 4.83989785 6.40419904 1.51131974 2.8496598 ]
DEBUG: cosmo_colibre ages (Gyr): [9.56194732 2.27328824 0.61011935 4.45950361 3.46272835 3.60865467
 4.83950792 6.40104534 1.51329352 2.85121231]
DEBUG: us.look_back_time -> ages (Gyr): [9.56194732 2.27328824 0.61011936 4.45950362 3.46272835 3.60865467
 4.83950793 6.40104535 1.51329353 2.85121231]
[25/100] subhalo 210933 done; total_formed=4.281e+01
Building SWIFTGalaxy for subhalo 925357 (soap_index=15369894)
Read masses: Nstars=5939, sum_current=8.821782e+09 Msun
DEBUG: sample z (first valid): [1.54370439 1.26909494 1.756393   2.07565234 1.25814899 1.11830112
 2.01675566 1.09286581 2.4811431  1.49641932]
DEBUG: Planck15 ages (Gyr): [4.17249417 4.91208523 3.71522025 3.16642058 4.94583969 5.41172524
 3.25731467 5.50393304 2.63921021 4.28657031]
DEBUG: cosmo_colibre ages (Gyr): [4.17294149 4.91159286 3.71613025 3.16777236 4.94529861 5.41045837
 3.2586016  5.50251058 2.6408747  4.28688836]
DEBUG: us.look_back_time -> ages (Gyr): [4.17294149 4.91159286 3.71613025 3.16777236 4.94529861 5.41045837
 3.25860161 5.50251058 2.6408747  4.28688836]
[26/100] subhalo 925357 done; total_formed=1.464e+00
Building SWIFTGalaxy for subhalo 943032 (soap_index=15369928)
Read masses: Nstars=53465, sum_current=7.276253e+10 Msun
DEBUG: sample z (first valid): [2.66409482 3.96146567 1.24499863 3.94126517 1.8543554  2.94795181
 1.57488606 1.31920164 2.27712771 7.08188433]
DEBUG: Planck15 ages (Gyr): [2.44683381 1.55900922 4.98688334 1.56853281 3.5312971  2.19074223
 4.09992077 4.76216138 2.88482155 0.75075824]
DEBUG: cosmo_colibre ages (Gyr): [2.44858591 1.56098036 4.98628232 1.5705033  3.53236868 2.19258912
 4.10044742 4.76187914 2.88635369 0.75260666]
DEBUG: us.look_back_time -> ages (Gyr): [2.44858591 1.56098036 4.98628233 1.5705033  3.53236869 2.19258912
 4.10044742 4.76187914 2.88635369 0.75260666]
[27/100] subhalo 943032 done; total_formed=1.220e+01
Building SWIFTGalaxy for subhalo 952286 (soap_index=15370035)
Read masses: Nstars=14737, sum_current=1.998483e+10 Msun
DEBUG: sample z (first valid): [5.5964771  6.74382607 1.69518013 7.39935918 5.65002537 4.07362391
 4.13846636 5.98231408 5.11914099 3.9528416 ]
DEBUG: Planck15 ages (Gyr): [1.01808638 0.80047609 3.83818469 0.70856887 1.00582526 1.50783179
 1.47950097 0.93493024 1.13933827 1.56306331]
DEBUG: cosmo_colibre ages (Gyr): [1.02002105 0.80234514 3.83897889 0.71039782 1.00775717 1.50980573
 1.48147595 0.93684414 1.14129501 1.56503418]
DEBUG: us.look_back_time -> ages (Gyr): [1.02002106 0.80234515 3.8389789  0.71039782 1.00775718 1.50980574
 1.48147596 0.93684415 1.14129501 1.56503418]
[28/100] subhalo 952286 done; total_formed=3.364e+00
Building SWIFTGalaxy for subhalo 1812655 (soap_index=15370064)
Read masses: Nstars=6831, sum_current=9.742427e+09 Msun
DEBUG: sample z (first valid): [2.1950078  3.4734471  3.05594752 3.12124261 3.59257183 4.28814653
 2.91212989 4.21409818 4.81250554 2.50609887]
DEBUG: Planck15 ages (Gyr): [2.99445233 1.81930007 2.10471084 2.05536451 1.74944053 1.41737032
 2.22056747 1.44755478 1.23048438 2.61152893]
DEBUG: cosmo_colibre ages (Gyr): [2.99591792 1.82123953 2.10658395 2.05725137 1.75139127 1.41934629
 2.2224046  1.44953049 1.23245193 2.61320689]
DEBUG: us.look_back_time -> ages (Gyr): [2.99591792 1.82123953 2.10658395 2.05725137 1.75139128 1.41934629
 2.2224046  1.44953049 1.23245194 2.6132069 ]
[29/100] subhalo 1812655 done; total_formed=1.641e+00
Building SWIFTGalaxy for subhalo 1813286 (soap_index=15370074)
Read masses: Nstars=8472, sum_current=1.195992e+10 Msun
DEBUG: sample z (first valid): [1.76313349 1.75315073 1.8982841  1.82995077 3.89769076 1.36489607
 2.55709944 1.72771165 1.65521433 2.58237674]
DEBUG: Planck15 ages (Gyr): [3.7020711  3.7215722  3.45357993 3.57571062 1.58940749 4.63171339
 2.55642053 3.77202763 3.9220699  2.52981214]
DEBUG: cosmo_colibre ages (Gyr): [3.70299311 3.72247637 3.45471566 3.57674445 1.59137641 4.63160577
 2.55812444 3.7728849  3.92278149 2.53152817]
DEBUG: us.look_back_time -> ages (Gyr): [3.70299311 3.72247637 3.45471567 3.57674445 1.59137642 4.63160577
 2.55812444 3.77288491 3.92278149 2.53152817]
[30/100] subhalo 1813286 done; total_formed=2.004e+00
Building SWIFTGalaxy for subhalo 1852285 (soap_index=15370134)
Read masses: Nstars=13381, sum_current=1.797132e+10 Msun
DEBUG: sample z (first valid): [1.68304266 1.55540825 1.59281532 1.61599872 3.07663598 2.41155648
 1.59261017 7.18075147 3.03745688 1.94041637]
DEBUG: Planck15 ages (Gyr): [3.86335077 4.14501291 4.05910939 4.00730319 2.08886576 2.71899792
 4.05957263 0.73718124 2.11904129 3.38162355]
DEBUG: cosmo_colibre ages (Gyr): [3.86412049 4.14549053 4.05967966 4.00792782 2.09074339 2.72062195
 4.06014241 0.7390236  2.12091023 3.3828165 ]
DEBUG: us.look_back_time -> ages (Gyr): [3.8641205  4.14549053 4.05967966 4.00792782 2.09074339 2.72062195
 4.06014241 0.73902361 2.12091023 3.3828165 ]
[31/100] subhalo 1852285 done; total_formed=3.009e+00
Building SWIFTGalaxy for subhalo 3257548 (soap_index=15370366)
Read masses: Nstars=9021, sum_current=1.195530e+10 Msun
DEBUG: sample z (first valid): [ 1.54924537  3.08909964  1.75894586  2.28665998  2.55709944  3.71346375
  1.67646819  2.07940983 11.74895438  3.21074274]
DEBUG: Planck15 ages (Gyr): [4.15944715 2.07941479 3.7102313  2.87252241 2.55642053 1.68297047
 3.87709422 3.1607626  0.37847554 1.99076331]
DEBUG: cosmo_colibre ages (Gyr): [4.1599089  2.08129507 3.71114586 2.87406172 2.55812444 1.68493008
 3.87785047 3.1621183  0.38006375 1.99266675]
DEBUG: us.look_back_time -> ages (Gyr): [4.1599089  2.08129507 3.71114586 2.87406173 2.55812444 1.68493008
 3.87785047 3.1621183  0.38006376 1.99266675]
[32/100] subhalo 3257548 done; total_formed=2.008e+00
Building SWIFTGalaxy for subhalo 3292340 (soap_index=15370444)
Read masses: Nstars=14166, sum_current=2.112053e+10 Msun
DEBUG: sample z (first valid): [1.24177328 1.56100039 2.55632733 2.76816927 1.51925886 2.25047118
 2.12433257 1.51984005 1.72612313 3.00073256]
DEBUG: Planck15 ages (Gyr): [4.99703289 4.13198521 2.55724053 2.34746402 4.23085022 2.91967762
 3.09437815 4.22944758 3.77521503 2.14798526]
DEBUG: cosmo_colibre ages (Gyr): [4.99641694 4.13247709 2.55894407 2.34925585 4.23123211 2.92118911
 3.09577901 4.22983106 3.77606931 2.14984553]
DEBUG: us.look_back_time -> ages (Gyr): [4.99641694 4.13247709 2.55894407 2.34925585 4.23123212 2.92118911
 3.09577901 4.22983107 3.77606931 2.14984554]
[33/100] subhalo 3292340 done; total_formed=3.531e+00
Building SWIFTGalaxy for subhalo 6163470 (soap_index=15371155)
Read masses: Nstars=17782, sum_current=2.540391e+10 Msun
DEBUG: sample z (first valid): [2.02762635 1.79709774 2.84646085 2.38163055 2.15775272 2.24467769
 1.92519193 2.09423985 1.72453646 2.80183316]
DEBUG: Planck15 ages (Gyr): [3.24021991 3.63694949 2.27701346 2.75453659 3.04645698 2.92734453
 3.40734071 3.13859221 3.77840308 2.31673736]
DEBUG: cosmo_colibre ages (Gyr): [3.24151929 3.63792994 2.2788312  2.7561418  3.04788937 2.92885141
 3.40851345 3.13996318 3.77925436 2.31854073]
DEBUG: us.look_back_time -> ages (Gyr): [3.24151929 3.63792994 2.27883121 2.75614181 3.04788937 2.92885141
 3.40851345 3.13996319 3.77925437 2.31854073]
[34/100] subhalo 6163470 done; total_formed=4.255e+00
Building SWIFTGalaxy for subhalo 214252 (soap_index=15447731)
Read masses: Nstars=41093, sum_current=5.605909e+10 Msun
DEBUG: sample z (first valid): [6.8712467  0.99464329 5.02020944 8.92142911 2.69425028 4.6992782
 0.85213656 1.45545148 3.85919775 1.0899292 ]
DEBUG: Planck15 ages (Gyr): [0.78111057 5.88434873 1.16748648 0.55176302 2.41733881 1.2672435
 6.51428643 4.38952391 1.60823367 5.51473847]
DEBUG: cosmo_colibre ages (Gyr): [0.78297187 5.88224195 1.16944706 0.55350072 2.41910308 1.26921412
 6.5108943  4.38972045 1.61020102 5.51329752]
DEBUG: us.look_back_time -> ages (Gyr): [0.78297187 5.88224195 1.16944706 0.55350073 2.41910309 1.26921412
 6.5108943  4.38972045 1.61020103 5.51329752]
[35/100] subhalo 214252 done; total_formed=9.177e+00
Building SWIFTGalaxy for subhalo 206738 (soap_index=15463510)
Read masses: Nstars=36893, sum_current=4.753525e+10 Msun
DEBUG: sample z (first valid): [ 0.54975407  4.20126984  6.55806712  0.53883723  0.96450839 11.00842877
  4.23325082  0.62798092  0.5132539   1.25194145]
DEBUG: Planck15 ages (Gyr): [8.25150869 1.45289238 0.83017444 8.32695656 6.00938773 0.414117
 1.43964604 7.73978582 8.50787215 4.96514675]
DEBUG: cosmo_colibre ages (Gyr): [8.24357322 1.45486801 0.83205471 8.31879064 6.007041   0.41574158
 1.44162186 7.73334105 8.49914253 4.96457757]
DEBUG: us.look_back_time -> ages (Gyr): [8.24357323 1.45486801 0.83205471 8.31879065 6.00704101 0.41574158
 1.44162186 7.73334105 8.49914254 4.96457757]
[36/100] subhalo 206738 done; total_formed=7.995e+00
Building SWIFTGalaxy for subhalo 918124 (soap_index=15463524)
Read masses: Nstars=33452, sum_current=4.615703e+10 Msun
DEBUG: sample z (first valid): [1.12641142 0.7372495  1.50137405 2.35462735 0.77932233 2.91026253
 0.65545115 1.35351577 2.27450784 4.92335503]
DEBUG: Planck15 ages (Gyr): [5.38283665 7.10188818 4.27438259 2.78726355 6.87754803 2.22214058
 7.57143313 4.66366232 2.888217   1.19618019]
DEBUG: cosmo_colibre ages (Gyr): [5.38161771 7.09712371 4.27471472 2.78885103 6.87332736 2.22397719
 7.56545107 4.66351263 2.88974715 1.19814422]
DEBUG: us.look_back_time -> ages (Gyr): [5.38161771 7.09712371 4.27471472 2.78885103 6.87332736 2.22397719
 7.56545108 4.66351263 2.88974715 1.19814423]
[37/100] subhalo 918124 done; total_formed=7.651e+00
Building SWIFTGalaxy for subhalo 15401 (soap_index=15472933)
Read masses: Nstars=2970114, sum_current=3.760039e+12 Msun
DEBUG: sample z (first valid): [1.47866868 1.71033912 1.56120056 2.02148456 3.47100559 1.6037346
 3.0998436  2.9360961  6.1694563  1.69806505]
DEBUG: Planck15 ages (Gyr): [4.33069618 3.80712482 4.13152011 3.24986018 1.82077995 4.03457489
 2.07132437 2.20053974 0.898576   3.8322421 ]
DEBUG: cosmo_colibre ages (Gyr): [4.33096271 3.80794886 4.13201249 3.25115255 1.82271915 4.03517104
 2.07320689 2.20238346 0.90047923 3.83304204]
DEBUG: us.look_back_time -> ages (Gyr): [4.33096271 3.80794886 4.1320125  3.25115255 1.82271915 4.03517105
 2.07320689 2.20238346 0.90047923 3.83304204]
[38/100] subhalo 15401 done; total_formed=6.187e+02
Building SWIFTGalaxy for subhalo 15789 (soap_index=15472941)
Read masses: Nstars=12072, sum_current=1.567384e+10 Msun
DEBUG: sample z (first valid): [1.4324846  4.34594991 2.5382788  1.61307815 2.42689814 3.44522824
 1.59281532 1.51867794 2.64940417 3.58389872]
DEBUG: Planck15 ages (Gyr): [4.44899173 1.3945259  2.57653258 4.01377058 2.70106974 1.83652678
 4.05910939 4.23225297 2.461418   1.75437596]
DEBUG: cosmo_colibre ages (Gyr): [4.44911598 1.39650177 2.57822715 4.01438848 2.70270307 1.83846315
 4.05967966 4.23263327 2.46316395 1.75632597]
DEBUG: us.look_back_time -> ages (Gyr): [4.44911598 1.39650178 2.57822716 4.01438849 2.70270307 1.83846316
 4.05967966 4.23263327 2.46316395 1.75632597]
[39/100] subhalo 15789 done; total_formed=2.631e+00
Building SWIFTGalaxy for subhalo 88644 (soap_index=15472970)
Read masses: Nstars=30614, sum_current=4.266588e+10 Msun
DEBUG: sample z (first valid): [1.80836476 1.66341543 1.17078503 1.48054504 2.01536763 1.79853104
 2.72152186 1.52780992 1.55640506 2.37570825]
DEBUG: Planck15 ages (Gyr): [3.61575669 3.9046158  5.22901629 4.3259973  3.25950803 3.63424231
 2.39116517 4.21028844 4.14268586 2.76166004]
DEBUG: cosmo_colibre ages (Gyr): [3.61675579 3.90534482 5.228046   4.32626936 3.26079336 3.63522515
 2.39293999 4.21069355 4.14316603 2.76326143]
DEBUG: us.look_back_time -> ages (Gyr): [3.61675579 3.90534482 5.22804601 4.32626937 3.26079336 3.63522516
 2.39294    4.21069355 4.14316604 2.76326144]
[40/100] subhalo 88644 done; total_formed=7.133e+00
Building SWIFTGalaxy for subhalo 91712 (soap_index=15472994)
Read masses: Nstars=19309, sum_current=2.490877e+10 Msun
DEBUG: sample z (first valid): [2.0904461  2.58983348 4.54028236 3.39072759 2.5788554  3.34790685
 4.59419548 2.55671334 2.68511021 2.53904309]
DEBUG: Planck15 ages (Gyr): [3.14423949 2.52204964 1.32202922 1.87057151 2.53349154 1.89805906
 1.30301884 2.55683052 2.42621661 2.57571078]
DEBUG: cosmo_colibre ages (Gyr): [3.1456066  2.52376915 1.3240031  1.87250142 2.53520591 1.89998342
 1.30499177 2.55853424 2.42797725 2.57740574]
DEBUG: us.look_back_time -> ages (Gyr): [3.1456066  2.52376916 1.32400311 1.87250142 2.53520591 1.89998342
 1.30499177 2.55853425 2.42797726 2.57740575]
[41/100] subhalo 91712 done; total_formed=4.200e+00
Building SWIFTGalaxy for subhalo 91849 (soap_index=15473000)
Read masses: Nstars=25017, sum_current=3.259504e+10 Msun
DEBUG: sample z (first valid): [2.8806253  2.2482157  1.92728247 2.37849263 2.10656049 2.63927143
 2.33550489 1.83951473 3.08731446 2.23826465]
DEBUG: Planck15 ages (Gyr): [2.24735587 2.92265853 3.40379052 2.75830718 3.12036588 2.47156088
 2.81082714 3.55819767 2.08076413 2.93586987]
DEBUG: cosmo_colibre ages (Gyr): [2.24918395 2.92416823 3.40496606 2.75991037 3.12174926 2.4733025
 2.81240159 3.55924648 2.08264403 2.93737159]
DEBUG: us.look_back_time -> ages (Gyr): [2.24918395 2.92416823 3.40496606 2.75991038 3.12174927 2.4733025
 2.81240159 3.55924649 2.08264404 2.9373716 ]
[42/100] subhalo 91849 done; total_formed=5.496e+00
Building SWIFTGalaxy for subhalo 91940 (soap_index=15473003)
Read masses: Nstars=9868, sum_current=1.389222e+10 Msun
DEBUG: sample z (first valid): [2.54593659 2.1950078  2.2754898  2.98249878 1.92023884 2.08027825
 2.06816479 2.03379317 3.07334203 1.5142331 ]
DEBUG: Planck15 ages (Gyr): [2.56831805 2.99445233 2.88694358 2.16259934 3.41577625 3.1594573
 3.1777447  3.23058726 2.09137536 4.24301073]
DEBUG: cosmo_colibre ages (Gyr): [2.57001646 2.99591792 2.88847447 2.16445512 3.41694231 3.1608139
 3.17908857 3.2318936  2.09325227 4.2433788 ]
DEBUG: us.look_back_time -> ages (Gyr): [2.57001646 2.99591792 2.88847448 2.16445512 3.41694231 3.16081391
 3.17908857 3.2318936  2.09325228 4.2433788 ]
[43/100] subhalo 91940 done; total_formed=2.332e+00
Building SWIFTGalaxy for subhalo 206347 (soap_index=15473028)
Read masses: Nstars=15529, sum_current=2.133877e+10 Msun
DEBUG: sample z (first valid): [6.8712467  0.67115463 0.68872397 2.84330284 5.74516262 3.42153556
 1.28874764 1.65306453 5.70445013 1.26220228]
DEBUG: Planck15 ages (Gyr): [0.78111057 7.47768289 7.37487497 2.27978744 0.98463734 1.85119985
 4.85239611 3.92666613 0.99361276 4.93329741]
DEBUG: cosmo_colibre ages (Gyr): [0.78297187 7.47195252 7.36941568 2.2816042  0.98656425 1.85313349
 4.85198861 3.92737311 0.99554183 4.93277449]
DEBUG: us.look_back_time -> ages (Gyr): [0.78297187 7.47195252 7.36941569 2.2816042  0.98656425 1.85313349
 4.85198862 3.92737311 0.99554184 4.93277449]
[44/100] subhalo 206347 done; total_formed=3.555e+00
Building SWIFTGalaxy for subhalo 206552 (soap_index=15473032)
Read masses: Nstars=104618, sum_current=1.364953e+11 Msun
DEBUG: sample z (first valid): [0.06334372 0.04911315 0.08431502 0.9120084  3.84447073 5.18439181
 0.85067209 0.66656495 2.43840504 2.55709944]
DEBUG: Planck15 ages (Gyr): [12.92410639 13.11343907 12.65203328  6.23739092  1.61553428  1.12138381
  6.52129725  7.50489976  2.68774986  2.55642053]
DEBUG: cosmo_colibre ages (Gyr): [12.89713922 13.08551909 12.62641371  6.23458734  1.61750098  1.12333785
  6.51788974  7.49909677  2.68939002  2.55812444]
DEBUG: us.look_back_time -> ages (Gyr): [12.89713922 13.08551909 12.62641371  6.23458734  1.61750098  1.12333786
  6.51788974  7.49909677  2.68939002  2.55812444]
[45/100] subhalo 206552 done; total_formed=2.288e+01
Building SWIFTGalaxy for subhalo 211192 (soap_index=15473050)
Read masses: Nstars=7745, sum_current=1.074384e+10 Msun
DEBUG: sample z (first valid): [2.15836145 2.25952452 1.6856815  1.51230545 1.52527744 1.70340731
 1.42797866 1.68458135 3.62824859 1.6093327 ]
DEBUG: Planck15 ages (Gyr): [3.04559541 2.90776244 3.85785664 4.24768988 4.21636121 3.82127695
 4.4608108  3.86014563 1.72937834 4.02208933]
DEBUG: cosmo_colibre ages (Gyr): [3.04702835 2.90928104 3.85863173 4.24805262 4.21675948 3.82208745
 4.4609205  3.86091849 1.73133195 4.02269856]
DEBUG: us.look_back_time -> ages (Gyr): [3.04702836 2.90928104 3.85863174 4.24805262 4.21675948 3.82208745
 4.4609205  3.86091849 1.73133196 4.02269856]
[46/100] subhalo 211192 done; total_formed=1.801e+00
Building SWIFTGalaxy for subhalo 456648 (soap_index=15473138)
Read masses: Nstars=70732, sum_current=9.752579e+10 Msun
DEBUG: sample z (first valid): [5.48357736 4.88717212 0.59859498 1.50137405 0.27660901 3.10138307
 1.0395867  1.11134021 1.0899292  0.97350036]
DEBUG: Planck15 ages (Gyr): [ 1.04476626  1.20720127  7.92624382  4.27438259 10.49730223  2.07016939
  5.70530769  5.43671581  5.51473847  5.97164475]
DEBUG: cosmo_colibre ages (Gyr): [ 1.04670659  1.2091665   7.91927054  4.27471472 10.48137318  2.07205222
  5.70353152  5.43540717  5.51329752  5.96937124]
DEBUG: us.look_back_time -> ages (Gyr): [ 1.04670659  1.20916651  7.91927054  4.27471472 10.48137318  2.07205222
  5.70353152  5.43540717  5.51329752  5.96937124]
[47/100] subhalo 456648 done; total_formed=1.626e+01
Building SWIFTGalaxy for subhalo 919966 (soap_index=15473220)
Read masses: Nstars=6777, sum_current=9.222066e+09 Msun
DEBUG: sample z (first valid): [1.57488606 2.47228992 1.67406561 2.07478653 1.90547969 2.56872141
 2.02455234 1.64385993 1.75130143 4.67018515]
DEBUG: Planck15 ages (Gyr): [4.09992077 2.64914633 3.88213639 3.16772666 3.44111513 2.54412966
 3.2450391  3.9464443  3.72520308 1.27698356]
DEBUG: cosmo_colibre ages (Gyr): [4.10044742 2.65080591 3.88288767 3.16907752 3.44226093 2.5458392
 3.24633497 3.94713134 3.72610391 1.27895488]
DEBUG: us.look_back_time -> ages (Gyr): [4.10044742 2.65080591 3.88288767 3.16907752 3.44226093 2.54583921
 3.24633498 3.94713134 3.72610391 1.27895488]
[48/100] subhalo 919966 done; total_formed=1.539e+00
Building SWIFTGalaxy for subhalo 944741 (soap_index=15473311)
Read masses: Nstars=72833, sum_current=9.725359e+10 Msun
DEBUG: sample z (first valid): [6.39100034 3.16869156 1.65048936 0.69256198 3.6305377  1.55800156
 2.53904309 3.20264204 0.63382529 1.43501523]
DEBUG: Planck15 ages (Gyr): [0.858483   2.02069173 3.93218327 7.3527038  1.72810411 4.13896319
 2.57571078 1.99647152 7.70349542 4.44237591]
DEBUG: cosmo_colibre ages (Gyr): [0.86037325 2.02258769 3.9328847  7.3473023  1.7300579  4.13944744
 2.57740574 1.99837356 7.69715156 4.44250828]
DEBUG: us.look_back_time -> ages (Gyr): [0.86037326 2.02258769 3.93288471 7.34730231 1.73005791 4.13944744
 2.57740575 1.99837356 7.69715156 4.44250828]
[49/100] subhalo 944741 done; total_formed=1.627e+01
Building SWIFTGalaxy for subhalo 947758 (soap_index=15473359)
Read masses: Nstars=9856, sum_current=1.396798e+10 Msun
DEBUG: sample z (first valid): [2.84330284 2.00568703 3.00684764 1.94941494 4.43912358 2.09132075
 1.83926869 4.35162502 2.1240347  2.24885981]
DEBUG: Planck15 ages (Gyr): [2.27978744 3.27487248 2.14312058 3.36657151 1.35896528 3.14293603
 3.55864645 1.39231599 3.0948108  2.92180676]
DEBUG: cosmo_colibre ages (Gyr): [2.2816042  3.27614651 2.14498233 3.36777617 1.3609405  3.14430403
 3.55969488 1.39429184 3.09621137 2.92331696]
DEBUG: us.look_back_time -> ages (Gyr): [2.2816042  3.27614651 2.14498233 3.36777618 1.3609405  3.14430403
 3.55969488 1.39429184 3.09621137 2.92331697]
[50/100] subhalo 947758 done; total_formed=2.341e+00
Building SWIFTGalaxy for subhalo 947806 (soap_index=15473361)
Read masses: Nstars=7761, sum_current=1.115783e+10 Msun
DEBUG: sample z (first valid): [5.10034441 3.28872456 1.92519193 2.38302705 2.41084626 2.39143035
 3.18386108 2.52799311 1.84790544 3.30421647]
DEBUG: Planck15 ages (Gyr): [1.14459906 1.93716433 3.40734071 2.75286124 2.71983262 2.74281523
 2.00981016 2.58763425 3.54294768 1.92680003]
DEBUG: cosmo_colibre ages (Gyr): [1.14655655 1.93908028 3.40851345 2.75446735 2.72145621 2.74442671
 2.01170888 2.5893236  3.54400944 1.92871827]
DEBUG: us.look_back_time -> ages (Gyr): [1.14655655 1.93908028 3.40851345 2.75446736 2.72145621 2.74442671
 2.01170888 2.5893236  3.54400944 1.92871828]
[51/100] subhalo 947806 done; total_formed=1.879e+00
Building SWIFTGalaxy for subhalo 1814507 (soap_index=15473440)
Read masses: Nstars=17389, sum_current=2.445725e+10 Msun
DEBUG: sample z (first valid): [1.86884959 2.79127618 2.1148289  1.88730285 2.19345093 2.83970002
 3.69556495 3.42810811 2.18972063 2.40234659]
DEBUG: Planck15 ages (Gyr): [3.50534245 2.32630156 3.10823095 3.47274479 2.99659641 2.28295894
 1.69254575 1.84711003 3.00174392 2.72985462]
DEBUG: cosmo_colibre ages (Gyr): [3.50643572 2.32810138 3.10962252 3.47386493 2.99806065 2.28477457
 1.6945042  1.84904444 3.00320491 2.73147295]
DEBUG: us.look_back_time -> ages (Gyr): [3.50643573 2.32810138 3.10962253 3.47386494 2.99806065 2.28477457
 1.6945042  1.84904445 3.00320491 2.73147296]
[52/100] subhalo 1814507 done; total_formed=4.116e+00
Building SWIFTGalaxy for subhalo 3298381 (soap_index=15473916)
Read masses: Nstars=11717, sum_current=1.617148e+10 Msun
DEBUG: sample z (first valid): [2.71772181 3.62498236 4.49614223 2.38512397 1.87086035 2.12433257
 4.30698842 4.15747226 2.4423784  2.44527389]
DEBUG: Planck15 ages (Gyr): [2.39478419 1.73119918 1.33793874 2.75034876 3.50176631 3.09437815
 1.40985607 1.47136384 2.6831755  2.6798501 ]
DEBUG: cosmo_colibre ages (Gyr): [2.39655757 1.73315254 1.33991328 2.75195622 3.50286256 3.09577901
 1.41183203 1.47333905 2.684818   2.68149428]
DEBUG: us.look_back_time -> ages (Gyr): [2.39655757 1.73315254 1.33991328 2.75195622 3.50286256 3.09577901
 1.41183203 1.47333905 2.684818   2.68149429]
[53/100] subhalo 3298381 done; total_formed=2.719e+00
Building SWIFTGalaxy for subhalo 3300348 (soap_index=15473937)
Read masses: Nstars=11315, sum_current=1.478524e+10 Msun
DEBUG: sample z (first valid): [3.40370918 3.53473568 3.21534701 2.53598791 3.01593235 3.27362243
 2.6388673  2.59574235 2.7552143  2.95796594]
DEBUG: Planck15 ages (Gyr): [1.86236816 1.78279294 1.98753089 2.57899842 2.13592699 1.94735686
 2.47196685 2.51592627 2.35946799 2.18252253]
DEBUG: cosmo_colibre ages (Gyr): [1.86429967 1.78473855 1.98943512 2.58069184 2.13779091 1.94927052
 2.47370829 2.51764852 2.36125522 2.18437205]
DEBUG: us.look_back_time -> ages (Gyr): [1.86429968 1.78473855 1.98943512 2.58069184 2.13779091 1.94927052
 2.4737083  2.51764852 2.36125523 2.18437205]
[54/100] subhalo 3300348 done; total_formed=2.493e+00
Building SWIFTGalaxy for subhalo 6098149 (soap_index=15474372)
Read masses: Nstars=13888, sum_current=1.820639e+10 Msun
DEBUG: sample z (first valid): [3.09779278 3.1001001  2.63483084 4.01231358 2.79390992 4.65111667
 3.45853459 2.57105493 5.19784377 2.65551093]
DEBUG: Planck15 ages (Gyr): [2.07286466 2.07113186 2.47602762 1.5354563  2.32390941 1.2834351
 1.82837021 2.54167356 1.11774073 2.45533816]
DEBUG: cosmo_colibre ages (Gyr): [2.07474676 2.07301443 2.47776732 1.53742887 2.32571012 1.28540685
 1.83030806 2.54338422 1.1196942  2.45708668]
DEBUG: us.look_back_time -> ages (Gyr): [2.07474676 2.07301443 2.47776733 1.53742888 2.32571012 1.28540685
 1.83030806 2.54338422 1.1196942  2.45708668]
[55/100] subhalo 6098149 done; total_formed=3.073e+00
Building SWIFTGalaxy for subhalo 16285 (soap_index=15551640)
Read masses: Nstars=16298, sum_current=2.303247e+10 Msun
DEBUG: sample z (first valid): [3.23687613 7.92739409 6.91880135 5.90506796 0.88821021 6.49668268
 1.97431243 1.64236755 6.65071212 1.58015748]
DEBUG: Planck15 ages (Gyr): [1.97253087 0.64658383 0.77408185 0.95065463 6.34521986 0.84039302
 3.32548941 3.94966621 0.815138   4.0878532 ]
DEBUG: cosmo_colibre ages (Gyr): [1.97443869 0.64838055 0.77594025 0.95257284 6.34219149 0.84227697
 3.32672557 3.95034998 0.81701269 4.08839282]
DEBUG: us.look_back_time -> ages (Gyr): [1.97443869 0.64838055 0.77594025 0.95257285 6.3421915  0.84227698
 3.32672557 3.95034998 0.8170127  4.08839282]
[56/100] subhalo 16285 done; total_formed=3.841e+00
Building SWIFTGalaxy for subhalo 17327 (soap_index=15573516)
Read masses: Nstars=37367, sum_current=4.822914e+10 Msun
DEBUG: sample z (first valid): [3.43950684 0.84920993 3.28872456 6.12580189 0.6766271  0.69888013
 3.21968965 6.37602701 3.98410526 3.23687613]
DEBUG: Planck15 ages (Gyr): [1.84005243 6.52830868 1.93716433 0.90684381 7.44542725 7.31642667
 1.98449009 0.86109837 1.54844906 1.97253087]
DEBUG: cosmo_colibre ages (Gyr): [1.84198815 6.52488576 1.93908028 0.90874956 7.43978249 7.31111921
 1.98639505 0.86298951 1.55042087 1.97443869]
DEBUG: us.look_back_time -> ages (Gyr): [1.84198816 6.52488576 1.93908028 0.90874957 7.43978249 7.31111921
 1.98639506 0.86298951 1.55042088 1.97443869]
[57/100] subhalo 17327 done; total_formed=8.114e+00
Building SWIFTGalaxy for subhalo 1862941 (soap_index=15606010)
Read masses: Nstars=77606, sum_current=1.006377e+11 Msun
DEBUG: sample z (first valid): [2.69591699 0.44276154 0.43694089 0.42234569 0.56799694 1.40675725
 2.80051032 4.76901408 2.82580269 0.43505299]
DEBUG: Planck15 ages (Gyr): [2.41572569 9.0378532  9.08379164 9.20051278 8.12770313 4.51715841
 2.31793225 1.24439198 2.29526096 9.09876581]
DEBUG: cosmo_colibre ages (Gyr): [2.41749063 9.02738297 9.07316433 9.18948193 8.12013991 4.51719788
 2.31973517 1.24636078 2.29707217 9.08808708]
DEBUG: us.look_back_time -> ages (Gyr): [2.41749063 9.02738297 9.07316433 9.18948194 8.12013991 4.51719789
 2.31973517 1.24636078 2.29707217 9.08808708]
[58/100] subhalo 1862941 done; total_formed=1.684e+01
Building SWIFTGalaxy for subhalo 92742 (soap_index=15613432)
Read masses: Nstars=90383, sum_current=1.181163e+11 Msun
DEBUG: sample z (first valid): [3.10343748 0.54580621 0.4165658  3.23687613 6.15458515 1.50137405
 1.92493082 0.26879888 0.32342488 0.43543017]
DEBUG: Planck15 ages (Gyr): [ 2.06862971  8.27867399  9.24734942  1.97253087  0.90137836  4.27438259
  3.40778455 10.57416736 10.05310016  9.09577121]
DEBUG: cosmo_colibre ages (Gyr): [ 2.07051296  8.27065587  9.23615488  1.97443869  0.90328246  4.27471472
  3.40895694 10.55792479 10.03893305  9.08510277]
DEBUG: us.look_back_time -> ages (Gyr): [ 2.07051297  8.27065587  9.23615488  1.97443869  0.90328246  4.27471472
  3.40895694 10.55792479 10.03893306  9.08510277]
[59/100] subhalo 92742 done; total_formed=1.971e+01
Building SWIFTGalaxy for subhalo 89840 (soap_index=15623992)
Read masses: Nstars=50116, sum_current=6.870099e+10 Msun
DEBUG: sample z (first valid): [0.52565416 0.57281367 0.53107186 0.41951135 0.67748541 4.81611644
 6.4362873  1.90702626 6.18360189 0.52211074]
DEBUG: Planck15 ages (Gyr): [8.41945458 8.0954808  8.38125612 9.22343661 7.44038746 1.2293413
 0.8506526  3.43844561 0.89592376 8.44457932]
DEBUG: cosmo_colibre ages (Gyr): [8.41100241 8.08801325 8.37292266 9.21232577 7.43475603 1.23130875
 0.85254016 3.43959355 0.89782618 8.43604868]
DEBUG: us.look_back_time -> ages (Gyr): [8.41100241 8.08801325 8.37292266 9.21232577 7.43475603 1.23130875
 0.85254016 3.43959355 0.89782618 8.43604868]
[60/100] subhalo 89840 done; total_formed=1.129e+01
Building SWIFTGalaxy for subhalo 20557 (soap_index=15639493)
Read masses: Nstars=10032, sum_current=1.352205e+10 Msun
DEBUG: sample z (first valid): [1.26282715 1.40640376 1.84222396 1.23809849 1.78189999 1.27176927
 1.25970623 2.03688601 1.34828723 1.33323839]
DEBUG: Planck15 ages (Gyr): [4.93136834 4.51810668 3.55326204 5.00863688 3.66585715 4.9038941
 4.94101505 3.2257738  4.6784593  4.72147014]
DEBUG: cosmo_colibre ages (Gyr): [4.93084821 4.51814495 3.55431505 5.00800379 3.66681188 4.90341347
 4.94048096 3.2270836  4.67828998 4.72124319]
DEBUG: us.look_back_time -> ages (Gyr): [4.93084821 4.51814495 3.55431506 5.00800379 3.66681188 4.90341347
 4.94048097 3.2270836  4.67828998 4.7212432 ]
[61/100] subhalo 20557 done; total_formed=2.256e+00
Building SWIFTGalaxy for subhalo 93900 (soap_index=15654243)
Read masses: Nstars=58267, sum_current=7.754892e+10 Msun
DEBUG: sample z (first valid): [2.1981261  4.13846636 4.6992782  0.37553522 0.86903947 1.7687368
 3.94387447 5.34669766 3.77632826 2.0817267 ]
DEBUG: Planck15 ages (Gyr): [2.99016545 1.47950097 1.2672435  9.59017142 6.43420702 3.69119771
 1.56729723 1.07870479 1.65004049 3.15728212]
DEBUG: cosmo_colibre ages (Gyr): [2.99163372 1.48147595 1.26921412 9.57774801 6.43098892 3.6921296
 1.56926781 1.08065165 1.65200381 3.15864023]
DEBUG: us.look_back_time -> ages (Gyr): [2.99163372 1.48147596 1.26921412 9.57774801 6.43098892 3.6921296
 1.56926781 1.08065165 1.65200381 3.15864023]
[62/100] subhalo 93900 done; total_formed=1.293e+01
Building SWIFTGalaxy for subhalo 16708 (soap_index=15656970)
Read masses: Nstars=39498, sum_current=5.420799e+10 Msun
DEBUG: sample z (first valid): [1.65866126 1.08673502 1.21780034 0.81118727 3.03124808 9.82702792
 0.90356686 0.83348254 4.7166783  1.0920641 ]
DEBUG: Planck15 ages (Gyr): [3.91471857 5.52652977 5.0735128  6.71481907 2.12388934 0.48388612
 6.2753104  6.60447049 1.26147688 5.50687967]
DEBUG: cosmo_colibre ages (Gyr): [3.91543752 5.52506857 5.07278277 6.7109775  2.12575684 0.4855728
 6.27242841 6.60087865 1.26344707 5.50545217]
DEBUG: us.look_back_time -> ages (Gyr): [3.91543752 5.52506857 5.07278277 6.7109775  2.12575685 0.4855728
 6.27242841 6.60087865 1.26344707 5.50545217]
[63/100] subhalo 16708 done; total_formed=8.978e+00
Building SWIFTGalaxy for subhalo 220813 (soap_index=15671280)
Read masses: Nstars=52085, sum_current=7.160863e+10 Msun
DEBUG: sample z (first valid): [1.56963614 0.74446337 0.5010536  0.43392263 3.09318593 7.41661851
 7.04912798 7.80091318 0.74799957 0.62346413]
DEBUG: Planck15 ages (Gyr): [4.1119964  7.06263044 8.59622639 9.10774894 2.0763316  0.70638867
 0.75534844 0.66058803 7.04350812 7.76801064]
DEBUG: cosmo_colibre ages (Gyr): [4.11251    7.05796291 8.5872158  9.09703931 2.07821273 0.70821656
 0.75719886 0.66239244 7.03888753 7.76148695]
DEBUG: us.look_back_time -> ages (Gyr): [4.11251    7.05796291 8.58721581 9.09703931 2.07821273 0.70821657
 0.75719887 0.66239244 7.03888753 7.76148695]
[64/100] subhalo 220813 done; total_formed=1.176e+01
Building SWIFTGalaxy for subhalo 8246646 (soap_index=15736304)
Read masses: Nstars=12957, sum_current=1.726547e+10 Msun
DEBUG: sample z (first valid): [2.04988831 2.36634477 4.57895633 3.19564661 1.96489323 1.52664045
 3.16022345 2.77250748 1.52956616 2.20908824]
DEBUG: Planck15 ages (Gyr): [3.2056655  2.77298449 1.30834614 2.00142269 3.34093495 4.21309102
 2.02680857 2.34346674 4.20608534 2.97517468]
DEBUG: cosmo_colibre ages (Gyr): [3.20698967 2.77457975 1.31031935 2.0033235  3.34215934 4.21349297
 2.02870296 2.34526009 4.20649518 2.9766523 ]
DEBUG: us.look_back_time -> ages (Gyr): [3.20698967 2.77457976 1.31031935 2.0033235  3.34215934 4.21349297
 2.02870297 2.3452601  4.20649518 2.9766523 ]
[65/100] subhalo 8246646 done; total_formed=2.898e+00
Building SWIFTGalaxy for subhalo 95229 (soap_index=15753515)
Read masses: Nstars=19446, sum_current=2.548118e+10 Msun
DEBUG: sample z (first valid): [3.32381078 1.73659596 1.46746988 5.60312343 5.21901689 1.45729284
 2.62718619 7.18075147 1.41651917 2.16599034]
DEBUG: Planck15 ages (Gyr): [1.91382188 3.7542812  4.35891235 1.01655108 1.11204625 4.38481148
 2.48374847 0.73718124 4.49109725 3.03483139]
DEBUG: cosmo_colibre ages (Gyr): [1.91574293 3.75515509 4.3591455  1.01848542 1.11399882 4.38501368
 2.48548484 0.7390236  4.49116937 3.03627128]
DEBUG: us.look_back_time -> ages (Gyr): [1.91574293 3.75515509 4.3591455  1.01848542 1.11399883 4.38501368
 2.48548485 0.73902361 4.49116938 3.03627129]
[66/100] subhalo 95229 done; total_formed=4.258e+00
Building SWIFTGalaxy for subhalo 107 (soap_index=15773677)
Read masses: Nstars=67329, sum_current=8.507476e+10 Msun
DEBUG: sample z (first valid): [3.58678611 7.29674642 6.07121278 4.33159779 3.15758422 3.56029504
 1.59671923 3.83090078 3.23140496 3.84626192]
DEBUG: Planck15 ages (Gyr): [1.75273033 0.72176507 0.91736186 1.40014073 2.02872125 1.76792496
 4.05031008 1.62231002 1.97632504 1.6146434 ]
DEBUG: cosmo_colibre ages (Gyr): [1.75468059 0.72360031 0.91927073 1.40211664 2.03061514 1.76987291
 4.05088967 1.6242761  1.97823196 1.61661018]
DEBUG: us.look_back_time -> ages (Gyr): [1.75468059 0.72360032 0.91927074 1.40211665 2.03061515 1.76987292
 4.05088967 1.62427611 1.97823196 1.61661019]
[67/100] subhalo 107 done; total_formed=1.439e+01
Building SWIFTGalaxy for subhalo 19867 (soap_index=15773687)
Read masses: Nstars=41084, sum_current=5.320770e+10 Msun
DEBUG: sample z (first valid): [1.60518365 5.00201484 6.57291426 1.50941951 2.99902368 4.28388293
 1.60912493 2.82893199 2.20062512 1.70630988]
DEBUG: Planck15 ages (Gyr): [4.03133703 1.17278903 0.82773384 4.25471074 2.14934797 1.41907989
 4.0225516  2.29248136 2.98673715 3.81534065]
DEBUG: cosmo_colibre ages (Gyr): [4.03193659 1.17475028 0.82961322 4.25506545 2.15120783 1.42105585
 4.02316035 2.29429357 2.98820757 3.81615684]
DEBUG: us.look_back_time -> ages (Gyr): [4.03193659 1.17475029 0.82961322 4.25506545 2.15120783 1.42105586
 4.02316035 2.29429357 2.98820758 3.81615684]
[68/100] subhalo 19867 done; total_formed=8.957e+00
Building SWIFTGalaxy for subhalo 19925 (soap_index=15773688)
Read masses: Nstars=26040, sum_current=3.544865e+10 Msun
DEBUG: sample z (first valid): [3.63479491 1.90110668 1.55142879 6.1702407  2.76990336 1.76756757
 1.9724238  1.45766144 1.56722031 2.4423784 ]
DEBUG: Planck15 ages (Gyr): [1.72573847 3.44868167 4.15432404 0.89842858 2.34586486 3.69346235
 3.32857702 4.38386912 4.11757247 2.6831755 ]
DEBUG: cosmo_colibre ages (Gyr): [1.72769259 3.44982136 4.15479143 0.90033177 2.34765731 3.69439219
 3.32981083 4.38407245 4.11808003 2.684818  ]
DEBUG: us.look_back_time -> ages (Gyr): [1.72769259 3.44982136 4.15479143 0.90033177 2.34765731 3.69439219
 3.32981083 4.38407245 4.11808003 2.684818  ]
[69/100] subhalo 19925 done; total_formed=5.950e+00
Building SWIFTGalaxy for subhalo 20124 (soap_index=15773695)
Read masses: Nstars=14817, sum_current=2.068085e+10 Msun
DEBUG: sample z (first valid): [6.18754113 3.03472265 3.50698026 2.44020997 2.94082983 3.84196528
 4.53934579 2.26049751 2.16415604 3.02827463]
DEBUG: Planck15 ages (Gyr): [0.89518749 2.12117402 1.79917414 2.68567033 2.19661915 1.61678177
 1.32236353 2.90648662 3.0374138  2.12621759]
DEBUG: cosmo_colibre ages (Gyr): [0.89708967 2.12304233 1.80111706 2.68731155 2.19846414 1.61874836
 1.32433742 2.90800597 3.03885203 2.12808441]
DEBUG: us.look_back_time -> ages (Gyr): [0.89708968 2.12304233 1.80111706 2.68731155 2.19846415 1.61874836
 1.32433743 2.90800598 3.03885204 2.12808441]
[70/100] subhalo 20124 done; total_formed=3.484e+00
Building SWIFTGalaxy for subhalo 95528 (soap_index=15773728)
Read masses: Nstars=49111, sum_current=6.769285e+10 Msun
DEBUG: sample z (first valid): [3.01740943 3.43500034 2.72321327 4.9073373  5.6117837  3.8103347
 3.46308908 2.55401302 2.68676868 3.83018868]
DEBUG: Planck15 ages (Gyr): [2.13476115 1.84283732 2.38955724 1.2010384  1.01455634 1.63266921
 1.82559215 2.559701   2.42460175 1.62266689]
DEBUG: cosmo_colibre ages (Gyr): [2.13662542 1.84477253 2.3913327  1.20300297 1.01649023 1.63463429
 1.82753049 2.5614034  2.42636306 1.62463294]
DEBUG: us.look_back_time -> ages (Gyr): [2.13662543 1.84477253 2.3913327  1.20300297 1.01649023 1.6346343
 1.82753049 2.5614034  2.42636306 1.62463294]
[71/100] subhalo 95528 done; total_formed=1.139e+01
Building SWIFTGalaxy for subhalo 218204 (soap_index=15773746)
Read masses: Nstars=10516, sum_current=1.297769e+10 Msun
DEBUG: sample z (first valid): [7.26431274 4.62347692 4.65111667 4.70076548 2.62999889 4.55625265
 5.54313099 7.15987051 6.53460566 4.69333681]
DEBUG: Planck15 ages (Gyr): [0.72602129 1.29288311 1.2834351  1.26674888 2.48090313 1.31635019
 1.03055007 0.74001457 0.83405553 1.26922258]
DEBUG: cosmo_colibre ages (Gyr): [0.72785852 1.29485545 1.28540685 1.26871947 2.48264073 1.3183238
 1.03248745 0.74185821 0.83593722 1.27119334]
DEBUG: us.look_back_time -> ages (Gyr): [0.72785852 1.29485545 1.28540685 1.26871947 2.48264073 1.3183238
 1.03248745 0.74185821 0.83593722 1.27119335]
[72/100] subhalo 218204 done; total_formed=2.195e+00
Building SWIFTGalaxy for subhalo 472402 (soap_index=15773826)
Read masses: Nstars=11844, sum_current=1.669828e+10 Msun
DEBUG: sample z (first valid): [7.08188433 2.37466529 3.08374875 2.33822331 8.2032018  2.11334917
 4.11041797 2.80757611 2.12552461 2.15016343]
DEBUG: Planck15 ages (Gyr): [0.75075824 2.76291766 2.08346361 2.80745749 0.61770193 3.11039696
 1.4916466  2.31156166 3.09264773 3.05723225]
DEBUG: cosmo_colibre ages (Gyr): [0.75260666 2.76451838 2.08534276 2.80903381 0.61948202 3.11178708
 1.49362118 2.31336694 3.09404974 3.05865762]
DEBUG: us.look_back_time -> ages (Gyr): [0.75260666 2.76451838 2.08534276 2.80903381 0.61948202 3.11178708
 1.49362119 2.31336694 3.09404975 3.05865762]
[73/100] subhalo 472402 done; total_formed=2.808e+00
Building SWIFTGalaxy for subhalo 972994 (soap_index=15773977)
Read masses: Nstars=16924, sum_current=2.209659e+10 Msun
DEBUG: sample z (first valid): [1.33340454 1.31559607 1.50788306 2.20156326 1.33091478 1.23032943
 1.88653982 2.59416475 1.19654109 5.56936648]
DEBUG: Planck15 ages (Gyr): [4.72099183 4.77270414 4.25845623 2.98545182 4.72816759 5.03331117
 3.47408289 2.51755874 5.14290521 1.02438897]
DEBUG: cosmo_colibre ages (Gyr): [4.72076552 4.77240746 4.25880666 2.98692305 4.72793159 5.03264143
 3.47520194 2.51928026 5.14206934 1.02632503]
DEBUG: us.look_back_time -> ages (Gyr): [4.72076552 4.77240746 4.25880666 2.98692305 4.7279316  5.03264143
 3.47520194 2.51928027 5.14206934 1.02632503]
[74/100] subhalo 972994 done; total_formed=3.721e+00
Building SWIFTGalaxy for subhalo 973069 (soap_index=15773978)
Read masses: Nstars=7124, sum_current=1.025584e+10 Msun
DEBUG: sample z (first valid): [3.04968176 2.97043499 2.66000223 2.75909143 2.98201483 3.07841185
 2.83520599 3.58454005 2.56135203 2.67519067]
DEBUG: Planck15 ages (Gyr): [2.1095489  2.17235871 2.45088242 2.35586489 2.16298946 2.08751483
 2.28692517 1.75401022 2.55191188 2.43591242]
DEBUG: cosmo_colibre ages (Gyr): [2.11142061 2.17421143 2.45263281 2.35765351 2.16484511 2.08939283
 2.28873939 1.75596029 2.55361786 2.43766906]
DEBUG: us.look_back_time -> ages (Gyr): [2.11142061 2.17421144 2.45263282 2.35765351 2.16484512 2.08939284
 2.28873939 1.75596029 2.55361786 2.43766907]
[75/100] subhalo 973069 done; total_formed=1.728e+00
Building SWIFTGalaxy for subhalo 1903896 (soap_index=15774156)
Read masses: Nstars=6843, sum_current=9.596035e+09 Msun
DEBUG: sample z (first valid): [3.28507912 2.16049383 3.06929525 2.78470778 0.87954572 3.92381668
 3.29744262 2.69800248 3.41825659 2.72025431]
DEBUG: Planck15 ages (Gyr): [1.93961658 3.04258044 2.09446534 2.33228515 6.38520038 1.57683682
 1.93132052 2.41370975 1.85324581 2.39237133]
DEBUG: cosmo_colibre ages (Gyr): [1.94153198 3.04401533 2.09634138 2.33408273 6.38208724 1.57880671
 1.93323777 2.4154755  1.85517906 2.39414567]
DEBUG: us.look_back_time -> ages (Gyr): [1.94153198 3.04401533 2.09634139 2.33408273 6.38208724 1.57880671
 1.93323777 2.4154755  1.85517907 2.39414567]
[76/100] subhalo 1903896 done; total_formed=1.611e+00
Building SWIFTGalaxy for subhalo 1905392 (soap_index=15774179)
Read masses: Nstars=10228, sum_current=1.465577e+10 Msun
DEBUG: sample z (first valid): [5.05078017 1.50558189 8.31636932 1.82117951 1.74392899 3.57493892
 1.58341217 2.24725002 1.70407658 3.16286604]
DEBUG: Planck15 ages (Gyr): [1.15866623 4.26407582 0.60646622 3.59189557 3.73973525 1.75949877
 4.08043102 2.92393633 3.81990684 2.02489645]
DEBUG: cosmo_colibre ages (Gyr): [1.16062565 4.2644198  0.60823953 3.59291544 3.74062266 1.76144801
 4.08097859 2.92544525 3.82071865 2.02679133]
DEBUG: us.look_back_time -> ages (Gyr): [1.16062566 4.2644198  0.60823953 3.59291545 3.74062266 1.76144801
 4.08097859 2.92544526 3.82071865 2.02679134]
[77/100] subhalo 1905392 done; total_formed=2.447e+00
Building SWIFTGalaxy for subhalo 1909226 (soap_index=15774253)
Read masses: Nstars=23852, sum_current=3.352903e+10 Msun
DEBUG: sample z (first valid): [2.56173913 3.081714   2.85324553 2.1195735  1.11215676 2.70930496
 2.58041958 1.29870221 5.67372709 1.78521037]
DEBUG: Planck15 ages (Gyr): [2.55150211 2.08500665 2.27107263 3.10130245 5.43377483 2.40283223
 2.53185606 4.82260254 1.00047629 3.65952876]
DEBUG: cosmo_colibre ages (Gyr): [2.55320829 2.08688536 2.27289246 3.10269868 5.43247112 2.40460239
 2.53357116 4.82223681 1.00240698 3.66048914]
DEBUG: us.look_back_time -> ages (Gyr): [2.55320829 2.08688536 2.27289247 3.10269868 5.43247112 2.40460239
 2.53357117 4.82223681 1.00240698 3.66048915]
[78/100] subhalo 1909226 done; total_formed=5.639e+00
Building SWIFTGalaxy for subhalo 3323704 (soap_index=15774309)
Read masses: Nstars=9144, sum_current=1.215275e+10 Msun
DEBUG: sample z (first valid): [1.56641604 3.372273   1.88171665 2.5207908  2.98008017 3.72672196
 3.20479918 3.3813344  2.94320096 2.70930496]
DEBUG: Planck15 ages (Gyr): [4.11943154 1.88233666 3.48256056 2.59545482 2.16455015 1.67593543
 1.99494884 1.8765446  2.19465965 2.40283223]
DEBUG: cosmo_colibre ages (Gyr): [4.11993708 1.88426424 3.48367266 2.59714047 2.16640532 1.67789587
 1.99685125 1.87847333 2.19650528 2.40460239]
DEBUG: us.look_back_time -> ages (Gyr): [4.11993709 1.88426424 3.48367266 2.59714047 2.16640532 1.67789588
 1.99685125 1.87847334 2.19650528 2.40460239]
[79/100] subhalo 3323704 done; total_formed=2.045e+00
Building SWIFTGalaxy for subhalo 6215472 (soap_index=15774926)
Read masses: Nstars=9713, sum_current=1.355526e+10 Msun
DEBUG: sample z (first valid): [1.55441222 2.96562992 2.00706616 3.70264064 1.96087467 3.69522854
 3.51847766 1.70073354 5.31854994 3.79379709]
DEBUG: Planck15 ages (Gyr): [4.14734025 2.17626617 3.27267639 1.68874973 3.34756019 1.69272658
 1.7923583  3.82675858 1.08591117 1.64107898]
DEBUG: cosmo_colibre ages (Gyr): [4.14781532 2.17811767 3.27395204 1.69070864 3.34877951 1.69468501
 1.79430235 3.82756381 1.08785932 1.64304322]
DEBUG: us.look_back_time -> ages (Gyr): [4.14781532 2.17811767 3.27395204 1.69070865 3.34877951 1.69468501
 1.79430235 3.82756381 1.08785933 1.64304323]
[80/100] subhalo 6215472 done; total_formed=2.283e+00
Building SWIFTGalaxy for subhalo 10833831 (soap_index=15775754)
Read masses: Nstars=6232, sum_current=8.841571e+09 Msun
DEBUG: sample z (first valid): [2.27221889 2.17611709 2.01093448 2.34674701 3.53850416 2.52913301
 2.85279248 2.08928066 2.31358075 2.07796355]
DEBUG: Planck15 ages (Gyr): [2.89118893 3.02063886 3.26652941 2.79693468 1.78058782 2.58640005
 2.27146854 3.14597767 2.83824773 3.16293843]
DEBUG: cosmo_colibre ages (Gyr): [2.89271734 3.02208786 3.26780958 2.79851683 1.78253378 2.58808998
 2.27328824 3.14734358 2.83980675 3.16429262]
DEBUG: us.look_back_time -> ages (Gyr): [2.89271734 3.02208786 3.26780958 2.79851683 1.78253378 2.58808999
 2.27328824 3.14734358 2.83980675 3.16429262]
[81/100] subhalo 10833831 done; total_formed=1.486e+00
Building SWIFTGalaxy for subhalo 10835836 (soap_index=15775791)
Read masses: Nstars=5118, sum_current=8.208671e+09 Msun
DEBUG: sample z (first valid): [2.85052879 2.3440147  2.34026504 1.91271111 2.70636806 1.76639932
 2.18105038 3.63938836 2.34367347 2.01897918]
DEBUG: Planck15 ages (Gyr): [2.2734484  2.80030076 2.804931   3.42866193 2.40565094 3.69572734
 3.01376421 1.723192   2.8007216  3.25380611]
DEBUG: cosmo_colibre ages (Gyr): [2.2752674  2.80188105 2.80650872 3.42981771 2.40741995 3.69665511
 3.01521759 1.72514646 2.80230166 3.25509561]
DEBUG: us.look_back_time -> ages (Gyr): [2.27526741 2.80188106 2.80650873 3.42981772 2.40741996 3.69665512
 3.01521759 1.72514646 2.80230167 3.25509561]
[82/100] subhalo 10835836 done; total_formed=1.376e+00
Building SWIFTGalaxy for subhalo 476152 (soap_index=15883835)
Read masses: Nstars=35161, sum_current=4.328940e+10 Msun
DEBUG: sample z (first valid): [6.13977557 0.39950457 1.96972993 2.45836412 0.19626168 4.67018515
 3.93382519 1.97566291 3.93382519 3.60483418]
DEBUG: Planck15 ages (Gyr): [ 0.90418359  9.38767349  3.33298919  2.66490044 11.32847088  1.27698356
  1.57206473  3.32328444  1.57206473  1.74250176]
DEBUG: cosmo_colibre ages (Gyr): [ 0.90608854  9.37598244  3.33421964  2.66655217 11.30902068  1.27895488
  1.57403497  3.32452226  1.57403497  1.74445351]
DEBUG: us.look_back_time -> ages (Gyr): [ 0.90608854  9.37598244  3.33421965  2.66655217 11.30902068  1.27895488
  1.57403497  3.32452227  1.57403497  1.74445352]
[83/100] subhalo 476152 done; total_formed=7.304e+00
Building SWIFTGalaxy for subhalo 1959973 (soap_index=15900712)
Read masses: Nstars=33736, sum_current=4.681751e+10 Msun
DEBUG: sample z (first valid): [0.32610279 5.623143   0.01998381 1.88653982 0.26566242 3.85451852
 0.11395159 0.01587302 0.09124817 0.12157722]
DEBUG: Planck15 ages (Gyr): [10.0285229   1.01194975 13.51332783  3.47408289 10.60526478  1.61054736
 12.28112902 13.57113312 12.56386108 12.18818343]
DEBUG: cosmo_colibre ages (Gyr): [10.01445076  1.01388306 13.48335606  3.47520194 10.58889465  1.61251451
 12.25730429 13.54086044 12.53867266 12.16480065]
DEBUG: us.look_back_time -> ages (Gyr): [10.01445077  1.01388306 13.48335606  3.47520194 10.58889465  1.61251452
 12.25730429 13.54086044 12.53867266 12.16480065]
[84/100] subhalo 1959973 done; total_formed=7.806e+00
Building SWIFTGalaxy for subhalo 2116 (soap_index=15903074)
Read masses: Nstars=434894, sum_current=5.409435e+11 Msun
DEBUG: sample z (first valid): [0.64382462 2.37501287 2.28698967 0.65930727 0.61897233 0.62960016
 0.63382529 0.62507439 0.64547554 0.60990469]
DEBUG: Planck15 ages (Gyr): [7.64200116 2.76249844 2.87209856 7.54824686 7.79623431 7.72970529
 7.70349542 7.75793047 7.63191999 7.85368519]
DEBUG: cosmo_colibre ages (Gyr): [7.63582682 2.76409938 2.87363812 7.54232745 7.78963132 7.72328861
 7.69715156 7.75143501 7.62577328 7.84691958]
DEBUG: us.look_back_time -> ages (Gyr): [7.63582683 2.76409938 2.87363813 7.54232745 7.78963132 7.72328862
 7.69715156 7.75143501 7.62577328 7.84691958]
[85/100] subhalo 2116 done; total_formed=9.004e+01
Building SWIFTGalaxy for subhalo 21352 (soap_index=16062558)
Read masses: Nstars=485066, sum_current=6.144432e+11 Msun
DEBUG: sample z (first valid): [0.30935827 0.31545564 0.20399765 0.87481405 1.5524225  0.98353511
 3.28116018 0.25605642 1.75338207 2.25952452]
DEBUG: Planck15 ages (Gyr): [10.18365197 10.12676123 11.24440952  6.40719928  4.15199582  5.92996145
  1.94225853 10.70133229  3.72111841  2.90776244]
DEBUG: cosmo_colibre ages (Gyr): [10.16897593 10.11230788 11.22532831  6.40403917  4.15246577  5.927768
  1.94417334 10.68456552  3.72202299  2.90928104]
DEBUG: us.look_back_time -> ages (Gyr): [10.16897593 10.11230788 11.22532831  6.40403917  4.15246577  5.92776801
  1.94417334 10.68456552  3.72202299  2.90928104]
[86/100] subhalo 21352 done; total_formed=1.026e+02
Building SWIFTGalaxy for subhalo 1036725 (soap_index=16098020)
Read masses: Nstars=567159, sum_current=7.119798e+11 Msun
DEBUG: sample z (first valid): [0.61402817 0.89585744 1.6398131  1.44373182 1.1881803  1.78497365
 1.07931975 7.57183964 1.46172339 1.72476301]
DEBUG: Planck15 ages (Gyr): [7.82748035 6.31025595 3.95519091 4.41970876 5.17060977 3.6599807
 5.55405704 0.68727191 4.37350603 3.77794761]
DEBUG: cosmo_colibre ages (Gyr): [7.82078911 6.30730109 3.95586907 4.4198688  5.16973103 3.66094068
 5.55254832 0.6890903  4.37372177 3.77879932]
DEBUG: us.look_back_time -> ages (Gyr): [7.82078911 6.30730109 3.95586908 4.4198688  5.16973103 3.66094068
 5.55254832 0.6890903  4.37372178 3.77879932]
[87/100] subhalo 1036725 done; total_formed=1.190e+02
Building SWIFTGalaxy for subhalo 1038064 (soap_index=16098030)
Read masses: Nstars=14948, sum_current=1.965329e+10 Msun
DEBUG: sample z (first valid): [3.31498551 6.31591873 1.03136817 5.35963125 1.32512595 6.11111111
 0.15274748 1.69939863 7.13101737 4.46133333]
DEBUG: Planck15 ages (Gyr): [ 1.91964929  0.87173188  5.73740271  1.07542012  4.74491923  0.9096546
 11.81845504  3.82950011  0.74395953  1.35071033]
DEBUG: cosmo_colibre ages (Gyr): [ 1.92156908  0.87362656  5.7355684   1.07736638  4.74466051  0.9115612
 11.79679834  3.83030269  0.74580494  1.3526853 ]
DEBUG: us.look_back_time -> ages (Gyr): [ 1.92156909  0.87362657  5.7355684   1.07736638  4.74466052  0.9115612
 11.79679834  3.83030269  0.74580494  1.35268531]
[88/100] subhalo 1038064 done; total_formed=3.308e+00
Building SWIFTGalaxy for subhalo 101591 (soap_index=16236984)
Read masses: Nstars=78533, sum_current=1.088815e+11 Msun
DEBUG: sample z (first valid): [0.35955522 0.58513932 0.97754979 6.87881702 0.89871364 0.72245585
 1.39339712 0.49954238 0.55845144 1.05210421]
DEBUG: Planck15 ages (Gyr): [9.72875703 8.01389779 5.95476876 0.77998457 6.29727401 7.18344955
 4.55322092 8.60726593 8.19213254 5.65696439]
DEBUG: cosmo_colibre ages (Gyr): [9.71582168 8.00667023 5.95252777 0.78184541 6.29434628 7.1784813
 4.55321472 8.59821998 8.18437652 5.65527488]
DEBUG: us.look_back_time -> ages (Gyr): [9.71582168 8.00667023 5.95252777 0.78184541 6.29434628 7.1784813
 4.55321472 8.59821998 8.18437652 5.65527488]
[89/100] subhalo 101591 done; total_formed=1.794e+01
Building SWIFTGalaxy for subhalo 23245957 (soap_index=16335762)
Read masses: Nstars=22035, sum_current=2.999053e+10 Msun
DEBUG: sample z (first valid): [5.0385147  0.47086812 1.0899292  2.31224098 6.46593757 3.61423643
 3.09318593 3.60936841 5.20664836 0.41521983]
DEBUG: Planck15 ages (Gyr): [1.16219172 8.820804   5.51473847 2.8399376  0.84558995 1.7372122
 2.0763316  1.73994755 1.11536688 9.25830681]
DEBUG: cosmo_colibre ages (Gyr): [1.16415162 8.81106262 5.51329752 2.84149565 0.84747574 1.73916471
 2.07821273 1.74189967 1.11731998 9.24707382]
DEBUG: us.look_back_time -> ages (Gyr): [1.16415162 8.81106262 5.51329752 2.84149565 0.84747574 1.73916471
 2.07821273 1.74189967 1.11731998 9.24707382]
[90/100] subhalo 23245957 done; total_formed=4.972e+00
Building SWIFTGalaxy for subhalo 78984 (soap_index=16393532)
Read masses: Nstars=78988, sum_current=1.056927e+11 Msun
DEBUG: sample z (first valid): [0.30977696 0.35606688 0.23643499 0.42234569 0.42024965 4.65306651
 7.69466003 0.53293413 0.14054995 0.54668177]
DEBUG: Planck15 ages (Gyr): [10.17973056  9.75939959 10.90150135  9.20051278  9.21745717  1.28277292
  0.67274689  8.36818585 11.96121549  8.27263764]
DEBUG: cosmo_colibre ages (Gyr): [10.16506991  9.74634987 10.88389569  9.18948193  9.20636722  1.28474463
  0.67455777  8.35989284 11.93889841  8.26463792]
DEBUG: us.look_back_time -> ages (Gyr): [10.16506991  9.74634987 10.88389569  9.18948194  9.20636722  1.28474463
  0.67455777  8.35989285 11.93889841  8.26463792]
[91/100] subhalo 78984 done; total_formed=1.758e+01
Building SWIFTGalaxy for subhalo 79920 (soap_index=16400042)
Read masses: Nstars=28930, sum_current=3.769943e+10 Msun
DEBUG: sample z (first valid): [1.08355058 1.99552061 3.95396477 7.64191996 1.85286436 1.33456825
 3.2800418  0.75680892 1.08288838 0.85970488]
DEBUG: Planck15 ages (Gyr): [5.53832473 3.29113562 1.56253433 0.67892094 3.53398483 4.71764386
 1.94301358 6.99621527 5.54078248 6.47824048]
DEBUG: cosmo_colibre ages (Gyr): [5.53684322 3.29239759 1.56450523 0.68073504 3.53505415 4.71742207
 1.94492822 6.99171001 5.53929672 6.47492707]
DEBUG: us.look_back_time -> ages (Gyr): [5.53684322 3.29239759 1.56450524 0.68073504 3.53505416 4.71742207
 1.94492822 6.99171001 5.53929672 6.47492707]
[92/100] subhalo 79920 done; total_formed=6.298e+00
Building SWIFTGalaxy for subhalo 865913 (soap_index=16479686)
Read masses: Nstars=5656, sum_current=9.507646e+09 Msun
DEBUG: sample z (first valid): [0.9111163  2.02232061 0.9673391  1.09006251 0.91580917 1.29291162
 0.79629427 0.9640374  1.14183934 0.82938812]
DEBUG: Planck15 ages (Gyr): [6.24138137 3.24854515 5.99746592 5.51424725 6.22043434 4.83989785
 6.79012703 6.01137497 5.32855231 6.62452415]
DEBUG: cosmo_colibre ages (Gyr): [6.23856957 3.24983848 5.99514239 5.51280714 6.21766559 4.83950792
 6.78611161 6.00902436 5.32742238 6.62088737]
DEBUG: us.look_back_time -> ages (Gyr): [6.23856957 3.24983848 5.99514239 5.51280714 6.21766559 4.83950793
 6.78611161 6.00902437 5.32742238 6.62088737]
[93/100] subhalo 865913 done; total_formed=1.572e+00
Building SWIFTGalaxy for subhalo 1708028 (soap_index=16479711)
Read masses: Nstars=23781, sum_current=3.025447e+10 Msun
DEBUG: sample z (first valid): [3.00024416 2.24210943 2.60722149 2.57651168 2.58865404 4.29755072
 3.07663598 2.99756008 2.52989335 2.64615556]
DEBUG: Planck15 ages (Gyr): [2.14837458 2.93075384 2.5041001  2.53594534 2.52327483 1.4136116
 2.08886576 2.15051622 2.58557734 2.46466239]
DEBUG: cosmo_colibre ages (Gyr): [2.15023473 2.93225866 2.50582758 2.5376586  2.5249938  1.41558756
 2.09074339 2.15237572 2.58726766 2.46640696]
DEBUG: us.look_back_time -> ages (Gyr): [2.15023474 2.93225866 2.50582758 2.5376586  2.5249938  1.41558757
 2.09074339 2.15237572 2.58726767 2.46640696]
[94/100] subhalo 1708028 done; total_formed=5.105e+00
Building SWIFTGalaxy for subhalo 3124108 (soap_index=16479757)
Read masses: Nstars=14588, sum_current=2.108248e+10 Msun
DEBUG: sample z (first valid): [0.14397431 6.10417344 4.65306651 4.36784339 0.12357701 0.14253835
 4.41709373 7.26431274 0.5608269  2.90746482]
DEBUG: Planck15 ages (Gyr): [11.92089036  0.91098703  1.28277292  1.38603239 12.16397369 11.93777653
  1.36723638  0.72602129  8.17602719  2.22450088]
DEBUG: cosmo_colibre ages (Gyr): [11.8987606   0.91289402  1.28474463  1.38800816 12.1407055  11.91556841
  1.3692118   0.72785852  8.16831955  2.2263367 ]
DEBUG: us.look_back_time -> ages (Gyr): [11.8987606   0.91289402  1.28474463  1.38800816 12.1407055  11.91556841
  1.3692118   0.72785852  8.16831955  2.2263367 ]
[95/100] subhalo 3124108 done; total_formed=3.468e+00
Building SWIFTGalaxy for subhalo 8292 (soap_index=16494170)
Read masses: Nstars=22329, sum_current=3.070751e+10 Msun
DEBUG: sample z (first valid): [2.73169343 1.31559607 5.43772102 1.54488972 3.795551   3.93382519
 5.43772102 2.82000466 2.9460501  3.13502429]
DEBUG: Planck15 ages (Gyr): [2.3815224  4.77270414 1.05593618 4.16969761 1.64018367 1.57206473
 1.05593618 2.30042574 2.19230895 2.04519303]
DEBUG: cosmo_colibre ages (Gyr): [2.38330103 4.77240746 1.05787874 4.17014803 1.64214801 1.57403497
 1.05787874 2.30223508 2.19415533 2.0470826 ]
DEBUG: us.look_back_time -> ages (Gyr): [2.38330104 4.77240746 1.05787875 4.17014803 1.64214801 1.57403497
 1.05787875 2.30223509 2.19415533 2.04708261]
[96/100] subhalo 8292 done; total_formed=5.116e+00
Building SWIFTGalaxy for subhalo 190801 (soap_index=16494174)
Read masses: Nstars=12098, sum_current=1.605454e+10 Msun
DEBUG: sample z (first valid): [1.22231265 1.33390313 1.90625277 1.39567188 3.91384869 1.36319054
 1.04174715 1.08037585 7.09786235 1.32628141]
DEBUG: Planck15 ages (Gyr): [5.05897564 4.71955693 3.43978031 4.54704819 1.58161349 4.63647912
 5.6969176  5.55012336 0.74853601 4.74156799]
DEBUG: cosmo_colibre ages (Gyr): [5.0582675  4.71933256 3.44092717 4.54704985 1.58358302 4.63636526
 5.69515655 5.54862145 0.75038345 4.74131383]
DEBUG: us.look_back_time -> ages (Gyr): [5.0582675  4.71933256 3.44092717 4.54704985 1.58358302 4.63636526
 5.69515655 5.54862145 0.75038346 4.74131383]
[97/100] subhalo 190801 done; total_formed=2.695e+00
Building SWIFTGalaxy for subhalo 5888368 (soap_index=16494236)
Read masses: Nstars=26841, sum_current=3.616507e+10 Msun
DEBUG: sample z (first valid): [4.68740779 0.53566407 1.942793   0.6017206  0.81580406 0.68386434
 0.67972114 0.95047619 2.45836412 1.97863831]
DEBUG: Planck15 ages (Gyr): [1.27120265 8.34908102 3.37763749 7.90609005 6.69173566 7.40309459
 7.42728424 6.06903718 2.66490044 3.31843485]
DEBUG: cosmo_colibre ages (Gyr): [1.27317356 8.34084701 3.37883355 7.8991747  6.68794681 7.39756141
 7.42168741 6.06657334 2.66655217 3.31967634]
DEBUG: us.look_back_time -> ages (Gyr): [1.27317357 8.34084701 3.37883355 7.8991747  6.68794681 7.39756141
 7.42168741 6.06657334 2.66655217 3.31967634]
[98/100] subhalo 5888368 done; total_formed=6.034e+00
Building SWIFTGalaxy for subhalo 5899251 (soap_index=16510448)
Read masses: Nstars=63889, sum_current=8.643265e+10 Msun
DEBUG: sample z (first valid): [3.64234611 0.4663922  0.85297444 0.41803704 3.01494823 5.65002537
 0.47086812 0.12845237 0.44276154 0.37692243]
DEBUG: Planck15 ages (Gyr): [ 1.7215556   8.85484696  6.51028052  9.235394    2.13670432  1.00582526
  8.820804   12.10523689  9.0378532   9.57827777]
DEBUG: cosmo_colibre ages (Gyr): [ 1.72351028  8.84499272  6.50689717  9.22424134  2.13856801  1.00775717
  8.81106262 12.08224581  9.02738297  9.56589789]
DEBUG: us.look_back_time -> ages (Gyr): [ 1.72351029  8.84499272  6.50689717  9.22424134  2.13856801  1.00775718
  8.81106262 12.08224581  9.02738297  9.56589789]
[99/100] subhalo 5899251 done; total_formed=1.442e+01
Building SWIFTGalaxy for subhalo 81665 (soap_index=16532010)
Read masses: Nstars=33265, sum_current=4.601281e+10 Msun
DEBUG: sample z (first valid): [0.77392811 4.56191123 0.22077341 9.0631094  3.51910081 3.65652977
 0.56320962 4.09690465 7.0161458  5.71131592]
DEBUG: Planck15 ages (Gyr): [ 6.9056969   1.3143477  11.06516333  0.5401319   1.79199011  1.71374399
  8.15992048  1.49755732  0.76001761  0.99208963]
DEBUG: cosmo_colibre ages (Gyr): [ 6.90140934  1.31632122 11.04685942  0.54186143  1.79393421  1.71569973
  8.1522611   1.49953168  0.76187005  0.99401834]
DEBUG: us.look_back_time -> ages (Gyr): [ 6.90140934  1.31632122 11.04685942  0.54186144  1.79393422  1.71569973
  8.1522611   1.49953168  0.76187005  0.99401834]
[100/100] subhalo 81665 done; total_formed=7.686e+00
All halos processed. Writing CSV.
Wrote relicness_extras_500_600.csv (100 rows) in 12808.0s
