Will process 30 subhalos (test=False)
Mapping requested subhalos -> SOAP rows (chunked scan)...
Found SOAP rows for 30 / 30 requested subhalos
Reading SOAP StellarMass & HalfMassRadiusStars for requested rows (applying Mu/Lu conversions)...
Summing PartType4/Masses via mapping NPZ (particle-level current stellar mass -> Msun)...
Analysing subhalo 1169393
Analysing subhalo 3627403
Analysing subhalo 11550879
Analysing subhalo 269394
Analysing subhalo 1180235
Analysing subhalo 280968
Analysing subhalo 2371569
Analysing subhalo 1209557
Analysing subhalo 1224517
Analysing subhalo 1213171
Analysing subhalo 285724
Analysing subhalo 610608
Analysing subhalo 28518
Analysing subhalo 133646
Analysing subhalo 8510907
Analysing subhalo 534906
Analysing subhalo 30659
Analysing subhalo 250116
Analysing subhalo 254065
Analysing subhalo 31582
Analysing subhalo 2195254
Analysing subhalo 558750
Analysing subhalo 117417
Analysing subhalo 1167153
Analysing subhalo 3931
Analysing subhalo 15025222
Analysing subhalo 1198912
Analysing subhalo 3690937
Analysing subhalo 3725838
Analysing subhalo 290452
halos:   0%|                                                                 | 0/30 [00:00<?, ?it/s]Flushed 30 rows to outfiles/relic_chunk_036.csv
halos: 100%|███████████████████████████████████████████████████████| 30/30 [00:00<00:00, 465.60it/s]
Done. Wrote 30 rows to outfiles/relic_chunk_036.csv
