Task 6: rendering galaxies 109 to 118
Using PARTRIDGE at: /home/mzemsch/COLIBRE-analysis/PARTRIDGE
Found 267 relic IDs in z0_relics_trackids.csv using column 'track_id'
Rendering IDs in range [109, 119) -> 10 galaxies
[1/10] Rendering halo 14823
Calculating stellar luminosities from FSPS tables.
Luminosity generation for all bands done. Time taken: 4.827 s (read-in time: 4.106 s).
Loaded in and pre-processed the data. Total pre-processing time taken: 82.072 s.
Generated star smoothing lengths. Time taken: 4.260 s.
Rendered the stars onto the grid. Time taken: 342.055 s.
Rendered the dust onto the grid. Time taken: 150.632 s.
Computed the projected luminosity maps. Total time taken: 500.885 s.
Created the RGB image.
Created the RGB image.
Done! Total time taken: 587.330 s.
[2/10] Rendering halo 22568
Calculating stellar luminosities from FSPS tables.
Luminosity generation for all bands done. Time taken: 3.380 s (read-in time: 2.869 s).
Loaded in and pre-processed the data. Total pre-processing time taken: 92.954 s.
Generated star smoothing lengths. Time taken: 3.203 s.
Rendered the stars onto the grid. Time taken: 253.184 s.
Rendered the dust onto the grid. Time taken: 158.446 s.
Computed the projected luminosity maps. Total time taken: 419.150 s.
Created the RGB image.
Created the RGB image.
Done! Total time taken: 515.376 s.
[3/10] Rendering halo 4253
Calculating stellar luminosities from FSPS tables.
Luminosity generation for all bands done. Time taken: 4.199 s (read-in time: 4.137 s).
Loaded in and pre-processed the data. Total pre-processing time taken: 81.708 s.
Generated star smoothing lengths. Time taken: 0.687 s.
Rendered the stars onto the grid. Time taken: 124.477 s.
Rendered the dust onto the grid. Time taken: 199.049 s.
Computed the projected luminosity maps. Total time taken: 331.537 s.
Created the RGB image.
Created the RGB image.
Done! Total time taken: 414.022 s.
[4/10] Rendering halo 19217
Calculating stellar luminosities from FSPS tables.
Luminosity generation for all bands done. Time taken: 2.164 s (read-in time: 2.118 s).
Loaded in and pre-processed the data. Total pre-processing time taken: 86.581 s.
Generated star smoothing lengths. Time taken: 0.359 s.
Rendered the stars onto the grid. Time taken: 148.497 s.
Rendered the dust onto the grid. Time taken: 151.469 s.
Computed the projected luminosity maps. Total time taken: 308.174 s.
Created the RGB image.
Created the RGB image.
Done! Total time taken: 395.205 s.
[5/10] Rendering halo 127129
Calculating stellar luminosities from FSPS tables.
Luminosity generation for all bands done. Time taken: 5.982 s (read-in time: 5.762 s).
Loaded in and pre-processed the data. Total pre-processing time taken: 120.268 s.
Generated star smoothing lengths. Time taken: 1.496 s.
Rendered the stars onto the grid. Time taken: 245.762 s.
Rendered the dust onto the grid. Time taken: 179.958 s.
Computed the projected luminosity maps. Total time taken: 433.836 s.
Created the RGB image.
Created the RGB image.
Done! Total time taken: 555.709 s.
[6/10] Rendering halo 216550
Calculating stellar luminosities from FSPS tables.
Luminosity generation for all bands done. Time taken: 4.714 s (read-in time: 4.632 s).
Loaded in and pre-processed the data. Total pre-processing time taken: 100.104 s.
Generated star smoothing lengths. Time taken: 1.396 s.
Rendered the stars onto the grid. Time taken: 132.151 s.
Rendered the dust onto the grid. Time taken: 180.348 s.
Computed the projected luminosity maps. Total time taken: 321.019 s.
Created the RGB image.
Created the RGB image.
Done! Total time taken: 422.641 s.
[7/10] Halo 284458 already rendered, skipping.
[8/10] Rendering halo 600989
Calculating stellar luminosities from FSPS tables.
Luminosity generation for all bands done. Time taken: 4.717 s (read-in time: 3.973 s).
Loaded in and pre-processed the data. Total pre-processing time taken: 100.063 s.
Generated star smoothing lengths. Time taken: 4.252 s.
Rendered the stars onto the grid. Time taken: 277.535 s.
Rendered the dust onto the grid. Time taken: 181.224 s.
Computed the projected luminosity maps. Total time taken: 465.500 s.
Created the RGB image.
Created the RGB image.
Done! Total time taken: 569.902 s.
[9/10] Rendering halo 1950115
Calculating stellar luminosities from FSPS tables.
Luminosity generation for all bands done. Time taken: 1.703 s (read-in time: 1.404 s).
Loaded in and pre-processed the data. Total pre-processing time taken: 75.242 s.
Generated star smoothing lengths. Time taken: 1.858 s.
Rendered the stars onto the grid. Time taken: 228.648 s.
Rendered the dust onto the grid. Time taken: 148.530 s.
Computed the projected luminosity maps. Total time taken: 385.361 s.
Created the RGB image.
Created the RGB image.
Done! Total time taken: 462.555 s.
[10/10] Rendering halo 590734
Calculating stellar luminosities from FSPS tables.
Luminosity generation for all bands done. Time taken: 3.528 s (read-in time: 3.467 s).
Loaded in and pre-processed the data. Total pre-processing time taken: 101.419 s.
Generated star smoothing lengths. Time taken: 0.475 s.
Rendered the stars onto the grid. Time taken: 140.517 s.
Rendered the dust onto the grid. Time taken: 193.500 s.
Computed the projected luminosity maps. Total time taken: 341.545 s.
Created the RGB image.
Created the RGB image.
Done! Total time taken: 443.525 s.
Done.
