Starting pure-swift relicness script
Loaded SOAP mapping for 91142867 halos
Batch mode: processing 100 halos (slice 1600:1700)
Building SWIFTGalaxy for subhalo 287069 (soap_index=46984698)
Read masses: Nstars=129967, sum_current=1.707593e+11 Msun
DEBUG: sample z (first valid): [6.30124777 6.66592584 4.66430424 2.47597327 2.87282827 8.29720528
 2.81600093 0.28896232 0.29949239 4.58466127]
DEBUG: Planck15 ages (Gyr): [ 0.87436042  0.81271204  1.27896753  2.64500498  2.25406803  0.6083449
  2.30400339 10.37736592 10.27669316  1.30634758]
DEBUG: cosmo_colibre ages (Gyr): [ 0.87625597  0.81458582  1.28093898  2.64666661  2.2558938   0.61011935
  2.30581143 10.36192101 10.26164986  1.30832069]
DEBUG: us.look_back_time -> ages (Gyr): [ 0.87625597  0.81458582  1.28093899  2.64666661  2.2558938   0.61011936
  2.30581144 10.36192102 10.26164987  1.30832069]
[1/100] subhalo 287069 done; total_formed=2.849e+01
Building SWIFTGalaxy for subhalo 40888 (soap_index=47004126)
Read masses: Nstars=37138, sum_current=4.991980e+10 Msun
DEBUG: sample z (first valid): [5.94016732 3.50760025 1.65306453 4.89936088 3.41915037 5.99647699
 5.88403361 2.99658495 1.4899696  1.39935564]
DEBUG: Planck15 ages (Gyr): [0.94345568 1.79880551 3.92666613 1.20346989 1.85268775 0.93209406
 0.95501267 2.15129515 4.30251945 4.53708046]
DEBUG: cosmo_colibre ages (Gyr): [0.94537194 1.80074849 3.92737311 1.20543472 1.85462111 0.93400717
 0.95693204 2.15315442 4.30281898 4.53709477]
DEBUG: us.look_back_time -> ages (Gyr): [0.94537195 1.80074849 3.92737311 1.20543473 1.85462111 0.93400717
 0.95693204 2.15315442 4.30281898 4.53709477]
[2/100] subhalo 40888 done; total_formed=8.320e+00
Building SWIFTGalaxy for subhalo 4016139 (soap_index=47018247)
Read masses: Nstars=104638, sum_current=1.392656e+11 Msun
DEBUG: sample z (first valid): [4.95348837 5.9682084  1.88933956 2.75650579 1.2167501  1.41171708
 1.93962501 0.41521983 0.35741508 1.70474618]
DEBUG: Planck15 ages (Gyr): [1.18712863 0.93776923 3.46917718 2.35826677 5.07690585 4.50388704
 3.38295251 9.25830681 9.74753989 3.81853685]
DEBUG: cosmo_colibre ages (Gyr): [1.18909162 0.93968393 3.47030024 2.36005447 5.07617069 4.50394317
 3.38414442 9.24707382 9.73453449 3.81934997]
DEBUG: us.look_back_time -> ages (Gyr): [1.18909162 0.93968393 3.47030024 2.36005447 5.07617069 4.50394317
 3.38414442 9.24707382 9.73453449 3.81934997]
[3/100] subhalo 4016139 done; total_formed=2.331e+01
Building SWIFTGalaxy for subhalo 610266 (soap_index=47085848)
Read masses: Nstars=23266, sum_current=3.274658e+10 Msun
DEBUG: sample z (first valid): [3.51225558 0.91379512 0.61977261 2.21854435 3.56760524 0.6034449
 0.07803658 2.6016707  0.58513932 0.18116935]
DEBUG: Planck15 ages (Gyr): [ 1.79604154  6.22941077  7.79119446  2.96234201  1.76371029  7.89500499
 12.73263409  2.50980725  8.01389779 11.49507589]
DEBUG: cosmo_colibre ages (Gyr): [ 1.79798497  6.2266236   7.78460566  2.96382757  1.76565889  7.88812143
 12.70661799  2.51153221  8.00667023 11.47488601]
DEBUG: us.look_back_time -> ages (Gyr): [ 1.79798498  6.22662361  7.78460566  2.96382757  1.76565889  7.88812143
 12.70661799  2.51153222  8.00667023 11.47488601]
[4/100] subhalo 610266 done; total_formed=5.320e+00
Building SWIFTGalaxy for subhalo 616748 (soap_index=47112666)
Read masses: Nstars=112745, sum_current=1.481098e+11 Msun
DEBUG: sample z (first valid): [1.83705628 0.99052363 1.64856127 1.02421547 1.05416249 1.59857256
 1.07143309 1.04327493 2.87099823 1.29870221]
DEBUG: Planck15 ages (Gyr): [3.56268611 5.9012006  3.93632232 5.76556723 5.64907697 4.04614351
 5.58357241 5.69099618 2.25564824 4.82260254]
DEBUG: cosmo_colibre ages (Gyr): [3.56373109 5.89906192 3.93701959 5.76368149 5.64740149 4.0467275
 5.58201235 5.68924579 2.25747346 4.82223681]
DEBUG: us.look_back_time -> ages (Gyr): [3.56373109 5.89906192 3.93701959 5.76368149 5.64740149 4.0467275
 5.58201235 5.68924579 2.25747346 4.82223681]
[5/100] subhalo 616748 done; total_formed=2.479e+01
Building SWIFTGalaxy for subhalo 1246565 (soap_index=47112669)
Read masses: Nstars=48460, sum_current=6.421020e+10 Msun
DEBUG: sample z (first valid): [5.9682084  2.64210292 1.65306453 0.10240883 3.8248546  1.08567246
 0.80659389 4.87556034 1.94861873 0.52565416]
DEBUG: Planck15 ages (Gyr): [ 0.93776923  2.46871964  3.92666613 12.42373765  1.62534418  5.53046101
  6.73790777  1.21077391  3.36789893  8.41945458]
DEBUG: cosmo_colibre ages (Gyr): [ 0.93968393  2.47046247  3.92737311 12.39922869  1.62730997  5.52899305
  6.73401319  1.21273952  3.36910256  8.41100241]
DEBUG: us.look_back_time -> ages (Gyr): [ 0.93968393  2.47046248  3.92737311 12.3992287   1.62730997  5.52899305
  6.73401319  1.21273952  3.36910257  8.41100241]
[6/100] subhalo 1246565 done; total_formed=1.078e+01
Building SWIFTGalaxy for subhalo 45981 (soap_index=47223011)
Read masses: Nstars=129734, sum_current=1.714750e+11 Msun
DEBUG: sample z (first valid): [0.83533102 2.18847913 0.76933045 6.31591873 0.21895692 1.16562025
 1.3824342  2.90653314 1.18993517 4.52813159]
DEBUG: Planck15 ages (Gyr): [ 6.59544781  3.0034603   6.92982934  0.87173188 11.08437355  5.24655934
  4.58315892  2.22528781  5.16477515  1.32637732]
DEBUG: cosmo_colibre ages (Gyr): [ 6.59187613  3.0049202   6.92548413  0.87362656 11.06598696  5.24556125
  4.58311436  2.22712337  5.16390546  1.32835139]
DEBUG: us.look_back_time -> ages (Gyr): [ 6.59187613  3.00492021  6.92548414  0.87362657 11.06598696  5.24556125
  4.58311436  2.22712337  5.16390546  1.32835139]
[7/100] subhalo 45981 done; total_formed=2.871e+01
Building SWIFTGalaxy for subhalo 624133 (soap_index=47235775)
Read masses: Nstars=63393, sum_current=9.166328e+10 Msun
DEBUG: sample z (first valid): [4.1909703  6.54240994 0.68438367 1.16119245 0.19871232 5.54313099
 2.74320311 6.58869847 0.72772329 3.99436062]
DEBUG: Planck15 ages (Gyr): [ 1.45720147  0.83276117  7.40007097  5.26167354 11.30174443  1.03055007
  2.37068808  0.82515225  7.15424478  1.54370443]
DEBUG: cosmo_colibre ages (Gyr): [ 1.45917701  0.83464239  7.39454572  5.26065138 11.28241186  1.03248745
  2.37247097  0.82703069  7.14934987  1.54567653]
DEBUG: us.look_back_time -> ages (Gyr): [ 1.45917702  0.83464239  7.39454573  5.26065138 11.28241186  1.03248745
  2.37247097  0.82703069  7.14934987  1.54567653]
[8/100] subhalo 624133 done; total_formed=1.515e+01
Building SWIFTGalaxy for subhalo 623954 (soap_index=47257673)
Read masses: Nstars=17249, sum_current=2.349745e+10 Msun
DEBUG: sample z (first valid): [4.31904878 8.16587413 6.01069748 4.78684327 3.37694517 0.69029196
 3.91384869 3.17293855 6.24234722 7.1476969 ]
DEBUG: Planck15 ages (Gyr): [1.40508093 0.62148407 0.92926071 1.2386592  1.87934652 7.36580479
 1.58161349 2.01763544 0.8850472  0.74167476]
DEBUG: cosmo_colibre ages (Gyr): [1.40705687 0.62326639 0.93117302 1.2406275  1.88127469 7.36036918
 1.58358302 2.01953218 0.88694619 0.74351915]
DEBUG: us.look_back_time -> ages (Gyr): [1.40705688 0.62326639 0.93117302 1.2406275  1.8812747  7.36036918
 1.58358302 2.01953218 0.8869462  0.74351915]
[9/100] subhalo 623954 done; total_formed=3.902e+00
Building SWIFTGalaxy for subhalo 295343 (soap_index=47289990)
Read masses: Nstars=22790, sum_current=3.196819e+10 Msun
DEBUG: sample z (first valid): [0.31608965 0.28501961 0.32814527 5.30821061 0.31440032 0.29620253
 0.28310753 0.09680011 0.28865817 1.6856815 ]
DEBUG: Planck15 ages (Gyr): [10.12087228 10.41542841 10.00983639  1.08857835 10.1365746  10.30799304
 10.43396032 12.49387838 10.38029491  3.85785664]
DEBUG: cosmo_colibre ages (Gyr): [10.10644191 10.39983052  9.99583628  1.09052697 10.12208294 10.29282535
 10.41828773 12.46903019 10.36483826  3.85863173]
DEBUG: us.look_back_time -> ages (Gyr): [10.10644191 10.39983053  9.99583628  1.09052697 10.12208295 10.29282535
 10.41828773 12.46903019 10.36483826  3.85863174]
[10/100] subhalo 295343 done; total_formed=5.279e+00
Building SWIFTGalaxy for subhalo 640402 (soap_index=47410778)
Read masses: Nstars=37140, sum_current=4.948715e+10 Msun
DEBUG: sample z (first valid): [4.08661906 0.84650062 0.03933012 0.69203759 1.26110958 0.80202376
 1.26110958 0.01795589 0.39000594 0.93481342]
DEBUG: Planck15 ages (Gyr): [ 1.5020823   6.54133149 13.24586664  7.35572706  4.93667361  6.76100161
  4.93667361 13.54180097  9.4671607   6.13671851]
DEBUG: cosmo_colibre ages (Gyr): [ 1.50405647  6.53787989 13.21727303  7.3503177   4.9361458   6.75705375
  4.9361458  13.51168111  9.45518441  6.13411973]
DEBUG: us.look_back_time -> ages (Gyr): [ 1.50405648  6.53787989 13.21727303  7.3503177   4.93614581  6.75705376
  4.93614581 13.51168111  9.45518441  6.13411973]
[11/100] subhalo 640402 done; total_formed=8.268e+00
Building SWIFTGalaxy for subhalo 47072 (soap_index=47420732)
Read masses: Nstars=39464, sum_current=5.278078e+10 Msun
DEBUG: sample z (first valid): [4.95944348 3.44854738 4.02499617 3.57685593 2.18197708 0.46194343
 0.54115323 0.75155014 0.52480223 0.85486245]
DEBUG: Planck15 ages (Gyr): [1.18535326 1.83448658 1.52967345 1.75840063 3.01247569 8.88887725
 8.31086403 7.02438803 8.42548495 6.50126795]
DEBUG: cosmo_colibre ages (Gyr): [1.18731604 1.83642332 1.53164634 1.76035004 3.01392989 8.87890966
 8.30274749 7.01981419 8.41701397 6.49790432]
DEBUG: us.look_back_time -> ages (Gyr): [1.18731605 1.83642333 1.53164635 1.76035004 3.01392989 8.87890966
 8.30274749 7.01981419 8.41701397 6.49790433]
[12/100] subhalo 47072 done; total_formed=8.792e+00
Building SWIFTGalaxy for subhalo 1329207 (soap_index=47502559)
Read masses: Nstars=38232, sum_current=5.401421e+10 Msun
DEBUG: sample z (first valid): [3.9791825  0.72681282 0.71022965 4.51696271 0.04783832 4.39524162
 6.4362873  2.76600391 0.78513837 4.30269439]
DEBUG: Planck15 ages (Gyr): [ 1.55073516  7.15927979  7.25194446  1.33039502 13.13059002  1.37552356
  0.8506526   2.34946341  6.84739556  1.41156273]
DEBUG: cosmo_colibre ages (Gyr): [ 1.55270683  7.15437227  7.24680257  1.33236926 13.10258313  1.37749916
  0.85254016  2.35125449  6.84324611  1.41353869]
DEBUG: us.look_back_time -> ages (Gyr): [ 1.55270683  7.15437227  7.24680257  1.33236927 13.10258313  1.37749916
  0.85254016  2.35125449  6.84324611  1.4135387 ]
[13/100] subhalo 1329207 done; total_formed=8.936e+00
Building SWIFTGalaxy for subhalo 3826279 (soap_index=47502584)
Read masses: Nstars=63669, sum_current=8.681807e+10 Msun
DEBUG: sample z (first valid): [0.51942873 0.50712906 1.2530253  0.58882855 0.92300469 3.02728446
 1.2200542  3.45762481 1.31559607 2.86278439]
DEBUG: Planck15 ages (Gyr): [8.46367093 8.55205754 4.96176703 7.98972001 6.18852876 2.12699385
 5.06624332 1.82892598 4.77270414 2.26276327]
DEBUG: cosmo_colibre ages (Gyr): [8.45508047 8.54318788 4.96120278 7.98256296 6.18582519 2.12886044
 5.06552424 1.83086373 4.77240746 2.26458602]
DEBUG: us.look_back_time -> ages (Gyr): [8.45508047 8.54318788 4.96120278 7.98256296 6.18582519 2.12886044
 5.06552424 1.83086373 4.77240746 2.26458602]
[14/100] subhalo 3826279 done; total_formed=1.447e+01
Building SWIFTGalaxy for subhalo 540859 (soap_index=47508063)
Read masses: Nstars=8557, sum_current=1.267502e+10 Msun
DEBUG: sample z (first valid): [8.18450004 0.86308847 1.74991608 1.3487922  2.07796355 1.06126942
 2.03491711 1.32975471 1.01438495 1.17078503]
DEBUG: Planck15 ages (Gyr): [0.61959204 6.46222537 3.72792681 4.67702693 3.16293843 5.62197562
 3.22883669 4.73151701 5.804632   5.22901629]
DEBUG: cosmo_colibre ages (Gyr): [0.62137325 6.45894674 3.72882513 4.67685952 3.16429262 5.62034814
 3.23014429 4.73127647 5.80267431 5.228046  ]
DEBUG: us.look_back_time -> ages (Gyr): [0.62137325 6.45894674 3.72882513 4.67685952 3.16429262 5.62034814
 3.23014429 4.73127648 5.80267431 5.22804601]
[15/100] subhalo 540859 done; total_formed=2.094e+00
Building SWIFTGalaxy for subhalo 1284152 (soap_index=47508069)
Read masses: Nstars=38197, sum_current=5.260135e+10 Msun
DEBUG: sample z (first valid): [0.27462269 3.36790189 3.19403558 2.04903694 0.8875576  0.83286721
 0.92594334 0.45029654 2.79390992 1.1729443 ]
DEBUG: Planck15 ages (Gyr): [10.51677425  1.88514126  2.0025658   3.20697588  6.3482176   6.60747825
  6.17557194  8.97889408  2.32390941  5.22170953]
DEBUG: cosmo_colibre ages (Gyr): [10.50076601  1.88706827  2.00446633  3.20829913  6.34518291  6.60387968
  6.17289469  8.96862401  2.32571012  5.22075079]
DEBUG: us.look_back_time -> ages (Gyr): [10.50076601  1.88706827  2.00446633  3.20829913  6.34518291  6.60387969
  6.17289469  8.96862402  2.32571012  5.22075079]
[16/100] subhalo 1284152 done; total_formed=8.688e+00
Building SWIFTGalaxy for subhalo 9255739 (soap_index=47584420)
Read masses: Nstars=82019, sum_current=1.101222e+11 Msun
DEBUG: sample z (first valid): [0.88019279 4.11760112 0.88712278 0.80659389 1.86158414 0.6783446
 0.85025409 0.83759533 6.83923445 0.40370117]
DEBUG: Planck15 ages (Gyr): [6.38220105 1.48852042 6.35021617 6.73790777 3.5183137  7.43534773
 6.52330045 6.58442135 0.78590204 9.35286793]
DEBUG: cosmo_colibre ages (Gyr): [6.3790943  1.49049511 6.34717725 6.73401319 3.51939617 7.42972961
 6.51988854 6.58087425 0.78776529 9.34130088]
DEBUG: us.look_back_time -> ages (Gyr): [6.3790943  1.49049511 6.34717725 6.73401319 3.51939617 7.42972961
 6.51988855 6.58087425 0.78776529 9.34130088]
[17/100] subhalo 9255739 done; total_formed=1.842e+01
Building SWIFTGalaxy for subhalo 345 (soap_index=47590126)
Read masses: Nstars=51909, sum_current=6.403293e+10 Msun
DEBUG: sample z (first valid): [1.16992252 5.99647699 6.37602701 5.06927209 3.728086   2.85143394
 1.54232291 3.06424806 4.39524162 5.28281085]
DEBUG: Planck15 ages (Gyr): [5.23193946 0.93209406 0.86109837 1.1533845  1.67521442 2.27265639
 4.17575735 2.09832978 1.37552356 1.09517697]
DEBUG: cosmo_colibre ages (Gyr): [5.23096455 0.93400717 0.86298951 1.15534322 1.67717494 2.27447567
 4.17620105 2.10020472 1.37749916 1.09712674]
DEBUG: us.look_back_time -> ages (Gyr): [5.23096456 0.93400717 0.86298951 1.15534322 1.67717494 2.27447568
 4.17620105 2.10020472 1.37749916 1.09712674]
[18/100] subhalo 345 done; total_formed=1.077e+01
Building SWIFTGalaxy for subhalo 49924 (soap_index=47628206)
Read masses: Nstars=28683, sum_current=3.967581e+10 Msun
DEBUG: sample z (first valid): [4.20126984 5.23202739 4.57326303 4.22240816 4.31904878 6.30124777
 3.57685593 4.02499617 4.02499617 5.7181958 ]
DEBUG: Planck15 ages (Gyr): [1.45289238 1.10857096 1.31034568 1.4441145  1.40508093 0.87436042
 1.75840063 1.52967345 1.52967345 0.99056727]
DEBUG: cosmo_colibre ages (Gyr): [1.45486801 1.11052296 1.31231899 1.44609026 1.40705687 0.87625597
 1.76035004 1.53164634 1.53164634 0.99249561]
DEBUG: us.look_back_time -> ages (Gyr): [1.45486801 1.11052297 1.31231899 1.44609026 1.40705688 0.87625597
 1.76035004 1.53164635 1.53164635 0.99249561]
[19/100] subhalo 49924 done; total_formed=6.535e+00
Building SWIFTGalaxy for subhalo 32226 (soap_index=47653056)
Read masses: Nstars=68719, sum_current=8.956241e+10 Msun
DEBUG: sample z (first valid): [5.08166295 0.64464967 1.04174715 2.01981384 1.53976128 5.5964771
 0.83986524 1.50519878 0.86054963 0.85549264]
DEBUG: Planck15 ages (Gyr): [1.14986771 7.63696058 5.6969176  3.25249066 4.18181904 1.01808638
 6.57339629 4.26501257 6.47423639 6.49826398]
DEBUG: cosmo_colibre ages (Gyr): [1.15182594 7.63080006 5.69515655 3.25378111 4.182256   1.02002105
 6.56987371 4.26535548 6.47093169 6.49490692]
DEBUG: us.look_back_time -> ages (Gyr): [1.15182594 7.63080006 5.69515655 3.25378112 4.18225601 1.02002106
 6.56987371 4.26535548 6.47093169 6.49490693]
[20/100] subhalo 32226 done; total_formed=1.501e+01
Building SWIFTGalaxy for subhalo 139108 (soap_index=47656614)
Read masses: Nstars=19560, sum_current=2.560930e+10 Msun
DEBUG: sample z (first valid): [3.15389491 0.27980003 5.92549931 3.54889984 5.38565722 4.16967737
 6.64268222 1.19654109 4.25465042 3.49399986]
DEBUG: Planck15 ages (Gyr): [ 2.03139992 10.46612954  0.94645306  1.77452815  1.06886057  1.46617741
  0.81642329  5.14290521  1.43089387  1.80692082]
DEBUG: cosmo_colibre ages (Gyr): [ 2.03329312 10.45032692  0.94837014  1.77647507  1.07080562  1.46815276
  0.81829847  5.14206934  1.43286977  1.80886242]
DEBUG: us.look_back_time -> ages (Gyr): [ 2.03329312 10.45032692  0.94837015  1.77647507  1.07080562  1.46815276
  0.81829848  5.14206934  1.43286977  1.80886243]
[21/100] subhalo 139108 done; total_formed=4.280e+00
Building SWIFTGalaxy for subhalo 309196 (soap_index=47656630)
Read masses: Nstars=108024, sum_current=1.368406e+11 Msun
DEBUG: sample z (first valid): [0.74168173 6.81492964 1.05390498 0.62927605 1.26909494 3.73320815
 1.81415321 0.89038883 5.67712685 4.15828414]
DEBUG: Planck15 ages (Gyr): [7.07772854 0.7895726  5.65006281 7.7317214  4.91208523 1.67251147
 3.60494676 6.33522833 0.99971292 1.4710179 ]
DEBUG: cosmo_colibre ages (Gyr): [7.07302381 0.79143733 5.64838558 7.72529912 4.91159286 1.67447231
 3.6059553  6.33222103 1.00164342 1.47299312]
DEBUG: us.look_back_time -> ages (Gyr): [7.07302381 0.79143734 5.64838559 7.72529912 4.91159286 1.67447231
 3.6059553  6.33222103 1.00164342 1.47299312]
[22/100] subhalo 309196 done; total_formed=2.305e+01
Building SWIFTGalaxy for subhalo 2515401 (soap_index=47656734)
Read masses: Nstars=13939, sum_current=1.978285e+10 Msun
DEBUG: sample z (first valid): [1.5846348  0.86733531 0.81600532 3.17028317 2.7168784  0.77469671
 0.92526439 1.46357417 0.92594334 2.72829673]
DEBUG: Planck15 ages (Gyr): [4.07764849 6.4422112  6.69073215 2.01954545 2.39558863 6.90167525
 6.17856172 4.36879725 6.17557194 2.38473537]
DEBUG: cosmo_colibre ages (Gyr): [4.07819903 6.43897585 6.68694559 2.02144171 2.39736169 6.89739727
 6.17587841 4.36901863 6.17289469 2.38651274]
DEBUG: us.look_back_time -> ages (Gyr): [4.07819904 6.43897585 6.6869456  2.02144171 2.39736169 6.89739728
 6.17587841 4.36901863 6.17289469 2.38651274]
[23/100] subhalo 2515401 done; total_formed=3.272e+00
Building SWIFTGalaxy for subhalo 138950 (soap_index=47686888)
Read masses: Nstars=15097, sum_current=2.019542e+10 Msun
DEBUG: sample z (first valid): [2.44672347 2.1050886  2.09132075 2.42869101 2.02204187 4.8813605
 5.25701738 2.76340875 2.44165529 2.17827352]
DEBUG: Planck15 ages (Gyr): [2.67818785 3.12253418 3.14293603 2.69898727 3.24898348 1.20898716
 1.10194613 2.35186336 2.68400704 3.01763067]
DEBUG: cosmo_colibre ages (Gyr): [2.67983287 3.12391609 3.14430403 2.70062167 3.25027649 1.21095259
 1.10389704 2.35365352 2.68564911 3.01908159]
DEBUG: us.look_back_time -> ages (Gyr): [2.67983287 3.12391609 3.14430403 2.70062167 3.25027649 1.21095259
 1.10389705 2.35365352 2.68564911 3.01908159]
[24/100] subhalo 138950 done; total_formed=3.403e+00
Building SWIFTGalaxy for subhalo 2171387 (soap_index=47705966)
Read masses: Nstars=46677, sum_current=6.011682e+10 Msun
DEBUG: sample z (first valid): [ 4.780718   10.62398013  2.73552212  4.34072203  0.30342084  0.52793062
  3.20264204  6.27208167  0.4383285   4.54496996]
DEBUG: Planck15 ages (Gyr): [ 1.24062376  0.4348824   2.37790933  1.39656682 10.23949804  8.4033723
  1.99647152  0.87962528  9.07280877  1.3203581 ]
DEBUG: cosmo_colibre ages (Gyr): [ 1.24259223  0.43652663  2.37968939  1.39854271 10.22460202  8.39497019
  1.99837356  0.88152254  9.0622191   1.3223319 ]
DEBUG: us.look_back_time -> ages (Gyr): [ 1.24259224  0.43652663  2.37968939  1.39854271 10.22460202  8.39497019
  1.99837356  0.88152255  9.0622191   1.32233191]
[25/100] subhalo 2171387 done; total_formed=1.007e+01
Building SWIFTGalaxy for subhalo 6531176 (soap_index=47720665)
Read masses: Nstars=30655, sum_current=4.177494e+10 Msun
DEBUG: sample z (first valid): [0.98041823 1.46672689 1.47623366 5.41126981 1.29580326 4.25465042
 0.91625731 5.09410452 1.3417423  7.18075147]
DEBUG: Planck15 ages (Gyr): [5.94285971 4.36079482 4.33680635 1.06246983 4.83124874 1.43089387
 6.21843975 1.1463544  4.6970879  0.73718124]
DEBUG: cosmo_colibre ages (Gyr): [5.94064158 4.36102573 4.33706568 1.06441366 4.83087093 1.43286977
 6.21567509 1.14831214 4.69689373 0.7390236 ]
DEBUG: us.look_back_time -> ages (Gyr): [5.94064158 4.36102573 4.33706568 1.06441366 4.83087094 1.43286977
 6.2156751  1.14831215 4.69689373 0.73902361]
[26/100] subhalo 6531176 done; total_formed=6.998e+00
Building SWIFTGalaxy for subhalo 656184 (soap_index=47732643)
Read masses: Nstars=64390, sum_current=8.355669e+10 Msun
DEBUG: sample z (first valid): [2.95033153 1.01141735 7.06547289 2.6107989  0.91379512 0.5568225
 2.77207321 3.39455509 0.53021388 1.35351577]
DEBUG: Planck15 ages (Gyr): [2.18878432 5.81650651 0.75305219 2.50043322 6.22941077 8.20320417
 2.34386637 1.86814663 8.38728815 4.66366232]
DEBUG: cosmo_colibre ages (Gyr): [2.19063183 5.8145268  0.75490161 2.50216232 6.2266236  8.19541481
 2.34565958 1.87007702 8.37893599 4.66351263]
DEBUG: us.look_back_time -> ages (Gyr): [2.19063183 5.8145268  0.75490161 2.50216232 6.22662361 8.19541482
 2.34565958 1.87007702 8.37893599 4.66351263]
[27/100] subhalo 656184 done; total_formed=1.399e+01
Building SWIFTGalaxy for subhalo 5251719 (soap_index=47766139)
Read masses: Nstars=20340, sum_current=2.725346e+10 Msun
DEBUG: sample z (first valid): [6.34626163 4.22240816 7.29779691 4.98392988 2.72829673 1.82921775
 8.33494765 5.23202739 1.2541102  2.35119656]
DEBUG: Planck15 ages (Gyr): [0.86633694 1.4441145  0.72162791 1.17809937 2.38473537 3.57705866
 0.60465415 1.10857096 4.95838773 2.79146723]
DEBUG: cosmo_colibre ages (Gyr): [0.86822983 1.44609026 0.72346309 1.18006128 2.38651274 3.57809133
 0.60642635 1.11052296 4.95782841 2.79305239]
DEBUG: us.look_back_time -> ages (Gyr): [0.86822984 1.44609026 0.72346309 1.18006128 2.38651274 3.57809134
 0.60642635 1.11052297 4.95782841 2.79305239]
[28/100] subhalo 5251719 done; total_formed=4.551e+00
Building SWIFTGalaxy for subhalo 4869056 (soap_index=47787647)
Read masses: Nstars=14775, sum_current=2.035337e+10 Msun
DEBUG: sample z (first valid): [0.12273008 0.14229938 0.13415478 0.18176572 0.08625605 0.09621303
 0.1968734  0.21335999 0.17582891 0.26820961]
DEBUG: Planck15 ages (Gyr): [12.17421848 11.94059007 12.03704502 11.48842622 12.62726054 12.50125244
 11.32179106 11.14386541 11.55486792 10.5799998 ]
DEBUG: cosmo_colibre ages (Gyr): [12.15090182 11.91836888 12.01437404 11.46826607 12.60176238 12.47636848
 11.30237028 11.12522182 11.53440989 10.56373333]
DEBUG: us.look_back_time -> ages (Gyr): [12.15090182 11.91836888 12.01437404 11.46826607 12.60176238 12.47636848
 11.30237028 11.12522182 11.5344099  10.56373333]
[29/100] subhalo 4869056 done; total_formed=3.367e+00
Building SWIFTGalaxy for subhalo 7094947 (soap_index=47806707)
Read masses: Nstars=22159, sum_current=2.926932e+10 Msun
DEBUG: sample z (first valid): [0.23234299 5.37261766 2.11719939 3.15494833 0.85360335 1.19595229
 0.63301106 2.29359735 0.86393629 1.54884879]
DEBUG: Planck15 ages (Gyr): [10.9439248   1.07213871  3.10476618  2.03063447  6.50727621  5.14484857
  7.70853583  2.86362531  6.45822212  4.16037878]
DEBUG: cosmo_colibre ages (Gyr): [10.9261392   1.07408437  3.10616008  2.03252787  6.50389945  5.1440097
  7.70217799  2.86516979  6.45495215  4.1608395 ]
DEBUG: us.look_back_time -> ages (Gyr): [10.9261392   1.07408437  3.10616008  2.03252788  6.50389945  5.1440097
  7.702178    2.86516979  6.45495215  4.1608395 ]
[30/100] subhalo 7094947 done; total_formed=4.876e+00
Building SWIFTGalaxy for subhalo 5301714 (soap_index=47836750)
Read masses: Nstars=49595, sum_current=6.858227e+10 Msun
DEBUG: sample z (first valid): [5.38565722 3.81528288 0.1442939  7.46827756 3.35021573 3.42601472
 3.53066021 1.44738218 3.80539669 7.63281301]
DEBUG: Planck15 ages (Gyr): [ 1.06886057  1.63016681 11.91713673  0.6999293   1.89655994  1.84841103
  1.78518278  4.41027131  1.63517282  0.67999659]
DEBUG: cosmo_colibre ages (Gyr): [ 1.07080562  1.63213214 11.89502438  0.70175403  1.89848461  1.8503452
  1.787128    4.4104428   1.63713766  0.68181125]
DEBUG: us.look_back_time -> ages (Gyr): [ 1.07080562  1.63213214 11.89502438  0.70175403  1.89848462  1.8503452
  1.787128    4.41044281  1.63713766  0.68181125]
[31/100] subhalo 5301714 done; total_formed=1.137e+01
Building SWIFTGalaxy for subhalo 11411029 (soap_index=47850045)
Read masses: Nstars=29476, sum_current=3.874114e+10 Msun
DEBUG: sample z (first valid): [3.33697307 4.6992782  5.08787738 3.90649098 2.04591932 3.35918585
 0.57994214 4.76901408 3.77632826 7.33155352]
DEBUG: Planck15 ages (Gyr): [1.90518486 1.2672435  1.14811062 1.58515471 3.21178186 1.89075433
 8.04814585 1.24439198 1.65004049 0.71724334]
DEBUG: cosmo_colibre ages (Gyr): [1.90710774 1.26921412 1.15006861 1.58712397 3.21310168 1.8926802
 8.04081794 1.24636078 1.65200381 0.71907645]
DEBUG: us.look_back_time -> ages (Gyr): [1.90710774 1.26921412 1.15006861 1.58712397 3.21310169 1.89268021
 8.04081794 1.24636078 1.65200381 0.71907645]
[32/100] subhalo 11411029 done; total_formed=6.475e+00
Building SWIFTGalaxy for subhalo 316751 (soap_index=47853278)
Read masses: Nstars=29858, sum_current=4.167920e+10 Msun
DEBUG: sample z (first valid): [4.51696271 6.69743951 1.27587165 1.05005005 1.0586794  3.65190233
 2.67271912 1.17496349 1.61871653 1.58790081]
DEBUG: Planck15 ages (Gyr): [1.33039502 0.80772493 4.89137133 5.66485333 5.63182855 1.71628608
 2.43833816 5.21489142 4.00129992 4.07023054]
DEBUG: cosmo_colibre ages (Gyr): [1.33236926 0.80959679 4.8909086  5.66314975 5.63018366 1.71824148
 2.44009379 5.21394341 4.00193077 4.07078899]
DEBUG: us.look_back_time -> ages (Gyr): [1.33236927 0.8095968  4.8909086  5.66314976 5.63018367 1.71824148
 2.44009379 5.21394342 4.00193078 4.07078899]
[33/100] subhalo 316751 done; total_formed=6.944e+00
Building SWIFTGalaxy for subhalo 142584 (soap_index=47899714)
Read masses: Nstars=10927, sum_current=1.552053e+10 Msun
DEBUG: sample z (first valid): [1.45306184 0.94445763 0.97112608 0.92481203 1.17496349 1.6398131
 2.8044816  2.38197956 2.35462735 0.75380004]
DEBUG: Planck15 ages (Gyr): [4.39565167 6.09490568 5.98157443 6.180555   5.21489142 3.95519091
 2.31434815 2.75411772 2.78726355 7.01231336]
DEBUG: cosmo_colibre ages (Gyr): [4.39584083 6.09239052 5.97928172 6.17786764 5.21394341 3.95586907
 2.3161524  2.75572316 2.78885103 7.00776896]
DEBUG: us.look_back_time -> ages (Gyr): [4.39584083 6.09239052 5.97928172 6.17786764 5.21394342 3.95586908
 2.3161524  2.75572317 2.78885103 7.00776897]
[34/100] subhalo 142584 done; total_formed=2.580e+00
Building SWIFTGalaxy for subhalo 6631483 (soap_index=47967955)
Read masses: Nstars=79645, sum_current=1.116422e+11 Msun
DEBUG: sample z (first valid): [3.64234611 0.31345198 6.4362873  5.46375382 1.61578989 5.55622249
 0.53178758 7.46827756 9.49163532 3.43500034]
DEBUG: Planck15 ages (Gyr): [ 1.7215556  10.145405    0.8506526   1.04957078  4.00776507  1.02746802
  8.37622924  0.6999293   0.50732158  1.84283732]
DEBUG: cosmo_colibre ages (Gyr): [ 1.72351028 10.13087883  0.85254016  1.05151208  4.00838922  1.02940474
  8.36791134  0.70175403  0.50902682  1.84477253]
DEBUG: us.look_back_time -> ages (Gyr): [ 1.72351029 10.13087883  0.85254016  1.05151209  4.00838922  1.02940474
  8.36791134  0.70175403  0.50902683  1.84477253]
[35/100] subhalo 6631483 done; total_formed=1.827e+01
Building SWIFTGalaxy for subhalo 53647 (soap_index=48070052)
Read masses: Nstars=117523, sum_current=1.546832e+11 Msun
DEBUG: sample z (first valid): [0.79020979 0.51521317 4.48877722 0.6542811  0.59765968 0.70064355
 0.90733411 3.41468508 2.73169343 1.25442036]
DEBUG: Planck15 ages (Gyr): [6.82126955 8.49380981 1.34062425 7.57848988 7.93228972 7.30635039
 6.25834363 1.85547857 2.3815224  4.95742229]
DEBUG: cosmo_colibre ages (Gyr): [6.81718144 8.48512457 1.34259889 7.57248871 7.92529902 7.30106894
 6.2554968  1.8574114  2.38330103 4.95686438]
DEBUG: us.look_back_time -> ages (Gyr): [6.81718144 8.48512457 1.34259889 7.57248871 7.92529902 7.30106894
 6.25549681 1.8574114  2.38330104 4.95686438]
[36/100] subhalo 53647 done; total_formed=2.579e+01
Building SWIFTGalaxy for subhalo 1365463 (soap_index=48070103)
Read masses: Nstars=24236, sum_current=3.189326e+10 Msun
DEBUG: sample z (first valid): [0.67371539 0.58775075 4.82542222 2.40765391 0.45415816 1.69651086
 2.93326131 2.48484526 2.14592934 2.27385353]
DEBUG: Planck15 ages (Gyr): [7.46256285 7.99677208 1.22640353 2.72358964 8.9488989  3.83544168
 2.2028931  2.63507334 3.06327093 2.88906604]
DEBUG: cosmo_colibre ages (Gyr): [7.45687267 7.9895945  1.2283707  2.72521126 8.93873005 3.83623853
 2.20473606 2.63673986 3.06469235 2.89059569]
DEBUG: us.look_back_time -> ages (Gyr): [7.45687267 7.9895945  1.22837071 2.72521126 8.93873005 3.83623854
 2.20473606 2.63673986 3.06469235 2.89059569]
[37/100] subhalo 1365463 done; total_formed=5.359e+00
Building SWIFTGalaxy for subhalo 37566 (soap_index=48088574)
Read masses: Nstars=92505, sum_current=1.237391e+11 Msun
DEBUG: sample z (first valid): [3.20264204 0.40370117 6.01069748 0.27432527 1.87337776 0.99610136
 3.32381078 1.57610063 0.97540391 0.43179236]
DEBUG: Planck15 ages (Gyr): [ 1.99647152  9.35286793  0.92926071 10.51969432  3.49729746  5.87840242
  1.91382188  4.09713523  5.96370241  9.12471423]
DEBUG: cosmo_colibre ages (Gyr): [ 1.99837356  9.34130088  0.93117302 10.50367419  3.49839741  5.87630687
  1.91574293  4.09766488  5.96144422  9.11394615]
DEBUG: us.look_back_time -> ages (Gyr): [ 1.99837356  9.34130088  0.93117302 10.50367419  3.49839741  5.87630687
  1.91574293  4.09766488  5.96144422  9.11394615]
[38/100] subhalo 37566 done; total_formed=2.058e+01
Building SWIFTGalaxy for subhalo 593286 (soap_index=48113632)
Read masses: Nstars=176473, sum_current=2.353485e+11 Msun
DEBUG: sample z (first valid): [1.03553236 0.51367332 1.05842076 0.54274953 0.74260796 5.23202739
 0.32075776 1.157919   1.05210421 1.05945572]
DEBUG: Planck15 ages (Gyr): [ 5.72110531  8.50485893  5.63281398  8.29979944  7.07269569  1.10857096
 10.07766569  5.27289186  5.65696439  5.62887242]
DEBUG: cosmo_colibre ages (Gyr): [ 5.71930058  8.49613883  5.63116735  8.29171678  7.06800337  1.11052296
 10.06340339  5.27185177  5.65527488  5.62723276]
DEBUG: us.look_back_time -> ages (Gyr): [ 5.71930058  8.49613883  5.63116735  8.29171679  7.06800338  1.11052297
 10.06340339  5.27185177  5.65527488  5.62723276]
[39/100] subhalo 593286 done; total_formed=3.925e+01
Building SWIFTGalaxy for subhalo 3971133 (soap_index=48113718)
Read masses: Nstars=10739, sum_current=1.517028e+10 Msun
DEBUG: sample z (first valid): [1.72793873 1.02521632 1.0208449  1.28380262 1.52003384 1.18832643
 1.37587007 2.97428745 1.76359956 1.36814338]
DEBUG: Planck15 ages (Gyr): [3.77157234 5.76161322 5.77891463 4.86730572 4.22898006 5.17012351
 4.60123586 2.16923426 3.70116469 4.62266119]
DEBUG: cosmo_colibre ages (Gyr): [3.77243004 5.75973472 5.77700439 4.86687718 4.22936407 5.16924552
 4.60116795 2.17108797 3.70208752 4.6225654 ]
DEBUG: us.look_back_time -> ages (Gyr): [3.77243004 5.75973473 5.77700439 4.86687718 4.22936407 5.16924552
 4.60116795 2.17108797 3.70208752 4.6225654 ]
[40/100] subhalo 3971133 done; total_formed=2.534e+00
Building SWIFTGalaxy for subhalo 37833 (soap_index=48159338)
Read masses: Nstars=22662, sum_current=2.877502e+10 Msun
DEBUG: sample z (first valid): [5.32098765 0.92142606 0.75945017 1.40852628 1.16119245 4.16967737
 5.17797888 9.80471519 1.00575381 6.66592584]
DEBUG: Planck15 ages (Gyr): [1.08528391 6.19550667 6.98213086 4.51241771 5.26167354 1.46617741
 1.12312751 0.4853889  5.83927462 0.81271204]
DEBUG: cosmo_colibre ages (Gyr): [1.08723195 6.19278889 6.97765973 4.51246315 5.26065138 1.46815276
 1.12508183 0.4870768  5.83725251 0.81458582]
DEBUG: us.look_back_time -> ages (Gyr): [1.08723195 6.19278889 6.97765973 4.51246315 5.26065138 1.46815276
 1.12508183 0.48707681 5.83725251 0.81458582]
[41/100] subhalo 37833 done; total_formed=4.849e+00
Building SWIFTGalaxy for subhalo 1175319 (soap_index=48159378)
Read masses: Nstars=11389, sum_current=1.464812e+10 Msun
DEBUG: sample z (first valid): [ 1.34408756  1.35115161  1.36472541  6.09648078  1.61997282  7.29779691
 10.2866615   1.91141715  9.26968581  9.52364512]
DEBUG: Planck15 ages (Gyr): [4.69039905 4.67034368 4.63218992 0.91246824 3.99852988 0.72162791
 0.45456945 3.43088487 0.52388825 0.50500418]
DEBUG: cosmo_colibre ages (Gyr): [4.69021381 4.67018514 4.63208168 0.91437568 3.9991636  0.72346309
 0.45623136 3.43203887 0.52560599 0.50670763]
DEBUG: us.look_back_time -> ages (Gyr): [4.69021381 4.67018515 4.63208168 0.91437568 3.99916361 0.72346309
 0.45623136 3.43203887 0.525606   0.50670764]
[42/100] subhalo 1175319 done; total_formed=2.470e+00
Building SWIFTGalaxy for subhalo 56012 (soap_index=48183725)
Read masses: Nstars=104228, sum_current=1.335834e+11 Msun
DEBUG: sample z (first valid): [2.62357625 0.27850176 1.2167501  1.20126293 0.12411664 0.12311489
 0.10463862 0.98257502 1.72680369 0.00787402]
DEBUG: Planck15 ages (Gyr): [ 2.48740817 10.47879603  5.07690585  5.12736283 12.1574526  12.16956216
 12.39600718  5.93392978  3.77384892 13.6846103 ]
DEBUG: cosmo_colibre ages (Gyr): [ 2.48914296 10.46294208  5.07617069  5.12655086 12.13421524 12.14626753
 12.37163186  5.93172875  3.77470449 13.65374381]
DEBUG: us.look_back_time -> ages (Gyr): [ 2.48914296 10.46294209  5.07617069  5.12655086 12.13421524 12.14626753
 12.37163186  5.93172876  3.77470449 13.65374381]
[43/100] subhalo 56012 done; total_formed=2.234e+01
Building SWIFTGalaxy for subhalo 1395461 (soap_index=48183733)
Read masses: Nstars=25787, sum_current=3.339503e+10 Msun
DEBUG: sample z (first valid): [5.99647699 0.11364872 1.32975471 2.98249878 4.58466127 1.16776925
 0.90933458 0.32011925 1.16719577 6.02497588]
DEBUG: Planck15 ages (Gyr): [ 0.93209406 12.28484125  4.73151701  2.16259934  1.30634758  5.23924856
  6.24936304 10.08355967  5.24119794  0.92643018]
DEBUG: cosmo_colibre ages (Gyr): [ 0.93400717 12.26099881  4.73127647  2.16445512  1.30832069  5.23826208
  6.24653478 10.06927449  5.24020837  0.92834168]
DEBUG: us.look_back_time -> ages (Gyr): [ 0.93400717 12.26099881  4.73127648  2.16445512  1.30832069  5.23826208
  6.24653478 10.06927449  5.24020837  0.92834169]
[44/100] subhalo 1395461 done; total_formed=5.621e+00
Building SWIFTGalaxy for subhalo 150956 (soap_index=48220332)
Read masses: Nstars=49110, sum_current=6.118568e+10 Msun
DEBUG: sample z (first valid): [0.39521417 9.43816198 2.78252338 3.56760524 0.83533102 1.25768224
 4.34072203 5.20664836 4.29755072 3.24236147]
DEBUG: Planck15 ages (Gyr): [9.42345462 0.51123252 2.33428069 1.76371029 6.59544781 4.94728725
 1.39656682 1.11536688 1.4136116  1.96873895]
DEBUG: cosmo_colibre ages (Gyr): [9.41163553 0.51294076 2.33607752 1.76565889 6.59187613 4.94674406
 1.39854271 1.11731998 1.41558756 1.97064766]
DEBUG: us.look_back_time -> ages (Gyr): [9.41163553 0.51294076 2.33607752 1.76565889 6.59187613 4.94674407
 1.39854271 1.11731998 1.41558757 1.97064767]
[45/100] subhalo 150956 done; total_formed=1.032e+01
Building SWIFTGalaxy for subhalo 39919 (soap_index=48334426)
Read masses: Nstars=29050, sum_current=3.981891e+10 Msun
DEBUG: sample z (first valid): [3.14339002 1.30387401 5.74516262 7.03235691 0.29753702 0.27204969
 1.99251142 0.44199965 0.17760368 2.5726123 ]
DEBUG: Planck15 ages (Gyr): [ 2.03905923  4.80723872  0.98463734  0.75771668 10.29527993 10.54207524
  3.2959747   9.04384666 11.53494827  2.54003654]
DEBUG: cosmo_colibre ages (Gyr): [ 2.04095043  4.80689437  0.98656425  0.75956813 10.28016282 10.52596387
  3.29723306  9.03335599 11.51457973  2.54174794]
DEBUG: us.look_back_time -> ages (Gyr): [ 2.04095043  4.80689438  0.98656425  0.75956814 10.28016282 10.52596387
  3.29723306  9.03335599 11.51457973  2.54174795]
[46/100] subhalo 39919 done; total_formed=6.609e+00
Building SWIFTGalaxy for subhalo 698514 (soap_index=48346306)
Read masses: Nstars=64075, sum_current=8.808699e+10 Msun
DEBUG: sample z (first valid): [4.71070059 0.3410821  4.20085707 0.25924218 1.86008554 2.0739212
 0.40153978 4.12801252 2.63080332 5.94678821]
DEBUG: Planck15 ages (Gyr): [ 1.26345305  9.8926491   1.45306467 10.66933347  3.52099892  3.16903288
  9.37077017  1.48400851  2.48009035  0.94210787]
DEBUG: cosmo_colibre ages (Gyr): [ 1.26542339  9.87909719  1.45504029 10.65269925  3.52207915  3.17038283
  9.35913941  1.48598335  2.4818283   0.94402377]
DEBUG: us.look_back_time -> ages (Gyr): [ 1.26542339  9.87909719  1.45504029 10.65269925  3.52207915  3.17038283
  9.35913941  1.48598335  2.4818283   0.94402377]
[47/100] subhalo 698514 done; total_formed=1.466e+01
Building SWIFTGalaxy for subhalo 338144 (soap_index=48396743)
Read masses: Nstars=54831, sum_current=7.380760e+10 Msun
DEBUG: sample z (first valid): [0.96639462 2.75091575 1.69385071 4.33507001 3.3545515  3.15178967
 8.22197988 0.66571777 2.29359735 0.45003983]
DEBUG: Planck15 ages (Gyr): [6.00143955 2.36347335 3.84092817 1.39877889 1.89375009 2.03293108
 0.61581373 7.50994003 2.86362531 8.98089338]
DEBUG: cosmo_colibre ages (Gyr): [5.9991083  2.36525904 3.84171972 1.4007548  1.89567534 2.03482388
 0.61759269 7.50412354 2.86516979 8.97061655]
DEBUG: us.look_back_time -> ages (Gyr): [5.9991083  2.36525904 3.84171972 1.4007548  1.89567534 2.03482388
 0.61759269 7.50412354 2.86516979 8.97061656]
[48/100] subhalo 338144 done; total_formed=1.227e+01
Building SWIFTGalaxy for subhalo 1227341 (soap_index=48401725)
Read masses: Nstars=16852, sum_current=2.413399e+10 Msun
DEBUG: sample z (first valid): [3.23687613 4.00465827 2.69800248 6.83923445 5.20018921 0.63057325
 4.38416037 3.38573245 2.68303923 4.97138952]
DEBUG: Planck15 ages (Gyr): [1.97253087 1.53896442 2.41370975 0.78590204 1.11710754 7.72365692
 1.37975791 1.87374398 2.42823563 1.18180511]
DEBUG: cosmo_colibre ages (Gyr): [1.97443869 1.5409368  2.4154755  0.78776529 1.11906092 7.71725708
 1.38173358 1.87567327 2.42999545 1.18376747]
DEBUG: us.look_back_time -> ages (Gyr): [1.97443869 1.5409368  2.4154755  0.78776529 1.11906092 7.71725708
 1.38173358 1.87567327 2.42999545 1.18376747]
[49/100] subhalo 1227341 done; total_formed=3.937e+00
Building SWIFTGalaxy for subhalo 338152 (soap_index=48418607)
Read masses: Nstars=18904, sum_current=2.540979e+10 Msun
DEBUG: sample z (first valid): [0.84837545 4.275801   4.21202481 6.9351011  0.88430132 4.66430424
 5.5964771  0.80103331 2.1148289  1.65306453]
DEBUG: Planck15 ages (Gyr): [6.53231548 1.42232989 1.44841526 0.77169686 6.36320826 1.27896753
 1.01808638 6.76602267 3.10823095 3.92666613]
DEBUG: cosmo_colibre ages (Gyr): [6.52888374 1.42430584 1.45039096 0.77355426 6.36014185 1.28093898
 1.02002105 6.7620632  3.10962252 3.92737311]
DEBUG: us.look_back_time -> ages (Gyr): [6.52888374 1.42430584 1.45039096 0.77355427 6.36014185 1.28093899
 1.02002106 6.7620632  3.10962253 3.92737311]
[50/100] subhalo 338152 done; total_formed=4.267e+00
Building SWIFTGalaxy for subhalo 726767 (soap_index=48561727)
Read masses: Nstars=16174, sum_current=2.288962e+10 Msun
DEBUG: sample z (first valid): [0.23895947 2.52192605 0.41302285 4.39524162 7.0083094  0.20117302
 3.43950684 4.13846636 0.24017864 3.59547016]
DEBUG: Planck15 ages (Gyr): [10.87544692  2.59421954  9.27623346  1.37552356  0.76113403 11.27499896
  1.84005243  1.47950097 10.86289631  1.74779636]
DEBUG: cosmo_colibre ages (Gyr): [10.8579514   2.59590577  9.26493745  1.37749916  0.76298696 11.25578381
  1.84198815  1.48147595 10.84545374  1.74974734]
DEBUG: us.look_back_time -> ages (Gyr): [10.8579514   2.59590577  9.26493745  1.37749916  0.76298696 11.25578381
  1.84198816  1.48147596 10.84545374  1.74974734]
[51/100] subhalo 726767 done; total_formed=3.807e+00
Building SWIFTGalaxy for subhalo 12603635 (soap_index=48575106)
Read masses: Nstars=5457, sum_current=8.351769e+09 Msun
DEBUG: sample z (first valid): [1.02434052 1.32661176 1.86108443 0.99076549 1.0968836  0.89915382
 1.34190966 1.4676557  1.77154698 2.47634203]
DEBUG: Planck15 ages (Gyr): [5.76507296 4.74061058 3.51920871 5.90020915 5.48920341 6.29527701
 4.69661007 4.35844176 3.68576397 2.64459094]
DEBUG: cosmo_colibre ages (Gyr): [5.76318813 4.74035771 3.52029044 5.89807235 5.48780607 6.29235345
 4.69641653 4.35867547 3.68670078 2.64625278]
DEBUG: us.look_back_time -> ages (Gyr): [5.76318813 4.74035772 3.52029044 5.89807235 5.48780607 6.29235346
 4.69641653 4.35867547 3.68670078 2.64625278]
[52/100] subhalo 12603635 done; total_formed=1.397e+00
Building SWIFTGalaxy for subhalo 2765752 (soap_index=48584139)
Read masses: Nstars=18556, sum_current=2.469473e+10 Msun
DEBUG: sample z (first valid): [3.36790189 3.49399986 6.54240994 3.55839188 4.81611644 1.03654444
 0.43984533 1.43013942 1.42295179 1.431943  ]
DEBUG: Planck15 ages (Gyr): [1.88514126 1.80692082 0.83276117 1.76902496 1.2293413  5.71715535
 9.06082572 4.45513683 4.4740559  4.45040968]
DEBUG: cosmo_colibre ages (Gyr): [1.88706827 1.80886242 0.83464239 1.77097274 1.23130875 5.71535778
 9.05027706 4.45525352 4.47414921 4.45053218]
DEBUG: us.look_back_time -> ages (Gyr): [1.88706827 1.80886243 0.83464239 1.77097274 1.23130875 5.71535778
 9.05027706 4.45525353 4.47414921 4.45053218]
[53/100] subhalo 2765752 done; total_formed=4.126e+00
Building SWIFTGalaxy for subhalo 1435129 (soap_index=48596018)
Read masses: Nstars=92304, sum_current=1.151214e+11 Msun
DEBUG: sample z (first valid): [1.78142772 8.66322619 4.38283368 0.58238362 1.2167501  4.10087173
 4.13323412 2.38862461 1.096347   0.31261016]
DEBUG: Planck15 ages (Gyr): [ 3.66676143  0.57406163  1.38026631  8.03202969  5.07690585  1.4958181
  1.4817542   2.74616274  5.49116702 10.15325293]
DEBUG: cosmo_colibre ages (Gyr): [ 3.66771535  0.57581439  1.38224199  8.02474907  5.07617069  1.49779252
  1.48372911  2.74777244  5.48976634 10.13869606]
DEBUG: us.look_back_time -> ages (Gyr): [ 3.66771535  0.57581439  1.38224199  8.02474907  5.07617069  1.49779253
  1.48372911  2.74777244  5.48976634 10.13869606]
[54/100] subhalo 1435129 done; total_formed=1.928e+01
Building SWIFTGalaxy for subhalo 155096 (soap_index=48634381)
Read masses: Nstars=92659, sum_current=1.242391e+11 Msun
DEBUG: sample z (first valid): [7.5544968  0.83348254 0.28240451 3.1644532  5.5164562  1.7687368
 0.77662112 1.83705628 5.50998311 0.34781178]
DEBUG: Planck15 ages (Gyr): [ 0.68936492  6.60447049 10.44078599  2.02374944  1.0368777   3.69119771
  6.89162169  3.56268611  1.03842294  9.83247957]
DEBUG: cosmo_colibre ages (Gyr): [ 0.69118437  6.60087865 10.42508584  2.02564462  1.03881641  3.6921296
  6.88736762  3.56373109  1.04036197  9.81915541]
DEBUG: us.look_back_time -> ages (Gyr): [ 0.69118437  6.60087865 10.42508584  2.02564462  1.03881641  3.6921296
  6.88736762  3.56373109  1.04036197  9.81915541]
[55/100] subhalo 155096 done; total_formed=2.076e+01
Building SWIFTGalaxy for subhalo 2750175 (soap_index=48637206)
Read masses: Nstars=55569, sum_current=7.230269e+10 Msun
DEBUG: sample z (first valid): [1.25986207 1.99990845 1.61578989 1.63705134 2.02343606 1.25070403
 1.48694596 0.07746942 0.26302806 2.00458463]
DEBUG: Planck15 ages (Gyr): [ 4.94053264  3.2841003   4.00776507  3.96117804  3.246792    4.96900978
  4.31002936 12.73995079 10.63148609  3.27662963]
DEBUG: cosmo_colibre ages (Gyr): [ 4.93999925  3.2853675   4.00838922  3.96185011  3.2480866   4.96843496
  4.31032013 12.71389858 10.61500809  3.27790236]
DEBUG: us.look_back_time -> ages (Gyr): [ 4.93999925  3.2853675   4.00838922  3.96185011  3.2480866   4.96843496
  4.31032013 12.71389858 10.61500809  3.27790236]
[56/100] subhalo 2750175 done; total_formed=1.214e+01
Building SWIFTGalaxy for subhalo 47042 (soap_index=48823621)
Read masses: Nstars=911081, sum_current=1.152948e+12 Msun
DEBUG: sample z (first valid): [7.71199734 1.99990845 0.70064355 0.55993526 0.58606002 0.59129759
 4.61865569 1.58280129 1.37157125 5.66354855]
DEBUG: Planck15 ages (Gyr): [0.67073764 3.2841003  7.30635039 8.18206686 8.00785354 7.97360033
 1.29454296 4.08182244 4.61313637 1.00276756]
DEBUG: cosmo_colibre ages (Gyr): [0.67254746 3.2853675  7.30106894 8.17434109 8.00064364 7.96649013
 1.2965154  4.08236852 4.61305299 1.00469878]
DEBUG: us.look_back_time -> ages (Gyr): [0.67254746 3.2853675  7.30106894 8.17434109 8.00064364 7.96649013
 1.2965154  4.08236853 4.613053   1.00469878]
[57/100] subhalo 47042 done; total_formed=1.927e+02
Building SWIFTGalaxy for subhalo 1285431 (soap_index=48823666)
Read masses: Nstars=11530, sum_current=1.577106e+10 Msun
DEBUG: sample z (first valid): [1.93962501 2.17396358 1.56681811 2.04139595 1.70006592 3.30110914
 1.54568055 4.6805062  2.43768359 2.01370367]
DEBUG: Planck15 ages (Gyr): [3.38295251 3.02364788 4.11850198 3.2187758  3.82812929 1.92887152
 4.16783347 1.273514   2.6885818  3.26214058]
DEBUG: cosmo_colibre ages (Gyr): [3.38414442 3.02509495 4.11900854 3.22009063 3.82893319 1.9307893
 4.16828595 1.27548507 2.69022153 3.26342398]
DEBUG: us.look_back_time -> ages (Gyr): [3.38414442 3.02509495 4.11900854 3.22009063 3.82893319 1.93078931
 4.16828595 1.27548508 2.69022154 3.26342398]
[58/100] subhalo 1285431 done; total_formed=2.655e+00
Building SWIFTGalaxy for subhalo 6899911 (soap_index=48823804)
Read masses: Nstars=14519, sum_current=1.880738e+10 Msun
DEBUG: sample z (first valid): [4.08661906 5.63655696 2.96419066 2.28040845 2.82490954 2.00375836
 3.83339479 3.77145977 2.58708265 3.72569945]
DEBUG: Planck15 ages (Gyr): [1.5020823  1.00888599 2.17743883 2.88057881 2.29605531 3.27794765
 1.62106118 1.65255247 2.5249087  1.67647626]
DEBUG: cosmo_colibre ages (Gyr): [1.50405647 1.0108186  2.17928995 2.88211343 2.29786624 3.27921941
 1.62302738 1.65451553 2.52662693 1.67843664]
DEBUG: us.look_back_time -> ages (Gyr): [1.50405648 1.0108186  2.17928996 2.88211343 2.29786624 3.27921942
 1.62302739 1.65451553 2.52662693 1.67843664]
[59/100] subhalo 6899911 done; total_formed=3.166e+00
Building SWIFTGalaxy for subhalo 5227717 (soap_index=48866246)
Read masses: Nstars=124437, sum_current=1.668158e+11 Msun
DEBUG: sample z (first valid): [4.0763749  2.92243237 2.25047118 1.97863831 1.00268916 4.41709373
 1.11665913 1.12875983 0.73210699 0.06065903]
DEBUG: Planck15 ages (Gyr): [ 1.50661162  2.21192135  2.91967762  3.31843485  5.8516533   1.36723638
  5.41760379  5.37451726  7.13007844 12.95952971]
DEBUG: cosmo_colibre ages (Gyr): [ 1.50858561  2.21376134  2.92118911  3.31967634  5.84960803  1.3692118
  5.41632712  5.37331205  7.1252439  12.9323852 ]
DEBUG: us.look_back_time -> ages (Gyr): [ 1.50858561  2.21376135  2.92118911  3.31967634  5.84960804  1.3692118
  5.41632713  5.37331205  7.12524391 12.9323852 ]
[60/100] subhalo 5227717 done; total_formed=2.789e+01
Building SWIFTGalaxy for subhalo 310949 (soap_index=48904271)
Read masses: Nstars=45122, sum_current=6.665494e+10 Msun
DEBUG: sample z (first valid): [5.38565722 0.97946116 9.93724967 4.25465042 1.39707388 1.39514655
 1.3180532  4.31904878 2.25725646 6.22796956]
DEBUG: Planck15 ages (Gyr): [1.06886057 5.94682908 0.47657476 1.43089387 4.54325044 4.54847252
 4.76551541 1.40508093 2.91073996 0.88768883]
DEBUG: cosmo_colibre ages (Gyr): [1.07080562 5.94460333 0.47825543 1.43286977 4.54325692 4.54847236
 4.76522858 1.40705687 2.91225679 0.88958867]
DEBUG: us.look_back_time -> ages (Gyr): [1.07080562 5.94460333 0.47825544 1.43286977 4.54325692 4.54847236
 4.76522858 1.40705688 2.91225679 0.88958867]
[61/100] subhalo 310949 done; total_formed=1.091e+01
Building SWIFTGalaxy for subhalo 261410 (soap_index=48914230)
Read masses: Nstars=50654, sum_current=6.956812e+10 Msun
DEBUG: sample z (first valid): [0.0346047  0.02049206 2.87466004 0.91223156 0.72772329 8.60445519
 6.58869847 0.91805198 0.32749959 0.18116935]
DEBUG: Planck15 ages (Gyr): [13.31050519 13.50620496  2.25248816  6.23639334  7.15424478  0.57934699
  0.82515225  6.21046205 10.01573812 11.49507589]
DEBUG: cosmo_colibre ages (Gyr): [13.28158066 13.47627019  2.25431447  6.23359182  7.14934987  0.58110321
  0.82703069  6.20771373 10.00171528 11.47488601]
DEBUG: us.look_back_time -> ages (Gyr): [13.28158066 13.47627019  2.25431448  6.23359182  7.14934987  0.58110321
  0.82703069  6.20771373 10.00171528 11.47488601]
[62/100] subhalo 261410 done; total_formed=1.160e+01
Building SWIFTGalaxy for subhalo 2184983 (soap_index=48962259)
Read masses: Nstars=62347, sum_current=7.997230e+10 Msun
DEBUG: sample z (first valid): [4.51696271 3.00268735 1.73248833 1.39584704 1.26251467 1.08355058
 1.27602973 0.98859085 4.01231358 0.93275923]
DEBUG: Planck15 ages (Gyr): [1.33039502 2.1464282  3.76246933 4.54657344 4.93233286 5.53832473
 4.89088981 5.90913293 1.5354563  6.14568239]
DEBUG: cosmo_colibre ages (Gyr): [1.33236926 2.14828895 3.76333558 4.5465757  4.93181133 5.53684322
 4.89042776 5.90697919 1.53742887 6.14306557]
DEBUG: us.look_back_time -> ages (Gyr): [1.33236927 2.14828895 3.76333558 4.5465757  4.93181133 5.53684322
 4.89042776 5.90697919 1.53742888 6.14306558]
[63/100] subhalo 2184983 done; total_formed=1.342e+01
Building SWIFTGalaxy for subhalo 7064590 (soap_index=48985032)
Read masses: Nstars=34318, sum_current=4.577952e+10 Msun
DEBUG: sample z (first valid): [0.71452491 4.1909703  0.48742624 4.92335503 0.40082079 0.26820961
 0.34781178 0.47683432 0.04356688 4.95944348]
DEBUG: Planck15 ages (Gyr): [ 7.22776757  1.45720147  8.69654488  1.19618019  9.37673653 10.5799998
  9.83247957  8.77572819 13.18828643  1.18535326]
DEBUG: cosmo_colibre ages (Gyr): [ 7.22268722  1.45917701  8.6872108   1.19814422  9.36508451 10.56373333
  9.81915541  8.7661354  13.15998643  1.18731604]
DEBUG: us.look_back_time -> ages (Gyr): [ 7.22268723  1.45917702  8.6872108   1.19814423  9.36508451 10.56373333
  9.81915541  8.7661354  13.15998643  1.18731605]
[64/100] subhalo 7064590 done; total_formed=7.596e+00
Building SWIFTGalaxy for subhalo 51434 (soap_index=49070084)
Read masses: Nstars=163715, sum_current=2.067815e+11 Msun
DEBUG: sample z (first valid): [8.90119353 0.70064355 1.07721078 3.68013997 3.93159756 3.6492622
 2.87878788 8.43982715 3.66581233 3.11296598]
DEBUG: Planck15 ages (Gyr): [0.55345822 7.30635039 5.56192561 1.70087021 1.5731248  1.71773924
 2.24893466 0.59459125 1.70866337 2.06151324]
DEBUG: cosmo_colibre ages (Gyr): [0.5551971  7.30106894 5.56040324 1.70282762 1.57509496 1.71969444
 2.2507622  0.5963572  1.71061977 2.06339844]
DEBUG: us.look_back_time -> ages (Gyr): [0.5551971  7.30106894 5.56040324 1.70282762 1.57509496 1.71969444
 2.2507622  0.59635721 1.71061977 2.06339845]
[65/100] subhalo 51434 done; total_formed=3.448e+01
Building SWIFTGalaxy for subhalo 139605 (soap_index=49070086)
Read masses: Nstars=61519, sum_current=8.044315e+10 Msun
DEBUG: sample z (first valid): [2.59811134 2.99951178 0.855913   1.30858109 1.91815834 1.72408346
 2.06300243 0.90445194 0.7723929  1.03705085]
DEBUG: Planck15 ages (Gyr): [2.51347814 2.1489586  6.4962614  4.79332327 3.41932967 3.77931408
 3.18559081 6.27131781 6.91374056 5.71518051]
DEBUG: cosmo_colibre ages (Gyr): [2.51520148 2.15081857 6.49290872 4.7929982  3.4204929  3.7801645
 3.18692918 6.26844411 6.90943381 5.71338651]
DEBUG: us.look_back_time -> ages (Gyr): [2.51520148 2.15081858 6.49290872 4.7929982  3.4204929  3.7801645
 3.18692918 6.26844411 6.90943382 5.71338651]
[66/100] subhalo 139605 done; total_formed=1.349e+01
Building SWIFTGalaxy for subhalo 666459 (soap_index=49070100)
Read masses: Nstars=10744, sum_current=1.558047e+10 Msun
DEBUG: sample z (first valid): [1.59056052 2.44346364 0.81258989 1.18715792 1.13639327 0.82348358
 1.24792481 2.99658495 1.12145539 1.39637268]
DEBUG: Planck15 ages (Gyr): [4.06420572 2.68192834 6.70779312 5.17401381 5.34761534 6.65360981
 4.97770359 2.15129515 5.40046075 4.54514924]
DEBUG: cosmo_colibre ages (Gyr): [4.06477058 2.68357147 6.70396762 5.17312977 5.34645431 6.64990749
 4.97711605 2.15315442 5.39921262 4.5451533 ]
DEBUG: us.look_back_time -> ages (Gyr): [4.06477058 2.68357147 6.70396762 5.17312978 5.34645431 6.64990749
 4.97711605 2.15315442 5.39921262 4.5451533 ]
[67/100] subhalo 666459 done; total_formed=2.594e+00
Building SWIFTGalaxy for subhalo 142593 (soap_index=49096753)
Read masses: Nstars=71052, sum_current=9.355074e+10 Msun
DEBUG: sample z (first valid): [1.41171708 1.37518121 0.25519038 1.5142331  2.73169343 0.67576966
 0.2792005  2.45107952 0.68524995 3.42153556]
DEBUG: Planck15 ages (Gyr): [ 4.50388704  4.60313953 10.7100551   4.24301073  2.3815224   7.45046708
 10.47197605  2.67320285  7.39503165  1.85119985]
DEBUG: cosmo_colibre ages (Gyr): [ 4.50394317  4.60306914 10.69325213  4.2433788   2.38330103  7.44480897
 10.45614975  2.6748504   7.38951962  1.85313349]
DEBUG: us.look_back_time -> ages (Gyr): [ 4.50394317  4.60306915 10.69325213  4.2433788   2.38330104  7.44480898
 10.45614975  2.6748504   7.38951962  1.85313349]
[68/100] subhalo 142593 done; total_formed=1.573e+01
Building SWIFTGalaxy for subhalo 115136 (soap_index=49124024)
Read masses: Nstars=28005, sum_current=3.912430e+10 Msun
DEBUG: sample z (first valid): [4.02499617 3.21968965 2.9786304  1.86308432 2.266999   0.49189583
 6.80748153 2.29724291 3.68985258 0.28633116]
DEBUG: Planck15 ages (Gyr): [ 1.52967345  1.98449009  2.16572089  3.51562899  2.89798513  8.66345013
  0.79070314  2.85896801  1.69562069 10.40274438]
DEBUG: cosmo_colibre ages (Gyr): [ 1.53164634  1.98639505  2.1675757   3.5167137   2.89950952  8.65422329
  0.79256832  2.86051518  1.69757875 10.38719755]
DEBUG: us.look_back_time -> ages (Gyr): [ 1.53164635  1.98639506  2.1675757   3.51671371  2.89950952  8.6542233
  0.79256833  2.86051518  1.69757876 10.38719755]
[69/100] subhalo 115136 done; total_formed=6.447e+00
Building SWIFTGalaxy for subhalo 50175 (soap_index=49164966)
Read masses: Nstars=18823, sum_current=2.526241e+10 Msun
DEBUG: sample z (first valid): [2.53484358 1.35148906 1.91297004 2.26341998 1.70765163 2.09833585
 2.13629403 4.53373301 2.95892231 1.58402334]
DEBUG: Planck15 ages (Gyr): [2.5802316  4.66938909 3.42821739 2.90266009 3.81260157 3.13251358
 3.0770858  1.32436993 2.18174019 4.0790397 ]
DEBUG: cosmo_colibre ages (Gyr): [2.58192444 4.66923181 3.42937353 2.90418171 3.81342037 3.13388871
 3.07849814 1.32634392 2.18358995 4.07958876]
DEBUG: us.look_back_time -> ages (Gyr): [2.58192444 4.66923182 3.42937353 2.90418172 3.81342038 3.13388871
 3.07849814 1.32634392 2.18358996 4.07958876]
[70/100] subhalo 50175 done; total_formed=4.236e+00
Building SWIFTGalaxy for subhalo 51940 (soap_index=49164971)
Read masses: Nstars=49769, sum_current=6.961086e+10 Msun
DEBUG: sample z (first valid): [3.07562189 0.54493164 0.55593542 2.17427105 0.66979209 2.41475615
 2.05842822 3.59869483 1.09607881 2.26830241]
DEBUG: Planck15 ages (Gyr): [2.08963785 8.28471012 8.20924295 3.02321797 7.48574704 2.71524271
 3.19256949 1.74597007 5.49214887 2.89628566]
DEBUG: cosmo_colibre ages (Gyr): [2.09151526 8.27667358 8.20143539 3.02466532 7.47999519 2.7168687
 3.19390294 1.74792132 5.49074651 2.89781106]
DEBUG: us.look_back_time -> ages (Gyr): [2.09151526 8.27667358 8.2014354  3.02466532 7.47999519 2.7168687
 3.19390294 1.74792132 5.49074651 2.89781106]
[71/100] subhalo 51940 done; total_formed=1.156e+01
Building SWIFTGalaxy for subhalo 320354 (soap_index=49258915)
Read masses: Nstars=30930, sum_current=4.132467e+10 Msun
DEBUG: sample z (first valid): [0.32214332 7.90918978 7.62429267 0.63464033 0.59859498 0.42966841
 0.56485196 3.07663598 5.60978316 0.08575215]
DEBUG: Planck15 ages (Gyr): [10.06489309  0.64856889  0.68100552  7.69845499  7.92624382  9.14167577
  8.14884635  2.08886576  1.01501655 12.63368503]
DEBUG: cosmo_colibre ages (Gyr): [10.05068031  0.65036672  0.6828207   7.6921251   7.91927054  9.13084913
  8.14122008  2.09074339  1.01695054 12.60815541]
DEBUG: us.look_back_time -> ages (Gyr): [10.05068031  0.65036672  0.6828207   7.6921251   7.91927054  9.13084913
  8.14122008  2.09074339  1.01695055 12.60815541]
[72/100] subhalo 320354 done; total_formed=6.890e+00
Building SWIFTGalaxy for subhalo 5163 (soap_index=49268877)
Read masses: Nstars=36180, sum_current=4.985469e+10 Msun
DEBUG: sample z (first valid): [2.52913301 6.77598481 7.62429267 3.43500034 3.86424701 5.26958768
 5.4771694  3.60580505 3.10987081 6.08267589]
DEBUG: Planck15 ages (Gyr): [2.58640005 0.79551386 0.68100552 1.84283732 1.60574317 1.09863857
 1.04631532 1.74195433 2.06382046 0.91513642]
DEBUG: cosmo_colibre ages (Gyr): [2.58808998 0.79738096 0.6828207  1.84477253 1.60771074 1.10058892
 1.04825596 1.74390616 2.06570504 0.91704465]
DEBUG: us.look_back_time -> ages (Gyr): [2.58808999 0.79738096 0.6828207  1.84477253 1.60771075 1.10058893
 1.04825597 1.74390617 2.06570504 0.91704465]
[73/100] subhalo 5163 done; total_formed=8.308e+00
Building SWIFTGalaxy for subhalo 1332289 (soap_index=49294239)
Read masses: Nstars=27886, sum_current=3.879577e+10 Msun
DEBUG: sample z (first valid): [7.36558591 3.73765633 5.94016732 5.67712685 7.76559888 0.52013361
 4.42247228 0.56739692 5.58984414 6.51215039]
DEBUG: Planck15 ages (Gyr): [0.7128676  1.67017003 0.94345568 0.99971292 0.66458835 8.45864709
 1.36520931 8.13173058 1.01962242 0.8377985 ]
DEBUG: cosmo_colibre ages (Gyr): [0.71469862 1.67213114 0.94537194 1.00164342 0.6663949  8.45007239
 1.36718469 8.12415537 1.02155744 0.83968153]
DEBUG: us.look_back_time -> ages (Gyr): [0.71469862 1.67213114 0.94537195 1.00164342 0.6663949  8.4500724
 1.36718469 8.12415537 1.02155744 0.83968154]
[74/100] subhalo 1332289 done; total_formed=6.424e+00
Building SWIFTGalaxy for subhalo 666664 (soap_index=49300745)
Read masses: Nstars=103529, sum_current=1.351155e+11 Msun
DEBUG: sample z (first valid): [4.10723192 1.25333517 1.17136041 4.57326303 0.90555943 4.08661906
 1.15239096 1.4685852  1.57104747 1.71956179]
DEBUG: Planck15 ages (Gyr): [1.49303669 4.96080148 5.22706766 1.31034568 6.26632743 1.5020823
 5.29192305 4.35608897 4.10874448 3.78842693]
DEBUG: cosmo_colibre ages (Gyr): [1.49501122 4.96023863 5.22610045 1.31231899 6.26346408 1.50405647
 5.2908524  4.35632547 4.1092616  3.78926874]
DEBUG: us.look_back_time -> ages (Gyr): [1.49501122 4.96023864 5.22610045 1.31231899 6.26346408 1.50405648
 5.29085241 4.35632548 4.1092616  3.78926874]
[75/100] subhalo 666664 done; total_formed=2.267e+01
Building SWIFTGalaxy for subhalo 2633044 (soap_index=49383495)
Read masses: Nstars=15922, sum_current=2.159996e+10 Msun
DEBUG: sample z (first valid): [ 3.78574558  0.82044444  6.76584903  3.61423643  6.13977557  1.90986591
  8.06445367 11.3037642   9.54481094  5.5964771 ]
DEBUG: Planck15 ages (Gyr): [1.64519936 6.66865767 0.79707232 1.7372122  0.90418359 3.43355288
 0.63195704 0.39925909 0.5034815  1.01808638]
DEBUG: cosmo_colibre ages (Gyr): [1.64716318 6.66492129 0.79894004 1.73916471 0.90608854 3.43470474
 0.63374548 0.40086893 0.50518377 1.02002105]
DEBUG: us.look_back_time -> ages (Gyr): [1.64716319 6.66492129 0.79894004 1.73916471 0.90608854 3.43470474
 0.63374548 0.40086893 0.50518377 1.02002106]
[76/100] subhalo 2633044 done; total_formed=3.605e+00
Building SWIFTGalaxy for subhalo 681136 (soap_index=49393161)
Read masses: Nstars=47943, sum_current=6.374425e+10 Msun
DEBUG: sample z (first valid): [3.50760025 5.46375382 0.06038444 0.05343021 0.05302397 1.86308432
 4.46816854 0.41229204 2.18847913 7.72998535]
DEBUG: Planck15 ages (Gyr): [ 1.79880551  1.04957078 12.96316045 13.05559237 13.06102042  3.51562899
  1.34818653  9.282208    3.0034603   0.66866351]
DEBUG: cosmo_colibre ages (Gyr): [ 1.80074849  1.05151208 12.93599774 13.02796479 13.03336545  3.5167137
  1.35016143  9.27089096  3.0049202   0.67047223]
DEBUG: us.look_back_time -> ages (Gyr): [ 1.80074849  1.05151209 12.93599774 13.02796479 13.03336545  3.51671371
  1.35016143  9.27089096  3.00492021  0.67047223]
[77/100] subhalo 681136 done; total_formed=1.060e+01
Building SWIFTGalaxy for subhalo 1364868 (soap_index=49393170)
Read masses: Nstars=31417, sum_current=4.351336e+10 Msun
DEBUG: sample z (first valid): [1.34408756 0.62879014 4.40592263 6.95919359 5.13116288 2.42689814
 0.96239071 1.41171708 4.73418497 2.2653712 ]
DEBUG: Planck15 ages (Gyr): [4.69039905 7.73474557 1.37146253 0.76819393 1.13599459 2.70106974
 6.01833088 4.50388704 1.25571875 2.90010985]
DEBUG: cosmo_colibre ages (Gyr): [4.69021381 7.72831485 1.37343804 0.77004985 1.13795085 2.70270307
 6.01596671 4.50394317 1.25768849 2.90163299]
DEBUG: us.look_back_time -> ages (Gyr): [4.69021381 7.72831486 1.37343804 0.77004986 1.13795085 2.70270307
 6.01596671 4.50394317 1.2576885  2.90163299]
[78/100] subhalo 1364868 done; total_formed=7.196e+00
Building SWIFTGalaxy for subhalo 3927598 (soap_index=49443651)
Read masses: Nstars=71244, sum_current=9.455180e+10 Msun
DEBUG: sample z (first valid): [3.36790189 1.83705628 3.57334264 2.83565492 1.24054701 5.02020944
 2.17396358 5.88403361 2.36116525 7.69927656]
DEBUG: Planck15 ages (Gyr): [1.88514126 3.56268611 1.76041405 2.28652846 5.00090036 1.16748648
 3.02364788 0.95501267 2.77928152 0.67221089]
DEBUG: cosmo_colibre ages (Gyr): [1.88706827 3.56373109 1.76236315 2.28834281 5.0002787  1.16944706
 3.02509495 0.95693204 2.78087336 0.67402149]
DEBUG: us.look_back_time -> ages (Gyr): [1.88706827 3.56373109 1.76236316 2.28834281 5.0002787  1.16944706
 3.02509495 0.95693204 2.78087336 0.67402149]
[79/100] subhalo 3927598 done; total_formed=1.578e+01
Building SWIFTGalaxy for subhalo 54026 (soap_index=49465087)
Read masses: Nstars=75794, sum_current=1.006726e+11 Msun
DEBUG: sample z (first valid): [1.06877449e-01 6.93786829e-01 4.25315355e-01 1.39360223e-01
 1.33056708e-01 3.57685593e+00 2.15532017e+00 3.55261546e-03
 9.43816198e+00 2.31224098e+00]
DEBUG: Planck15 ages (Gyr): [12.36825226  7.34564961  9.17658467 11.975271   12.05013384  1.75840063
  3.04990394 13.74646874  0.51123252  2.8399376 ]
DEBUG: cosmo_colibre ages (Gyr): [12.3440104   7.34026645  9.16563706 11.95288849 12.02740155  1.76035004
  3.05133408 13.71527683  0.51294076  2.84149565]
DEBUG: us.look_back_time -> ages (Gyr): [12.3440104   7.34026646  9.16563706 11.95288849 12.02740155  1.76035004
  3.05133409 13.71527683  0.51294076  2.84149565]
[80/100] subhalo 54026 done; total_formed=1.686e+01
Building SWIFTGalaxy for subhalo 1374011 (soap_index=49496842)
Read masses: Nstars=55072, sum_current=7.427663e+10 Msun
DEBUG: sample z (first valid): [0.23764919 5.09410452 7.23058085 0.43392263 3.35021573 0.49040298
 2.13239652 6.54588371 0.55845144 0.8771769 ]
DEBUG: Planck15 ages (Gyr): [10.88895869  1.1463544   0.7304923   9.10774894  1.89655994  8.67448287
  3.08270293  0.83218611  8.19213254  6.39619899]
DEBUG: cosmo_colibre ages (Gyr): [10.87140609  1.14831214  0.7323316   9.09703931  1.89848461  8.66522034
  3.08411155  0.83406712  8.18437652  6.39306239]
DEBUG: us.look_back_time -> ages (Gyr): [10.87140609  1.14831215  0.73233161  9.09703931  1.89848462  8.66522034
  3.08411155  0.83406712  8.18437652  6.3930624 ]
[81/100] subhalo 1374011 done; total_formed=1.235e+01
Building SWIFTGalaxy for subhalo 38090 (soap_index=49550248)
Read masses: Nstars=1249850, sum_current=1.530619e+12 Msun
DEBUG: sample z (first valid): [5.83521068 1.01290006 1.37277335 0.47683432 0.53293413 3.43950684
 0.48999636 6.38350608 1.00882786 0.5047759 ]
DEBUG: Planck15 ages (Gyr): [0.96525706 5.81056887 4.60980361 8.77572819 8.36818585 1.84005243
 8.6774916  0.85979036 5.82689924 8.56912478]
DEBUG: cosmo_colibre ages (Gyr): [0.96717911 5.80860018 4.60972457 8.7661354  8.35989284 1.84198815
 8.66821933 0.86168105 5.82490021 8.56020077]
DEBUG: us.look_back_time -> ages (Gyr): [0.96717911 5.80860018 4.60972457 8.7661354  8.35989285 1.84198816
 8.66821933 0.86168106 5.82490022 8.56020077]
[82/100] subhalo 38090 done; total_formed=2.549e+02
Building SWIFTGalaxy for subhalo 38324 (soap_index=49550254)
Read masses: Nstars=22234, sum_current=2.827149e+10 Msun
DEBUG: sample z (first valid): [2.9771817  1.71393076 3.93865863 4.23408673 4.247918   4.09254798
 5.43203455 3.16922196 4.60615911 3.728086  ]
DEBUG: Planck15 ages (Gyr): [2.16689182 3.79982544 1.56976869 1.4393025  1.43363781 1.4994712
 1.05733514 2.02030962 1.29886177 1.67521442]
DEBUG: cosmo_colibre ages (Gyr): [2.16874626 3.80065643 1.5717391  1.44127832 1.43561369 1.50144548
 1.05927798 2.02220567 1.30083446 1.67717494]
DEBUG: us.look_back_time -> ages (Gyr): [2.16874627 3.80065644 1.5717391  1.44127832 1.43561369 1.50144549
 1.05927798 2.02220568 1.30083447 1.67717494]
[83/100] subhalo 38324 done; total_formed=4.785e+00
Building SWIFTGalaxy for subhalo 149136 (soap_index=49580811)
Read masses: Nstars=11798, sum_current=1.651271e+10 Msun
DEBUG: sample z (first valid): [0.32879157 0.23392077 0.10404313 4.44997921 4.36213386 6.72101791
 0.74260796 5.50352287 0.20417463 0.23764919]
DEBUG: Planck15 ages (Gyr): [10.00393399 10.92753917 12.40340437  1.35492002  1.3882391   0.80402675
  7.07269569  1.03996892 11.24249686 10.88895869]
DEBUG: cosmo_colibre ages (Gyr): [ 9.9899566  10.90982316 12.37899342  1.35689512  1.3902149   0.80589719
  7.06800337  1.04190827 11.22342402 10.87140609]
DEBUG: us.look_back_time -> ages (Gyr): [ 9.9899566  10.90982316 12.37899342  1.35689513  1.3902149   0.8058972
  7.06800338  1.04190828 11.22342402 10.87140609]
[84/100] subhalo 149136 done; total_formed=2.734e+00
Building SWIFTGalaxy for subhalo 332736 (soap_index=49645232)
Read masses: Nstars=25620, sum_current=3.548695e+10 Msun
DEBUG: sample z (first valid): [3.31498551 3.80539669 4.21202481 5.20664836 0.4383285  6.1694563
 2.34435599 2.29359735 6.37602701 2.53636952]
DEBUG: Planck15 ages (Gyr): [1.91964929 1.63517282 1.44841526 1.11536688 9.07280877 0.898576
 2.79987994 2.86362531 0.86109837 2.5785874 ]
DEBUG: cosmo_colibre ages (Gyr): [1.92156908 1.63713766 1.45039096 1.11731998 9.0622191  0.90047923
 2.80146046 2.86516979 0.86298951 2.58028101]
DEBUG: us.look_back_time -> ages (Gyr): [1.92156909 1.63713766 1.45039096 1.11731998 9.0622191  0.90047923
 2.80146047 2.86516979 0.86298951 2.58028101]
[85/100] subhalo 332736 done; total_formed=5.935e+00
Building SWIFTGalaxy for subhalo 1395675 (soap_index=49658578)
Read masses: Nstars=86047, sum_current=1.144215e+11 Msun
DEBUG: sample z (first valid): [1.78284501 2.36634477 1.39935564 2.07709644 4.46953764 1.48883488
 2.95033153 1.89086899 2.21128969 1.68700287]
DEBUG: Planck15 ages (Gyr): [3.66404877 2.77298449 4.53708046 3.16424411 1.34768195 4.30533534
 2.18878432 3.46650209 2.97217902 3.85511028]
DEBUG: cosmo_colibre ages (Gyr): [3.66500511 2.77457975 4.53709477 3.1655974  1.34965683 4.30563158
 2.19063183 3.46762732 2.9736585  3.85588805]
DEBUG: us.look_back_time -> ages (Gyr): [3.66500511 2.77457976 4.53709477 3.1655974  1.34965684 4.30563158
 2.19063183 3.46762733 2.9736585  3.85588805]
[86/100] subhalo 1395675 done; total_formed=1.914e+01
Building SWIFTGalaxy for subhalo 1395598 (soap_index=49685273)
Read masses: Nstars=67460, sum_current=8.742130e+10 Msun
DEBUG: sample z (first valid): [0.65461523 1.74346952 1.50903522 0.5178803  0.13761978 4.72216886
 0.07803658 0.03565107 0.05798786 6.91880135]
DEBUG: Planck15 ages (Gyr): [ 7.57647367  3.74064397  4.25564704  8.47472268 11.99587507  1.25966626
 12.73263409 13.29615382 12.99491029  0.77408185]
DEBUG: cosmo_colibre ages (Gyr): [ 7.57047795  3.74153054  4.25600069  8.46609752 11.97339651  1.26163631
 12.70661799 13.26730288 12.96758823  0.77594025]
DEBUG: us.look_back_time -> ages (Gyr): [ 7.57047796  3.74153054  4.25600069  8.46609752 11.97339651  1.26163632
 12.70661799 13.26730288 12.96758824  0.77594025]
[87/100] subhalo 1395598 done; total_formed=1.462e+01
Building SWIFTGalaxy for subhalo 2671983 (soap_index=49690601)
Read masses: Nstars=99932, sum_current=1.334915e+11 Msun
DEBUG: sample z (first valid): [2.36116525 2.77772654 0.58406652 0.93481342 3.57206642 4.780718
 0.52565416 1.48883488 0.35371396 0.56320962]
DEBUG: Planck15 ages (Gyr): [2.77928152 2.33867268 8.02094923 6.13671851 1.76114638 1.24062376
 8.41945458 4.30533534 9.78014812 8.15992048]
DEBUG: cosmo_colibre ages (Gyr): [2.78087336 2.34046785 8.01370106 6.13411973 1.76309537 1.24259223
 8.41100241 4.30563158 9.76702073 8.1522611 ]
DEBUG: us.look_back_time -> ages (Gyr): [2.78087336 2.34046785 8.01370106 6.13411973 1.76309538 1.24259224
 8.41100241 4.30563158 9.76702073 8.1522611 ]
[88/100] subhalo 2671983 done; total_formed=2.220e+01
Building SWIFTGalaxy for subhalo 5426227 (soap_index=49698342)
Read masses: Nstars=15229, sum_current=2.035929e+10 Msun
DEBUG: sample z (first valid): [3.74726548 3.93382519 5.58322451 0.5010536  6.9351011  3.96409635
 0.83965866 0.83862642 5.26958768 1.39287279]
DEBUG: Planck15 ages (Gyr): [1.66513044 1.57206473 1.02115923 8.59622639 0.77169686 1.55777603
 6.57439851 6.57940978 1.09863857 4.55464564]
DEBUG: cosmo_colibre ages (Gyr): [1.66709211 1.57403497 1.02309458 8.5872158  0.77355426 1.55974725
 6.5708737  6.57587384 1.10058892 4.55463762]
DEBUG: us.look_back_time -> ages (Gyr): [1.66709212 1.57403497 1.02309458 8.58721581 0.77355427 1.55974725
 6.5708737  6.57587384 1.10058893 4.55463762]
[89/100] subhalo 5426227 done; total_formed=3.349e+00
Building SWIFTGalaxy for subhalo 2696248 (soap_index=49700711)
Read masses: Nstars=35376, sum_current=4.698314e+10 Msun
DEBUG: sample z (first valid): [0.81620663 1.50788306 0.52593834 0.63790863 0.83759533 4.243719
 0.34670393 3.78574558 0.16363636 0.51942873]
DEBUG: Planck15 ages (Gyr): [ 6.68972866  4.25845623  8.4174444   7.6782931   6.58442135  1.43535363
  9.84234793  1.64519936 11.69304973  8.46367093]
DEBUG: cosmo_colibre ages (Gyr): [ 6.68594439  4.25880666  8.40899849  7.67201894  6.58087425  1.43732949
  9.82898653  1.64716318 11.67196667  8.45508047]
DEBUG: us.look_back_time -> ages (Gyr): [ 6.68594439  4.25880666  8.40899849  7.67201894  6.58087425  1.4373295
  9.82898653  1.64716319 11.67196667  8.45508047]
[90/100] subhalo 2696248 done; total_formed=7.801e+00
Building SWIFTGalaxy for subhalo 706241 (soap_index=49731244)
Read masses: Nstars=34628, sum_current=4.660154e+10 Msun
DEBUG: sample z (first valid): [4.36213386 4.10723192 3.48477383 2.39917012 3.22404125 7.9634138
 0.33149126 4.46133333 0.07967051 4.09175666]
DEBUG: Planck15 ages (Gyr): [ 1.3882391   1.49303669  1.81246051  2.73361558  1.98145072  0.64268574
  9.97933351  1.35071033 12.71158869  1.49981926]
DEBUG: cosmo_colibre ages (Gyr): [ 1.3902149   1.49501122  1.81440116  2.73523193  1.98335642  0.64448028
  9.96545066  1.3526853  12.68567634  1.50179353]
DEBUG: us.look_back_time -> ages (Gyr): [ 1.3902149   1.49501122  1.81440117  2.73523193  1.98335642  0.64448028
  9.96545066  1.35268531 12.68567634  1.50179354]
[91/100] subhalo 706241 done; total_formed=7.737e+00
Building SWIFTGalaxy for subhalo 20502880 (soap_index=49767706)
Read masses: Nstars=126565, sum_current=1.655497e+11 Msun
DEBUG: sample z (first valid): [1.01959938 1.65521433 1.0225912  0.98955677 1.38781608 3.76660121
 1.1816245  1.13333333 1.32100864 0.41951135]
DEBUG: Planck15 ages (Gyr): [5.78385913 3.9220699  5.77199325 5.9051666  4.56842257 1.65506566
 5.19249942 5.35837357 4.75689167 9.22343661]
DEBUG: cosmo_colibre ages (Gyr): [5.78193979 3.92278149 5.77009573 5.9030204  4.56839693 1.65702844
 5.19158656 5.35719492 4.75661664 9.21232577]
DEBUG: us.look_back_time -> ages (Gyr): [5.78193979 3.92278149 5.77009573 5.9030204  4.56839693 1.65702845
 5.19158656 5.35719492 4.75661664 9.21232577]
[92/100] subhalo 20502880 done; total_formed=2.770e+01
Building SWIFTGalaxy for subhalo 20475221 (soap_index=49804857)
Read masses: Nstars=24628, sum_current=3.450553e+10 Msun
DEBUG: sample z (first valid): [3.39897973 0.51633503 5.82808919 3.2091201  3.40815228 8.52627371
 2.79698725 0.88430132 3.25834958 8.34426463]
DEBUG: Planck15 ages (Gyr): [1.8653499  8.48577347 0.9667666  1.99190455 1.85957413 0.58650443
 2.3211195  6.36320826 1.95775508 0.60374879]
DEBUG: cosmo_colibre ages (Gyr): [1.86728084 8.47711355 0.96868904 1.99380771 1.86150618 0.58826526
 2.32292124 6.36014185 1.95966636 0.60552043]
DEBUG: us.look_back_time -> ages (Gyr): [1.86728084 8.47711355 0.96868904 1.99380771 1.86150618 0.58826526
 2.32292124 6.36014185 1.95966636 0.60552043]
[93/100] subhalo 20475221 done; total_formed=5.764e+00
Building SWIFTGalaxy for subhalo 2728040 (soap_index=49819603)
Read masses: Nstars=56265, sum_current=8.137597e+10 Msun
DEBUG: sample z (first valid): [3.91384869 1.52703015 7.65961945 4.43912358 1.97863831 3.61423643
 4.34072203 9.01773158 1.12737778 4.21202481]
DEBUG: Planck15 ages (Gyr): [1.58161349 4.21215678 0.67683847 1.35896528 3.31843485 1.7372122
 1.39656682 0.54381244 5.37941077 1.44841526]
DEBUG: cosmo_colibre ages (Gyr): [1.58358302 4.21255979 0.67865149 1.3609405  3.31967634 1.73916471
 1.39854271 0.54554459 5.37819749 1.45039096]
DEBUG: us.look_back_time -> ages (Gyr): [1.58358302 4.21255979 0.67865149 1.3609405  3.31967634 1.73916471
 1.39854271 0.54554459 5.37819749 1.45039096]
[94/100] subhalo 2728040 done; total_formed=1.345e+01
Building SWIFTGalaxy for subhalo 5083317 (soap_index=49855719)
Read masses: Nstars=41467, sum_current=5.603124e+10 Msun
DEBUG: sample z (first valid): [ 0.79964851  4.09690465  5.42446819 11.68479628  5.84163274  0.7626681
  5.30153846  0.41448675  0.44862953  0.20906206]
DEBUG: Planck15 ages (Gyr): [ 6.77305256  1.49755732  1.05920137  0.38135851  0.96389913  6.96503016
  1.09030531  9.26428286  8.99188868 11.1898611 ]
DEBUG: cosmo_colibre ages (Gyr): [ 6.7690768   1.49953168  1.06114456  0.3829498   0.96582083  6.96060035
  1.09225423  9.25302888  8.98157464 11.17101782]
DEBUG: us.look_back_time -> ages (Gyr): [ 6.7690768   1.49953168  1.06114457  0.38294981  0.96582083  6.96060035
  1.09225423  9.25302888  8.98157464 11.17101782]
[95/100] subhalo 5083317 done; total_formed=9.376e+00
Building SWIFTGalaxy for subhalo 20650712 (soap_index=49920170)
Read masses: Nstars=29359, sum_current=4.046234e+10 Msun
DEBUG: sample z (first valid): [6.1694563  0.47537145 0.79747669 6.07502969 1.54488972 1.78142772
 6.77598481 3.66116643 0.04938193 1.14801704]
DEBUG: Planck15 ages (Gyr): [ 0.898576    8.78674868  6.78410044  0.91661985  4.16969761  3.66676143
  0.79551386  1.71120309 13.10982705  5.30705825]
DEBUG: cosmo_colibre ages (Gyr): [ 0.90047923  8.77711965  6.78009904  0.91852851  4.17014803  3.66771535
  0.79738096  1.71315916 13.08192535  5.30596319]
DEBUG: us.look_back_time -> ages (Gyr): [ 0.90047923  8.77711965  6.78009904  0.91852851  4.17014803  3.66771535
  0.79738096  1.71315916 13.08192535  5.30596319]
[96/100] subhalo 20650712 done; total_formed=6.707e+00
Building SWIFTGalaxy for subhalo 60186 (soap_index=49955054)
Read masses: Nstars=108982, sum_current=1.382626e+11 Msun
DEBUG: sample z (first valid): [2.17242715 0.42457178 0.25470976 1.50788306 2.88246445 3.05594752
 0.71506333 4.92335503 1.4861912  1.99935927]
DEBUG: Planck15 ages (Gyr): [ 3.02579767  9.18256742 10.71490034  4.25845623  2.24577741  2.10471084
  7.22474562  1.19618019  4.31190728  3.2849795 ]
DEBUG: cosmo_colibre ages (Gyr): [ 3.02724337  9.17159902 10.69807724  4.25880666  2.24760603  2.10658395
  7.21967295  1.19814422  4.31219586  3.28624604]
DEBUG: us.look_back_time -> ages (Gyr): [ 3.02724337  9.17159902 10.69807724  4.25880666  2.24760603  2.10658395
  7.21967295  1.19814423  4.31219586  3.28624605]
[97/100] subhalo 60186 done; total_formed=2.315e+01
Building SWIFTGalaxy for subhalo 5476113 (soap_index=49985979)
Read masses: Nstars=49523, sum_current=6.524564e+10 Msun
DEBUG: sample z (first valid): [3.81528288 0.64795816 1.07931975 2.49004154 3.64234611 5.4771694
 6.1694563  5.75907591 0.24328426 0.29815387]
DEBUG: Planck15 ages (Gyr): [ 1.63016681  7.61679823  5.55405704  2.62928486  1.7215556   1.04631532
  0.898576    0.98160088 10.83101989 10.28941121]
DEBUG: cosmo_colibre ages (Gyr): [ 1.63213214  7.61069284  5.55254832  2.63095421  1.72351028  1.04825596
  0.90047923  0.98352704 10.81371152 10.27431742]
DEBUG: us.look_back_time -> ages (Gyr): [ 1.63213214  7.61069285  5.55254832  2.63095421  1.72351029  1.04825597
  0.90047923  0.98352704 10.81371153 10.27431742]
[98/100] subhalo 5476113 done; total_formed=1.093e+01
Building SWIFTGalaxy for subhalo 632331 (soap_index=50048459)
Read masses: Nstars=56195, sum_current=8.067091e+10 Msun
DEBUG: sample z (first valid): [0.67405742 0.40153978 1.70765163 1.72136866 0.45454545 0.5010536
 3.92381668 7.49407038 0.45235351 1.9026486 ]
DEBUG: Planck15 ages (Gyr): [7.46054687 9.37077017 3.81260157 3.78478115 8.9458988  8.59622639
 1.57683682 0.69674086 8.96289797 3.44601064]
DEBUG: cosmo_colibre ages (Gyr): [7.45486204 9.35913941 3.81342037 3.78562641 8.93574005 8.5872158
 1.57880671 0.69856401 8.95268193 3.44715249]
DEBUG: us.look_back_time -> ages (Gyr): [7.45486204 9.35913941 3.81342038 3.78562641 8.93574005 8.58721581
 1.57880671 0.69856401 8.95268193 3.44715249]
[99/100] subhalo 632331 done; total_formed=1.334e+01
Building SWIFTGalaxy for subhalo 623610 (soap_index=50056302)
Read masses: Nstars=42274, sum_current=5.342932e+10 Msun
DEBUG: sample z (first valid): [6.39100034e+00 1.32975471e+00 6.36198390e-02 6.41725123e-02
 6.02497588e+00 3.55261546e-03 8.68325041e-02 6.14099730e-03
 8.18411175e-03 3.55261546e-03]
DEBUG: Planck15 ages (Gyr): [ 0.858483    4.73151701 12.92047081 12.91319832  0.92643018 13.74646874
 12.6199166  13.70937061 13.68018644 13.74646874]
DEBUG: cosmo_colibre ages (Gyr): [ 0.86037325  4.73127647 12.89352182 12.88628567  0.92834168 13.71527683
 12.59445439 13.67837401 13.64934318 13.71527683]
DEBUG: us.look_back_time -> ages (Gyr): [ 0.86037326  4.73127648 12.89352182 12.88628567  0.92834169 13.71527683
 12.59445439 13.67837401 13.64934318 13.71527683]
[100/100] subhalo 623610 done; total_formed=8.958e+00
All halos processed. Writing CSV.
Wrote relicness_extras_1600_1700.csv (100 rows) in 6839.8s
