Starting pure-swift relicness script
Loaded SOAP mapping for 91142867 halos
Batch mode: processing 100 halos (slice 2500:2600)
Building SWIFTGalaxy for subhalo 68524 (soap_index=77342474)
Read masses: Nstars=61112, sum_current=7.812921e+10 Msun
DEBUG: sample z (first valid): [3.01888759 1.22578454 9.54481094 2.7930316  4.20126984 3.37694517
 0.79925324 0.84504505 1.42510361 4.59610622]
DEBUG: Planck15 ages (Gyr): [2.13359551 5.04783542 0.5034815  2.32470672 1.45289238 1.87934652
 6.77506118 6.54834462 4.46837843 1.30235342]
DEBUG: cosmo_colibre ages (Gyr): [2.13546013 5.04714398 0.50518377 2.32650713 1.45486801 1.88127469
 6.77108077 6.54487754 4.46847877 1.30432631]
DEBUG: us.look_back_time -> ages (Gyr): [2.13546013 5.04714398 0.50518377 2.32650713 1.45486801 1.8812747
 6.77108077 6.54487754 4.46847878 1.30432632]
[1/100] subhalo 68524 done; total_formed=1.312e+01
Building SWIFTGalaxy for subhalo 776051 (soap_index=77343705)
Read masses: Nstars=53106, sum_current=7.075099e+10 Msun
DEBUG: sample z (first valid): [2.78165032 4.16967737 4.47227789 0.35472135 0.64135444 0.64135444
 0.54741216 0.23513004 3.51225558 5.623143  ]
DEBUG: Planck15 ages (Gyr): [ 2.33507905  1.46617741  1.34667298  9.77125682  7.65712286  7.65712286
  8.26760718 10.91500451  1.79604154  1.01194975]
DEBUG: cosmo_colibre ages (Gyr): [ 2.33687558  1.46815276  1.34864783  9.75816274  7.65090701  7.65090701
  8.25962278 10.89734166  1.79798497  1.01388306]
DEBUG: us.look_back_time -> ages (Gyr): [ 2.33687558  1.46815276  1.34864783  9.75816274  7.65090701  7.65090701
  8.25962278 10.89734166  1.79798498  1.01388306]
[2/100] subhalo 776051 done; total_formed=1.169e+01
Building SWIFTGalaxy for subhalo 4222737 (soap_index=77445293)
Read masses: Nstars=39261, sum_current=5.731670e+10 Msun
DEBUG: sample z (first valid): [2.8124491  0.24140021 5.55622249 8.14732361 8.09211987 5.53660483
 0.23513004 5.34669766 3.13502429 0.15453456]
DEBUG: Planck15 ages (Gyr): [ 2.30718492 10.85034186  1.02746802  0.623378    0.62907121  1.03209223
 10.91500451  1.07870479  2.04519303 11.79774269]
DEBUG: cosmo_colibre ages (Gyr): [ 2.3089918  10.8329522   1.02940474  0.62516144  0.63085797  1.03402993
 10.89734166  1.08065165  2.0470826  11.77618115]
DEBUG: us.look_back_time -> ages (Gyr): [ 2.3089918  10.8329522   1.02940474  0.62516144  0.63085797  1.03402994
 10.89734166  1.08065165  2.04708261 11.77618115]
[3/100] subhalo 4222737 done; total_formed=9.330e+00
Building SWIFTGalaxy for subhalo 5739276 (soap_index=77549025)
Read masses: Nstars=38714, sum_current=5.133320e+10 Msun
DEBUG: sample z (first valid): [0.37553522 3.27808604 0.29681811 0.89871364 3.48262654 0.12728774
 4.34072203 4.26520447 4.11760112 0.17279885]
DEBUG: Planck15 ages (Gyr): [ 9.59017142  1.94433513 10.30212587  6.29727401  1.81375387 12.11923142
  1.39656682  1.42660982  1.48852042 11.58899014]
DEBUG: cosmo_colibre ages (Gyr): [ 9.57774801  1.94624947 10.28698154  6.29434628  1.81569429 12.09617444
  1.39854271  1.42858575  1.49049511 11.56837847]
DEBUG: us.look_back_time -> ages (Gyr): [ 9.57774801  1.94624947 10.28698154  6.29434628  1.8156943  12.09617444
  1.39854271  1.42858576  1.49049511 11.56837847]
[4/100] subhalo 5739276 done; total_formed=8.497e+00
Building SWIFTGalaxy for subhalo 1594857 (soap_index=77612603)
Read masses: Nstars=95240, sum_current=1.252513e+11 Msun
DEBUG: sample z (first valid): [4.0763749  4.22240816 0.94054246 4.29755072 1.0293553  1.74922393
 0.93275923 4.47227789 1.99387848 1.97269346]
DEBUG: Planck15 ages (Gyr): [1.50661162 1.4441145  6.1118262  1.4136116  5.74530671 3.72928886
 6.14568239 1.34667298 3.29377488 3.32813589]
DEBUG: cosmo_colibre ages (Gyr): [1.50858561 1.44609026 6.1092773  1.41558756 5.743458   3.73018592
 6.14306557 1.34864783 3.29503489 3.32937003]
DEBUG: us.look_back_time -> ages (Gyr): [1.50858561 1.44609026 6.10927731 1.41558757 5.743458   3.73018593
 6.14306558 1.34864783 3.29503489 3.32937004]
[5/100] subhalo 1594857 done; total_formed=2.090e+01
Building SWIFTGalaxy for subhalo 5790718 (soap_index=77629170)
Read masses: Nstars=26302, sum_current=3.533096e+10 Msun
DEBUG: sample z (first valid): [1.22231265 2.96179422 4.32034421 2.86643068 2.33041976 2.02204187
 1.34710981 1.3180532  2.49190111 0.90025516]
DEBUG: Planck15 ages (Gyr): [5.05897564 2.17939368 1.40456962 2.2596002  2.81714832 3.24898348
 4.68180183 4.76551541 2.62721843 6.29028478]
DEBUG: cosmo_colibre ages (Gyr): [5.0582675  2.18124418 1.40654556 2.26142406 2.81871923 3.25027649
 4.68162806 4.76522858 2.62888879 6.28737164]
DEBUG: us.look_back_time -> ages (Gyr): [5.0582675  2.18124418 1.40654556 2.26142406 2.81871923 3.25027649
 4.68162806 4.76522858 2.6288888  6.28737164]
[6/100] subhalo 5790718 done; total_formed=5.931e+00
Building SWIFTGalaxy for subhalo 806864 (soap_index=77687700)
Read masses: Nstars=31263, sum_current=4.336549e+10 Msun
DEBUG: sample z (first valid): [0.42457178 3.10987081 0.67748541 6.30124777 7.0244888  4.36213386
 4.50583886 2.0904461  4.00465827 0.56320962]
DEBUG: Planck15 ages (Gyr): [9.18256742 2.06382046 7.44038746 0.87436042 0.75883199 1.3882391
 1.33441663 3.14423949 1.53896442 8.15992048]
DEBUG: cosmo_colibre ages (Gyr): [9.17159902 2.06570504 7.43475603 0.87625597 0.76068393 1.3902149
 1.33639103 3.1456066  1.5409368  8.1522611 ]
DEBUG: us.look_back_time -> ages (Gyr): [9.17159902 2.06570504 7.43475603 0.87625597 0.76068393 1.3902149
 1.33639104 3.1456066  1.5409368  8.1522611 ]
[7/100] subhalo 806864 done; total_formed=7.193e+00
Building SWIFTGalaxy for subhalo 800763 (soap_index=77728214)
Read masses: Nstars=51510, sum_current=6.906382e+10 Msun
DEBUG: sample z (first valid): [0.68524995 0.70152664 0.50935053 0.60753532 0.61243972 0.61817284
 0.44123856 0.66233766 2.37849263 1.51674347]
DEBUG: Planck15 ages (Gyr): [7.39503165 7.30131238 8.53599201 7.86880268 7.83755931 7.80127412
 9.04983968 7.53010135 2.75830718 4.23692952]
DEBUG: cosmo_colibre ages (Gyr): [7.38951962 7.29604391 8.52717337 7.86199401 7.8308395  7.79465692
 9.03932856 7.52423078 2.75991037 4.23730451]
DEBUG: us.look_back_time -> ages (Gyr): [7.38951962 7.29604391 8.52717337 7.86199401 7.8308395  7.79465692
 9.03932856 7.52423078 2.75991038 4.23730451]
[8/100] subhalo 800763 done; total_formed=1.148e+01
Building SWIFTGalaxy for subhalo 3083959 (soap_index=77765738)
Read masses: Nstars=25669, sum_current=3.464211e+10 Msun
DEBUG: sample z (first valid): [1.92023884 1.61099602 1.54944371 1.78639456 2.22392759 0.59765968
 2.07276819 1.69473684 1.71213375 1.70899471]
DEBUG: Planck15 ages (Gyr): [3.41577625 4.01839161 4.15898135 3.65726927 2.95507697 7.93228972
 3.17077473 3.83909914 3.80347471 3.80986296]
DEBUG: cosmo_colibre ages (Gyr): [3.41694231 4.01900471 4.15944361 3.65823168 2.956567   7.92529902
 3.17212347 3.83989245 3.80430223 3.81068438]
DEBUG: us.look_back_time -> ages (Gyr): [3.41694231 4.01900471 4.15944362 3.65823168 2.956567   7.92529902
 3.17212347 3.83989245 3.80430223 3.81068438]
[9/100] subhalo 3083959 done; total_formed=5.806e+00
Building SWIFTGalaxy for subhalo 5827684 (soap_index=77789967)
Read masses: Nstars=15424, sum_current=2.104773e+10 Msun
DEBUG: sample z (first valid): [4.34072203 0.10070541 2.20783162 0.60958837 2.01231844 3.73765633
 0.8910434  4.37312454 6.68120019 4.16967737]
DEBUG: Planck15 ages (Gyr): [ 1.39656682 12.44498108  2.97688686  7.85570089  3.2643348   1.67017003
  6.33223116  1.38399642  0.81028847  1.46617741]
DEBUG: cosmo_colibre ages (Gyr): [ 1.39854271 12.42036957  2.97836342  7.84892954  3.26561658  1.67213114
  6.32923017  1.38597216  0.81216132  1.46815276]
DEBUG: us.look_back_time -> ages (Gyr): [ 1.39854271 12.42036957  2.97836342  7.84892954  3.26561659  1.67213114
  6.32923017  1.38597216  0.81216132  1.46815276]
[10/100] subhalo 5827684 done; total_formed=3.478e+00
Building SWIFTGalaxy for subhalo 10241884 (soap_index=77877280)
Read masses: Nstars=46784, sum_current=6.333420e+10 Msun
DEBUG: sample z (first valid): [0.72845237 3.05996779 0.24083611 6.71283983 1.98623895 0.7828074
 3.93382519 1.45214398 3.15178967 1.14422196]
DEBUG: Planck15 ages (Gyr): [ 7.15021685  2.10161626 10.8561367   0.80530626  3.30609882  6.85945566
  1.57206473  4.39800898  2.03293108  5.32024615]
DEBUG: cosmo_colibre ages (Gyr): [ 7.14533203  2.10349026 10.83872262  0.80717719  3.3073496   6.85527777
  1.57403497  4.3981953   2.03482388  5.31912972]
DEBUG: us.look_back_time -> ages (Gyr): [ 7.14533203  2.10349026 10.83872262  0.8071772   3.30734961  6.85527777
  1.57403497  4.3981953   2.03482388  5.31912972]
[11/100] subhalo 10241884 done; total_formed=1.054e+01
Building SWIFTGalaxy for subhalo 1626639 (soap_index=77910113)
Read masses: Nstars=19824, sum_current=2.701305e+10 Msun
DEBUG: sample z (first valid): [1.54232291 5.57991968 1.07510607 1.19301298 0.81600532 0.76818476
 1.25364512 1.3479507  1.85013482 2.94700072]
DEBUG: Planck15 ages (Gyr): [4.17575735 1.02192791 5.56979578 5.15456723 6.69073215 6.93586313
 4.95983595 4.67941426 3.53891369 2.19152555]
DEBUG: cosmo_colibre ages (Gyr): [4.17620105 1.02386343 5.56825973 5.15371335 6.68694559 6.93150347
 4.95927452 4.67924367 3.53997885 2.19337218]
DEBUG: us.look_back_time -> ages (Gyr): [4.17620105 1.02386344 5.56825974 5.15371335 6.6869456  6.93150347
 4.95927452 4.67924367 3.53997886 2.19337218]
[12/100] subhalo 1626639 done; total_formed=4.529e+00
Building SWIFTGalaxy for subhalo 3097942 (soap_index=77927804)
Read masses: Nstars=29079, sum_current=3.929533e+10 Msun
DEBUG: sample z (first valid): [5.1686747  3.21968965 3.71821454 3.73286632 3.8248546  7.26431274
 6.79170134 3.73047495 2.35462735 2.10538287]
DEBUG: Planck15 ages (Gyr): [1.12566538 1.98449009 1.68044401 1.67269162 1.62534418 0.72602129
 0.7931073  1.67395287 2.78726355 3.12210048]
DEBUG: cosmo_colibre ages (Gyr): [1.12762009 1.98639505 1.68240392 1.67465244 1.62730997 0.72785852
 0.79497344 1.67591354 2.78885103 3.12348269]
DEBUG: us.look_back_time -> ages (Gyr): [1.12762009 1.98639506 1.68240392 1.67465244 1.62730997 0.72785852
 0.79497345 1.67591354 2.78885103 3.1234827 ]
[13/100] subhalo 3097942 done; total_formed=6.605e+00
Building SWIFTGalaxy for subhalo 348405 (soap_index=78112226)
Read masses: Nstars=28900, sum_current=3.829657e+10 Msun
DEBUG: sample z (first valid): [5.75907591 3.92381668 5.14380801 0.19443027 4.67902946 1.29467787
 3.98410526 0.25030525 0.82125389 3.09318593]
DEBUG: Planck15 ages (Gyr): [ 0.98160088  1.57683682  1.13249512 11.34850319  1.27400947  4.83461194
  1.54844906 10.75945066  6.66464468  2.0763316 ]
DEBUG: cosmo_colibre ages (Gyr): [ 0.98352704  1.57880671  1.13445086 11.32896464  1.27598057  4.83422942
  1.55042087 10.74244205  6.66091739  2.07821273]
DEBUG: us.look_back_time -> ages (Gyr): [ 0.98352704  1.57880671  1.13445086 11.32896464  1.27598058  4.83422943
  1.55042088 10.74244205  6.66091739  2.07821273]
[14/100] subhalo 348405 done; total_formed=6.408e+00
Building SWIFTGalaxy for subhalo 62710 (soap_index=78132275)
Read masses: Nstars=165840, sum_current=2.087624e+11 Msun
DEBUG: sample z (first valid): [0.33561588 3.64234611 2.8124491  3.92381668 0.39521417 1.95154026
 3.1854643  2.32063235 6.05370789 7.90918978]
DEBUG: Planck15 ages (Gyr): [9.94191884 1.7215556  2.30718492 1.57683682 9.42345462 3.3630324
 2.00866578 2.82938058 0.92077763 0.64856889]
DEBUG: cosmo_colibre ages (Gyr): [9.92817923 1.72351028 2.3089918  1.57880671 9.41163553 3.3642398
 2.01056479 2.83094462 0.9226875  0.65036672]
DEBUG: us.look_back_time -> ages (Gyr): [9.92817923 1.72351029 2.3089918  1.57880671 9.41163553 3.3642398
 2.01056479 2.83094462 0.9226875  0.65036672]
[15/100] subhalo 62710 done; total_formed=3.482e+01
Building SWIFTGalaxy for subhalo 356293 (soap_index=78148739)
Read masses: Nstars=19605, sum_current=2.687901e+10 Msun
DEBUG: sample z (first valid): [1.41402682 2.02455234 5.54313099 1.57975122 7.58925295 4.0350338
 3.78574558 2.05074015 4.83371907 7.78322053]
DEBUG: Planck15 ages (Gyr): [4.49772805 3.2450391  1.03055007 4.08878118 0.68518101 1.52512216
 1.64519936 3.20435525 1.22379409 0.66258719]
DEBUG: cosmo_colibre ages (Gyr): [4.4977919  3.24633497 1.03248745 4.08931981 0.68699833 1.52709529
 1.64716318 3.20568036 1.22576101 0.66439267]
DEBUG: us.look_back_time -> ages (Gyr): [4.4977919  3.24633498 1.03248745 4.08931981 0.68699833 1.52709529
 1.64716319 3.20568036 1.22576102 0.66439268]
[16/100] subhalo 356293 done; total_formed=4.516e+00
Building SWIFTGalaxy for subhalo 2833845 (soap_index=78252583)
Read masses: Nstars=22821, sum_current=3.113252e+10 Msun
DEBUG: sample z (first valid): [6.24234722 1.4811085  1.95420123 0.82877553 8.07323827 7.81927062
 4.39524162 4.50583886 6.37602701 2.78908418]
DEBUG: Planck15 ages (Gyr): [0.8850472  4.32458786 3.35860987 6.62753259 0.63103835 0.65852433
 1.37552356 1.33441663 0.86109837 2.32829558]
DEBUG: cosmo_colibre ages (Gyr): [0.88694619 4.32486157 3.35982069 6.62388904 0.63282625 0.66032762
 1.37749916 1.33639103 0.86298951 2.33009465]
DEBUG: us.look_back_time -> ages (Gyr): [0.8869462  4.32486157 3.35982069 6.62388905 0.63282625 0.66032762
 1.37749916 1.33639104 0.86298951 2.33009466]
[17/100] subhalo 2833845 done; total_formed=5.179e+00
Building SWIFTGalaxy for subhalo 2898553 (soap_index=78282134)
Read masses: Nstars=22824, sum_current=3.348295e+10 Msun
DEBUG: sample z (first valid): [3.33267222 1.91297004 0.13478321 0.01223279 0.81118727 0.29333754
 0.3709313  0.27870132 0.34615069 4.40057684]
DEBUG: Planck15 ages (Gyr): [ 1.90799995  3.42821739 12.02956337 13.62261083  6.71481907 10.33536355
  9.62980018 10.47684757  9.84728145  1.37349256]
DEBUG: cosmo_colibre ages (Gyr): [ 1.90992223  3.42937353 12.0069274  13.59206928  6.7109775  10.32008674
  9.61723126 10.46100152  9.83390142  1.37546812]
DEBUG: us.look_back_time -> ages (Gyr): [ 1.90992224  3.42937353 12.0069274  13.59206928  6.7109775  10.32008674
  9.61723127 10.46100152  9.83390142  1.37546812]
[18/100] subhalo 2898553 done; total_formed=5.239e+00
Building SWIFTGalaxy for subhalo 359885 (soap_index=78325116)
Read masses: Nstars=31107, sum_current=4.068465e+10 Msun
DEBUG: sample z (first valid): [1.52177928 7.81927062 5.03240059 6.40603458 5.41817648 4.76901408
 3.05996779 4.0763749  2.9786304  2.99074412]
DEBUG: Planck15 ages (Gyr): [4.22477285 0.65852433 1.16395577 0.85587025 1.06075737 1.24439198
 2.10161626 1.50661162 2.16572089 2.15597057]
DEBUG: cosmo_colibre ages (Gyr): [4.22516162 0.66032762 1.1659159  0.85775961 1.06270087 1.24636078
 2.10349026 1.50858561 2.1675757  2.1578284 ]
DEBUG: us.look_back_time -> ages (Gyr): [4.22516163 0.66032762 1.1659159  0.85775961 1.06270087 1.24636078
 2.10349026 1.50858561 2.1675757  2.1578284 ]
[19/100] subhalo 359885 done; total_formed=6.782e+00
Building SWIFTGalaxy for subhalo 163280 (soap_index=78342618)
Read masses: Nstars=29429, sum_current=3.870039e+10 Msun
DEBUG: sample z (first valid): [0.66571777 5.1686747  0.53021388 0.51633503 0.49013188 3.20102564
 2.69800248 0.60266067 3.11193374 2.79127618]
DEBUG: Planck15 ages (Gyr): [7.50994003 1.12566538 8.38728815 8.48577347 8.6764887  1.99761376
 2.41370975 7.9000437  2.06228223 2.32630156]
DEBUG: cosmo_colibre ages (Gyr): [7.50412354 1.12762009 8.37893599 8.47711355 8.66721968 1.99951552
 2.4154755  7.89314569 2.06416722 2.32810138]
DEBUG: us.look_back_time -> ages (Gyr): [7.50412354 1.12762009 8.37893599 8.47711355 8.66721968 1.99951552
 2.4154755  7.8931457  2.06416722 2.32810138]
[20/100] subhalo 163280 done; total_formed=6.502e+00
Building SWIFTGalaxy for subhalo 163314 (soap_index=78342620)
Read masses: Nstars=869733, sum_current=1.090605e+12 Msun
DEBUG: sample z (first valid): [3.03944773e+00 2.82401680e+00 2.77207321e+00 1.05420923e+01
 1.89367715e+00 4.83995723e+00 9.09334576e-01 5.09171216e-03
 4.06578032e+00 1.40675725e+00]
DEBUG: Planck15 ages (Gyr): [ 2.11749063  2.29684975  2.34386637  0.43952965  3.46159913  1.2218382
  6.24936304 13.72439264  1.51131974  4.51715841]
DEBUG: cosmo_colibre ages (Gyr): [ 2.11936002  2.29866039  2.34565958  0.44117813  3.46272835  1.22380492
  6.24653478 13.69331701  1.51329352  4.51719788]
DEBUG: us.look_back_time -> ages (Gyr): [ 2.11936003  2.29866039  2.34565958  0.44117813  3.46272835  1.22380493
  6.24653478 13.69331701  1.51329353  4.51719789]
[21/100] subhalo 163314 done; total_formed=1.809e+02
Building SWIFTGalaxy for subhalo 163469 (soap_index=78342624)
Read masses: Nstars=74813, sum_current=9.569259e+10 Msun
DEBUG: sample z (first valid): [0.7041814  0.97946116 3.0998436  1.88781176 1.76290051 0.63382529
 5.78637258 0.93184766 1.75477091 1.11134021]
DEBUG: Planck15 ages (Gyr): [7.28619884 5.94682908 2.07132437 3.4718528  3.70252433 7.70349542
 0.97568859 6.14966678 3.7183959  5.43671581]
DEBUG: cosmo_colibre ages (Gyr): [7.28096925 5.94460333 2.07320689 3.47297367 3.70344593 7.69715156
 0.97761329 6.14704193 3.71930298 5.43540717]
DEBUG: us.look_back_time -> ages (Gyr): [7.28096925 5.94460333 2.07320689 3.47297367 3.70344593 7.69715156
 0.97761329 6.14704194 3.71930298 5.43540717]
[22/100] subhalo 163469 done; total_formed=1.610e+01
Building SWIFTGalaxy for subhalo 163568 (soap_index=78342629)
Read masses: Nstars=6783, sum_current=1.052867e+10 Msun
DEBUG: sample z (first valid): [2.39846505 4.82853077 1.84222396 4.98885132 1.69673278 2.85369869
 2.9863747  2.62678473 5.94531581 1.6218595 ]
DEBUG: Planck15 ages (Gyr): [2.73445155 1.22542478 3.55326204 1.17665032 3.83498456 2.27067673
 2.15947915 2.48415503 0.94240733 3.99437566]
DEBUG: cosmo_colibre ages (Gyr): [2.73606745 1.22739186 3.55431505 1.17861206 3.83578185 2.27249671
 2.1613359  2.48589122 0.94432331 3.99501367]
DEBUG: us.look_back_time -> ages (Gyr): [2.73606746 1.22739186 3.55431506 1.17861206 3.83578186 2.27249672
 2.1613359  2.48589123 0.94432331 3.99501368]
[23/100] subhalo 163568 done; total_formed=1.772e+00
Building SWIFTGalaxy for subhalo 754663 (soap_index=78342666)
Read masses: Nstars=25961, sum_current=3.440515e+10 Msun
DEBUG: sample z (first valid): [2.1039121  3.33697307 3.66847129 2.19656619 3.10935541 2.27025948
 1.76383266 1.85485276 2.51060639 2.37675185]
DEBUG: Planck15 ages (Gyr): [3.12426911 1.90518486 1.70721263 2.99230868 2.06420508 2.89373698
 3.7007115  3.5304013  2.60658    2.76040258]
DEBUG: cosmo_colibre ages (Gyr): [3.12564985 1.90710774 1.70916922 2.99377561 2.06608955 2.89526389
 3.70163474 3.53147364 2.60826033 2.76200465]
DEBUG: us.look_back_time -> ages (Gyr): [3.12564985 1.90710774 1.70916922 2.99377561 2.06608955 2.89526389
 3.70163475 3.53147364 2.60826034 2.76200465]
[24/100] subhalo 754663 done; total_formed=5.786e+00
Building SWIFTGalaxy for subhalo 1507684 (soap_index=78342715)
Read masses: Nstars=19263, sum_current=2.620748e+10 Msun
DEBUG: sample z (first valid): [3.32723671 1.98487885 2.8618739  2.44962628 1.74530831 4.01231358
 2.05159248 1.53661558 2.53713299 4.53233159]
DEBUG: Planck15 ages (Gyr): [1.91156758 3.3083008  2.26355424 2.67486422 3.73700942 1.5354563
 3.20304515 4.18928228 2.57776541 1.32487169]
DEBUG: cosmo_colibre ages (Gyr): [1.91348911 3.30954993 2.26537672 2.67651093 3.73789935 1.53742887
 3.20437118 4.18971092 2.57945941 1.3268457 ]
DEBUG: us.look_back_time -> ages (Gyr): [1.91348911 3.30954993 2.26537672 2.67651093 3.73789935 1.53742888
 3.20437119 4.18971092 2.57945941 1.3268457 ]
[25/100] subhalo 1507684 done; total_formed=4.409e+00
Building SWIFTGalaxy for subhalo 16525832 (soap_index=78343562)
Read masses: Nstars=23732, sum_current=3.177650e+10 Msun
DEBUG: sample z (first valid): [3.21317904 2.76427341 2.5340811  1.58076711 4.55766621 2.03351231
 2.82669625 2.24050633 3.1983344  3.44733985]
DEBUG: Planck15 ages (Gyr): [1.98905183 2.3510633  2.58105381 4.0864613  1.31584947 3.23102494
 2.29446668 2.93288522 1.99951794 1.83522839]
DEBUG: cosmo_colibre ages (Gyr): [1.99095569 2.35285376 2.58274626 4.08700242 1.31782306 3.23233096
 2.29627818 2.93438875 2.00141923 1.837165  ]
DEBUG: us.look_back_time -> ages (Gyr): [1.99095569 2.35285376 2.58274627 4.08700242 1.31782307 3.23233097
 2.29627818 2.93438875 2.00141923 1.837165  ]
[26/100] subhalo 16525832 done; total_formed=5.331e+00
Building SWIFTGalaxy for subhalo 1518581 (soap_index=78367512)
Read masses: Nstars=195196, sum_current=2.599334e+11 Msun
DEBUG: sample z (first valid): [0.92503819 6.77598481 0.91000233 3.25834958 0.82877553 5.12543228
 4.64138762 1.41651917 0.71866149 5.02020944]
DEBUG: Planck15 ages (Gyr): [6.17955835 0.79551386 6.2463698  1.95775508 6.62753259 1.13758642
 1.28674765 4.49109725 7.20460027 1.16748648]
DEBUG: cosmo_colibre ages (Gyr): [6.17687302 0.79738096 6.24354771 1.95966636 6.62388904 1.13954291
 1.28871961 4.49116937 7.19957865 1.16944706]
DEBUG: us.look_back_time -> ages (Gyr): [6.17687302 0.79738096 6.24354771 1.95966636 6.62388905 1.13954291
 1.28871961 4.49116938 7.19957865 1.16944706]
[27/100] subhalo 1518581 done; total_formed=4.316e+01
Building SWIFTGalaxy for subhalo 2907759 (soap_index=78409288)
Read masses: Nstars=39752, sum_current=5.472081e+10 Msun
DEBUG: sample z (first valid): [1.98026376 4.43912358 5.60978316 5.24152381 4.30827798 3.98410526
 6.96790274 5.66354855 2.63080332 6.90352147]
DEBUG: Planck15 ages (Gyr): [3.3157904  1.35896528 1.01501655 1.10604569 1.4093442  1.54844906
 0.76693415 1.00276756 2.48009035 0.77632877]
DEBUG: cosmo_colibre ages (Gyr): [3.31703389 1.3609405  1.01695054 1.10799728 1.41132016 1.55042087
 0.76878955 1.00469878 2.4818283  0.7781881 ]
DEBUG: us.look_back_time -> ages (Gyr): [3.31703389 1.3609405  1.01695055 1.10799729 1.41132016 1.55042088
 0.76878955 1.00469878 2.4818283  0.7781881 ]
[28/100] subhalo 2907759 done; total_formed=8.873e+00
Building SWIFTGalaxy for subhalo 2924507 (soap_index=78549755)
Read masses: Nstars=59645, sum_current=8.222388e+10 Msun
DEBUG: sample z (first valid): [6.90352147 8.84097905 3.10138307 3.59547016 5.28281085 1.75616116
 1.30225532 2.9863747  1.06049173 1.1893499 ]
DEBUG: Planck15 ages (Gyr): [0.77632877 0.55855416 2.07016939 1.74779636 1.09517697 3.71567387
 4.81203892 2.15947915 5.62493124 5.1667199 ]
DEBUG: cosmo_colibre ages (Gyr): [0.7781881  0.56029653 2.07205222 1.74974734 1.09712674 3.71658345
 4.8116879  2.1613359  5.62329855 5.1658472 ]
DEBUG: us.look_back_time -> ages (Gyr): [0.7781881  0.56029654 2.07205222 1.74974734 1.09712674 3.71658346
 4.81168791 2.1613359  5.62329855 5.1658472 ]
[29/100] subhalo 2924507 done; total_formed=1.370e+01
Building SWIFTGalaxy for subhalo 365772 (soap_index=78594675)
Read masses: Nstars=16450, sum_current=2.224787e+10 Msun
DEBUG: sample z (first valid): [1.76733384 1.83705628 0.58882855 0.68524995 1.56320401 1.77154698
 0.34515599 0.33289945 0.68179019 0.19139034]
DEBUG: Planck15 ages (Gyr): [ 3.69391532  3.56268611  7.98972001  7.39503165  4.12686972  3.68576397
  9.85616068  9.96653673  7.41518926 11.38186644]
DEBUG: cosmo_colibre ages (Gyr): [ 3.69484475  3.56373109  7.98256296  7.38951962  4.12736717  3.68670078
  9.84274708  9.95270293  7.40962429 11.36218037]
DEBUG: us.look_back_time -> ages (Gyr): [ 3.69484475  3.56373109  7.98256296  7.38951962  4.12736717  3.68670078
  9.84274708  9.95270293  7.40962429 11.36218037]
[30/100] subhalo 365772 done; total_formed=3.687e+00
Building SWIFTGalaxy for subhalo 1533921 (soap_index=78606023)
Read masses: Nstars=28987, sum_current=3.860837e+10 Msun
DEBUG: sample z (first valid): [5.4503937  4.35162502 6.28663553 7.537224   1.69518013 2.08056783
 3.3386958  1.9598049  6.37602701 3.28872456]
DEBUG: Planck15 ages (Gyr): [1.05282954 1.39231599 0.87699155 0.69146003 3.83818469 3.15902223
 1.90405918 3.3493275  0.86109837 1.93716433]
DEBUG: cosmo_colibre ages (Gyr): [1.05477149 1.39429184 0.87888796 0.69328053 3.83897889 3.16037914
 1.9059823  3.35054546 0.86298951 1.93908028]
DEBUG: us.look_back_time -> ages (Gyr): [1.05477149 1.39429184 0.87888796 0.69328053 3.8389789  3.16037914
 1.9059823  3.35054546 0.86298951 1.93908028]
[31/100] subhalo 1533921 done; total_formed=6.442e+00
Building SWIFTGalaxy for subhalo 68970 (soap_index=78659427)
Read masses: Nstars=37299, sum_current=4.971508e+10 Msun
DEBUG: sample z (first valid): [2.45471798 0.87481405 0.28030007 1.02109418 1.73934125 2.21759623
 1.08673502 3.53066021 3.76660121 0.27690749]
DEBUG: Planck15 ages (Gyr): [ 2.66905072  6.40719928 10.46125687  5.77792579  3.74882486  2.96362459
  5.52652977  1.78518278  1.65506566 10.4943807 ]
DEBUG: cosmo_colibre ages (Gyr): [ 2.67070036  6.40403917 10.44547397  5.77601737  3.74970383  2.96510936
  5.52506857  1.787128    1.65702844 10.47846352]
DEBUG: us.look_back_time -> ages (Gyr): [ 2.67070036  6.40403917 10.44547397  5.77601737  3.74970383  2.96510936
  5.52506857  1.787128    1.65702845 10.47846352]
[32/100] subhalo 68970 done; total_formed=8.322e+00
Building SWIFTGalaxy for subhalo 68895 (soap_index=78765331)
Read masses: Nstars=266928, sum_current=3.261242e+11 Msun
DEBUG: sample z (first valid): [2.43912678 3.67080037 5.99647699 3.85451852 2.09277961 0.77296829
 6.34626163 0.58085681 0.4165658  0.19722324]
DEBUG: Planck15 ages (Gyr): [ 2.68691799  1.70594355  0.93209406  1.61054736  3.14076392  6.91072413
  0.86633694  8.04210241  9.24734942 11.31797348]
DEBUG: cosmo_colibre ages (Gyr): [ 2.68855858  1.70790031  0.93400717  1.61251451  3.14213341  6.90642458
  0.86822983  8.03479225  9.23615488 11.29856951]
DEBUG: us.look_back_time -> ages (Gyr): [ 2.68855858  1.70790031  0.93400717  1.61251452  3.14213341  6.90642458
  0.86822984  8.03479225  9.23615488 11.29856951]
[33/100] subhalo 68895 done; total_formed=5.489e+01
Building SWIFTGalaxy for subhalo 7687563 (soap_index=78801544)
Read masses: Nstars=26633, sum_current=3.944705e+10 Msun
DEBUG: sample z (first valid): [5.33381657 7.87300298 7.1476969  3.57685593 2.1148289  3.54889984
 3.51692053 0.43392263 1.33956876 3.90392098]
DEBUG: Planck15 ages (Gyr): [1.08199272 0.65254505 0.74167476 1.75840063 3.10823095 1.77452815
 1.79327889 9.10774894 4.70330065 1.58639473]
DEBUG: cosmo_colibre ages (Gyr): [1.08394017 0.65434507 0.74351915 1.76035004 3.10962252 1.77647507
 1.79522278 9.09703931 4.70309815 1.5883639 ]
DEBUG: us.look_back_time -> ages (Gyr): [1.08394018 0.65434508 0.74351915 1.76035004 3.10962253 1.77647507
 1.79522279 9.09703931 4.70309815 1.5883639 ]
[34/100] subhalo 7687563 done; total_formed=6.332e+00
Building SWIFTGalaxy for subhalo 1566873 (soap_index=78827045)
Read masses: Nstars=22281, sum_current=3.315790e+10 Msun
DEBUG: sample z (first valid): [2.92243237 0.7259033  0.79590047 0.42222222 0.69536424 0.64217701
 0.49625571 1.30387401 3.24538447 0.78962316]
DEBUG: Planck15 ages (Gyr): [2.21192135 7.16431493 6.79213596 9.20150962 7.33658015 7.6520823
 8.63134841 4.80723872 1.96665435 6.82428379]
DEBUG: cosmo_colibre ages (Gyr): [2.21376134 7.15939478 6.78811587 9.1904753  7.33122053 7.6458803
 8.62222511 4.80689437 1.96856355 6.82018862]
DEBUG: us.look_back_time -> ages (Gyr): [2.21376135 7.15939478 6.78811587 9.1904753  7.33122053 7.6458803
 8.62222511 4.80689438 1.96856355 6.82018862]
[35/100] subhalo 1566873 done; total_formed=5.321e+00
Building SWIFTGalaxy for subhalo 71700 (soap_index=78850165)
Read masses: Nstars=22487, sum_current=3.138924e+10 Msun
DEBUG: sample z (first valid): [7.86400216 6.03931257 2.25047118 6.83923445 2.51324113 5.30821061
 8.29720528 4.50583886 2.90653314 5.88403361]
DEBUG: Planck15 ages (Gyr): [0.65354035 0.92360249 2.91967762 0.78590204 2.60369437 1.08857835
 0.6083449  1.33441663 2.22528781 0.95501267]
DEBUG: cosmo_colibre ages (Gyr): [0.65534091 0.92551318 2.92118911 0.78776529 2.60537609 1.09052697
 0.61011935 1.33639103 2.22712337 0.95693204]
DEBUG: us.look_back_time -> ages (Gyr): [0.65534092 0.92551318 2.92118911 0.78776529 2.60537609 1.09052697
 0.61011936 1.33639104 2.22712337 0.95693204]
[36/100] subhalo 71700 done; total_formed=5.133e+00
Building SWIFTGalaxy for subhalo 6987 (soap_index=78855526)
Read masses: Nstars=56296, sum_current=8.128606e+10 Msun
DEBUG: sample z (first valid): [3.91384869 2.49711846 6.4362873  4.46680013 3.92381668 2.22583186
 2.09132075 1.46116869 5.66354855 7.92739409]
DEBUG: Planck15 ages (Gyr): [1.58161349 2.62143494 0.8506526  1.34869117 1.57683682 2.95251402
 3.14293603 4.37491887 1.00276756 0.64658383]
DEBUG: cosmo_colibre ages (Gyr): [1.58358302 2.62310811 0.85254016 1.35066608 1.57880671 2.95400562
 3.14430403 4.37513293 1.00469878 0.64838055]
DEBUG: us.look_back_time -> ages (Gyr): [1.58358302 2.62310811 0.85254016 1.35066608 1.57880671 2.95400562
 3.14430403 4.37513293 1.00469878 0.64838055]
[37/100] subhalo 6987 done; total_formed=1.334e+01
Building SWIFTGalaxy for subhalo 171566 (soap_index=78855528)
Read masses: Nstars=74266, sum_current=1.012685e+11 Msun
DEBUG: sample z (first valid): [7.13628282e-01 4.10832688e-01 4.10832688e-01 3.09589731e-02
 5.91162202e+00 2.37649192e-01 2.55093195e+00 3.04147099e-01
 4.59868784e-03 9.32303338e-01]
DEBUG: Planck15 ages (Gyr): [ 7.23280423  9.29415556  9.29415556 13.36067752  0.94930346 10.88895869
  2.5629827  10.23264319 13.73145895  6.14767455]
DEBUG: cosmo_colibre ages (Gyr): [ 7.22771109  9.28279641  9.28279641 13.33149518  0.95122131 10.87140609
  2.56468358 10.21777424 13.70034612  6.14505372]
DEBUG: us.look_back_time -> ages (Gyr): [ 7.22771109  9.28279641  9.28279641 13.33149518  0.95122132 10.87140609
  2.56468358 10.21777424 13.70034612  6.14505372]
[38/100] subhalo 171566 done; total_formed=1.661e+01
Building SWIFTGalaxy for subhalo 70555 (soap_index=78867787)
Read masses: Nstars=58985, sum_current=7.921534e+10 Msun
DEBUG: sample z (first valid): [0.35887866 0.05153713 0.30988168 7.12295488 0.4976234  0.71273259
 0.28110095 0.90933458 2.03829393 5.5164562 ]
DEBUG: Planck15 ages (Gyr): [ 9.73468912 13.08091454 10.17875016  0.74506813  8.62131468  7.23784099
 10.45345952  6.24936304  3.22358649  1.0368777 ]
DEBUG: cosmo_colibre ages (Gyr): [ 9.72173166 13.0531591  10.16409336  0.74691403  8.61222364  7.23273504
 10.43770816  6.24653478  3.22489786  1.03881641]
DEBUG: us.look_back_time -> ages (Gyr): [ 9.72173167 13.0531591  10.16409336  0.74691404  8.61222364  7.23273504
 10.43770817  6.24653478  3.22489786  1.03881641]
[39/100] subhalo 70555 done; total_formed=1.320e+01
Building SWIFTGalaxy for subhalo 787700 (soap_index=78882983)
Read masses: Nstars=9219, sum_current=1.323188e+10 Msun
DEBUG: sample z (first valid): [1.68436143 0.30612245 0.04489796 6.34626163 0.34174105 0.61657622
 1.40375587 1.51539111 0.6430004  0.34361161]
DEBUG: Planck15 ages (Gyr): [ 3.86060347 10.2140323  13.17026877  0.86633694  9.88673371  7.81135359
  4.52521994  4.24020378  7.64704173  9.86996997]
DEBUG: cosmo_colibre ages (Gyr): [ 3.86137588 10.19923675 13.14206043  0.86822983  9.87320426  7.80470795
  4.52524925  4.24057504  7.64085357  9.85650409]
DEBUG: us.look_back_time -> ages (Gyr): [ 3.86137588 10.19923676 13.14206043  0.86822984  9.87320427  7.80470796
  4.52524925  4.24057505  7.64085357  9.85650409]
[40/100] subhalo 787700 done; total_formed=2.031e+00
Building SWIFTGalaxy for subhalo 787614 (soap_index=78884879)
Read masses: Nstars=76127, sum_current=1.014031e+11 Msun
DEBUG: sample z (first valid): [3.90392098 6.24234722 0.63057325 3.50760025 4.38947368 3.1854643
 8.58478976 6.02497588 0.35854063 8.70256866]
DEBUG: Planck15 ages (Gyr): [1.58639473 0.8850472  7.72365692 1.79880551 1.3777249  2.00866578
 0.58113362 0.92643018 9.73765494 0.57056812]
DEBUG: cosmo_colibre ages (Gyr): [1.5883639  0.88694619 7.71725708 1.80074849 1.37970054 2.01056479
 0.582891   0.92834168 9.72468642 0.57231858]
DEBUG: us.look_back_time -> ages (Gyr): [1.5883639  0.8869462  7.71725708 1.80074849 1.37970054 2.01056479
 0.582891   0.92834169 9.72468642 0.57231858]
[41/100] subhalo 787614 done; total_formed=1.689e+01
Building SWIFTGalaxy for subhalo 3040519 (soap_index=78942866)
Read masses: Nstars=12688, sum_current=1.713246e+10 Msun
DEBUG: sample z (first valid): [1.46116869 0.73375661 0.4002222  5.54313099 4.21202481 1.43882108
 4.74574785 4.0763749  1.12035719 6.95146809]
DEBUG: Planck15 ages (Gyr): [4.37491887 7.12101683 9.38170809 1.03055007 1.44841526 4.43245605
 1.25193948 1.50661162 5.40437843 0.76931429]
DEBUG: cosmo_colibre ages (Gyr): [4.37513293 7.11620486 9.37003834 1.03248745 1.45039096 4.43260055
 1.25390891 1.50858561 5.40312378 0.77117069]
DEBUG: us.look_back_time -> ages (Gyr): [4.37513293 7.11620486 9.37003834 1.03248745 1.45039096 4.43260055
 1.25390892 1.50858561 5.40312378 0.7711707 ]
[42/100] subhalo 3040519 done; total_formed=2.868e+00
Building SWIFTGalaxy for subhalo 71534 (soap_index=78954175)
Read masses: Nstars=63310, sum_current=7.909000e+10 Msun
DEBUG: sample z (first valid): [0.54668177 0.54115323 0.46259597 0.40731833 3.91384869 0.04356688
 1.31920164 0.27980003 0.27611185 2.33754329]
DEBUG: Planck15 ages (Gyr): [ 8.27263764  8.31086403  8.8838736   9.32302041  1.58161349 13.18828643
  4.76216138 10.46612954 10.50217103  2.8082998 ]
DEBUG: cosmo_colibre ages (Gyr): [ 8.26463792  8.30274749  8.87392271  9.31155925  1.58358302 13.15998643
  4.76187914 10.45032692 10.48622219  2.80987565]
DEBUG: us.look_back_time -> ages (Gyr): [ 8.26463792  8.30274749  8.87392271  9.31155925  1.58358302 13.15998643
  4.76187914 10.45032692 10.48622219  2.80987565]
[43/100] subhalo 71534 done; total_formed=1.328e+01
Building SWIFTGalaxy for subhalo 73372 (soap_index=79013406)
Read masses: Nstars=30103, sum_current=4.269173e+10 Msun
DEBUG: sample z (first valid): [3.1983344  9.14567691 0.34925471 0.29028193 0.17878984 4.56191123
 2.56173913 4.51696271 0.25605642 2.55632733]
DEBUG: Planck15 ages (Gyr): [ 1.99951794  0.53354024  9.81964808 10.3646715  11.52166237  1.3143477
  2.55150211  1.33039502 10.70133229  2.55724053]
DEBUG: cosmo_colibre ages (Gyr): [ 2.00141923  0.53526505  9.80637228 10.34927748 11.50135343  1.31632122
  2.55320829  1.33236926 10.68456552  2.55894407]
DEBUG: us.look_back_time -> ages (Gyr): [ 2.00141923  0.53526505  9.80637228 10.34927748 11.50135343  1.31632122
  2.55320829  1.33236927 10.68456552  2.55894407]
[44/100] subhalo 73372 done; total_formed=7.060e+00
Building SWIFTGalaxy for subhalo 1591534 (soap_index=79023789)
Read masses: Nstars=98496, sum_current=1.341798e+11 Msun
DEBUG: sample z (first valid): [1.00882786 0.42817294 1.58137703 2.13539374 0.31145441 0.32139689
 0.23012238 0.80024173 5.43772102 6.71283983]
DEBUG: Planck15 ages (Gyr): [ 5.82689924  9.15364635  4.08506952  3.07838182 10.16404182 10.07177104
 10.96704616  6.77003969  1.05593618  0.80530626]
DEBUG: cosmo_colibre ages (Gyr): [ 5.82490021  9.14277829  4.08561213  3.0797933  10.1494427  10.05753161
 10.94916219  6.76607092  1.05787874  0.80717719]
DEBUG: us.look_back_time -> ages (Gyr): [ 5.82490022  9.14277829  4.08561213  3.0797933  10.1494427  10.05753161
 10.94916219  6.76607092  1.05787875  0.8071772 ]
[45/100] subhalo 1591534 done; total_formed=2.238e+01
Building SWIFTGalaxy for subhalo 803663 (soap_index=79031119)
Read masses: Nstars=59280, sum_current=7.665624e+10 Msun
DEBUG: sample z (first valid): [1.3584281  4.79246951 2.03070662 2.37501287 3.795551   0.38671181
 3.95396477 2.31056779 0.09650649 2.73765256]
DEBUG: Planck15 ages (Gyr): [ 4.64982834  1.23685924  3.23540264  2.76249844  1.64018367  9.49495829
  1.56253433  2.84205033 12.49756563  2.37590278]
DEBUG: cosmo_colibre ages (Gyr): [ 4.64969693  1.23882738  3.2367055   2.76409938  1.64214801  9.48288156
  1.56450523  2.84360718 12.47269955  2.37768362]
DEBUG: us.look_back_time -> ages (Gyr): [ 4.64969693  1.23882738  3.2367055   2.76409938  1.64214801  9.48288156
  1.56450524  2.84360718 12.47269955  2.37768362]
[46/100] subhalo 803663 done; total_formed=1.285e+01
Building SWIFTGalaxy for subhalo 174447 (soap_index=79049982)
Read masses: Nstars=21764, sum_current=3.072878e+10 Msun
DEBUG: sample z (first valid): [1.04646515 1.42277264 1.38070328 3.04768081 1.02722098 4.15422729
 2.39917012 1.9632845  0.85717524 1.05081988]
DEBUG: Planck15 ages (Gyr): [5.6786626  4.47452909 4.58791462 2.1110978  5.75370627 1.47274787
 2.73361558 3.34358463 6.49025397 5.6618948 ]
DEBUG: cosmo_colibre ages (Gyr): [5.67693433 4.47462181 4.58786393 2.11296905 5.75184224 1.47472305
 2.73523193 3.344807   6.4869144  5.6601965 ]
DEBUG: us.look_back_time -> ages (Gyr): [5.67693434 4.47462182 4.58786393 2.11296906 5.75184224 1.47472305
 2.73523193 3.344807   6.4869144  5.6601965 ]
[47/100] subhalo 174447 done; total_formed=5.078e+00
Building SWIFTGalaxy for subhalo 3030738 (soap_index=79051949)
Read masses: Nstars=52303, sum_current=7.244752e+10 Msun
DEBUG: sample z (first valid): [0.53883723 5.1565054  0.36989967 4.64722103 5.63655696 0.5132539
 3.3061962  2.27712771 0.51535331 2.03998516]
DEBUG: Planck15 ages (Gyr): [8.32695656 1.12899916 9.63871307 1.28475979 1.00888599 8.50787215
 1.92548217 2.88482155 8.4928053  3.22096224]
DEBUG: cosmo_colibre ages (Gyr): [8.31879064 1.13095437 9.62611133 1.28673162 1.0108186  8.49914253
 1.9274007  2.88635369 8.48412322 3.2222755 ]
DEBUG: us.look_back_time -> ages (Gyr): [8.31879065 1.13095437 9.62611133 1.28673162 1.0108186  8.49914254
 1.92740071 2.88635369 8.48412322 3.2222755 ]
[48/100] subhalo 3030738 done; total_formed=1.196e+01
Building SWIFTGalaxy for subhalo 72560 (soap_index=79071475)
Read masses: Nstars=24443, sum_current=3.422369e+10 Msun
DEBUG: sample z (first valid): [1.10916581 1.45987538 1.33923472 1.86008554 0.80024173 0.47311635
 7.16393647 0.28896232 5.60978316 0.23141676]
DEBUG: Planck15 ages (Gyr): [ 5.44455959  4.37821588  4.7042566   3.52099892  6.77003969  8.80377787
  0.73946144 10.37736592  1.01501655 10.95356031]
DEBUG: cosmo_colibre ages (Gyr): [ 5.44323778  4.37842599  4.70405281  3.52207915  6.76607092  8.79409273
  0.74130483 10.36192101  1.01695054 10.93573374]
DEBUG: us.look_back_time -> ages (Gyr): [ 5.44323778  4.37842599  4.70405282  3.52207915  6.76607092  8.79409273
  0.74130484 10.36192102  1.01695055 10.93573374]
[49/100] subhalo 72560 done; total_formed=5.652e+00
Building SWIFTGalaxy for subhalo 6098 (soap_index=79217698)
Read masses: Nstars=99571, sum_current=1.400221e+11 Msun
DEBUG: sample z (first valid): [1.10483042 3.12227953 3.28872456 0.43984533 1.05945572 0.64382462
 5.46056782 3.41915037 2.20877399 0.71362828]
DEBUG: Planck15 ages (Gyr): [5.46025228 2.05459631 1.93716433 9.06082572 5.62887242 7.64200116
 1.05034638 1.85268775 2.9756027  7.23280423]
DEBUG: cosmo_colibre ages (Gyr): [5.45890402 2.05648338 1.93908028 9.05027706 5.62723276 7.63582682
 1.05228783 1.85462111 2.97708006 7.22771109]
DEBUG: us.look_back_time -> ages (Gyr): [5.45890403 2.05648338 1.93908028 9.05027706 5.62723276 7.63582683
 1.05228784 1.85462111 2.97708006 7.22771109]
[50/100] subhalo 6098 done; total_formed=2.312e+01
Building SWIFTGalaxy for subhalo 177942 (soap_index=79217704)
Read masses: Nstars=277435, sum_current=3.518189e+11 Msun
DEBUG: sample z (first valid): [0.60753532 3.17612948 2.27123889 2.24564184 2.30389191 2.52913301
 1.72136866 1.76034033 0.96239071 3.85919775]
DEBUG: Planck15 ages (Gyr): [7.86880268 2.01534415 2.89246288 2.92606633 2.85050565 2.58640005
 3.78478115 3.70751074 6.01833088 1.60823367]
DEBUG: cosmo_colibre ages (Gyr): [7.86199401 2.01724147 2.89399053 2.92757397 2.85205767 2.58808998
 3.78562641 3.70842779 6.01596671 1.61020102]
DEBUG: us.look_back_time -> ages (Gyr): [7.86199401 2.01724147 2.89399054 2.92757397 2.85205767 2.58808999
 3.78562641 3.70842779 6.01596671 1.61020103]
[51/100] subhalo 177942 done; total_formed=5.837e+01
Building SWIFTGalaxy for subhalo 20750706 (soap_index=79273706)
Read masses: Nstars=32068, sum_current=4.670294e+10 Msun
DEBUG: sample z (first valid): [0.03775019 4.58466127 3.97426945 4.57326303 3.59998596 0.2202279
 4.30827798 4.61865569 0.00558522 0.07421977]
DEBUG: Planck15 ages (Gyr): [13.26742922  1.30634758  1.55302233  1.31034568  1.74523972 11.07092738
  1.4093442   1.29454296 13.71732449 12.78198729]
DEBUG: cosmo_colibre ages (Gyr): [13.23872537  1.30832069  1.55499386  1.31231899  1.74719107 11.05259868
  1.41132016  1.2965154  13.68628605 12.75572726]
DEBUG: us.look_back_time -> ages (Gyr): [13.23872537  1.30832069  1.55499386  1.31231899  1.74719108 11.05259868
  1.41132016  1.2965154  13.68628605 12.75572726]
[52/100] subhalo 20750706 done; total_formed=7.591e+00
Building SWIFTGalaxy for subhalo 6176 (soap_index=79299218)
Read masses: Nstars=213210, sum_current=2.787182e+11 Msun
DEBUG: sample z (first valid): [4.42786152 3.87039239 1.08886339 0.58559954 1.22487778 7.06547289
 1.13820555 2.82312449 3.5212832  1.23276097]
DEBUG: Planck15 ages (Gyr): [1.36318322 1.60272064 5.5186685  8.01087568 5.05074115 0.75305219
 5.34125981 2.29764427 1.79070162 5.02556791]
DEBUG: cosmo_colibre ages (Gyr): [1.36515854 1.60468847 5.5172208  8.00365696 5.05004536 0.75490161
 5.34010916 2.29945462 1.79264593 5.0249097 ]
DEBUG: us.look_back_time -> ages (Gyr): [1.36515855 1.60468848 5.5172208  8.00365696 5.05004536 0.75490161
 5.34010916 2.29945463 1.79264594 5.0249097 ]
[53/100] subhalo 6176 done; total_formed=4.676e+01
Building SWIFTGalaxy for subhalo 62415 (soap_index=79299221)
Read masses: Nstars=17514, sum_current=2.301092e+10 Msun
DEBUG: sample z (first valid): [1.38973162 2.83970002 1.09313318 0.67286094 3.71821454 1.49394931
 2.58159362 2.1030303  1.10293929 1.71101183]
DEBUG: Planck15 ages (Gyr): [4.56319584 2.28295894 5.50295089 7.46760282 1.68044401 4.292667
 2.53062965 3.12557048 5.46711997 3.80575593]
DEBUG: cosmo_colibre ages (Gyr): [4.5631769  2.28477457 5.5015301  7.46189926 1.68240392 4.29297797
 2.53234531 3.12695033 5.4657601  3.80658127]
DEBUG: us.look_back_time -> ages (Gyr): [4.5631769  2.28477457 5.5015301  7.46189926 1.68240392 4.29297798
 2.53234531 3.12695033 5.46576011 3.80658128]
[54/100] subhalo 62415 done; total_formed=3.865e+00
Building SWIFTGalaxy for subhalo 1498751 (soap_index=79390142)
Read masses: Nstars=29523, sum_current=3.923096e+10 Msun
DEBUG: sample z (first valid): [1.09420336 0.25788868 0.1057569  4.27325394 4.28644027 0.10627954
 1.08779866 2.67931731 0.01304644 0.01998381]
DEBUG: Planck15 ages (Gyr): [ 5.49902252 10.68291163 12.38213278  1.4233567   1.41805407 12.37565596
  5.52259893  2.43187112 13.61108112 13.51332783]
DEBUG: cosmo_colibre ages (Gyr): [ 5.49760844 10.66622122 12.3578242   1.42533265  1.42003004 12.35137853
  5.52114448  2.43362943 13.58059987 13.48335606]
DEBUG: us.look_back_time -> ages (Gyr): [ 5.49760844 10.66622122 12.35782421  1.42533265  1.42003004 12.35137853
  5.52114448  2.43362943 13.58059987 13.48335606]
[55/100] subhalo 1498751 done; total_formed=6.580e+00
Building SWIFTGalaxy for subhalo 355020 (soap_index=79399050)
Read masses: Nstars=24927, sum_current=3.330672e+10 Msun
DEBUG: sample z (first valid): [2.54363577 0.28501961 4.35162502 0.25030525 2.78165032 4.94754515
 4.08661906 4.25717953 0.18836585 0.86245311]
DEBUG: Planck15 ages (Gyr): [ 2.57078161 10.41542841  1.39231599 10.75945066  2.33507905  1.18890485
  1.5020823   1.42986532 11.41519963  6.46522795]
DEBUG: cosmo_colibre ages (Gyr): [ 2.57247887 10.39983052  1.39429184 10.74244205  2.33687558  1.19086805
  1.50405647  1.43184123 11.39536575  6.4619428 ]
DEBUG: us.look_back_time -> ages (Gyr): [ 2.57247887 10.39983053  1.39429184 10.74244205  2.33687558  1.19086806
  1.50405648  1.43184123 11.39536575  6.46194281]
[56/100] subhalo 355020 done; total_formed=5.571e+00
Building SWIFTGalaxy for subhalo 63790 (soap_index=79404631)
Read masses: Nstars=45852, sum_current=6.660262e+10 Msun
DEBUG: sample z (first valid): [4.64138762 0.         4.82490445 1.58015748 6.8712467  2.02762635
 3.63282907 3.63282907 1.24161992 2.80051032]
DEBUG: Planck15 ages (Gyr): [ 1.28674765 13.7976159   1.22656668  4.0878532   0.78111057  3.24021991
  1.72683018  1.72683018  4.9975163   2.31793225]
DEBUG: cosmo_colibre ages (Gyr): [ 1.28871961 13.76615402  1.22853387  4.08839282  0.78297187  3.24151929
  1.72878415  1.72878415  4.99689963  2.31973517]
DEBUG: us.look_back_time -> ages (Gyr): [ 1.28871961 13.76615402  1.22853387  4.08839282  0.78297187  3.24151929
  1.72878415  1.72878415  4.99689963  2.31973517]
[57/100] subhalo 63790 done; total_formed=1.073e+01
Building SWIFTGalaxy for subhalo 6257 (soap_index=79447301)
Read masses: Nstars=3225, sum_current=5.958241e+09 Msun
DEBUG: sample z (first valid): [0.99197568 1.52761493 4.32034421 0.61022113 0.77028633 0.63057325
 0.73780229 0.58085681 2.27745549 1.0499218 ]
DEBUG: Planck15 ages (Gyr): [5.8952522  4.2107555  1.40456962 7.85166949 6.92480139 7.72365692
 7.09886805 8.04210241 2.8843972  5.66534644]
DEBUG: cosmo_colibre ages (Gyr): [5.8931248  4.21116009 1.40654556 7.84490961 6.92046822 7.71725708
 7.09411106 8.03479225 2.88592959 5.66364198]
DEBUG: us.look_back_time -> ages (Gyr): [5.8931248  4.21116009 1.40654556 7.84490961 6.92046822 7.71725708
 7.09411107 8.03479225 2.88592959 5.66364198]
[58/100] subhalo 6257 done; total_formed=9.795e-01
Building SWIFTGalaxy for subhalo 353896 (soap_index=79447306)
Read masses: Nstars=318937, sum_current=4.040263e+11 Msun
DEBUG: sample z (first valid): [1.23474050e+00 4.26520447e+00 2.41400212e-01 5.32947605e-02
 5.97659678e-01 2.50048072e+00 2.57006486e-03 8.72885231e-01
 2.36461649e+00 2.23873908e-01]
DEBUG: Planck15 ages (Gyr): [ 5.01927806  1.42660982 10.85034186 13.05740183  7.93228972  2.61771892
 13.76058799  6.41620076  2.77508305 11.03248447]
DEBUG: cosmo_colibre ages (Gyr): [ 5.0186292   1.42858575 10.8329522  13.02976512  7.92529902  2.61939389
 13.72932164  6.41302136  2.77667717 11.01432087]
DEBUG: us.look_back_time -> ages (Gyr): [ 5.0186292   1.42858576 10.8329522  13.02976513  7.92529902  2.61939389
 13.72932164  6.41302136  2.77667718 11.01432087]
[59/100] subhalo 353896 done; total_formed=6.734e+01
Building SWIFTGalaxy for subhalo 354577 (soap_index=79456598)
Read masses: Nstars=51181, sum_current=7.310020e+10 Msun
DEBUG: sample z (first valid): [0.89783389 0.86054963 6.55981082 1.39217404 1.29339306 0.93985318
 0.76228891 4.10087173 1.00932058 2.57144414]
DEBUG: Planck15 ages (Gyr): [6.30126818 6.47423639 0.82988718 4.55654541 4.83845613 6.1148127
 6.9670419  1.4958181  5.82491949 2.54126427]
DEBUG: cosmo_colibre ages (Gyr): [6.29833212 6.47093169 0.83176735 4.55653496 4.83806823 6.11225784
 6.96260724 1.49779252 5.82292415 2.54297512]
DEBUG: us.look_back_time -> ages (Gyr): [6.29833212 6.47093169 0.83176736 4.55653496 4.83806823 6.11225784
 6.96260724 1.49779253 5.82292415 2.54297512]
[60/100] subhalo 354577 done; total_formed=1.204e+01
Building SWIFTGalaxy for subhalo 64260 (soap_index=79546702)
Read masses: Nstars=126170, sum_current=1.653366e+11 Msun
DEBUG: sample z (first valid): [0.39165888 0.42308695 0.59330935 0.62555809 4.93515667 2.98249878
 0.79649123 5.77304671 2.85914498 1.93383472]
DEBUG: Planck15 ages (Gyr): [9.4532574  9.19453148 7.96050244 7.75490639 1.19262156 2.16259934
 6.78912257 0.97856748 2.26592766 3.39270234]
DEBUG: cosmo_colibre ages (Gyr): [9.44133121 9.18352146 7.95343022 7.74841939 1.19458519 2.16445512
 6.7851095  0.98049289 2.26774931 3.39388662]
DEBUG: us.look_back_time -> ages (Gyr): [9.44133121 9.18352146 7.95343022 7.74841939 1.1945852  2.16445512
 6.7851095  0.98049289 2.26774931 3.39388662]
[61/100] subhalo 64260 done; total_formed=2.770e+01
Building SWIFTGalaxy for subhalo 6446 (soap_index=79618196)
Read masses: Nstars=24868, sum_current=3.302576e+10 Msun
DEBUG: sample z (first valid): [8.18450004 3.7569137  3.25420318 1.94570298 8.2689343  4.27452716
 2.28369576 3.69926861 1.06881748 0.44199965]
DEBUG: Planck15 ages (Gyr): [0.61959204 1.66009565 1.96059392 3.3727673  0.61113406 1.42284326
 2.87633781 1.69055703 5.59341583 9.04384666]
DEBUG: cosmo_colibre ages (Gyr): [0.62137325 1.66205788 1.96250454 3.37396715 0.61291021 1.42481921
 2.87787491 1.69251572 5.59183856 9.03335599]
DEBUG: us.look_back_time -> ages (Gyr): [0.62137325 1.66205788 1.96250454 3.37396715 0.61291021 1.42481922
 2.87787491 1.69251572 5.59183856 9.03335599]
[62/100] subhalo 6446 done; total_formed=5.538e+00
Building SWIFTGalaxy for subhalo 65539 (soap_index=79674481)
Read masses: Nstars=49129, sum_current=6.009076e+10 Msun
DEBUG: sample z (first valid): [1.75755281 4.86346963 7.24767178 0.37276917 0.36852656 5.67712685
 5.73199795 2.20469438 0.97850501 3.88418542]
DEBUG: Planck15 ages (Gyr): [3.71295234 1.2145126  0.72822127 9.61395179 9.65059485 0.99971292
 0.98752483 2.98116849 5.95079876 1.59597092]
DEBUG: cosmo_colibre ages (Gyr): [3.71386441 1.21647859 0.73005952 9.60144115 9.6379493  1.00164342
 0.98945244 2.98264239 5.9485654  1.59793931]
DEBUG: us.look_back_time -> ages (Gyr): [3.71386442 1.2164786  0.73005953 9.60144115 9.6379493  1.00164342
 0.98945244 2.98264239 5.9485654  1.59793932]
[63/100] subhalo 65539 done; total_formed=1.011e+01
Building SWIFTGalaxy for subhalo 4184618 (soap_index=79768396)
Read masses: Nstars=39227, sum_current=5.365438e+10 Msun
DEBUG: sample z (first valid): [3.91384869 6.4362873  2.05386766 0.93093695 1.11994566 0.4002222
 2.06787754 0.75586754 0.55136824 0.88343488]
DEBUG: Planck15 ages (Gyr): [1.58161349 0.8506526  3.19955224 6.15365145 5.40584767 9.38170809
 3.17818046 7.00124574 8.24044008 6.36720632]
DEBUG: cosmo_colibre ages (Gyr): [1.58358302 0.85254016 3.20088076 6.15101856 5.40459058 9.37003834
 3.17952402 6.99672827 8.2325382  6.36413143]
DEBUG: us.look_back_time -> ages (Gyr): [1.58358302 0.85254016 3.20088076 6.15101856 5.40459058 9.37003834
 3.17952403 6.99672827 8.2325382  6.36413143]
[64/100] subhalo 4184618 done; total_formed=8.907e+00
Building SWIFTGalaxy for subhalo 4190393 (soap_index=79853870)
Read masses: Nstars=45813, sum_current=6.144604e+10 Msun
DEBUG: sample z (first valid): [0.97136325 0.1480625  0.29980167 0.15510434 0.10657841 0.4783001
 0.21832243 0.96145098 1.048      4.31904878]
DEBUG: Planck15 ages (Gyr): [ 5.98058138 11.87300032 10.27375775 11.79114978 12.37195433  8.76470645
 11.09109491  6.02230611  5.67274378  1.40508093]
DEBUG: cosmo_colibre ages (Gyr): [ 5.97829059 11.85109223 10.2587261  11.76961849 12.34769468  8.75514984
 11.07267936  6.01993416  5.6710261   1.40705687]
DEBUG: us.look_back_time -> ages (Gyr): [ 5.97829059 11.85109223 10.2587261  11.76961849 12.34769468  8.75514985
 11.07267936  6.01993416  5.67102611  1.40705688]
[65/100] subhalo 4190393 done; total_formed=1.029e+01
Building SWIFTGalaxy for subhalo 9988929 (soap_index=79853972)
Read masses: Nstars=21720, sum_current=2.968142e+10 Msun
DEBUG: sample z (first valid): [0.14629539 1.32397163 1.91141715 1.1059126  0.96450839 1.23139258
 1.81972292 0.95653212 0.86245311 2.19345093]
DEBUG: Planck15 ages (Gyr): [11.89366708  4.74827093  3.43088487  5.45632847  6.00938773  5.02992323
  3.59459484  6.04318092  6.46522795  2.99659641]
DEBUG: cosmo_colibre ages (Gyr): [11.87166343  4.74800765  3.43203887  5.45498684  6.007041    5.02925854
  3.59561238  6.04076805  6.4619428   2.99806065]
DEBUG: us.look_back_time -> ages (Gyr): [11.87166343  4.74800765  3.43203887  5.45498684  6.00704101  5.02925854
  3.59561238  6.04076805  6.46194281  2.99806065]
[66/100] subhalo 9988929 done; total_formed=4.909e+00
Building SWIFTGalaxy for subhalo 779115 (soap_index=79921392)
Read masses: Nstars=589819, sum_current=7.481209e+11 Msun
DEBUG: sample z (first valid): [0.39521417 1.24469105 2.08027825 1.13277792 5.11914099 0.56008379
 9.67361564 0.53797052 0.60879811 0.71974389]
DEBUG: Planck15 ages (Gyr): [9.42345462 4.98784981 3.1594573  5.36032998 1.13933827 8.18106026
 0.49437749 8.33299083 7.86074008 7.19855701]
DEBUG: cosmo_colibre ages (Gyr): [9.41163553 4.98724737 3.1608139  5.35914811 1.14129501 8.17333752
 0.49607261 8.32480636 7.85395439 7.19355065]
DEBUG: us.look_back_time -> ages (Gyr): [9.41163553 4.98724737 3.16081391 5.35914811 1.14129501 8.17333752
 0.49607261 8.32480636 7.85395439 7.19355066]
[67/100] subhalo 779115 done; total_formed=1.250e+02
Building SWIFTGalaxy for subhalo 371556 (soap_index=80070717)
Read masses: Nstars=122487, sum_current=1.579916e+11 Msun
DEBUG: sample z (first valid): [2.09921498 3.10138307 0.47763348 0.41265735 0.06819664 0.07910163
 4.243719   0.2446065  0.65211253 0.39307882]
DEBUG: Planck15 ages (Gyr): [ 3.13121143  2.07016939  8.76971649  9.27922079 12.86041912 12.71891049
  1.43535363 10.81748916  7.59159533  9.44133792]
DEBUG: cosmo_colibre ages (Gyr): [ 3.13258745  2.07205222  8.76014344  9.26791427 12.83376971 12.69296207
  1.43732949 10.80023763  7.58555858  9.42945461]
DEBUG: us.look_back_time -> ages (Gyr): [ 3.13258745  2.07205222  8.76014344  9.26791427 12.83376971 12.69296207
  1.4373295  10.80023763  7.58555858  9.42945461]
[68/100] subhalo 371556 done; total_formed=2.647e+01
Building SWIFTGalaxy for subhalo 5739190 (soap_index=80125294)
Read masses: Nstars=33489, sum_current=4.534309e+10 Msun
DEBUG: sample z (first valid): [5.37261766 0.52721849 2.87970637 3.79064327 5.66354855 1.05519318
 1.29692976 0.57994214 0.54741216 0.61737414]
DEBUG: Planck15 ages (Gyr): [1.07213871 8.40839822 2.24814522 1.64269091 1.00276756 5.64513383
 4.82788599 8.04814585 8.26760718 7.80631387]
DEBUG: cosmo_colibre ages (Gyr): [1.07408437 8.39998047 2.24997303 1.64465499 1.00469878 5.64346536
 4.82751288 8.04081794 8.25962278 7.79968247]
DEBUG: us.look_back_time -> ages (Gyr): [1.07408437 8.39998047 2.24997304 1.644655   1.00469878 5.64346536
 4.82751288 8.04081794 8.25962278 7.79968247]
[69/100] subhalo 5739190 done; total_formed=7.491e+00
Building SWIFTGalaxy for subhalo 5786124 (soap_index=80150385)
Read masses: Nstars=14171, sum_current=1.853188e+10 Msun
DEBUG: sample z (first valid): [2.69216901 1.5142331  1.49129476 1.60125427 1.48751234 0.66690406
 4.07087589 1.42636061 0.66911165 6.19859402]
DEBUG: Planck15 ages (Gyr): [2.41935564 4.24301073 4.29923476 4.04012688 4.30862104 7.50288367
 1.50905228 4.46506726 7.48977916 0.89312697]
DEBUG: cosmo_colibre ages (Gyr): [2.4211191  4.2433788  4.2995381  4.0407172  4.30891345 7.49708606
 1.51102617 4.4651717  7.48401655 0.89502852]
DEBUG: us.look_back_time -> ages (Gyr): [2.4211191  4.2433788  4.29953811 4.0407172  4.30891345 7.49708606
 1.51102617 4.46517171 7.48401655 0.89502852]
[70/100] subhalo 5786124 done; total_formed=3.093e+00
Building SWIFTGalaxy for subhalo 21401802 (soap_index=80150408)
Read masses: Nstars=24344, sum_current=3.197555e+10 Msun
DEBUG: sample z (first valid): [0.80659389 3.29744262 1.75477091 0.96051215 7.1476969  0.4325435
 0.19321244 4.11760112 4.05561984 5.4503937 ]
DEBUG: Planck15 ages (Gyr): [ 6.73790777  1.93132052  3.7183959   6.02628163  0.74167476  9.1187269
 11.36185209  1.48852042  1.5158579   1.05282954]
DEBUG: cosmo_colibre ages (Gyr): [ 6.73401319  1.93323777  3.71930298  6.0239019   0.74351915  9.10797947
 11.34225457  1.49049511  1.51783148  1.05477149]
DEBUG: us.look_back_time -> ages (Gyr): [ 6.73401319  1.93323777  3.71930298  6.02390191  0.74351915  9.10797947
 11.34225457  1.49049511  1.51783148  1.05477149]
[71/100] subhalo 21401802 done; total_formed=5.327e+00
Building SWIFTGalaxy for subhalo 72656 (soap_index=80196027)
Read masses: Nstars=41897, sum_current=5.564669e+10 Msun
DEBUG: sample z (first valid): [0.37276917 3.63282907 0.36023246 2.08027825 3.48017501 5.22551534
 4.19632096 0.0868325  0.29221547 3.78120668]
DEBUG: Planck15 ages (Gyr): [ 9.61395179  1.72683018  9.72282433  3.1594573   1.81523234  1.11030816
  1.45496024 12.6199166  10.34611192  1.64752972]
DEBUG: cosmo_colibre ages (Gyr): [ 9.60144115  1.72878415  9.70991107  3.1608139   1.81717251  1.11226045
  1.45693582 12.59445439 10.33079217  1.6494933 ]
DEBUG: us.look_back_time -> ages (Gyr): [ 9.60144115  1.72878415  9.70991107  3.16081391  1.81717251  1.11226045
  1.45693582 12.59445439 10.33079217  1.6494933 ]
[72/100] subhalo 72656 done; total_formed=9.224e+00
Building SWIFTGalaxy for subhalo 3030857 (soap_index=80242114)
Read masses: Nstars=48795, sum_current=5.999200e+10 Msun
DEBUG: sample z (first valid): [4.08149182 0.59129759 0.82125389 0.85865003 1.29467787 7.03235691
 5.23202739 0.60015627 6.39100034 2.25369874]
DEBUG: Planck15 ages (Gyr): [1.50434641 7.97360033 6.66464468 6.48324588 4.83461194 0.75771668
 1.10857096 7.91616708 0.858483   2.91542064]
DEBUG: cosmo_colibre ages (Gyr): [1.5063205  7.96649013 6.66091739 6.47992157 4.83422942 0.75956813
 1.11052296 7.90922279 0.86037325 2.91693467]
DEBUG: us.look_back_time -> ages (Gyr): [1.5063205  7.96649013 6.66091739 6.47992157 4.83422943 0.75956814
 1.11052297 7.90922279 0.86037326 2.91693468]
[73/100] subhalo 3030857 done; total_formed=1.004e+01
Building SWIFTGalaxy for subhalo 388062 (soap_index=80263386)
Read masses: Nstars=130303, sum_current=1.696090e+11 Msun
DEBUG: sample z (first valid): [2.9786304  6.11111111 0.46155219 0.48580756 0.47603604 0.10100128
 0.07309405 0.05207731 0.05983569 6.02497588]
DEBUG: Planck15 ages (Gyr): [ 2.16572089  0.9096546   8.89187931  8.70857673  8.78173952 12.44128761
 12.79659487 13.0736819  12.97042059  0.92643018]
DEBUG: cosmo_colibre ages (Gyr): [ 2.1675757   0.9115612   8.88190168  8.69920353  8.77212697 12.41669394
 12.77026249 13.045963   12.94322148  0.92834168]
DEBUG: us.look_back_time -> ages (Gyr): [ 2.1675757   0.9115612   8.88190169  8.69920353  8.77212698 12.41669394
 12.77026249 13.045963   12.94322148  0.92834169]
[74/100] subhalo 388062 done; total_formed=2.832e+01
Building SWIFTGalaxy for subhalo 802113 (soap_index=80282856)
Read masses: Nstars=46726, sum_current=6.429615e+10 Msun
DEBUG: sample z (first valid): [ 3.80539669  4.88717212  0.97850501  0.95653212  7.36558591  5.66354855
  6.58869847  4.11760112  5.42446819 10.218076  ]
DEBUG: Planck15 ages (Gyr): [1.63517282 1.20720127 5.95079876 6.04318092 0.7128676  1.00276756
 0.82515225 1.48852042 1.05920137 0.45875395]
DEBUG: cosmo_colibre ages (Gyr): [1.63713766 1.2091665  5.9485654  6.04076805 0.71469862 1.00469878
 0.82703069 1.49049511 1.06114456 0.4604195 ]
DEBUG: us.look_back_time -> ages (Gyr): [1.63713766 1.20916651 5.9485654  6.04076805 0.71469862 1.00469878
 0.82703069 1.49049511 1.06114457 0.46041951]
[75/100] subhalo 802113 done; total_formed=1.060e+01
Building SWIFTGalaxy for subhalo 387174 (soap_index=80288985)
Read masses: Nstars=430854, sum_current=5.384286e+11 Msun
DEBUG: sample z (first valid): [5.50998311 1.79137916 3.74245604 5.0385147  2.19158469 4.87556034
 1.91297004 5.14380801 5.94016732 4.91747178]
DEBUG: Planck15 ages (Gyr): [1.03842294 3.64778321 1.66764963 1.16219172 2.99916986 1.21077391
 3.42821739 1.13249512 0.94345568 1.19796079]
DEBUG: cosmo_colibre ages (Gyr): [1.04036197 3.64875406 1.66961103 1.16415162 3.00063248 1.21273952
 3.42937353 1.13445086 0.94537194 1.19992502]
DEBUG: us.look_back_time -> ages (Gyr): [1.04036197 3.64875406 1.66961103 1.16415162 3.00063248 1.21273952
 3.42937353 1.13445086 0.94537195 1.19992503]
[76/100] subhalo 387174 done; total_formed=8.998e+01
Building SWIFTGalaxy for subhalo 391321 (soap_index=80452448)
Read masses: Nstars=19140, sum_current=2.562327e+10 Msun
DEBUG: sample z (first valid): [7.46827756 4.4832664  0.08431502 6.98343282 2.70176231 0.16869962
 2.69800248 8.07323827 2.03210882 2.89863177]
DEBUG: Planck15 ages (Gyr): [ 0.6999293   1.34263952 12.65203328  0.76469624  2.4100823  11.63538182
  2.41370975  0.63103835  3.23321359  2.23198012]
DEBUG: cosmo_colibre ages (Gyr): [ 0.70175403  1.34461423 12.62641371  0.76655069  2.41184952 11.61456051
  2.4154755   0.63282625  3.23451803  2.23381343]
DEBUG: us.look_back_time -> ages (Gyr): [ 0.70175403  1.34461423 12.62641371  0.76655069  2.41184953 11.61456051
  2.4154755   0.63282625  3.23451804  2.23381343]
[77/100] subhalo 391321 done; total_formed=4.316e+00
Building SWIFTGalaxy for subhalo 395095 (soap_index=80471092)
Read masses: Nstars=145097, sum_current=1.833702e+11 Msun
DEBUG: sample z (first valid): [1.15352261 3.91384869 2.77555018 6.82332577 3.795551   3.50295451
 0.45894924 0.80659389 0.79925324 3.29744262]
DEBUG: Planck15 ages (Gyr): [5.28801832 1.58161349 2.34066985 0.78830138 1.64018367 1.80157082
 8.91189041 6.73790777 6.77506118 1.93132052]
DEBUG: cosmo_colibre ages (Gyr): [5.28695395 1.58358302 2.34246427 0.7901656  1.64214801 1.80351332
 8.90184585 6.73401319 6.77108077 1.93323777]
DEBUG: us.look_back_time -> ages (Gyr): [5.28695395 1.58358302 2.34246427 0.79016561 1.64214801 1.80351333
 8.90184585 6.73401319 6.77108077 1.93323777]
[78/100] subhalo 395095 done; total_formed=3.082e+01
Building SWIFTGalaxy for subhalo 10266136 (soap_index=80489740)
Read masses: Nstars=27013, sum_current=3.721065e+10 Msun
DEBUG: sample z (first valid): [0.27501946 6.22796956 6.37602701 2.42081637 0.31545564 0.6766271
 0.24963771 0.53537625 4.243719   0.24262419]
DEBUG: Planck15 ages (Gyr): [10.51288052  0.88768883  0.86109837  2.70815358 10.12676123  7.44542725
 10.76622595  8.35109217  1.43535363 10.83778361]
DEBUG: cosmo_colibre ages (Gyr): [10.49688813  0.88958867  0.86298951  2.70978325 10.11230788  7.43978249
 10.74918905  8.34285196  1.43732949 10.8204468 ]
DEBUG: us.look_back_time -> ages (Gyr): [10.49688813  0.88958867  0.86298951  2.70978325 10.11230788  7.43978249
 10.74918905  8.34285196  1.4373295  10.8204468 ]
[79/100] subhalo 10266136 done; total_formed=6.129e+00
Building SWIFTGalaxy for subhalo 20718763 (soap_index=80499910)
Read masses: Nstars=30122, sum_current=4.199904e+10 Msun
DEBUG: sample z (first valid): [2.85143394 5.99647699 6.88735107 5.82808919 4.38416037 1.22125813
 3.55839188 5.60978316 0.35887866 1.19096015]
DEBUG: Planck15 ages (Gyr): [2.27265639 0.93209406 0.77871846 0.9667666  1.37975791 5.062367
 1.76902496 1.01501655 9.73468912 5.16137213]
DEBUG: cosmo_colibre ages (Gyr): [2.27447567 0.93400717 0.78057878 0.96868904 1.38173358 5.06165375
 1.77097274 1.01695054 9.72173166 5.16050772]
DEBUG: us.look_back_time -> ages (Gyr): [2.27447568 0.93400717 0.78057878 0.96868904 1.38173358 5.06165375
 1.77097274 1.01695055 9.72173167 5.16050772]
[80/100] subhalo 20718763 done; total_formed=6.945e+00
Building SWIFTGalaxy for subhalo 347898 (soap_index=80504663)
Read masses: Nstars=72192, sum_current=9.896214e+10 Msun
DEBUG: sample z (first valid): [6.34626163 1.18409651 0.91917535 5.43772102 3.95396477 3.16869156
 2.07248008 0.98137622 2.18972063 1.45122681]
DEBUG: Planck15 ages (Gyr): [0.86633694 5.18422818 6.20547652 1.05593618 1.56253433 2.02069173
 3.17121023 5.93889065 3.00174392 4.40036656]
DEBUG: cosmo_colibre ages (Gyr): [0.86822983 5.18332824 6.20273839 1.05787874 1.56450523 2.02258769
 3.17255867 5.93668013 3.00320491 4.40055004]
DEBUG: us.look_back_time -> ages (Gyr): [0.86822984 5.18332824 6.20273839 1.05787875 1.56450524 2.02258769
 3.17255867 5.93668013 3.00320491 4.40055004]
[81/100] subhalo 347898 done; total_formed=1.653e+01
Building SWIFTGalaxy for subhalo 736384 (soap_index=80565176)
Read masses: Nstars=20894, sum_current=3.090829e+10 Msun
DEBUG: sample z (first valid): [5.06927209 2.27385353 1.51230545 0.69729618 1.37518121 4.56191123
 4.89936088 5.4503937  0.59129759 1.7464588 ]
DEBUG: Planck15 ages (Gyr): [1.1533845  2.88906604 4.24768988 7.32549558 4.60313953 1.3143477
 1.20346989 1.05282954 7.97360033 3.73473826]
DEBUG: cosmo_colibre ages (Gyr): [1.15534322 2.89059569 4.24805262 7.32016468 4.60306914 1.31632122
 1.20543472 1.05477149 7.96649013 3.73563029]
DEBUG: us.look_back_time -> ages (Gyr): [1.15534322 2.89059569 4.24805262 7.32016468 4.60306915 1.31632122
 1.20543473 1.05477149 7.96649013 3.7356303 ]
[82/100] subhalo 736384 done; total_formed=5.078e+00
Building SWIFTGalaxy for subhalo 2788812 (soap_index=80603491)
Read masses: Nstars=61324, sum_current=8.169393e+10 Msun
DEBUG: sample z (first valid): [4.43912358 1.47492447 6.85520796 0.04676719 0.39878767 2.33414733
 0.02624491 0.23830398 2.36116525 0.04730248]
DEBUG: Planck15 ages (Gyr): [ 1.35896528  4.3400972   0.7835051  13.145025    9.39363834  2.8125124
 13.42594634 10.88220336  2.77928152 13.13780842]
DEBUG: cosmo_colibre ages (Gyr): [ 1.3609405   4.34035265  0.78536738 13.11694488  9.381926    2.8140859
 13.39642739 10.86467931  2.78087336 13.10976491]
DEBUG: us.look_back_time -> ages (Gyr): [ 1.3609405   4.34035266  0.78536738 13.11694488  9.381926    2.81408591
 13.39642739 10.86467931  2.78087336 13.10976491]
[83/100] subhalo 2788812 done; total_formed=1.356e+01
Building SWIFTGalaxy for subhalo 63630 (soap_index=80606632)
Read masses: Nstars=186236, sum_current=2.403741e+11 Msun
DEBUG: sample z (first valid): [0.28794906 4.22240816 0.70595585 4.74574785 2.34265021 0.98353511
 1.25768224 5.69076059 1.855848   2.63483084]
DEBUG: Planck15 ages (Gyr): [10.3871285   1.4441145   7.27612359  1.25193948  2.80198423  5.92996145
  4.94728725  0.99666131  3.52860988  2.47602762]
DEBUG: cosmo_colibre ages (Gyr): [10.37164442  1.44609026  7.27091984  1.25390891  2.80356359  5.927768
  4.94674406  0.9985911   3.52968373  2.47776732]
DEBUG: us.look_back_time -> ages (Gyr): [10.37164443  1.44609026  7.27091985  1.25390892  2.8035636   5.92776801
  4.94674407  0.99859111  3.52968373  2.47776733]
[84/100] subhalo 63630 done; total_formed=4.004e+01
Building SWIFTGalaxy for subhalo 161251 (soap_index=80606634)
Read masses: Nstars=45360, sum_current=6.484281e+10 Msun
DEBUG: sample z (first valid): [0.46928527 3.32381078 0.8147984  0.69378683 0.24271845 0.5568225
 0.19078421 3.01888759 0.1746487  0.1746487 ]
DEBUG: Planck15 ages (Gyr): [ 8.83282059  1.91382188  6.69675333  7.34564961 10.83681743  8.20320417
 11.38853548  2.13359551 11.56814154 11.56814154]
DEBUG: cosmo_colibre ages (Gyr): [ 8.82303943  1.91574293  6.69295305  7.34026645 10.81948469  8.19541481
 11.36881988  2.13546013 11.5476238  11.5476238 ]
DEBUG: us.look_back_time -> ages (Gyr): [ 8.82303943  1.91574293  6.69295305  7.34026646 10.81948469  8.19541482
 11.36881988  2.13546013 11.5476238  11.5476238 ]
[85/100] subhalo 161251 done; total_formed=1.074e+01
Building SWIFTGalaxy for subhalo 4107179 (soap_index=80606677)
Read masses: Nstars=65490, sum_current=8.136232e+10 Msun
DEBUG: sample z (first valid): [8.05506045 5.63655696 5.70445013 7.44644928 7.23058085 1.89521117
 9.93724967 2.04591932 1.10699588 1.96060716]
DEBUG: Planck15 ages (Gyr): [0.63294185 1.00888599 0.99361276 0.70264665 0.7304923  3.45892553
 0.47657476 3.21178186 5.45240509 3.348002  ]
DEBUG: cosmo_colibre ages (Gyr): [0.63473085 1.0108186  0.99554183 0.70447271 0.7323316  3.46005693
 0.47825543 3.21310168 5.45107007 3.34922097]
DEBUG: us.look_back_time -> ages (Gyr): [0.63473085 1.0108186  0.99554184 0.70447271 0.73233161 3.46005693
 0.47825544 3.21310169 5.45107007 3.34922098]
[86/100] subhalo 4107179 done; total_formed=1.365e+01
Building SWIFTGalaxy for subhalo 1460579 (soap_index=80627444)
Read masses: Nstars=24375, sum_current=3.637561e+10 Msun
DEBUG: sample z (first valid): [0.04569824 4.47227789 3.06198091 3.08909964 3.23687613 7.65961945
 5.08166295 5.08166295 0.77124324 1.72272538]
DEBUG: Planck15 ages (Gyr): [13.15945273  1.34667298  2.10006949  2.07941479  1.97253087  0.67683847
  1.14986771  1.14986771  6.91977363  3.78204737]
DEBUG: cosmo_colibre ages (Gyr): [13.13129935  1.34864783  2.10194393  2.08129507  1.97443869  0.67865149
  1.15182594  1.15182594  6.91545247  3.78289522]
DEBUG: us.look_back_time -> ages (Gyr): [13.13129935  1.34864783  2.10194393  2.08129507  1.97443869  0.67865149
  1.15182594  1.15182594  6.91545247  3.78289522]
[87/100] subhalo 1460579 done; total_formed=5.821e+00
Building SWIFTGalaxy for subhalo 161336 (soap_index=80634167)
Read masses: Nstars=83646, sum_current=1.084107e+11 Msun
DEBUG: sample z (first valid): [0.83348254 1.03136817 3.58614416 2.03998516 0.4259356  6.8930507
 0.25663445 0.93481342 2.76643678 0.97041491]
DEBUG: Planck15 ages (Gyr): [ 6.60447049  5.73740271  1.75309598  3.22096224  9.17159867  0.77787476
 10.6955161   6.13671851  2.34906349  5.98455371]
DEBUG: cosmo_colibre ages (Gyr): [ 6.60087865  5.7355684   1.75504619  3.2222755   9.16066838  0.77973473
 10.67877345  6.13411973  2.35085472  5.98225523]
DEBUG: us.look_back_time -> ages (Gyr): [ 6.60087865  5.7355684   1.75504619  3.2222755   9.16066838  0.77973474
 10.67877345  6.13411973  2.35085472  5.98225524]
[88/100] subhalo 161336 done; total_formed=1.821e+01
Building SWIFTGalaxy for subhalo 354502 (soap_index=80650528)
Read masses: Nstars=102456, sum_current=1.351068e+11 Msun
DEBUG: sample z (first valid): [1.27019537 0.29028193 0.39165888 0.39165888 1.11638571 5.4503937
 7.40797999 1.02747185 0.02361614 0.38495351]
DEBUG: Planck15 ages (Gyr): [ 4.90871211 10.3646715   9.4532574   9.4532574   5.41858365  1.05282954
  0.70747849  5.752718   13.46253735  9.50984488]
DEBUG: cosmo_colibre ages (Gyr): [ 4.90822458 10.34927748  9.44133121  9.44133121  5.41730534  1.05477149
  0.70930691  5.75085577 13.43282908  9.49771421]
DEBUG: us.look_back_time -> ages (Gyr): [ 4.90822458 10.34927748  9.44133121  9.44133121  5.41730534  1.05477149
  0.70930692  5.75085577 13.43282908  9.49771422]
[89/100] subhalo 354502 done; total_formed=2.252e+01
Building SWIFTGalaxy for subhalo 5572520 (soap_index=80650548)
Read masses: Nstars=25488, sum_current=3.450431e+10 Msun
DEBUG: sample z (first valid): [3.15178967 0.4980342  1.47623366 0.29456384 1.21226033 1.96516152
 1.31445119 1.69651086 0.79020979 2.65510318]
DEBUG: Planck15 ages (Gyr): [ 2.03293108  8.61830438  4.33680635 10.32363527  5.09145193  3.34049339
  4.77605959  3.83544168  6.82126955  2.45574335]
DEBUG: cosmo_colibre ages (Gyr): [ 2.03482388  8.60922302  4.33706568 10.30840526  5.09069474  3.34171812
  4.7757583   3.83623853  6.81718144  2.45749169]
DEBUG: us.look_back_time -> ages (Gyr): [ 2.03482388  8.60922302  4.33706568 10.30840526  5.09069475  3.34171812
  4.7757583   3.83623854  6.81718144  2.45749169]
[90/100] subhalo 5572520 done; total_formed=5.777e+00
Building SWIFTGalaxy for subhalo 2832096 (soap_index=80724425)
Read masses: Nstars=23594, sum_current=3.349517e+10 Msun
DEBUG: sample z (first valid): [4.36213386 0.70933751 3.16869156 2.92243237 5.03240059 0.46783731
 2.30555836 5.54313099 0.15477869 0.84546069]
DEBUG: Planck15 ages (Gyr): [ 1.3882391   7.2569816   2.02069173  2.21192135  1.16395577  8.84383443
  2.84839116  1.03055007 11.79491731  6.54634081]
DEBUG: cosmo_colibre ages (Gyr): [ 1.3902149   7.25182684  2.02258769  2.21376134  1.1659159   8.83401676
  2.84994439  1.03248745 11.77336874  6.54287815]
DEBUG: us.look_back_time -> ages (Gyr): [ 1.3902149   7.25182685  2.02258769  2.21376135  1.1659159   8.83401676
  2.84994439  1.03248745 11.77336874  6.54287815]
[91/100] subhalo 2832096 done; total_formed=5.480e+00
Building SWIFTGalaxy for subhalo 2893184 (soap_index=80885716)
Read masses: Nstars=110619, sum_current=1.449832e+11 Msun
DEBUG: sample z (first valid): [2.1950078  5.88403361 0.12442523 2.26049751 0.2541335  0.44862953
 0.5644037  0.57205911 1.38486172 0.02259393]
DEBUG: Planck15 ages (Gyr): [ 2.99445233  0.95501267 12.15372568  2.90648662 10.7207139   8.99188868
  8.15186663  8.10051586  4.57650261 13.47680372]
DEBUG: cosmo_colibre ages (Gyr): [ 2.99591792  0.95693204 12.13050593  2.90800597 10.70386664  8.98157464
  8.14423133  8.09303339  4.5764666  13.44702152]
DEBUG: us.look_back_time -> ages (Gyr): [ 2.99591792  0.95693204 12.13050593  2.90800598 10.70386664  8.98157464
  8.14423133  8.09303339  4.57646661 13.44702152]
[92/100] subhalo 2893184 done; total_formed=2.416e+01
Building SWIFTGalaxy for subhalo 12901370 (soap_index=80885830)
Read masses: Nstars=30095, sum_current=3.988830e+10 Msun
DEBUG: sample z (first valid): [4.03503380e+00 7.39935918e+00 6.85520796e+00 6.63553699e-03
 8.24524313e-02 9.56606207e+00 3.92381668e+00 4.02499617e+00
 1.83558325e+00 5.65002537e+00]
DEBUG: Planck15 ages (Gyr): [ 1.52512216  0.70856887  0.7835051  13.70229854 12.67586948  0.50196034
  1.57683682  1.52967345  3.56537985  1.00582526]
DEBUG: cosmo_colibre ages (Gyr): [ 1.52709529  0.71039782  0.78536738 13.67133912 12.65013288  0.50366143
  1.57880671  1.53164634  3.56642253  1.00775717]
DEBUG: us.look_back_time -> ages (Gyr): [ 1.52709529  0.71039782  0.78536738 13.67133912 12.65013288  0.50366143
  1.57880671  1.53164635  3.56642254  1.00775718]
[93/100] subhalo 12901370 done; total_formed=6.640e+00
Building SWIFTGalaxy for subhalo 766154 (soap_index=80901773)
Read masses: Nstars=114532, sum_current=1.480783e+11 Msun
DEBUG: sample z (first valid): [0.60721993 7.71199734 2.13869732 0.25154686 2.1981261  0.53956023
 0.6017206  0.76627857 0.54115323 1.06049173]
DEBUG: Planck15 ages (Gyr): [ 7.8708183   0.67073764  3.0736305  10.74686509  2.99016545  8.32192783
  7.90609005  6.94592004  8.31086403  5.62493124]
DEBUG: cosmo_colibre ages (Gyr): [ 7.86400388  0.67254746  3.07504511 10.72990897  2.99163372  8.31377735
  7.8991747   6.94153623  8.30274749  5.62329855]
DEBUG: us.look_back_time -> ages (Gyr): [ 7.86400388  0.67254746  3.07504512 10.72990897  2.99163372  8.31377735
  7.8991747   6.94153624  8.30274749  5.62329855]
[94/100] subhalo 766154 done; total_formed=2.485e+01
Building SWIFTGalaxy for subhalo 2882878 (soap_index=80912270)
Read masses: Nstars=54870, sum_current=6.810156e+10 Msun
DEBUG: sample z (first valid): [1.1832234  3.92381668 1.01290006 0.64086129 0.57750818 1.95766766
 1.43809524 1.90547969 1.15820325 0.81660938]
DEBUG: Planck15 ages (Gyr): [5.18714719 1.57683682 5.81056887 7.66014719 8.06426095 3.35286285
 4.43434519 3.44111513 5.2719162  6.6877217 ]
DEBUG: cosmo_colibre ages (Gyr): [5.18624269 1.57880671 5.80860018 7.65392303 8.05688562 3.35407809
 4.43448738 3.44226093 5.27087767 6.683942  ]
DEBUG: us.look_back_time -> ages (Gyr): [5.18624269 1.57880671 5.80860018 7.65392303 8.05688562 3.3540781
 4.43448738 3.44226093 5.27087768 6.683942  ]
[95/100] subhalo 2882878 done; total_formed=1.134e+01
Building SWIFTGalaxy for subhalo 366824 (soap_index=80957526)
Read masses: Nstars=27474, sum_current=3.733492e+10 Msun
DEBUG: sample z (first valid): [0.94353499 3.45308147 1.92780558 3.85919775 8.0363323  0.80659389
 2.63483084 3.13059372 0.70933751 5.37261766]
DEBUG: Planck15 ages (Gyr): [6.09888652 1.83170563 3.40290312 1.60823367 0.63491298 6.73790777
 2.47602762 2.0484539  7.2569816  1.07213871]
DEBUG: cosmo_colibre ages (Gyr): [6.09636344 1.83364287 3.40407936 1.61020102 0.63670311 6.73401319
 2.47776732 2.05034261 7.25182684 1.07408437]
DEBUG: us.look_back_time -> ages (Gyr): [6.09636344 1.83364287 3.40407937 1.61020103 0.63670312 6.73401319
 2.47776733 2.05034261 7.25182685 1.07408437]
[96/100] subhalo 366824 done; total_formed=6.202e+00
Building SWIFTGalaxy for subhalo 12989033 (soap_index=80968843)
Read masses: Nstars=132248, sum_current=1.742740e+11 Msun
DEBUG: sample z (first valid): [3.08069738 0.62733413 1.45122681 5.99647699 1.59713086 1.13125203
 1.70206976 1.09099611 0.89981447 8.33494765]
DEBUG: Planck15 ages (Gyr): [2.0857783  7.743818   4.40036656 0.93209406 4.04938409 5.36571067
 3.82401753 5.51080887 6.29228163 0.60465415]
DEBUG: cosmo_colibre ages (Gyr): [2.08765679 7.73736198 4.40055004 0.93400717 4.04996466 5.36451996
 3.82482539 5.50937464 6.28936432 0.60642635]
DEBUG: us.look_back_time -> ages (Gyr): [2.0876568  7.73736198 4.40055004 0.93400717 4.04996466 5.36451996
 3.8248254  5.50937464 6.28936432 0.60642635]
[97/100] subhalo 12989033 done; total_formed=2.906e+01
Building SWIFTGalaxy for subhalo 67993 (soap_index=80976975)
Read masses: Nstars=148264, sum_current=1.887781e+11 Msun
DEBUG: sample z (first valid): [0.57205911 7.08188433 1.35334674 5.1937435  2.11808926 1.4355582
 1.49756098 1.35351577 1.6898703  2.73169343]
DEBUG: Planck15 ages (Gyr): [8.10051586 0.75075824 4.66413949 1.11884908 3.10346716 4.44095851
 4.28375709 4.66366232 3.84916142 2.3815224 ]
DEBUG: cosmo_colibre ages (Gyr): [8.09303339 0.75260666 4.66398918 1.12080273 3.10486193 4.44109261
 4.28407839 4.66351263 3.84994498 2.38330103]
DEBUG: us.look_back_time -> ages (Gyr): [8.09303339 0.75260666 4.66398918 1.12080274 3.10486194 4.44109261
 4.2840784  4.66351263 3.84994498 2.38330104]
[98/100] subhalo 67993 done; total_formed=3.167e+01
Building SWIFTGalaxy for subhalo 774417 (soap_index=80976999)
Read masses: Nstars=14715, sum_current=1.995544e+10 Msun
DEBUG: sample z (first valid): [1.5372048  1.36763006 1.8427171  1.23139258 1.54054892 1.54568055
 1.2530253  0.81439646 0.9439962  3.19618389]
DEBUG: Planck15 ages (Gyr): [4.18788269 4.62409025 3.55236484 5.02992323 4.1799537  4.16783347
 4.96176703 6.69876048 6.09689606 2.00104169]
DEBUG: cosmo_colibre ages (Gyr): [4.1883129  4.6239926  3.55341862 5.02925854 4.18039273 4.16828595
 4.96120278 6.69495561 6.09437694 2.0029426 ]
DEBUG: us.look_back_time -> ages (Gyr): [4.1883129  4.6239926  3.55341862 5.02925854 4.18039274 4.16828595
 4.96120278 6.69495561 6.09437695 2.00294261]
[99/100] subhalo 774417 done; total_formed=3.318e+00
Building SWIFTGalaxy for subhalo 9977457 (soap_index=80977134)
Read masses: Nstars=470940, sum_current=6.041834e+11 Msun
DEBUG: sample z (first valid): [8.63339703 1.13208407 1.157919   4.37312454 1.19315976 1.7617362
 5.4503937  3.5419641  1.66731787 1.65930855]
DEBUG: Planck15 ages (Gyr): [0.57673414 5.36277565 5.27289186 1.38399642 5.15408122 3.70479068
 1.05282954 1.77856722 3.89635449 3.91334055]
DEBUG: cosmo_colibre ages (Gyr): [0.57848866 5.36158976 5.27185177 1.38597216 5.1532281  3.70571021
 1.05477149 1.78051349 3.89709172 3.91406088]
DEBUG: us.look_back_time -> ages (Gyr): [0.57848866 5.36158976 5.27185177 1.38597216 5.1532281  3.70571021
 1.05477149 1.7805135  3.89709172 3.91406088]
[100/100] subhalo 9977457 done; total_formed=1.005e+02
All halos processed. Writing CSV.
Wrote relicness_extras_2500_2600.csv (100 rows) in 9200.5s
