Will process 30 subhalos (test=False)
Mapping requested subhalos -> SOAP rows (chunked scan)...
Found SOAP rows for 30 / 30 requested subhalos
Reading SOAP StellarMass & HalfMassRadiusStars for requested rows (applying Mu/Lu conversions)...
Summing PartType4/Masses via mapping NPZ (particle-level current stellar mass -> Msun)...
Analysing subhalo 2695584
Analysing subhalo 9599967
Analysing subhalo 41173
Analysing subhalo 1419622
Analysing subhalo 5726
Analysing subhalo 152636
Analysing subhalo 1422719
Analysing subhalo 712490
Analysing subhalo 6012
Analysing subhalo 9695769
Analysing subhalo 1447800
Analysing subhalo 5167556
Analysing subhalo 300461
Analysing subhalo 132519
Analysing subhalo 6890067
Analysing subhalo 1262810
Analysing subhalo 641027
Analysing subhalo 638754
Analysing subhalo 15615601
Analysing subhalo 315790
Analysing subhalo 51234
Analysing subhalo 1337997
Analysing subhalo 3875157
Analysing subhalo 316874
Analysing subhalo 1339108
Analysing subhalo 2519970
Analysing subhalo 2565413
Analysing subhalo 7085241
Analysing subhalo 1343832
Analysing subhalo 2539154
halos:   0%|                                                                 | 0/30 [00:00<?, ?it/s]Flushed 30 rows to outfiles/relic_chunk_042.csv
halos: 100%|███████████████████████████████████████████████████████| 30/30 [00:00<00:00, 474.29it/s]
Done. Wrote 30 rows to outfiles/relic_chunk_042.csv
