Using PARTRIDGE at: /home/mzemsch/COLIBRE-analysis/PARTRIDGE
Found 223 relic IDs in z0_sags_trackids.csv using column 'track_id'
Rendering IDs in range [60, 75) -> 15 galaxies
[1/15] Rendering halo 210509
Calculating stellar luminosities from FSPS tables.
Luminosity generation for all bands done. Time taken: 7.831 s (read-in time: 7.482 s).
Loaded in and pre-processed the data. Total pre-processing time taken: 128.242 s.
Generated star smoothing lengths. Time taken: 0.649 s.
Rendered the stars onto the grid. Time taken: 163.714 s.
Rendered the dust onto the grid. Time taken: 195.792 s.
Computed the projected luminosity maps. Total time taken: 368.415 s.
Created the RGB image.
Created the RGB image.
Done! Total time taken: 497.429 s.
[2/15] Rendering halo 1528
Calculating stellar luminosities from FSPS tables.
Luminosity generation for all bands done. Time taken: 7.947 s (read-in time: 7.513 s).
Loaded in and pre-processed the data. Total pre-processing time taken: 132.312 s.
Generated star smoothing lengths. Time taken: 1.000 s.
Rendered the stars onto the grid. Time taken: 126.511 s.
Rendered the dust onto the grid. Time taken: 217.713 s.
Computed the projected luminosity maps. Total time taken: 351.461 s.
Created the RGB image.
Created the RGB image.
Done! Total time taken: 484.873 s.
[3/15] Rendering halo 24297
Calculating stellar luminosities from FSPS tables.
Luminosity generation for all bands done. Time taken: 7.592 s (read-in time: 6.989 s).
Loaded in and pre-processed the data. Total pre-processing time taken: 137.410 s.
Generated star smoothing lengths. Time taken: 2.228 s.
Rendered the stars onto the grid. Time taken: 126.127 s.
Rendered the dust onto the grid. Time taken: 161.017 s.
Computed the projected luminosity maps. Total time taken: 295.695 s.
Created the RGB image.
Created the RGB image.
Done! Total time taken: 435.409 s.
[4/15] Rendering halo 191081
Calculating stellar luminosities from FSPS tables.
Luminosity generation for all bands done. Time taken: 0.634 s (read-in time: 0.613 s).
Loaded in and pre-processed the data. Total pre-processing time taken: 72.515 s.
Generated star smoothing lengths. Time taken: 0.074 s.
Rendered the stars onto the grid. Time taken: 120.307 s.
Rendered the dust onto the grid. Time taken: 150.702 s.
Computed the projected luminosity maps. Total time taken: 278.136 s.
Created the RGB image.
Created the RGB image.
Done! Total time taken: 350.803 s.
[5/15] Rendering halo 94291
Calculating stellar luminosities from FSPS tables.
Luminosity generation for all bands done. Time taken: 3.595 s (read-in time: 3.500 s).
Loaded in and pre-processed the data. Total pre-processing time taken: 80.792 s.
Generated star smoothing lengths. Time taken: 0.188 s.
Rendered the stars onto the grid. Time taken: 119.809 s.
Rendered the dust onto the grid. Time taken: 172.050 s.
Computed the projected luminosity maps. Total time taken: 301.738 s.
Created the RGB image.
Created the RGB image.
Done! Total time taken: 382.844 s.
[6/15] Rendering halo 219478
Calculating stellar luminosities from FSPS tables.
Luminosity generation for all bands done. Time taken: 2.686 s (read-in time: 2.551 s).
Loaded in and pre-processed the data. Total pre-processing time taken: 91.030 s.
Generated star smoothing lengths. Time taken: 0.272 s.
Rendered the stars onto the grid. Time taken: 135.723 s.
Rendered the dust onto the grid. Time taken: 172.773 s.
Computed the projected luminosity maps. Total time taken: 317.292 s.
Created the RGB image.
Created the RGB image.
Done! Total time taken: 408.731 s.
[7/15] Rendering halo 503246
Calculating stellar luminosities from FSPS tables.
Luminosity generation for all bands done. Time taken: 2.209 s (read-in time: 1.717 s).
Loaded in and pre-processed the data. Total pre-processing time taken: 84.057 s.
Generated star smoothing lengths. Time taken: 0.838 s.
Rendered the stars onto the grid. Time taken: 124.771 s.
Rendered the dust onto the grid. Time taken: 141.434 s.
Computed the projected luminosity maps. Total time taken: 273.549 s.
Created the RGB image.
Created the RGB image.
Done! Total time taken: 358.510 s.
[8/15] Rendering halo 1205136
Calculating stellar luminosities from FSPS tables.
Luminosity generation for all bands done. Time taken: 0.977 s (read-in time: 0.961 s).
Loaded in and pre-processed the data. Total pre-processing time taken: 67.618 s.
Generated star smoothing lengths. Time taken: 0.061 s.
Rendered the stars onto the grid. Time taken: 107.719 s.
Rendered the dust onto the grid. Time taken: 139.288 s.
Computed the projected luminosity maps. Total time taken: 254.034 s.
Created the RGB image.
Created the RGB image.
Done! Total time taken: 321.797 s.
[9/15] Rendering halo 273895
Calculating stellar luminosities from FSPS tables.
Luminosity generation for all bands done. Time taken: 0.475 s (read-in time: 0.467 s).
Loaded in and pre-processed the data. Total pre-processing time taken: 68.703 s.
Generated star smoothing lengths. Time taken: 0.040 s.
Rendered the stars onto the grid. Time taken: 116.261 s.
Rendered the dust onto the grid. Time taken: 109.191 s.
Computed the projected luminosity maps. Total time taken: 232.428 s.
Created the RGB image.
Created the RGB image.
Done! Total time taken: 301.259 s.
[10/15] Rendering halo 5084444
Calculating stellar luminosities from FSPS tables.
Luminosity generation for all bands done. Time taken: 6.370 s (read-in time: 6.293 s).
Loaded in and pre-processed the data. Total pre-processing time taken: 126.931 s.
Generated star smoothing lengths. Time taken: 0.171 s.
Rendered the stars onto the grid. Time taken: 132.033 s.
Rendered the dust onto the grid. Time taken: 173.212 s.
Computed the projected luminosity maps. Total time taken: 312.651 s.
Created the RGB image.
Created the RGB image.
Done! Total time taken: 439.857 s.
[11/15] Rendering halo 26207
Calculating stellar luminosities from FSPS tables.
Luminosity generation for all bands done. Time taken: 4.817 s (read-in time: 4.659 s).
Loaded in and pre-processed the data. Total pre-processing time taken: 112.182 s.
Generated star smoothing lengths. Time taken: 1.892 s.
Rendered the stars onto the grid. Time taken: 127.902 s.
Rendered the dust onto the grid. Time taken: 195.574 s.
Computed the projected luminosity maps. Total time taken: 336.490 s.
Created the RGB image.
Created the RGB image.
Done! Total time taken: 450.783 s.
[12/15] Rendering halo 84311
Calculating stellar luminosities from FSPS tables.
Luminosity generation for all bands done. Time taken: 0.959 s (read-in time: 0.912 s).
Loaded in and pre-processed the data. Total pre-processing time taken: 72.124 s.
Generated star smoothing lengths. Time taken: 0.139 s.
Rendered the stars onto the grid. Time taken: 126.572 s.
Rendered the dust onto the grid. Time taken: 160.382 s.
Computed the projected luminosity maps. Total time taken: 294.349 s.
Created the RGB image.
Created the RGB image.
Done! Total time taken: 366.695 s.
[13/15] Rendering halo 95655
Calculating stellar luminosities from FSPS tables.
Luminosity generation for all bands done. Time taken: 6.193 s (read-in time: 6.039 s).
Loaded in and pre-processed the data. Total pre-processing time taken: 112.277 s.
Generated star smoothing lengths. Time taken: 0.695 s.
Rendered the stars onto the grid. Time taken: 143.648 s.
Rendered the dust onto the grid. Time taken: 160.696 s.
Computed the projected luminosity maps. Total time taken: 313.046 s.
Created the RGB image.
Created the RGB image.
Done! Total time taken: 426.125 s.
[14/15] Rendering halo 618882
Calculating stellar luminosities from FSPS tables.
Luminosity generation for all bands done. Time taken: 1.648 s (read-in time: 1.582 s).
Loaded in and pre-processed the data. Total pre-processing time taken: 72.380 s.
Generated star smoothing lengths. Time taken: 0.163 s.
Rendered the stars onto the grid. Time taken: 133.860 s.
Rendered the dust onto the grid. Time taken: 187.420 s.
Computed the projected luminosity maps. Total time taken: 328.376 s.
Created the RGB image.
Created the RGB image.
Done! Total time taken: 400.995 s.
[15/15] Rendering halo 29739
Calculating stellar luminosities from FSPS tables.
Luminosity generation for all bands done. Time taken: 3.450 s (read-in time: 3.062 s).
Loaded in and pre-processed the data. Total pre-processing time taken: 85.953 s.
Generated star smoothing lengths. Time taken: 0.724 s.
Rendered the stars onto the grid. Time taken: 124.456 s.
Rendered the dust onto the grid. Time taken: 154.507 s.
Computed the projected luminosity maps. Total time taken: 285.942 s.
Created the RGB image.
Created the RGB image.
Done! Total time taken: 372.692 s.
Done.
