Using PARTRIDGE at: /home/mzemsch/COLIBRE-analysis/PARTRIDGE
Found 223 relic IDs in z0_sags_trackids.csv using column 'track_id'
Rendering IDs in range [180, 195) -> 15 galaxies
[1/15] Rendering halo 1404994
Calculating stellar luminosities from FSPS tables.
Luminosity generation for all bands done. Time taken: 15.547 s (read-in time: 15.197 s).
Loaded in and pre-processed the data. Total pre-processing time taken: 205.727 s.
Generated star smoothing lengths. Time taken: 0.685 s.
Rendered the stars onto the grid. Time taken: 190.078 s.
Rendered the dust onto the grid. Time taken: 186.679 s.
Computed the projected luminosity maps. Total time taken: 386.128 s.
Created the RGB image.
Created the RGB image.
Done! Total time taken: 592.704 s.
[2/15] Rendering halo 340024
Calculating stellar luminosities from FSPS tables.
Luminosity generation for all bands done. Time taken: 1.821 s (read-in time: 1.677 s).
Loaded in and pre-processed the data. Total pre-processing time taken: 75.230 s.
Generated star smoothing lengths. Time taken: 0.212 s.
Rendered the stars onto the grid. Time taken: 136.425 s.
Rendered the dust onto the grid. Time taken: 125.604 s.
Computed the projected luminosity maps. Total time taken: 269.155 s.
Created the RGB image.
Created the RGB image.
Done! Total time taken: 344.666 s.
[3/15] Rendering halo 153297
Calculating stellar luminosities from FSPS tables.
Luminosity generation for all bands done. Time taken: 0.839 s (read-in time: 0.823 s).
Loaded in and pre-processed the data. Total pre-processing time taken: 65.957 s.
Generated star smoothing lengths. Time taken: 0.049 s.
Rendered the stars onto the grid. Time taken: 115.146 s.
Rendered the dust onto the grid. Time taken: 142.012 s.
Computed the projected luminosity maps. Total time taken: 264.902 s.
Created the RGB image.
Created the RGB image.
Done! Total time taken: 330.989 s.
[4/15] Rendering halo 302055
Calculating stellar luminosities from FSPS tables.
Luminosity generation for all bands done. Time taken: 2.129 s (read-in time: 2.034 s).
Loaded in and pre-processed the data. Total pre-processing time taken: 64.938 s.
Generated star smoothing lengths. Time taken: 0.119 s.
Rendered the stars onto the grid. Time taken: 123.434 s.
Rendered the dust onto the grid. Time taken: 155.028 s.
Computed the projected luminosity maps. Total time taken: 287.356 s.
Created the RGB image.
Created the RGB image.
Done! Total time taken: 352.518 s.
[5/15] Rendering halo 756488
Calculating stellar luminosities from FSPS tables.
Luminosity generation for all bands done. Time taken: 0.657 s (read-in time: 0.631 s).
Loaded in and pre-processed the data. Total pre-processing time taken: 68.152 s.
Generated star smoothing lengths. Time taken: 0.067 s.
Rendered the stars onto the grid. Time taken: 118.210 s.
Rendered the dust onto the grid. Time taken: 121.110 s.
Computed the projected luminosity maps. Total time taken: 247.406 s.
Created the RGB image.
Created the RGB image.
Done! Total time taken: 315.705 s.
[6/15] Rendering halo 7139
Calculating stellar luminosities from FSPS tables.
Luminosity generation for all bands done. Time taken: 0.453 s (read-in time: 0.448 s).
Loaded in and pre-processed the data. Total pre-processing time taken: 59.468 s.
Generated star smoothing lengths. Time taken: 0.024 s.
Rendered the stars onto the grid. Time taken: 112.317 s.
Rendered the dust onto the grid. Time taken: 130.885 s.
Computed the projected luminosity maps. Total time taken: 250.080 s.
Created the RGB image.
Created the RGB image.
Done! Total time taken: 309.655 s.
[7/15] Rendering halo 710029
Calculating stellar luminosities from FSPS tables.
Luminosity generation for all bands done. Time taken: 2.028 s (read-in time: 1.973 s).
Loaded in and pre-processed the data. Total pre-processing time taken: 71.588 s.
Generated star smoothing lengths. Time taken: 0.170 s.
Rendered the stars onto the grid. Time taken: 133.646 s.
Rendered the dust onto the grid. Time taken: 135.470 s.
Computed the projected luminosity maps. Total time taken: 276.105 s.
Created the RGB image.
Created the RGB image.
Done! Total time taken: 347.936 s.
[8/15] Rendering halo 312471
Calculating stellar luminosities from FSPS tables.
Luminosity generation for all bands done. Time taken: 3.704 s (read-in time: 3.290 s).
Loaded in and pre-processed the data. Total pre-processing time taken: 86.910 s.
Generated star smoothing lengths. Time taken: 0.780 s.
Rendered the stars onto the grid. Time taken: 122.190 s.
Rendered the dust onto the grid. Time taken: 133.572 s.
Computed the projected luminosity maps. Total time taken: 264.026 s.
Created the RGB image.
Created the RGB image.
Done! Total time taken: 351.785 s.
[9/15] Rendering halo 61324
Calculating stellar luminosities from FSPS tables.
Luminosity generation for all bands done. Time taken: 3.647 s (read-in time: 2.975 s).
Loaded in and pre-processed the data. Total pre-processing time taken: 80.761 s.
Generated star smoothing lengths. Time taken: 1.300 s.
Rendered the stars onto the grid. Time taken: 110.959 s.
Rendered the dust onto the grid. Time taken: 144.286 s.
Computed the projected luminosity maps. Total time taken: 262.172 s.
Created the RGB image.
Created the RGB image.
Done! Total time taken: 344.300 s.
[10/15] Rendering halo 729799
Calculating stellar luminosities from FSPS tables.
Luminosity generation for all bands done. Time taken: 3.084 s (read-in time: 3.075 s).
Loaded in and pre-processed the data. Total pre-processing time taken: 87.134 s.
Generated star smoothing lengths. Time taken: 0.036 s.
Rendered the stars onto the grid. Time taken: 113.800 s.
Rendered the dust onto the grid. Time taken: 150.303 s.
Computed the projected luminosity maps. Total time taken: 272.377 s.
Created the RGB image.
Created the RGB image.
Done! Total time taken: 359.635 s.
[11/15] Rendering halo 1461168
Calculating stellar luminosities from FSPS tables.
Luminosity generation for all bands done. Time taken: 3.236 s (read-in time: 3.013 s).
Loaded in and pre-processed the data. Total pre-processing time taken: 84.534 s.
Generated star smoothing lengths. Time taken: 0.479 s.
Rendered the stars onto the grid. Time taken: 114.700 s.
Rendered the dust onto the grid. Time taken: 151.535 s.
Computed the projected luminosity maps. Total time taken: 273.153 s.
Created the RGB image.
Created the RGB image.
Done! Total time taken: 358.240 s.
[12/15] Rendering halo 784221
Calculating stellar luminosities from FSPS tables.
Luminosity generation for all bands done. Time taken: 1.141 s (read-in time: 1.067 s).
Loaded in and pre-processed the data. Total pre-processing time taken: 63.125 s.
Generated star smoothing lengths. Time taken: 0.163 s.
Rendered the stars onto the grid. Time taken: 109.102 s.
Rendered the dust onto the grid. Time taken: 127.037 s.
Computed the projected luminosity maps. Total time taken: 243.489 s.
Created the RGB image.
Created the RGB image.
Done! Total time taken: 306.848 s.
[13/15] Rendering halo 72514
Calculating stellar luminosities from FSPS tables.
Luminosity generation for all bands done. Time taken: 2.966 s (read-in time: 2.604 s).
Loaded in and pre-processed the data. Total pre-processing time taken: 80.508 s.
Generated star smoothing lengths. Time taken: 1.044 s.
Rendered the stars onto the grid. Time taken: 115.609 s.
Rendered the dust onto the grid. Time taken: 131.301 s.
Computed the projected luminosity maps. Total time taken: 253.975 s.
Created the RGB image.
Created the RGB image.
Done! Total time taken: 335.598 s.
[14/15] Rendering halo 801128
Calculating stellar luminosities from FSPS tables.
Luminosity generation for all bands done. Time taken: 3.112 s (read-in time: 2.751 s).
Loaded in and pre-processed the data. Total pre-processing time taken: 75.440 s.
Generated star smoothing lengths. Time taken: 0.732 s.
Rendered the stars onto the grid. Time taken: 135.831 s.
Rendered the dust onto the grid. Time taken: 135.310 s.
Computed the projected luminosity maps. Total time taken: 278.438 s.
Created the RGB image.
Created the RGB image.
Done! Total time taken: 354.680 s.
[15/15] Rendering halo 493
Calculating stellar luminosities from FSPS tables.
Luminosity generation for all bands done. Time taken: 5.294 s (read-in time: 5.100 s).
Loaded in and pre-processed the data. Total pre-processing time taken: 93.637 s.
Generated star smoothing lengths. Time taken: 0.731 s.
Rendered the stars onto the grid. Time taken: 107.724 s.
Rendered the dust onto the grid. Time taken: 141.334 s.
Computed the projected luminosity maps. Total time taken: 256.048 s.
Created the RGB image.
Created the RGB image.
Done! Total time taken: 350.486 s.
Done.
