Using PARTRIDGE at: /home/mzemsch/COLIBRE-analysis/PARTRIDGE
Found 223 relic IDs in z0_sags_trackids.csv using column 'track_id'
Rendering IDs in range [0, 15) -> 15 galaxies
[1/15] Rendering halo 66897
Calculating stellar luminosities from FSPS tables.
Luminosity generation for all bands done. Time taken: 0.638 s (read-in time: 0.619 s).
Loaded in and pre-processed the data. Total pre-processing time taken: 60.691 s.
Generated star smoothing lengths. Time taken: 0.063 s.
Rendered the stars onto the grid. Time taken: 145.412 s.
Rendered the dust onto the grid. Time taken: 150.872 s.
Computed the projected luminosity maps. Total time taken: 303.633 s.
Created the RGB image.
Created the RGB image.
Done! Total time taken: 364.556 s.
[2/15] Rendering halo 765512
Calculating stellar luminosities from FSPS tables.
Luminosity generation for all bands done. Time taken: 0.861 s (read-in time: 0.840 s).
Loaded in and pre-processed the data. Total pre-processing time taken: 70.951 s.
Generated star smoothing lengths. Time taken: 0.292 s.
Rendered the stars onto the grid. Time taken: 114.814 s.
Rendered the dust onto the grid. Time taken: 138.867 s.
Computed the projected luminosity maps. Total time taken: 264.738 s.
Created the RGB image.
Created the RGB image.
Done! Total time taken: 336.157 s.
[3/15] Rendering halo 9394
Calculating stellar luminosities from FSPS tables.
Luminosity generation for all bands done. Time taken: 3.255 s (read-in time: 2.882 s).
Loaded in and pre-processed the data. Total pre-processing time taken: 99.777 s.
Generated star smoothing lengths. Time taken: 0.694 s.
Rendered the stars onto the grid. Time taken: 137.349 s.
Rendered the dust onto the grid. Time taken: 165.622 s.
Computed the projected luminosity maps. Total time taken: 311.331 s.
Created the RGB image.
Created the RGB image.
Done! Total time taken: 411.890 s.
[4/15] Rendering halo 180003
Calculating stellar luminosities from FSPS tables.
Luminosity generation for all bands done. Time taken: 4.887 s (read-in time: 4.835 s).
Loaded in and pre-processed the data. Total pre-processing time taken: 97.452 s.
Generated star smoothing lengths. Time taken: 0.090 s.
Rendered the stars onto the grid. Time taken: 123.438 s.
Rendered the dust onto the grid. Time taken: 149.898 s.
Computed the projected luminosity maps. Total time taken: 280.422 s.
Created the RGB image.
Created the RGB image.
Done! Total time taken: 378.054 s.
[5/15] Rendering halo 1639847
Calculating stellar luminosities from FSPS tables.
Luminosity generation for all bands done. Time taken: 3.821 s (read-in time: 3.223 s).
Loaded in and pre-processed the data. Total pre-processing time taken: 99.023 s.
Generated star smoothing lengths. Time taken: 1.064 s.
Rendered the stars onto the grid. Time taken: 177.715 s.
Rendered the dust onto the grid. Time taken: 172.437 s.
Computed the projected luminosity maps. Total time taken: 357.449 s.
Created the RGB image.
Created the RGB image.
Done! Total time taken: 457.621 s.
[6/15] Rendering halo 13769
Calculating stellar luminosities from FSPS tables.
Luminosity generation for all bands done. Time taken: 0.477 s (read-in time: 0.461 s).
Loaded in and pre-processed the data. Total pre-processing time taken: 67.644 s.
Generated star smoothing lengths. Time taken: 0.053 s.
Rendered the stars onto the grid. Time taken: 124.451 s.
Rendered the dust onto the grid. Time taken: 122.865 s.
Computed the projected luminosity maps. Total time taken: 256.868 s.
Created the RGB image.
Created the RGB image.
Done! Total time taken: 324.692 s.
[7/15] Rendering halo 7765873
Calculating stellar luminosities from FSPS tables.
Luminosity generation for all bands done. Time taken: 2.325 s (read-in time: 2.292 s).
Loaded in and pre-processed the data. Total pre-processing time taken: 85.687 s.
Generated star smoothing lengths. Time taken: 0.069 s.
Rendered the stars onto the grid. Time taken: 112.447 s.
Rendered the dust onto the grid. Time taken: 178.470 s.
Computed the projected luminosity maps. Total time taken: 298.733 s.
Created the RGB image.
Created the RGB image.
Done! Total time taken: 384.579 s.
[8/15] Rendering halo 172779
Calculating stellar luminosities from FSPS tables.
Luminosity generation for all bands done. Time taken: 0.547 s (read-in time: 0.539 s).
Loaded in and pre-processed the data. Total pre-processing time taken: 73.296 s.
Generated star smoothing lengths. Time taken: 0.036 s.
Rendered the stars onto the grid. Time taken: 125.026 s.
Rendered the dust onto the grid. Time taken: 123.764 s.
Computed the projected luminosity maps. Total time taken: 256.001 s.
Created the RGB image.
Created the RGB image.
Done! Total time taken: 329.420 s.
[9/15] Rendering halo 117
Calculating stellar luminosities from FSPS tables.
Luminosity generation for all bands done. Time taken: 8.614 s (read-in time: 7.646 s).
Loaded in and pre-processed the data. Total pre-processing time taken: 113.144 s.
Generated star smoothing lengths. Time taken: 1.879 s.
Rendered the stars onto the grid. Time taken: 140.906 s.
Rendered the dust onto the grid. Time taken: 162.679 s.
Computed the projected luminosity maps. Total time taken: 312.402 s.
Created the RGB image.
Created the RGB image.
Done! Total time taken: 427.519 s.
[10/15] Rendering halo 137
Calculating stellar luminosities from FSPS tables.
Luminosity generation for all bands done. Time taken: 5.571 s (read-in time: 5.504 s).
Loaded in and pre-processed the data. Total pre-processing time taken: 113.861 s.
Generated star smoothing lengths. Time taken: 0.176 s.
Rendered the stars onto the grid. Time taken: 138.085 s.
Rendered the dust onto the grid. Time taken: 177.273 s.
Computed the projected luminosity maps. Total time taken: 323.452 s.
Created the RGB image.
Created the RGB image.
Done! Total time taken: 437.655 s.
[11/15] Rendering halo 2202
Calculating stellar luminosities from FSPS tables.
Luminosity generation for all bands done. Time taken: 5.302 s (read-in time: 5.028 s).
Loaded in and pre-processed the data. Total pre-processing time taken: 120.002 s.
Generated star smoothing lengths. Time taken: 0.536 s.
Rendered the stars onto the grid. Time taken: 150.916 s.
Rendered the dust onto the grid. Time taken: 162.308 s.
Computed the projected luminosity maps. Total time taken: 320.398 s.
Created the RGB image.
Created the RGB image.
Done! Total time taken: 441.024 s.
[12/15] Rendering halo 21185
Calculating stellar luminosities from FSPS tables.
Luminosity generation for all bands done. Time taken: 5.854 s (read-in time: 4.905 s).
Loaded in and pre-processed the data. Total pre-processing time taken: 106.798 s.
Generated star smoothing lengths. Time taken: 1.686 s.
Rendered the stars onto the grid. Time taken: 159.579 s.
Rendered the dust onto the grid. Time taken: 156.869 s.
Computed the projected luminosity maps. Total time taken: 323.691 s.
Created the RGB image.
Created the RGB image.
Done! Total time taken: 432.253 s.
[13/15] Rendering halo 222292
Calculating stellar luminosities from FSPS tables.
Luminosity generation for all bands done. Time taken: 5.750 s (read-in time: 4.956 s).
Loaded in and pre-processed the data. Total pre-processing time taken: 106.070 s.
Generated star smoothing lengths. Time taken: 1.731 s.
Rendered the stars onto the grid. Time taken: 151.417 s.
Rendered the dust onto the grid. Time taken: 181.716 s.
Computed the projected luminosity maps. Total time taken: 340.311 s.
Created the RGB image.
Created the RGB image.
Done! Total time taken: 448.189 s.
[14/15] Rendering halo 389228
Calculating stellar luminosities from FSPS tables.
Luminosity generation for all bands done. Time taken: 5.064 s (read-in time: 4.956 s).
Loaded in and pre-processed the data. Total pre-processing time taken: 109.393 s.
Generated star smoothing lengths. Time taken: 0.270 s.
Rendered the stars onto the grid. Time taken: 130.951 s.
Rendered the dust onto the grid. Time taken: 193.100 s.
Computed the projected luminosity maps. Total time taken: 331.114 s.
Created the RGB image.
Created the RGB image.
Done! Total time taken: 440.861 s.
[15/15] Rendering halo 1930598
Calculating stellar luminosities from FSPS tables.
Luminosity generation for all bands done. Time taken: 6.574 s (read-in time: 6.340 s).
Loaded in and pre-processed the data. Total pre-processing time taken: 107.684 s.
Generated star smoothing lengths. Time taken: 0.476 s.
Rendered the stars onto the grid. Time taken: 197.537 s.
Rendered the dust onto the grid. Time taken: 181.867 s.
Computed the projected luminosity maps. Total time taken: 388.272 s.
Created the RGB image.
Created the RGB image.
Done! Total time taken: 496.526 s.
Done.
