Using PARTRIDGE at: /home/mzemsch/COLIBRE-analysis/PARTRIDGE
Found 223 relic IDs in z0_sags_trackids.csv using column 'track_id'
Rendering IDs in range [30, 45) -> 15 galaxies
[1/15] Rendering halo 1085
Calculating stellar luminosities from FSPS tables.
Luminosity generation for all bands done. Time taken: 1.005 s (read-in time: 0.929 s).
Loaded in and pre-processed the data. Total pre-processing time taken: 443.598 s.
Generated star smoothing lengths. Time taken: 0.169 s.
Rendered the stars onto the grid. Time taken: 151.799 s.
Rendered the dust onto the grid. Time taken: 166.402 s.
Computed the projected luminosity maps. Total time taken: 326.377 s.
Created the RGB image.
Created the RGB image.
Done! Total time taken: 770.226 s.
[2/15] Rendering halo 436370
Calculating stellar luminosities from FSPS tables.
Luminosity generation for all bands done. Time taken: 6.433 s (read-in time: 6.399 s).
Loaded in and pre-processed the data. Total pre-processing time taken: 119.468 s.
Generated star smoothing lengths. Time taken: 0.213 s.
Rendered the stars onto the grid. Time taken: 127.006 s.
Rendered the dust onto the grid. Time taken: 192.350 s.
Computed the projected luminosity maps. Total time taken: 326.016 s.
Created the RGB image.
Created the RGB image.
Done! Total time taken: 445.787 s.
[3/15] Rendering halo 14295
Calculating stellar luminosities from FSPS tables.
Luminosity generation for all bands done. Time taken: 0.946 s (read-in time: 0.932 s).
Loaded in and pre-processed the data. Total pre-processing time taken: 78.504 s.
Generated star smoothing lengths. Time taken: 0.081 s.
Rendered the stars onto the grid. Time taken: 136.109 s.
Rendered the dust onto the grid. Time taken: 121.273 s.
Computed the projected luminosity maps. Total time taken: 264.870 s.
Created the RGB image.
Created the RGB image.
Done! Total time taken: 343.604 s.
[4/15] Rendering halo 481813
Calculating stellar luminosities from FSPS tables.
Luminosity generation for all bands done. Time taken: 1.088 s (read-in time: 1.057 s).
Loaded in and pre-processed the data. Total pre-processing time taken: 71.850 s.
Generated star smoothing lengths. Time taken: 0.069 s.
Rendered the stars onto the grid. Time taken: 112.941 s.
Rendered the dust onto the grid. Time taken: 129.582 s.
Computed the projected luminosity maps. Total time taken: 249.121 s.
Created the RGB image.
Created the RGB image.
Done! Total time taken: 321.138 s.
[5/15] Rendering halo 9046
Calculating stellar luminosities from FSPS tables.
Luminosity generation for all bands done. Time taken: 0.781 s (read-in time: 0.752 s).
Loaded in and pre-processed the data. Total pre-processing time taken: 68.334 s.
Generated star smoothing lengths. Time taken: 0.653 s.
Rendered the stars onto the grid. Time taken: 113.437 s.
Rendered the dust onto the grid. Time taken: 143.796 s.
Computed the projected luminosity maps. Total time taken: 263.972 s.
Created the RGB image.
Created the RGB image.
Done! Total time taken: 333.051 s.
[6/15] Rendering halo 7598
Calculating stellar luminosities from FSPS tables.
Luminosity generation for all bands done. Time taken: 14.921 s (read-in time: 14.297 s).
Loaded in and pre-processed the data. Total pre-processing time taken: 198.967 s.
Generated star smoothing lengths. Time taken: 3.743 s.
Rendered the stars onto the grid. Time taken: 340.871 s.
Rendered the dust onto the grid. Time taken: 150.297 s.
Computed the projected luminosity maps. Total time taken: 503.096 s.
Created the RGB image.
Created the RGB image.
Done! Total time taken: 705.903 s.
[7/15] Rendering halo 10640
Calculating stellar luminosities from FSPS tables.
Luminosity generation for all bands done. Time taken: 13.442 s (read-in time: 12.232 s).
Loaded in and pre-processed the data. Total pre-processing time taken: 175.666 s.
Generated star smoothing lengths. Time taken: 6.610 s.
Rendered the stars onto the grid. Time taken: 416.639 s.
Rendered the dust onto the grid. Time taken: 175.853 s.
Computed the projected luminosity maps. Total time taken: 599.293 s.
Created the RGB image.
Created the RGB image.
Done! Total time taken: 781.705 s.
[8/15] Rendering halo 80788
Calculating stellar luminosities from FSPS tables.
Luminosity generation for all bands done. Time taken: 12.709 s (read-in time: 12.074 s).
Loaded in and pre-processed the data. Total pre-processing time taken: 189.783 s.
Generated star smoothing lengths. Time taken: 4.036 s.
Rendered the stars onto the grid. Time taken: 297.729 s.
Rendered the dust onto the grid. Time taken: 184.574 s.
Computed the projected luminosity maps. Total time taken: 489.719 s.
Created the RGB image.
Created the RGB image.
Done! Total time taken: 683.691 s.
[9/15] Rendering halo 10925
Calculating stellar luminosities from FSPS tables.
Luminosity generation for all bands done. Time taken: 26.451 s (read-in time: 26.073 s).
Loaded in and pre-processed the data. Total pre-processing time taken: 264.681 s.
Generated star smoothing lengths. Time taken: 2.145 s.
Rendered the stars onto the grid. Time taken: 285.497 s.
Rendered the dust onto the grid. Time taken: 220.264 s.
Computed the projected luminosity maps. Total time taken: 512.908 s.
Created the RGB image.
Created the RGB image.
Done! Total time taken: 779.839 s.
[10/15] Rendering halo 16180
Calculating stellar luminosities from FSPS tables.
Luminosity generation for all bands done. Time taken: 0.719 s (read-in time: 0.700 s).
Loaded in and pre-processed the data. Total pre-processing time taken: 72.181 s.
Generated star smoothing lengths. Time taken: 0.111 s.
Rendered the stars onto the grid. Time taken: 127.275 s.
Rendered the dust onto the grid. Time taken: 159.054 s.
Computed the projected luminosity maps. Total time taken: 294.106 s.
Created the RGB image.
Created the RGB image.
Done! Total time taken: 366.526 s.
[11/15] Rendering halo 22287
Calculating stellar luminosities from FSPS tables.
Luminosity generation for all bands done. Time taken: 6.864 s (read-in time: 6.617 s).
Loaded in and pre-processed the data. Total pre-processing time taken: 125.598 s.
Generated star smoothing lengths. Time taken: 1.602 s.
Rendered the stars onto the grid. Time taken: 109.620 s.
Rendered the dust onto the grid. Time taken: 156.842 s.
Computed the projected luminosity maps. Total time taken: 273.275 s.
Created the RGB image.
Created the RGB image.
Done! Total time taken: 400.562 s.
[12/15] Rendering halo 985428
Calculating stellar luminosities from FSPS tables.
Luminosity generation for all bands done. Time taken: 5.008 s (read-in time: 4.848 s).
Loaded in and pre-processed the data. Total pre-processing time taken: 108.957 s.
Generated star smoothing lengths. Time taken: 0.510 s.
Rendered the stars onto the grid. Time taken: 171.577 s.
Rendered the dust onto the grid. Time taken: 196.930 s.
Computed the projected luminosity maps. Total time taken: 376.677 s.
Created the RGB image.
Created the RGB image.
Done! Total time taken: 486.310 s.
[13/15] Rendering halo 6
Calculating stellar luminosities from FSPS tables.
Luminosity generation for all bands done. Time taken: 2.541 s (read-in time: 2.412 s).
Loaded in and pre-processed the data. Total pre-processing time taken: 89.189 s.
Generated star smoothing lengths. Time taken: 0.906 s.
Rendered the stars onto the grid. Time taken: 119.098 s.
Rendered the dust onto the grid. Time taken: 139.797 s.
Computed the projected luminosity maps. Total time taken: 267.335 s.
Created the RGB image.
Created the RGB image.
Done! Total time taken: 357.536 s.
[14/15] Rendering halo 189198
Calculating stellar luminosities from FSPS tables.
Luminosity generation for all bands done. Time taken: 7.006 s (read-in time: 6.430 s).
Loaded in and pre-processed the data. Total pre-processing time taken: 116.592 s.
Generated star smoothing lengths. Time taken: 3.543 s.
Rendered the stars onto the grid. Time taken: 354.514 s.
Rendered the dust onto the grid. Time taken: 168.360 s.
Computed the projected luminosity maps. Total time taken: 530.936 s.
Created the RGB image.
Created the RGB image.
Done! Total time taken: 651.155 s.
[15/15] Rendering halo 852408
Calculating stellar luminosities from FSPS tables.
Luminosity generation for all bands done. Time taken: 9.092 s (read-in time: 7.973 s).
Loaded in and pre-processed the data. Total pre-processing time taken: 116.115 s.
Generated star smoothing lengths. Time taken: 5.042 s.
Rendered the stars onto the grid. Time taken: 309.983 s.
Rendered the dust onto the grid. Time taken: 163.917 s.
Computed the projected luminosity maps. Total time taken: 482.973 s.
Created the RGB image.
Created the RGB image.
Done! Total time taken: 604.266 s.
Done.
